analysis=power_analysis corner=ss stage=post_syn
workload=quadrant_sweep_sv_ss
gls_report=/home/eneadim/github/flexsoc/workspace/runs/cordic/dev/dv/functional/sim/post_syn/ihp-sg13g2/cordic_post_syn_quadrant_sweep_sv_ss.json
activity_file=/home/eneadim/github/flexsoc/workspace/runs/cordic/dev/signoff/ihp-sg13g2/power/activity/captures/cordic_ihp-sg13g2_quadrant_sweep_sv_ss.vcd
activity_scope=cordic_tb/u_cordic
liberty=/home/eneadim/github/flexsoc/.flexsoc/pdks/ihp-sg13g2/ihp-sg13g2/libs.ref/sg13g2_stdcell/lib/sg13g2_stdcell_slow_1p35V_125C.lib
netlist=/home/eneadim/github/flexsoc/workspace/runs/cordic/dev/syn/ihp-sg13g2/cordic_synth.v
sdc=/home/eneadim/github/flexsoc/workspace/runs/cordic/dev/signoff/ihp-sg13g2/cordic.sdc
spef=

=== Units ===
 time 1ns
 capacitance 1pF
 resistance 1kohm
 voltage 1v
 current 1uA
 power 1pW
 distance 1um

=== Constraint validation ===

=== Activity annotation ===
annotated_percent=100.00%
Unannotated pins: none

=== Power summary ===
Group                  Internal  Switching    Leakage      Total
                          Power      Power      Power      Power (Watts)
----------------------------------------------------------------
Sequential             2.06e-03   3.29e-06   1.09e-06   2.06e-03  96.9%
Combinational          3.14e-05   3.38e-05   1.57e-06   6.68e-05   3.1%
Clock                  0.00e+00   0.00e+00   0.00e+00   0.00e+00   0.0%
Macro                  0.00e+00   0.00e+00   0.00e+00   0.00e+00   0.0%
Pad                    0.00e+00   0.00e+00   0.00e+00   0.00e+00   0.0%
----------------------------------------------------------------
Total                  2.09e-03   3.71e-05   2.66e-06   2.13e-03 100.0%
                          98.1%       1.7%       0.1%

=== Highest-power instances ===
   Internal  Switching    Leakage      Total
      Power      Power      Power      Power (Watts)
--------------------------------------------
   8.55e-06   1.41e-09   3.99e-09   8.55e-06 _4716_
   8.54e-06   2.24e-10   3.99e-09   8.55e-06 _4770_
   8.44e-06   8.47e-10   4.00e-09   8.45e-06 _4612_
   7.01e-06   1.42e-06   3.60e-09   8.44e-06 _4789_
   8.14e-06   2.06e-09   4.03e-09   8.15e-06 _4896_
   7.74e-06   4.11e-09   4.02e-09   7.75e-06 _4738_
   7.69e-06   3.22e-08   4.01e-09   7.73e-06 _4829_
   7.69e-06   3.06e-08   4.01e-09   7.72e-06 _4811_
   7.70e-06   4.11e-09   4.01e-09   7.71e-06 _4748_
   7.69e-06   4.57e-09   4.01e-09   7.70e-06 _4743_
   7.68e-06   4.11e-09   4.01e-09   7.69e-06 _4741_
   7.68e-06   3.65e-09   4.01e-09   7.69e-06 _4757_
   7.68e-06   3.65e-09   4.01e-09   7.69e-06 _4747_
   7.67e-06   4.57e-09   4.01e-09   7.68e-06 _4740_
   7.67e-06   4.11e-09   4.01e-09   7.67e-06 _4752_
   7.67e-06   4.11e-09   4.01e-09   7.67e-06 _4753_
   7.67e-06   4.11e-09   4.01e-09   7.67e-06 _4762_
   7.67e-06   4.11e-09   4.01e-09   7.67e-06 _4759_
   7.67e-06   4.11e-09   4.01e-09   7.67e-06 _4754_
   7.67e-06   4.11e-09   4.01e-09   7.67e-06 _4761_

=== FlexSoC normalized power fields ===
dynamic_power_definition=internal_power+switching_power
power_unit=OpenSTA report unit; see Units section
internal_power=0.00209
switching_power=3.71e-05
dynamic_power=0.0021271
leakage_power=2.66e-06
total_power=0.00213
