OpenSTA 2.7.0 65dc4e7a14 Copyright (c) 2025, Parallax Software, Inc.
License GPLv3: GNU GPL version 3 <http://gnu.org/licenses/gpl.html>

This is free software, and you are free to change and redistribute it
under certain conditions; type `show_copying' for details. 
This program comes with ABSOLUTELY NO WARRANTY; for details type `show_warranty'.

=== flexsoc OpenSTA init ===
read_liberty {/home/eneadim/github/flexsoc/pdks/sky130/lib/sky130_fd_sc_hd__ss_100C_1v40.lib}
read_verilog {/home/eneadim/github/flexsoc/workspace/runs/ip1/dev/syn/ip1_synth.v}
link_design ip1
read_sdc {/home/eneadim/github/flexsoc/workspace/runs/ip1/dev/openroad/ip1.sdc}
=== Power ===
set_power_activity -global -activity 10.0
report_power
Group                  Internal  Switching    Leakage      Total
                          Power      Power      Power      Power (Watts)
----------------------------------------------------------------
Sequential             2.42e-04   7.49e-05   6.77e-07   3.18e-04  37.4%
Combinational          2.75e-04   2.57e-04   2.42e-07   5.33e-04  62.6%
Clock                  0.00e+00   0.00e+00   0.00e+00   0.00e+00   0.0%
Macro                  0.00e+00   0.00e+00   0.00e+00   0.00e+00   0.0%
Pad                    0.00e+00   0.00e+00   0.00e+00   0.00e+00   0.0%
----------------------------------------------------------------
Total                  5.18e-04   3.32e-04   9.19e-07   8.51e-04 100.0%
                          60.8%      39.0%       0.1%
