%Warning-EOFNEWLINE: /home/eneadim/github/flexsoc/workspace/runs/ip1/dev/rtl/ip1_core.sv:61:10: Missing newline at end of file (POSIX 3.206).
                                                                                              : ... Suggest add newline.
   61 | endmodule
      |          ^
                     ... For warning description see https://verilator.org/warn/EOFNEWLINE?v=5.043
                     ... Use "/* verilator lint_off EOFNEWLINE */" and lint_on around source to disable this message.
%Warning-EOFNEWLINE: /home/eneadim/github/flexsoc/workspace/runs/ip1/dev/rtl/ip1.sv:44:10: Missing newline at end of file (POSIX 3.206).
                                                                                         : ... Suggest add newline.
   44 | endmodule
      |          ^
%Warning-MODDUP: /home/eneadim/github/flexsoc/hw/ips/pkgs/prim_util_pkg.sv:9:9: Duplicate declaration of package: 'prim_util_pkg'
    9 | package prim_util_pkg;
      |         ^~~~~~~~~~~~~
                 /home/eneadim/github/flexsoc/workspace/runs/ip1/dev/tb/include_ip1_tb.sv:4:1: ... note: In file included from 'include_ip1_tb.sv'
                 /home/eneadim/github/flexsoc/workspace/runs/ip1/dev/tb/ip1_tb.sv:5:1: ... note: In file included from 'ip1_tb.sv'
                 /home/eneadim/github/flexsoc/hw/ips/pkgs/prim_util_pkg.sv:9:9: ... Location of original declaration
    9 | package prim_util_pkg;
      |         ^~~~~~~~~~~~~
                 ... For warning description see https://verilator.org/warn/MODDUP?v=5.043
                 ... Use "/* verilator lint_off MODDUP */" and lint_on around source to disable this message.
%Warning-MODDUP: /home/eneadim/github/flexsoc/hw/ips/pkgs/prim_mubi_pkg.sv:15:9: Duplicate declaration of package: 'prim_mubi_pkg'
   15 | package prim_mubi_pkg;
      |         ^~~~~~~~~~~~~
                 /home/eneadim/github/flexsoc/workspace/runs/ip1/dev/tb/include_ip1_tb.sv:5:1: ... note: In file included from 'include_ip1_tb.sv'
                 /home/eneadim/github/flexsoc/workspace/runs/ip1/dev/tb/ip1_tb.sv:5:1: ... note: In file included from 'ip1_tb.sv'
                 /home/eneadim/github/flexsoc/hw/ips/pkgs/prim_mubi_pkg.sv:15:9: ... Location of original declaration
   15 | package prim_mubi_pkg;
      |         ^~~~~~~~~~~~~
%Warning-MODDUP: /home/eneadim/github/flexsoc/hw/ips/pkgs/prim_secded_pkg.sv:8:9: Duplicate declaration of package: 'prim_secded_pkg'
    8 | package prim_secded_pkg;
      |         ^~~~~~~~~~~~~~~
                 /home/eneadim/github/flexsoc/workspace/runs/ip1/dev/tb/include_ip1_tb.sv:6:1: ... note: In file included from 'include_ip1_tb.sv'
                 /home/eneadim/github/flexsoc/workspace/runs/ip1/dev/tb/ip1_tb.sv:5:1: ... note: In file included from 'ip1_tb.sv'
                 /home/eneadim/github/flexsoc/hw/ips/pkgs/prim_secded_pkg.sv:8:9: ... Location of original declaration
    8 | package prim_secded_pkg;
      |         ^~~~~~~~~~~~~~~
%Warning-MODDUP: /home/eneadim/github/flexsoc/workspace/runs/ip1/dev/rtl/ip1_reg_pkg.sv:7:9: Duplicate declaration of package: 'ip1_reg_pkg'
    7 | package ip1_reg_pkg;
      |         ^~~~~~~~~~~
                 /home/eneadim/github/flexsoc/workspace/runs/ip1/dev/tb/include_ip1_tb.sv:7:1: ... note: In file included from 'include_ip1_tb.sv'
                 /home/eneadim/github/flexsoc/workspace/runs/ip1/dev/tb/ip1_tb.sv:5:1: ... note: In file included from 'ip1_tb.sv'
                 /home/eneadim/github/flexsoc/workspace/runs/ip1/dev/rtl/ip1_reg_pkg.sv:7:9: ... Location of original declaration
    7 | package ip1_reg_pkg;
      |         ^~~~~~~~~~~
%Warning-MODDUP: /home/eneadim/github/flexsoc/hw/ips/pkgs/tlul_pkg.sv:6:9: Duplicate declaration of package: 'tlul_pkg'
    6 | package tlul_pkg;
      |         ^~~~~~~~
                 /home/eneadim/github/flexsoc/workspace/runs/ip1/dev/tb/include_ip1_tb.sv:8:1: ... note: In file included from 'include_ip1_tb.sv'
                 /home/eneadim/github/flexsoc/workspace/runs/ip1/dev/tb/ip1_tb.sv:5:1: ... note: In file included from 'ip1_tb.sv'
                 /home/eneadim/github/flexsoc/hw/ips/pkgs/tlul_pkg.sv:6:9: ... Location of original declaration
    6 | package tlul_pkg;
      |         ^~~~~~~~
%Warning-MODDUP: /home/eneadim/github/flexsoc/workspace/runs/ip1/dev/rtl/ip1.sv:4:8: Duplicate declaration of module: 'ip1'
    4 | module ip1
      |        ^~~
                 /home/eneadim/github/flexsoc/workspace/runs/ip1/dev/tb/include_ip1_tb.sv:11:1: ... note: In file included from 'include_ip1_tb.sv'
                 /home/eneadim/github/flexsoc/workspace/runs/ip1/dev/tb/ip1_tb.sv:5:1: ... note: In file included from 'ip1_tb.sv'
                 /home/eneadim/github/flexsoc/workspace/runs/ip1/dev/rtl/ip1.sv:4:8: ... Location of original declaration
    4 | module ip1
      |        ^~~
%Warning-PINCONNECTEMPTY: /home/eneadim/github/flexsoc/hw/ips/tlul/tlul_cmd_intg_chk.sv:26:6: Instance pin connected by name with empty reference: 'data_o'
   26 |     .data_o(),
      |      ^~~~~~
                          ... For warning description see https://verilator.org/warn/PINCONNECTEMPTY?v=5.043
                          ... Use "/* verilator lint_off PINCONNECTEMPTY */" and lint_on around source to disable this message.
%Warning-PINCONNECTEMPTY: /home/eneadim/github/flexsoc/hw/ips/tlul/tlul_cmd_intg_chk.sv:27:6: Instance pin connected by name with empty reference: 'syndrome_o'
   27 |     .syndrome_o(),
      |      ^~~~~~~~~~
%Warning-PINCONNECTEMPTY: /home/eneadim/github/flexsoc/hw/ips/tlul/tlul_data_integ_dec.sv:20:6: Instance pin connected by name with empty reference: 'data_o'
   20 |     .data_o(),
      |      ^~~~~~
%Warning-PINCONNECTEMPTY: /home/eneadim/github/flexsoc/hw/ips/tlul/tlul_data_integ_dec.sv:21:6: Instance pin connected by name with empty reference: 'syndrome_o'
   21 |     .syndrome_o(),
      |      ^~~~~~~~~~
%Warning-PINCONNECTEMPTY: /home/eneadim/github/flexsoc/workspace/runs/ip1/dev/rtl/ip1_reg_top.sv:73:6: Instance pin connected by name with empty reference: 'intg_error_o'
   73 |     .intg_error_o(),
      |      ^~~~~~~~~~~~
%Warning-PINCONNECTEMPTY: /home/eneadim/github/flexsoc/workspace/runs/ip1/dev/rtl/ip1_reg_top.sv:130:6: Instance pin connected by name with empty reference: 'qe'
  130 |     .qe     (),
      |      ^~
%Warning-PINCONNECTEMPTY: /home/eneadim/github/flexsoc/workspace/runs/ip1/dev/rtl/ip1_reg_top.sv:132:6: Instance pin connected by name with empty reference: 'ds'
  132 |     .ds     (),
      |      ^~
%Warning-PINCONNECTEMPTY: /home/eneadim/github/flexsoc/workspace/runs/ip1/dev/rtl/ip1_reg_top.sv:157:6: Instance pin connected by name with empty reference: 'qe'
  157 |     .qe     (),
      |      ^~
%Warning-PINCONNECTEMPTY: /home/eneadim/github/flexsoc/workspace/runs/ip1/dev/rtl/ip1_reg_top.sv:159:6: Instance pin connected by name with empty reference: 'ds'
  159 |     .ds     (),
      |      ^~
%Warning-PINCONNECTEMPTY: /home/eneadim/github/flexsoc/workspace/runs/ip1/dev/rtl/ip1_reg_top.sv:184:6: Instance pin connected by name with empty reference: 'qe'
  184 |     .qe     (),
      |      ^~
%Warning-PINCONNECTEMPTY: /home/eneadim/github/flexsoc/workspace/runs/ip1/dev/rtl/ip1_reg_top.sv:186:6: Instance pin connected by name with empty reference: 'ds'
  186 |     .ds     (),
      |      ^~
%Warning-PINCONNECTEMPTY: /home/eneadim/github/flexsoc/workspace/runs/ip1/dev/rtl/ip1_reg_top.sv:203:6: Instance pin connected by name with empty reference: 'qe'
  203 |     .qe     (),
      |      ^~
%Warning-PINCONNECTEMPTY: /home/eneadim/github/flexsoc/workspace/runs/ip1/dev/rtl/ip1_reg_top.sv:205:6: Instance pin connected by name with empty reference: 'ds'
  205 |     .ds     (),
      |      ^~
%Warning-PINCONNECTEMPTY: /home/eneadim/github/flexsoc/workspace/runs/ip1/dev/rtl/ip1_reg_top.sv:218:6: Instance pin connected by name with empty reference: 'qe'
  218 |     .qe     (),
      |      ^~
%Warning-PINCONNECTEMPTY: /home/eneadim/github/flexsoc/workspace/runs/ip1/dev/rtl/ip1_reg_top.sv:220:6: Instance pin connected by name with empty reference: 'ds'
  220 |     .ds     (),
      |      ^~
%Warning-PINCONNECTEMPTY: /home/eneadim/github/flexsoc/workspace/runs/ip1/dev/rtl/ip1_reg_top.sv:234:6: Instance pin connected by name with empty reference: 'qe'
  234 |     .qe     (),
      |      ^~
%Warning-PINCONNECTEMPTY: /home/eneadim/github/flexsoc/workspace/runs/ip1/dev/rtl/ip1_reg_top.sv:236:6: Instance pin connected by name with empty reference: 'ds'
  236 |     .ds     (),
      |      ^~
%Warning-PINCONNECTEMPTY: /home/eneadim/github/flexsoc/workspace/runs/ip1/dev/rtl/ip1_reg_top.sv:273:6: Instance pin connected by name with empty reference: 'ds'
  273 |     .ds     (),
      |      ^~
%Warning-PINCONNECTEMPTY: /home/eneadim/github/flexsoc/workspace/runs/ip1/dev/rtl/ip1_reg_top.sv:276:6: Instance pin connected by name with empty reference: 'qs'
  276 |     .qs     ()
      |      ^~
%Warning-TIMESCALEMOD: /home/eneadim/github/flexsoc/hw/ips/pkgs/top_pkg.sv:7:9: Timescale missing on this module as other modules have it (IEEE 1800-2023 3.14.2.3)
    7 | package top_pkg;
      |         ^~~~~~~
                       /home/eneadim/github/flexsoc/workspace/runs/ip1/dev/tb/ip1_tb.sv:6:8: ... Location of module with timescale
    6 | module ip1_tb;
      |        ^~~~~~
                       ... For warning description see https://verilator.org/warn/TIMESCALEMOD?v=5.043
                       ... Use "/* verilator lint_off TIMESCALEMOD */" and lint_on around source to disable this message.
%Warning-TIMESCALEMOD: /home/eneadim/github/flexsoc/hw/ips/prim/prim_reg_pkg.sv:1:9: Timescale missing on this module as other modules have it (IEEE 1800-2023 3.14.2.3)
    1 | package prim_reg_pkg;
      |         ^~~~~~~~~~~~
                       /home/eneadim/github/flexsoc/workspace/runs/ip1/dev/tb/ip1_tb.sv:6:8: ... Location of module with timescale
    6 | module ip1_tb;
      |        ^~~~~~
%Warning-TIMESCALEMOD: /home/eneadim/github/flexsoc/hw/ips/pkgs/prim_mubi_pkg.sv:15:9: Timescale missing on this module as other modules have it (IEEE 1800-2023 3.14.2.3)
   15 | package prim_mubi_pkg;
      |         ^~~~~~~~~~~~~
                       /home/eneadim/github/flexsoc/workspace/runs/ip1/dev/tb/ip1_tb.sv:6:8: ... Location of module with timescale
    6 | module ip1_tb;
      |        ^~~~~~
%Warning-TIMESCALEMOD: /home/eneadim/github/flexsoc/hw/ips/pkgs/prim_secded_pkg.sv:8:9: Timescale missing on this module as other modules have it (IEEE 1800-2023 3.14.2.3)
    8 | package prim_secded_pkg;
      |         ^~~~~~~~~~~~~~~
                       /home/eneadim/github/flexsoc/workspace/runs/ip1/dev/tb/ip1_tb.sv:6:8: ... Location of module with timescale
    6 | module ip1_tb;
      |        ^~~~~~
%Warning-TIMESCALEMOD: /home/eneadim/github/flexsoc/hw/ips/pkgs/prim_subreg_pkg.sv:5:9: Timescale missing on this module as other modules have it (IEEE 1800-2023 3.14.2.3)
    5 | package prim_subreg_pkg;
      |         ^~~~~~~~~~~~~~~
                       /home/eneadim/github/flexsoc/workspace/runs/ip1/dev/tb/ip1_tb.sv:6:8: ... Location of module with timescale
    6 | module ip1_tb;
      |        ^~~~~~
%Warning-TIMESCALEMOD: /home/eneadim/github/flexsoc/hw/ips/pkgs/prim_util_pkg.sv:9:9: Timescale missing on this module as other modules have it (IEEE 1800-2023 3.14.2.3)
    9 | package prim_util_pkg;
      |         ^~~~~~~~~~~~~
                       /home/eneadim/github/flexsoc/workspace/runs/ip1/dev/tb/ip1_tb.sv:6:8: ... Location of module with timescale
    6 | module ip1_tb;
      |        ^~~~~~
%Warning-TIMESCALEMOD: /home/eneadim/github/flexsoc/hw/ips/pkgs/tlul_pkg.sv:6:9: Timescale missing on this module as other modules have it (IEEE 1800-2023 3.14.2.3)
    6 | package tlul_pkg;
      |         ^~~~~~~~
                       /home/eneadim/github/flexsoc/workspace/runs/ip1/dev/tb/ip1_tb.sv:6:8: ... Location of module with timescale
    6 | module ip1_tb;
      |        ^~~~~~
%Warning-TIMESCALEMOD: /home/eneadim/github/flexsoc/hw/ips/pkgs/prim_count_pkg.sv:5:9: Timescale missing on this module as other modules have it (IEEE 1800-2023 3.14.2.3)
    5 | package prim_count_pkg;
      |         ^~~~~~~~~~~~~~
                       /home/eneadim/github/flexsoc/workspace/runs/ip1/dev/tb/ip1_tb.sv:6:8: ... Location of module with timescale
    6 | module ip1_tb;
      |        ^~~~~~
%Warning-TIMESCALEMOD: /home/eneadim/github/flexsoc/hw/ips/pkgs/prim_alert_pkg.sv:5:9: Timescale missing on this module as other modules have it (IEEE 1800-2023 3.14.2.3)
    5 | package prim_alert_pkg;
      |         ^~~~~~~~~~~~~~
                       /home/eneadim/github/flexsoc/workspace/runs/ip1/dev/tb/ip1_tb.sv:6:8: ... Location of module with timescale
    6 | module ip1_tb;
      |        ^~~~~~
%Warning-TIMESCALEMOD: /home/eneadim/github/flexsoc/hw/ips/prim/prim_ff_2sync.sv:1:8: Timescale missing on this module as other modules have it (IEEE 1800-2023 3.14.2.3)
    1 | module prim_ff_2sync #(
      |        ^~~~~~~~~~~~~
                       /home/eneadim/github/flexsoc/workspace/runs/ip1/dev/tb/ip1_tb.sv:6:8: ... Location of module with timescale
    6 | module ip1_tb;
      |        ^~~~~~
%Warning-TIMESCALEMOD: /home/eneadim/github/flexsoc/hw/ips/prim_opentitan/prim_flop.sv:7:8: Timescale missing on this module as other modules have it (IEEE 1800-2023 3.14.2.3)
    7 | module prim_flop #(
      |        ^~~~~~~~~
                       /home/eneadim/github/flexsoc/workspace/runs/ip1/dev/tb/ip1_tb.sv:6:8: ... Location of module with timescale
    6 | module ip1_tb;
      |        ^~~~~~
%Warning-TIMESCALEMOD: /home/eneadim/github/flexsoc/hw/ips/prim_opentitan/prim_secded_inv_39_32_dec.sv:7:8: Timescale missing on this module as other modules have it (IEEE 1800-2023 3.14.2.3)
    7 | module prim_secded_inv_39_32_dec (
      |        ^~~~~~~~~~~~~~~~~~~~~~~~~
                       /home/eneadim/github/flexsoc/workspace/runs/ip1/dev/tb/ip1_tb.sv:6:8: ... Location of module with timescale
    6 | module ip1_tb;
      |        ^~~~~~
%Warning-TIMESCALEMOD: /home/eneadim/github/flexsoc/hw/ips/prim_opentitan/prim_secded_inv_39_32_enc.sv:7:8: Timescale missing on this module as other modules have it (IEEE 1800-2023 3.14.2.3)
    7 | module prim_secded_inv_39_32_enc (
      |        ^~~~~~~~~~~~~~~~~~~~~~~~~
                       /home/eneadim/github/flexsoc/workspace/runs/ip1/dev/tb/ip1_tb.sv:6:8: ... Location of module with timescale
    6 | module ip1_tb;
      |        ^~~~~~
%Warning-TIMESCALEMOD: /home/eneadim/github/flexsoc/hw/ips/prim_opentitan/prim_secded_inv_64_57_dec.sv:7:8: Timescale missing on this module as other modules have it (IEEE 1800-2023 3.14.2.3)
    7 | module prim_secded_inv_64_57_dec (
      |        ^~~~~~~~~~~~~~~~~~~~~~~~~
                       /home/eneadim/github/flexsoc/workspace/runs/ip1/dev/tb/ip1_tb.sv:6:8: ... Location of module with timescale
    6 | module ip1_tb;
      |        ^~~~~~
%Warning-TIMESCALEMOD: /home/eneadim/github/flexsoc/hw/ips/prim_opentitan/prim_secded_inv_64_57_enc.sv:7:8: Timescale missing on this module as other modules have it (IEEE 1800-2023 3.14.2.3)
    7 | module prim_secded_inv_64_57_enc (
      |        ^~~~~~~~~~~~~~~~~~~~~~~~~
                       /home/eneadim/github/flexsoc/workspace/runs/ip1/dev/tb/ip1_tb.sv:6:8: ... Location of module with timescale
    6 | module ip1_tb;
      |        ^~~~~~
%Warning-TIMESCALEMOD: /home/eneadim/github/flexsoc/hw/ips/prim_opentitan/prim_subreg.sv:7:8: Timescale missing on this module as other modules have it (IEEE 1800-2023 3.14.2.3)
    7 | module prim_subreg
      |        ^~~~~~~~~~~
                       /home/eneadim/github/flexsoc/workspace/runs/ip1/dev/tb/ip1_tb.sv:6:8: ... Location of module with timescale
    6 | module ip1_tb;
      |        ^~~~~~
%Warning-TIMESCALEMOD: /home/eneadim/github/flexsoc/hw/ips/prim_opentitan/prim_subreg_arb.sv:7:8: Timescale missing on this module as other modules have it (IEEE 1800-2023 3.14.2.3)
    7 | module prim_subreg_arb
      |        ^~~~~~~~~~~~~~~
                       /home/eneadim/github/flexsoc/workspace/runs/ip1/dev/tb/ip1_tb.sv:6:8: ... Location of module with timescale
    6 | module ip1_tb;
      |        ^~~~~~
%Warning-TIMESCALEMOD: /home/eneadim/github/flexsoc/hw/ips/prim_opentitan/prim_subreg_ext.sv:7:8: Timescale missing on this module as other modules have it (IEEE 1800-2023 3.14.2.3)
    7 | module prim_subreg_ext #(
      |        ^~~~~~~~~~~~~~~
                       /home/eneadim/github/flexsoc/workspace/runs/ip1/dev/tb/ip1_tb.sv:6:8: ... Location of module with timescale
    6 | module ip1_tb;
      |        ^~~~~~
%Warning-TIMESCALEMOD: /home/eneadim/github/flexsoc/hw/ips/tlul/tlul_adapter_reg.sv:19:8: Timescale missing on this module as other modules have it (IEEE 1800-2023 3.14.2.3)
   19 | module tlul_adapter_reg
      |        ^~~~~~~~~~~~~~~~
                       /home/eneadim/github/flexsoc/workspace/runs/ip1/dev/tb/ip1_tb.sv:6:8: ... Location of module with timescale
    6 | module ip1_tb;
      |        ^~~~~~
%Warning-TIMESCALEMOD: /home/eneadim/github/flexsoc/hw/ips/tlul/tlul_cmd_intg_chk.sv:11:8: Timescale missing on this module as other modules have it (IEEE 1800-2023 3.14.2.3)
   11 | module tlul_cmd_intg_chk import tlul_pkg::*; (
      |        ^~~~~~~~~~~~~~~~~
                       /home/eneadim/github/flexsoc/workspace/runs/ip1/dev/tb/ip1_tb.sv:6:8: ... Location of module with timescale
    6 | module ip1_tb;
      |        ^~~~~~
%Warning-TIMESCALEMOD: /home/eneadim/github/flexsoc/hw/ips/tlul/tlul_data_integ_dec.sv:11:8: Timescale missing on this module as other modules have it (IEEE 1800-2023 3.14.2.3)
   11 | module tlul_data_integ_dec import tlul_pkg::*; (
      |        ^~~~~~~~~~~~~~~~~~~
                       /home/eneadim/github/flexsoc/workspace/runs/ip1/dev/tb/ip1_tb.sv:6:8: ... Location of module with timescale
    6 | module ip1_tb;
      |        ^~~~~~
%Warning-TIMESCALEMOD: /home/eneadim/github/flexsoc/hw/ips/tlul/tlul_data_integ_enc.sv:11:8: Timescale missing on this module as other modules have it (IEEE 1800-2023 3.14.2.3)
   11 | module tlul_data_integ_enc import tlul_pkg::*; (
      |        ^~~~~~~~~~~~~~~~~~~
                       /home/eneadim/github/flexsoc/workspace/runs/ip1/dev/tb/ip1_tb.sv:6:8: ... Location of module with timescale
    6 | module ip1_tb;
      |        ^~~~~~
%Warning-TIMESCALEMOD: /home/eneadim/github/flexsoc/hw/ips/tlul/tlul_err.sv:8:8: Timescale missing on this module as other modules have it (IEEE 1800-2023 3.14.2.3)
    8 | module tlul_err import tlul_pkg::*; (
      |        ^~~~~~~~
                       /home/eneadim/github/flexsoc/workspace/runs/ip1/dev/tb/ip1_tb.sv:6:8: ... Location of module with timescale
    6 | module ip1_tb;
      |        ^~~~~~
%Warning-TIMESCALEMOD: /home/eneadim/github/flexsoc/hw/ips/tlul/tlul_rsp_intg_gen.sv:11:8: Timescale missing on this module as other modules have it (IEEE 1800-2023 3.14.2.3)
   11 | module tlul_rsp_intg_gen import tlul_pkg::*; #(
      |        ^~~~~~~~~~~~~~~~~
                       /home/eneadim/github/flexsoc/workspace/runs/ip1/dev/tb/ip1_tb.sv:6:8: ... Location of module with timescale
    6 | module ip1_tb;
      |        ^~~~~~
%Warning-TIMESCALEMOD: /home/eneadim/github/flexsoc/workspace/runs/ip1/dev/rtl/ip1_reg_pkg.sv:7:9: Timescale missing on this module as other modules have it (IEEE 1800-2023 3.14.2.3)
    7 | package ip1_reg_pkg;
      |         ^~~~~~~~~~~
                       /home/eneadim/github/flexsoc/workspace/runs/ip1/dev/tb/ip1_tb.sv:6:8: ... Location of module with timescale
    6 | module ip1_tb;
      |        ^~~~~~
%Warning-TIMESCALEMOD: /home/eneadim/github/flexsoc/workspace/runs/ip1/dev/rtl/ip1_reg_top.sv:10:8: Timescale missing on this module as other modules have it (IEEE 1800-2023 3.14.2.3)
   10 | module ip1_reg_top
      |        ^~~~~~~~~~~
                       /home/eneadim/github/flexsoc/workspace/runs/ip1/dev/tb/ip1_tb.sv:6:8: ... Location of module with timescale
    6 | module ip1_tb;
      |        ^~~~~~
%Warning-TIMESCALEMOD: /home/eneadim/github/flexsoc/workspace/runs/ip1/dev/rtl/ip1_core.sv:4:8: Timescale missing on this module as other modules have it (IEEE 1800-2023 3.14.2.3)
    4 | module ip1_core
      |        ^~~~~~~~
                       /home/eneadim/github/flexsoc/workspace/runs/ip1/dev/tb/ip1_tb.sv:6:8: ... Location of module with timescale
    6 | module ip1_tb;
      |        ^~~~~~
%Warning-TIMESCALEMOD: /home/eneadim/github/flexsoc/workspace/runs/ip1/dev/rtl/ip1.sv:4:8: Timescale missing on this module as other modules have it (IEEE 1800-2023 3.14.2.3)
    4 | module ip1
      |        ^~~
                       /home/eneadim/github/flexsoc/workspace/runs/ip1/dev/tb/ip1_tb.sv:6:8: ... Location of module with timescale
    6 | module ip1_tb;
      |        ^~~~~~
%Warning-VARHIDDEN: /home/eneadim/github/flexsoc/workspace/runs/ip1/dev/tb/tlul_utils.sv:5:32: Declaration of signal hides declaration in upper scope: 'drv_if'
    5 |   function new(virtual tlul_if drv_if);
      |                                ^~~~~~
                    /home/eneadim/github/flexsoc/workspace/runs/ip1/dev/tb/include_ip1_tb.sv:9:1: ... note: In file included from 'include_ip1_tb.sv'
                    /home/eneadim/github/flexsoc/workspace/runs/ip1/dev/tb/ip1_tb.sv:5:1: ... note: In file included from 'ip1_tb.sv'
                    /home/eneadim/github/flexsoc/workspace/runs/ip1/dev/tb/tlul_utils.sv:3:19: ... Location of original declaration
    3 |   virtual tlul_if drv_if;
      |                   ^~~~~~
                    ... For warning description see https://verilator.org/warn/VARHIDDEN?v=5.043
                    ... Use "/* verilator lint_off VARHIDDEN */" and lint_on around source to disable this message.
%Warning-VARHIDDEN: /home/eneadim/github/flexsoc/workspace/runs/ip1/dev/rtl/ip1_reg_top.sv:26:18: Declaration of signal hides declaration in upper scope: 'AW'
   26 |   localparam int AW = 4;
      |                  ^~
                    /home/eneadim/github/flexsoc/workspace/runs/ip1/dev/rtl/ip1_reg_pkg.sv:11:17: ... Location of original declaration
   11 |   parameter int AW = BlockAw;
      |                 ^~
%Warning-VARHIDDEN: /home/eneadim/github/flexsoc/workspace/runs/ip1/dev/rtl/ip1_reg_top.sv:27:18: Declaration of signal hides declaration in upper scope: 'DW'
   27 |   localparam int DW = 32;
      |                  ^~
                    /home/eneadim/github/flexsoc/workspace/runs/ip1/dev/rtl/ip1_reg_pkg.sv:12:17: ... Location of original declaration
   12 |   parameter int DW = 32;
      |                 ^~
%Warning-VARHIDDEN: /home/eneadim/github/flexsoc/workspace/runs/ip1/dev/rtl/ip1_reg_top.sv:28:18: Declaration of signal hides declaration in upper scope: 'DBW'
   28 |   localparam int DBW = DW/8;                     
      |                  ^~~
                    /home/eneadim/github/flexsoc/workspace/runs/ip1/dev/rtl/ip1_reg_pkg.sv:13:17: ... Location of original declaration
   13 |   parameter int DBW = DW/8;                     
      |                 ^~~
%Warning-WIDTHEXPAND: /home/eneadim/github/flexsoc/workspace/runs/ip1/dev/tb/ip1_tb.sv:69:19: Operator METHODCALL 'tlul_write' expects 8 bits on the Function Argument, but Function Argument's CONST '4'h0' generates 4 bits.
                                                                                            : ... note: In instance 'ip1_tb'
   69 |     tl_utils_inst.tlul_write(32'h0, 32'h1, 4'h0);
      |                   ^~~~~~~~~~
                      ... For warning description see https://verilator.org/warn/WIDTHEXPAND?v=5.043
                      ... Use "/* verilator lint_off WIDTHEXPAND */" and lint_on around source to disable this message.
%Warning-WIDTHEXPAND: /home/eneadim/github/flexsoc/workspace/runs/ip1/dev/tb/ip1_tb.sv:71:19: Operator METHODCALL 'tlul_read' expects 8 bits on the Function Argument, but Function Argument's CONST '4'h0' generates 4 bits.
                                                                                            : ... note: In instance 'ip1_tb'
   71 |     tl_utils_inst.tlul_read (32'h0, rdata, 4'h0);
      |                   ^~~~~~~~~
%Warning-UNUSEDSIGNAL: /home/eneadim/github/flexsoc/workspace/runs/ip1/dev/tb/ip1_tb.sv:13:22: Signal is not used: 'tl_i'
                                                                                             : ... note: In instance 'ip1_tb'
   13 |   tlul_pkg::tl_h2d_t tl_i;
      |                      ^~~~
                       ... For warning description see https://verilator.org/warn/UNUSEDSIGNAL?v=5.043
                       ... Use "/* verilator lint_off UNUSEDSIGNAL */" and lint_on around source to disable this message.
%Warning-UNUSEDSIGNAL: /home/eneadim/github/flexsoc/workspace/runs/ip1/dev/tb/ip1_tb.sv:17:22: Signal is not driven, nor used: 'tl_o'
                                                                                             : ... note: In instance 'ip1_tb'
   17 |   tlul_pkg::tl_d2h_t tl_o;
      |                      ^~~~
%Warning-UNUSEDSIGNAL: /home/eneadim/github/flexsoc/workspace/runs/ip1/dev/tb/ip1_tb.sv:18:9: Signal is not used: 'port_o'
                                                                                            : ... note: In instance 'ip1_tb'
   18 |   logic port_o;
      |         ^~~~~~
%Warning-UNUSEDPARAM: /home/eneadim/github/flexsoc/hw/ips/pkgs/top_pkg.sv:13:16: Parameter is not used: 'TL_AUW'
                                                                               : ... note: In instance 'ip1_tb'
   13 | localparam int TL_AUW=21;    
      |                ^~~~~~
                      ... For warning description see https://verilator.org/warn/UNUSEDPARAM?v=5.043
                      ... Use "/* verilator lint_off UNUSEDPARAM */" and lint_on around source to disable this message.
%Warning-UNUSEDPARAM: /home/eneadim/github/flexsoc/hw/ips/pkgs/top_pkg.sv:14:16: Parameter is not used: 'TL_DUW'
                                                                               : ... note: In instance 'ip1_tb'
   14 | localparam int TL_DUW=14;    
      |                ^~~~~~
%Warning-UNUSEDPARAM: /home/eneadim/github/flexsoc/hw/ips/pkgs/top_pkg.sv:21:16: Parameter is not used: 'SecVolatileRawUnlockEn'
                                                                               : ... note: In instance 'ip1_tb'
   21 | localparam int SecVolatileRawUnlockEn = 0;
      |                ^~~~~~~~~~~~~~~~~~~~~~
%Warning-UNUSEDPARAM: /home/eneadim/github/flexsoc/hw/ips/pkgs/prim_secded_pkg.sv:81:25: Parameter is not used: 'Secded2216ZeroEcc'
                                                                                       : ... note: In instance 'ip1_tb'
   81 |   parameter logic [5:0] Secded2216ZeroEcc = 6'h0;
      |                         ^~~~~~~~~~~~~~~~~
%Warning-UNUSEDPARAM: /home/eneadim/github/flexsoc/hw/ips/pkgs/prim_secded_pkg.sv:82:26: Parameter is not used: 'Secded2216ZeroWord'
                                                                                       : ... note: In instance 'ip1_tb'
   82 |   parameter logic [21:0] Secded2216ZeroWord = 22'h0;
      |                          ^~~~~~~~~~~~~~~~~~
%Warning-UNUSEDPARAM: /home/eneadim/github/flexsoc/hw/ips/pkgs/prim_secded_pkg.sv:90:25: Parameter is not used: 'Secded2822ZeroEcc'
                                                                                       : ... note: In instance 'ip1_tb'
   90 |   parameter logic [5:0] Secded2822ZeroEcc = 6'h0;
      |                         ^~~~~~~~~~~~~~~~~
%Warning-UNUSEDPARAM: /home/eneadim/github/flexsoc/hw/ips/pkgs/prim_secded_pkg.sv:91:26: Parameter is not used: 'Secded2822ZeroWord'
                                                                                       : ... note: In instance 'ip1_tb'
   91 |   parameter logic [27:0] Secded2822ZeroWord = 28'h0;
      |                          ^~~~~~~~~~~~~~~~~~
%Warning-UNUSEDPARAM: /home/eneadim/github/flexsoc/hw/ips/pkgs/prim_secded_pkg.sv:99:25: Parameter is not used: 'Secded3932ZeroEcc'
                                                                                       : ... note: In instance 'ip1_tb'
   99 |   parameter logic [6:0] Secded3932ZeroEcc = 7'h0;
      |                         ^~~~~~~~~~~~~~~~~
%Warning-UNUSEDPARAM: /home/eneadim/github/flexsoc/hw/ips/pkgs/prim_secded_pkg.sv:100:26: Parameter is not used: 'Secded3932ZeroWord'
                                                                                        : ... note: In instance 'ip1_tb'
  100 |   parameter logic [38:0] Secded3932ZeroWord = 39'h0;
      |                          ^~~~~~~~~~~~~~~~~~
%Warning-UNUSEDPARAM: /home/eneadim/github/flexsoc/hw/ips/pkgs/prim_secded_pkg.sv:108:25: Parameter is not used: 'Secded6457ZeroEcc'
                                                                                        : ... note: In instance 'ip1_tb'
  108 |   parameter logic [6:0] Secded6457ZeroEcc = 7'h0;
      |                         ^~~~~~~~~~~~~~~~~
%Warning-UNUSEDPARAM: /home/eneadim/github/flexsoc/hw/ips/pkgs/prim_secded_pkg.sv:109:26: Parameter is not used: 'Secded6457ZeroWord'
                                                                                        : ... note: In instance 'ip1_tb'
  109 |   parameter logic [63:0] Secded6457ZeroWord = 64'h0;
      |                          ^~~~~~~~~~~~~~~~~~
%Warning-UNUSEDPARAM: /home/eneadim/github/flexsoc/hw/ips/pkgs/prim_secded_pkg.sv:117:25: Parameter is not used: 'Secded7264ZeroEcc'
                                                                                        : ... note: In instance 'ip1_tb'
  117 |   parameter logic [7:0] Secded7264ZeroEcc = 8'h0;
      |                         ^~~~~~~~~~~~~~~~~
%Warning-UNUSEDPARAM: /home/eneadim/github/flexsoc/hw/ips/pkgs/prim_secded_pkg.sv:118:26: Parameter is not used: 'Secded7264ZeroWord'
                                                                                        : ... note: In instance 'ip1_tb'
  118 |   parameter logic [71:0] Secded7264ZeroWord = 72'h0;
      |                          ^~~~~~~~~~~~~~~~~~
%Warning-UNUSEDPARAM: /home/eneadim/github/flexsoc/hw/ips/pkgs/prim_secded_pkg.sv:126:25: Parameter is not used: 'SecdedHamming2216ZeroEcc'
                                                                                        : ... note: In instance 'ip1_tb'
  126 |   parameter logic [5:0] SecdedHamming2216ZeroEcc = 6'h0;
      |                         ^~~~~~~~~~~~~~~~~~~~~~~~
%Warning-UNUSEDPARAM: /home/eneadim/github/flexsoc/hw/ips/pkgs/prim_secded_pkg.sv:127:26: Parameter is not used: 'SecdedHamming2216ZeroWord'
                                                                                        : ... note: In instance 'ip1_tb'
  127 |   parameter logic [21:0] SecdedHamming2216ZeroWord = 22'h0;
      |                          ^~~~~~~~~~~~~~~~~~~~~~~~~
%Warning-UNUSEDPARAM: /home/eneadim/github/flexsoc/hw/ips/pkgs/prim_secded_pkg.sv:135:25: Parameter is not used: 'SecdedHamming3932ZeroEcc'
                                                                                        : ... note: In instance 'ip1_tb'
  135 |   parameter logic [6:0] SecdedHamming3932ZeroEcc = 7'h0;
      |                         ^~~~~~~~~~~~~~~~~~~~~~~~
%Warning-UNUSEDPARAM: /home/eneadim/github/flexsoc/hw/ips/pkgs/prim_secded_pkg.sv:136:26: Parameter is not used: 'SecdedHamming3932ZeroWord'
                                                                                        : ... note: In instance 'ip1_tb'
  136 |   parameter logic [38:0] SecdedHamming3932ZeroWord = 39'h0;
      |                          ^~~~~~~~~~~~~~~~~~~~~~~~~
%Warning-UNUSEDPARAM: /home/eneadim/github/flexsoc/hw/ips/pkgs/prim_secded_pkg.sv:144:25: Parameter is not used: 'SecdedHamming7264ZeroEcc'
                                                                                        : ... note: In instance 'ip1_tb'
  144 |   parameter logic [7:0] SecdedHamming7264ZeroEcc = 8'h0;
      |                         ^~~~~~~~~~~~~~~~~~~~~~~~
%Warning-UNUSEDPARAM: /home/eneadim/github/flexsoc/hw/ips/pkgs/prim_secded_pkg.sv:145:26: Parameter is not used: 'SecdedHamming7264ZeroWord'
                                                                                        : ... note: In instance 'ip1_tb'
  145 |   parameter logic [71:0] SecdedHamming7264ZeroWord = 72'h0;
      |                          ^~~~~~~~~~~~~~~~~~~~~~~~~
%Warning-UNUSEDPARAM: /home/eneadim/github/flexsoc/hw/ips/pkgs/prim_secded_pkg.sv:153:25: Parameter is not used: 'SecdedHamming7668ZeroEcc'
                                                                                        : ... note: In instance 'ip1_tb'
  153 |   parameter logic [7:0] SecdedHamming7668ZeroEcc = 8'h0;
      |                         ^~~~~~~~~~~~~~~~~~~~~~~~
%Warning-UNUSEDPARAM: /home/eneadim/github/flexsoc/hw/ips/pkgs/prim_secded_pkg.sv:154:26: Parameter is not used: 'SecdedHamming7668ZeroWord'
                                                                                        : ... note: In instance 'ip1_tb'
  154 |   parameter logic [75:0] SecdedHamming7668ZeroWord = 76'h0;
      |                          ^~~~~~~~~~~~~~~~~~~~~~~~~
%Warning-UNUSEDPARAM: /home/eneadim/github/flexsoc/hw/ips/pkgs/prim_secded_pkg.sv:162:25: Parameter is not used: 'SecdedInv2216ZeroEcc'
                                                                                        : ... note: In instance 'ip1_tb'
  162 |   parameter logic [5:0] SecdedInv2216ZeroEcc = 6'h2A;
      |                         ^~~~~~~~~~~~~~~~~~~~
%Warning-UNUSEDPARAM: /home/eneadim/github/flexsoc/hw/ips/pkgs/prim_secded_pkg.sv:163:26: Parameter is not used: 'SecdedInv2216ZeroWord'
                                                                                        : ... note: In instance 'ip1_tb'
  163 |   parameter logic [21:0] SecdedInv2216ZeroWord = 22'h2A0000;
      |                          ^~~~~~~~~~~~~~~~~~~~~
%Warning-UNUSEDPARAM: /home/eneadim/github/flexsoc/hw/ips/pkgs/prim_secded_pkg.sv:171:25: Parameter is not used: 'SecdedInv2822ZeroEcc'
                                                                                        : ... note: In instance 'ip1_tb'
  171 |   parameter logic [5:0] SecdedInv2822ZeroEcc = 6'h2A;
      |                         ^~~~~~~~~~~~~~~~~~~~
%Warning-UNUSEDPARAM: /home/eneadim/github/flexsoc/hw/ips/pkgs/prim_secded_pkg.sv:172:26: Parameter is not used: 'SecdedInv2822ZeroWord'
                                                                                        : ... note: In instance 'ip1_tb'
  172 |   parameter logic [27:0] SecdedInv2822ZeroWord = 28'hA800000;
      |                          ^~~~~~~~~~~~~~~~~~~~~
%Warning-UNUSEDPARAM: /home/eneadim/github/flexsoc/hw/ips/pkgs/prim_secded_pkg.sv:180:25: Parameter is not used: 'SecdedInv3932ZeroEcc'
                                                                                        : ... note: In instance 'ip1_tb'
  180 |   parameter logic [6:0] SecdedInv3932ZeroEcc = 7'h2A;
      |                         ^~~~~~~~~~~~~~~~~~~~
%Warning-UNUSEDPARAM: /home/eneadim/github/flexsoc/hw/ips/pkgs/prim_secded_pkg.sv:181:26: Parameter is not used: 'SecdedInv3932ZeroWord'
                                                                                        : ... note: In instance 'ip1_tb'
  181 |   parameter logic [38:0] SecdedInv3932ZeroWord = 39'h2A00000000;
      |                          ^~~~~~~~~~~~~~~~~~~~~
%Warning-UNUSEDPARAM: /home/eneadim/github/flexsoc/hw/ips/pkgs/prim_secded_pkg.sv:189:25: Parameter is not used: 'SecdedInv6457ZeroEcc'
                                                                                        : ... note: In instance 'ip1_tb'
  189 |   parameter logic [6:0] SecdedInv6457ZeroEcc = 7'h2A;
      |                         ^~~~~~~~~~~~~~~~~~~~
%Warning-UNUSEDPARAM: /home/eneadim/github/flexsoc/hw/ips/pkgs/prim_secded_pkg.sv:190:26: Parameter is not used: 'SecdedInv6457ZeroWord'
                                                                                        : ... note: In instance 'ip1_tb'
  190 |   parameter logic [63:0] SecdedInv6457ZeroWord = 64'h5400000000000000;
      |                          ^~~~~~~~~~~~~~~~~~~~~
%Warning-UNUSEDPARAM: /home/eneadim/github/flexsoc/hw/ips/pkgs/prim_secded_pkg.sv:198:25: Parameter is not used: 'SecdedInv7264ZeroEcc'
                                                                                        : ... note: In instance 'ip1_tb'
  198 |   parameter logic [7:0] SecdedInv7264ZeroEcc = 8'hAA;
      |                         ^~~~~~~~~~~~~~~~~~~~
%Warning-UNUSEDPARAM: /home/eneadim/github/flexsoc/hw/ips/pkgs/prim_secded_pkg.sv:199:26: Parameter is not used: 'SecdedInv7264ZeroWord'
                                                                                        : ... note: In instance 'ip1_tb'
  199 |   parameter logic [71:0] SecdedInv7264ZeroWord = 72'hAA0000000000000000;
      |                          ^~~~~~~~~~~~~~~~~~~~~
%Warning-UNUSEDPARAM: /home/eneadim/github/flexsoc/hw/ips/pkgs/prim_secded_pkg.sv:207:25: Parameter is not used: 'SecdedInvHamming2216ZeroEcc'
                                                                                        : ... note: In instance 'ip1_tb'
  207 |   parameter logic [5:0] SecdedInvHamming2216ZeroEcc = 6'h2A;
      |                         ^~~~~~~~~~~~~~~~~~~~~~~~~~~
%Warning-UNUSEDPARAM: /home/eneadim/github/flexsoc/hw/ips/pkgs/prim_secded_pkg.sv:208:26: Parameter is not used: 'SecdedInvHamming2216ZeroWord'
                                                                                        : ... note: In instance 'ip1_tb'
  208 |   parameter logic [21:0] SecdedInvHamming2216ZeroWord = 22'h2A0000;
      |                          ^~~~~~~~~~~~~~~~~~~~~~~~~~~~
%Warning-UNUSEDPARAM: /home/eneadim/github/flexsoc/hw/ips/pkgs/prim_secded_pkg.sv:216:25: Parameter is not used: 'SecdedInvHamming3932ZeroEcc'
                                                                                        : ... note: In instance 'ip1_tb'
  216 |   parameter logic [6:0] SecdedInvHamming3932ZeroEcc = 7'h2A;
      |                         ^~~~~~~~~~~~~~~~~~~~~~~~~~~
%Warning-UNUSEDPARAM: /home/eneadim/github/flexsoc/hw/ips/pkgs/prim_secded_pkg.sv:217:26: Parameter is not used: 'SecdedInvHamming3932ZeroWord'
                                                                                        : ... note: In instance 'ip1_tb'
  217 |   parameter logic [38:0] SecdedInvHamming3932ZeroWord = 39'h2A00000000;
      |                          ^~~~~~~~~~~~~~~~~~~~~~~~~~~~
%Warning-UNUSEDPARAM: /home/eneadim/github/flexsoc/hw/ips/pkgs/prim_secded_pkg.sv:225:25: Parameter is not used: 'SecdedInvHamming7264ZeroEcc'
                                                                                        : ... note: In instance 'ip1_tb'
  225 |   parameter logic [7:0] SecdedInvHamming7264ZeroEcc = 8'hAA;
      |                         ^~~~~~~~~~~~~~~~~~~~~~~~~~~
%Warning-UNUSEDPARAM: /home/eneadim/github/flexsoc/hw/ips/pkgs/prim_secded_pkg.sv:226:26: Parameter is not used: 'SecdedInvHamming7264ZeroWord'
                                                                                        : ... note: In instance 'ip1_tb'
  226 |   parameter logic [71:0] SecdedInvHamming7264ZeroWord = 72'hAA0000000000000000;
      |                          ^~~~~~~~~~~~~~~~~~~~~~~~~~~~
%Warning-UNUSEDPARAM: /home/eneadim/github/flexsoc/hw/ips/pkgs/prim_secded_pkg.sv:234:25: Parameter is not used: 'SecdedInvHamming7668ZeroEcc'
                                                                                        : ... note: In instance 'ip1_tb'
  234 |   parameter logic [7:0] SecdedInvHamming7668ZeroEcc = 8'hAA;
      |                         ^~~~~~~~~~~~~~~~~~~~~~~~~~~
%Warning-UNUSEDPARAM: /home/eneadim/github/flexsoc/hw/ips/pkgs/prim_secded_pkg.sv:235:26: Parameter is not used: 'SecdedInvHamming7668ZeroWord'
                                                                                        : ... note: In instance 'ip1_tb'
  235 |   parameter logic [75:0] SecdedInvHamming7668ZeroWord = 76'hAA00000000000000000;
      |                          ^~~~~~~~~~~~~~~~~~~~~~~~~~~~
%Warning-UNUSEDPARAM: /home/eneadim/github/flexsoc/hw/ips/pkgs/prim_alert_pkg.sv:19:24: Parameter is not used: 'ALERT_TX_DEFAULT'
                                                                                      : ... note: In instance 'ip1_tb'
   19 |   parameter alert_tx_t ALERT_TX_DEFAULT = '{alert_p:  1'b0,
      |                        ^~~~~~~~~~~~~~~~
%Warning-UNUSEDPARAM: /home/eneadim/github/flexsoc/hw/ips/pkgs/prim_alert_pkg.sv:22:24: Parameter is not used: 'ALERT_RX_DEFAULT'
                                                                                      : ... note: In instance 'ip1_tb'
   22 |   parameter alert_rx_t ALERT_RX_DEFAULT = '{ping_p: 1'b0,
      |                        ^~~~~~~~~~~~~~~~
%Warning-UNUSEDSIGNAL: /home/eneadim/github/flexsoc/workspace/runs/ip1/dev/rtl/ip1_core.sv:9:23: Bits of signal are not used: 'reg2hw'[21:18]
                                                                                               : ... note: In instance 'ip1_tb.u_ip1.u_ip1_core'
    9 |   input  ip1_reg2hw_t reg2hw,
      |                       ^~~~~~
%Warning-UNUSEDSIGNAL: /home/eneadim/github/flexsoc/workspace/runs/ip1/dev/rtl/ip1_core.sv:20:9: Signal is not used: 'ctrl_en'
                                                                                               : ... note: In instance 'ip1_tb.u_ip1.u_ip1_core'
   20 |   logic ctrl_en;
      |         ^~~~~~~
%Warning-UNUSEDSIGNAL: /home/eneadim/github/flexsoc/workspace/runs/ip1/dev/rtl/ip1_core.sv:21:9: Signal is not used: 'ctrl_rst'
                                                                                               : ... note: In instance 'ip1_tb.u_ip1.u_ip1_core'
   21 |   logic ctrl_rst;
      |         ^~~~~~~~
%Warning-UNUSEDSIGNAL: /home/eneadim/github/flexsoc/workspace/runs/ip1/dev/rtl/ip1_core.sv:22:16: Signal is not used: 'ctrl_setting'
                                                                                                : ... note: In instance 'ip1_tb.u_ip1.u_ip1_core'
   22 |   logic [15:0] ctrl_setting;
      |                ^~~~~~~~~~~~
%Warning-UNDRIVEN: /home/eneadim/github/flexsoc/workspace/runs/ip1/dev/rtl/ip1_core.sv:23:9: Signal is not driven: 'status_full'
                                                                                           : ... note: In instance 'ip1_tb.u_ip1.u_ip1_core'
   23 |   logic status_full;
      |         ^~~~~~~~~~~
                   ... For warning description see https://verilator.org/warn/UNDRIVEN?v=5.043
                   ... Use "/* verilator lint_off UNDRIVEN */" and lint_on around source to disable this message.
%Warning-UNDRIVEN: /home/eneadim/github/flexsoc/workspace/runs/ip1/dev/rtl/ip1_core.sv:24:9: Signal is not driven: 'status_empty'
                                                                                           : ... note: In instance 'ip1_tb.u_ip1.u_ip1_core'
   24 |   logic status_empty;
      |         ^~~~~~~~~~~~
%Warning-UNDRIVEN: /home/eneadim/github/flexsoc/workspace/runs/ip1/dev/rtl/ip1_core.sv:25:15: Signal is not driven: 'rdata'
                                                                                            : ... note: In instance 'ip1_tb.u_ip1.u_ip1_core'
   25 |   logic [7:0] rdata;
      |               ^~~~~
%Warning-UNUSEDSIGNAL: /home/eneadim/github/flexsoc/workspace/runs/ip1/dev/rtl/ip1_core.sv:26:9: Signal is not used: 'rdata_ready'
                                                                                               : ... note: In instance 'ip1_tb.u_ip1.u_ip1_core'
   26 |   logic rdata_ready;
      |         ^~~~~~~~~~~
%Warning-UNUSEDSIGNAL: /home/eneadim/github/flexsoc/workspace/runs/ip1/dev/rtl/ip1_core.sv:27:15: Signal is not used: 'wdata'
                                                                                                : ... note: In instance 'ip1_tb.u_ip1.u_ip1_core'
   27 |   logic [7:0] wdata;
      |               ^~~~~
%Warning-UNUSEDSIGNAL: /home/eneadim/github/flexsoc/workspace/runs/ip1/dev/rtl/ip1_core.sv:28:9: Signal is not used: 'wdata_valid'
                                                                                               : ... note: In instance 'ip1_tb.u_ip1.u_ip1_core'
   28 |   logic wdata_valid;
      |         ^~~~~~~~~~~
%Warning-UNUSEDSIGNAL: /home/eneadim/github/flexsoc/workspace/runs/ip1/dev/tb/tlul_if.sv:4:16: Signal is not used: 'clk_i'
                                                                                             : ... note: In instance 'ip1_tb.u_ip1.u_ip1_core'
    4 |   input  logic clk_i,
      |                ^~~~~
                       /home/eneadim/github/flexsoc/workspace/runs/ip1/dev/tb/include_ip1_tb.sv:10:1: ... note: In file included from 'include_ip1_tb.sv'
                       /home/eneadim/github/flexsoc/workspace/runs/ip1/dev/tb/ip1_tb.sv:5:1: ... note: In file included from 'ip1_tb.sv'
%Warning-UNUSEDSIGNAL: /home/eneadim/github/flexsoc/workspace/runs/ip1/dev/tb/tlul_if.sv:5:16: Signal is not used: 'rst_ni'
                                                                                             : ... note: In instance 'ip1_tb.u_ip1.u_ip1_core'
    5 |   input  logic rst_ni
      |                ^~~~~~
                       /home/eneadim/github/flexsoc/workspace/runs/ip1/dev/tb/include_ip1_tb.sv:10:1: ... note: In file included from 'include_ip1_tb.sv'
                       /home/eneadim/github/flexsoc/workspace/runs/ip1/dev/tb/ip1_tb.sv:5:1: ... note: In file included from 'ip1_tb.sv'
%Warning-UNUSEDPARAM: /home/eneadim/github/flexsoc/workspace/runs/ip1/dev/rtl/ip1_reg_pkg.sv:86:25: Parameter is not used: 'IP1_STATUS_RESVAL'
                                                                                                  : ... note: In instance 'ip1_tb.u_ip1.u_ip1_core'
   86 |   parameter logic [1:0] IP1_STATUS_RESVAL = 2'h 0;
      |                         ^~~~~~~~~~~~~~~~~
%Warning-UNUSEDPARAM: /home/eneadim/github/flexsoc/workspace/runs/ip1/dev/rtl/ip1_reg_pkg.sv:87:25: Parameter is not used: 'IP1_RDATA_RESVAL'
                                                                                                  : ... note: In instance 'ip1_tb.u_ip1.u_ip1_core'
   87 |   parameter logic [7:0] IP1_RDATA_RESVAL = 8'h 0;
      |                         ^~~~~~~~~~~~~~~~
%Warning-UNUSEDSIGNAL: /home/eneadim/github/flexsoc/hw/ips/tlul/tlul_adapter_reg.sv:65:51: Signal is not used: 'instr_error'
                                                                                         : ... note: In instance 'ip1_tb.u_ip1.u_ip1_reg.u_reg_if'
   65 |   logic             error_q, error, err_internal, instr_error, intg_error;
      |                                                   ^~~~~~~~~~~
%Warning-UNUSEDSIGNAL: /home/eneadim/github/flexsoc/hw/ips/tlul/tlul_adapter_reg.sv:65:64: Signal is not used: 'intg_error'
                                                                                         : ... note: In instance 'ip1_tb.u_ip1.u_ip1_reg.u_reg_if'
   65 |   logic             error_q, error, err_internal, instr_error, intg_error;
      |                                                                ^~~~~~~~~~
%Warning-UNUSEDSIGNAL: /home/eneadim/github/flexsoc/hw/ips/tlul/tlul_adapter_reg.sv:68:9: Signal is not used: 'malformed_meta_err'
                                                                                        : ... note: In instance 'ip1_tb.u_ip1.u_ip1_reg.u_reg_if'
   68 |   logic malformed_meta_err;  
      |         ^~~~~~~~~~~~~~~~~~
%Warning-UNUSEDSIGNAL: /home/eneadim/github/flexsoc/hw/ips/tlul/tlul_adapter_reg.sv:69:9: Signal is not used: 'tl_err'
                                                                                        : ... note: In instance 'ip1_tb.u_ip1.u_ip1_reg.u_reg_if'
   69 |   logic tl_err;              
      |         ^~~~~~
%Warning-UNUSEDSIGNAL: /home/eneadim/github/flexsoc/hw/ips/prim/prim_ff_2sync.sv:11:21: Signal is not driven, nor used: 'd_o'
                                                                                      : ... note: In instance 'ip1_tb.u_ip1.u_ip1_core.u_sync_name'
   11 |   logic [Width-1:0] d_o;
      |                     ^~~
%Warning-UNUSEDSIGNAL: /home/eneadim/github/flexsoc/hw/ips/tlul/tlul_err.sv:9:9: Signal is not used: 'clk_i'
                                                                               : ... note: In instance 'ip1_tb.u_ip1.u_ip1_reg.u_reg_if.u_err'
    9 |   input clk_i,
      |         ^~~~~
%Warning-UNUSEDSIGNAL: /home/eneadim/github/flexsoc/hw/ips/tlul/tlul_err.sv:10:9: Signal is not used: 'rst_ni'
                                                                                : ... note: In instance 'ip1_tb.u_ip1.u_ip1_reg.u_reg_if.u_err'
   10 |   input rst_ni,
      |         ^~~~~~
%Warning-UNUSEDSIGNAL: /home/eneadim/github/flexsoc/hw/ips/tlul/tlul_err.sv:12:18: Bits of signal are not used: 'tl_i'[104:102,99:92,55:24,0]
                                                                                 : ... note: In instance 'ip1_tb.u_ip1.u_ip1_reg.u_reg_if.u_err'
   12 |   input tl_h2d_t tl_i,
      |                  ^~~~
%Warning-UNUSEDPARAM: /home/eneadim/github/flexsoc/hw/ips/tlul/tlul_err.sv:17:18: Parameter is not used: 'IW'
                                                                                : ... note: In instance 'ip1_tb.u_ip1.u_ip1_reg.u_reg_if.u_err'
   17 |   localparam int IW  = $bits(tl_i.a_source);
      |                  ^~
%Warning-UNUSEDPARAM: /home/eneadim/github/flexsoc/hw/ips/tlul/tlul_err.sv:18:18: Parameter is not used: 'SZW'
                                                                                : ... note: In instance 'ip1_tb.u_ip1.u_ip1_reg.u_reg_if.u_err'
   18 |   localparam int SZW = $bits(tl_i.a_size);
      |                  ^~~
%Warning-UNUSEDPARAM: /home/eneadim/github/flexsoc/hw/ips/pkgs/tlul_pkg.sv:14:13: Parameter is not used: 'ArbiterImpl'
                                                                                : ... note: In instance 'ip1_tb.u_ip1.u_ip1_core.u_sync_name.u_sync_2'
   14 |   parameter ArbiterImpl = "PPC";
      |             ^~~~~~~~~~~
%Warning-UNUSEDPARAM: /home/eneadim/github/flexsoc/hw/ips/pkgs/tlul_pkg.sv:29:17: Parameter is not used: 'H2DCmdFullWidth'
                                                                                : ... note: In instance 'ip1_tb.u_ip1.u_ip1_core.u_sync_name.u_sync_2'
   29 |   parameter int H2DCmdFullWidth = H2DCmdMaxWidth + H2DCmdIntgWidth;
      |                 ^~~~~~~~~~~~~~~
%Warning-UNUSEDPARAM: /home/eneadim/github/flexsoc/hw/ips/pkgs/tlul_pkg.sv:32:17: Parameter is not used: 'D2HRspFullWidth'
                                                                                : ... note: In instance 'ip1_tb.u_ip1.u_ip1_core.u_sync_name.u_sync_2'
   32 |   parameter int D2HRspFullWidth = D2HRspMaxWidth + D2HRspIntgWidth;
      |                 ^~~~~~~~~~~~~~~
%Warning-UNUSEDPARAM: /home/eneadim/github/flexsoc/hw/ips/pkgs/tlul_pkg.sv:35:17: Parameter is not used: 'DataFullWidth'
                                                                                : ... note: In instance 'ip1_tb.u_ip1.u_ip1_core.u_sync_name.u_sync_2'
   35 |   parameter int DataFullWidth   = DataMaxWidth + DataIntgWidth;
      |                 ^~~~~~~~~~~~~
%Warning-UNUSEDPARAM: /home/eneadim/github/flexsoc/hw/ips/pkgs/tlul_pkg.sv:39:40: Parameter is not used: 'DataWhenInstrError'
                                                                                : ... note: In instance 'ip1_tb.u_ip1.u_ip1_core.u_sync_name.u_sync_2'
   39 |   parameter logic [top_pkg::TL_DW-1:0] DataWhenInstrError = '0;
      |                                        ^~~~~~~~~~~~~~~~~~
%Warning-UNUSEDPARAM: /home/eneadim/github/flexsoc/hw/ips/pkgs/tlul_pkg.sv:42:40: Parameter is not used: 'DataWhenError'
                                                                                : ... note: In instance 'ip1_tb.u_ip1.u_ip1_core.u_sync_name.u_sync_2'
   42 |   parameter logic [top_pkg::TL_DW-1:0] DataWhenError      = {top_pkg::TL_DW{1'b1}};
      |                                        ^~~~~~~~~~~~~
%Warning-UNUSEDPARAM: /home/eneadim/github/flexsoc/hw/ips/pkgs/tlul_pkg.sv:87:23: Parameter is not used: 'TL_H2D_DEFAULT'
                                                                                : ... note: In instance 'ip1_tb.u_ip1.u_ip1_core.u_sync_name.u_sync_2'
   87 |   localparam tl_h2d_t TL_H2D_DEFAULT = '{
      |                       ^~~~~~~~~~~~~~
%Warning-UNUSEDPARAM: /home/eneadim/github/flexsoc/hw/ips/pkgs/tlul_pkg.sv:131:23: Parameter is not used: 'TL_D2H_DEFAULT'
                                                                                 : ... note: In instance 'ip1_tb.u_ip1.u_ip1_core.u_sync_name.u_sync_2'
  131 |   localparam tl_d2h_t TL_D2H_DEFAULT = '{
      |                       ^~~~~~~~~~~~~~
g++ -Os  -I.  -MMD -I/usr/local/share/verilator/include -I/usr/local/share/verilator/include/vltstd -DVERILATOR=1 -DVM_COVERAGE=0 -DVM_SC=0 -DVM_TIMING=1 -DVM_TRACE=1 -DVM_TRACE_FST=0 -DVM_TRACE_VCD=1 -DVM_TRACE_SAIF=0 -faligned-new -fcf-protection=none -Wno-bool-operation -Wno-int-in-bool-context -Wno-shadow -Wno-sign-compare -Wno-subobject-linkage -Wno-tautological-compare -Wno-uninitialized -Wno-unused-but-set-parameter -Wno-unused-but-set-variable -Wno-unused-parameter -Wno-unused-variable    -DVL_TIME_CONTEXT   -fcoroutines -c -o verilated.o /usr/local/share/verilator/include/verilated.cpp
g++ -Os  -I.  -MMD -I/usr/local/share/verilator/include -I/usr/local/share/verilator/include/vltstd -DVERILATOR=1 -DVM_COVERAGE=0 -DVM_SC=0 -DVM_TIMING=1 -DVM_TRACE=1 -DVM_TRACE_FST=0 -DVM_TRACE_VCD=1 -DVM_TRACE_SAIF=0 -faligned-new -fcf-protection=none -Wno-bool-operation -Wno-int-in-bool-context -Wno-shadow -Wno-sign-compare -Wno-subobject-linkage -Wno-tautological-compare -Wno-uninitialized -Wno-unused-but-set-parameter -Wno-unused-but-set-variable -Wno-unused-parameter -Wno-unused-variable    -DVL_TIME_CONTEXT   -fcoroutines -c -o verilated_dpi.o /usr/local/share/verilator/include/verilated_dpi.cpp
g++ -Os  -I.  -MMD -I/usr/local/share/verilator/include -I/usr/local/share/verilator/include/vltstd -DVERILATOR=1 -DVM_COVERAGE=0 -DVM_SC=0 -DVM_TIMING=1 -DVM_TRACE=1 -DVM_TRACE_FST=0 -DVM_TRACE_VCD=1 -DVM_TRACE_SAIF=0 -faligned-new -fcf-protection=none -Wno-bool-operation -Wno-int-in-bool-context -Wno-shadow -Wno-sign-compare -Wno-subobject-linkage -Wno-tautological-compare -Wno-uninitialized -Wno-unused-but-set-parameter -Wno-unused-but-set-variable -Wno-unused-parameter -Wno-unused-variable    -DVL_TIME_CONTEXT   -fcoroutines -c -o verilated_vcd_c.o /usr/local/share/verilator/include/verilated_vcd_c.cpp
g++ -Os  -I.  -MMD -I/usr/local/share/verilator/include -I/usr/local/share/verilator/include/vltstd -DVERILATOR=1 -DVM_COVERAGE=0 -DVM_SC=0 -DVM_TIMING=1 -DVM_TRACE=1 -DVM_TRACE_FST=0 -DVM_TRACE_VCD=1 -DVM_TRACE_SAIF=0 -faligned-new -fcf-protection=none -Wno-bool-operation -Wno-int-in-bool-context -Wno-shadow -Wno-sign-compare -Wno-subobject-linkage -Wno-tautological-compare -Wno-uninitialized -Wno-unused-but-set-parameter -Wno-unused-but-set-variable -Wno-unused-parameter -Wno-unused-variable    -DVL_TIME_CONTEXT   -fcoroutines -c -o verilated_timing.o /usr/local/share/verilator/include/verilated_timing.cpp
g++ -Os  -I.  -MMD -I/usr/local/share/verilator/include -I/usr/local/share/verilator/include/vltstd -DVERILATOR=1 -DVM_COVERAGE=0 -DVM_SC=0 -DVM_TIMING=1 -DVM_TRACE=1 -DVM_TRACE_FST=0 -DVM_TRACE_VCD=1 -DVM_TRACE_SAIF=0 -faligned-new -fcf-protection=none -Wno-bool-operation -Wno-int-in-bool-context -Wno-shadow -Wno-sign-compare -Wno-subobject-linkage -Wno-tautological-compare -Wno-uninitialized -Wno-unused-but-set-parameter -Wno-unused-but-set-variable -Wno-unused-parameter -Wno-unused-variable    -DVL_TIME_CONTEXT   -fcoroutines -c -o verilated_threads.o /usr/local/share/verilator/include/verilated_threads.cpp
python3 /usr/local/share/verilator/bin/verilator_includer -DVL_INCLUDE_OPT=include Vip1_tb.cpp Vip1_tb___024root__0.cpp Vip1_tb_ip1_tb__0.cpp Vip1_tb_tlul_if__0.cpp Vip1_tb___024unit__03a__03atlul_utils__Vclpkg__0.cpp Vip1_tb__main.cpp Vip1_tb__Dpi.cpp Vip1_tb__Trace__0.cpp Vip1_tb___024root__Slow.cpp Vip1_tb___024root__0__Slow.cpp Vip1_tb_ip1_tb__Slow.cpp Vip1_tb_ip1_tb__0__Slow.cpp Vip1_tb___024unit__Slow.cpp Vip1_tb___024unit__0__Slow.cpp Vip1_tb_tlul_if__Slow.cpp Vip1_tb_tlul_if__0__Slow.cpp Vip1_tb_ip1_reg_pkg__Slow.cpp Vip1_tb_ip1_reg_pkg__0__Slow.cpp Vip1_tb___024unit__03a__03atlul_utils__Vclpkg__Slow.cpp Vip1_tb___024unit__03a__03atlul_utils__Vclpkg__0__Slow.cpp Vip1_tb__Syms__Slow.cpp Vip1_tb__Trace__0__Slow.cpp Vip1_tb__TraceDecls__0__Slow.cpp > Vip1_tb__ALL.cpp
g++ -Os  -I.  -MMD -I/usr/local/share/verilator/include -I/usr/local/share/verilator/include/vltstd -DVERILATOR=1 -DVM_COVERAGE=0 -DVM_SC=0 -DVM_TIMING=1 -DVM_TRACE=1 -DVM_TRACE_FST=0 -DVM_TRACE_VCD=1 -DVM_TRACE_SAIF=0 -faligned-new -fcf-protection=none -Wno-bool-operation -Wno-int-in-bool-context -Wno-shadow -Wno-sign-compare -Wno-subobject-linkage -Wno-tautological-compare -Wno-uninitialized -Wno-unused-but-set-parameter -Wno-unused-but-set-variable -Wno-unused-parameter -Wno-unused-variable    -DVL_TIME_CONTEXT   -fcoroutines -c -o Vip1_tb__ALL.o Vip1_tb__ALL.cpp
g++    verilated.o verilated_dpi.o verilated_vcd_c.o verilated_timing.o verilated_threads.o Vip1_tb__ALL.a    -pthread -lpthread -latomic   -o Vip1_tb
rm Vip1_tb__ALL.verilator_deplist.tmp
- V e r i l a t i o n   R e p o r t: Verilator 5.043 devel rev v5.042-75-g0b8c36974
- Verilator: Built from 5.085 MB sources in 33 modules, into 0.274 MB in 23 C++ files needing 0.000 MB
- Verilator: Walltime 10.648 s (elab=0.028, cvt=0.053, bld=10.512); cpu 0.136 s on 1 threads; alloced 35.102 MB
