OpenSTA 2.7.0 65dc4e7a14 Copyright (c) 2025, Parallax Software, Inc.
License GPLv3: GNU GPL version 3 <http://gnu.org/licenses/gpl.html>

This is free software, and you are free to change and redistribute it
under certain conditions; type `show_copying' for details. 
This program comes with ABSOLUTELY NO WARRANTY; for details type `show_warranty'.

=== flexsoc OpenSTA init ===
read_liberty {/home/eneadim/github/flexsoc/pdks/sky130/lib/sky130_fd_sc_hd__ss_100C_1v40.lib}
read_verilog {/home/eneadim/github/flexsoc/workspace/runs/ip1/dev/syn/ip1_synth.v}
link_design ip1
read_sdc {/home/eneadim/github/flexsoc/workspace/runs/ip1/dev/openroad/ip1.sdc}
=== Timing reports ===
Startpoint: rst_ni (input port clocked by core_clock)
Endpoint: _251_ (recovery check against rising-edge clock core_clock)
Path Group: asynchronous
Path Type: max

     Cap     Slew    Delay     Time   Description
---------------------------------------------------------------------------
            0.000    0.000    0.000   clock core_clock (rise edge)
                     0.000    0.000   clock network delay (ideal)
                     4.000    4.000 ^ input external delay
   0.169    0.000    0.000    4.000 ^ rst_ni (in)
            0.000    0.000    4.000 ^ _251_/RESET_B (sky130_fd_sc_hd__dfrtp_1)
                              4.000   data arrival time

            0.000   20.000   20.000   clock core_clock (rise edge)
                     0.000   20.000   clock network delay (ideal)
                     0.000   20.000   clock reconvergence pessimism
                             20.000 ^ _251_/CLK (sky130_fd_sc_hd__dfrtp_1)
                     0.683   20.683   library recovery time
                             20.683   data required time
---------------------------------------------------------------------------
                             20.683   data required time
                             -4.000   data arrival time
---------------------------------------------------------------------------
                             16.683   slack (MET)


Startpoint: tl_i[62] (input port clocked by core_clock)
Endpoint: _283_ (rising edge-triggered flip-flop clocked by core_clock)
Path Group: core_clock
Path Type: max

     Cap     Slew    Delay     Time   Description
---------------------------------------------------------------------------
            0.000    0.000    0.000   clock core_clock (rise edge)
                     0.000    0.000   clock network delay (ideal)
                     4.000    4.000 v input external delay
   0.006    0.000    0.000    4.000 v tl_i[62] (in)
            0.000    0.000    4.000 v _127_/A (sky130_fd_sc_hd__nor2_1)
   0.046    1.899    1.466    5.466 ^ _127_/Y (sky130_fd_sc_hd__nor2_1)
            1.899    0.000    5.466 ^ _229_/C (sky130_fd_sc_hd__nand3b_1)
   0.053    1.763    2.130    7.597 v _229_/Y (sky130_fd_sc_hd__nand3b_1)
            1.763    0.000    7.597 v _230_/S (sky130_fd_sc_hd__mux2_2)
   0.002    0.125    1.546    9.143 v _230_/X (sky130_fd_sc_hd__mux2_2)
            0.125    0.000    9.143 v _283_/D (sky130_fd_sc_hd__dfrtp_1)
                              9.143   data arrival time

            0.000   20.000   20.000   clock core_clock (rise edge)
                     0.000   20.000   clock network delay (ideal)
                     0.000   20.000   clock reconvergence pessimism
                             20.000 ^ _283_/CLK (sky130_fd_sc_hd__dfrtp_1)
                    -0.513   19.487   library setup time
                             19.487   data required time
---------------------------------------------------------------------------
                             19.487   data required time
                             -9.143   data arrival time
---------------------------------------------------------------------------
                             10.344   slack (MET)


Startpoint: rst_ni (input port clocked by core_clock)
Endpoint: _251_ (removal check against rising-edge clock core_clock)
Path Group: asynchronous
Path Type: min

     Cap     Slew    Delay     Time   Description
---------------------------------------------------------------------------
            0.000    0.000    0.000   clock core_clock (rise edge)
                     0.000    0.000   clock network delay (ideal)
                     4.000    4.000 ^ input external delay
   0.169    0.000    0.000    4.000 ^ rst_ni (in)
            0.000    0.000    4.000 ^ _251_/RESET_B (sky130_fd_sc_hd__dfrtp_1)
                              4.000   data arrival time

            0.000    0.000    0.000   clock core_clock (rise edge)
                     0.000    0.000   clock network delay (ideal)
                     0.000    0.000   clock reconvergence pessimism
                              0.000 ^ _251_/CLK (sky130_fd_sc_hd__dfrtp_1)
                     0.912    0.912   library removal time
                              0.912   data required time
---------------------------------------------------------------------------
                              0.912   data required time
                             -4.000   data arrival time
---------------------------------------------------------------------------
                              3.088   slack (MET)


Startpoint: _301_ (rising edge-triggered flip-flop clocked by core_clock)
Endpoint: _302_ (rising edge-triggered flip-flop clocked by core_clock)
Path Group: core_clock
Path Type: min

     Cap     Slew    Delay     Time   Description
---------------------------------------------------------------------------
            0.000    0.000    0.000   clock core_clock (rise edge)
                     0.000    0.000   clock network delay (ideal)
            0.000    0.000    0.000 ^ _301_/CLK (sky130_fd_sc_hd__dfrtp_1)
   0.002    0.090    0.856    0.856 ^ _301_/Q (sky130_fd_sc_hd__dfrtp_1)
            0.090    0.000    0.856 ^ _302_/D (sky130_fd_sc_hd__dfrtp_1)
                              0.856   data arrival time

            0.000    0.000    0.000   clock core_clock (rise edge)
                     0.000    0.000   clock network delay (ideal)
                     0.000    0.000   clock reconvergence pessimism
                              0.000 ^ _302_/CLK (sky130_fd_sc_hd__dfrtp_1)
                    -0.127   -0.127   library hold time
                             -0.127   data required time
---------------------------------------------------------------------------
                             -0.127   data required time
                             -0.856   data arrival time
---------------------------------------------------------------------------
                              0.983   slack (MET)


tns max 0.00
wns max 0.00
