analysis=power_analysis corner=ff stage=post_syn
workload=smoke_sv_ff
gls_report=/home/eneadim/github/flexsoc/workspace/runs/uart/dev/dv/functional/sim/post_syn/ihp-sg13g2/uart_post_syn_smoke_sv_ff.json
activity_file=/home/eneadim/github/flexsoc/workspace/runs/uart/dev/signoff/ihp-sg13g2/power/activity/captures/uart_ihp-sg13g2_smoke_sv_ff.vcd
activity_scope=uart_tb/u_uart
liberty=/home/eneadim/github/flexsoc/.flexsoc/pdks/ihp-sg13g2/ihp-sg13g2/libs.ref/sg13g2_stdcell/lib/sg13g2_stdcell_fast_1p65V_m40C.lib
netlist=/home/eneadim/github/flexsoc/workspace/runs/uart/dev/syn/ihp-sg13g2/uart_synth.v
sdc=/home/eneadim/github/flexsoc/workspace/runs/uart/dev/signoff/ihp-sg13g2/uart.sdc
spef=

=== Units ===
 time 1ns
 capacitance 1pF
 resistance 1kohm
 voltage 1v
 current 1uA
 power 1pW
 distance 1um

=== Constraint validation ===

=== Activity annotation ===
annotated_percent=100.00%
Unannotated pins: none

=== Power summary ===
Group                  Internal  Switching    Leakage      Total
                          Power      Power      Power      Power (Watts)
----------------------------------------------------------------
Sequential             3.41e-03   3.87e-06   1.45e-06   3.42e-03  99.2%
Combinational          1.40e-05   1.30e-05   1.46e-06   2.85e-05   0.8%
Clock                  0.00e+00   0.00e+00   0.00e+00   0.00e+00   0.0%
Macro                  0.00e+00   0.00e+00   0.00e+00   0.00e+00   0.0%
Pad                    0.00e+00   0.00e+00   0.00e+00   0.00e+00   0.0%
----------------------------------------------------------------
Total                  3.43e-03   1.69e-05   2.91e-06   3.45e-03 100.0%
                          99.4%       0.5%       0.1%

=== Highest-power instances ===
   Internal  Switching    Leakage      Total
      Power      Power      Power      Power (Watts)
--------------------------------------------
   1.33e-05   1.08e-06   4.59e-09   1.44e-05 _2868_
   1.34e-05   5.14e-07   4.59e-09   1.39e-05 _2867_
   1.24e-05   4.89e-08   4.36e-09   1.25e-05 _2877_
   1.20e-05   3.16e-07   4.58e-09   1.23e-05 _2808_
   1.20e-05   2.07e-07   4.58e-09   1.22e-05 _2803_
   1.16e-05   8.22e-08   4.58e-09   1.17e-05 _2862_
   1.16e-05   8.13e-08   4.59e-09   1.17e-05 _2866_
   1.15e-05   3.92e-08   4.59e-09   1.16e-05 _2853_
   1.14e-05   1.11e-07   4.58e-09   1.15e-05 _2804_
   1.13e-05   1.46e-07   4.58e-09   1.14e-05 _2809_
   1.14e-05   2.14e-08   4.59e-09   1.14e-05 _2856_
   1.13e-05   2.37e-08   4.59e-09   1.14e-05 _2858_
   1.13e-05   1.74e-08   4.59e-09   1.14e-05 _2857_
   1.13e-05   2.58e-08   4.58e-09   1.13e-05 _3092_
   1.13e-05   2.13e-08   4.58e-09   1.13e-05 _3113_
   1.13e-05   2.13e-08   4.58e-09   1.13e-05 _3103_
   1.13e-05   2.06e-08   4.58e-09   1.13e-05 _3121_
   1.13e-05   2.00e-08   4.58e-09   1.13e-05 _3114_
   1.13e-05   1.57e-08   4.58e-09   1.13e-05 _3110_
   1.13e-05   1.51e-08   4.58e-09   1.13e-05 _3099_

=== FlexSoC normalized power fields ===
dynamic_power_definition=internal_power+switching_power
power_unit=OpenSTA report unit; see Units section
internal_power=0.00343
switching_power=1.69e-05
dynamic_power=0.0034468999999999997
leakage_power=2.91e-06
total_power=0.00345
