analysis=power_analysis corner=tt stage=post_syn
workload=auto_toggle_sv_tt
gls_report=/home/eneadim/github/flexsoc/workspace/runs/uart/dev/dv/functional/sim/post_syn/ihp-sg13g2/uart_post_syn_auto_toggle_sv_tt.json
activity_file=/home/eneadim/github/flexsoc/workspace/runs/uart/dev/signoff/ihp-sg13g2/power/activity/captures/uart_ihp-sg13g2_auto_toggle_sv_tt.vcd
activity_scope=uart_tb/u_uart
liberty=/home/eneadim/github/flexsoc/.flexsoc/pdks/ihp-sg13g2/ihp-sg13g2/libs.ref/sg13g2_stdcell/lib/sg13g2_stdcell_typ_1p50V_25C.lib
netlist=/home/eneadim/github/flexsoc/workspace/runs/uart/dev/syn/ihp-sg13g2/uart_synth.v
sdc=/home/eneadim/github/flexsoc/workspace/runs/uart/dev/signoff/ihp-sg13g2/uart.sdc
spef=

=== Units ===
 time 1ns
 capacitance 1pF
 resistance 1kohm
 voltage 1v
 current 1uA
 power 1pW
 distance 1um

=== Constraint validation ===

=== Activity annotation ===
annotated_percent=100.00%
Unannotated pins: none

=== Power summary ===
Group                  Internal  Switching    Leakage      Total
                          Power      Power      Power      Power (Watts)
----------------------------------------------------------------
Sequential             2.90e-03   1.70e-06   4.75e-07   2.90e-03  99.3%
Combinational          9.86e-06   9.94e-06   4.54e-07   2.03e-05   0.7%
Clock                  0.00e+00   0.00e+00   0.00e+00   0.00e+00   0.0%
Macro                  0.00e+00   0.00e+00   0.00e+00   0.00e+00   0.0%
Pad                    0.00e+00   0.00e+00   0.00e+00   0.00e+00   0.0%
----------------------------------------------------------------
Total                  2.91e-03   1.16e-05   9.30e-07   2.92e-03 100.0%
                          99.6%       0.4%       0.0%

=== Highest-power instances ===
   Internal  Switching    Leakage      Total
      Power      Power      Power      Power (Watts)
--------------------------------------------
   1.02e-05   3.27e-08   1.52e-09   1.02e-05 _2877_
   1.00e-05   7.14e-08   1.56e-09   1.01e-05 _2859_
   9.89e-06   3.83e-08   1.56e-09   9.93e-06 _2853_
   9.75e-06   1.40e-08   1.56e-09   9.77e-06 _2865_
   9.70e-06   1.72e-08   1.56e-09   9.72e-06 _2856_
   9.68e-06   1.59e-08   1.56e-09   9.70e-06 _2858_
   9.66e-06   1.17e-08   1.56e-09   9.67e-06 _2857_
   9.49e-06   1.02e-08   1.55e-09   9.50e-06 _2810_
   9.47e-06   9.43e-09   1.55e-09   9.48e-06 _3113_
   9.47e-06   9.43e-09   1.55e-09   9.48e-06 _3103_
   9.47e-06   7.00e-09   1.55e-09   9.48e-06 _3110_
   9.47e-06   6.81e-09   1.55e-09   9.48e-06 _3105_
   9.47e-06   6.81e-09   1.55e-09   9.48e-06 _3107_
   9.47e-06   6.81e-09   1.55e-09   9.48e-06 _3099_
   9.47e-06   6.81e-09   1.55e-09   9.48e-06 _3101_
   9.47e-06   4.94e-09   1.55e-09   9.48e-06 _3108_
   9.47e-06   4.94e-09   1.55e-09   9.48e-06 _3100_
   9.47e-06   4.65e-09   1.55e-09   9.48e-06 _3102_
   9.47e-06   2.33e-09   1.55e-09   9.48e-06 _3104_
   9.45e-06   2.33e-09   1.55e-09   9.46e-06 _2816_

=== FlexSoC normalized power fields ===
dynamic_power_definition=internal_power+switching_power
power_unit=OpenSTA report unit; see Units section
internal_power=0.00291
switching_power=1.16e-05
dynamic_power=0.0029216
leakage_power=9.3e-07
total_power=0.00292
