analysis=power_analysis corner=ff stage=post_syn
workload=corners_sv_ff
gls_report=/tmp/flexsoc-ip-v1-release-20260914/uart-reg_iface/runs/uart/release/dv/functional/sim/post_syn/ihp-sg13g2/uart_post_syn_corners_sv_ff.json
activity_file=/tmp/flexsoc-ip-v1-release-20260914/uart-reg_iface/runs/uart/release/signoff/ihp-sg13g2/power/activity/captures/uart_ihp-sg13g2_corners_sv_ff.vcd
activity_scope=uart_tb/u_uart
liberty=/home/eneadim/github/flexsoc/.flexsoc/pdks/ihp-sg13g2/ihp-sg13g2/libs.ref/sg13g2_stdcell/lib/sg13g2_stdcell_fast_1p65V_m40C.lib
netlist=/tmp/flexsoc-ip-v1-release-20260914/uart-reg_iface/runs/uart/release/syn/ihp-sg13g2/uart_synth.v
sdc=/tmp/flexsoc-ip-v1-release-20260914/uart-reg_iface/runs/uart/release/constraints/uart.sdc
spef=

=== Units ===
 time 1ns
 capacitance 1pF
 resistance 1kohm
 voltage 1v
 current 1uA
 power 1pW
 distance 1um

=== Constraint validation ===

=== Activity annotation ===
annotated_percent=100.00%
Unannotated pins: none

=== Power summary ===
Group                  Internal  Switching    Leakage      Total
                          Power      Power      Power      Power (Watts)
----------------------------------------------------------------
Sequential             3.13e-03   4.26e-06   1.46e-06   3.14e-03  98.8%
Combinational          1.81e-05   1.75e-05   2.09e-06   3.77e-05   1.2%
Clock                  0.00e+00   0.00e+00   0.00e+00   0.00e+00   0.0%
Macro                  0.00e+00   0.00e+00   0.00e+00   0.00e+00   0.0%
Pad                    0.00e+00   0.00e+00   0.00e+00   0.00e+00   0.0%
----------------------------------------------------------------
Total                  3.15e-03   2.18e-05   3.55e-06   3.18e-03 100.0%
                          99.2%       0.7%       0.1%

=== FlexSoC normalized power fields ===
dynamic_power_definition=internal_power+switching_power
power_unit=OpenSTA report unit; see Units section
internal_power=0.00315
switching_power=2.18e-05
dynamic_power=0.0031718000000000002
leakage_power=3.55e-06
total_power=0.00318
