
==========================================================================
floorplan final report_tns
--------------------------------------------------------------------------
tns max 0.00

==========================================================================
floorplan final report_wns
--------------------------------------------------------------------------
wns max 0.00

==========================================================================
floorplan final report_worst_slack
--------------------------------------------------------------------------
worst slack max 4.80

==========================================================================
floorplan final report_clock_min_period
--------------------------------------------------------------------------
core period_min = 5.20 fmax = 192.22

==========================================================================
floorplan final report_checks -path_delay min
--------------------------------------------------------------------------
Startpoint: rst_ni (input port clocked by core)
Endpoint: _1571_ (removal check against rising-edge clock core)
Path Group: asynchronous
Path Type: min

Fanout     Cap    Slew   Delay    Time   Description
-----------------------------------------------------------------------------
                  0.00    0.05    0.05   clock core (rise edge)
                          0.05    0.10   clock network delay (ideal)
                          0.00    0.10 ^ input external delay
     4    0.01    0.00    0.00    0.10 ^ rst_ni (in)
                                         rst_ni (net)
                  0.00    0.00    0.10 ^ _1571_/RESET_B (sky130_fd_sc_hd__dfrtp_1)
                                  0.10   data arrival time

                  0.00    0.05    0.05   clock core (rise edge)
                          0.05    0.10   clock network delay (ideal)
                          0.01    0.11   clock uncertainty
                          0.00    0.11   clock reconvergence pessimism
                                  0.11 ^ _1571_/CLK (sky130_fd_sc_hd__dfrtp_1)
                          0.30    0.41   library removal time
                                  0.41   data required time
-----------------------------------------------------------------------------
                                  0.41   data required time
                                 -0.10   data arrival time
-----------------------------------------------------------------------------
                                 -0.30   slack (VIOLATED)


Startpoint: cio_gpio_i[3] (input port clocked by core)
Endpoint: _1580_ (rising edge-triggered flip-flop clocked by core)
Path Group: core
Path Type: min

Fanout     Cap    Slew   Delay    Time   Description
-----------------------------------------------------------------------------
                  0.00    0.05    0.05   clock core (rise edge)
                          0.05    0.10   clock network delay (ideal)
                          0.00    0.10 ^ input external delay
     1    0.00    0.00    0.00    0.10 ^ cio_gpio_i[3] (in)
                                         cio_gpio_i[3] (net)
                  0.00    0.00    0.10 ^ _1580_/D (sky130_fd_sc_hd__dfrtp_1)
                                  0.10   data arrival time

                  0.00    0.05    0.05   clock core (rise edge)
                          0.05    0.10   clock network delay (ideal)
                          0.01    0.11   clock uncertainty
                          0.00    0.11   clock reconvergence pessimism
                                  0.11 ^ _1580_/CLK (sky130_fd_sc_hd__dfrtp_1)
                         -0.03    0.08   library hold time
                                  0.08   data required time
-----------------------------------------------------------------------------
                                  0.08   data required time
                                 -0.10   data arrival time
-----------------------------------------------------------------------------
                                  0.02   slack (MET)



==========================================================================
floorplan final report_checks -path_delay max
--------------------------------------------------------------------------
Startpoint: _1571_ (rising edge-triggered flip-flop clocked by core)
Endpoint: _1392_ (recovery check against rising-edge clock core)
Path Group: asynchronous
Path Type: max

Fanout     Cap    Slew   Delay    Time   Description
-----------------------------------------------------------------------------
                  0.00    0.05    0.05   clock core (rise edge)
                          0.05    0.10   clock network delay (ideal)
                  0.00    0.00    0.10 ^ _1571_/CLK (sky130_fd_sc_hd__dfrtp_1)
   171    0.62    5.26    3.99    4.09 ^ _1571_/Q (sky130_fd_sc_hd__dfrtp_1)
                                         reg_rst_ni (net)
                  5.26    0.00    4.09 ^ _1392_/RESET_B (sky130_fd_sc_hd__dfrtp_1)
                                  4.09   data arrival time

                  0.00   10.05   10.05   clock core (rise edge)
                          0.05   10.10   clock network delay (ideal)
                         -0.02   10.08   clock uncertainty
                          0.00   10.08   clock reconvergence pessimism
                                 10.08 ^ _1392_/CLK (sky130_fd_sc_hd__dfrtp_1)
                         -1.19    8.88   library recovery time
                                  8.88   data required time
-----------------------------------------------------------------------------
                                  8.88   data required time
                                 -4.09   data arrival time
-----------------------------------------------------------------------------
                                  4.80   slack (MET)


Startpoint: axi_lite_i[10] (input port clocked by core)
Endpoint: axi_lite_o[39] (output port clocked by core)
Path Group: core
Path Type: max

Fanout     Cap    Slew   Delay    Time   Description
-----------------------------------------------------------------------------
                  0.00    0.05    0.05   clock core (rise edge)
                          0.05    0.10   clock network delay (ideal)
                          2.00    2.10 ^ input external delay
     1    0.00    0.00    0.00    2.10 ^ axi_lite_i[10] (in)
                                         axi_lite_i[10] (net)
                  0.00    0.00    2.10 ^ _0851_/B (sky130_fd_sc_hd__nand2_1)
     1    0.00    0.03    0.03    2.13 v _0851_/Y (sky130_fd_sc_hd__nand2_1)
                                         _0532_ (net)
                  0.03    0.00    2.13 v _0852_/B1 (sky130_fd_sc_hd__a21oi_1)
     5    0.01    0.33    0.27    2.40 ^ _0852_/Y (sky130_fd_sc_hd__a21oi_1)
                                         u_gpio_reg_axi_lite_o_39_ (net)
                  0.33    0.00    2.40 ^ _1666_/A (sky130_fd_sc_hd__buf_4)
     1    0.01    0.05    0.19    2.59 ^ _1666_/X (sky130_fd_sc_hd__buf_4)
                                         axi_lite_o[39] (net)
                  0.05    0.00    2.59 ^ axi_lite_o[39] (out)
                                  2.59   data arrival time

                  0.00   10.05   10.05   clock core (rise edge)
                          0.05   10.10   clock network delay (ideal)
                         -0.02   10.08   clock uncertainty
                          0.00   10.08   clock reconvergence pessimism
                         -2.00    8.08   output external delay
                                  8.08   data required time
-----------------------------------------------------------------------------
                                  8.08   data required time
                                 -2.59   data arrival time
-----------------------------------------------------------------------------
                                  5.49   slack (MET)



==========================================================================
floorplan final report_checks -unconstrained
--------------------------------------------------------------------------
Startpoint: _1571_ (rising edge-triggered flip-flop clocked by core)
Endpoint: _1392_ (recovery check against rising-edge clock core)
Path Group: asynchronous
Path Type: max

Fanout     Cap    Slew   Delay    Time   Description
-----------------------------------------------------------------------------
                  0.00    0.05    0.05   clock core (rise edge)
                          0.05    0.10   clock network delay (ideal)
                  0.00    0.00    0.10 ^ _1571_/CLK (sky130_fd_sc_hd__dfrtp_1)
   171    0.62    5.26    3.99    4.09 ^ _1571_/Q (sky130_fd_sc_hd__dfrtp_1)
                                         reg_rst_ni (net)
                  5.26    0.00    4.09 ^ _1392_/RESET_B (sky130_fd_sc_hd__dfrtp_1)
                                  4.09   data arrival time

                  0.00   10.05   10.05   clock core (rise edge)
                          0.05   10.10   clock network delay (ideal)
                         -0.02   10.08   clock uncertainty
                          0.00   10.08   clock reconvergence pessimism
                                 10.08 ^ _1392_/CLK (sky130_fd_sc_hd__dfrtp_1)
                         -1.19    8.88   library recovery time
                                  8.88   data required time
-----------------------------------------------------------------------------
                                  8.88   data required time
                                 -4.09   data arrival time
-----------------------------------------------------------------------------
                                  4.80   slack (MET)


Startpoint: axi_lite_i[10] (input port clocked by core)
Endpoint: axi_lite_o[39] (output port clocked by core)
Path Group: core
Path Type: max

Fanout     Cap    Slew   Delay    Time   Description
-----------------------------------------------------------------------------
                  0.00    0.05    0.05   clock core (rise edge)
                          0.05    0.10   clock network delay (ideal)
                          2.00    2.10 ^ input external delay
     1    0.00    0.00    0.00    2.10 ^ axi_lite_i[10] (in)
                                         axi_lite_i[10] (net)
                  0.00    0.00    2.10 ^ _0851_/B (sky130_fd_sc_hd__nand2_1)
     1    0.00    0.03    0.03    2.13 v _0851_/Y (sky130_fd_sc_hd__nand2_1)
                                         _0532_ (net)
                  0.03    0.00    2.13 v _0852_/B1 (sky130_fd_sc_hd__a21oi_1)
     5    0.01    0.33    0.27    2.40 ^ _0852_/Y (sky130_fd_sc_hd__a21oi_1)
                                         u_gpio_reg_axi_lite_o_39_ (net)
                  0.33    0.00    2.40 ^ _1666_/A (sky130_fd_sc_hd__buf_4)
     1    0.01    0.05    0.19    2.59 ^ _1666_/X (sky130_fd_sc_hd__buf_4)
                                         axi_lite_o[39] (net)
                  0.05    0.00    2.59 ^ axi_lite_o[39] (out)
                                  2.59   data arrival time

                  0.00   10.05   10.05   clock core (rise edge)
                          0.05   10.10   clock network delay (ideal)
                         -0.02   10.08   clock uncertainty
                          0.00   10.08   clock reconvergence pessimism
                         -2.00    8.08   output external delay
                                  8.08   data required time
-----------------------------------------------------------------------------
                                  8.08   data required time
                                 -2.59   data arrival time
-----------------------------------------------------------------------------
                                  5.49   slack (MET)



==========================================================================
floorplan final report_power
--------------------------------------------------------------------------
Group                  Internal  Switching    Leakage      Total
                          Power      Power      Power      Power (Watts)
----------------------------------------------------------------
Sequential             1.30e-03   1.81e-04   2.69e-09   1.48e-03  52.6%
Combinational          6.28e-04   7.13e-04   2.03e-09   1.34e-03  47.4%
Clock                  0.00e+00   0.00e+00   0.00e+00   0.00e+00   0.0%
Macro                  0.00e+00   0.00e+00   0.00e+00   0.00e+00   0.0%
Pad                    0.00e+00   0.00e+00   0.00e+00   0.00e+00   0.0%
----------------------------------------------------------------
Total                  1.93e-03   8.93e-04   4.72e-09   2.83e-03 100.0%
                          68.4%      31.6%       0.0%
