analysis=power_analysis corner=ss stage=post_syn
workload=smoke_sv_ss
gls_report=/tmp/flexsoc-develop-gpio/runs/gpio/develop/dv/functional/sim/post_syn/sky130/gpio_post_syn_smoke_sv_ss.json
activity_file=/tmp/flexsoc-develop-gpio/runs/gpio/develop/signoff/sky130/power/activity/captures/gpio_sky130_smoke_sv_ss.vcd
activity_scope=gpio_tb/u_gpio
liberty=/home/eneadim/github/flexsoc/.flexsoc/pdks/ciel/sky130/versions/f6eeac7dad085ffcc829ccfd721f7b4ce39edcf7/sky130A/libs.ref/sky130_fd_sc_hd/lib/sky130_fd_sc_hd__ss_n40C_1v76.lib
netlist=/tmp/flexsoc-develop-gpio/runs/gpio/develop/syn/sky130/gpio_synth.v
sdc=/tmp/flexsoc-develop-gpio/runs/gpio/develop/signoff/sky130/gpio.sdc
spef=

=== Units ===
 time 1ns
 capacitance 1pF
 resistance 1kohm
 voltage 1v
 current 1mA
 power 1nW
 distance 1um

=== Constraint validation ===

=== Activity annotation ===
annotated_percent=100.00%
Unannotated pins: none

=== Power summary ===
Group                  Internal  Switching    Leakage      Total
                          Power      Power      Power      Power (Watts)
----------------------------------------------------------------
Sequential             3.90e-04   2.17e-06   4.48e-10   3.93e-04  93.9%
Combinational          1.28e-05   1.29e-05   9.80e-10   2.57e-05   6.1%
Clock                  0.00e+00   0.00e+00   0.00e+00   0.00e+00   0.0%
Macro                  0.00e+00   0.00e+00   0.00e+00   0.00e+00   0.0%
Pad                    0.00e+00   0.00e+00   0.00e+00   0.00e+00   0.0%
----------------------------------------------------------------
Total                  4.03e-04   1.51e-05   1.43e-09   4.18e-04 100.0%
                          96.4%       3.6%       0.0%

=== FlexSoC normalized power fields ===
dynamic_power_definition=internal_power+switching_power
power_unit=OpenSTA report unit; see Units section
internal_power=0.000403
switching_power=1.51e-05
dynamic_power=0.00041809999999999997
leakage_power=1.43e-09
total_power=0.000418
