analysis=fusion_analysis corner=ff mode=setup stage=post_syn
workload=random_seed_1_sv_ff
methodology=staged_public_opensta
path_power_semantics=average_instance_power_in_same_analysis_context
activity_file=/home/eneadim/github/flexsoc/workspace/runs/cordic/dev/signoff/sky130/power/activity/captures/cordic_sky130_random_seed_1_sv_ff.vcd
activity_scope=cordic_tb/u_cordic
liberty=/home/eneadim/github/flexsoc/.flexsoc/pdks/ciel/sky130/versions/f6eeac7dad085ffcc829ccfd721f7b4ce39edcf7/sky130A/libs.ref/sky130_fd_sc_hd/lib/sky130_fd_sc_hd__ff_n40C_1v95_ccsnoise.lib
netlist=/home/eneadim/github/flexsoc/workspace/runs/cordic/dev/syn/sky130/cordic_synth.v
sdc=/home/eneadim/github/flexsoc/workspace/runs/cordic/dev/signoff/sky130/cordic.sdc
spef=

=== Units ===
 time 1ns
 capacitance 1pF
 resistance 1kohm
 voltage 1v
 current 1mA
 power 1nW
 distance 1um

=== Constraint validation ===

=== Timing summary ===
wns max wns max 0.00
tns max tns max 0.00

=== Power summary ===
Group                  Internal  Switching    Leakage      Total
                          Power      Power      Power      Power (Watts)
----------------------------------------------------------------
Sequential             1.41e-03   4.74e-06   3.89e-09   1.41e-03  94.0%
Combinational          3.79e-05   5.17e-05   8.36e-09   8.96e-05   6.0%
Clock                  0.00e+00   0.00e+00   0.00e+00   0.00e+00   0.0%
Macro                  0.00e+00   0.00e+00   0.00e+00   0.00e+00   0.0%
Pad                    0.00e+00   0.00e+00   0.00e+00   0.00e+00   0.0%
----------------------------------------------------------------
Total                  1.45e-03   5.64e-05   1.22e-08   1.50e-03 100.0%
                          96.2%       3.8%       0.0%

=== Worst timing paths (violated or met) ===
Startpoint: tl_i[64] (input port clocked by core)
Endpoint: _4436_ (rising edge-triggered flip-flop clocked by core)
Path Group: core
Path Type: max

Fanout         Cap        Slew       Delay        Time   Description
---------------------------------------------------------------------------------------------
                      0.000000    0.000000    0.000000   clock core (rise edge)
                                  0.000000    0.000000   clock network delay (ideal)
                                  2.000000    2.000000 v input external delay
     2    0.005179    0.000000    0.000000    2.000000 v tl_i[64] (in)
                                                         tl_i[64] (net)
                      0.000000    0.000000    2.000000 v _4367_/A (sky130_fd_sc_hd__nor2_1)
     2    0.005605    0.088499    0.078984    2.078984 ^ _4367_/Y (sky130_fd_sc_hd__nor2_1)
                                                         _1498_ (net)
                      0.088499    0.000000    2.078984 ^ _4368_/A (sky130_fd_sc_hd__clkinv_1)
     2    0.004316    0.040513    0.050798    2.129782 v _4368_/Y (sky130_fd_sc_hd__clkinv_1)
                                                         _1499_ (net)
                      0.040513    0.000000    2.129782 v _4369_/C (sky130_fd_sc_hd__nor3_1)
    27    0.067005    1.293955    0.958366    3.088148 ^ _4369_/Y (sky130_fd_sc_hd__nor3_1)
                                                         _1500_ (net)
                      1.293955    0.000000    3.088148 ^ _2535_/B (sky130_fd_sc_hd__nand2_1)
    64    0.124896    0.662680    0.663845    3.751993 v _2535_/Y (sky130_fd_sc_hd__nand2_1)
                                                         _1769_ (net)
                      0.662680    0.000000    3.751993 v _2597_/A2 (sky130_fd_sc_hd__o21ai_0)
     1    0.002086    0.163423    0.264483    4.016475 ^ _2597_/Y (sky130_fd_sc_hd__o21ai_0)
                                                         _0253_ (net)
                      0.163423    0.000000    4.016475 ^ _4436_/D (sky130_fd_sc_hd__dfrtp_1)
                                              4.016475   data arrival time

                      0.000000   10.000000   10.000000   clock core (rise edge)
                                  0.000000   10.000000   clock network delay (ideal)
                                  0.000000   10.000000   clock reconvergence pessimism
                                             10.000000 ^ _4436_/CLK (sky130_fd_sc_hd__dfrtp_1)
                                 -0.047637    9.952364   library setup time
                                              9.952364   data required time
---------------------------------------------------------------------------------------------
                                              9.952364   data required time
                                             -4.016475   data arrival time
---------------------------------------------------------------------------------------------
                                              5.935888   slack (MET)


Startpoint: tl_i[64] (input port clocked by core)
Endpoint: _4437_ (rising edge-triggered flip-flop clocked by core)
Path Group: core
Path Type: max

Fanout         Cap        Slew       Delay        Time   Description
---------------------------------------------------------------------------------------------
                      0.000000    0.000000    0.000000   clock core (rise edge)
                                  0.000000    0.000000   clock network delay (ideal)
                                  2.000000    2.000000 v input external delay
     2    0.005179    0.000000    0.000000    2.000000 v tl_i[64] (in)
                                                         tl_i[64] (net)
                      0.000000    0.000000    2.000000 v _4367_/A (sky130_fd_sc_hd__nor2_1)
     2    0.005605    0.088499    0.078984    2.078984 ^ _4367_/Y (sky130_fd_sc_hd__nor2_1)
                                                         _1498_ (net)
                      0.088499    0.000000    2.078984 ^ _4368_/A (sky130_fd_sc_hd__clkinv_1)
     2    0.004316    0.040513    0.050798    2.129782 v _4368_/Y (sky130_fd_sc_hd__clkinv_1)
                                                         _1499_ (net)
                      0.040513    0.000000    2.129782 v _4369_/C (sky130_fd_sc_hd__nor3_1)
    27    0.067005    1.293955    0.958366    3.088148 ^ _4369_/Y (sky130_fd_sc_hd__nor3_1)
                                                         _1500_ (net)
                      1.293955    0.000000    3.088148 ^ _2535_/B (sky130_fd_sc_hd__nand2_1)
    64    0.124896    0.662680    0.663845    3.751993 v _2535_/Y (sky130_fd_sc_hd__nand2_1)
                                                         _1769_ (net)
                      0.662680    0.000000    3.751993 v _2595_/A2 (sky130_fd_sc_hd__o21ai_0)
     1    0.002086    0.163423    0.264483    4.016475 ^ _2595_/Y (sky130_fd_sc_hd__o21ai_0)
                                                         _0252_ (net)
                      0.163423    0.000000    4.016475 ^ _4437_/D (sky130_fd_sc_hd__dfrtp_1)
                                              4.016475   data arrival time

                      0.000000   10.000000   10.000000   clock core (rise edge)
                                  0.000000   10.000000   clock network delay (ideal)
                                  0.000000   10.000000   clock reconvergence pessimism
                                             10.000000 ^ _4437_/CLK (sky130_fd_sc_hd__dfrtp_1)
                                 -0.047637    9.952364   library setup time
                                              9.952364   data required time
---------------------------------------------------------------------------------------------
                                              9.952364   data required time
                                             -4.016475   data arrival time
---------------------------------------------------------------------------------------------
                                              5.935888   slack (MET)


Startpoint: tl_i[64] (input port clocked by core)
Endpoint: _4438_ (rising edge-triggered flip-flop clocked by core)
Path Group: core
Path Type: max

Fanout         Cap        Slew       Delay        Time   Description
---------------------------------------------------------------------------------------------
                      0.000000    0.000000    0.000000   clock core (rise edge)
                                  0.000000    0.000000   clock network delay (ideal)
                                  2.000000    2.000000 v input external delay
     2    0.005179    0.000000    0.000000    2.000000 v tl_i[64] (in)
                                                         tl_i[64] (net)
                      0.000000    0.000000    2.000000 v _4367_/A (sky130_fd_sc_hd__nor2_1)
     2    0.005605    0.088499    0.078984    2.078984 ^ _4367_/Y (sky130_fd_sc_hd__nor2_1)
                                                         _1498_ (net)
                      0.088499    0.000000    2.078984 ^ _4368_/A (sky130_fd_sc_hd__clkinv_1)
     2    0.004316    0.040513    0.050798    2.129782 v _4368_/Y (sky130_fd_sc_hd__clkinv_1)
                                                         _1499_ (net)
                      0.040513    0.000000    2.129782 v _4369_/C (sky130_fd_sc_hd__nor3_1)
    27    0.067005    1.293955    0.958366    3.088148 ^ _4369_/Y (sky130_fd_sc_hd__nor3_1)
                                                         _1500_ (net)
                      1.293955    0.000000    3.088148 ^ _2535_/B (sky130_fd_sc_hd__nand2_1)
    64    0.124896    0.662680    0.663845    3.751993 v _2535_/Y (sky130_fd_sc_hd__nand2_1)
                                                         _1769_ (net)
                      0.662680    0.000000    3.751993 v _2593_/A2 (sky130_fd_sc_hd__o21ai_0)
     1    0.002086    0.163423    0.264483    4.016475 ^ _2593_/Y (sky130_fd_sc_hd__o21ai_0)
                                                         _0251_ (net)
                      0.163423    0.000000    4.016475 ^ _4438_/D (sky130_fd_sc_hd__dfrtp_1)
                                              4.016475   data arrival time

                      0.000000   10.000000   10.000000   clock core (rise edge)
                                  0.000000   10.000000   clock network delay (ideal)
                                  0.000000   10.000000   clock reconvergence pessimism
                                             10.000000 ^ _4438_/CLK (sky130_fd_sc_hd__dfrtp_1)
                                 -0.047637    9.952364   library setup time
                                              9.952364   data required time
---------------------------------------------------------------------------------------------
                                              9.952364   data required time
                                             -4.016475   data arrival time
---------------------------------------------------------------------------------------------
                                              5.935888   slack (MET)


Startpoint: tl_i[64] (input port clocked by core)
Endpoint: _4439_ (rising edge-triggered flip-flop clocked by core)
Path Group: core
Path Type: max

Fanout         Cap        Slew       Delay        Time   Description
---------------------------------------------------------------------------------------------
                      0.000000    0.000000    0.000000   clock core (rise edge)
                                  0.000000    0.000000   clock network delay (ideal)
                                  2.000000    2.000000 v input external delay
     2    0.005179    0.000000    0.000000    2.000000 v tl_i[64] (in)
                                                         tl_i[64] (net)
                      0.000000    0.000000    2.000000 v _4367_/A (sky130_fd_sc_hd__nor2_1)
     2    0.005605    0.088499    0.078984    2.078984 ^ _4367_/Y (sky130_fd_sc_hd__nor2_1)
                                                         _1498_ (net)
                      0.088499    0.000000    2.078984 ^ _4368_/A (sky130_fd_sc_hd__clkinv_1)
     2    0.004316    0.040513    0.050798    2.129782 v _4368_/Y (sky130_fd_sc_hd__clkinv_1)
                                                         _1499_ (net)
                      0.040513    0.000000    2.129782 v _4369_/C (sky130_fd_sc_hd__nor3_1)
    27    0.067005    1.293955    0.958366    3.088148 ^ _4369_/Y (sky130_fd_sc_hd__nor3_1)
                                                         _1500_ (net)
                      1.293955    0.000000    3.088148 ^ _2535_/B (sky130_fd_sc_hd__nand2_1)
    64    0.124896    0.662680    0.663845    3.751993 v _2535_/Y (sky130_fd_sc_hd__nand2_1)
                                                         _1769_ (net)
                      0.662680    0.000000    3.751993 v _2591_/A2 (sky130_fd_sc_hd__o21ai_0)
     1    0.002086    0.163423    0.264483    4.016475 ^ _2591_/Y (sky130_fd_sc_hd__o21ai_0)
                                                         _0250_ (net)
                      0.163423    0.000000    4.016475 ^ _4439_/D (sky130_fd_sc_hd__dfrtp_1)
                                              4.016475   data arrival time

                      0.000000   10.000000   10.000000   clock core (rise edge)
                                  0.000000   10.000000   clock network delay (ideal)
                                  0.000000   10.000000   clock reconvergence pessimism
                                             10.000000 ^ _4439_/CLK (sky130_fd_sc_hd__dfrtp_1)
                                 -0.047637    9.952364   library setup time
                                              9.952364   data required time
---------------------------------------------------------------------------------------------
                                              9.952364   data required time
                                             -4.016475   data arrival time
---------------------------------------------------------------------------------------------
                                              5.935888   slack (MET)


Startpoint: tl_i[64] (input port clocked by core)
Endpoint: _4440_ (rising edge-triggered flip-flop clocked by core)
Path Group: core
Path Type: max

Fanout         Cap        Slew       Delay        Time   Description
---------------------------------------------------------------------------------------------
                      0.000000    0.000000    0.000000   clock core (rise edge)
                                  0.000000    0.000000   clock network delay (ideal)
                                  2.000000    2.000000 v input external delay
     2    0.005179    0.000000    0.000000    2.000000 v tl_i[64] (in)
                                                         tl_i[64] (net)
                      0.000000    0.000000    2.000000 v _4367_/A (sky130_fd_sc_hd__nor2_1)
     2    0.005605    0.088499    0.078984    2.078984 ^ _4367_/Y (sky130_fd_sc_hd__nor2_1)
                                                         _1498_ (net)
                      0.088499    0.000000    2.078984 ^ _4368_/A (sky130_fd_sc_hd__clkinv_1)
     2    0.004316    0.040513    0.050798    2.129782 v _4368_/Y (sky130_fd_sc_hd__clkinv_1)
                                                         _1499_ (net)
                      0.040513    0.000000    2.129782 v _4369_/C (sky130_fd_sc_hd__nor3_1)
    27    0.067005    1.293955    0.958366    3.088148 ^ _4369_/Y (sky130_fd_sc_hd__nor3_1)
                                                         _1500_ (net)
                      1.293955    0.000000    3.088148 ^ _2535_/B (sky130_fd_sc_hd__nand2_1)
    64    0.124896    0.662680    0.663845    3.751993 v _2535_/Y (sky130_fd_sc_hd__nand2_1)
                                                         _1769_ (net)
                      0.662680    0.000000    3.751993 v _2589_/A2 (sky130_fd_sc_hd__o21ai_0)
     1    0.002086    0.163423    0.264483    4.016475 ^ _2589_/Y (sky130_fd_sc_hd__o21ai_0)
                                                         _0249_ (net)
                      0.163423    0.000000    4.016475 ^ _4440_/D (sky130_fd_sc_hd__dfrtp_1)
                                              4.016475   data arrival time

                      0.000000   10.000000   10.000000   clock core (rise edge)
                                  0.000000   10.000000   clock network delay (ideal)
                                  0.000000   10.000000   clock reconvergence pessimism
                                             10.000000 ^ _4440_/CLK (sky130_fd_sc_hd__dfrtp_1)
                                 -0.047637    9.952364   library setup time
                                              9.952364   data required time
---------------------------------------------------------------------------------------------
                                              9.952364   data required time
                                             -4.016475   data arrival time
---------------------------------------------------------------------------------------------
                                              5.935888   slack (MET)


Startpoint: tl_i[64] (input port clocked by core)
Endpoint: _4441_ (rising edge-triggered flip-flop clocked by core)
Path Group: core
Path Type: max

Fanout         Cap        Slew       Delay        Time   Description
---------------------------------------------------------------------------------------------
                      0.000000    0.000000    0.000000   clock core (rise edge)
                                  0.000000    0.000000   clock network delay (ideal)
                                  2.000000    2.000000 v input external delay
     2    0.005179    0.000000    0.000000    2.000000 v tl_i[64] (in)
                                                         tl_i[64] (net)
                      0.000000    0.000000    2.000000 v _4367_/A (sky130_fd_sc_hd__nor2_1)
     2    0.005605    0.088499    0.078984    2.078984 ^ _4367_/Y (sky130_fd_sc_hd__nor2_1)
                                                         _1498_ (net)
                      0.088499    0.000000    2.078984 ^ _4368_/A (sky130_fd_sc_hd__clkinv_1)
     2    0.004316    0.040513    0.050798    2.129782 v _4368_/Y (sky130_fd_sc_hd__clkinv_1)
                                                         _1499_ (net)
                      0.040513    0.000000    2.129782 v _4369_/C (sky130_fd_sc_hd__nor3_1)
    27    0.067005    1.293955    0.958366    3.088148 ^ _4369_/Y (sky130_fd_sc_hd__nor3_1)
                                                         _1500_ (net)
                      1.293955    0.000000    3.088148 ^ _2535_/B (sky130_fd_sc_hd__nand2_1)
    64    0.124896    0.662680    0.663845    3.751993 v _2535_/Y (sky130_fd_sc_hd__nand2_1)
                                                         _1769_ (net)
                      0.662680    0.000000    3.751993 v _2587_/A2 (sky130_fd_sc_hd__o21ai_0)
     1    0.002086    0.163423    0.264483    4.016475 ^ _2587_/Y (sky130_fd_sc_hd__o21ai_0)
                                                         _0248_ (net)
                      0.163423    0.000000    4.016475 ^ _4441_/D (sky130_fd_sc_hd__dfrtp_1)
                                              4.016475   data arrival time

                      0.000000   10.000000   10.000000   clock core (rise edge)
                                  0.000000   10.000000   clock network delay (ideal)
                                  0.000000   10.000000   clock reconvergence pessimism
                                             10.000000 ^ _4441_/CLK (sky130_fd_sc_hd__dfrtp_1)
                                 -0.047637    9.952364   library setup time
                                              9.952364   data required time
---------------------------------------------------------------------------------------------
                                              9.952364   data required time
                                             -4.016475   data arrival time
---------------------------------------------------------------------------------------------
                                              5.935888   slack (MET)


Startpoint: tl_i[64] (input port clocked by core)
Endpoint: _4442_ (rising edge-triggered flip-flop clocked by core)
Path Group: core
Path Type: max

Fanout         Cap        Slew       Delay        Time   Description
---------------------------------------------------------------------------------------------
                      0.000000    0.000000    0.000000   clock core (rise edge)
                                  0.000000    0.000000   clock network delay (ideal)
                                  2.000000    2.000000 v input external delay
     2    0.005179    0.000000    0.000000    2.000000 v tl_i[64] (in)
                                                         tl_i[64] (net)
                      0.000000    0.000000    2.000000 v _4367_/A (sky130_fd_sc_hd__nor2_1)
     2    0.005605    0.088499    0.078984    2.078984 ^ _4367_/Y (sky130_fd_sc_hd__nor2_1)
                                                         _1498_ (net)
                      0.088499    0.000000    2.078984 ^ _4368_/A (sky130_fd_sc_hd__clkinv_1)
     2    0.004316    0.040513    0.050798    2.129782 v _4368_/Y (sky130_fd_sc_hd__clkinv_1)
                                                         _1499_ (net)
                      0.040513    0.000000    2.129782 v _4369_/C (sky130_fd_sc_hd__nor3_1)
    27    0.067005    1.293955    0.958366    3.088148 ^ _4369_/Y (sky130_fd_sc_hd__nor3_1)
                                                         _1500_ (net)
                      1.293955    0.000000    3.088148 ^ _2535_/B (sky130_fd_sc_hd__nand2_1)
    64    0.124896    0.662680    0.663845    3.751993 v _2535_/Y (sky130_fd_sc_hd__nand2_1)
                                                         _1769_ (net)
                      0.662680    0.000000    3.751993 v _2585_/A2 (sky130_fd_sc_hd__o21ai_0)
     1    0.002086    0.163423    0.264483    4.016475 ^ _2585_/Y (sky130_fd_sc_hd__o21ai_0)
                                                         _0247_ (net)
                      0.163423    0.000000    4.016475 ^ _4442_/D (sky130_fd_sc_hd__dfrtp_1)
                                              4.016475   data arrival time

                      0.000000   10.000000   10.000000   clock core (rise edge)
                                  0.000000   10.000000   clock network delay (ideal)
                                  0.000000   10.000000   clock reconvergence pessimism
                                             10.000000 ^ _4442_/CLK (sky130_fd_sc_hd__dfrtp_1)
                                 -0.047637    9.952364   library setup time
                                              9.952364   data required time
---------------------------------------------------------------------------------------------
                                              9.952364   data required time
                                             -4.016475   data arrival time
---------------------------------------------------------------------------------------------
                                              5.935888   slack (MET)


Startpoint: tl_i[64] (input port clocked by core)
Endpoint: _4443_ (rising edge-triggered flip-flop clocked by core)
Path Group: core
Path Type: max

Fanout         Cap        Slew       Delay        Time   Description
---------------------------------------------------------------------------------------------
                      0.000000    0.000000    0.000000   clock core (rise edge)
                                  0.000000    0.000000   clock network delay (ideal)
                                  2.000000    2.000000 v input external delay
     2    0.005179    0.000000    0.000000    2.000000 v tl_i[64] (in)
                                                         tl_i[64] (net)
                      0.000000    0.000000    2.000000 v _4367_/A (sky130_fd_sc_hd__nor2_1)
     2    0.005605    0.088499    0.078984    2.078984 ^ _4367_/Y (sky130_fd_sc_hd__nor2_1)
                                                         _1498_ (net)
                      0.088499    0.000000    2.078984 ^ _4368_/A (sky130_fd_sc_hd__clkinv_1)
     2    0.004316    0.040513    0.050798    2.129782 v _4368_/Y (sky130_fd_sc_hd__clkinv_1)
                                                         _1499_ (net)
                      0.040513    0.000000    2.129782 v _4369_/C (sky130_fd_sc_hd__nor3_1)
    27    0.067005    1.293955    0.958366    3.088148 ^ _4369_/Y (sky130_fd_sc_hd__nor3_1)
                                                         _1500_ (net)
                      1.293955    0.000000    3.088148 ^ _2535_/B (sky130_fd_sc_hd__nand2_1)
    64    0.124896    0.662680    0.663845    3.751993 v _2535_/Y (sky130_fd_sc_hd__nand2_1)
                                                         _1769_ (net)
                      0.662680    0.000000    3.751993 v _2583_/A2 (sky130_fd_sc_hd__o21ai_0)
     1    0.002086    0.163423    0.264483    4.016475 ^ _2583_/Y (sky130_fd_sc_hd__o21ai_0)
                                                         _0246_ (net)
                      0.163423    0.000000    4.016475 ^ _4443_/D (sky130_fd_sc_hd__dfrtp_1)
                                              4.016475   data arrival time

                      0.000000   10.000000   10.000000   clock core (rise edge)
                                  0.000000   10.000000   clock network delay (ideal)
                                  0.000000   10.000000   clock reconvergence pessimism
                                             10.000000 ^ _4443_/CLK (sky130_fd_sc_hd__dfrtp_1)
                                 -0.047637    9.952364   library setup time
                                              9.952364   data required time
---------------------------------------------------------------------------------------------
                                              9.952364   data required time
                                             -4.016475   data arrival time
---------------------------------------------------------------------------------------------
                                              5.935888   slack (MET)


Startpoint: tl_i[64] (input port clocked by core)
Endpoint: _4444_ (rising edge-triggered flip-flop clocked by core)
Path Group: core
Path Type: max

Fanout         Cap        Slew       Delay        Time   Description
---------------------------------------------------------------------------------------------
                      0.000000    0.000000    0.000000   clock core (rise edge)
                                  0.000000    0.000000   clock network delay (ideal)
                                  2.000000    2.000000 v input external delay
     2    0.005179    0.000000    0.000000    2.000000 v tl_i[64] (in)
                                                         tl_i[64] (net)
                      0.000000    0.000000    2.000000 v _4367_/A (sky130_fd_sc_hd__nor2_1)
     2    0.005605    0.088499    0.078984    2.078984 ^ _4367_/Y (sky130_fd_sc_hd__nor2_1)
                                                         _1498_ (net)
                      0.088499    0.000000    2.078984 ^ _4368_/A (sky130_fd_sc_hd__clkinv_1)
     2    0.004316    0.040513    0.050798    2.129782 v _4368_/Y (sky130_fd_sc_hd__clkinv_1)
                                                         _1499_ (net)
                      0.040513    0.000000    2.129782 v _4369_/C (sky130_fd_sc_hd__nor3_1)
    27    0.067005    1.293955    0.958366    3.088148 ^ _4369_/Y (sky130_fd_sc_hd__nor3_1)
                                                         _1500_ (net)
                      1.293955    0.000000    3.088148 ^ _2535_/B (sky130_fd_sc_hd__nand2_1)
    64    0.124896    0.662680    0.663845    3.751993 v _2535_/Y (sky130_fd_sc_hd__nand2_1)
                                                         _1769_ (net)
                      0.662680    0.000000    3.751993 v _2581_/A2 (sky130_fd_sc_hd__o21ai_0)
     1    0.002086    0.163423    0.264483    4.016475 ^ _2581_/Y (sky130_fd_sc_hd__o21ai_0)
                                                         _0245_ (net)
                      0.163423    0.000000    4.016475 ^ _4444_/D (sky130_fd_sc_hd__dfrtp_1)
                                              4.016475   data arrival time

                      0.000000   10.000000   10.000000   clock core (rise edge)
                                  0.000000   10.000000   clock network delay (ideal)
                                  0.000000   10.000000   clock reconvergence pessimism
                                             10.000000 ^ _4444_/CLK (sky130_fd_sc_hd__dfrtp_1)
                                 -0.047637    9.952364   library setup time
                                              9.952364   data required time
---------------------------------------------------------------------------------------------
                                              9.952364   data required time
                                             -4.016475   data arrival time
---------------------------------------------------------------------------------------------
                                              5.935888   slack (MET)


Startpoint: tl_i[64] (input port clocked by core)
Endpoint: _4445_ (rising edge-triggered flip-flop clocked by core)
Path Group: core
Path Type: max

Fanout         Cap        Slew       Delay        Time   Description
---------------------------------------------------------------------------------------------
                      0.000000    0.000000    0.000000   clock core (rise edge)
                                  0.000000    0.000000   clock network delay (ideal)
                                  2.000000    2.000000 v input external delay
     2    0.005179    0.000000    0.000000    2.000000 v tl_i[64] (in)
                                                         tl_i[64] (net)
                      0.000000    0.000000    2.000000 v _4367_/A (sky130_fd_sc_hd__nor2_1)
     2    0.005605    0.088499    0.078984    2.078984 ^ _4367_/Y (sky130_fd_sc_hd__nor2_1)
                                                         _1498_ (net)
                      0.088499    0.000000    2.078984 ^ _4368_/A (sky130_fd_sc_hd__clkinv_1)
     2    0.004316    0.040513    0.050798    2.129782 v _4368_/Y (sky130_fd_sc_hd__clkinv_1)
                                                         _1499_ (net)
                      0.040513    0.000000    2.129782 v _4369_/C (sky130_fd_sc_hd__nor3_1)
    27    0.067005    1.293955    0.958366    3.088148 ^ _4369_/Y (sky130_fd_sc_hd__nor3_1)
                                                         _1500_ (net)
                      1.293955    0.000000    3.088148 ^ _2535_/B (sky130_fd_sc_hd__nand2_1)
    64    0.124896    0.662680    0.663845    3.751993 v _2535_/Y (sky130_fd_sc_hd__nand2_1)
                                                         _1769_ (net)
                      0.662680    0.000000    3.751993 v _2579_/A2 (sky130_fd_sc_hd__o21ai_0)
     1    0.002086    0.163423    0.264483    4.016475 ^ _2579_/Y (sky130_fd_sc_hd__o21ai_0)
                                                         _0244_ (net)
                      0.163423    0.000000    4.016475 ^ _4445_/D (sky130_fd_sc_hd__dfrtp_1)
                                              4.016475   data arrival time

                      0.000000   10.000000   10.000000   clock core (rise edge)
                                  0.000000   10.000000   clock network delay (ideal)
                                  0.000000   10.000000   clock reconvergence pessimism
                                             10.000000 ^ _4445_/CLK (sky130_fd_sc_hd__dfrtp_1)
                                 -0.047637    9.952364   library setup time
                                              9.952364   data required time
---------------------------------------------------------------------------------------------
                                              9.952364   data required time
                                             -4.016475   data arrival time
---------------------------------------------------------------------------------------------
                                              5.935888   slack (MET)


Startpoint: rst_ni (input port clocked by core)
Endpoint: _4598_ (recovery check against rising-edge clock core)
Path Group: asynchronous
Path Type: max

Fanout         Cap        Slew       Delay        Time   Description
---------------------------------------------------------------------------------------------
                      0.000000    0.000000    0.000000   clock core (rise edge)
                                  0.000000    0.000000   clock network delay (ideal)
                                  2.000000    2.000000 ^ input external delay
   293    1.060897    0.000000    0.000000    2.000000 ^ rst_ni (in)
                                                         rst_ni (net)
                      0.000000    0.000000    2.000000 ^ _4598_/SET_B (sky130_fd_sc_hd__dfstp_2)
                                              2.000000   data arrival time

                      0.000000   10.000000   10.000000   clock core (rise edge)
                                  0.000000   10.000000   clock network delay (ideal)
                                  0.000000   10.000000   clock reconvergence pessimism
                                             10.000000 ^ _4598_/CLK (sky130_fd_sc_hd__dfstp_2)
                                  0.079513   10.079513   library recovery time
                                             10.079513   data required time
---------------------------------------------------------------------------------------------
                                             10.079513   data required time
                                             -2.000000   data arrival time
---------------------------------------------------------------------------------------------
                                              8.079513   slack (MET)


Startpoint: rst_ni (input port clocked by core)
Endpoint: _4421_ (recovery check against rising-edge clock core)
Path Group: asynchronous
Path Type: max

Fanout         Cap        Slew       Delay        Time   Description
---------------------------------------------------------------------------------------------
                      0.000000    0.000000    0.000000   clock core (rise edge)
                                  0.000000    0.000000   clock network delay (ideal)
                                  2.000000    2.000000 ^ input external delay
   293    1.060897    0.000000    0.000000    2.000000 ^ rst_ni (in)
                                                         rst_ni (net)
                      0.000000    0.000000    2.000000 ^ _4421_/RESET_B (sky130_fd_sc_hd__dfrtp_1)
                                              2.000000   data arrival time

                      0.000000   10.000000   10.000000   clock core (rise edge)
                                  0.000000   10.000000   clock network delay (ideal)
                                  0.000000   10.000000   clock reconvergence pessimism
                                             10.000000 ^ _4421_/CLK (sky130_fd_sc_hd__dfrtp_1)
                                  0.144888   10.144888   library recovery time
                                             10.144888   data required time
---------------------------------------------------------------------------------------------
                                             10.144888   data required time
                                             -2.000000   data arrival time
---------------------------------------------------------------------------------------------
                                              8.144888   slack (MET)


Startpoint: rst_ni (input port clocked by core)
Endpoint: _4422_ (recovery check against rising-edge clock core)
Path Group: asynchronous
Path Type: max

Fanout         Cap        Slew       Delay        Time   Description
---------------------------------------------------------------------------------------------
                      0.000000    0.000000    0.000000   clock core (rise edge)
                                  0.000000    0.000000   clock network delay (ideal)
                                  2.000000    2.000000 ^ input external delay
   293    1.060897    0.000000    0.000000    2.000000 ^ rst_ni (in)
                                                         rst_ni (net)
                      0.000000    0.000000    2.000000 ^ _4422_/RESET_B (sky130_fd_sc_hd__dfrtp_1)
                                              2.000000   data arrival time

                      0.000000   10.000000   10.000000   clock core (rise edge)
                                  0.000000   10.000000   clock network delay (ideal)
                                  0.000000   10.000000   clock reconvergence pessimism
                                             10.000000 ^ _4422_/CLK (sky130_fd_sc_hd__dfrtp_1)
                                  0.144888   10.144888   library recovery time
                                             10.144888   data required time
---------------------------------------------------------------------------------------------
                                             10.144888   data required time
                                             -2.000000   data arrival time
---------------------------------------------------------------------------------------------
                                              8.144888   slack (MET)


Startpoint: rst_ni (input port clocked by core)
Endpoint: _4423_ (recovery check against rising-edge clock core)
Path Group: asynchronous
Path Type: max

Fanout         Cap        Slew       Delay        Time   Description
---------------------------------------------------------------------------------------------
                      0.000000    0.000000    0.000000   clock core (rise edge)
                                  0.000000    0.000000   clock network delay (ideal)
                                  2.000000    2.000000 ^ input external delay
   293    1.060897    0.000000    0.000000    2.000000 ^ rst_ni (in)
                                                         rst_ni (net)
                      0.000000    0.000000    2.000000 ^ _4423_/RESET_B (sky130_fd_sc_hd__dfrtp_1)
                                              2.000000   data arrival time

                      0.000000   10.000000   10.000000   clock core (rise edge)
                                  0.000000   10.000000   clock network delay (ideal)
                                  0.000000   10.000000   clock reconvergence pessimism
                                             10.000000 ^ _4423_/CLK (sky130_fd_sc_hd__dfrtp_1)
                                  0.144888   10.144888   library recovery time
                                             10.144888   data required time
---------------------------------------------------------------------------------------------
                                             10.144888   data required time
                                             -2.000000   data arrival time
---------------------------------------------------------------------------------------------
                                              8.144888   slack (MET)


Startpoint: rst_ni (input port clocked by core)
Endpoint: _4424_ (recovery check against rising-edge clock core)
Path Group: asynchronous
Path Type: max

Fanout         Cap        Slew       Delay        Time   Description
---------------------------------------------------------------------------------------------
                      0.000000    0.000000    0.000000   clock core (rise edge)
                                  0.000000    0.000000   clock network delay (ideal)
                                  2.000000    2.000000 ^ input external delay
   293    1.060897    0.000000    0.000000    2.000000 ^ rst_ni (in)
                                                         rst_ni (net)
                      0.000000    0.000000    2.000000 ^ _4424_/RESET_B (sky130_fd_sc_hd__dfrtp_1)
                                              2.000000   data arrival time

                      0.000000   10.000000   10.000000   clock core (rise edge)
                                  0.000000   10.000000   clock network delay (ideal)
                                  0.000000   10.000000   clock reconvergence pessimism
                                             10.000000 ^ _4424_/CLK (sky130_fd_sc_hd__dfrtp_1)
                                  0.144888   10.144888   library recovery time
                                             10.144888   data required time
---------------------------------------------------------------------------------------------
                                             10.144888   data required time
                                             -2.000000   data arrival time
---------------------------------------------------------------------------------------------
                                              8.144888   slack (MET)


Startpoint: rst_ni (input port clocked by core)
Endpoint: _4425_ (recovery check against rising-edge clock core)
Path Group: asynchronous
Path Type: max

Fanout         Cap        Slew       Delay        Time   Description
---------------------------------------------------------------------------------------------
                      0.000000    0.000000    0.000000   clock core (rise edge)
                                  0.000000    0.000000   clock network delay (ideal)
                                  2.000000    2.000000 ^ input external delay
   293    1.060897    0.000000    0.000000    2.000000 ^ rst_ni (in)
                                                         rst_ni (net)
                      0.000000    0.000000    2.000000 ^ _4425_/RESET_B (sky130_fd_sc_hd__dfrtp_1)
                                              2.000000   data arrival time

                      0.000000   10.000000   10.000000   clock core (rise edge)
                                  0.000000   10.000000   clock network delay (ideal)
                                  0.000000   10.000000   clock reconvergence pessimism
                                             10.000000 ^ _4425_/CLK (sky130_fd_sc_hd__dfrtp_1)
                                  0.144888   10.144888   library recovery time
                                             10.144888   data required time
---------------------------------------------------------------------------------------------
                                             10.144888   data required time
                                             -2.000000   data arrival time
---------------------------------------------------------------------------------------------
                                              8.144888   slack (MET)


Startpoint: rst_ni (input port clocked by core)
Endpoint: _4426_ (recovery check against rising-edge clock core)
Path Group: asynchronous
Path Type: max

Fanout         Cap        Slew       Delay        Time   Description
---------------------------------------------------------------------------------------------
                      0.000000    0.000000    0.000000   clock core (rise edge)
                                  0.000000    0.000000   clock network delay (ideal)
                                  2.000000    2.000000 ^ input external delay
   293    1.060897    0.000000    0.000000    2.000000 ^ rst_ni (in)
                                                         rst_ni (net)
                      0.000000    0.000000    2.000000 ^ _4426_/RESET_B (sky130_fd_sc_hd__dfrtp_1)
                                              2.000000   data arrival time

                      0.000000   10.000000   10.000000   clock core (rise edge)
                                  0.000000   10.000000   clock network delay (ideal)
                                  0.000000   10.000000   clock reconvergence pessimism
                                             10.000000 ^ _4426_/CLK (sky130_fd_sc_hd__dfrtp_1)
                                  0.144888   10.144888   library recovery time
                                             10.144888   data required time
---------------------------------------------------------------------------------------------
                                             10.144888   data required time
                                             -2.000000   data arrival time
---------------------------------------------------------------------------------------------
                                              8.144888   slack (MET)


Startpoint: rst_ni (input port clocked by core)
Endpoint: _4427_ (recovery check against rising-edge clock core)
Path Group: asynchronous
Path Type: max

Fanout         Cap        Slew       Delay        Time   Description
---------------------------------------------------------------------------------------------
                      0.000000    0.000000    0.000000   clock core (rise edge)
                                  0.000000    0.000000   clock network delay (ideal)
                                  2.000000    2.000000 ^ input external delay
   293    1.060897    0.000000    0.000000    2.000000 ^ rst_ni (in)
                                                         rst_ni (net)
                      0.000000    0.000000    2.000000 ^ _4427_/RESET_B (sky130_fd_sc_hd__dfrtp_1)
                                              2.000000   data arrival time

                      0.000000   10.000000   10.000000   clock core (rise edge)
                                  0.000000   10.000000   clock network delay (ideal)
                                  0.000000   10.000000   clock reconvergence pessimism
                                             10.000000 ^ _4427_/CLK (sky130_fd_sc_hd__dfrtp_1)
                                  0.144888   10.144888   library recovery time
                                             10.144888   data required time
---------------------------------------------------------------------------------------------
                                             10.144888   data required time
                                             -2.000000   data arrival time
---------------------------------------------------------------------------------------------
                                              8.144888   slack (MET)


Startpoint: rst_ni (input port clocked by core)
Endpoint: _4428_ (recovery check against rising-edge clock core)
Path Group: asynchronous
Path Type: max

Fanout         Cap        Slew       Delay        Time   Description
---------------------------------------------------------------------------------------------
                      0.000000    0.000000    0.000000   clock core (rise edge)
                                  0.000000    0.000000   clock network delay (ideal)
                                  2.000000    2.000000 ^ input external delay
   293    1.060897    0.000000    0.000000    2.000000 ^ rst_ni (in)
                                                         rst_ni (net)
                      0.000000    0.000000    2.000000 ^ _4428_/RESET_B (sky130_fd_sc_hd__dfrtp_1)
                                              2.000000   data arrival time

                      0.000000   10.000000   10.000000   clock core (rise edge)
                                  0.000000   10.000000   clock network delay (ideal)
                                  0.000000   10.000000   clock reconvergence pessimism
                                             10.000000 ^ _4428_/CLK (sky130_fd_sc_hd__dfrtp_1)
                                  0.144888   10.144888   library recovery time
                                             10.144888   data required time
---------------------------------------------------------------------------------------------
                                             10.144888   data required time
                                             -2.000000   data arrival time
---------------------------------------------------------------------------------------------
                                              8.144888   slack (MET)


Startpoint: rst_ni (input port clocked by core)
Endpoint: _4429_ (recovery check against rising-edge clock core)
Path Group: asynchronous
Path Type: max

Fanout         Cap        Slew       Delay        Time   Description
---------------------------------------------------------------------------------------------
                      0.000000    0.000000    0.000000   clock core (rise edge)
                                  0.000000    0.000000   clock network delay (ideal)
                                  2.000000    2.000000 ^ input external delay
   293    1.060897    0.000000    0.000000    2.000000 ^ rst_ni (in)
                                                         rst_ni (net)
                      0.000000    0.000000    2.000000 ^ _4429_/RESET_B (sky130_fd_sc_hd__dfrtp_1)
                                              2.000000   data arrival time

                      0.000000   10.000000   10.000000   clock core (rise edge)
                                  0.000000   10.000000   clock network delay (ideal)
                                  0.000000   10.000000   clock reconvergence pessimism
                                             10.000000 ^ _4429_/CLK (sky130_fd_sc_hd__dfrtp_1)
                                  0.144888   10.144888   library recovery time
                                             10.144888   data required time
---------------------------------------------------------------------------------------------
                                             10.144888   data required time
                                             -2.000000   data arrival time
---------------------------------------------------------------------------------------------
                                              8.144888   slack (MET)

=== FlexSoC normalized power fields ===
dynamic_power_definition=internal_power+switching_power
power_unit=OpenSTA report unit; see Units section
internal_power=0.00145
switching_power=5.64e-05
dynamic_power=0.0015064
leakage_power=1.22e-08
total_power=0.0015

=== Gate-level timing/power fusion ===
power_semantics=average_instance_power_from_the_same_VCD_SAIF_context
path_power_sum=unique_instance_average_power_sum_not_incremental_path_energy
fanout_capacitance_source=OpenSTA_report_checks_output_pin_fields

Worst path 1: status=met slack=5.93589 type=max group=core
startpoint=tl_i[64] (input port clocked by core)
endpoint=_4436_ (rising edge-triggered flip-flop clocked by core)
path_power_complete=false missing_power_instances=_2535_,_2597_,_4367_,_4368_,_4369_,_4436_
path_average_power_sum internal=0 switching=0 dynamic=0 leakage=0 total=0
stage instance cell pins fanout capacitance slew delay arrival internal switching dynamic leakage total
1 _4367_ sky130_fd_sc_hd__nor2_1 A,Y 2 0.005605 0.088499 0.078984 2.07898 - - - - -
2 _4368_ sky130_fd_sc_hd__clkinv_1 A,Y 2 0.004316 0.040513 0.050798 2.12978 - - - - -
3 _4369_ sky130_fd_sc_hd__nor3_1 C,Y 27 0.067005 1.29395 0.958366 3.08815 - - - - -
4 _2535_ sky130_fd_sc_hd__nand2_1 B,Y 64 0.124896 0.66268 0.663845 3.75199 - - - - -
5 _2597_ sky130_fd_sc_hd__o21ai_0 A2,Y 1 0.002086 0.163423 0.264483 4.01647 - - - - -
6 _4436_ sky130_fd_sc_hd__dfrtp_1 D - - 0.163423 0 4.01647 - - - - -

Worst path 2: status=met slack=5.93589 type=max group=core
startpoint=tl_i[64] (input port clocked by core)
endpoint=_4437_ (rising edge-triggered flip-flop clocked by core)
path_power_complete=false missing_power_instances=_2535_,_2595_,_4367_,_4368_,_4369_,_4437_
path_average_power_sum internal=0 switching=0 dynamic=0 leakage=0 total=0
stage instance cell pins fanout capacitance slew delay arrival internal switching dynamic leakage total
1 _4367_ sky130_fd_sc_hd__nor2_1 A,Y 2 0.005605 0.088499 0.078984 2.07898 - - - - -
2 _4368_ sky130_fd_sc_hd__clkinv_1 A,Y 2 0.004316 0.040513 0.050798 2.12978 - - - - -
3 _4369_ sky130_fd_sc_hd__nor3_1 C,Y 27 0.067005 1.29395 0.958366 3.08815 - - - - -
4 _2535_ sky130_fd_sc_hd__nand2_1 B,Y 64 0.124896 0.66268 0.663845 3.75199 - - - - -
5 _2595_ sky130_fd_sc_hd__o21ai_0 A2,Y 1 0.002086 0.163423 0.264483 4.01647 - - - - -
6 _4437_ sky130_fd_sc_hd__dfrtp_1 D - - 0.163423 0 4.01647 - - - - -

Worst path 3: status=met slack=5.93589 type=max group=core
startpoint=tl_i[64] (input port clocked by core)
endpoint=_4438_ (rising edge-triggered flip-flop clocked by core)
path_power_complete=false missing_power_instances=_2535_,_2593_,_4367_,_4368_,_4369_,_4438_
path_average_power_sum internal=0 switching=0 dynamic=0 leakage=0 total=0
stage instance cell pins fanout capacitance slew delay arrival internal switching dynamic leakage total
1 _4367_ sky130_fd_sc_hd__nor2_1 A,Y 2 0.005605 0.088499 0.078984 2.07898 - - - - -
2 _4368_ sky130_fd_sc_hd__clkinv_1 A,Y 2 0.004316 0.040513 0.050798 2.12978 - - - - -
3 _4369_ sky130_fd_sc_hd__nor3_1 C,Y 27 0.067005 1.29395 0.958366 3.08815 - - - - -
4 _2535_ sky130_fd_sc_hd__nand2_1 B,Y 64 0.124896 0.66268 0.663845 3.75199 - - - - -
5 _2593_ sky130_fd_sc_hd__o21ai_0 A2,Y 1 0.002086 0.163423 0.264483 4.01647 - - - - -
6 _4438_ sky130_fd_sc_hd__dfrtp_1 D - - 0.163423 0 4.01647 - - - - -

Worst path 4: status=met slack=5.93589 type=max group=core
startpoint=tl_i[64] (input port clocked by core)
endpoint=_4439_ (rising edge-triggered flip-flop clocked by core)
path_power_complete=false missing_power_instances=_2535_,_2591_,_4367_,_4368_,_4369_,_4439_
path_average_power_sum internal=0 switching=0 dynamic=0 leakage=0 total=0
stage instance cell pins fanout capacitance slew delay arrival internal switching dynamic leakage total
1 _4367_ sky130_fd_sc_hd__nor2_1 A,Y 2 0.005605 0.088499 0.078984 2.07898 - - - - -
2 _4368_ sky130_fd_sc_hd__clkinv_1 A,Y 2 0.004316 0.040513 0.050798 2.12978 - - - - -
3 _4369_ sky130_fd_sc_hd__nor3_1 C,Y 27 0.067005 1.29395 0.958366 3.08815 - - - - -
4 _2535_ sky130_fd_sc_hd__nand2_1 B,Y 64 0.124896 0.66268 0.663845 3.75199 - - - - -
5 _2591_ sky130_fd_sc_hd__o21ai_0 A2,Y 1 0.002086 0.163423 0.264483 4.01647 - - - - -
6 _4439_ sky130_fd_sc_hd__dfrtp_1 D - - 0.163423 0 4.01647 - - - - -

Worst path 5: status=met slack=5.93589 type=max group=core
startpoint=tl_i[64] (input port clocked by core)
endpoint=_4440_ (rising edge-triggered flip-flop clocked by core)
path_power_complete=false missing_power_instances=_2535_,_2589_,_4367_,_4368_,_4369_,_4440_
path_average_power_sum internal=0 switching=0 dynamic=0 leakage=0 total=0
stage instance cell pins fanout capacitance slew delay arrival internal switching dynamic leakage total
1 _4367_ sky130_fd_sc_hd__nor2_1 A,Y 2 0.005605 0.088499 0.078984 2.07898 - - - - -
2 _4368_ sky130_fd_sc_hd__clkinv_1 A,Y 2 0.004316 0.040513 0.050798 2.12978 - - - - -
3 _4369_ sky130_fd_sc_hd__nor3_1 C,Y 27 0.067005 1.29395 0.958366 3.08815 - - - - -
4 _2535_ sky130_fd_sc_hd__nand2_1 B,Y 64 0.124896 0.66268 0.663845 3.75199 - - - - -
5 _2589_ sky130_fd_sc_hd__o21ai_0 A2,Y 1 0.002086 0.163423 0.264483 4.01647 - - - - -
6 _4440_ sky130_fd_sc_hd__dfrtp_1 D - - 0.163423 0 4.01647 - - - - -

Worst path 6: status=met slack=5.93589 type=max group=core
startpoint=tl_i[64] (input port clocked by core)
endpoint=_4441_ (rising edge-triggered flip-flop clocked by core)
path_power_complete=false missing_power_instances=_2535_,_2587_,_4367_,_4368_,_4369_,_4441_
path_average_power_sum internal=0 switching=0 dynamic=0 leakage=0 total=0
stage instance cell pins fanout capacitance slew delay arrival internal switching dynamic leakage total
1 _4367_ sky130_fd_sc_hd__nor2_1 A,Y 2 0.005605 0.088499 0.078984 2.07898 - - - - -
2 _4368_ sky130_fd_sc_hd__clkinv_1 A,Y 2 0.004316 0.040513 0.050798 2.12978 - - - - -
3 _4369_ sky130_fd_sc_hd__nor3_1 C,Y 27 0.067005 1.29395 0.958366 3.08815 - - - - -
4 _2535_ sky130_fd_sc_hd__nand2_1 B,Y 64 0.124896 0.66268 0.663845 3.75199 - - - - -
5 _2587_ sky130_fd_sc_hd__o21ai_0 A2,Y 1 0.002086 0.163423 0.264483 4.01647 - - - - -
6 _4441_ sky130_fd_sc_hd__dfrtp_1 D - - 0.163423 0 4.01647 - - - - -

Worst path 7: status=met slack=5.93589 type=max group=core
startpoint=tl_i[64] (input port clocked by core)
endpoint=_4442_ (rising edge-triggered flip-flop clocked by core)
path_power_complete=false missing_power_instances=_2535_,_2585_,_4367_,_4368_,_4369_,_4442_
path_average_power_sum internal=0 switching=0 dynamic=0 leakage=0 total=0
stage instance cell pins fanout capacitance slew delay arrival internal switching dynamic leakage total
1 _4367_ sky130_fd_sc_hd__nor2_1 A,Y 2 0.005605 0.088499 0.078984 2.07898 - - - - -
2 _4368_ sky130_fd_sc_hd__clkinv_1 A,Y 2 0.004316 0.040513 0.050798 2.12978 - - - - -
3 _4369_ sky130_fd_sc_hd__nor3_1 C,Y 27 0.067005 1.29395 0.958366 3.08815 - - - - -
4 _2535_ sky130_fd_sc_hd__nand2_1 B,Y 64 0.124896 0.66268 0.663845 3.75199 - - - - -
5 _2585_ sky130_fd_sc_hd__o21ai_0 A2,Y 1 0.002086 0.163423 0.264483 4.01647 - - - - -
6 _4442_ sky130_fd_sc_hd__dfrtp_1 D - - 0.163423 0 4.01647 - - - - -

Worst path 8: status=met slack=5.93589 type=max group=core
startpoint=tl_i[64] (input port clocked by core)
endpoint=_4443_ (rising edge-triggered flip-flop clocked by core)
path_power_complete=false missing_power_instances=_2535_,_2583_,_4367_,_4368_,_4369_,_4443_
path_average_power_sum internal=0 switching=0 dynamic=0 leakage=0 total=0
stage instance cell pins fanout capacitance slew delay arrival internal switching dynamic leakage total
1 _4367_ sky130_fd_sc_hd__nor2_1 A,Y 2 0.005605 0.088499 0.078984 2.07898 - - - - -
2 _4368_ sky130_fd_sc_hd__clkinv_1 A,Y 2 0.004316 0.040513 0.050798 2.12978 - - - - -
3 _4369_ sky130_fd_sc_hd__nor3_1 C,Y 27 0.067005 1.29395 0.958366 3.08815 - - - - -
4 _2535_ sky130_fd_sc_hd__nand2_1 B,Y 64 0.124896 0.66268 0.663845 3.75199 - - - - -
5 _2583_ sky130_fd_sc_hd__o21ai_0 A2,Y 1 0.002086 0.163423 0.264483 4.01647 - - - - -
6 _4443_ sky130_fd_sc_hd__dfrtp_1 D - - 0.163423 0 4.01647 - - - - -

Worst path 9: status=met slack=5.93589 type=max group=core
startpoint=tl_i[64] (input port clocked by core)
endpoint=_4444_ (rising edge-triggered flip-flop clocked by core)
path_power_complete=false missing_power_instances=_2535_,_2581_,_4367_,_4368_,_4369_,_4444_
path_average_power_sum internal=0 switching=0 dynamic=0 leakage=0 total=0
stage instance cell pins fanout capacitance slew delay arrival internal switching dynamic leakage total
1 _4367_ sky130_fd_sc_hd__nor2_1 A,Y 2 0.005605 0.088499 0.078984 2.07898 - - - - -
2 _4368_ sky130_fd_sc_hd__clkinv_1 A,Y 2 0.004316 0.040513 0.050798 2.12978 - - - - -
3 _4369_ sky130_fd_sc_hd__nor3_1 C,Y 27 0.067005 1.29395 0.958366 3.08815 - - - - -
4 _2535_ sky130_fd_sc_hd__nand2_1 B,Y 64 0.124896 0.66268 0.663845 3.75199 - - - - -
5 _2581_ sky130_fd_sc_hd__o21ai_0 A2,Y 1 0.002086 0.163423 0.264483 4.01647 - - - - -
6 _4444_ sky130_fd_sc_hd__dfrtp_1 D - - 0.163423 0 4.01647 - - - - -

Worst path 10: status=met slack=5.93589 type=max group=core
startpoint=tl_i[64] (input port clocked by core)
endpoint=_4445_ (rising edge-triggered flip-flop clocked by core)
path_power_complete=false missing_power_instances=_2535_,_2579_,_4367_,_4368_,_4369_,_4445_
path_average_power_sum internal=0 switching=0 dynamic=0 leakage=0 total=0
stage instance cell pins fanout capacitance slew delay arrival internal switching dynamic leakage total
1 _4367_ sky130_fd_sc_hd__nor2_1 A,Y 2 0.005605 0.088499 0.078984 2.07898 - - - - -
2 _4368_ sky130_fd_sc_hd__clkinv_1 A,Y 2 0.004316 0.040513 0.050798 2.12978 - - - - -
3 _4369_ sky130_fd_sc_hd__nor3_1 C,Y 27 0.067005 1.29395 0.958366 3.08815 - - - - -
4 _2535_ sky130_fd_sc_hd__nand2_1 B,Y 64 0.124896 0.66268 0.663845 3.75199 - - - - -
5 _2579_ sky130_fd_sc_hd__o21ai_0 A2,Y 1 0.002086 0.163423 0.264483 4.01647 - - - - -
6 _4445_ sky130_fd_sc_hd__dfrtp_1 D - - 0.163423 0 4.01647 - - - - -

Worst path 11: status=met slack=8.07951 type=max group=asynchronous
startpoint=rst_ni (input port clocked by core)
endpoint=_4598_ (recovery check against rising-edge clock core)
path_power_complete=false missing_power_instances=_4598_
path_average_power_sum internal=0 switching=0 dynamic=0 leakage=0 total=0
stage instance cell pins fanout capacitance slew delay arrival internal switching dynamic leakage total
1 _4598_ sky130_fd_sc_hd__dfstp_2 SET_B - - 0 0 2 - - - - -

Worst path 12: status=met slack=8.14489 type=max group=asynchronous
startpoint=rst_ni (input port clocked by core)
endpoint=_4421_ (recovery check against rising-edge clock core)
path_power_complete=false missing_power_instances=_4421_
path_average_power_sum internal=0 switching=0 dynamic=0 leakage=0 total=0
stage instance cell pins fanout capacitance slew delay arrival internal switching dynamic leakage total
1 _4421_ sky130_fd_sc_hd__dfrtp_1 RESET_B - - 0 0 2 - - - - -

Worst path 13: status=met slack=8.14489 type=max group=asynchronous
startpoint=rst_ni (input port clocked by core)
endpoint=_4422_ (recovery check against rising-edge clock core)
path_power_complete=false missing_power_instances=_4422_
path_average_power_sum internal=0 switching=0 dynamic=0 leakage=0 total=0
stage instance cell pins fanout capacitance slew delay arrival internal switching dynamic leakage total
1 _4422_ sky130_fd_sc_hd__dfrtp_1 RESET_B - - 0 0 2 - - - - -

Worst path 14: status=met slack=8.14489 type=max group=asynchronous
startpoint=rst_ni (input port clocked by core)
endpoint=_4423_ (recovery check against rising-edge clock core)
path_power_complete=false missing_power_instances=_4423_
path_average_power_sum internal=0 switching=0 dynamic=0 leakage=0 total=0
stage instance cell pins fanout capacitance slew delay arrival internal switching dynamic leakage total
1 _4423_ sky130_fd_sc_hd__dfrtp_1 RESET_B - - 0 0 2 - - - - -

Worst path 15: status=met slack=8.14489 type=max group=asynchronous
startpoint=rst_ni (input port clocked by core)
endpoint=_4424_ (recovery check against rising-edge clock core)
path_power_complete=false missing_power_instances=_4424_
path_average_power_sum internal=0 switching=0 dynamic=0 leakage=0 total=0
stage instance cell pins fanout capacitance slew delay arrival internal switching dynamic leakage total
1 _4424_ sky130_fd_sc_hd__dfrtp_1 RESET_B - - 0 0 2 - - - - -

Worst path 16: status=met slack=8.14489 type=max group=asynchronous
startpoint=rst_ni (input port clocked by core)
endpoint=_4425_ (recovery check against rising-edge clock core)
path_power_complete=false missing_power_instances=_4425_
path_average_power_sum internal=0 switching=0 dynamic=0 leakage=0 total=0
stage instance cell pins fanout capacitance slew delay arrival internal switching dynamic leakage total
1 _4425_ sky130_fd_sc_hd__dfrtp_1 RESET_B - - 0 0 2 - - - - -

Worst path 17: status=met slack=8.14489 type=max group=asynchronous
startpoint=rst_ni (input port clocked by core)
endpoint=_4426_ (recovery check against rising-edge clock core)
path_power_complete=false missing_power_instances=_4426_
path_average_power_sum internal=0 switching=0 dynamic=0 leakage=0 total=0
stage instance cell pins fanout capacitance slew delay arrival internal switching dynamic leakage total
1 _4426_ sky130_fd_sc_hd__dfrtp_1 RESET_B - - 0 0 2 - - - - -

Worst path 18: status=met slack=8.14489 type=max group=asynchronous
startpoint=rst_ni (input port clocked by core)
endpoint=_4427_ (recovery check against rising-edge clock core)
path_power_complete=false missing_power_instances=_4427_
path_average_power_sum internal=0 switching=0 dynamic=0 leakage=0 total=0
stage instance cell pins fanout capacitance slew delay arrival internal switching dynamic leakage total
1 _4427_ sky130_fd_sc_hd__dfrtp_1 RESET_B - - 0 0 2 - - - - -

Worst path 19: status=met slack=8.14489 type=max group=asynchronous
startpoint=rst_ni (input port clocked by core)
endpoint=_4428_ (recovery check against rising-edge clock core)
path_power_complete=false missing_power_instances=_4428_
path_average_power_sum internal=0 switching=0 dynamic=0 leakage=0 total=0
stage instance cell pins fanout capacitance slew delay arrival internal switching dynamic leakage total
1 _4428_ sky130_fd_sc_hd__dfrtp_1 RESET_B - - 0 0 2 - - - - -

Worst path 20: status=met slack=8.14489 type=max group=asynchronous
startpoint=rst_ni (input port clocked by core)
endpoint=_4429_ (recovery check against rising-edge clock core)
path_power_complete=false missing_power_instances=_4429_
path_average_power_sum internal=0 switching=0 dynamic=0 leakage=0 total=0
stage instance cell pins fanout capacitance slew delay arrival internal switching dynamic leakage total
1 _4429_ sky130_fd_sc_hd__dfrtp_1 RESET_B - - 0 0 2 - - - - -

=== Highest-power instances and worst path through each ===

Hotspot 1: instance=4.938354777551e-06 selected_worst_paths=none internal=1.70681e-06 switching=1.64065e-11 dynamic=1.70683e-06 leakage=6.64518e-06 total=4602
targeted_timing_path=not_found_or_unconstrained

Hotspot 2: instance=4.863435606239e-06 selected_worst_paths=none internal=4.6157e-07 switching=1.6402e-11 dynamic=4.61587e-07 leakage=5.32502e-06 total=4603
targeted_timing_path=not_found_or_unconstrained

Hotspot 3: instance=4.834514584218e-06 selected_worst_paths=none internal=1.82398e-07 switching=1.64016e-11 dynamic=1.82414e-07 leakage=5.01693e-06 total=4604
targeted_timing_path=not_found_or_unconstrained

Hotspot 4: instance=4.951636583428e-06 selected_worst_paths=none internal=4.21245e-08 switching=1.6333e-11 dynamic=4.21409e-08 leakage=4.99378e-06 total=4592
targeted_timing_path=not_found_or_unconstrained

Hotspot 5: instance=4.900420663034e-06 selected_worst_paths=none internal=8.96053e-08 switching=1.4139e-11 dynamic=8.96194e-08 leakage=4.99004e-06 total=4623
targeted_timing_path=not_found_or_unconstrained

Hotspot 6: instance=4.901438842353e-06 selected_worst_paths=none internal=7.30267e-08 switching=1.1396e-11 dynamic=7.30381e-08 leakage=4.97448e-06 total=4622
targeted_timing_path=not_found_or_unconstrained

Hotspot 7: instance=4.911505584460e-06 selected_worst_paths=none internal=6.09917e-08 switching=1.13956e-11 dynamic=6.10031e-08 leakage=4.97251e-06 total=4621
targeted_timing_path=not_found_or_unconstrained

Hotspot 8: instance=4.811256076209e-06 selected_worst_paths=none internal=1.5865e-07 switching=1.59232e-11 dynamic=1.58666e-07 leakage=4.96992e-06 total=4712
targeted_timing_path=not_found_or_unconstrained

Hotspot 9: instance=4.901438387606e-06 selected_worst_paths=none internal=4.99331e-08 switching=1.14036e-11 dynamic=4.99445e-08 leakage=4.95138e-06 total=4618
targeted_timing_path=not_found_or_unconstrained

Hotspot 10: instance=4.893345703749e-06 selected_worst_paths=none internal=5.25717e-08 switching=1.28158e-11 dynamic=5.25845e-08 leakage=4.94593e-06 total=4642
targeted_timing_path=not_found_or_unconstrained

Hotspot 11: instance=4.889633146377e-06 selected_worst_paths=none internal=5.44699e-08 switching=1.10408e-11 dynamic=5.4481e-08 leakage=4.94411e-06 total=4625
targeted_timing_path=not_found_or_unconstrained

Hotspot 12: instance=4.905612513539e-06 selected_worst_paths=none internal=3.37684e-08 switching=1.14102e-11 dynamic=3.37798e-08 leakage=4.93939e-06 total=4619
targeted_timing_path=not_found_or_unconstrained

Hotspot 13: instance=4.889949650533e-06 selected_worst_paths=none internal=4.60357e-08 switching=1.55858e-11 dynamic=4.60513e-08 leakage=4.936e-06 total=4643
targeted_timing_path=not_found_or_unconstrained

Hotspot 14: instance=4.901175088889e-06 selected_worst_paths=none internal=3.43823e-08 switching=1.14031e-11 dynamic=3.43937e-08 leakage=4.93557e-06 total=4620
targeted_timing_path=not_found_or_unconstrained

Hotspot 15: instance=4.881824224867e-06 selected_worst_paths=none internal=4.99965e-08 switching=1.14037e-11 dynamic=5.00079e-08 leakage=4.93183e-06 total=4612
targeted_timing_path=not_found_or_unconstrained

Hotspot 16: instance=4.878653726337e-06 selected_worst_paths=none internal=5.27276e-08 switching=1.28991e-11 dynamic=5.27405e-08 leakage=4.93139e-06 total=4626
targeted_timing_path=not_found_or_unconstrained

Hotspot 17: instance=4.881310360361e-06 selected_worst_paths=none internal=4.9892e-08 switching=1.38013e-11 dynamic=4.99058e-08 leakage=4.93122e-06 total=4644
targeted_timing_path=not_found_or_unconstrained

Hotspot 18: instance=4.886507213087e-06 selected_worst_paths=none internal=4.42469e-08 switching=1.14188e-11 dynamic=4.42583e-08 leakage=4.93077e-06 total=4616
targeted_timing_path=not_found_or_unconstrained

Hotspot 19: instance=4.881312179350e-06 selected_worst_paths=none internal=4.88738e-08 switching=1.23781e-11 dynamic=4.88862e-08 leakage=4.9302e-06 total=4646
targeted_timing_path=not_found_or_unconstrained

Hotspot 20: instance=4.885565431323e-06 selected_worst_paths=none internal=3.61234e-08 switching=1.37866e-11 dynamic=3.61372e-08 leakage=4.9217e-06 total=4645
targeted_timing_path=not_found_or_unconstrained
