analysis=power_estimate activity_source=input_assumption
activity_model=input
activity=0.1
duty=0.5
corner=ff stage=post_syn
liberty=/home/eneadim/github/flexsoc/.flexsoc/pdks/ihp-sg13g2/ihp-sg13g2/libs.ref/sg13g2_stdcell/lib/sg13g2_stdcell_fast_1p65V_m40C.lib
netlist=/tmp/flexsoc-ip-v1-release-20260914/uart-tlul/runs/uart/release/syn/ihp-sg13g2/uart_synth.v
sdc=/tmp/flexsoc-ip-v1-release-20260914/uart-tlul/runs/uart/release/constraints/uart.sdc
spef=

=== Units ===
 time 1ns
 capacitance 1pF
 resistance 1kohm
 voltage 1v
 current 1uA
 power 1pW
 distance 1um

=== Constraint validation ===

=== Power summary ===
Group                  Internal  Switching    Leakage      Total
                          Power      Power      Power      Power (Watts)
----------------------------------------------------------------
Sequential             3.91e-03   7.02e-05   1.55e-06   3.98e-03  84.4%
Combinational          3.57e-04   3.78e-04   2.35e-06   7.37e-04  15.6%
Clock                  0.00e+00   0.00e+00   0.00e+00   0.00e+00   0.0%
Macro                  0.00e+00   0.00e+00   0.00e+00   0.00e+00   0.0%
Pad                    0.00e+00   0.00e+00   0.00e+00   0.00e+00   0.0%
----------------------------------------------------------------
Total                  4.26e-03   4.48e-04   3.90e-06   4.71e-03 100.0%
                          90.4%       9.5%       0.1%

=== FlexSoC normalized power fields ===
dynamic_power_definition=internal_power+switching_power
power_unit=OpenSTA report unit; see Units section
internal_power=0.00426
switching_power=0.000448
dynamic_power=0.0047079999999999995
leakage_power=3.9e-06
total_power=0.00471
