analysis=fusion_analysis corner=ff mode=hold stage=post_syn
workload=quadrant_sweep_sv_ff
methodology=staged_public_opensta
path_power_semantics=average_instance_power_in_same_analysis_context
activity_file=/home/eneadim/github/flexsoc/workspace/runs/cordic/dev/signoff/sky130/power/activity/captures/cordic_sky130_quadrant_sweep_sv_ff.vcd
activity_scope=cordic_tb/u_cordic
liberty=/home/eneadim/github/flexsoc/.flexsoc/pdks/ciel/sky130/versions/f6eeac7dad085ffcc829ccfd721f7b4ce39edcf7/sky130A/libs.ref/sky130_fd_sc_hd/lib/sky130_fd_sc_hd__ff_n40C_1v95_ccsnoise.lib
netlist=/home/eneadim/github/flexsoc/workspace/runs/cordic/dev/syn/sky130/cordic_synth.v
sdc=/home/eneadim/github/flexsoc/workspace/runs/cordic/dev/signoff/sky130/cordic.sdc
spef=

=== Units ===
 time 1ns
 capacitance 1pF
 resistance 1kohm
 voltage 1v
 current 1mA
 power 1nW
 distance 1um

=== Constraint validation ===

=== Timing summary ===
wns min wns min 0.00
tns min tns min 0.00

=== Power summary ===
Group                  Internal  Switching    Leakage      Total
                          Power      Power      Power      Power (Watts)
----------------------------------------------------------------
Sequential             1.41e-03   4.33e-06   4.49e-09   1.41e-03  94.4%
Combinational          3.52e-05   4.83e-05   8.63e-09   8.34e-05   5.6%
Clock                  0.00e+00   0.00e+00   0.00e+00   0.00e+00   0.0%
Macro                  0.00e+00   0.00e+00   0.00e+00   0.00e+00   0.0%
Pad                    0.00e+00   0.00e+00   0.00e+00   0.00e+00   0.0%
----------------------------------------------------------------
Total                  1.44e-03   5.26e-05   1.31e-08   1.50e-03 100.0%
                          96.5%       3.5%       0.0%

=== Worst timing paths (violated or met) ===
Startpoint: _4430_ (rising edge-triggered flip-flop clocked by core)
Endpoint: _4710_ (rising edge-triggered flip-flop clocked by core)
Path Group: core
Path Type: min

Fanout         Cap        Slew       Delay        Time   Description
---------------------------------------------------------------------------------------------
                      0.000000    0.000000    0.000000   clock core (rise edge)
                                  0.000000    0.000000   clock network delay (ideal)
                      0.000000    0.000000    0.000000 ^ _4430_/CLK (sky130_fd_sc_hd__dfrtp_1)
     4    0.009387    0.072484    0.220276    0.220276 ^ _4430_/Q (sky130_fd_sc_hd__dfrtp_1)
                                                         u_cordic_reg.u_ctrl_start.q (net)
                      0.072484    0.000000    0.220276 ^ _4710_/D (sky130_fd_sc_hd__dfrtp_1)
                                              0.220276   data arrival time

                      0.000000    0.000000    0.000000   clock core (rise edge)
                                  0.000000    0.000000   clock network delay (ideal)
                                  0.000000    0.000000   clock reconvergence pessimism
                                              0.000000 ^ _4710_/CLK (sky130_fd_sc_hd__dfrtp_1)
                                 -0.023770   -0.023770   library hold time
                                             -0.023770   data required time
---------------------------------------------------------------------------------------------
                                             -0.023770   data required time
                                             -0.220276   data arrival time
---------------------------------------------------------------------------------------------
                                              0.244046   slack (MET)


Startpoint: _4582_ (rising edge-triggered flip-flop clocked by core)
Endpoint: _4582_ (rising edge-triggered flip-flop clocked by core)
Path Group: core
Path Type: min

Fanout         Cap        Slew       Delay        Time   Description
---------------------------------------------------------------------------------------------
                      0.000000    0.000000    0.000000   clock core (rise edge)
                                  0.000000    0.000000   clock network delay (ideal)
                      0.000000    0.000000    0.000000 ^ _4582_/CLK (sky130_fd_sc_hd__dfrtp_1)
     2    0.002422    0.030608    0.185564    0.185564 ^ _4582_/Q (sky130_fd_sc_hd__dfrtp_1)
                                                         u_cordic_reg.u_reg_if.reqsz_q[0] (net)
                      0.030608    0.000000    0.185564 ^ _4339_/B (sky130_fd_sc_hd__nand2_1)
     1    0.002219    0.017207    0.025845    0.211409 v _4339_/Y (sky130_fd_sc_hd__nand2_1)
                                                         _1471_ (net)
                      0.017207    0.000000    0.211409 v _4340_/B (sky130_fd_sc_hd__nand2_1)
     1    0.002086    0.023229    0.033813    0.245221 ^ _4340_/Y (sky130_fd_sc_hd__nand2_1)
                                                         _0114_ (net)
                      0.023229    0.000000    0.245221 ^ _4582_/D (sky130_fd_sc_hd__dfrtp_1)
                                              0.245221   data arrival time

                      0.000000    0.000000    0.000000   clock core (rise edge)
                                  0.000000    0.000000   clock network delay (ideal)
                                  0.000000    0.000000   clock reconvergence pessimism
                                              0.000000 ^ _4582_/CLK (sky130_fd_sc_hd__dfrtp_1)
                                 -0.020020   -0.020020   library hold time
                                             -0.020020   data required time
---------------------------------------------------------------------------------------------
                                             -0.020020   data required time
                                             -0.245221   data arrival time
---------------------------------------------------------------------------------------------
                                              0.265242   slack (MET)


Startpoint: _4583_ (rising edge-triggered flip-flop clocked by core)
Endpoint: _4583_ (rising edge-triggered flip-flop clocked by core)
Path Group: core
Path Type: min

Fanout         Cap        Slew       Delay        Time   Description
---------------------------------------------------------------------------------------------
                      0.000000    0.000000    0.000000   clock core (rise edge)
                                  0.000000    0.000000   clock network delay (ideal)
                      0.000000    0.000000    0.000000 ^ _4583_/CLK (sky130_fd_sc_hd__dfrtp_1)
     2    0.002422    0.030608    0.185564    0.185564 ^ _4583_/Q (sky130_fd_sc_hd__dfrtp_1)
                                                         u_cordic_reg.u_reg_if.reqsz_q[1] (net)
                      0.030608    0.000000    0.185564 ^ _2651_/B (sky130_fd_sc_hd__nand2_1)
     1    0.002219    0.017207    0.025845    0.211409 v _2651_/Y (sky130_fd_sc_hd__nand2_1)
                                                         _1830_ (net)
                      0.017207    0.000000    0.211409 v _2652_/B (sky130_fd_sc_hd__nand2_1)
     1    0.002086    0.023229    0.033813    0.245221 ^ _2652_/Y (sky130_fd_sc_hd__nand2_1)
                                                         _0277_ (net)
                      0.023229    0.000000    0.245221 ^ _4583_/D (sky130_fd_sc_hd__dfrtp_1)
                                              0.245221   data arrival time

                      0.000000    0.000000    0.000000   clock core (rise edge)
                                  0.000000    0.000000   clock network delay (ideal)
                                  0.000000    0.000000   clock reconvergence pessimism
                                              0.000000 ^ _4583_/CLK (sky130_fd_sc_hd__dfrtp_1)
                                 -0.020020   -0.020020   library hold time
                                             -0.020020   data required time
---------------------------------------------------------------------------------------------
                                             -0.020020   data required time
                                             -0.245221   data arrival time
---------------------------------------------------------------------------------------------
                                              0.265242   slack (MET)


Startpoint: _4584_ (rising edge-triggered flip-flop clocked by core)
Endpoint: _4584_ (rising edge-triggered flip-flop clocked by core)
Path Group: core
Path Type: min

Fanout         Cap        Slew       Delay        Time   Description
---------------------------------------------------------------------------------------------
                      0.000000    0.000000    0.000000   clock core (rise edge)
                                  0.000000    0.000000   clock network delay (ideal)
                      0.000000    0.000000    0.000000 ^ _4584_/CLK (sky130_fd_sc_hd__dfrtp_1)
     2    0.002422    0.030608    0.185564    0.185564 ^ _4584_/Q (sky130_fd_sc_hd__dfrtp_1)
                                                         u_cordic_reg.u_reg_if.reqid_q[0] (net)
                      0.030608    0.000000    0.185564 ^ _4336_/B (sky130_fd_sc_hd__nand2_1)
     1    0.002219    0.017207    0.025845    0.211409 v _4336_/Y (sky130_fd_sc_hd__nand2_1)
                                                         _1469_ (net)
                      0.017207    0.000000    0.211409 v _4337_/B (sky130_fd_sc_hd__nand2_1)
     1    0.002086    0.023229    0.033813    0.245221 ^ _4337_/Y (sky130_fd_sc_hd__nand2_1)
                                                         _0113_ (net)
                      0.023229    0.000000    0.245221 ^ _4584_/D (sky130_fd_sc_hd__dfrtp_1)
                                              0.245221   data arrival time

                      0.000000    0.000000    0.000000   clock core (rise edge)
                                  0.000000    0.000000   clock network delay (ideal)
                                  0.000000    0.000000   clock reconvergence pessimism
                                              0.000000 ^ _4584_/CLK (sky130_fd_sc_hd__dfrtp_1)
                                 -0.020020   -0.020020   library hold time
                                             -0.020020   data required time
---------------------------------------------------------------------------------------------
                                             -0.020020   data required time
                                             -0.245221   data arrival time
---------------------------------------------------------------------------------------------
                                              0.265242   slack (MET)


Startpoint: _4585_ (rising edge-triggered flip-flop clocked by core)
Endpoint: _4585_ (rising edge-triggered flip-flop clocked by core)
Path Group: core
Path Type: min

Fanout         Cap        Slew       Delay        Time   Description
---------------------------------------------------------------------------------------------
                      0.000000    0.000000    0.000000   clock core (rise edge)
                                  0.000000    0.000000   clock network delay (ideal)
                      0.000000    0.000000    0.000000 ^ _4585_/CLK (sky130_fd_sc_hd__dfrtp_1)
     2    0.002422    0.030608    0.185564    0.185564 ^ _4585_/Q (sky130_fd_sc_hd__dfrtp_1)
                                                         u_cordic_reg.u_reg_if.reqid_q[1] (net)
                      0.030608    0.000000    0.185564 ^ _4333_/B (sky130_fd_sc_hd__nand2_1)
     1    0.002219    0.017207    0.025845    0.211409 v _4333_/Y (sky130_fd_sc_hd__nand2_1)
                                                         _1467_ (net)
                      0.017207    0.000000    0.211409 v _4334_/B (sky130_fd_sc_hd__nand2_1)
     1    0.002086    0.023229    0.033813    0.245221 ^ _4334_/Y (sky130_fd_sc_hd__nand2_1)
                                                         _0112_ (net)
                      0.023229    0.000000    0.245221 ^ _4585_/D (sky130_fd_sc_hd__dfrtp_1)
                                              0.245221   data arrival time

                      0.000000    0.000000    0.000000   clock core (rise edge)
                                  0.000000    0.000000   clock network delay (ideal)
                                  0.000000    0.000000   clock reconvergence pessimism
                                              0.000000 ^ _4585_/CLK (sky130_fd_sc_hd__dfrtp_1)
                                 -0.020020   -0.020020   library hold time
                                             -0.020020   data required time
---------------------------------------------------------------------------------------------
                                             -0.020020   data required time
                                             -0.245221   data arrival time
---------------------------------------------------------------------------------------------
                                              0.265242   slack (MET)


Startpoint: _4586_ (rising edge-triggered flip-flop clocked by core)
Endpoint: _4586_ (rising edge-triggered flip-flop clocked by core)
Path Group: core
Path Type: min

Fanout         Cap        Slew       Delay        Time   Description
---------------------------------------------------------------------------------------------
                      0.000000    0.000000    0.000000   clock core (rise edge)
                                  0.000000    0.000000   clock network delay (ideal)
                      0.000000    0.000000    0.000000 ^ _4586_/CLK (sky130_fd_sc_hd__dfrtp_1)
     2    0.002422    0.030608    0.185564    0.185564 ^ _4586_/Q (sky130_fd_sc_hd__dfrtp_1)
                                                         u_cordic_reg.u_reg_if.reqid_q[2] (net)
                      0.030608    0.000000    0.185564 ^ _4330_/B (sky130_fd_sc_hd__nand2_1)
     1    0.002219    0.017207    0.025845    0.211409 v _4330_/Y (sky130_fd_sc_hd__nand2_1)
                                                         _1465_ (net)
                      0.017207    0.000000    0.211409 v _4331_/B (sky130_fd_sc_hd__nand2_1)
     1    0.002086    0.023229    0.033813    0.245221 ^ _4331_/Y (sky130_fd_sc_hd__nand2_1)
                                                         _0111_ (net)
                      0.023229    0.000000    0.245221 ^ _4586_/D (sky130_fd_sc_hd__dfrtp_1)
                                              0.245221   data arrival time

                      0.000000    0.000000    0.000000   clock core (rise edge)
                                  0.000000    0.000000   clock network delay (ideal)
                                  0.000000    0.000000   clock reconvergence pessimism
                                              0.000000 ^ _4586_/CLK (sky130_fd_sc_hd__dfrtp_1)
                                 -0.020020   -0.020020   library hold time
                                             -0.020020   data required time
---------------------------------------------------------------------------------------------
                                             -0.020020   data required time
                                             -0.245221   data arrival time
---------------------------------------------------------------------------------------------
                                              0.265242   slack (MET)


Startpoint: _4587_ (rising edge-triggered flip-flop clocked by core)
Endpoint: _4587_ (rising edge-triggered flip-flop clocked by core)
Path Group: core
Path Type: min

Fanout         Cap        Slew       Delay        Time   Description
---------------------------------------------------------------------------------------------
                      0.000000    0.000000    0.000000   clock core (rise edge)
                                  0.000000    0.000000   clock network delay (ideal)
                      0.000000    0.000000    0.000000 ^ _4587_/CLK (sky130_fd_sc_hd__dfrtp_1)
     2    0.002422    0.030608    0.185564    0.185564 ^ _4587_/Q (sky130_fd_sc_hd__dfrtp_1)
                                                         u_cordic_reg.u_reg_if.reqid_q[3] (net)
                      0.030608    0.000000    0.185564 ^ _4327_/B (sky130_fd_sc_hd__nand2_1)
     1    0.002219    0.017207    0.025845    0.211409 v _4327_/Y (sky130_fd_sc_hd__nand2_1)
                                                         _1463_ (net)
                      0.017207    0.000000    0.211409 v _4328_/B (sky130_fd_sc_hd__nand2_1)
     1    0.002086    0.023229    0.033813    0.245221 ^ _4328_/Y (sky130_fd_sc_hd__nand2_1)
                                                         _0110_ (net)
                      0.023229    0.000000    0.245221 ^ _4587_/D (sky130_fd_sc_hd__dfrtp_1)
                                              0.245221   data arrival time

                      0.000000    0.000000    0.000000   clock core (rise edge)
                                  0.000000    0.000000   clock network delay (ideal)
                                  0.000000    0.000000   clock reconvergence pessimism
                                              0.000000 ^ _4587_/CLK (sky130_fd_sc_hd__dfrtp_1)
                                 -0.020020   -0.020020   library hold time
                                             -0.020020   data required time
---------------------------------------------------------------------------------------------
                                             -0.020020   data required time
                                             -0.245221   data arrival time
---------------------------------------------------------------------------------------------
                                              0.265242   slack (MET)


Startpoint: _4588_ (rising edge-triggered flip-flop clocked by core)
Endpoint: _4588_ (rising edge-triggered flip-flop clocked by core)
Path Group: core
Path Type: min

Fanout         Cap        Slew       Delay        Time   Description
---------------------------------------------------------------------------------------------
                      0.000000    0.000000    0.000000   clock core (rise edge)
                                  0.000000    0.000000   clock network delay (ideal)
                      0.000000    0.000000    0.000000 ^ _4588_/CLK (sky130_fd_sc_hd__dfrtp_1)
     2    0.002422    0.030608    0.185564    0.185564 ^ _4588_/Q (sky130_fd_sc_hd__dfrtp_1)
                                                         u_cordic_reg.u_reg_if.reqid_q[4] (net)
                      0.030608    0.000000    0.185564 ^ _4324_/B (sky130_fd_sc_hd__nand2_1)
     1    0.002219    0.017207    0.025845    0.211409 v _4324_/Y (sky130_fd_sc_hd__nand2_1)
                                                         _1461_ (net)
                      0.017207    0.000000    0.211409 v _4325_/B (sky130_fd_sc_hd__nand2_1)
     1    0.002086    0.023229    0.033813    0.245221 ^ _4325_/Y (sky130_fd_sc_hd__nand2_1)
                                                         _0109_ (net)
                      0.023229    0.000000    0.245221 ^ _4588_/D (sky130_fd_sc_hd__dfrtp_1)
                                              0.245221   data arrival time

                      0.000000    0.000000    0.000000   clock core (rise edge)
                                  0.000000    0.000000   clock network delay (ideal)
                                  0.000000    0.000000   clock reconvergence pessimism
                                              0.000000 ^ _4588_/CLK (sky130_fd_sc_hd__dfrtp_1)
                                 -0.020020   -0.020020   library hold time
                                             -0.020020   data required time
---------------------------------------------------------------------------------------------
                                             -0.020020   data required time
                                             -0.245221   data arrival time
---------------------------------------------------------------------------------------------
                                              0.265242   slack (MET)


Startpoint: _4589_ (rising edge-triggered flip-flop clocked by core)
Endpoint: _4589_ (rising edge-triggered flip-flop clocked by core)
Path Group: core
Path Type: min

Fanout         Cap        Slew       Delay        Time   Description
---------------------------------------------------------------------------------------------
                      0.000000    0.000000    0.000000   clock core (rise edge)
                                  0.000000    0.000000   clock network delay (ideal)
                      0.000000    0.000000    0.000000 ^ _4589_/CLK (sky130_fd_sc_hd__dfrtp_1)
     2    0.002422    0.030608    0.185564    0.185564 ^ _4589_/Q (sky130_fd_sc_hd__dfrtp_1)
                                                         u_cordic_reg.u_reg_if.reqid_q[5] (net)
                      0.030608    0.000000    0.185564 ^ _4321_/B (sky130_fd_sc_hd__nand2_1)
     1    0.002219    0.017207    0.025845    0.211409 v _4321_/Y (sky130_fd_sc_hd__nand2_1)
                                                         _1459_ (net)
                      0.017207    0.000000    0.211409 v _4322_/B (sky130_fd_sc_hd__nand2_1)
     1    0.002086    0.023229    0.033813    0.245221 ^ _4322_/Y (sky130_fd_sc_hd__nand2_1)
                                                         _0108_ (net)
                      0.023229    0.000000    0.245221 ^ _4589_/D (sky130_fd_sc_hd__dfrtp_1)
                                              0.245221   data arrival time

                      0.000000    0.000000    0.000000   clock core (rise edge)
                                  0.000000    0.000000   clock network delay (ideal)
                                  0.000000    0.000000   clock reconvergence pessimism
                                              0.000000 ^ _4589_/CLK (sky130_fd_sc_hd__dfrtp_1)
                                 -0.020020   -0.020020   library hold time
                                             -0.020020   data required time
---------------------------------------------------------------------------------------------
                                             -0.020020   data required time
                                             -0.245221   data arrival time
---------------------------------------------------------------------------------------------
                                              0.265242   slack (MET)


Startpoint: _4590_ (rising edge-triggered flip-flop clocked by core)
Endpoint: _4590_ (rising edge-triggered flip-flop clocked by core)
Path Group: core
Path Type: min

Fanout         Cap        Slew       Delay        Time   Description
---------------------------------------------------------------------------------------------
                      0.000000    0.000000    0.000000   clock core (rise edge)
                                  0.000000    0.000000   clock network delay (ideal)
                      0.000000    0.000000    0.000000 ^ _4590_/CLK (sky130_fd_sc_hd__dfrtp_1)
     2    0.002422    0.030608    0.185564    0.185564 ^ _4590_/Q (sky130_fd_sc_hd__dfrtp_1)
                                                         u_cordic_reg.u_reg_if.reqid_q[6] (net)
                      0.030608    0.000000    0.185564 ^ _4318_/B (sky130_fd_sc_hd__nand2_1)
     1    0.002219    0.017207    0.025845    0.211409 v _4318_/Y (sky130_fd_sc_hd__nand2_1)
                                                         _1457_ (net)
                      0.017207    0.000000    0.211409 v _4319_/B (sky130_fd_sc_hd__nand2_1)
     1    0.002086    0.023229    0.033813    0.245221 ^ _4319_/Y (sky130_fd_sc_hd__nand2_1)
                                                         _0107_ (net)
                      0.023229    0.000000    0.245221 ^ _4590_/D (sky130_fd_sc_hd__dfrtp_1)
                                              0.245221   data arrival time

                      0.000000    0.000000    0.000000   clock core (rise edge)
                                  0.000000    0.000000   clock network delay (ideal)
                                  0.000000    0.000000   clock reconvergence pessimism
                                              0.000000 ^ _4590_/CLK (sky130_fd_sc_hd__dfrtp_1)
                                 -0.020020   -0.020020   library hold time
                                             -0.020020   data required time
---------------------------------------------------------------------------------------------
                                             -0.020020   data required time
                                             -0.245221   data arrival time
---------------------------------------------------------------------------------------------
                                              0.265242   slack (MET)


Startpoint: rst_ni (input port clocked by core)
Endpoint: _4421_ (removal check against rising-edge clock core)
Path Group: asynchronous
Path Type: min

Fanout         Cap        Slew       Delay        Time   Description
---------------------------------------------------------------------------------------------
                      0.000000    0.000000    0.000000   clock core (rise edge)
                                  0.000000    0.000000   clock network delay (ideal)
                                  2.000000    2.000000 ^ input external delay
   293    1.060897    0.000000    0.000000    2.000000 ^ rst_ni (in)
                                                         rst_ni (net)
                      0.000000    0.000000    2.000000 ^ _4421_/RESET_B (sky130_fd_sc_hd__dfrtp_1)
                                              2.000000   data arrival time

                      0.000000    0.000000    0.000000   clock core (rise edge)
                                  0.000000    0.000000   clock network delay (ideal)
                                  0.000000    0.000000   clock reconvergence pessimism
                                              0.000000 ^ _4421_/CLK (sky130_fd_sc_hd__dfrtp_1)
                                  0.184780    0.184780   library removal time
                                              0.184780   data required time
---------------------------------------------------------------------------------------------
                                              0.184780   data required time
                                             -2.000000   data arrival time
---------------------------------------------------------------------------------------------
                                              1.815220   slack (MET)


Startpoint: rst_ni (input port clocked by core)
Endpoint: _4422_ (removal check against rising-edge clock core)
Path Group: asynchronous
Path Type: min

Fanout         Cap        Slew       Delay        Time   Description
---------------------------------------------------------------------------------------------
                      0.000000    0.000000    0.000000   clock core (rise edge)
                                  0.000000    0.000000   clock network delay (ideal)
                                  2.000000    2.000000 ^ input external delay
   293    1.060897    0.000000    0.000000    2.000000 ^ rst_ni (in)
                                                         rst_ni (net)
                      0.000000    0.000000    2.000000 ^ _4422_/RESET_B (sky130_fd_sc_hd__dfrtp_1)
                                              2.000000   data arrival time

                      0.000000    0.000000    0.000000   clock core (rise edge)
                                  0.000000    0.000000   clock network delay (ideal)
                                  0.000000    0.000000   clock reconvergence pessimism
                                              0.000000 ^ _4422_/CLK (sky130_fd_sc_hd__dfrtp_1)
                                  0.184780    0.184780   library removal time
                                              0.184780   data required time
---------------------------------------------------------------------------------------------
                                              0.184780   data required time
                                             -2.000000   data arrival time
---------------------------------------------------------------------------------------------
                                              1.815220   slack (MET)


Startpoint: rst_ni (input port clocked by core)
Endpoint: _4423_ (removal check against rising-edge clock core)
Path Group: asynchronous
Path Type: min

Fanout         Cap        Slew       Delay        Time   Description
---------------------------------------------------------------------------------------------
                      0.000000    0.000000    0.000000   clock core (rise edge)
                                  0.000000    0.000000   clock network delay (ideal)
                                  2.000000    2.000000 ^ input external delay
   293    1.060897    0.000000    0.000000    2.000000 ^ rst_ni (in)
                                                         rst_ni (net)
                      0.000000    0.000000    2.000000 ^ _4423_/RESET_B (sky130_fd_sc_hd__dfrtp_1)
                                              2.000000   data arrival time

                      0.000000    0.000000    0.000000   clock core (rise edge)
                                  0.000000    0.000000   clock network delay (ideal)
                                  0.000000    0.000000   clock reconvergence pessimism
                                              0.000000 ^ _4423_/CLK (sky130_fd_sc_hd__dfrtp_1)
                                  0.184780    0.184780   library removal time
                                              0.184780   data required time
---------------------------------------------------------------------------------------------
                                              0.184780   data required time
                                             -2.000000   data arrival time
---------------------------------------------------------------------------------------------
                                              1.815220   slack (MET)


Startpoint: rst_ni (input port clocked by core)
Endpoint: _4424_ (removal check against rising-edge clock core)
Path Group: asynchronous
Path Type: min

Fanout         Cap        Slew       Delay        Time   Description
---------------------------------------------------------------------------------------------
                      0.000000    0.000000    0.000000   clock core (rise edge)
                                  0.000000    0.000000   clock network delay (ideal)
                                  2.000000    2.000000 ^ input external delay
   293    1.060897    0.000000    0.000000    2.000000 ^ rst_ni (in)
                                                         rst_ni (net)
                      0.000000    0.000000    2.000000 ^ _4424_/RESET_B (sky130_fd_sc_hd__dfrtp_1)
                                              2.000000   data arrival time

                      0.000000    0.000000    0.000000   clock core (rise edge)
                                  0.000000    0.000000   clock network delay (ideal)
                                  0.000000    0.000000   clock reconvergence pessimism
                                              0.000000 ^ _4424_/CLK (sky130_fd_sc_hd__dfrtp_1)
                                  0.184780    0.184780   library removal time
                                              0.184780   data required time
---------------------------------------------------------------------------------------------
                                              0.184780   data required time
                                             -2.000000   data arrival time
---------------------------------------------------------------------------------------------
                                              1.815220   slack (MET)


Startpoint: rst_ni (input port clocked by core)
Endpoint: _4425_ (removal check against rising-edge clock core)
Path Group: asynchronous
Path Type: min

Fanout         Cap        Slew       Delay        Time   Description
---------------------------------------------------------------------------------------------
                      0.000000    0.000000    0.000000   clock core (rise edge)
                                  0.000000    0.000000   clock network delay (ideal)
                                  2.000000    2.000000 ^ input external delay
   293    1.060897    0.000000    0.000000    2.000000 ^ rst_ni (in)
                                                         rst_ni (net)
                      0.000000    0.000000    2.000000 ^ _4425_/RESET_B (sky130_fd_sc_hd__dfrtp_1)
                                              2.000000   data arrival time

                      0.000000    0.000000    0.000000   clock core (rise edge)
                                  0.000000    0.000000   clock network delay (ideal)
                                  0.000000    0.000000   clock reconvergence pessimism
                                              0.000000 ^ _4425_/CLK (sky130_fd_sc_hd__dfrtp_1)
                                  0.184780    0.184780   library removal time
                                              0.184780   data required time
---------------------------------------------------------------------------------------------
                                              0.184780   data required time
                                             -2.000000   data arrival time
---------------------------------------------------------------------------------------------
                                              1.815220   slack (MET)


Startpoint: rst_ni (input port clocked by core)
Endpoint: _4426_ (removal check against rising-edge clock core)
Path Group: asynchronous
Path Type: min

Fanout         Cap        Slew       Delay        Time   Description
---------------------------------------------------------------------------------------------
                      0.000000    0.000000    0.000000   clock core (rise edge)
                                  0.000000    0.000000   clock network delay (ideal)
                                  2.000000    2.000000 ^ input external delay
   293    1.060897    0.000000    0.000000    2.000000 ^ rst_ni (in)
                                                         rst_ni (net)
                      0.000000    0.000000    2.000000 ^ _4426_/RESET_B (sky130_fd_sc_hd__dfrtp_1)
                                              2.000000   data arrival time

                      0.000000    0.000000    0.000000   clock core (rise edge)
                                  0.000000    0.000000   clock network delay (ideal)
                                  0.000000    0.000000   clock reconvergence pessimism
                                              0.000000 ^ _4426_/CLK (sky130_fd_sc_hd__dfrtp_1)
                                  0.184780    0.184780   library removal time
                                              0.184780   data required time
---------------------------------------------------------------------------------------------
                                              0.184780   data required time
                                             -2.000000   data arrival time
---------------------------------------------------------------------------------------------
                                              1.815220   slack (MET)


Startpoint: rst_ni (input port clocked by core)
Endpoint: _4427_ (removal check against rising-edge clock core)
Path Group: asynchronous
Path Type: min

Fanout         Cap        Slew       Delay        Time   Description
---------------------------------------------------------------------------------------------
                      0.000000    0.000000    0.000000   clock core (rise edge)
                                  0.000000    0.000000   clock network delay (ideal)
                                  2.000000    2.000000 ^ input external delay
   293    1.060897    0.000000    0.000000    2.000000 ^ rst_ni (in)
                                                         rst_ni (net)
                      0.000000    0.000000    2.000000 ^ _4427_/RESET_B (sky130_fd_sc_hd__dfrtp_1)
                                              2.000000   data arrival time

                      0.000000    0.000000    0.000000   clock core (rise edge)
                                  0.000000    0.000000   clock network delay (ideal)
                                  0.000000    0.000000   clock reconvergence pessimism
                                              0.000000 ^ _4427_/CLK (sky130_fd_sc_hd__dfrtp_1)
                                  0.184780    0.184780   library removal time
                                              0.184780   data required time
---------------------------------------------------------------------------------------------
                                              0.184780   data required time
                                             -2.000000   data arrival time
---------------------------------------------------------------------------------------------
                                              1.815220   slack (MET)


Startpoint: rst_ni (input port clocked by core)
Endpoint: _4428_ (removal check against rising-edge clock core)
Path Group: asynchronous
Path Type: min

Fanout         Cap        Slew       Delay        Time   Description
---------------------------------------------------------------------------------------------
                      0.000000    0.000000    0.000000   clock core (rise edge)
                                  0.000000    0.000000   clock network delay (ideal)
                                  2.000000    2.000000 ^ input external delay
   293    1.060897    0.000000    0.000000    2.000000 ^ rst_ni (in)
                                                         rst_ni (net)
                      0.000000    0.000000    2.000000 ^ _4428_/RESET_B (sky130_fd_sc_hd__dfrtp_1)
                                              2.000000   data arrival time

                      0.000000    0.000000    0.000000   clock core (rise edge)
                                  0.000000    0.000000   clock network delay (ideal)
                                  0.000000    0.000000   clock reconvergence pessimism
                                              0.000000 ^ _4428_/CLK (sky130_fd_sc_hd__dfrtp_1)
                                  0.184780    0.184780   library removal time
                                              0.184780   data required time
---------------------------------------------------------------------------------------------
                                              0.184780   data required time
                                             -2.000000   data arrival time
---------------------------------------------------------------------------------------------
                                              1.815220   slack (MET)


Startpoint: rst_ni (input port clocked by core)
Endpoint: _4429_ (removal check against rising-edge clock core)
Path Group: asynchronous
Path Type: min

Fanout         Cap        Slew       Delay        Time   Description
---------------------------------------------------------------------------------------------
                      0.000000    0.000000    0.000000   clock core (rise edge)
                                  0.000000    0.000000   clock network delay (ideal)
                                  2.000000    2.000000 ^ input external delay
   293    1.060897    0.000000    0.000000    2.000000 ^ rst_ni (in)
                                                         rst_ni (net)
                      0.000000    0.000000    2.000000 ^ _4429_/RESET_B (sky130_fd_sc_hd__dfrtp_1)
                                              2.000000   data arrival time

                      0.000000    0.000000    0.000000   clock core (rise edge)
                                  0.000000    0.000000   clock network delay (ideal)
                                  0.000000    0.000000   clock reconvergence pessimism
                                              0.000000 ^ _4429_/CLK (sky130_fd_sc_hd__dfrtp_1)
                                  0.184780    0.184780   library removal time
                                              0.184780   data required time
---------------------------------------------------------------------------------------------
                                              0.184780   data required time
                                             -2.000000   data arrival time
---------------------------------------------------------------------------------------------
                                              1.815220   slack (MET)


Startpoint: rst_ni (input port clocked by core)
Endpoint: _4430_ (removal check against rising-edge clock core)
Path Group: asynchronous
Path Type: min

Fanout         Cap        Slew       Delay        Time   Description
---------------------------------------------------------------------------------------------
                      0.000000    0.000000    0.000000   clock core (rise edge)
                                  0.000000    0.000000   clock network delay (ideal)
                                  2.000000    2.000000 ^ input external delay
   293    1.060897    0.000000    0.000000    2.000000 ^ rst_ni (in)
                                                         rst_ni (net)
                      0.000000    0.000000    2.000000 ^ _4430_/RESET_B (sky130_fd_sc_hd__dfrtp_1)
                                              2.000000   data arrival time

                      0.000000    0.000000    0.000000   clock core (rise edge)
                                  0.000000    0.000000   clock network delay (ideal)
                                  0.000000    0.000000   clock reconvergence pessimism
                                              0.000000 ^ _4430_/CLK (sky130_fd_sc_hd__dfrtp_1)
                                  0.184780    0.184780   library removal time
                                              0.184780   data required time
---------------------------------------------------------------------------------------------
                                              0.184780   data required time
                                             -2.000000   data arrival time
---------------------------------------------------------------------------------------------
                                              1.815220   slack (MET)

=== FlexSoC normalized power fields ===
dynamic_power_definition=internal_power+switching_power
power_unit=OpenSTA report unit; see Units section
internal_power=0.00144
switching_power=5.26e-05
dynamic_power=0.0014926000000000002
leakage_power=1.31e-08
total_power=0.0015

=== Gate-level timing/power fusion ===
power_semantics=average_instance_power_from_the_same_VCD_SAIF_context
path_power_sum=unique_instance_average_power_sum_not_incremental_path_energy
fanout_capacitance_source=OpenSTA_report_checks_output_pin_fields

Worst path 1: status=met slack=0.244046 type=min group=core
startpoint=_4430_ (rising edge-triggered flip-flop clocked by core)
endpoint=_4710_ (rising edge-triggered flip-flop clocked by core)
path_power_complete=false missing_power_instances=_4430_,_4710_
path_average_power_sum internal=0 switching=0 dynamic=0 leakage=0 total=0
stage instance cell pins fanout capacitance slew delay arrival internal switching dynamic leakage total
1 _4430_ sky130_fd_sc_hd__dfrtp_1 CLK,Q 4 0.009387 0.072484 0.220276 0.220276 - - - - -
2 _4710_ sky130_fd_sc_hd__dfrtp_1 D - - 0.072484 0 0.220276 - - - - -

Worst path 2: status=met slack=0.265242 type=min group=core
startpoint=_4582_ (rising edge-triggered flip-flop clocked by core)
endpoint=_4582_ (rising edge-triggered flip-flop clocked by core)
path_power_complete=false missing_power_instances=_4339_,_4340_,_4582_
path_average_power_sum internal=0 switching=0 dynamic=0 leakage=0 total=0
stage instance cell pins fanout capacitance slew delay arrival internal switching dynamic leakage total
1 _4582_ sky130_fd_sc_hd__dfrtp_1 CLK,Q 2 0.002422 0.030608 0.185564 0.185564 - - - - -
2 _4339_ sky130_fd_sc_hd__nand2_1 B,Y 1 0.002219 0.017207 0.025845 0.211409 - - - - -
3 _4340_ sky130_fd_sc_hd__nand2_1 B,Y 1 0.002086 0.023229 0.033813 0.245221 - - - - -
4 _4582_ sky130_fd_sc_hd__dfrtp_1 D - - 0.023229 0 0.245221 - - - - -

Worst path 3: status=met slack=0.265242 type=min group=core
startpoint=_4583_ (rising edge-triggered flip-flop clocked by core)
endpoint=_4583_ (rising edge-triggered flip-flop clocked by core)
path_power_complete=false missing_power_instances=_2651_,_2652_,_4583_
path_average_power_sum internal=0 switching=0 dynamic=0 leakage=0 total=0
stage instance cell pins fanout capacitance slew delay arrival internal switching dynamic leakage total
1 _4583_ sky130_fd_sc_hd__dfrtp_1 CLK,Q 2 0.002422 0.030608 0.185564 0.185564 - - - - -
2 _2651_ sky130_fd_sc_hd__nand2_1 B,Y 1 0.002219 0.017207 0.025845 0.211409 - - - - -
3 _2652_ sky130_fd_sc_hd__nand2_1 B,Y 1 0.002086 0.023229 0.033813 0.245221 - - - - -
4 _4583_ sky130_fd_sc_hd__dfrtp_1 D - - 0.023229 0 0.245221 - - - - -

Worst path 4: status=met slack=0.265242 type=min group=core
startpoint=_4584_ (rising edge-triggered flip-flop clocked by core)
endpoint=_4584_ (rising edge-triggered flip-flop clocked by core)
path_power_complete=false missing_power_instances=_4336_,_4337_,_4584_
path_average_power_sum internal=0 switching=0 dynamic=0 leakage=0 total=0
stage instance cell pins fanout capacitance slew delay arrival internal switching dynamic leakage total
1 _4584_ sky130_fd_sc_hd__dfrtp_1 CLK,Q 2 0.002422 0.030608 0.185564 0.185564 - - - - -
2 _4336_ sky130_fd_sc_hd__nand2_1 B,Y 1 0.002219 0.017207 0.025845 0.211409 - - - - -
3 _4337_ sky130_fd_sc_hd__nand2_1 B,Y 1 0.002086 0.023229 0.033813 0.245221 - - - - -
4 _4584_ sky130_fd_sc_hd__dfrtp_1 D - - 0.023229 0 0.245221 - - - - -

Worst path 5: status=met slack=0.265242 type=min group=core
startpoint=_4585_ (rising edge-triggered flip-flop clocked by core)
endpoint=_4585_ (rising edge-triggered flip-flop clocked by core)
path_power_complete=false missing_power_instances=_4333_,_4334_,_4585_
path_average_power_sum internal=0 switching=0 dynamic=0 leakage=0 total=0
stage instance cell pins fanout capacitance slew delay arrival internal switching dynamic leakage total
1 _4585_ sky130_fd_sc_hd__dfrtp_1 CLK,Q 2 0.002422 0.030608 0.185564 0.185564 - - - - -
2 _4333_ sky130_fd_sc_hd__nand2_1 B,Y 1 0.002219 0.017207 0.025845 0.211409 - - - - -
3 _4334_ sky130_fd_sc_hd__nand2_1 B,Y 1 0.002086 0.023229 0.033813 0.245221 - - - - -
4 _4585_ sky130_fd_sc_hd__dfrtp_1 D - - 0.023229 0 0.245221 - - - - -

Worst path 6: status=met slack=0.265242 type=min group=core
startpoint=_4586_ (rising edge-triggered flip-flop clocked by core)
endpoint=_4586_ (rising edge-triggered flip-flop clocked by core)
path_power_complete=false missing_power_instances=_4330_,_4331_,_4586_
path_average_power_sum internal=0 switching=0 dynamic=0 leakage=0 total=0
stage instance cell pins fanout capacitance slew delay arrival internal switching dynamic leakage total
1 _4586_ sky130_fd_sc_hd__dfrtp_1 CLK,Q 2 0.002422 0.030608 0.185564 0.185564 - - - - -
2 _4330_ sky130_fd_sc_hd__nand2_1 B,Y 1 0.002219 0.017207 0.025845 0.211409 - - - - -
3 _4331_ sky130_fd_sc_hd__nand2_1 B,Y 1 0.002086 0.023229 0.033813 0.245221 - - - - -
4 _4586_ sky130_fd_sc_hd__dfrtp_1 D - - 0.023229 0 0.245221 - - - - -

Worst path 7: status=met slack=0.265242 type=min group=core
startpoint=_4587_ (rising edge-triggered flip-flop clocked by core)
endpoint=_4587_ (rising edge-triggered flip-flop clocked by core)
path_power_complete=false missing_power_instances=_4327_,_4328_,_4587_
path_average_power_sum internal=0 switching=0 dynamic=0 leakage=0 total=0
stage instance cell pins fanout capacitance slew delay arrival internal switching dynamic leakage total
1 _4587_ sky130_fd_sc_hd__dfrtp_1 CLK,Q 2 0.002422 0.030608 0.185564 0.185564 - - - - -
2 _4327_ sky130_fd_sc_hd__nand2_1 B,Y 1 0.002219 0.017207 0.025845 0.211409 - - - - -
3 _4328_ sky130_fd_sc_hd__nand2_1 B,Y 1 0.002086 0.023229 0.033813 0.245221 - - - - -
4 _4587_ sky130_fd_sc_hd__dfrtp_1 D - - 0.023229 0 0.245221 - - - - -

Worst path 8: status=met slack=0.265242 type=min group=core
startpoint=_4588_ (rising edge-triggered flip-flop clocked by core)
endpoint=_4588_ (rising edge-triggered flip-flop clocked by core)
path_power_complete=false missing_power_instances=_4324_,_4325_,_4588_
path_average_power_sum internal=0 switching=0 dynamic=0 leakage=0 total=0
stage instance cell pins fanout capacitance slew delay arrival internal switching dynamic leakage total
1 _4588_ sky130_fd_sc_hd__dfrtp_1 CLK,Q 2 0.002422 0.030608 0.185564 0.185564 - - - - -
2 _4324_ sky130_fd_sc_hd__nand2_1 B,Y 1 0.002219 0.017207 0.025845 0.211409 - - - - -
3 _4325_ sky130_fd_sc_hd__nand2_1 B,Y 1 0.002086 0.023229 0.033813 0.245221 - - - - -
4 _4588_ sky130_fd_sc_hd__dfrtp_1 D - - 0.023229 0 0.245221 - - - - -

Worst path 9: status=met slack=0.265242 type=min group=core
startpoint=_4589_ (rising edge-triggered flip-flop clocked by core)
endpoint=_4589_ (rising edge-triggered flip-flop clocked by core)
path_power_complete=false missing_power_instances=_4321_,_4322_,_4589_
path_average_power_sum internal=0 switching=0 dynamic=0 leakage=0 total=0
stage instance cell pins fanout capacitance slew delay arrival internal switching dynamic leakage total
1 _4589_ sky130_fd_sc_hd__dfrtp_1 CLK,Q 2 0.002422 0.030608 0.185564 0.185564 - - - - -
2 _4321_ sky130_fd_sc_hd__nand2_1 B,Y 1 0.002219 0.017207 0.025845 0.211409 - - - - -
3 _4322_ sky130_fd_sc_hd__nand2_1 B,Y 1 0.002086 0.023229 0.033813 0.245221 - - - - -
4 _4589_ sky130_fd_sc_hd__dfrtp_1 D - - 0.023229 0 0.245221 - - - - -

Worst path 10: status=met slack=0.265242 type=min group=core
startpoint=_4590_ (rising edge-triggered flip-flop clocked by core)
endpoint=_4590_ (rising edge-triggered flip-flop clocked by core)
path_power_complete=false missing_power_instances=_4318_,_4319_,_4590_
path_average_power_sum internal=0 switching=0 dynamic=0 leakage=0 total=0
stage instance cell pins fanout capacitance slew delay arrival internal switching dynamic leakage total
1 _4590_ sky130_fd_sc_hd__dfrtp_1 CLK,Q 2 0.002422 0.030608 0.185564 0.185564 - - - - -
2 _4318_ sky130_fd_sc_hd__nand2_1 B,Y 1 0.002219 0.017207 0.025845 0.211409 - - - - -
3 _4319_ sky130_fd_sc_hd__nand2_1 B,Y 1 0.002086 0.023229 0.033813 0.245221 - - - - -
4 _4590_ sky130_fd_sc_hd__dfrtp_1 D - - 0.023229 0 0.245221 - - - - -

Worst path 11: status=met slack=1.81522 type=min group=asynchronous
startpoint=rst_ni (input port clocked by core)
endpoint=_4421_ (removal check against rising-edge clock core)
path_power_complete=false missing_power_instances=_4421_
path_average_power_sum internal=0 switching=0 dynamic=0 leakage=0 total=0
stage instance cell pins fanout capacitance slew delay arrival internal switching dynamic leakage total
1 _4421_ sky130_fd_sc_hd__dfrtp_1 RESET_B - - 0 0 2 - - - - -

Worst path 12: status=met slack=1.81522 type=min group=asynchronous
startpoint=rst_ni (input port clocked by core)
endpoint=_4422_ (removal check against rising-edge clock core)
path_power_complete=false missing_power_instances=_4422_
path_average_power_sum internal=0 switching=0 dynamic=0 leakage=0 total=0
stage instance cell pins fanout capacitance slew delay arrival internal switching dynamic leakage total
1 _4422_ sky130_fd_sc_hd__dfrtp_1 RESET_B - - 0 0 2 - - - - -

Worst path 13: status=met slack=1.81522 type=min group=asynchronous
startpoint=rst_ni (input port clocked by core)
endpoint=_4423_ (removal check against rising-edge clock core)
path_power_complete=false missing_power_instances=_4423_
path_average_power_sum internal=0 switching=0 dynamic=0 leakage=0 total=0
stage instance cell pins fanout capacitance slew delay arrival internal switching dynamic leakage total
1 _4423_ sky130_fd_sc_hd__dfrtp_1 RESET_B - - 0 0 2 - - - - -

Worst path 14: status=met slack=1.81522 type=min group=asynchronous
startpoint=rst_ni (input port clocked by core)
endpoint=_4424_ (removal check against rising-edge clock core)
path_power_complete=false missing_power_instances=_4424_
path_average_power_sum internal=0 switching=0 dynamic=0 leakage=0 total=0
stage instance cell pins fanout capacitance slew delay arrival internal switching dynamic leakage total
1 _4424_ sky130_fd_sc_hd__dfrtp_1 RESET_B - - 0 0 2 - - - - -

Worst path 15: status=met slack=1.81522 type=min group=asynchronous
startpoint=rst_ni (input port clocked by core)
endpoint=_4425_ (removal check against rising-edge clock core)
path_power_complete=false missing_power_instances=_4425_
path_average_power_sum internal=0 switching=0 dynamic=0 leakage=0 total=0
stage instance cell pins fanout capacitance slew delay arrival internal switching dynamic leakage total
1 _4425_ sky130_fd_sc_hd__dfrtp_1 RESET_B - - 0 0 2 - - - - -

Worst path 16: status=met slack=1.81522 type=min group=asynchronous
startpoint=rst_ni (input port clocked by core)
endpoint=_4426_ (removal check against rising-edge clock core)
path_power_complete=false missing_power_instances=_4426_
path_average_power_sum internal=0 switching=0 dynamic=0 leakage=0 total=0
stage instance cell pins fanout capacitance slew delay arrival internal switching dynamic leakage total
1 _4426_ sky130_fd_sc_hd__dfrtp_1 RESET_B - - 0 0 2 - - - - -

Worst path 17: status=met slack=1.81522 type=min group=asynchronous
startpoint=rst_ni (input port clocked by core)
endpoint=_4427_ (removal check against rising-edge clock core)
path_power_complete=false missing_power_instances=_4427_
path_average_power_sum internal=0 switching=0 dynamic=0 leakage=0 total=0
stage instance cell pins fanout capacitance slew delay arrival internal switching dynamic leakage total
1 _4427_ sky130_fd_sc_hd__dfrtp_1 RESET_B - - 0 0 2 - - - - -

Worst path 18: status=met slack=1.81522 type=min group=asynchronous
startpoint=rst_ni (input port clocked by core)
endpoint=_4428_ (removal check against rising-edge clock core)
path_power_complete=false missing_power_instances=_4428_
path_average_power_sum internal=0 switching=0 dynamic=0 leakage=0 total=0
stage instance cell pins fanout capacitance slew delay arrival internal switching dynamic leakage total
1 _4428_ sky130_fd_sc_hd__dfrtp_1 RESET_B - - 0 0 2 - - - - -

Worst path 19: status=met slack=1.81522 type=min group=asynchronous
startpoint=rst_ni (input port clocked by core)
endpoint=_4429_ (removal check against rising-edge clock core)
path_power_complete=false missing_power_instances=_4429_
path_average_power_sum internal=0 switching=0 dynamic=0 leakage=0 total=0
stage instance cell pins fanout capacitance slew delay arrival internal switching dynamic leakage total
1 _4429_ sky130_fd_sc_hd__dfrtp_1 RESET_B - - 0 0 2 - - - - -

Worst path 20: status=met slack=1.81522 type=min group=asynchronous
startpoint=rst_ni (input port clocked by core)
endpoint=_4430_ (removal check against rising-edge clock core)
path_power_complete=false missing_power_instances=_4430_
path_average_power_sum internal=0 switching=0 dynamic=0 leakage=0 total=0
stage instance cell pins fanout capacitance slew delay arrival internal switching dynamic leakage total
1 _4430_ sky130_fd_sc_hd__dfrtp_1 RESET_B - - 0 0 2 - - - - -

=== Highest-power instances and worst path through each ===

Hotspot 1: instance=4.938275651512e-06 selected_worst_paths=none internal=1.71017e-06 switching=1.64058e-11 dynamic=1.71019e-06 leakage=6.64847e-06 total=4602
targeted_timing_path=not_found_or_unconstrained

Hotspot 2: instance=4.863482445217e-06 selected_worst_paths=none internal=4.62479e-07 switching=1.64013e-11 dynamic=4.62496e-07 leakage=5.32598e-06 total=4603
targeted_timing_path=not_found_or_unconstrained

Hotspot 3: instance=4.834565061174e-06 selected_worst_paths=none internal=1.82757e-07 switching=1.64009e-11 dynamic=1.82773e-07 leakage=5.01734e-06 total=4604
targeted_timing_path=not_found_or_unconstrained

Hotspot 4: instance=4.953269581165e-06 selected_worst_paths=none internal=4.25544e-08 switching=1.63279e-11 dynamic=4.25707e-08 leakage=4.99584e-06 total=4592
targeted_timing_path=not_found_or_unconstrained

Hotspot 5: instance=4.811267899640e-06 selected_worst_paths=none internal=1.58962e-07 switching=1.59224e-11 dynamic=1.58978e-07 leakage=4.97025e-06 total=4712
targeted_timing_path=not_found_or_unconstrained

Hotspot 6: instance=4.874669684796e-06 selected_worst_paths=none internal=4.53691e-08 switching=1.64831e-11 dynamic=4.53855e-08 leakage=4.92006e-06 total=4612
targeted_timing_path=not_found_or_unconstrained

Hotspot 7: instance=4.870964858128e-06 selected_worst_paths=none internal=4.8926e-08 switching=1.64594e-11 dynamic=4.89424e-08 leakage=4.91991e-06 total=4622
targeted_timing_path=not_found_or_unconstrained

Hotspot 8: instance=4.877444553131e-06 selected_worst_paths=none internal=4.08628e-08 switching=1.64595e-11 dynamic=4.08793e-08 leakage=4.91832e-06 total=4621
targeted_timing_path=not_found_or_unconstrained

Hotspot 9: instance=4.881018867309e-06 selected_worst_paths=none internal=3.71248e-08 switching=1.65066e-11 dynamic=3.71413e-08 leakage=4.91816e-06 total=4618
targeted_timing_path=not_found_or_unconstrained

Hotspot 10: instance=4.877495484834e-06 selected_worst_paths=none internal=3.71248e-08 switching=1.64471e-11 dynamic=3.71412e-08 leakage=4.91464e-06 total=4610
targeted_timing_path=not_found_or_unconstrained

Hotspot 11: instance=4.857626208832e-06 selected_worst_paths=none internal=5.59679e-08 switching=1.37509e-11 dynamic=5.59816e-08 leakage=4.91361e-06 total=4623
targeted_timing_path=not_found_or_unconstrained

Hotspot 12: instance=4.870169050264e-06 selected_worst_paths=none internal=3.48858e-08 switching=1.65547e-11 dynamic=3.49023e-08 leakage=4.90507e-06 total=4616
targeted_timing_path=not_found_or_unconstrained

Hotspot 13: instance=4.877364062850e-06 selected_worst_paths=none internal=2.42399e-08 switching=1.6471e-11 dynamic=2.42564e-08 leakage=4.90162e-06 total=4619
targeted_timing_path=not_found_or_unconstrained

Hotspot 14: instance=4.873564648733e-06 selected_worst_paths=none internal=2.46806e-08 switching=1.64596e-11 dynamic=2.46971e-08 leakage=4.89826e-06 total=4620
targeted_timing_path=not_found_or_unconstrained

Hotspot 15: instance=4.855126007897e-06 selected_worst_paths=none internal=3.92956e-08 switching=1.43386e-11 dynamic=3.931e-08 leakage=4.89444e-06 total=4625
targeted_timing_path=not_found_or_unconstrained

Hotspot 16: instance=4.854144663113e-06 selected_worst_paths=none internal=3.71356e-08 switching=1.66036e-11 dynamic=3.71522e-08 leakage=4.8913e-06 total=4644
targeted_timing_path=not_found_or_unconstrained

Hotspot 17: instance=4.851535777561e-06 selected_worst_paths=none internal=3.6982e-08 switching=1.29426e-11 dynamic=3.6995e-08 leakage=4.88853e-06 total=4626
targeted_timing_path=not_found_or_unconstrained

Hotspot 18: instance=4.856184204982e-06 selected_worst_paths=none internal=3.11353e-08 switching=1.43626e-11 dynamic=3.11497e-08 leakage=4.88733e-06 total=4643
targeted_timing_path=not_found_or_unconstrained

Hotspot 19: instance=4.860945864493e-06 selected_worst_paths=none internal=2.55233e-08 switching=1.64833e-11 dynamic=2.55398e-08 leakage=4.88649e-06 total=4614
targeted_timing_path=not_found_or_unconstrained

Hotspot 20: instance=4.863626600127e-06 selected_worst_paths=none internal=2.26239e-08 switching=1.6507e-11 dynamic=2.26404e-08 leakage=4.88627e-06 total=4617
targeted_timing_path=not_found_or_unconstrained
