Yosys 0.58 (git sha1 157aabb58, g++ 13.3.0-6ubuntu2~24.04 -fPIC -O3)
Using ABC area script.
Extracting clock period from SDC file: ./results/sky130hd/my_ip/base/clock_period.txt
Setting clock period to 20000
1. Executing Liberty frontend: /home/eneadim/openroad/flow/platforms/sky130hd/lib/sky130_fd_sc_hd__tt_025C_1v80.lib
2. Executing Liberty frontend: /home/eneadim/openroad/flow/platforms/sky130hd/lib/sky130_fd_sc_hd__tt_025C_1v80.lib
3. Executing SLANG frontend.
warning: include directory '/home/eneadim/github/flexsoc/hw/ips/prim_opentitan/rtl': No such file or directory
warning: include directory '/home/eneadim/github/flexsoc/hw/ips/prim_opentitan/include': No such file or directory
3.1. Executing UNDRIVEN pass. (resolve undriven signals)
3.2. Executing PROC_CLEAN pass (remove empty switches from decision trees).
3.3. Executing TRIBUF pass.
3.4. Executing PROC_RMDEAD pass (remove dead branches from decision trees).
3.5. Executing PROC_PRUNE pass (remove redundant assignments in processes).
3.6. Executing PROC_INIT pass (extract init attributes).
3.7. Executing PROC_ROM pass (convert switches to ROMs).
3.8. Executing PROC_MUX pass (convert decision trees to multiplexers).
3.9. Executing PROC_CLEAN pass (remove empty switches from decision trees).
3.10. Executing OPT_EXPR pass (perform const folding).
4. Executing Verilog-2005 frontend: /home/eneadim/openroad/flow/platforms/sky130hd/cells_clkgate_hd.v
5. Executing HIERARCHY pass (managing design hierarchy).
5.1. Analyzing design hierarchy..
5.2. Analyzing design hierarchy..
6. Executing OPT_CLEAN pass (remove unused cells and wires).
7. Executing RTLIL backend.
End of script. Logfile hash: 4dd410c496, CPU: user 0.19s system 0.10s, MEM: 71.85 MB peak
Yosys 0.58 (git sha1 157aabb58, g++ 13.3.0-6ubuntu2~24.04 -fPIC -O3)
Time spent: 46% 4x read_liberty (0 sec), 42% 2x read_slang (0 sec), ...
Top level design units:
    my_ip

Build succeeded: 0 errors, 0 warnings
Elapsed time: 0:00.32[h:]min:sec. CPU time: user 0.25 sys 0.10 (112%). Peak memory: 73572KB.
