OpenROAD v2.0-26328-gd6e98657f1 
Features included (+) or not (-): +GPU +GUI +Python
This program is licensed under the BSD-3 license. See the LICENSE file for details.
Components of this program may be licensed under more restrictive licenses which must be honored.
[INFO ORD-0030] Using 12 thread(s).
read_liberty /home/eneadim/openroad/flow/platforms/sky130hd/lib/sky130_fd_sc_hd__tt_025C_1v80.lib
read_db ./results/sky130hd/my_ip/base/2_floorplan.odb
[INFO GPL-0022] Initialize gpl and calculate uniform density.
Placement density is 0.6580000019073486, computed from PLACE_DENSITY_LB_ADDON  0.20 and lower bound 0.5600000023841858
global_placement -skip_io -density 0.6580000019073486 -pad_left 0 -pad_right 0
[INFO GPL-0005] Execute conjugate gradient initial placement.
[INFO GPL-0002] DBU: 1000
[INFO GPL-0003] SiteSize: (  0.460  2.720 ) um
[INFO GPL-0004] CoreBBox: (  1.380  2.720 ) ( 72.680 70.720 ) um
[INFO GPL-0032] Initializing region: Top-level
[INFO GPL-0006] Number of instances:               377
[INFO GPL-0007] Movable instances:                 310
[INFO GPL-0008] Fixed instances:                    67
[INFO GPL-0009] Dummy instances:                     0
[INFO GPL-0010] Number of nets:                    422
[INFO GPL-0011] Number of pins:                    949
[INFO GPL-0012] Die BBox:  (  0.000  0.000 ) ( 73.830 73.830 ) um
[INFO GPL-0013] Core BBox: (  1.380  2.720 ) ( 72.680 70.720 ) um
[INFO GPL-0016] Core area:                    4848.400 um^2
[INFO GPL-0014] Region name: top-level.
[INFO GPL-0015] Region area:                  4848.400 um^2
[INFO GPL-0017] Fixed instances area:           83.830 um^2
[INFO GPL-0018] Movable instances area:       2651.293 um^2
[INFO GPL-0019] Utilization:                    55.646 %
[INFO GPL-0020] Standard cells area:          2651.293 um^2
[INFO GPL-0021] Large instances area:            0.000 um^2
[INFO GPL-0033] Initializing Nesterov region: Top-level
[INFO GPL-0023] Placement target density:       0.6580
[INFO GPL-0024] Movable insts average area:      8.553 um^2
[INFO GPL-0025] Ideal bin area:                 12.998 um^2
[INFO GPL-0026] Ideal bin count:                   373
[INFO GPL-0027] Total bin area:               4848.400 um^2
[INFO GPL-0028] Bin count (X, Y):          16 ,     16
[INFO GPL-0029] Bin size (W * H):       4.456 *  4.250 um
[INFO GPL-0030] Number of bins:                    256
[INFO GPL-0007] Execute nesterov global placement.
[INFO GPL-0031] HPWL: Half-Perimeter Wirelength
Iteration | Overflow |     HPWL (um) |  HPWL(%) |   Penalty | Group
---------------------------------------------------------------
        0 |   0.9323 |  6.355380e+02 |   +0.00% |  1.34e-13 |      
       10 |   0.9323 |  5.065350e+02 |  -20.30% |  2.19e-13 |      
       20 |   0.9324 |  4.996230e+02 |   -1.36% |  3.56e-13 |      
       30 |   0.9324 |  4.988960e+02 |   -0.15% |  5.80e-13 |      
       40 |   0.9325 |  4.982260e+02 |   -0.13% |  9.44e-13 |      
       50 |   0.9323 |  4.986520e+02 |   +0.09% |  1.54e-12 |      
       60 |   0.9322 |  4.995480e+02 |   +0.18% |  2.51e-12 |      
       70 |   0.9389 |  5.004080e+02 |   +0.17% |  4.08e-12 |      
       80 |   0.9417 |  5.024220e+02 |   +0.40% |  6.65e-12 |      
       90 |   0.9256 |  5.077950e+02 |   +1.07% |  1.08e-11 |      
      100 |   0.9300 |  5.195020e+02 |   +2.31% |  1.76e-11 |      
      110 |   0.8981 |  5.476190e+02 |   +5.41% |  2.87e-11 |      
      120 |   0.8707 |  6.184430e+02 |  +12.93% |  4.68e-11 |      
      130 |   0.8212 |  7.158730e+02 |  +15.75% |  7.62e-11 |      
      140 |   0.7928 |  8.026730e+02 |  +12.13% |  1.24e-10 |      
      150 |   0.7533 |  8.747710e+02 |   +8.98% |  2.02e-10 |      
      160 |   0.7186 |  9.224550e+02 |   +5.45% |  3.29e-10 |      
      170 |   0.6864 |  1.015208e+03 |  +10.06% |  5.37e-10 |      
      180 |   0.6410 |  1.122268e+03 |  +10.55% |  8.74e-10 |      
      190 |   0.6088 |  1.216818e+03 |   +8.42% |  1.42e-09 |      
      200 |   0.5643 |  1.299457e+03 |   +6.79% |  2.32e-09 |      
      210 |   0.5317 |  1.419146e+03 |   +9.21% |  3.78e-09 |      
      220 |   0.4885 |  1.503635e+03 |   +5.95% |  6.15e-09 |      
      230 |   0.4573 |  1.631368e+03 |   +8.49% |  1.00e-08 |      
      240 |   0.4067 |  1.702623e+03 |   +4.37% |  1.63e-08 |      
      250 |   0.3638 |  1.815734e+03 |   +6.64% |  2.66e-08 |      
      260 |   0.3164 |  1.842349e+03 |   +1.47% |  4.08e-08 |      
      270 |   0.2650 |  1.859052e+03 |   +0.91% |  6.01e-08 |      
      280 |   0.2375 |  1.860293e+03 |   +0.07% |  8.85e-08 |      
      290 |   0.2024 |  1.890538e+03 |   +1.63% |  1.30e-07 |      
      300 |   0.1698 |  1.902041e+03 |   +0.61% |  1.92e-07 |      
      310 |   0.1397 |  1.910163e+03 |   +0.43% |  2.83e-07 |      
      320 |   0.1172 |  1.900252e+03 |   -0.52% |  4.17e-07 |      
      330 |   0.1018 |  1.917214e+03 |   +0.89% |  6.14e-07 |      
      332 |   0.0982 |  1.918781e+03 |          |  6.90e-07 |      
---------------------------------------------------------------
[INFO GPL-1001] Global placement finished at iteration 332
[INFO GPL-1002] Placed Cell Area             2651.2928
[INFO GPL-1003] Available Free Area          4764.5696
[INFO GPL-1004] Minimum Feasible Density        0.5600 (cell_area / free_area)
[INFO GPL-1006]   Suggested Target Densities:
[INFO GPL-1007]     - For 90% usage of free space: 0.6183
[INFO GPL-1008]     - For 80% usage of free space: 0.6956
[INFO GPL-1014] Final placement area: 2651.29 (+0.00%)
Elapsed time: 0:00.57[h:]min:sec. CPU time: user 2.08 sys 0.03 (365%). Peak memory: 112868KB.
Log                        Elapsed/s Peak Memory/MB  sha1sum .odb [0:20)
3_1_place_gp_skip_io               0            110 e96dd4ddbc39c77eca87
