OpenROAD v2.0-26328-gd6e98657f1 
Features included (+) or not (-): +GPU +GUI +Python
This program is licensed under the BSD-3 license. See the LICENSE file for details.
Components of this program may be licensed under more restrictive licenses which must be honored.
[INFO ORD-0030] Using 12 thread(s).
read_liberty /home/eneadim/openroad/flow/platforms/sky130hd/lib/sky130_fd_sc_hd__tt_025C_1v80.lib
read_db ./results/sky130hd/my_ip/base/3_1_place_gp_skip_io.odb
place_pins -hor_layers met3 -ver_layers met2
Found 0 macro blocks.
Using 2 tracks default min distance between IO pins.
[INFO PPL-0001] Number of available slots 256
[INFO PPL-0002] Number of I/O             179
[INFO PPL-0003] Number of I/O w/sink      111
[INFO PPL-0004] Number of I/O w/o sink    68
[INFO PPL-0005] Slots per section         200
[INFO PPL-0008] Successfully assigned pins to sections.
[INFO PPL-0012] I/O nets HPWL: 1976.77 um.
Elapsed time: 0:00.43[h:]min:sec. CPU time: user 0.38 sys 0.03 (97%). Peak memory: 111800KB.
Log                        Elapsed/s Peak Memory/MB  sha1sum .odb [0:20)
3_2_place_iop                      0            109 8fae37392447c2766a55
