OpenROAD v2.0-26328-gd6e98657f1 
Features included (+) or not (-): +GPU +GUI +Python
This program is licensed under the BSD-3 license. See the LICENSE file for details.
Components of this program may be licensed under more restrictive licenses which must be honored.
[INFO ORD-0030] Using 12 thread(s).
read_liberty /home/eneadim/openroad/flow/platforms/sky130hd/lib/sky130_fd_sc_hd__tt_025C_1v80.lib
read_db ./results/sky130hd/my_ip/base/3_2_place_iop.odb
[INFO RSZ-0026] Removed 34 buffers.
Perform port buffering...
[INFO RSZ-0027] Inserted 43 sky130_fd_sc_hd__clkdlybuf4s50_1 input buffers.
[INFO RSZ-0028] Inserted 47 sky130_fd_sc_hd__clkdlybuf4s50_1 output buffers.
[INFO GPL-0022] Initialize gpl and calculate uniform density.
Placement density is 0.7699999904632568, computed from PLACE_DENSITY_LB_ADDON  0.20 and lower bound 0.699999988079071
global_placement -density 0.7699999904632568 -pad_left 0 -pad_right 0 -routability_driven -timing_driven
[INFO GPL-0005] Execute conjugate gradient initial placement.
[INFO GPL-0002] DBU: 1000
[INFO GPL-0003] SiteSize: (  0.460  2.720 ) um
[INFO GPL-0004] CoreBBox: (  1.380  2.720 ) ( 72.680 70.720 ) um
[INFO GPL-0032] Initializing region: Top-level
[INFO GPL-0006] Number of instances:               433
[INFO GPL-0007] Movable instances:                 366
[INFO GPL-0008] Fixed instances:                    67
[INFO GPL-0009] Dummy instances:                     0
[INFO GPL-0010] Number of nets:                    478
[INFO GPL-0011] Number of pins:                   1240
[INFO GPL-0012] Die BBox:  (  0.000  0.000 ) ( 73.830 73.830 ) um
[INFO GPL-0013] Core BBox: (  1.380  2.720 ) ( 72.680 70.720 ) um
[INFO GPL-0016] Core area:                    4848.400 um^2
[INFO GPL-0014] Region name: top-level.
[INFO GPL-0015] Region area:                  4848.400 um^2
[INFO GPL-0017] Fixed instances area:           83.830 um^2
[INFO GPL-0018] Movable instances area:       3315.680 um^2
[INFO GPL-0019] Utilization:                    69.590 %
[INFO GPL-0020] Standard cells area:          3315.680 um^2
[INFO GPL-0021] Large instances area:            0.000 um^2
[InitialPlace]  Iter: 1 conjugate gradient residual: 0.00000009 HPWL: 6078309
[InitialPlace]  Iter: 2 conjugate gradient residual: 0.00000011 HPWL: 6314706
[InitialPlace]  Iter: 3 conjugate gradient residual: 0.00000011 HPWL: 5670639
[InitialPlace]  Iter: 4 conjugate gradient residual: 0.00000010 HPWL: 5411237
[InitialPlace]  Iter: 5 conjugate gradient residual: 0.00000010 HPWL: 5297575
[INFO GPL-0033] Initializing Nesterov region: Top-level
[INFO GPL-0023] Placement target density:       0.7700
[INFO GPL-0024] Movable insts average area:      9.059 um^2
[INFO GPL-0025] Ideal bin area:                 11.765 um^2
[INFO GPL-0026] Ideal bin count:                   412
[INFO GPL-0027] Total bin area:               4848.400 um^2
[INFO GPL-0028] Bin count (X, Y):          16 ,     16
[INFO GPL-0029] Bin size (W * H):       4.456 *  4.250 um
[INFO GPL-0030] Number of bins:                    256
[INFO GPL-0007] Execute nesterov global placement.
[INFO GPL-0031] HPWL: Half-Perimeter Wirelength
Iteration | Overflow |     HPWL (um) |  HPWL(%) |   Penalty | Group
---------------------------------------------------------------
        0 |   0.3896 |  2.857314e+03 |   +0.00% |  1.90e-12 |      
[INFO GPL-0100] Timing-driven iteration 1/2, virtual: false.
[INFO GPL-0101]    Iter: 1, overflow: 0.390, keep resizer changes at: 1, HPWL: 2857314
Iteration |   Area    | Resized | Buffers | Nets repaired | Remaining
---------------------------------------------------------------------
        0 |     +0.0% |       0 |       0 |             0 |       498
    final |     +0.5% |       1 |       1 |             1 |         0
---------------------------------------------------------------------
[INFO RSZ-0034] Found 1 slew violations.
[INFO RSZ-0039] Resized 1 instances.
[INFO RSZ-0038] Inserted 1 buffers in 1 nets.
   Iter   |    Area   | Removed | Inserted |   Pins
          |           | Buffers | Buffers  | Remaining
-------------------------------------------------------
        0 |     +0.0% |       0 |        0 |       334
       33 |     +0.0% |       0 |        0 |       301
       66 |     +0.0% |       0 |        0 |       268
       99 |     +0.0% |       0 |        0 |       235
      132 |     +0.0% |       0 |        0 |       202
      165 |     +0.0% |       0 |        0 |       169
      198 |     +0.0% |       0 |        0 |       136
      231 |     +0.0% |       0 |        0 |       103
      264 |     -2.7% |      12 |        0 |        70
      297 |     -2.7% |      12 |        0 |        37
      330 |     -2.7% |      12 |        0 |         4
    final |     -3.1% |      13 |        1 |         0
-------------------------------------------------------
[INFO GPL-0106] Timing-driven: worst slack -4e-09
[INFO GPL-0107] Timing-driven: repair_design delta area: -87.584 um^2 (-2.64%)
[INFO GPL-0108] Timing-driven: repair_design, gpl delta gcells: -11 (-3.01%)
[INFO GPL-0109] Timing-driven: repair_design, gcells created: 2, deleted: 13
[INFO GPL-0110] Timing-driven: new target density: 0.75161767
[INFO GPL-0038] Routability snapshot saved at iter = 1
        0 |   0.3896 |  2.849337e+03 |          |           |      
Iteration | Overflow |     HPWL (um) |  HPWL(%) |   Penalty | Group
---------------------------------------------------------------
       10 |   0.3582 |  2.892376e+03 |   +1.23% |  3.09e-12 |      
       20 |   0.3704 |  2.907477e+03 |   +0.52% |  5.03e-12 |      
       30 |   0.3805 |  2.918308e+03 |   +0.37% |  8.19e-12 |      
       40 |   0.3798 |  2.932451e+03 |   +0.48% |  1.33e-11 |      
       50 |   0.3767 |  2.929561e+03 |   -0.10% |  2.17e-11 |      
       60 |   0.3756 |  2.920250e+03 |   -0.32% |  3.54e-11 |      
       70 |   0.3764 |  2.914411e+03 |   -0.20% |  5.77e-11 |      
       80 |   0.3772 |  2.917760e+03 |   +0.11% |  9.39e-11 |      
       90 |   0.3759 |  2.923236e+03 |   +0.19% |  1.53e-10 |      
      100 |   0.3735 |  2.921383e+03 |   -0.06% |  2.49e-10 |      
      110 |   0.3701 |  2.914157e+03 |   -0.25% |  4.06e-10 |      
      120 |   0.3664 |  2.907728e+03 |   -0.22% |  6.61e-10 |      
      130 |   0.3608 |  2.903190e+03 |   -0.16% |  1.08e-09 |      
      140 |   0.3534 |  2.895682e+03 |   -0.26% |  1.75e-09 |      
      150 |   0.3467 |  2.896344e+03 |   +0.02% |  2.77e-09 |      
      160 |   0.3412 |  2.894011e+03 |   -0.08% |  4.09e-09 |      
      170 |   0.3283 |  2.892874e+03 |   -0.04% |  6.02e-09 |      
      180 |   0.3080 |  2.891480e+03 |   -0.05% |  8.87e-09 |      
[INFO GPL-0040] Routability iteration: 1
[INFO GPL-0041] Total routing overflow: 0.0000
[INFO GPL-0042] Number of overflowed tiles: 0 (0.00%)
[INFO GPL-0043] Average top 0.5% routing congestion: 0.8824
[INFO GPL-0044] Average top 1.0% routing congestion: 0.8824
[INFO GPL-0045] Average top 2.0% routing congestion: 0.8717
[INFO GPL-0046] Average top 5.0% routing congestion: 0.8237
[INFO GPL-0047] Routability iteration weighted routing congestion: 0.8824
[INFO GPL-0050] Weighted routing congestion is lower than target routing congestion(1.0100), end routability optimization.
[INFO GPL-0090] Routability finished. Target routing congestion achieved succesfully.
Iteration | Overflow |     HPWL (um) |  HPWL(%) |   Penalty | Group
---------------------------------------------------------------
      190 |   0.2836 |  2.887936e+03 |   -0.12% |  1.31e-08 |      
      200 |   0.2600 |  2.890044e+03 |   +0.07% |  1.92e-08 |      
      210 |   0.2301 |  2.892300e+03 |   +0.08% |  2.83e-08 |      
      220 |   0.2110 |  2.900912e+03 |   +0.30% |  4.18e-08 |      
[INFO GPL-0100] Timing-driven iteration 2/2, virtual: false.
[INFO GPL-0101]    Iter: 227, overflow: 0.193, keep resizer changes at: 1, HPWL: 2907104
Iteration |   Area    | Resized | Buffers | Nets repaired | Remaining
---------------------------------------------------------------------
        0 |     +0.0% |       0 |       0 |             0 |       487
    final |     +0.0% |       0 |       0 |             0 |         0
---------------------------------------------------------------------
   Iter   |    Area   | Removed | Inserted |   Pins
          |           | Buffers | Buffers  | Remaining
-------------------------------------------------------
        0 |     +0.0% |       0 |        0 |       334
       33 |     +0.0% |       0 |        0 |       301
       66 |     +0.0% |       0 |        0 |       268
       99 |     +0.0% |       0 |        0 |       235
      132 |     +0.0% |       0 |        0 |       202
      165 |     +0.2% |       0 |        1 |       169
      198 |     +0.2% |       0 |        1 |       136
      231 |     +0.2% |       0 |        1 |       103
      264 |     +0.2% |       0 |        1 |        70
      297 |     +0.2% |       0 |        1 |        37
      330 |     +0.2% |       0 |        1 |         4
    final |     +0.2% |       1 |        2 |         0
-------------------------------------------------------
[INFO GPL-0106] Timing-driven: worst slack -4e-09
[INFO GPL-0107] Timing-driven: repair_design delta area: 7.507 um^2 (+0.23%)
[INFO GPL-0108] Timing-driven: repair_design, gpl delta gcells: 1 (+0.28%)
[INFO GPL-0109] Timing-driven: repair_design, gcells created: 2, deleted: 1
[INFO GPL-0110] Timing-driven: new target density: 0.75319326
Iteration | Overflow |     HPWL (um) |  HPWL(%) |   Penalty | Group
---------------------------------------------------------------
      230 |   0.1870 |  2.970083e+03 |   +2.38% |  6.15e-08 |      
      240 |   0.1697 |  2.976753e+03 |   +0.22% |  9.06e-08 |      
      250 |   0.1443 |  2.988832e+03 |   +0.41% |  1.34e-07 |      
      260 |   0.1203 |  2.990636e+03 |   +0.06% |  1.97e-07 |      
      270 |   0.1095 |  3.006830e+03 |   +0.54% |  2.90e-07 |      
      279 |   0.0997 |  3.024380e+03 |          |  4.27e-07 |      
---------------------------------------------------------------
[INFO GPL-1001] Global placement finished at iteration 279
[INFO GPL-1003] Routability mode iteration count: 183
[INFO GPL-1005] Routability final weighted congestion: 0.8111
[INFO GPL-1002] Placed Cell Area             3235.6032
[INFO GPL-1003] Available Free Area          4764.5696
[INFO GPL-1004] Minimum Feasible Density        0.7000 (cell_area / free_area)
[INFO GPL-1006]   Suggested Target Densities:
[INFO GPL-1007]     - For 90% usage of free space: 0.7546
[INFO GPL-1008]     - For 80% usage of free space: 0.8489
[INFO GPL-1011] Original area (um^2): 3315.68
[INFO GPL-1012] Total routability artificial inflation: -87.58 (-2.64%)
[INFO GPL-1013] Total timing-driven delta area: -80.08 (-2.42%)
[INFO GPL-1014] Final placement area: 3235.60 (-2.42%)
Report metrics stage 3, global place...

==========================================================================
global place report_design_area
--------------------------------------------------------------------------
Design area 3236 um^2 67% utilization.
Elapsed time: 0:01.17[h:]min:sec. CPU time: user 4.31 sys 0.33 (396%). Peak memory: 197300KB.
Log                        Elapsed/s Peak Memory/MB  sha1sum .odb [0:20)
3_3_place_gp                       1            192 fc25bc0db7ea340842c1
