OpenROAD v2.0-26328-gd6e98657f1 
Features included (+) or not (-): +GPU +GUI +Python
This program is licensed under the BSD-3 license. See the LICENSE file for details.
Components of this program may be licensed under more restrictive licenses which must be honored.
[INFO ORD-0030] Using 12 thread(s).
read_liberty /home/eneadim/openroad/flow/platforms/sky130hd/lib/sky130_fd_sc_hd__tt_025C_1v80.lib
read_db ./results/sky130hd/my_ip/base/3_3_place_gp.odb
Perform buffer insertion and gate resizing...
repair_design -verbose -match_cell_footprint
Iteration |   Area    | Resized | Buffers | Nets repaired | Remaining
---------------------------------------------------------------------
        0 |     +0.0% |       0 |       0 |             0 |       488
       10 |     +0.0% |       0 |       0 |             0 |       478
       20 |     +0.0% |       0 |       0 |             0 |       468
       30 |     +0.0% |       0 |       0 |             0 |       458
       40 |     +0.0% |       0 |       0 |             0 |       448
       50 |     +0.0% |       0 |       0 |             0 |       438
       60 |     +0.0% |       0 |       0 |             0 |       428
       70 |     +0.0% |       0 |       0 |             0 |       418
       80 |     +0.0% |       0 |       0 |             0 |       408
       90 |     +0.0% |       0 |       0 |             0 |       398
      100 |     +0.0% |       0 |       0 |             0 |       388
      110 |     +0.0% |       0 |       0 |             0 |       378
      120 |     +0.0% |       0 |       0 |             0 |       368
      130 |     +0.0% |       0 |       0 |             0 |       358
      140 |     +0.0% |       0 |       0 |             0 |       348
      150 |     +0.0% |       0 |       0 |             0 |       338
      160 |     +0.0% |       0 |       0 |             0 |       328
      170 |     +0.0% |       0 |       0 |             0 |       318
      180 |     +0.0% |       0 |       0 |             0 |       308
      190 |     +0.0% |       0 |       0 |             0 |       298
      200 |     +0.0% |       0 |       0 |             0 |       288
      210 |     +0.0% |       0 |       0 |             0 |       278
      220 |     +0.0% |       0 |       0 |             0 |       268
      230 |     +0.0% |       0 |       0 |             0 |       258
      240 |     +0.0% |       0 |       0 |             0 |       248
      250 |     +0.0% |       0 |       0 |             0 |       238
      260 |     +0.0% |       0 |       0 |             0 |       228
      270 |     +0.0% |       0 |       0 |             0 |       218
      280 |     +0.0% |       0 |       0 |             0 |       208
      290 |     +0.0% |       0 |       0 |             0 |       198
      300 |     +0.0% |       0 |       0 |             0 |       188
      310 |     +0.0% |       0 |       0 |             0 |       178
      320 |     +0.0% |       0 |       0 |             0 |       168
      330 |     +0.0% |       0 |       0 |             0 |       158
      340 |     +0.0% |       0 |       0 |             0 |       148
      350 |     +0.0% |       0 |       0 |             0 |       138
      360 |     +0.0% |       0 |       0 |             0 |       128
      370 |     +0.0% |       0 |       0 |             0 |       118
      380 |     +0.0% |       0 |       0 |             0 |       108
      390 |     +0.0% |       0 |       0 |             0 |        98
      400 |     +0.0% |       0 |       0 |             0 |        88
      410 |     +0.0% |       0 |       0 |             0 |        78
      420 |     +0.0% |       0 |       0 |             0 |        68
      430 |     +0.0% |       0 |       0 |             0 |        58
      440 |     +0.0% |       0 |       0 |             0 |        48
      450 |     +0.0% |       0 |       0 |             0 |        38
      460 |     +0.0% |       0 |       0 |             0 |        28
      470 |     +0.0% |       0 |       0 |             0 |        18
      480 |     +0.0% |       0 |       0 |             0 |         8
    final |     +0.0% |       0 |       0 |             0 |         0
---------------------------------------------------------------------
Floating nets: 
[WARNING RSZ-0020] found 2 floating nets.
Report metrics stage 3, resizer...

==========================================================================
resizer report_design_area
--------------------------------------------------------------------------
Design area 3236 um^2 67% utilization.
Instance count before 423, after 423
Pin count before 1061, after 1061
Elapsed time: 0:00.68[h:]min:sec. CPU time: user 0.57 sys 0.16 (108%). Peak memory: 130076KB.
Log                        Elapsed/s Peak Memory/MB  sha1sum .odb [0:20)
3_4_place_resized                  0            127 fc25bc0db7ea340842c1
