OpenROAD v2.0-26328-gd6e98657f1 
Features included (+) or not (-): +GPU +GUI +Python
This program is licensed under the BSD-3 license. See the LICENSE file for details.
Components of this program may be licensed under more restrictive licenses which must be honored.
[INFO ORD-0030] Using 12 thread(s).
read_liberty /home/eneadim/openroad/flow/platforms/sky130hd/lib/sky130_fd_sc_hd__tt_025C_1v80.lib
read_db ./results/sky130hd/my_ip/base/3_4_place_resized.odb
Placement Analysis
---------------------------------
total displacement        894.4 u
average displacement        2.1 u
max displacement           10.0 u
original HPWL            3023.7 u
legalized HPWL           3903.3 u
delta HPWL                   29 %

Detailed placement improvement.
[INFO DPL-0401] Setting random seed to 1.
[INFO DPL-0402] Setting maximum displacement 5 1 to 13600 2720 units.
[INFO DPL-0320] Collected 246 fixed cells.
[INFO DPL-0318] Collected 356 single height cells.
[INFO DPL-0321] Collected 0 wide cells.
[INFO DPL-0322] Image (1380, 2720) - (72680, 70720)
[INFO DPL-0310] Assigned 356 cells into segments.  Movement in X-direction is 0.000000, movement in Y-direction is 0.000000.
[INFO DPL-0313] Found 0 cells in wrong regions.
[INFO DPL-0315] Found 0 row alignment problems.
[INFO DPL-0314] Found 0 site alignment problems.
[INFO DPL-0311] Found 0 overlaps between adjacent cells.
[INFO DPL-0312] Found 0 edge spacing violations and 0 padding violations.
[INFO DPL-0303] Running algorithm for independent set matching.
[INFO DPL-0300] Set matching objective is wirelength.
[INFO DPL-0301] Pass   1 of matching; objective is 3.909547e+06.
[INFO DPL-0302] End of matching; objective is 3.875954e+06, improvement is 0.86 percent.
[INFO DPL-0303] Running algorithm for global swaps.
[INFO DPL-0306] Pass   1 of global swaps; hpwl is 3.814449e+06.
[INFO DPL-0306] Pass   2 of global swaps; hpwl is 3.791921e+06.
[INFO DPL-0307] End of global swaps; objective is 3.791921e+06, improvement is 2.17 percent.
[INFO DPL-0303] Running algorithm for vertical swaps.
[INFO DPL-0308] Pass   1 of vertical swaps; hpwl is 3.778821e+06.
[INFO DPL-0309] End of vertical swaps; objective is 3.778821e+06, improvement is 0.35 percent.
[INFO DPL-0303] Running algorithm for reordering.
[INFO DPL-0304] Pass   1 of reordering; objective is 3.767166e+06.
[INFO DPL-0305] End of reordering; objective is 3.767166e+06, improvement is 0.31 percent.
[INFO DPL-0303] Running algorithm for random improvement.
[INFO DPL-0324] Random improver is using random generator.
[INFO DPL-0325] Random improver is using hpwl objective.
[INFO DPL-0326] Random improver cost string is (a).
[INFO DPL-0332] End of pass, Generator random called 7120 times.
[INFO DPL-0335] Generator random, Cumulative attempts 7120, swaps 1517, moves  1444 since last reset.
[INFO DPL-0333] End of pass, Objective hpwl, Initial cost 3.767166e+06, Scratch cost 3.668138e+06, Incremental cost 3.668138e+06, Mismatch? N
[INFO DPL-0338] End of pass, Total cost is 3.668138e+06.
[INFO DPL-0327] Pass   1 of random improver; improvement in cost is 2.63 percent.
[INFO DPL-0332] End of pass, Generator random called 7120 times.
[INFO DPL-0335] Generator random, Cumulative attempts 14240, swaps 3036, moves  2883 since last reset.
[INFO DPL-0333] End of pass, Objective hpwl, Initial cost 3.668138e+06, Scratch cost 3.651487e+06, Incremental cost 3.651487e+06, Mismatch? N
[INFO DPL-0338] End of pass, Total cost is 3.651487e+06.
[INFO DPL-0327] Pass   2 of random improver; improvement in cost is 0.45 percent.
[INFO DPL-0328] End of random improver; improvement is 3.070717 percent.
[INFO DPL-0380] Cell flipping.
[INFO DPL-0382] Changed 0 cell orientations for row compatibility.
[INFO DPL-0383] Performed 118 cell flips.
[INFO DPL-0384] End of flipping; objective is 3.514049e+06, improvement is 3.76 percent.
[INFO DPL-0313] Found 0 cells in wrong regions.
[INFO DPL-0315] Found 0 row alignment problems.
[INFO DPL-0314] Found 0 site alignment problems.
[INFO DPL-0311] Found 0 overlaps between adjacent cells.
[INFO DPL-0312] Found 0 edge spacing violations and 0 padding violations.
Detailed Improvement Results
------------------------------------------
Original HPWL             3903.3 u (    1970.9,     1932.4)
Final HPWL                3518.0 u (    1765.2,     1752.8)
Delta HPWL                  -9.9 % (     -10.4,       -9.3)

[INFO DPL-0020] Mirrored 8 instances
[INFO DPL-0021] HPWL before            3518.0 u
[INFO DPL-0022] HPWL after             3516.5 u
[INFO DPL-0023] HPWL delta               -0.0 %
[INFO FLW-0012] Placement violations .
Report metrics stage 3, detailed place...

==========================================================================
detailed place report_design_area
--------------------------------------------------------------------------
Design area 3236 um^2 67% utilization.
Elapsed time: 0:00.66[h:]min:sec. CPU time: user 0.60 sys 0.10 (106%). Peak memory: 116904KB.
Log                        Elapsed/s Peak Memory/MB  sha1sum .odb [0:20)
3_5_place_dp                       0            114 6422f780d70ad7b6c43d
