OpenROAD v2.0-26328-gd6e98657f1 
Features included (+) or not (-): +GPU +GUI +Python
This program is licensed under the BSD-3 license. See the LICENSE file for details.
Components of this program may be licensed under more restrictive licenses which must be honored.
[INFO ORD-0030] Using 12 thread(s).
read_liberty /home/eneadim/openroad/flow/platforms/sky130hd/lib/sky130_fd_sc_hd__tt_025C_1v80.lib
read_db ./results/sky130hd/my_ip/base/4_cts.odb
[INFO DRT-0149] Reading tech and libs.
[WARNING DRT-0349] LEF58_ENCLOSURE with no CUTCLASS is not supported. Skipping for layer mcon
[WARNING DRT-0349] LEF58_ENCLOSURE with no CUTCLASS is not supported. Skipping for layer mcon
[WARNING DRT-0349] LEF58_ENCLOSURE with no CUTCLASS is not supported. Skipping for layer via
[WARNING DRT-0349] LEF58_ENCLOSURE with no CUTCLASS is not supported. Skipping for layer via
[WARNING DRT-0349] LEF58_ENCLOSURE with no CUTCLASS is not supported. Skipping for layer via2
[WARNING DRT-0349] LEF58_ENCLOSURE with no CUTCLASS is not supported. Skipping for layer via2
[WARNING DRT-0349] LEF58_ENCLOSURE with no CUTCLASS is not supported. Skipping for layer via3
[WARNING DRT-0349] LEF58_ENCLOSURE with no CUTCLASS is not supported. Skipping for layer via3
[WARNING DRT-0349] LEF58_ENCLOSURE with no CUTCLASS is not supported. Skipping for layer via4
[WARNING DRT-0349] LEF58_ENCLOSURE with no CUTCLASS is not supported. Skipping for layer via4

Units:                1000
Number of layers:     13
Number of macros:     441
Number of vias:       29
Number of viarulegen: 25

[INFO DRT-0150] Reading design.

Design:                   my_ip
Die area:                 ( 0 0 ) ( 73830 73830 )
Number of track patterns: 12
Number of DEF vias:       0
Number of components:     431
Number of terminals:      181
Number of snets:          2
Number of nets:           473

[INFO DRT-0167] List of default vias:
  Layer via
    default via: M1M2_PR
  Layer via2
    default via: M2M3_PR
  Layer via3
    default via: M3M4_PR
  Layer via4
    default via: M4M5_PR
[INFO DRT-0162] Library cell analysis.
[INFO DRT-0163] Instance analysis.
[INFO DRT-0164] Number of unique instances = 33.
[INFO DRT-0168] Init region query.
[INFO DRT-0024]   Complete FR_MASTERSLICE.
[INFO DRT-0024]   Complete Fr_VIA.
[INFO DRT-0024]   Complete li1.
[INFO DRT-0024]   Complete mcon.
[INFO DRT-0024]   Complete met1.
[INFO DRT-0024]   Complete via.
[INFO DRT-0024]   Complete met2.
[INFO DRT-0024]   Complete via2.
[INFO DRT-0024]   Complete met3.
[INFO DRT-0024]   Complete via3.
[INFO DRT-0024]   Complete met4.
[INFO DRT-0024]   Complete via4.
[INFO DRT-0024]   Complete met5.
[INFO DRT-0033] FR_MASTERSLICE shape region query size = 0.
[INFO DRT-0033] FR_VIA shape region query size = 0.
[INFO DRT-0033] li1 shape region query size = 9486.
[INFO DRT-0033] mcon shape region query size = 5945.
[INFO DRT-0033] met1 shape region query size = 1695.
[INFO DRT-0033] via shape region query size = 325.
[INFO DRT-0033] met2 shape region query size = 297.
[INFO DRT-0033] via2 shape region query size = 260.
[INFO DRT-0033] met3 shape region query size = 272.
[INFO DRT-0033] via3 shape region query size = 260.
[INFO DRT-0033] met4 shape region query size = 83.
[INFO DRT-0033] via4 shape region query size = 13.
[INFO DRT-0033] met5 shape region query size = 23.
[INFO DRT-0165] Start pin access.
[INFO DRT-0078]   Complete 220 pins.
[INFO DRT-0081]   Complete 33 unique inst patterns.
[INFO DRT-0084]   Complete 216 groups.
#scanned instances     = 431
#unique  instances     = 33
#stdCellGenAp          = 921
#stdCellValidPlanarAp  = 8
#stdCellValidViaAp     = 577
#stdCellPinNoAp        = 0
#stdCellPinCnt         = 1054
#instTermValidViaApCnt = 0
#macroGenAp            = 0
#macroValidPlanarAp    = 0
#macroValidViaAp       = 0
#macroNoAp             = 0
[INFO DRT-0166] Complete pin access.
[INFO DRT-0267] cpu time = 00:00:21, elapsed time = 00:00:04, memory = 118.77 (MB), peak = 118.77 (MB)
global_route -congestion_report_file ./reports/sky130hd/my_ip/base/congestion.rpt -congestion_iterations 30 -congestion_report_iter_step 5 -verbose
[INFO GRT-0020] Min routing layer: met1
[INFO GRT-0021] Max routing layer: met5
[INFO GRT-0022] Global adjustment: 0%
[INFO GRT-0023] Grid origin: (0, 0)
[INFO GRT-0088] Layer li1     Track-Pitch = 0.4600  line-2-Via Pitch: 0.3400
[INFO GRT-0088] Layer met1    Track-Pitch = 0.3400  line-2-Via Pitch: 0.3400
[INFO GRT-0088] Layer met2    Track-Pitch = 0.4600  line-2-Via Pitch: 0.3500
[INFO GRT-0088] Layer met3    Track-Pitch = 0.6800  line-2-Via Pitch: 0.6150
[INFO GRT-0088] Layer met4    Track-Pitch = 0.9200  line-2-Via Pitch: 1.0400
[INFO GRT-0088] Layer met5    Track-Pitch = 3.4000  line-2-Via Pitch: 3.1100
[INFO GRT-0003] Macros: 0
[INFO GRT-0004] Blockages: 742
[INFO GRT-0019] Found 6 clock nets.
[INFO GRT-0001] Minimum degree: 2
[INFO GRT-0002] Maximum degree: 54

[INFO GRT-0053] Routing resources analysis:
          Routing      Original      Derated      Resource
Layer     Direction    Resources     Resources    Reduction (%)
---------------------------------------------------------------
li1        Vertical            0             0          0.00%
met1       Horizontal       2140           906          57.66%
met2       Vertical         1600           981          38.69%
met3       Horizontal       1070           717          32.99%
met4       Vertical          660           360          45.45%
met5       Horizontal        210            99          52.86%
---------------------------------------------------------------

[INFO GRT-0197] Via related to pin nodes: 1532
[INFO GRT-0198] Via related Steiner nodes: 10
[INFO GRT-0199] Via filling finished.
[INFO GRT-0111] Final number of vias: 1841
[INFO GRT-0112] Final usage 3D: 6171

[INFO GRT-0096] Final congestion report:
Layer         Resource        Demand        Usage (%)    Max H / Max V / Total Overflow
---------------------------------------------------------------------------------------
li1                  0             0            0.00%             0 /  0 /  0
met1               906           288           31.79%             0 /  0 /  0
met2               981           312           31.80%             0 /  0 /  0
met3               717            37            5.16%             0 /  0 /  0
met4               360            11            3.06%             0 /  0 /  0
met5                99             0            0.00%             0 /  0 /  0
---------------------------------------------------------------------------------------
Total             3063           648           21.16%             0 /  0 /  0

[INFO GRT-0018] Total wirelength: 8259 um
[INFO GRT-0014] Routed nets: 405
Report metrics stage 5, global route pre repair design...

==========================================================================
global route pre repair design report_design_area
--------------------------------------------------------------------------
Design area 3337 um^2 69% utilization.
Perform buffer insertion and gate resizing...
repair_design -verbose
Iteration |   Area    | Resized | Buffers | Nets repaired | Remaining
---------------------------------------------------------------------
        0 |     +0.0% |       0 |       0 |             0 |       496
       10 |     +0.0% |       0 |       0 |             0 |       486
       20 |     +0.0% |       0 |       0 |             0 |       476
       30 |     +0.0% |       0 |       0 |             0 |       466
       40 |     +0.0% |       0 |       0 |             0 |       456
       50 |     +0.0% |       0 |       0 |             0 |       446
       60 |     +0.0% |       0 |       0 |             0 |       436
       70 |     +0.0% |       0 |       0 |             0 |       426
       80 |     +0.0% |       0 |       0 |             0 |       416
       90 |     +0.0% |       0 |       0 |             0 |       406
      100 |     +0.0% |       0 |       0 |             0 |       396
      110 |     +0.0% |       0 |       0 |             0 |       386
      120 |     +0.0% |       0 |       0 |             0 |       376
      130 |     +0.0% |       0 |       0 |             0 |       366
      140 |     +0.0% |       0 |       0 |             0 |       356
      150 |     +0.0% |       0 |       0 |             0 |       346
      160 |     +0.0% |       0 |       0 |             0 |       336
      170 |     +0.0% |       0 |       0 |             0 |       326
      180 |     +0.0% |       0 |       0 |             0 |       316
      190 |     +0.0% |       0 |       0 |             0 |       306
      200 |     +0.0% |       0 |       0 |             0 |       296
      210 |     +0.0% |       0 |       0 |             0 |       286
      220 |     +0.0% |       0 |       0 |             0 |       276
      230 |     +0.0% |       0 |       0 |             0 |       266
      240 |     +0.0% |       0 |       0 |             0 |       256
      250 |     +0.0% |       0 |       0 |             0 |       246
      260 |     +0.0% |       0 |       0 |             0 |       236
      270 |     +0.0% |       0 |       0 |             0 |       226
      280 |     +0.0% |       0 |       0 |             0 |       216
      290 |     +0.0% |       0 |       0 |             0 |       206
      300 |     +0.0% |       0 |       0 |             0 |       196
      310 |     +0.0% |       0 |       0 |             0 |       186
      320 |     +0.0% |       0 |       0 |             0 |       176
      330 |     +0.0% |       0 |       0 |             0 |       166
      340 |     +0.0% |       0 |       0 |             0 |       156
      350 |     +0.0% |       0 |       0 |             0 |       146
      360 |     +0.0% |       0 |       0 |             0 |       136
      370 |     +0.0% |       0 |       0 |             0 |       126
      380 |     +0.0% |       0 |       0 |             0 |       116
      390 |     +0.0% |       0 |       0 |             0 |       106
      400 |     +0.0% |       0 |       0 |             0 |        96
      410 |     +0.0% |       0 |       0 |             0 |        86
      420 |     +0.0% |       0 |       0 |             0 |        76
      430 |     +0.0% |       0 |       0 |             0 |        66
      440 |     +0.0% |       0 |       0 |             0 |        56
      450 |     +0.0% |       0 |       0 |             0 |        46
      460 |     +0.0% |       0 |       0 |             0 |        36
      470 |     +0.0% |       0 |       0 |             0 |        26
      480 |     +0.0% |       0 |       0 |             0 |        16
      490 |     +0.0% |       0 |       0 |             0 |         6
    final |     +0.0% |       0 |       0 |             0 |         0
---------------------------------------------------------------------
Report metrics stage 5, global route post repair design...

==========================================================================
global route post repair design report_design_area
--------------------------------------------------------------------------
Design area 3337 um^2 69% utilization.
global_route -start_incremental
detailed_placement
Placement Analysis
---------------------------------
total displacement          0.0 u
average displacement        0.0 u
max displacement            0.0 u
original HPWL            3896.2 u
legalized HPWL           3896.2 u
delta HPWL                    0 %

global_route -end_incremental -congestion_report_file ./reports/sky130hd/my_ip/base/congestion_post_repair_design.rpt
Repair setup and hold violations...
repair_timing -setup_margin 0 -hold_margin 0 -repair_tns 100 -verbose
[INFO RSZ-0100] Repair move sequence: UnbufferMove SizeUpMove SwapPinsMove BufferMove CloneMove SplitLoadMove 
[INFO RSZ-0098] No setup violations found
[INFO RSZ-0033] No hold violations found.
Report metrics stage 5, global route post repair timing...

==========================================================================
global route post repair timing report_design_area
--------------------------------------------------------------------------
Design area 3337 um^2 69% utilization.
global_route -start_incremental
detailed_placement
Placement Analysis
---------------------------------
total displacement          0.0 u
average displacement        0.0 u
max displacement            0.0 u
original HPWL            3896.2 u
legalized HPWL           3896.2 u
delta HPWL                    0 %

global_route -end_incremental -congestion_report_file ./reports/sky130hd/my_ip/base/congestion_post_repair_timing.rpt
global_route -start_incremental
global_route -end_incremental -congestion_report_file ./reports/sky130hd/my_ip/base/congestion_post_recover_power.rpt
Repair antennas...
[INFO GRT-0012] Found 0 antenna violations.
[INFO ANT-0002] Found 0 net violations.
[INFO ANT-0001] Found 0 pin violations.
Estimate parasitics...
Report metrics stage 5, global route...

==========================================================================
global route report_design_area
--------------------------------------------------------------------------
Design area 3337 um^2 69% utilization.
[INFO FLW-0007] clock core_clock period 20.000000
[INFO FLW-0008] Clock core_clock period 5.918
[INFO FLW-0009] Clock core_clock slack 13.771
[INFO FLW-0011] Path endpoint path count 156
Elapsed time: 0:05.90[h:]min:sec. CPU time: user 24.36 sys 0.39 (419%). Peak memory: 208664KB.
Log                        Elapsed/s Peak Memory/MB  sha1sum .odb [0:20)
5_1_grt                            5            203 9e7680151758e277ded8
