OpenROAD v2.0-26328-gd6e98657f1 
Features included (+) or not (-): +GPU +GUI +Python
This program is licensed under the BSD-3 license. See the LICENSE file for details.
Components of this program may be licensed under more restrictive licenses which must be honored.
[INFO ORD-0030] Using 12 thread(s).
read_liberty /home/eneadim/openroad/flow/platforms/sky130hd/lib/sky130_fd_sc_hd__tt_025C_1v80.lib
read_db ./results/sky130hd/my_ip/base/5_1_grt.odb
detailed_route -output_drc ./reports/sky130hd/my_ip/base/5_route_drc.rpt -output_maze ./results/sky130hd/my_ip/base/maze.log -droute_end_iter 64 -verbose 1 -drc_report_iter_step 5
[INFO DRT-0149] Reading tech and libs.
[WARNING DRT-0349] LEF58_ENCLOSURE with no CUTCLASS is not supported. Skipping for layer mcon
[WARNING DRT-0349] LEF58_ENCLOSURE with no CUTCLASS is not supported. Skipping for layer mcon
[WARNING DRT-0349] LEF58_ENCLOSURE with no CUTCLASS is not supported. Skipping for layer via
[WARNING DRT-0349] LEF58_ENCLOSURE with no CUTCLASS is not supported. Skipping for layer via
[WARNING DRT-0349] LEF58_ENCLOSURE with no CUTCLASS is not supported. Skipping for layer via2
[WARNING DRT-0349] LEF58_ENCLOSURE with no CUTCLASS is not supported. Skipping for layer via2
[WARNING DRT-0349] LEF58_ENCLOSURE with no CUTCLASS is not supported. Skipping for layer via3
[WARNING DRT-0349] LEF58_ENCLOSURE with no CUTCLASS is not supported. Skipping for layer via3
[WARNING DRT-0349] LEF58_ENCLOSURE with no CUTCLASS is not supported. Skipping for layer via4
[WARNING DRT-0349] LEF58_ENCLOSURE with no CUTCLASS is not supported. Skipping for layer via4

Units:                1000
Number of layers:     13
Number of macros:     441
Number of vias:       29
Number of viarulegen: 25

[INFO DRT-0150] Reading design.

Design:                   my_ip
Die area:                 ( 0 0 ) ( 73830 73830 )
Number of track patterns: 12
Number of DEF vias:       0
Number of components:     431
Number of terminals:      181
Number of snets:          2
Number of nets:           473

[INFO DRT-0167] List of default vias:
  Layer via
    default via: M1M2_PR
  Layer via2
    default via: M2M3_PR
  Layer via3
    default via: M3M4_PR
  Layer via4
    default via: M4M5_PR
[INFO DRT-0162] Library cell analysis.
[INFO DRT-0163] Instance analysis.
[INFO DRT-0164] Number of unique instances = 33.
[INFO DRT-0168] Init region query.
[INFO DRT-0024]   Complete FR_MASTERSLICE.
[INFO DRT-0024]   Complete Fr_VIA.
[INFO DRT-0024]   Complete li1.
[INFO DRT-0024]   Complete mcon.
[INFO DRT-0024]   Complete met1.
[INFO DRT-0024]   Complete via.
[INFO DRT-0024]   Complete met2.
[INFO DRT-0024]   Complete via2.
[INFO DRT-0024]   Complete met3.
[INFO DRT-0024]   Complete via3.
[INFO DRT-0024]   Complete met4.
[INFO DRT-0024]   Complete via4.
[INFO DRT-0024]   Complete met5.
[INFO DRT-0033] FR_MASTERSLICE shape region query size = 0.
[INFO DRT-0033] FR_VIA shape region query size = 0.
[INFO DRT-0033] li1 shape region query size = 9486.
[INFO DRT-0033] mcon shape region query size = 5945.
[INFO DRT-0033] met1 shape region query size = 1695.
[INFO DRT-0033] via shape region query size = 325.
[INFO DRT-0033] met2 shape region query size = 297.
[INFO DRT-0033] via2 shape region query size = 260.
[INFO DRT-0033] met3 shape region query size = 272.
[INFO DRT-0033] via3 shape region query size = 260.
[INFO DRT-0033] met4 shape region query size = 83.
[INFO DRT-0033] via4 shape region query size = 13.
[INFO DRT-0033] met5 shape region query size = 23.
[INFO DRT-0165] Start pin access.
[INFO DRT-0078]   Complete 220 pins.
[INFO DRT-0081]   Complete 33 unique inst patterns.
[INFO DRT-0084]   Complete 216 groups.
#scanned instances     = 431
#unique  instances     = 33
#stdCellGenAp          = 921
#stdCellValidPlanarAp  = 8
#stdCellValidViaAp     = 577
#stdCellPinNoAp        = 0
#stdCellPinCnt         = 1054
#instTermValidViaApCnt = 0
#macroGenAp            = 0
#macroValidPlanarAp    = 0
#macroValidViaAp       = 0
#macroNoAp             = 0
[INFO DRT-0166] Complete pin access.
[INFO DRT-0267] cpu time = 00:00:20, elapsed time = 00:00:04, memory = 174.39 (MB), peak = 174.39 (MB)

[INFO DRT-0157] Number of guides:     2469

[INFO DRT-0169] Post process guides.
[INFO DRT-0176] GCELLGRID X 0 DO 10 STEP 6900 ;
[INFO DRT-0177] GCELLGRID Y 0 DO 10 STEP 6900 ;
[INFO DRT-0028]   Complete FR_MASTERSLICE.
[INFO DRT-0028]   Complete Fr_VIA.
[INFO DRT-0028]   Complete li1.
[INFO DRT-0028]   Complete mcon.
[INFO DRT-0028]   Complete met1.
[INFO DRT-0028]   Complete via.
[INFO DRT-0028]   Complete met2.
[INFO DRT-0028]   Complete via2.
[INFO DRT-0028]   Complete met3.
[INFO DRT-0028]   Complete via3.
[INFO DRT-0028]   Complete met4.
[INFO DRT-0028]   Complete via4.
[INFO DRT-0028]   Complete met5.
[INFO DRT-0178] Init guide query.
[INFO DRT-0035]   Complete FR_MASTERSLICE (guide).
[INFO DRT-0035]   Complete Fr_VIA (guide).
[INFO DRT-0035]   Complete li1 (guide).
[INFO DRT-0035]   Complete mcon (guide).
[INFO DRT-0035]   Complete met1 (guide).
[INFO DRT-0035]   Complete via (guide).
[INFO DRT-0035]   Complete met2 (guide).
[INFO DRT-0035]   Complete via2 (guide).
[INFO DRT-0035]   Complete met3 (guide).
[INFO DRT-0035]   Complete via3 (guide).
[INFO DRT-0035]   Complete met4 (guide).
[INFO DRT-0035]   Complete via4 (guide).
[INFO DRT-0035]   Complete met5 (guide).
[INFO DRT-0036] FR_MASTERSLICE guide region query size = 0.
[INFO DRT-0036] FR_VIA guide region query size = 0.
[INFO DRT-0036] li1 guide region query size = 777.
[INFO DRT-0036] mcon guide region query size = 0.
[INFO DRT-0036] met1 guide region query size = 605.
[INFO DRT-0036] via guide region query size = 0.
[INFO DRT-0036] met2 guide region query size = 330.
[INFO DRT-0036] via2 guide region query size = 0.
[INFO DRT-0036] met3 guide region query size = 91.
[INFO DRT-0036] via3 guide region query size = 0.
[INFO DRT-0036] met4 guide region query size = 5.
[INFO DRT-0036] via4 guide region query size = 0.
[INFO DRT-0036] met5 guide region query size = 0.
[INFO DRT-0179] Init gr pin query.
[INFO DRT-0267] cpu time = 00:00:00, elapsed time = 00:00:00, memory = 176.25 (MB), peak = 176.25 (MB)
[INFO DRT-0245] skipped writing guide updates to database.
[INFO DRT-0185] Post process initialize RPin region query.
[INFO DRT-0181] Start track assignment.
[INFO DRT-0184] Done with 1112 vertical wires in 1 frboxes and 696 horizontal wires in 1 frboxes.
[INFO DRT-0186] Done with 67 vertical wires in 1 frboxes and 177 horizontal wires in 1 frboxes.
[INFO DRT-0182] Complete track assignment.
[INFO DRT-0267] cpu time = 00:00:00, elapsed time = 00:00:00, memory = 179.01 (MB), peak = 179.01 (MB)
[INFO DRT-0187] Start routing data preparation.
[INFO DRT-0267] cpu time = 00:00:00, elapsed time = 00:00:00, memory = 179.01 (MB), peak = 179.01 (MB)
[INFO DRT-0194] Start detail routing.
[INFO DRT-0195] Start 0th optimization iteration.
    Completing 20% with 0 violations.
    elapsed time = 00:00:03, memory = 195.71 (MB).
    Completing 50% with 34 violations.
    elapsed time = 00:00:04, memory = 214.32 (MB).
    Completing 70% with 44 violations.
    elapsed time = 00:00:05, memory = 235.75 (MB).
    Completing 100% with 63 violations.
    elapsed time = 00:00:05, memory = 247.79 (MB).
[INFO DRT-0199]   Number of violations = 93.
Viol/Layer        met1   met2
Metal Spacing       21      3
Min Hole             1      0
Recheck             21      9
Short               38      0
[INFO DRT-0267] cpu time = 00:00:07, elapsed time = 00:00:05, memory = 610.00 (MB), peak = 610.00 (MB)
Total wire length = 5035 um.
Total wire length on LAYER li1 = 0 um.
Total wire length on LAYER met1 = 2284 um.
Total wire length on LAYER met2 = 2208 um.
Total wire length on LAYER met3 = 462 um.
Total wire length on LAYER met4 = 80 um.
Total wire length on LAYER met5 = 0 um.
Total number of vias = 2039.
Up-via summary (total 2039):

-----------------------
 FR_MASTERSLICE       0
            li1    1015
           met1     923
           met2      93
           met3       8
           met4       0
-----------------------
               2039


[INFO DRT-0195] Start 1st optimization iteration.
    Completing 20% with 93 violations.
    elapsed time = 00:00:00, memory = 633.64 (MB).
    Completing 50% with 86 violations.
    elapsed time = 00:00:01, memory = 640.72 (MB).
    Completing 70% with 83 violations.
    elapsed time = 00:00:02, memory = 665.13 (MB).
    Completing 100% with 13 violations.
    elapsed time = 00:00:03, memory = 666.42 (MB).
[INFO DRT-0199]   Number of violations = 13.
Viol/Layer        met1   met2
Metal Spacing        1      1
Short               11      0
[INFO DRT-0267] cpu time = 00:00:04, elapsed time = 00:00:03, memory = 667.50 (MB), peak = 667.50 (MB)
Total wire length = 5002 um.
Total wire length on LAYER li1 = 0 um.
Total wire length on LAYER met1 = 2258 um.
Total wire length on LAYER met2 = 2210 um.
Total wire length on LAYER met3 = 472 um.
Total wire length on LAYER met4 = 61 um.
Total wire length on LAYER met5 = 0 um.
Total number of vias = 2031.
Up-via summary (total 2031):

-----------------------
 FR_MASTERSLICE       0
            li1    1016
           met1     909
           met2      97
           met3       9
           met4       0
-----------------------
               2031


[INFO DRT-0195] Start 2nd optimization iteration.
    Completing 10% with 13 violations.
    elapsed time = 00:00:00, memory = 667.50 (MB).
    Completing 20% with 13 violations.
    elapsed time = 00:00:00, memory = 667.50 (MB).
    Completing 30% with 13 violations.
    elapsed time = 00:00:00, memory = 667.50 (MB).
    Completing 40% with 13 violations.
    elapsed time = 00:00:00, memory = 667.50 (MB).
    Completing 50% with 13 violations.
    elapsed time = 00:00:00, memory = 667.50 (MB).
    Completing 60% with 13 violations.
    elapsed time = 00:00:00, memory = 667.50 (MB).
    Completing 70% with 13 violations.
    elapsed time = 00:00:00, memory = 667.50 (MB).
    Completing 80% with 13 violations.
    elapsed time = 00:00:00, memory = 677.23 (MB).
    Completing 100% with 6 violations.
    elapsed time = 00:00:03, memory = 699.19 (MB).
[INFO DRT-0199]   Number of violations = 6.
Viol/Layer        met1
Short                6
[INFO DRT-0267] cpu time = 00:00:04, elapsed time = 00:00:04, memory = 699.19 (MB), peak = 730.69 (MB)
Total wire length = 5013 um.
Total wire length on LAYER li1 = 0 um.
Total wire length on LAYER met1 = 2288 um.
Total wire length on LAYER met2 = 2190 um.
Total wire length on LAYER met3 = 463 um.
Total wire length on LAYER met4 = 70 um.
Total wire length on LAYER met5 = 0 um.
Total number of vias = 2024.
Up-via summary (total 2024):

-----------------------
 FR_MASTERSLICE       0
            li1    1018
           met1     903
           met2      95
           met3       8
           met4       0
-----------------------
               2024


[INFO DRT-0195] Start 3rd stubborn tiles iteration.
    Completing 10% with 6 violations.
    elapsed time = 00:00:01, memory = 926.61 (MB).
    Completing 20% with 6 violations.
    elapsed time = 00:00:01, memory = 927.64 (MB).
    Completing 30% with 6 violations.
    elapsed time = 00:00:01, memory = 975.83 (MB).
    Completing 40% with 6 violations.
    elapsed time = 00:00:02, memory = 1029.18 (MB).
    Completing 50% with 6 violations.
    elapsed time = 00:00:03, memory = 1110.43 (MB).
    Completing 60% with 6 violations.
    elapsed time = 00:00:04, memory = 1130.21 (MB).
    Completing 70% with 6 violations.
    elapsed time = 00:00:04, memory = 1133.56 (MB).
    Completing 80% with 6 violations.
    elapsed time = 00:00:04, memory = 1133.56 (MB).
    Completing 90% with 6 violations.
    elapsed time = 00:00:05, memory = 1138.45 (MB).
    Completing 100% with 0 violations.
    elapsed time = 00:00:05, memory = 1138.45 (MB).
[INFO DRT-0199]   Number of violations = 0.
[INFO DRT-0267] cpu time = 00:00:58, elapsed time = 00:00:05, memory = 1138.45 (MB), peak = 1140.45 (MB)
Total wire length = 5013 um.
Total wire length on LAYER li1 = 0 um.
Total wire length on LAYER met1 = 2284 um.
Total wire length on LAYER met2 = 2195 um.
Total wire length on LAYER met3 = 463 um.
Total wire length on LAYER met4 = 70 um.
Total wire length on LAYER met5 = 0 um.
Total number of vias = 2030.
Up-via summary (total 2030):

-----------------------
 FR_MASTERSLICE       0
            li1    1018
           met1     909
           met2      95
           met3       8
           met4       0
-----------------------
               2030


[INFO DRT-0198] Complete detail routing.
Total wire length = 5013 um.
Total wire length on LAYER li1 = 0 um.
Total wire length on LAYER met1 = 2284 um.
Total wire length on LAYER met2 = 2195 um.
Total wire length on LAYER met3 = 463 um.
Total wire length on LAYER met4 = 70 um.
Total wire length on LAYER met5 = 0 um.
Total number of vias = 2030.
Up-via summary (total 2030):

-----------------------
 FR_MASTERSLICE       0
            li1    1018
           met1     909
           met2      95
           met3       8
           met4       0
-----------------------
               2030


[INFO DRT-0267] cpu time = 00:01:15, elapsed time = 00:00:19, memory = 1138.45 (MB), peak = 1140.45 (MB)

[INFO DRT-0180] Post processing.
Took 24 seconds: detailed_route -output_drc ./reports/sky130hd/my_ip/base/5_route_drc.rpt -output_maze ./results/sky130hd/my_ip/base/maze.log -droute_end_iter 64 -verbose 1 -drc_report_iter_step 5
[INFO GRT-0012] Found 0 antenna violations.
[INFO ANT-0002] Found 0 net violations.
[INFO ANT-0001] Found 0 pin violations.
[INFO ANT-0002] Found 0 net violations.
[INFO ANT-0001] Found 0 pin violations.
Report metrics stage 5, detailed route...

==========================================================================
detailed route report_design_area
--------------------------------------------------------------------------
Design area 3337 um^2 69% utilization.
Elapsed time: 0:24.89[h:]min:sec. CPU time: user 98.00 sys 1.54 (399%). Peak memory: 1167824KB.
Log                        Elapsed/s Peak Memory/MB  sha1sum .odb [0:20)
5_2_route                         24           1140 79d6723b8b6e82e770dd
