OpenROAD v2.0-26328-gd6e98657f1 
Features included (+) or not (-): +GPU +GUI +Python
This program is licensed under the BSD-3 license. See the LICENSE file for details.
Components of this program may be licensed under more restrictive licenses which must be honored.
[INFO ORD-0030] Using 12 thread(s).
read_liberty /home/eneadim/openroad/flow/platforms/sky130hd/lib/sky130_fd_sc_hd__tt_025C_1v80.lib
read_db ./results/sky130hd/my_ip/base/6_1_fill.odb
Deleted 0 routing obstructions
[INFO RCX-0431] Defined process_corner X with ext_model_index 0
[INFO RCX-0029] Defined extraction corner X
[INFO RCX-0435] Reading extraction model file /home/eneadim/openroad/flow/platforms/sky130hd/rcx_patterns.rules ...
[INFO RCX-0436] RC segment generation my_ip (max_merge_res 50.0) ...
[INFO RCX-0040] Final 1085 rc segments
[INFO RCX-0439] Coupling Cap extraction my_ip ...
[INFO RCX-0440] Coupling threshhold is 0.1000 fF, coupling capacitance less than 0.1000 fF will be grounded.
[INFO RCX-0442] 52% of 2153 wires extracted
[INFO RCX-0442] 100% of 2153 wires extracted
[INFO RCX-0045] Extract 473 nets, 1490 rsegs, 1490 caps, 1750 ccs
[INFO RCX-0443] 473 nets finished
[INFO PSM-0040] All shapes on net VDD are connected.
########## IR report #################
Net              : VDD
Corner           : default
Supply voltage   : 1.80e+00 V
Worstcase voltage: 1.80e+00 V
Average voltage  : 1.80e+00 V
Average IR drop  : 1.58e-05 V
Worstcase IR drop: 4.26e-05 V
Percentage drop  : 0.00 %
######################################
[INFO PSM-0040] All shapes on net VSS are connected.
########## IR report #################
Net              : VSS
Corner           : default
Supply voltage   : 0.00e+00 V
Worstcase voltage: 3.33e-05 V
Average voltage  : 9.17e-06 V
Average IR drop  : 9.17e-06 V
Worstcase IR drop: 3.33e-05 V
Percentage drop  : 0.00 %
######################################
Cell type report:                       Count       Area
  Fill cell                               363    1427.62
  Tap cell                                 67      83.83
  Clock buffer                              7      96.34
  Timing Repair Buffer                     92     910.87
  Inverter                                 27     106.35
  Clock inverter                            1       5.00
  Sequential cell                          53    1326.27
  Multi-Input combinational cell          184     892.11
  Total                                   794    4848.40
Report metrics stage 6, finish...

==========================================================================
finish report_design_area
--------------------------------------------------------------------------
Design area 3337 um^2 69% utilization.
Elapsed time: 0:02.02[h:]min:sec. CPU time: user 1.69 sys 0.41 (104%). Peak memory: 237620KB.
Log                        Elapsed/s Peak Memory/MB  sha1sum .odb [0:20)
6_report                           2            232                  N/A
