analysis=power_analysis corner=ff stage=post_syn
workload=auto_toggle_sv_ff
gls_report=/home/eneadim/github/flexsoc/runs/gpio/refresh_tlul_repo/dv/functional/sim/post_syn/sky130/gpio_post_syn_auto_toggle_sv_ff.json
activity_file=/home/eneadim/github/flexsoc/runs/gpio/refresh_tlul_repo/signoff/sky130/power/activity/captures/gpio_sky130_auto_toggle_sv_ff.vcd
activity_scope=gpio_tb/u_gpio
liberty=/home/eneadim/github/flexsoc/.flexsoc/pdks/ciel/sky130/versions/f6eeac7dad085ffcc829ccfd721f7b4ce39edcf7/sky130A/libs.ref/sky130_fd_sc_hd/lib/sky130_fd_sc_hd__ff_n40C_1v95_ccsnoise.lib
netlist=/home/eneadim/github/flexsoc/runs/gpio/refresh_tlul_repo/syn/sky130/gpio_synth.v
sdc=/home/eneadim/github/flexsoc/runs/gpio/refresh_tlul_repo/constraints/gpio.sdc
spef=

=== Units ===
 time 1ns
 capacitance 1pF
 resistance 1kohm
 voltage 1v
 current 1mA
 power 1nW
 distance 1um

=== Constraint validation ===

=== Activity annotation ===
annotated_percent=100.00%
Unannotated pins: none

=== Power summary ===
Group                  Internal  Switching    Leakage      Total
                          Power      Power      Power      Power (Watts)
----------------------------------------------------------------
Sequential             5.22e-04   7.70e-06   1.58e-09   5.30e-04  91.6%
Combinational          2.06e-05   2.82e-05   2.87e-09   4.88e-05   8.4%
Clock                  0.00e+00   0.00e+00   0.00e+00   0.00e+00   0.0%
Macro                  0.00e+00   0.00e+00   0.00e+00   0.00e+00   0.0%
Pad                    0.00e+00   0.00e+00   0.00e+00   0.00e+00   0.0%
----------------------------------------------------------------
Total                  5.43e-04   3.59e-05   4.45e-09   5.79e-04 100.0%
                          93.8%       6.2%       0.0%

=== FlexSoC normalized power fields ===
dynamic_power_definition=internal_power+switching_power
power_unit=OpenSTA report unit; see Units section
internal_power=0.000543
switching_power=3.59e-05
dynamic_power=0.0005788999999999999
leakage_power=4.45e-09
total_power=0.000579
