FlexSoC CDC/RDC structural analysis
top=uart
status=fail
clock_domains=1
reset_domains=4
sequential_elements=70
dependencies=31017
verification_obligations=1

[CDC]

[RDC]
RDC-0001 ERROR uncontrolled_rdc $auto$ff.cc:337:slice$449[0] -> $auto$ff.cc:337:slice$472[0] issues=different_reset_domains_without_recognized_protection obligations=- evidence=width=128
RDC-0002 ERROR uncontrolled_rdc $auto$ff.cc:337:slice$465[0] -> $auto$ff.cc:337:slice$449[0] issues=different_reset_domains_without_recognized_protection obligations=- evidence=width=4
RDC-0003 ERROR uncontrolled_rdc $auto$ff.cc:337:slice$465[0] -> $auto$ff.cc:337:slice$452[0] issues=different_reset_domains_without_recognized_protection obligations=- evidence=width=11
RDC-0004 ERROR uncontrolled_rdc $auto$ff.cc:337:slice$465[0] -> $auto$ff.cc:337:slice$503[0] issues=different_reset_domains_without_recognized_protection obligations=- evidence=width=5
RDC-0005 ERROR uncontrolled_rdc $auto$ff.cc:337:slice$465[0] -> $auto$ff.cc:337:slice$520[0] issues=different_reset_domains_without_recognized_protection obligations=- evidence=width=1
RDC-0006 ERROR uncontrolled_rdc $auto$ff.cc:337:slice$465[0] -> $auto$ff.cc:337:slice$523[0] issues=different_reset_domains_without_recognized_protection obligations=- evidence=width=11
RDC-0007 ERROR uncontrolled_rdc $auto$ff.cc:337:slice$465[0] -> $auto$ff.cc:337:slice$530[0] issues=different_reset_domains_without_recognized_protection obligations=- evidence=width=4
RDC-0008 ERROR uncontrolled_rdc $auto$ff.cc:337:slice$466[0] -> $auto$ff.cc:337:slice$498[0] issues=different_reset_domains_without_recognized_protection obligations=- evidence=width=5
RDC-0009 ERROR uncontrolled_rdc $auto$ff.cc:337:slice$473[0] -> $auto$ff.cc:337:slice$498[0] issues=different_reset_domains_without_recognized_protection obligations=- evidence=width=5
RDC-0010 ERROR uncontrolled_rdc $auto$ff.cc:337:slice$473[0] -> $auto$ff.cc:337:slice$503[0] issues=different_reset_domains_without_recognized_protection obligations=- evidence=width=5
RDC-0011 ERROR uncontrolled_rdc $auto$ff.cc:337:slice$475[0] -> $auto$ff.cc:337:slice$452[0] issues=different_reset_domains_without_recognized_protection obligations=- evidence=width=11
RDC-0012 ERROR uncontrolled_rdc $auto$ff.cc:337:slice$475[0] -> $auto$ff.cc:337:slice$503[0] issues=different_reset_domains_without_recognized_protection obligations=- evidence=width=5
RDC-0013 ERROR uncontrolled_rdc $auto$ff.cc:337:slice$477[0] -> $auto$ff.cc:337:slice$449[0] issues=different_reset_domains_without_recognized_protection obligations=- evidence=width=4
RDC-0014 ERROR uncontrolled_rdc $auto$ff.cc:337:slice$477[0] -> $auto$ff.cc:337:slice$452[0] issues=different_reset_domains_without_recognized_protection obligations=- evidence=width=11
RDC-0015 ERROR uncontrolled_rdc $auto$ff.cc:337:slice$477[0] -> $auto$ff.cc:337:slice$457[0] issues=different_reset_domains_without_recognized_protection obligations=- evidence=width=1
RDC-0016 ERROR uncontrolled_rdc $auto$ff.cc:337:slice$477[0] -> $auto$ff.cc:337:slice$509[0] issues=different_reset_domains_without_recognized_protection obligations=- evidence=width=4
RDC-0017 ERROR uncontrolled_rdc $auto$ff.cc:337:slice$479[0] -> $auto$ff.cc:337:slice$472[0] issues=different_reset_domains_without_recognized_protection obligations=- evidence=width=128
RDC-0018 ERROR uncontrolled_rdc $auto$ff.cc:337:slice$483[0] -> $auto$ff.cc:337:slice$517[0] issues=different_reset_domains_without_recognized_protection obligations=- evidence=width=4
RDC-0019 ERROR uncontrolled_rdc $auto$ff.cc:337:slice$483[0] -> $auto$ff.cc:337:slice$520[0] issues=different_reset_domains_without_recognized_protection obligations=- evidence=width=1
RDC-0020 ERROR uncontrolled_rdc $auto$ff.cc:337:slice$483[0] -> $auto$ff.cc:337:slice$523[0] issues=different_reset_domains_without_recognized_protection obligations=- evidence=width=11
RDC-0021 ERROR uncontrolled_rdc $auto$ff.cc:337:slice$483[0] -> $auto$ff.cc:337:slice$530[0] issues=different_reset_domains_without_recognized_protection obligations=- evidence=width=4
RDC-0022 ERROR uncontrolled_rdc $auto$ff.cc:337:slice$483[0] -> $driver$u_uart_core.uart_rx.tick_baud_q[0] issues=different_reset_domains_without_recognized_protection obligations=- evidence=width=1
RDC-0023 ERROR uncontrolled_rdc $auto$ff.cc:337:slice$495[0] -> $auto$ff.cc:337:slice$517[0] issues=different_reset_domains_without_recognized_protection obligations=- evidence=width=4
RDC-0024 ERROR uncontrolled_rdc $auto$ff.cc:337:slice$495[0] -> $auto$ff.cc:337:slice$520[0] issues=different_reset_domains_without_recognized_protection obligations=- evidence=width=1
RDC-0025 ERROR uncontrolled_rdc $auto$ff.cc:337:slice$495[0] -> $auto$ff.cc:337:slice$523[0] issues=different_reset_domains_without_recognized_protection obligations=- evidence=width=11
RDC-0026 ERROR uncontrolled_rdc $auto$ff.cc:337:slice$495[0] -> $auto$ff.cc:337:slice$530[0] issues=different_reset_domains_without_recognized_protection obligations=- evidence=width=4
RDC-0027 ERROR uncontrolled_rdc $auto$ff.cc:337:slice$495[0] -> $driver$u_uart_core.tx_out_q[0] issues=different_reset_domains_without_recognized_protection obligations=- evidence=width=1
RDC-0028 ERROR uncontrolled_rdc $auto$ff.cc:337:slice$495[0] -> $driver$u_uart_core.uart_rx.tick_baud_q[0] issues=different_reset_domains_without_recognized_protection obligations=- evidence=width=1
RDC-0029 ERROR uncontrolled_rdc $auto$ff.cc:337:slice$498[0] -> $auto$ff.cc:337:slice$472[0] issues=different_reset_domains_without_recognized_protection obligations=- evidence=width=160
RDC-0030 ERROR uncontrolled_rdc $auto$ff.cc:337:slice$503[0] -> $auto$ff.cc:337:slice$472[0] issues=different_reset_domains_without_recognized_protection obligations=- evidence=width=160
RDC-0031 ERROR uncontrolled_rdc $auto$ff.cc:337:slice$506[0] -> $auto$ff.cc:337:slice$517[0] issues=different_reset_domains_without_recognized_protection obligations=- evidence=width=4
RDC-0032 ERROR uncontrolled_rdc $auto$ff.cc:337:slice$506[0] -> $auto$ff.cc:337:slice$520[0] issues=different_reset_domains_without_recognized_protection obligations=- evidence=width=1
RDC-0033 ERROR uncontrolled_rdc $auto$ff.cc:337:slice$506[0] -> $auto$ff.cc:337:slice$523[0] issues=different_reset_domains_without_recognized_protection obligations=- evidence=width=11
RDC-0034 ERROR uncontrolled_rdc $auto$ff.cc:337:slice$506[0] -> $auto$ff.cc:337:slice$530[0] issues=different_reset_domains_without_recognized_protection obligations=- evidence=width=4
RDC-0035 ERROR uncontrolled_rdc $auto$ff.cc:337:slice$506[0] -> $driver$u_uart_core.uart_rx.tick_baud_q[0] issues=different_reset_domains_without_recognized_protection obligations=- evidence=width=1
RDC-0036 ERROR uncontrolled_rdc $auto$ff.cc:337:slice$509[0] -> $auto$ff.cc:337:slice$472[0] issues=different_reset_domains_without_recognized_protection obligations=- evidence=width=128
RDC-0037 ERROR uncontrolled_rdc $auto$ff.cc:337:slice$513[0] -> $driver$u_uart_core.nco_sum_q[0] issues=different_reset_domains_without_recognized_protection obligations=- evidence=width=272
RDC-0038 ERROR uncontrolled_rdc $auto$ff.cc:337:slice$514[0] -> $auto$ff.cc:337:slice$479[0] issues=different_reset_domains_without_recognized_protection obligations=- evidence=width=4
RDC-0039 ERROR uncontrolled_rdc $auto$ff.cc:337:slice$514[0] -> $auto$ff.cc:337:slice$509[0] issues=different_reset_domains_without_recognized_protection obligations=- evidence=width=4
RDC-0040 ERROR uncontrolled_rdc $auto$ff.cc:337:slice$520[0] -> $auto$ff.cc:337:slice$472[0] issues=different_reset_domains_without_recognized_protection obligations=- evidence=width=32
RDC-0041 ERROR uncontrolled_rdc $driver$u_uart_core.u_uart_rxfifo.gen_normal_fifo.under_rst[0] -> $auto$ff.cc:337:slice$472[0] issues=different_reset_domains_without_recognized_protection obligations=- evidence=width=32
RDC-0042 ERROR uncontrolled_rdc $driver$u_uart_core.u_uart_txfifo.gen_normal_fifo.under_rst[0] -> $auto$ff.cc:337:slice$472[0] issues=different_reset_domains_without_recognized_protection obligations=- evidence=width=32
RDC-0043 ERROR uncontrolled_rdc $driver$u_uart_reg.u_reg_core.u_fifo_ctrl0_qe.q_o[0] -> $auto$ff.cc:337:slice$479[0] issues=different_reset_domains_without_recognized_protection obligations=- evidence=width=4
RDC-0044 ERROR uncontrolled_rdc $driver$u_uart_reg.u_reg_core.u_fifo_ctrl0_qe.q_o[0] -> $auto$ff.cc:337:slice$498[0] issues=different_reset_domains_without_recognized_protection obligations=- evidence=width=5
RDC-0045 ERROR uncontrolled_rdc $driver$u_uart_reg.u_reg_core.u_fifo_ctrl0_qe.q_o[0] -> $auto$ff.cc:337:slice$503[0] issues=different_reset_domains_without_recognized_protection obligations=- evidence=width=5
RDC-0046 ERROR uncontrolled_rdc $driver$u_uart_reg.u_reg_core.u_fifo_ctrl0_qe.q_o[0] -> $auto$ff.cc:337:slice$509[0] issues=different_reset_domains_without_recognized_protection obligations=- evidence=width=4
RDC-0047 ERROR uncontrolled_rdc $driver$u_uart_reg.u_reg_core.u_wdata0_qe.q_o[0] -> $auto$ff.cc:337:slice$479[0] issues=different_reset_domains_without_recognized_protection obligations=- evidence=width=4
RDC-0048 SAFE reset_synchronizer issues=- obligations=- evidence=clock_domain=core,reset=rst_ni,stages=2,consumers=1
RDC-0049 REVIEW reset_sequence_or_control_required issues=- obligations=specify_reset_assertion_sequence_or_rdc_blocking_control evidence=-

[setup]
SETUP-0001 REVIEW multiple_reset_domains_on_clock issues=clock_domain=core obligations=- evidence=core_rst_sync_ni,reg_rst_ni,rst_ni,u_uart_core.rx_rst_ni

[glitch]
