analysis=power_estimate activity_source=input_assumption
activity_model=input
activity=0.1
duty=0.5
corner=tt stage=post_syn
liberty=/home/eneadim/github/flexsoc/.flexsoc/pdks/ihp-sg13g2/ihp-sg13g2/libs.ref/sg13g2_stdcell/lib/sg13g2_stdcell_typ_1p50V_25C.lib
netlist=/tmp/flexsoc-repack/uart_master/runs/uart_master/dev/syn/ihp-sg13g2/uart_master_synth.v
sdc=/tmp/flexsoc-repack/uart_master/runs/uart_master/dev/constraints/uart_master.sdc
spef=

=== Units ===
 time 1ns
 capacitance 1pF
 resistance 1kohm
 voltage 1v
 current 1uA
 power 1pW
 distance 1um

=== Constraint validation ===

=== Power summary ===
Group                  Internal  Switching    Leakage      Total
                          Power      Power      Power      Power (Watts)
----------------------------------------------------------------
Sequential             5.37e-03   3.07e-04   7.04e-07   5.68e-03  75.5%
Combinational          9.03e-04   9.44e-04   6.81e-07   1.85e-03  24.5%
Clock                  0.00e+00   0.00e+00   0.00e+00   0.00e+00   0.0%
Macro                  0.00e+00   0.00e+00   0.00e+00   0.00e+00   0.0%
Pad                    0.00e+00   0.00e+00   0.00e+00   0.00e+00   0.0%
----------------------------------------------------------------
Total                  6.27e-03   1.25e-03   1.39e-06   7.53e-03 100.0%
                          83.4%      16.6%       0.0%

=== FlexSoC normalized power fields ===
dynamic_power_definition=internal_power+switching_power
power_unit=OpenSTA report unit; see Units section
internal_power=0.00627
switching_power=0.00125
dynamic_power=0.007520000000000001
leakage_power=1.39e-06
total_power=0.00753
