analysis=power_analysis corner=tt stage=post_syn
workload=smoke_sv_tt
gls_report=/home/eneadim/github/flexsoc/workspace/runs/uart/dev/dv/functional/sim/post_syn/sky130/uart_post_syn_smoke_sv_tt.json
activity_file=/home/eneadim/github/flexsoc/workspace/runs/uart/dev/signoff/sky130/power/activity/captures/uart_sky130_smoke_sv_tt.vcd
activity_scope=uart_tb/u_uart
liberty=/home/eneadim/github/flexsoc/.flexsoc/pdks/ciel/sky130/versions/f6eeac7dad085ffcc829ccfd721f7b4ce39edcf7/sky130A/libs.ref/sky130_fd_sc_hd/lib/sky130_fd_sc_hd__tt_100C_1v80.lib
netlist=/home/eneadim/github/flexsoc/workspace/runs/uart/dev/syn/sky130/uart_synth.v
sdc=/home/eneadim/github/flexsoc/workspace/runs/uart/dev/signoff/sky130/uart.sdc
spef=

=== Units ===
 time 1ns
 capacitance 1pF
 resistance 1kohm
 voltage 1v
 current 1mA
 power 1nW
 distance 1um

=== Constraint validation ===

=== Activity annotation ===
annotated_percent=100.00%
Unannotated pins: none

=== Power summary ===
Group                  Internal  Switching    Leakage      Total
                          Power      Power      Power      Power (Watts)
----------------------------------------------------------------
Sequential             1.55e-03   3.28e-06   1.19e-06   1.55e-03  98.6%
Combinational          9.63e-06   1.13e-05   5.24e-07   2.15e-05   1.4%
Clock                  0.00e+00   0.00e+00   0.00e+00   0.00e+00   0.0%
Macro                  0.00e+00   0.00e+00   0.00e+00   0.00e+00   0.0%
Pad                    0.00e+00   0.00e+00   0.00e+00   0.00e+00   0.0%
----------------------------------------------------------------
Total                  1.56e-03   1.46e-05   1.71e-06   1.57e-03 100.0%
                          99.0%       0.9%       0.1%

=== Highest-power instances ===
   Internal  Switching    Leakage      Total
      Power      Power      Power      Power (Watts)
--------------------------------------------
   5.12e-06   9.99e-07   3.56e-09   6.13e-06 _1985_
   5.13e-06   3.59e-07   3.51e-09   5.49e-06 _1984_
   4.65e-06   3.34e-07   3.54e-09   4.99e-06 _1925_
   4.70e-06   1.72e-07   3.54e-09   4.88e-06 _1920_
   4.66e-06   0.00e+00   3.17e-09   4.66e-06 _2095_
   4.66e-06   0.00e+00   3.17e-09   4.66e-06 _2090_
   4.66e-06   0.00e+00   3.17e-09   4.66e-06 _2091_
   4.66e-06   0.00e+00   3.17e-09   4.66e-06 _2092_
   4.66e-06   0.00e+00   3.17e-09   4.66e-06 _2093_
   4.66e-06   0.00e+00   3.17e-09   4.66e-06 _2094_
   4.66e-06   0.00e+00   3.17e-09   4.66e-06 _2007_
   4.66e-06   0.00e+00   3.17e-09   4.66e-06 _2110_
   4.66e-06   0.00e+00   3.17e-09   4.66e-06 _2111_
   4.66e-06   0.00e+00   3.17e-09   4.66e-06 _2112_
   4.66e-06   0.00e+00   3.17e-09   4.66e-06 _2113_
   4.66e-06   0.00e+00   3.17e-09   4.66e-06 _2114_
   4.66e-06   0.00e+00   3.17e-09   4.66e-06 _2115_
   4.66e-06   0.00e+00   3.17e-09   4.66e-06 _2116_
   4.66e-06   0.00e+00   3.17e-09   4.66e-06 _2010_
   4.66e-06   0.00e+00   3.17e-09   4.66e-06 _2089_

=== FlexSoC normalized power fields ===
dynamic_power_definition=internal_power+switching_power
power_unit=OpenSTA report unit; see Units section
internal_power=0.00156
switching_power=1.46e-05
dynamic_power=0.0015746
leakage_power=1.71e-06
total_power=0.00157
