analysis=power_analysis corner=tt stage=post_syn
workload=reconfig_sv_tt
gls_report=/tmp/flexsoc-reference-cordic/runs/cordic/reference/dv/functional/sim/post_syn/ihp-sg13g2/cordic_post_syn_reconfig_sv_tt.json
activity_file=/tmp/flexsoc-reference-cordic/runs/cordic/reference/signoff/ihp-sg13g2/power/activity/captures/cordic_ihp-sg13g2_reconfig_sv_tt.vcd
activity_scope=cordic_tb/u_cordic
liberty=/home/eneadim/github/flexsoc/.flexsoc/pdks/ihp-sg13g2/ihp-sg13g2/libs.ref/sg13g2_stdcell/lib/sg13g2_stdcell_typ_1p50V_25C.lib
netlist=/tmp/flexsoc-reference-cordic/runs/cordic/reference/syn/ihp-sg13g2/cordic_synth.v
sdc=/tmp/flexsoc-reference-cordic/runs/cordic/reference/signoff/ihp-sg13g2/cordic.sdc
spef=

=== Units ===
 time 1ns
 capacitance 1pF
 resistance 1kohm
 voltage 1v
 current 1uA
 power 1pW
 distance 1um

=== Constraint validation ===

=== Activity annotation ===
annotated_percent=100.00%
Unannotated pins: none

=== Power summary ===
Group                  Internal  Switching    Leakage      Total
                          Power      Power      Power      Power (Watts)
----------------------------------------------------------------
Sequential             2.67e-03   7.99e-06   4.54e-07   2.67e-03  94.7%
Combinational          6.80e-05   8.04e-05   8.02e-07   1.49e-04   5.3%
Clock                  0.00e+00   0.00e+00   0.00e+00   0.00e+00   0.0%
Macro                  0.00e+00   0.00e+00   0.00e+00   0.00e+00   0.0%
Pad                    0.00e+00   0.00e+00   0.00e+00   0.00e+00   0.0%
----------------------------------------------------------------
Total                  2.73e-03   8.84e-05   1.26e-06   2.82e-03 100.0%
                          96.8%       3.1%       0.0%

=== FlexSoC normalized power fields ===
dynamic_power_definition=internal_power+switching_power
power_unit=OpenSTA report unit; see Units section
internal_power=0.00273
switching_power=8.84e-05
dynamic_power=0.0028184
leakage_power=1.26e-06
total_power=0.00282
