analysis=power_analysis corner=ff stage=post_syn
workload=smoke_sv_ff
gls_report=/tmp/flexsoc-ip-v1-release-20260914/gpio-reg_iface/runs/gpio/release/dv/functional/sim/post_syn/sky130/gpio_post_syn_smoke_sv_ff.json
activity_file=/tmp/flexsoc-ip-v1-release-20260914/gpio-reg_iface/runs/gpio/release/signoff/sky130/power/activity/captures/gpio_sky130_smoke_sv_ff.vcd
activity_scope=gpio_tb/u_gpio
liberty=/home/eneadim/github/flexsoc/.flexsoc/pdks/ciel/sky130/versions/f6eeac7dad085ffcc829ccfd721f7b4ce39edcf7/sky130A/libs.ref/sky130_fd_sc_hd/lib/sky130_fd_sc_hd__ff_n40C_1v95_ccsnoise.lib
netlist=/tmp/flexsoc-ip-v1-release-20260914/gpio-reg_iface/runs/gpio/release/syn/sky130/gpio_synth.v
sdc=/tmp/flexsoc-ip-v1-release-20260914/gpio-reg_iface/runs/gpio/release/constraints/gpio.sdc
spef=

=== Units ===
 time 1ns
 capacitance 1pF
 resistance 1kohm
 voltage 1v
 current 1mA
 power 1nW
 distance 1um

=== Constraint validation ===

=== Activity annotation ===
annotated_percent=100.00%
Unannotated pins: none

=== Power summary ===
Group                  Internal  Switching    Leakage      Total
                          Power      Power      Power      Power (Watts)
----------------------------------------------------------------
Sequential             3.61e-04   3.41e-06   1.11e-09   3.65e-04  94.1%
Combinational          1.01e-05   1.26e-05   1.83e-09   2.27e-05   5.9%
Clock                  0.00e+00   0.00e+00   0.00e+00   0.00e+00   0.0%
Macro                  0.00e+00   0.00e+00   0.00e+00   0.00e+00   0.0%
Pad                    0.00e+00   0.00e+00   0.00e+00   0.00e+00   0.0%
----------------------------------------------------------------
Total                  3.71e-04   1.60e-05   2.93e-09   3.87e-04 100.0%
                          95.9%       4.1%       0.0%

=== FlexSoC normalized power fields ===
dynamic_power_definition=internal_power+switching_power
power_unit=OpenSTA report unit; see Units section
internal_power=0.000371
switching_power=1.6e-05
dynamic_power=0.00038700000000000003
leakage_power=2.93e-09
total_power=0.000387
