analysis=power_estimate activity_source=input_assumption
activity_model=input
activity=0.1
duty=0.5
corner=ff stage=post_syn
liberty=/home/eneadim/github/flexsoc/.flexsoc/pdks/ihp-sg13g2/ihp-sg13g2/libs.ref/sg13g2_stdcell/lib/sg13g2_stdcell_fast_1p65V_m40C.lib
netlist=/tmp/flexsoc-repack/uart/runs/uart/dev/syn/ihp-sg13g2/uart_synth.v
sdc=/tmp/flexsoc-repack/uart/runs/uart/dev/constraints/uart.sdc
spef=

=== Units ===
 time 1ns
 capacitance 1pF
 resistance 1kohm
 voltage 1v
 current 1uA
 power 1pW
 distance 1um

=== Constraint validation ===

=== Power summary ===
Group                  Internal  Switching    Leakage      Total
                          Power      Power      Power      Power (Watts)
----------------------------------------------------------------
Sequential             3.92e-03   1.51e-04   1.50e-06   4.07e-03  82.3%
Combinational          4.48e-04   4.26e-04   1.63e-06   8.76e-04  17.7%
Clock                  0.00e+00   0.00e+00   0.00e+00   0.00e+00   0.0%
Macro                  0.00e+00   0.00e+00   0.00e+00   0.00e+00   0.0%
Pad                    0.00e+00   0.00e+00   0.00e+00   0.00e+00   0.0%
----------------------------------------------------------------
Total                  4.36e-03   5.77e-04   3.13e-06   4.94e-03 100.0%
                          88.3%      11.7%       0.1%

=== FlexSoC normalized power fields ===
dynamic_power_definition=internal_power+switching_power
power_unit=OpenSTA report unit; see Units section
internal_power=0.00436
switching_power=0.000577
dynamic_power=0.004937
leakage_power=3.13e-06
total_power=0.00494
