analysis=power_analysis corner=tt stage=post_syn
workload=smoke_zero_sv_tt
gls_report=/tmp/flexsoc-reference-cordic/runs/cordic/reference/dv/functional/sim/post_syn/ihp-sg13g2/cordic_post_syn_smoke_zero_sv_tt.json
activity_file=/tmp/flexsoc-reference-cordic/runs/cordic/reference/signoff/ihp-sg13g2/power/activity/captures/cordic_ihp-sg13g2_smoke_zero_sv_tt.vcd
activity_scope=cordic_tb/u_cordic
liberty=/home/eneadim/github/flexsoc/.flexsoc/pdks/ihp-sg13g2/ihp-sg13g2/libs.ref/sg13g2_stdcell/lib/sg13g2_stdcell_typ_1p50V_25C.lib
netlist=/tmp/flexsoc-reference-cordic/runs/cordic/reference/syn/ihp-sg13g2/cordic_synth.v
sdc=/tmp/flexsoc-reference-cordic/runs/cordic/reference/signoff/ihp-sg13g2/cordic.sdc
spef=

=== Units ===
 time 1ns
 capacitance 1pF
 resistance 1kohm
 voltage 1v
 current 1uA
 power 1pW
 distance 1um

=== Constraint validation ===

=== Activity annotation ===
annotated_percent=100.00%
Unannotated pins: none

=== Power summary ===
Group                  Internal  Switching    Leakage      Total
                          Power      Power      Power      Power (Watts)
----------------------------------------------------------------
Sequential             2.58e-03   1.04e-05   4.45e-07   2.59e-03  93.7%
Combinational          8.02e-05   9.33e-05   8.02e-07   1.74e-04   6.3%
Clock                  0.00e+00   0.00e+00   0.00e+00   0.00e+00   0.0%
Macro                  0.00e+00   0.00e+00   0.00e+00   0.00e+00   0.0%
Pad                    0.00e+00   0.00e+00   0.00e+00   0.00e+00   0.0%
----------------------------------------------------------------
Total                  2.66e-03   1.04e-04   1.25e-06   2.76e-03 100.0%
                          96.2%       3.8%       0.0%

=== FlexSoC normalized power fields ===
dynamic_power_definition=internal_power+switching_power
power_unit=OpenSTA report unit; see Units section
internal_power=0.00266
switching_power=0.000104
dynamic_power=0.002764
leakage_power=1.25e-06
total_power=0.00276
