analysis=power_analysis corner=ss stage=post_syn
workload=parity_reconfig_sv_ss
gls_report=/home/eneadim/github/flexsoc/workspace/runs/uart/dev/dv/functional/sim/post_syn/sky130/uart_post_syn_parity_reconfig_sv_ss.json
activity_file=/home/eneadim/github/flexsoc/workspace/runs/uart/dev/signoff/sky130/power/activity/captures/uart_sky130_parity_reconfig_sv_ss.vcd
activity_scope=uart_tb/u_uart
liberty=/home/eneadim/github/flexsoc/.flexsoc/pdks/ciel/sky130/versions/f6eeac7dad085ffcc829ccfd721f7b4ce39edcf7/sky130A/libs.ref/sky130_fd_sc_hd/lib/sky130_fd_sc_hd__ss_n40C_1v76.lib
netlist=/home/eneadim/github/flexsoc/workspace/runs/uart/dev/syn/sky130/uart_synth.v
sdc=/home/eneadim/github/flexsoc/workspace/runs/uart/dev/signoff/sky130/uart.sdc
spef=

=== Units ===
 time 1ns
 capacitance 1pF
 resistance 1kohm
 voltage 1v
 current 1mA
 power 1nW
 distance 1um

=== Constraint validation ===

=== Activity annotation ===
annotated_percent=100.00%
Unannotated pins: none

=== Power summary ===
Group                  Internal  Switching    Leakage      Total
                          Power      Power      Power      Power (Watts)
----------------------------------------------------------------
Sequential             1.45e-03   2.59e-06   1.96e-09   1.46e-03  99.2%
Combinational          5.79e-06   6.69e-06   9.27e-10   1.25e-05   0.8%
Clock                  0.00e+00   0.00e+00   0.00e+00   0.00e+00   0.0%
Macro                  0.00e+00   0.00e+00   0.00e+00   0.00e+00   0.0%
Pad                    0.00e+00   0.00e+00   0.00e+00   0.00e+00   0.0%
----------------------------------------------------------------
Total                  1.46e-03   9.29e-06   2.89e-09   1.47e-03 100.0%
                          99.4%       0.6%       0.0%

=== Highest-power instances ===
   Internal  Switching    Leakage      Total
      Power      Power      Power      Power (Watts)
--------------------------------------------
   4.92e-06   1.05e-06   4.00e-12   5.96e-06 _1985_
   4.89e-06   3.61e-07   3.99e-12   5.25e-06 _1984_
   4.42e-06   3.47e-07   4.00e-12   4.76e-06 _1925_
   4.46e-06   1.77e-07   4.00e-12   4.64e-06 _1920_
   4.39e-06   8.93e-11   6.59e-12   4.39e-06 _2005_
   4.39e-06   6.37e-11   6.68e-12   4.39e-06 _1996_
   4.39e-06   8.93e-11   6.60e-12   4.39e-06 _2032_
   4.39e-06   6.37e-11   6.14e-12   4.39e-06 _2025_
   4.39e-06   9.03e-11   6.67e-12   4.39e-06 _2024_
   4.39e-06   6.37e-11   6.67e-12   4.39e-06 _2031_
   4.39e-06   0.00e+00   6.68e-12   4.39e-06 _2018_
   4.39e-06   0.00e+00   6.68e-12   4.39e-06 _2016_
   4.39e-06   0.00e+00   6.68e-12   4.39e-06 _2000_
   4.39e-06   0.00e+00   6.68e-12   4.39e-06 _2015_
   4.39e-06   0.00e+00   6.68e-12   4.39e-06 _2003_
   4.39e-06   0.00e+00   6.68e-12   4.39e-06 _2002_
   4.39e-06   0.00e+00   6.68e-12   4.39e-06 _2004_
   4.39e-06   0.00e+00   6.68e-12   4.39e-06 _2006_
   4.39e-06   0.00e+00   6.68e-12   4.39e-06 _1997_
   4.39e-06   0.00e+00   6.68e-12   4.39e-06 _1995_

=== FlexSoC normalized power fields ===
dynamic_power_definition=internal_power+switching_power
power_unit=OpenSTA report unit; see Units section
internal_power=0.00146
switching_power=9.29e-06
dynamic_power=0.0014692899999999998
leakage_power=2.89e-09
total_power=0.00147
