analysis=power_analysis corner=tt stage=post_syn
workload=corners_sv_tt
gls_report=/home/eneadim/github/flexsoc/runs/cordic/refresh_tlul/dv/functional/sim/post_syn/ihp-sg13g2/cordic_post_syn_corners_sv_tt.json
activity_file=/home/eneadim/github/flexsoc/runs/cordic/refresh_tlul/signoff/ihp-sg13g2/power/activity/captures/cordic_ihp-sg13g2_corners_sv_tt.vcd
activity_scope=cordic_tb/u_cordic
liberty=/home/eneadim/github/flexsoc/.flexsoc/pdks/ihp-sg13g2/ihp-sg13g2/libs.ref/sg13g2_stdcell/lib/sg13g2_stdcell_typ_1p50V_25C.lib
netlist=/home/eneadim/github/flexsoc/runs/cordic/refresh_tlul/syn/ihp-sg13g2/cordic_synth.v
sdc=/home/eneadim/github/flexsoc/runs/cordic/refresh_tlul/constraints/cordic.sdc
spef=

=== Units ===
 time 1ns
 capacitance 1pF
 resistance 1kohm
 voltage 1v
 current 1uA
 power 1pW
 distance 1um

=== Constraint validation ===

=== Activity annotation ===
annotated_percent=100.00%
Unannotated pins: none

=== Power summary ===
Group                  Internal  Switching    Leakage      Total
                          Power      Power      Power      Power (Watts)
----------------------------------------------------------------
Sequential             2.67e-03   1.23e-05   4.58e-07   2.69e-03  93.1%
Combinational          8.83e-05   1.10e-04   8.28e-07   1.99e-04   6.9%
Clock                  0.00e+00   0.00e+00   0.00e+00   0.00e+00   0.0%
Macro                  0.00e+00   0.00e+00   0.00e+00   0.00e+00   0.0%
Pad                    0.00e+00   0.00e+00   0.00e+00   0.00e+00   0.0%
----------------------------------------------------------------
Total                  2.76e-03   1.22e-04   1.29e-06   2.88e-03 100.0%
                          95.7%       4.2%       0.0%

=== FlexSoC normalized power fields ===
dynamic_power_definition=internal_power+switching_power
power_unit=OpenSTA report unit; see Units section
internal_power=0.00276
switching_power=0.000122
dynamic_power=0.002882
leakage_power=1.29e-06
total_power=0.00288
