analysis=power_analysis corner=ff stage=post_syn
workload=auto_toggle_sv_ff
gls_report=/tmp/flexsoc-repack/cordic/runs/cordic/dev/dv/functional/sim/post_syn/ihp-sg13g2/cordic_post_syn_auto_toggle_sv_ff.json
activity_file=/tmp/flexsoc-repack/cordic/runs/cordic/dev/signoff/ihp-sg13g2/power/activity/captures/cordic_ihp-sg13g2_auto_toggle_sv_ff.vcd
activity_scope=cordic_tb/u_cordic
liberty=/home/eneadim/github/flexsoc/.flexsoc/pdks/ihp-sg13g2/ihp-sg13g2/libs.ref/sg13g2_stdcell/lib/sg13g2_stdcell_fast_1p65V_m40C.lib
netlist=/tmp/flexsoc-repack/cordic/runs/cordic/dev/syn/ihp-sg13g2/cordic_synth.v
sdc=/tmp/flexsoc-repack/cordic/runs/cordic/dev/constraints/cordic.sdc
spef=

=== Units ===
 time 1ns
 capacitance 1pF
 resistance 1kohm
 voltage 1v
 current 1uA
 power 1pW
 distance 1um

=== Constraint validation ===

=== Activity annotation ===
annotated_percent=100.00%
Unannotated pins: none

=== Power summary ===
Group                  Internal  Switching    Leakage      Total
                          Power      Power      Power      Power (Watts)
----------------------------------------------------------------
Sequential             3.18e-03   1.33e-05   1.40e-06   3.19e-03  97.0%
Combinational          4.05e-05   5.53e-05   2.61e-06   9.84e-05   3.0%
Clock                  0.00e+00   0.00e+00   0.00e+00   0.00e+00   0.0%
Macro                  0.00e+00   0.00e+00   0.00e+00   0.00e+00   0.0%
Pad                    0.00e+00   0.00e+00   0.00e+00   0.00e+00   0.0%
----------------------------------------------------------------
Total                  3.22e-03   6.86e-05   4.01e-06   3.29e-03 100.0%
                          97.8%       2.1%       0.1%

=== FlexSoC normalized power fields ===
dynamic_power_definition=internal_power+switching_power
power_unit=OpenSTA report unit; see Units section
internal_power=0.00322
switching_power=6.86e-05
dynamic_power=0.0032886
leakage_power=4.01e-06
total_power=0.00329
