%Warning-PINCONNECTEMPTY: /home/eneadim/github/flexsoc/vendor/pulp/common_cells/src/rr_arb_tree.sv:227:12: Instance pin connected by name with empty reference: 'empty_o'
  227 |           .empty_o (    )
      |            ^~~~~~~
                          ... For warning description see https://verilator.org/warn/PINCONNECTEMPTY?v=5.050
                          ... Use "/* verilator lint_off PINCONNECTEMPTY */" and lint_on around source to disable this message.
%Warning-PINCONNECTEMPTY: /home/eneadim/github/flexsoc/vendor/pulp/common_cells/src/stream_arbiter_flushable.sv:52:8: Instance pin connected by name with empty reference: 'idx_o'
   52 |       .idx_o  ()
      |        ^~~~~
%Warning-PINCONNECTEMPTY: /home/eneadim/github/flexsoc/vendor/pulp/common_cells/src/stream_arbiter_flushable.sv:73:8: Instance pin connected by name with empty reference: 'idx_o'
   73 |       .idx_o  ()
      |        ^~~~~
%Warning-PINCONNECTEMPTY: /home/eneadim/github/flexsoc/vendor/pulp/register_interface/src/axi_lite_to_reg.sv:98:6: Instance pin connected by name with empty reference: 'usage_o'
   98 |     .usage_o    (         ),
      |      ^~~~~~~
%Warning-PINCONNECTEMPTY: /home/eneadim/github/flexsoc/vendor/pulp/register_interface/src/axi_lite_to_reg.sv:124:6: Instance pin connected by name with empty reference: 'usage_o'
  124 |     .usage_o    (              ),
      |      ^~~~~~~
%Warning-PINCONNECTEMPTY: /home/eneadim/github/flexsoc/vendor/pulp/register_interface/src/axi_lite_to_reg.sv:148:6: Instance pin connected by name with empty reference: 'usage_o'
  148 |     .usage_o    (        ),
      |      ^~~~~~~
%Warning-PINCONNECTEMPTY: /home/eneadim/github/flexsoc/vendor/pulp/register_interface/src/axi_lite_to_reg.sv:171:6: Instance pin connected by name with empty reference: 'usage_o'
  171 |     .usage_o    (             ),
      |      ^~~~~~~
%Warning-DECLFILENAME: /home/eneadim/github/flexsoc/vendor/pulp/register_interface/src/axi_lite_to_reg.sv:225:8: Filename 'axi_lite_to_reg' does not match MODULE name: 'axi_lite_to_reg_intf'
  225 | module axi_lite_to_reg_intf #(
      |        ^~~~~~~~~~~~~~~~~~~~
                       ... For warning description see https://verilator.org/warn/DECLFILENAME?v=5.050
                       ... Use "/* verilator lint_off DECLFILENAME */" and lint_on around source to disable this message.
%Warning-PINCONNECTEMPTY: /tmp/flexsoc-ip-v1-release-20260914/gpio-axi_lite/runs/gpio/release/rtl/gpio_reg_core.sv:132:6: Instance pin connected by name with empty reference: 'qe'
  132 |     .qe     (),
      |      ^~
%Warning-PINCONNECTEMPTY: /tmp/flexsoc-ip-v1-release-20260914/gpio-axi_lite/runs/gpio/release/rtl/gpio_reg_core.sv:133:6: Instance pin connected by name with empty reference: 'q'
  133 |     .q      (),
      |      ^
%Warning-PINCONNECTEMPTY: /tmp/flexsoc-ip-v1-release-20260914/gpio-axi_lite/runs/gpio/release/rtl/gpio_reg_core.sv:134:6: Instance pin connected by name with empty reference: 'ds'
  134 |     .ds     (),
      |      ^~
%Warning-PINCONNECTEMPTY: /tmp/flexsoc-ip-v1-release-20260914/gpio-axi_lite/runs/gpio/release/rtl/gpio_reg_core.sv:153:6: Instance pin connected by name with empty reference: 'qre'
  153 |     .qre    (),
      |      ^~~
%Warning-PINCONNECTEMPTY: /tmp/flexsoc-ip-v1-release-20260914/gpio-axi_lite/runs/gpio/release/rtl/gpio_reg_core.sv:156:6: Instance pin connected by name with empty reference: 'ds'
  156 |     .ds     (),
      |      ^~
%Warning-PINCONNECTEMPTY: /tmp/flexsoc-ip-v1-release-20260914/gpio-axi_lite/runs/gpio/release/rtl/gpio_reg_core.sv:169:6: Instance pin connected by name with empty reference: 'qre'
  169 |     .qre    (),
      |      ^~~
%Warning-PINCONNECTEMPTY: /tmp/flexsoc-ip-v1-release-20260914/gpio-axi_lite/runs/gpio/release/rtl/gpio_reg_core.sv:172:6: Instance pin connected by name with empty reference: 'ds'
  172 |     .ds     (),
      |      ^~
%Warning-PINCONNECTEMPTY: /tmp/flexsoc-ip-v1-release-20260914/gpio-axi_lite/runs/gpio/release/rtl/gpio_reg_core.sv:198:6: Instance pin connected by name with empty reference: 'qe'
  198 |     .qe     (),
      |      ^~
%Warning-PINCONNECTEMPTY: /tmp/flexsoc-ip-v1-release-20260914/gpio-axi_lite/runs/gpio/release/rtl/gpio_reg_core.sv:200:6: Instance pin connected by name with empty reference: 'ds'
  200 |     .ds     (),
      |      ^~
%Warning-PINCONNECTEMPTY: /tmp/flexsoc-ip-v1-release-20260914/gpio-axi_lite/runs/gpio/release/rtl/gpio_reg_core.sv:225:6: Instance pin connected by name with empty reference: 'qe'
  225 |     .qe     (),
      |      ^~
%Warning-PINCONNECTEMPTY: /tmp/flexsoc-ip-v1-release-20260914/gpio-axi_lite/runs/gpio/release/rtl/gpio_reg_core.sv:227:6: Instance pin connected by name with empty reference: 'ds'
  227 |     .ds     (),
      |      ^~
%Warning-PINCONNECTEMPTY: /tmp/flexsoc-ip-v1-release-20260914/gpio-axi_lite/runs/gpio/release/rtl/gpio_reg_core.sv:252:6: Instance pin connected by name with empty reference: 'qe'
  252 |     .qe     (),
      |      ^~
%Warning-PINCONNECTEMPTY: /tmp/flexsoc-ip-v1-release-20260914/gpio-axi_lite/runs/gpio/release/rtl/gpio_reg_core.sv:254:6: Instance pin connected by name with empty reference: 'ds'
  254 |     .ds     (),
      |      ^~
%Warning-PINCONNECTEMPTY: /tmp/flexsoc-ip-v1-release-20260914/gpio-axi_lite/runs/gpio/release/rtl/gpio_reg_core.sv:279:6: Instance pin connected by name with empty reference: 'qe'
  279 |     .qe     (),
      |      ^~
%Warning-PINCONNECTEMPTY: /tmp/flexsoc-ip-v1-release-20260914/gpio-axi_lite/runs/gpio/release/rtl/gpio_reg_core.sv:281:6: Instance pin connected by name with empty reference: 'ds'
  281 |     .ds     (),
      |      ^~
%Warning-PINCONNECTEMPTY: /tmp/flexsoc-ip-v1-release-20260914/gpio-axi_lite/runs/gpio/release/rtl/gpio_reg_core.sv:306:6: Instance pin connected by name with empty reference: 'qe'
  306 |     .qe     (),
      |      ^~
%Warning-PINCONNECTEMPTY: /tmp/flexsoc-ip-v1-release-20260914/gpio-axi_lite/runs/gpio/release/rtl/gpio_reg_core.sv:308:6: Instance pin connected by name with empty reference: 'ds'
  308 |     .ds     (),
      |      ^~
%Warning-PINMISSING: /tmp/flexsoc-ip-v1-release-20260914/gpio-axi_lite/runs/gpio/release/rtl/gpio_reg_top.sv:33:17: Instance has missing pin: 'intg_err_o'
   33 |   gpio_reg_core u_reg_core (
      |                 ^~~~~~~~~~
                     /tmp/flexsoc-ip-v1-release-20260914/gpio-axi_lite/runs/gpio/release/rtl/gpio_reg_core.sv:21:16: ... Location of port declaration
   21 |   output logic intg_err_o
      |                ^~~~~~~~~~
                     ... For warning description see https://verilator.org/warn/PINMISSING?v=5.050
                     ... Use "/* verilator lint_off PINMISSING */" and lint_on around source to disable this message.
%Warning-VARHIDDEN: /tmp/flexsoc-ip-v1-release-20260914/gpio-axi_lite/runs/gpio/release/rtl/gpio_reg_core.sv:26:18: Declaration of signal hides declaration in upper scope: 'AW'
   26 |   localparam int AW = 4;
      |                  ^~
                    /tmp/flexsoc-ip-v1-release-20260914/gpio-axi_lite/runs/gpio/release/rtl/gpio_reg_pkg.sv:96:17: ... Location of original declaration
   96 |   parameter int AW = BlockAw;
      |                 ^~
                    ... For warning description see https://verilator.org/warn/VARHIDDEN?v=5.050
                    ... Use "/* verilator lint_off VARHIDDEN */" and lint_on around source to disable this message.
%Warning-VARHIDDEN: /tmp/flexsoc-ip-v1-release-20260914/gpio-axi_lite/runs/gpio/release/rtl/gpio_reg_core.sv:27:18: Declaration of signal hides declaration in upper scope: 'DW'
   27 |   localparam int DW = 32;
      |                  ^~
                    /tmp/flexsoc-ip-v1-release-20260914/gpio-axi_lite/runs/gpio/release/rtl/gpio_reg_pkg.sv:97:17: ... Location of original declaration
   97 |   parameter int DW = 32;
      |                 ^~
%Warning-VARHIDDEN: /tmp/flexsoc-ip-v1-release-20260914/gpio-axi_lite/runs/gpio/release/rtl/gpio_reg_core.sv:28:18: Declaration of signal hides declaration in upper scope: 'DBW'
   28 |   localparam int DBW = DW/8;                     
      |                  ^~~
                    /tmp/flexsoc-ip-v1-release-20260914/gpio-axi_lite/runs/gpio/release/rtl/gpio_reg_pkg.sv:98:17: ... Location of original declaration
   98 |   parameter int DBW = DW / 8;
      |                 ^~~
%Warning-WIDTHEXPAND: /home/eneadim/github/flexsoc/vendor/pulp/axi/src/axi_pkg.sv:155:12: Operator CASE expects 8 bits on the Case Item, but Case Item's CONST '4'h1' generates 4 bits.
                                                                                        : ... note: In instance 'gpio'
  155 |     unique case (len)
      |            ^~~~
                      ... For warning description see https://verilator.org/warn/WIDTHEXPAND?v=5.050
                      ... Use "/* verilator lint_off WIDTHEXPAND */" and lint_on around source to disable this message.
%Warning-WIDTHEXPAND: /home/eneadim/github/flexsoc/vendor/pulp/axi/src/axi_pkg.sv:155:12: Operator CASE expects 8 bits on the Case Item, but Case Item's CONST '4'h3' generates 4 bits.
                                                                                        : ... note: In instance 'gpio'
  155 |     unique case (len)
      |            ^~~~
%Warning-WIDTHEXPAND: /home/eneadim/github/flexsoc/vendor/pulp/axi/src/axi_pkg.sv:155:12: Operator CASE expects 8 bits on the Case Item, but Case Item's CONST '4'h7' generates 4 bits.
                                                                                        : ... note: In instance 'gpio'
  155 |     unique case (len)
      |            ^~~~
%Warning-WIDTHEXPAND: /home/eneadim/github/flexsoc/vendor/pulp/axi/src/axi_pkg.sv:155:12: Operator CASE expects 8 bits on the Case Item, but Case Item's CONST '4'hf' generates 4 bits.
                                                                                        : ... note: In instance 'gpio'
  155 |     unique case (len)
      |            ^~~~
%Warning-WIDTHEXPAND: /home/eneadim/github/flexsoc/vendor/pulp/axi/src/axi_pkg.sv:192:55: Operator ADD expects 128 bits on the LHS, but LHS's VARREF 'len' generates 8 bits.
                                                                                        : ... note: In instance 'gpio'
  192 |         ret_addr = ret_addr - (num_bytes(size) * (len + 1));
      |                                                       ^
%Warning-WIDTHEXPAND: /home/eneadim/github/flexsoc/vendor/pulp/axi/src/axi_pkg.sv:191:81: Operator ADD expects 128 bits on the LHS, but LHS's VARREF 'len' generates 8 bits.
                                                                                        : ... note: In instance 'gpio'
  191 |       if (burst == BURST_WRAP && ret_addr >= wrp_bond + (num_bytes(size) * (len + 1))) begin
      |                                                                                 ^
%Warning-WIDTHEXPAND: /home/eneadim/github/flexsoc/vendor/pulp/axi/src/axi_pkg.sv:203:37: Operator DIV expects 128 bits on the RHS, but RHS's VARREF 'strobe_width' generates 16 bits.
                                                                                        : ... note: In instance 'gpio'
  203 |     return shortint'(_addr - (_addr / strobe_width) * strobe_width);
      |                                     ^
%Warning-WIDTHEXPAND: /home/eneadim/github/flexsoc/vendor/pulp/axi/src/axi_pkg.sv:211:58: Operator SUB expects 128 bits on the LHS, but LHS's FUNCREF 'num_bytes' generates 16 bits.
                                                                                        : ... note: In instance 'gpio'
  211 |       return aligned_addr(addr, size) + (num_bytes(size) - 1) - (addr / strobe_width) * strobe_width;
      |                                                          ^
%Warning-WIDTHEXPAND: /home/eneadim/github/flexsoc/vendor/pulp/axi/src/axi_pkg.sv:211:71: Operator DIV expects 128 bits on the RHS, but RHS's VARREF 'strobe_width' generates 16 bits.
                                                                                        : ... note: In instance 'gpio'
  211 |       return aligned_addr(addr, size) + (num_bytes(size) - 1) - (addr / strobe_width) * strobe_width;
      |                                                                       ^
%Warning-WIDTHTRUNC: /home/eneadim/github/flexsoc/vendor/pulp/axi/src/axi_pkg.sv:211:7: Operator ASSIGN expects 16 bits on the Assign RHS, but Assign RHS's SUB generates 128 bits.
                                                                                      : ... note: In instance 'gpio'
  211 |       return aligned_addr(addr, size) + (num_bytes(size) - 1) - (addr / strobe_width) * strobe_width;
      |       ^~~~~~
                     ... For warning description see https://verilator.org/warn/WIDTHTRUNC?v=5.050
                     ... Use "/* verilator lint_off WIDTHTRUNC */" and lint_on around source to disable this message.
%Warning-UNUSEDPARAM: /home/eneadim/github/flexsoc/vendor/pulp/axi/src/axi_pkg.sv:45:26: Parameter is not used: 'NsaidWidth'
                                                                                       : ... note: In instance 'gpio'
   45 |   parameter int unsigned NsaidWidth  = 32'd4;
      |                          ^~~~~~~~~~
                      ... For warning description see https://verilator.org/warn/UNUSEDPARAM?v=5.050
                      ... Use "/* verilator lint_off UNUSEDPARAM */" and lint_on around source to disable this message.
%Warning-UNUSEDPARAM: /home/eneadim/github/flexsoc/vendor/pulp/axi/src/axi_pkg.sv:81:14: Parameter is not used: 'BURST_INCR'
                                                                                       : ... note: In instance 'gpio'
   81 |   localparam BURST_INCR  = 2'b01;
      |              ^~~~~~~~~~
%Warning-UNUSEDPARAM: /home/eneadim/github/flexsoc/vendor/pulp/axi/src/axi_pkg.sv:110:14: Parameter is not used: 'CACHE_RD_ALLOC'
                                                                                        : ... note: In instance 'gpio'
  110 |   localparam CACHE_RD_ALLOC   = 4'b0100;
      |              ^~~~~~~~~~~~~~
%Warning-UNUSEDPARAM: /home/eneadim/github/flexsoc/vendor/pulp/axi/src/axi_pkg.sv:113:14: Parameter is not used: 'CACHE_WR_ALLOC'
                                                                                        : ... note: In instance 'gpio'
  113 |   localparam CACHE_WR_ALLOC   = 4'b1000;
      |              ^~~~~~~~~~~~~~
%Warning-UNUSEDPARAM: /home/eneadim/github/flexsoc/vendor/pulp/axi/src/axi_pkg.sv:384:14: Parameter is not used: 'ATOP_ATOMICSWAP'
                                                                                        : ... note: In instance 'gpio'
  384 |   localparam ATOP_ATOMICSWAP  = 6'b110000;
      |              ^~~~~~~~~~~~~~~
%Warning-UNUSEDPARAM: /home/eneadim/github/flexsoc/vendor/pulp/axi/src/axi_pkg.sv:394:14: Parameter is not used: 'ATOP_ATOMICCMP'
                                                                                        : ... note: In instance 'gpio'
  394 |   localparam ATOP_ATOMICCMP   = 6'b110001;
      |              ^~~~~~~~~~~~~~
%Warning-UNUSEDPARAM: /home/eneadim/github/flexsoc/vendor/pulp/axi/src/axi_pkg.sv:397:14: Parameter is not used: 'ATOP_NONE'
                                                                                        : ... note: In instance 'gpio'
  397 |   localparam ATOP_NONE        = 2'b00;
      |              ^~~~~~~~~
%Warning-UNUSEDPARAM: /home/eneadim/github/flexsoc/vendor/pulp/axi/src/axi_pkg.sv:404:14: Parameter is not used: 'ATOP_ATOMICSTORE'
                                                                                        : ... note: In instance 'gpio'
  404 |   localparam ATOP_ATOMICSTORE = 2'b01;
      |              ^~~~~~~~~~~~~~~~
%Warning-UNUSEDPARAM: /home/eneadim/github/flexsoc/vendor/pulp/axi/src/axi_pkg.sv:412:14: Parameter is not used: 'ATOP_ATOMICLOAD'
                                                                                        : ... note: In instance 'gpio'
  412 |   localparam ATOP_ATOMICLOAD  = 2'b10;
      |              ^~~~~~~~~~~~~~~
%Warning-UNUSEDPARAM: /home/eneadim/github/flexsoc/vendor/pulp/axi/src/axi_pkg.sv:418:14: Parameter is not used: 'ATOP_LITTLE_END'
                                                                                        : ... note: In instance 'gpio'
  418 |   localparam ATOP_LITTLE_END  = 1'b0;
      |              ^~~~~~~~~~~~~~~
%Warning-UNUSEDPARAM: /home/eneadim/github/flexsoc/vendor/pulp/axi/src/axi_pkg.sv:420:14: Parameter is not used: 'ATOP_BIG_END'
                                                                                        : ... note: In instance 'gpio'
  420 |   localparam ATOP_BIG_END     = 1'b1;
      |              ^~~~~~~~~~~~
%Warning-UNUSEDPARAM: /home/eneadim/github/flexsoc/vendor/pulp/axi/src/axi_pkg.sv:423:14: Parameter is not used: 'ATOP_ADD'
                                                                                        : ... note: In instance 'gpio'
  423 |   localparam ATOP_ADD   = 3'b000;
      |              ^~~~~~~~
%Warning-UNUSEDPARAM: /home/eneadim/github/flexsoc/vendor/pulp/axi/src/axi_pkg.sv:425:14: Parameter is not used: 'ATOP_CLR'
                                                                                        : ... note: In instance 'gpio'
  425 |   localparam ATOP_CLR   = 3'b001;
      |              ^~~~~~~~
%Warning-UNUSEDPARAM: /home/eneadim/github/flexsoc/vendor/pulp/axi/src/axi_pkg.sv:427:14: Parameter is not used: 'ATOP_EOR'
                                                                                        : ... note: In instance 'gpio'
  427 |   localparam ATOP_EOR   = 3'b010;
      |              ^~~~~~~~
%Warning-UNUSEDPARAM: /home/eneadim/github/flexsoc/vendor/pulp/axi/src/axi_pkg.sv:429:14: Parameter is not used: 'ATOP_SET'
                                                                                        : ... note: In instance 'gpio'
  429 |   localparam ATOP_SET   = 3'b011;
      |              ^~~~~~~~
%Warning-UNUSEDPARAM: /home/eneadim/github/flexsoc/vendor/pulp/axi/src/axi_pkg.sv:432:14: Parameter is not used: 'ATOP_SMAX'
                                                                                        : ... note: In instance 'gpio'
  432 |   localparam ATOP_SMAX  = 3'b100;
      |              ^~~~~~~~~
%Warning-UNUSEDPARAM: /home/eneadim/github/flexsoc/vendor/pulp/axi/src/axi_pkg.sv:435:14: Parameter is not used: 'ATOP_SMIN'
                                                                                        : ... note: In instance 'gpio'
  435 |   localparam ATOP_SMIN  = 3'b101;
      |              ^~~~~~~~~
%Warning-UNUSEDPARAM: /home/eneadim/github/flexsoc/vendor/pulp/axi/src/axi_pkg.sv:438:14: Parameter is not used: 'ATOP_UMAX'
                                                                                        : ... note: In instance 'gpio'
  438 |   localparam ATOP_UMAX  = 3'b110;
      |              ^~~~~~~~~
%Warning-UNUSEDPARAM: /home/eneadim/github/flexsoc/vendor/pulp/axi/src/axi_pkg.sv:441:14: Parameter is not used: 'ATOP_UMIN'
                                                                                        : ... note: In instance 'gpio'
  441 |   localparam ATOP_UMIN  = 3'b111;
      |              ^~~~~~~~~
%Warning-UNUSEDPARAM: /home/eneadim/github/flexsoc/vendor/pulp/axi/src/axi_pkg.sv:444:14: Parameter is not used: 'ATOP_R_RESP'
                                                                                        : ... note: In instance 'gpio'
  444 |   localparam ATOP_R_RESP = 32'd5;
      |              ^~~~~~~~~~~
%Warning-UNUSEDSIGNAL: /home/eneadim/github/flexsoc/hw/ips/prim/prim_ff_2sync.sv:11:21: Signal is not driven, nor used: 'd_o'
                                                                                      : ... note: In instance 'gpio.u_core_reset_sync'
   11 |   logic [Width-1:0] d_o;
      |                     ^~~
                       ... For warning description see https://verilator.org/warn/UNUSEDSIGNAL?v=5.050
                       ... Use "/* verilator lint_off UNUSEDSIGNAL */" and lint_on around source to disable this message.
%Warning-UNUSEDPARAM: /tmp/flexsoc-ip-v1-release-20260914/gpio-axi_lite/runs/gpio/release/rtl/gpio_reg_pkg.sv:13:17: Parameter is not used: 'NumRegs'
                                                                                                                   : ... note: In instance 'gpio.u_gpio_core.gen_input_filter[3].u_filter'
   13 |   parameter int NumRegs = 3;
      |                 ^~~~~~~
%Warning-UNUSEDPARAM: /tmp/flexsoc-ip-v1-release-20260914/gpio-axi_lite/runs/gpio/release/rtl/gpio_reg_pkg.sv:80:25: Parameter is not used: 'GPIO_DIRECT_RESVAL'
                                                                                                                   : ... note: In instance 'gpio.u_gpio_core.gen_input_filter[3].u_filter'
   80 |   parameter logic [7:0] GPIO_DIRECT_RESVAL = 8'h 0;
      |                         ^~~~~~~~~~~~~~~~~~
%Warning-UNUSEDSIGNAL: /home/eneadim/github/flexsoc/vendor/pulp/common_cells/src/fifo_v3.sv:24:19: Signal is not used: 'testmode_i'
                                                                                                 : ... note: In instance 'gpio.u_gpio_reg.u_flexsoc_axi_to_reg.i_fifo_write_req'
   24 |     input  logic  testmode_i,        
      |                   ^~~~~~~~~~
%Warning-UNUSEDPARAM: /home/eneadim/github/flexsoc/hw/ips/prim_opentitan/prim_onehot_check.sv:26:26: Parameter is not used: 'AddrCheck'
                                                                                                   : ... note: In instance 'gpio.u_gpio_reg.u_reg_core.u_prim_reg_we_check.u_prim_onehot_check'
   26 |   parameter bit          AddrCheck   = 1,
      |                          ^~~~~~~~~
%Warning-UNUSEDPARAM: /home/eneadim/github/flexsoc/hw/ips/prim_opentitan/prim_onehot_check.sv:28:26: Parameter is not used: 'EnableCheck'
                                                                                                   : ... note: In instance 'gpio.u_gpio_reg.u_reg_core.u_prim_reg_we_check.u_prim_onehot_check'
   28 |   parameter bit          EnableCheck = 1,
      |                          ^~~~~~~~~~~
%Warning-UNUSEDPARAM: /home/eneadim/github/flexsoc/hw/ips/prim_opentitan/prim_onehot_check.sv:31:26: Parameter is not used: 'StrictCheck'
                                                                                                   : ... note: In instance 'gpio.u_gpio_reg.u_reg_core.u_prim_reg_we_check.u_prim_onehot_check'
   31 |   parameter bit          StrictCheck = 1,
      |                          ^~~~~~~~~~~
%Warning-UNUSEDPARAM: /home/eneadim/github/flexsoc/hw/ips/prim_opentitan/prim_onehot_check.sv:34:17: Parameter is not used: 'EnableAlertTriggerSVA'
                                                                                                   : ... note: In instance 'gpio.u_gpio_reg.u_reg_core.u_prim_reg_we_check.u_prim_onehot_check'
   34 |   parameter bit EnableAlertTriggerSVA = 1
      |                 ^~~~~~~~~~~~~~~~~~~~~
%Warning-UNUSEDSIGNAL: /home/eneadim/github/flexsoc/hw/ips/prim_opentitan/prim_onehot_check.sv:37:34: Signal is not used: 'clk_i'
                                                                                                    : ... note: In instance 'gpio.u_gpio_reg.u_reg_core.u_prim_reg_we_check.u_prim_onehot_check'
   37 |   input                          clk_i,
      |                                  ^~~~~
%Warning-UNUSEDSIGNAL: /home/eneadim/github/flexsoc/hw/ips/prim_opentitan/prim_onehot_check.sv:38:34: Signal is not used: 'rst_ni'
                                                                                                    : ... note: In instance 'gpio.u_gpio_reg.u_reg_core.u_prim_reg_we_check.u_prim_onehot_check'
   38 |   input                          rst_ni,
      |                                  ^~~~~~
%Warning-UNUSEDSIGNAL: /home/eneadim/github/flexsoc/hw/ips/prim_opentitan/prim_onehot_check.sv:42:34: Signal is not used: 'en_i'
                                                                                                    : ... note: In instance 'gpio.u_gpio_reg.u_reg_core.u_prim_reg_we_check.u_prim_onehot_check'
   42 |   input  logic                   en_i,
      |                                  ^~~~
%Warning-UNDRIVEN: /home/eneadim/github/flexsoc/hw/ips/prim_opentitan/prim_onehot_check.sv:44:34: Signal is not driven: 'err_o'
                                                                                                : ... note: In instance 'gpio.u_gpio_reg.u_reg_core.u_prim_reg_we_check.u_prim_onehot_check'
   44 |   output logic                   err_o
      |                                  ^~~~~
                   ... For warning description see https://verilator.org/warn/UNDRIVEN?v=5.050
                   ... Use "/* verilator lint_off UNDRIVEN */" and lint_on around source to disable this message.
%Warning-UNUSEDSIGNAL: /home/eneadim/github/flexsoc/vendor/pulp/common_cells/src/rr_arb_tree.sv:93:31: Signal is not used: 'rr_i'
                                                                                                     : ... note: In instance 'gpio.u_gpio_reg.u_flexsoc_axi_to_reg.i_stream_arbiter.i_arb.gen_rr_arb.i_arbiter'
   93 |   input  idx_t                rr_i,
      |                               ^~~~
%Warning-UNUSEDSIGNAL: /home/eneadim/github/flexsoc/vendor/pulp/common_cells/src/rr_arb_tree.sv:205:40: Signal is not driven, nor used: 'lower_empty'
                                                                                                      : ... note: In instance 'gpio.u_gpio_reg.u_flexsoc_axi_to_reg.i_stream_arbiter.i_arb.gen_rr_arb.i_arbiter'
  205 |         logic             upper_empty, lower_empty;
      |                                        ^~~~~~~~~~~
%Warning-UNUSEDSIGNAL: /home/eneadim/github/flexsoc/vendor/pulp/common_cells/src/lzc.sv:59:30: Bits of signal are not driven, nor used: 'sel_nodes'[1]
                                                                                             : ... note: In instance 'gpio.u_gpio_reg.u_flexsoc_axi_to_reg.i_stream_arbiter.i_arb.gen_rr_arb.i_arbiter.gen_arbiter.gen_int_rr.gen_fair_arb.i_lzc_lower'
   59 |     logic [2**NumLevels-1:0] sel_nodes;
      |                              ^~~~~~~~~
%Warning-UNUSEDSIGNAL: /home/eneadim/github/flexsoc/vendor/pulp/common_cells/src/lzc.sv:60:45: Bits of signal are not driven, nor used: 'index_nodes'[1]
                                                                                             : ... note: In instance 'gpio.u_gpio_reg.u_flexsoc_axi_to_reg.i_stream_arbiter.i_arb.gen_rr_arb.i_arbiter.gen_arbiter.gen_int_rr.gen_fair_arb.i_lzc_lower'
   60 |     logic [2**NumLevels-1:0][NumLevels-1:0] index_nodes;
      |                                             ^~~~~~~~~~~
%Warning-UNSIGNED: /home/eneadim/github/flexsoc/vendor/pulp/common_cells/src/rr_arb_tree.sv:208:37: Comparison is constant due to unsigned arithmetic
                                                                                                  : ... note: In instance 'gpio.u_gpio_reg.u_flexsoc_axi_to_reg.i_stream_arbiter.i_arb.gen_rr_arb.i_arbiter'
  208 |           assign upper_mask[i] = (i >  rr_q) ? req_d[i] : 1'b0;
      |                                     ^
                   ... For warning description see https://verilator.org/warn/UNSIGNED?v=5.050
                   ... Use "/* verilator lint_off UNSIGNED */" and lint_on around source to disable this message.
%Warning-UNSIGNED: /home/eneadim/github/flexsoc/vendor/pulp/common_cells/src/rr_arb_tree.sv:209:37: Comparison is constant due to unsigned arithmetic
                                                                                                  : ... note: In instance 'gpio.u_gpio_reg.u_flexsoc_axi_to_reg.i_stream_arbiter.i_arb.gen_rr_arb.i_arbiter'
  209 |           assign lower_mask[i] = (i <= rr_q) ? req_d[i] : 1'b0;
      |                                     ^~
- V e r i l a t i o n   R e p o r t: Verilator 5.050 2026-07-01 rev v5.050
- Verilator: Built from 2.863 MB sources in 30 modules, into 0.133 MB in 3 C++ files needing 0.000 MB
- Verilator: Walltime 0.067 s (elab=0.015, cvt=0.026, bld=0.000); cpu 0.067 s on 1 threads; allocated 39.598 MB
