analysis=power_analysis corner=ff stage=post_syn
workload=smoke_sv_ff
gls_report=/tmp/flexsoc-ip-v1-release-20260914/uart-tlul/runs/uart/release/dv/functional/sim/post_syn/sky130/uart_post_syn_smoke_sv_ff.json
activity_file=/tmp/flexsoc-ip-v1-release-20260914/uart-tlul/runs/uart/release/signoff/sky130/power/activity/captures/uart_sky130_smoke_sv_ff.vcd
activity_scope=uart_tb/u_uart
liberty=/home/eneadim/github/flexsoc/.flexsoc/pdks/ciel/sky130/versions/f6eeac7dad085ffcc829ccfd721f7b4ce39edcf7/sky130A/libs.ref/sky130_fd_sc_hd/lib/sky130_fd_sc_hd__ff_n40C_1v95_ccsnoise.lib
netlist=/tmp/flexsoc-ip-v1-release-20260914/uart-tlul/runs/uart/release/syn/sky130/uart_synth.v
sdc=/tmp/flexsoc-ip-v1-release-20260914/uart-tlul/runs/uart/release/constraints/uart.sdc
spef=

=== Units ===
 time 1ns
 capacitance 1pF
 resistance 1kohm
 voltage 1v
 current 1mA
 power 1nW
 distance 1um

=== Constraint validation ===

=== Activity annotation ===
annotated_percent=100.00%
Unannotated pins: none

=== Power summary ===
Group                  Internal  Switching    Leakage      Total
                          Power      Power      Power      Power (Watts)
----------------------------------------------------------------
Sequential             1.86e-03   6.08e-06   6.92e-09   1.86e-03  96.3%
Combinational          3.21e-05   3.98e-05   8.01e-09   7.19e-05   3.7%
Clock                  0.00e+00   0.00e+00   0.00e+00   0.00e+00   0.0%
Macro                  0.00e+00   0.00e+00   0.00e+00   0.00e+00   0.0%
Pad                    0.00e+00   0.00e+00   0.00e+00   0.00e+00   0.0%
----------------------------------------------------------------
Total                  1.89e-03   4.59e-05   1.49e-08   1.93e-03 100.0%
                          97.6%       2.4%       0.0%

=== FlexSoC normalized power fields ===
dynamic_power_definition=internal_power+switching_power
power_unit=OpenSTA report unit; see Units section
internal_power=0.00189
switching_power=4.59e-05
dynamic_power=0.0019359
leakage_power=1.49e-08
total_power=0.00193
