%Warning-MODDUP: ips/prim/prim_reg_pkg.sv:1:9: Duplicate declaration of module: 'prim_reg_pkg'
    1 | package prim_reg_pkg;
      |         ^~~~~~~~~~~~
                 ips/prim/prim_reg_pkg.sv:1:9: ... Location of original declaration
    1 | package prim_reg_pkg;
      |         ^~~~~~~~~~~~
                 ... For warning description see https://verilator.org/warn/MODDUP?v=5.036
                 ... Use "/* verilator lint_off MODDUP */" and lint_on around source to disable this message.
%Warning-MODDUP: ips/pkgs/prim_util_pkg.sv:9:9: Duplicate declaration of module: 'prim_util_pkg'
    9 | package prim_util_pkg;
      |         ^~~~~~~~~~~~~
                 tb/include_fft_core_tb.sv:4:1: ... note: In file included from 'include_fft_core_tb.sv'
                 tb/fft_core_tb.sv:5:1: ... note: In file included from 'fft_core_tb.sv'
                 ips/pkgs/prim_util_pkg.sv:9:9: ... Location of original declaration
    9 | package prim_util_pkg;
      |         ^~~~~~~~~~~~~
%Warning-MODDUP: ips/pkgs/prim_mubi_pkg.sv:15:9: Duplicate declaration of module: 'prim_mubi_pkg'
   15 | package prim_mubi_pkg;
      |         ^~~~~~~~~~~~~
                 tb/include_fft_core_tb.sv:5:1: ... note: In file included from 'include_fft_core_tb.sv'
                 tb/fft_core_tb.sv:5:1: ... note: In file included from 'fft_core_tb.sv'
                 ips/pkgs/prim_mubi_pkg.sv:15:9: ... Location of original declaration
   15 | package prim_mubi_pkg;
      |         ^~~~~~~~~~~~~
%Warning-MODDUP: ips/pkgs/prim_secded_pkg.sv:8:9: Duplicate declaration of module: 'prim_secded_pkg'
    8 | package prim_secded_pkg;
      |         ^~~~~~~~~~~~~~~
                 tb/include_fft_core_tb.sv:6:1: ... note: In file included from 'include_fft_core_tb.sv'
                 tb/fft_core_tb.sv:5:1: ... note: In file included from 'fft_core_tb.sv'
                 ips/pkgs/prim_secded_pkg.sv:8:9: ... Location of original declaration
    8 | package prim_secded_pkg;
      |         ^~~~~~~~~~~~~~~
%Warning-MODDUP: rtl/fft_core.sv:1:8: Duplicate declaration of module: 'fft_core'
    1 | module fft_core 
      |        ^~~~~~~~
                 tb/include_fft_core_tb.sv:8:1: ... note: In file included from 'include_fft_core_tb.sv'
                 tb/fft_core_tb.sv:5:1: ... note: In file included from 'fft_core_tb.sv'
                 rtl/fft_core.sv:1:8: ... Location of original declaration
    1 | module fft_core 
      |        ^~~~~~~~
%Warning-DECLFILENAME: ips/prim/prim_cdc_2phase.sv:4:8: Filename 'prim_cdc_2phase' does not match MODULE name: 'cdc_2phase'
    4 | module cdc_2phase #(
      |        ^~~~~~~~~~
                       ... For warning description see https://verilator.org/warn/DECLFILENAME?v=5.036
                       ... Use "/* verilator lint_off DECLFILENAME */" and lint_on around source to disable this message.
%Warning-DECLFILENAME: ips/prim/prim_gray2bin.sv:1:8: Filename 'prim_gray2bin' does not match MODULE name: 'gray_to_binary'
    1 | module gray_to_binary #(
      |        ^~~~~~~~~~~~~~
%Warning-DECLFILENAME: ips/prim/prim_lzc.sv:19:8: Filename 'prim_lzc' does not match MODULE name: 'lzc'
   19 | module lzc #(
      |        ^~~
%Warning-DECLFILENAME: ips/prim/prim_reg_pkg.sv:1:9: Filename 'prim_reg_pkg' does not match PACKAGE name: 'prim_reg_pkg__Vdedup0'
    1 | package prim_reg_pkg;
      |         ^~~~~~~~~~~~
%Warning-DECLFILENAME: ips/prim/prim_rrarbiter.sv:36:8: Filename 'prim_rrarbiter' does not match MODULE name: 'rrarbiter'
   36 | module rrarbiter #(
      |        ^~~~~~~~~
%Warning-PINCONNECTEMPTY: ips/prim/prim_rrarbiter.sv:110:10: Cell pin connected by name with empty reference: 'empty_o'
  110 |         .empty_o (               )
      |          ^~~~~~~
                          ... For warning description see https://verilator.org/warn/PINCONNECTEMPTY?v=5.036
                          ... Use "/* verilator lint_off PINCONNECTEMPTY */" and lint_on around source to disable this message.
%Warning-PINCONNECTEMPTY: ips/prim_opentitan/prim_fifo_sync_cnt.sv:87:8: Cell pin connected by name with empty reference: 'cnt_after_commit_o'
   87 |       .cnt_after_commit_o(),
      |        ^~~~~~~~~~~~~~~~~~
%Warning-PINCONNECTEMPTY: ips/prim_opentitan/prim_fifo_sync_cnt.sv:105:8: Cell pin connected by name with empty reference: 'cnt_after_commit_o'
  105 |       .cnt_after_commit_o(),
      |        ^~~~~~~~~~~~~~~~~~
%Warning-PINCONNECTEMPTY: ips/tlul/tlul_adapter_sram.sv:563:6: Cell pin connected by name with empty reference: 'full_o'
  563 |     .full_o  (),
      |      ^~~~~~
%Warning-PINCONNECTEMPTY: ips/tlul/tlul_adapter_sram.sv:564:6: Cell pin connected by name with empty reference: 'depth_o'
  564 |     .depth_o (),
      |      ^~~~~~~
%Warning-PINCONNECTEMPTY: ips/tlul/tlul_adapter_sram.sv:584:6: Cell pin connected by name with empty reference: 'rvalid_o'
  584 |     .rvalid_o(),
      |      ^~~~~~~~
%Warning-PINCONNECTEMPTY: ips/tlul/tlul_adapter_sram.sv:587:6: Cell pin connected by name with empty reference: 'full_o'
  587 |     .full_o  (),
      |      ^~~~~~
%Warning-PINCONNECTEMPTY: ips/tlul/tlul_adapter_sram.sv:588:6: Cell pin connected by name with empty reference: 'depth_o'
  588 |     .depth_o (),
      |      ^~~~~~~
%Warning-PINCONNECTEMPTY: ips/tlul/tlul_adapter_sram.sv:607:8: Cell pin connected by name with empty reference: 'rvalid_o'
  607 |       .rvalid_o(),
      |        ^~~~~~~~
%Warning-PINCONNECTEMPTY: ips/tlul/tlul_adapter_sram.sv:610:8: Cell pin connected by name with empty reference: 'full_o'
  610 |       .full_o  (),
      |        ^~~~~~
%Warning-PINCONNECTEMPTY: ips/tlul/tlul_adapter_sram.sv:611:8: Cell pin connected by name with empty reference: 'depth_o'
  611 |       .depth_o (),
      |        ^~~~~~~
%Warning-PINCONNECTEMPTY: ips/tlul/tlul_adapter_sram.sv:612:8: Cell pin connected by name with empty reference: 'err_o'
  612 |       .err_o   ()
      |        ^~~~~
%Warning-PINCONNECTEMPTY: ips/tlul/tlul_adapter_sram.sv:644:6: Cell pin connected by name with empty reference: 'full_o'
  644 |     .full_o  (),
      |      ^~~~~~
%Warning-PINCONNECTEMPTY: ips/tlul/tlul_adapter_sram.sv:645:6: Cell pin connected by name with empty reference: 'depth_o'
  645 |     .depth_o (),
      |      ^~~~~~~
%Warning-PINCONNECTEMPTY: ips/tlul/tlul_cmd_intg_chk.sv:26:6: Cell pin connected by name with empty reference: 'data_o'
   26 |     .data_o(),
      |      ^~~~~~
%Warning-PINCONNECTEMPTY: ips/tlul/tlul_cmd_intg_chk.sv:27:6: Cell pin connected by name with empty reference: 'syndrome_o'
   27 |     .syndrome_o(),
      |      ^~~~~~~~~~
%Warning-PINCONNECTEMPTY: ips/tlul/tlul_data_integ_dec.sv:20:6: Cell pin connected by name with empty reference: 'data_o'
   20 |     .data_o(),
      |      ^~~~~~
%Warning-PINCONNECTEMPTY: ips/tlul/tlul_data_integ_dec.sv:21:6: Cell pin connected by name with empty reference: 'syndrome_o'
   21 |     .syndrome_o(),
      |      ^~~~~~~~~~
%Warning-PINCONNECTEMPTY: ips/tlul/tlul_fifo_async.sv:57:6: Cell pin connected by name with empty reference: 'wdepth_o'
   57 |     .wdepth_o      (),
      |      ^~~~~~~~
%Warning-PINCONNECTEMPTY: ips/tlul/tlul_fifo_async.sv:58:6: Cell pin connected by name with empty reference: 'rdepth_o'
   58 |     .rdepth_o      ()
      |      ^~~~~~~~
%Warning-PINCONNECTEMPTY: ips/tlul/tlul_fifo_async.sv:94:6: Cell pin connected by name with empty reference: 'wdepth_o'
   94 |     .wdepth_o      (),
      |      ^~~~~~~~
%Warning-PINCONNECTEMPTY: ips/tlul/tlul_fifo_async.sv:95:6: Cell pin connected by name with empty reference: 'rdepth_o'
   95 |     .rdepth_o      ()
      |      ^~~~~~~~
%Warning-PINCONNECTEMPTY: ips/tlul/tlul_fifo_sync.sv:58:6: Cell pin connected by name with empty reference: 'full_o'
   58 |     .full_o        (),
      |      ^~~~~~
%Warning-PINCONNECTEMPTY: ips/tlul/tlul_fifo_sync.sv:59:6: Cell pin connected by name with empty reference: 'depth_o'
   59 |     .depth_o       (),
      |      ^~~~~~~
%Warning-PINCONNECTEMPTY: ips/tlul/tlul_fifo_sync.sv:60:6: Cell pin connected by name with empty reference: 'err_o'
   60 |     .err_o         ());
      |      ^~~~~
%Warning-PINCONNECTEMPTY: ips/tlul/tlul_fifo_sync.sv:93:6: Cell pin connected by name with empty reference: 'full_o'
   93 |     .full_o        (),
      |      ^~~~~~
%Warning-PINCONNECTEMPTY: ips/tlul/tlul_fifo_sync.sv:94:6: Cell pin connected by name with empty reference: 'depth_o'
   94 |     .depth_o       (),
      |      ^~~~~~~
%Warning-PINCONNECTEMPTY: ips/tlul/tlul_fifo_sync.sv:95:6: Cell pin connected by name with empty reference: 'err_o'
   95 |     .err_o         ());
      |      ^~~~~
%Warning-PINCONNECTEMPTY: ips/tlul/tlul_rsp_intg_chk.sv:27:6: Cell pin connected by name with empty reference: 'data_o'
   27 |     .data_o(),
      |      ^~~~~~
%Warning-PINCONNECTEMPTY: ips/tlul/tlul_rsp_intg_chk.sv:28:6: Cell pin connected by name with empty reference: 'syndrome_o'
   28 |     .syndrome_o(),
      |      ^~~~~~~~~~
%Warning-PINCONNECTEMPTY: ips/tlul/tlul_socket_1n.sv:99:6: Cell pin connected by name with empty reference: 'spare_rsp_o'
   99 |     .spare_rsp_o ());
      |      ^~~~~~~~~~~
%Warning-PINCONNECTEMPTY: ips/tlul/tlul_socket_1n.sv:222:8: Cell pin connected by name with empty reference: 'spare_req_o'
  222 |       .spare_req_o (),
      |        ^~~~~~~~~~~
%Warning-PINCONNECTEMPTY: ips/tlul/tlul_socket_1n.sv:224:8: Cell pin connected by name with empty reference: 'spare_rsp_o'
  224 |       .spare_rsp_o ());
      |        ^~~~~~~~~~~
%Warning-PINCONNECTEMPTY: ips/tlul/tlul_socket_m1.sv:135:8: Cell pin connected by name with empty reference: 'spare_req_o'
  135 |       .spare_req_o (),
      |        ^~~~~~~~~~~
%Warning-PINCONNECTEMPTY: ips/tlul/tlul_socket_m1.sv:137:8: Cell pin connected by name with empty reference: 'spare_rsp_o'
  137 |       .spare_rsp_o ()
      |        ^~~~~~~~~~~
%Warning-PINCONNECTEMPTY: ips/tlul/tlul_socket_m1.sv:156:6: Cell pin connected by name with empty reference: 'spare_req_o'
  156 |     .spare_req_o (),
      |      ^~~~~~~~~~~
%Warning-PINCONNECTEMPTY: ips/tlul/tlul_socket_m1.sv:158:6: Cell pin connected by name with empty reference: 'spare_rsp_o'
  158 |     .spare_rsp_o ()
      |      ^~~~~~~~~~~
%Warning-PINCONNECTEMPTY: ips/tlul/tlul_socket_m1.sv:179:8: Cell pin connected by name with empty reference: 'idx_o'
  179 |       .idx_o     (             ),
      |        ^~~~~
%Warning-PINCONNECTEMPTY: ips/tlul/tlul_socket_m1.sv:195:8: Cell pin connected by name with empty reference: 'idx_o'
  195 |       .idx_o     (             ),
      |        ^~~~~
%Warning-PINCONNECTEMPTY: ips/tlul/tlul_sram_byte.sv:531:8: Cell pin connected by name with empty reference: 'rvalid_o'
  531 |       .rvalid_o(),
      |        ^~~~~~~~
%Warning-PINCONNECTEMPTY: ips/tlul/tlul_sram_byte.sv:534:8: Cell pin connected by name with empty reference: 'full_o'
  534 |       .full_o(),
      |        ^~~~~~
%Warning-PINCONNECTEMPTY: ips/tlul/tlul_sram_byte.sv:535:8: Cell pin connected by name with empty reference: 'depth_o'
  535 |       .depth_o(),
      |        ^~~~~~~
%Warning-PINCONNECTEMPTY: ips/tlul/tlul_sram_byte.sv:536:8: Cell pin connected by name with empty reference: 'err_o'
  536 |       .err_o()
      |        ^~~~~
%Warning-PINCONNECTEMPTY: ips/tlul/tlul_sram_byte.sv:649:8: Cell pin connected by name with empty reference: 'rvalid_o'
  649 |       .rvalid_o(),
      |        ^~~~~~~~
%Warning-PINCONNECTEMPTY: ips/tlul/tlul_sram_byte.sv:652:8: Cell pin connected by name with empty reference: 'full_o'
  652 |       .full_o(),
      |        ^~~~~~
%Warning-PINCONNECTEMPTY: ips/tlul/tlul_sram_byte.sv:654:8: Cell pin connected by name with empty reference: 'err_o'
  654 |       .err_o()
      |        ^~~~~
%Warning-PINCONNECTEMPTY: rtl/fft_core_reg_top.sv:73:6: Cell pin connected by name with empty reference: 'intg_error_o'
   73 |     .intg_error_o(),
      |      ^~~~~~~~~~~~
%Warning-PINCONNECTEMPTY: rtl/fft_core_reg_top.sv:130:6: Cell pin connected by name with empty reference: 'qe'
  130 |     .qe     (),
      |      ^~
%Warning-PINCONNECTEMPTY: rtl/fft_core_reg_top.sv:132:6: Cell pin connected by name with empty reference: 'ds'
  132 |     .ds     (),
      |      ^~
%Warning-PINCONNECTEMPTY: rtl/fft_core_reg_top.sv:157:6: Cell pin connected by name with empty reference: 'qe'
  157 |     .qe     (),
      |      ^~
%Warning-PINCONNECTEMPTY: rtl/fft_core_reg_top.sv:159:6: Cell pin connected by name with empty reference: 'ds'
  159 |     .ds     (),
      |      ^~
%Warning-PINCONNECTEMPTY: rtl/fft_core_reg_top.sv:184:6: Cell pin connected by name with empty reference: 'qe'
  184 |     .qe     (),
      |      ^~
%Warning-PINCONNECTEMPTY: rtl/fft_core_reg_top.sv:186:6: Cell pin connected by name with empty reference: 'ds'
  186 |     .ds     (),
      |      ^~
%Warning-PINCONNECTEMPTY: rtl/fft_core_reg_top.sv:203:6: Cell pin connected by name with empty reference: 'qe'
  203 |     .qe     (),
      |      ^~
%Warning-PINCONNECTEMPTY: rtl/fft_core_reg_top.sv:205:6: Cell pin connected by name with empty reference: 'ds'
  205 |     .ds     (),
      |      ^~
%Warning-PINCONNECTEMPTY: rtl/fft_core_reg_top.sv:218:6: Cell pin connected by name with empty reference: 'qe'
  218 |     .qe     (),
      |      ^~
%Warning-PINCONNECTEMPTY: rtl/fft_core_reg_top.sv:220:6: Cell pin connected by name with empty reference: 'ds'
  220 |     .ds     (),
      |      ^~
%Warning-PINCONNECTEMPTY: rtl/fft_core_reg_top.sv:234:6: Cell pin connected by name with empty reference: 'qe'
  234 |     .qe     (),
      |      ^~
%Warning-PINCONNECTEMPTY: rtl/fft_core_reg_top.sv:236:6: Cell pin connected by name with empty reference: 'ds'
  236 |     .ds     (),
      |      ^~
%Warning-PINCONNECTEMPTY: rtl/fft_core_reg_top.sv:273:6: Cell pin connected by name with empty reference: 'ds'
  273 |     .ds     (),
      |      ^~
%Warning-PINCONNECTEMPTY: rtl/fft_core_reg_top.sv:276:6: Cell pin connected by name with empty reference: 'qs'
  276 |     .qs     ()
      |      ^~
%Warning-DECLFILENAME: ips/pkgs/top_pkg.sv:7:9: Filename 'top_pkg' does not match PACKAGE name: 'top_pkg__Vdedup1'
    7 | package top_pkg;
      |         ^~~~~~~
                       tb/include_fft_core_tb.sv:3:1: ... note: In file included from 'include_fft_core_tb.sv'
                       tb/fft_core_tb.sv:5:1: ... note: In file included from 'fft_core_tb.sv'
%Warning-DECLFILENAME: ips/pkgs/prim_util_pkg.sv:9:9: Filename 'prim_util_pkg' does not match PACKAGE name: 'prim_util_pkg__Vdedup2'
    9 | package prim_util_pkg;
      |         ^~~~~~~~~~~~~
                       tb/include_fft_core_tb.sv:4:1: ... note: In file included from 'include_fft_core_tb.sv'
                       tb/fft_core_tb.sv:5:1: ... note: In file included from 'fft_core_tb.sv'
%Warning-DECLFILENAME: ips/pkgs/prim_mubi_pkg.sv:15:9: Filename 'prim_mubi_pkg' does not match PACKAGE name: 'prim_mubi_pkg__Vdedup3'
   15 | package prim_mubi_pkg;
      |         ^~~~~~~~~~~~~
                       tb/include_fft_core_tb.sv:5:1: ... note: In file included from 'include_fft_core_tb.sv'
                       tb/fft_core_tb.sv:5:1: ... note: In file included from 'fft_core_tb.sv'
%Warning-DECLFILENAME: ips/pkgs/prim_secded_pkg.sv:8:9: Filename 'prim_secded_pkg' does not match PACKAGE name: 'prim_secded_pkg__Vdedup4'
    8 | package prim_secded_pkg;
      |         ^~~~~~~~~~~~~~~
                       tb/include_fft_core_tb.sv:6:1: ... note: In file included from 'include_fft_core_tb.sv'
                       tb/fft_core_tb.sv:5:1: ... note: In file included from 'fft_core_tb.sv'
%Warning-TIMESCALEMOD: ips/pkgs/top_pkg.sv:7:9: Timescale missing on this module as other modules have it (IEEE 1800-2023 3.14.2.3)
    7 | package top_pkg;
      |         ^~~~~~~
                       ips/pkgs/top_pkg.sv:7:9: ... Location of module with timescale
    7 | package top_pkg;
      |         ^~~~~~~
                       ... For warning description see https://verilator.org/warn/TIMESCALEMOD?v=5.036
                       ... Use "/* verilator lint_off TIMESCALEMOD */" and lint_on around source to disable this message.
%Warning-TIMESCALEMOD: ips/prim/prim_reg_pkg.sv:1:9: Timescale missing on this module as other modules have it (IEEE 1800-2023 3.14.2.3)
    1 | package prim_reg_pkg;
      |         ^~~~~~~~~~~~
                       ips/pkgs/top_pkg.sv:7:9: ... Location of module with timescale
    7 | package top_pkg;
      |         ^~~~~~~
%Warning-TIMESCALEMOD: ips/pkgs/prim_mubi_pkg.sv:15:9: Timescale missing on this module as other modules have it (IEEE 1800-2023 3.14.2.3)
   15 | package prim_mubi_pkg;
      |         ^~~~~~~~~~~~~
                       ips/pkgs/top_pkg.sv:7:9: ... Location of module with timescale
    7 | package top_pkg;
      |         ^~~~~~~
%Warning-TIMESCALEMOD: ips/pkgs/prim_secded_pkg.sv:8:9: Timescale missing on this module as other modules have it (IEEE 1800-2023 3.14.2.3)
    8 | package prim_secded_pkg;
      |         ^~~~~~~~~~~~~~~
                       ips/pkgs/top_pkg.sv:7:9: ... Location of module with timescale
    7 | package top_pkg;
      |         ^~~~~~~
%Warning-TIMESCALEMOD: ips/pkgs/prim_subreg_pkg.sv:5:9: Timescale missing on this module as other modules have it (IEEE 1800-2023 3.14.2.3)
    5 | package prim_subreg_pkg;
      |         ^~~~~~~~~~~~~~~
                       ips/pkgs/top_pkg.sv:7:9: ... Location of module with timescale
    7 | package top_pkg;
      |         ^~~~~~~
%Warning-TIMESCALEMOD: ips/pkgs/prim_util_pkg.sv:9:9: Timescale missing on this module as other modules have it (IEEE 1800-2023 3.14.2.3)
    9 | package prim_util_pkg;
      |         ^~~~~~~~~~~~~
                       ips/pkgs/top_pkg.sv:7:9: ... Location of module with timescale
    7 | package top_pkg;
      |         ^~~~~~~
%Warning-TIMESCALEMOD: ips/pkgs/tlul_pkg.sv:6:9: Timescale missing on this module as other modules have it (IEEE 1800-2023 3.14.2.3)
    6 | package tlul_pkg;
      |         ^~~~~~~~
                       ips/pkgs/top_pkg.sv:7:9: ... Location of module with timescale
    7 | package top_pkg;
      |         ^~~~~~~
%Warning-TIMESCALEMOD: ips/pkgs/prim_count_pkg.sv:5:9: Timescale missing on this module as other modules have it (IEEE 1800-2023 3.14.2.3)
                       ips/pkgs/top_pkg.sv:7:9: ... Location of module with timescale
    7 | package top_pkg;
      |         ^~~~~~~
%Warning-TIMESCALEMOD: ips/prim/prim_bin2gray.sv:1:8: Timescale missing on this module as other modules have it (IEEE 1800-2023 3.14.2.3)
                       ips/pkgs/top_pkg.sv:7:9: ... Location of module with timescale
    7 | package top_pkg;
      |         ^~~~~~~
%Warning-TIMESCALEMOD: ips/prim/prim_cdc_2phase.sv:4:8: Timescale missing on this module as other modules have it (IEEE 1800-2023 3.14.2.3)
    4 | module cdc_2phase #(
      |        ^~~~~~~~~~
                       ips/pkgs/top_pkg.sv:7:9: ... Location of module with timescale
    7 | package top_pkg;
      |         ^~~~~~~
%Warning-TIMESCALEMOD: ips/prim/prim_cdc_2phase.sv:52:8: Timescale missing on this module as other modules have it (IEEE 1800-2023 3.14.2.3)
   52 | module cdc_2phase_src #(
      |        ^~~~~~~~~~~~~~
                       ips/pkgs/top_pkg.sv:7:9: ... Location of module with timescale
    7 | package top_pkg;
      |         ^~~~~~~
%Warning-TIMESCALEMOD: ips/prim/prim_cdc_2phase.sv:99:8: Timescale missing on this module as other modules have it (IEEE 1800-2023 3.14.2.3)
   99 | module cdc_2phase_dst #(
      |        ^~~~~~~~~~~~~~
                       ips/pkgs/top_pkg.sv:7:9: ... Location of module with timescale
    7 | package top_pkg;
      |         ^~~~~~~
%Warning-TIMESCALEMOD: ips/prim/prim_clk_div.sv:5:8: Timescale missing on this module as other modules have it (IEEE 1800-2023 3.14.2.3)
    5 | module prim_clk_div #(
      |        ^~~~~~~~~~~~
                       ips/pkgs/top_pkg.sv:7:9: ... Location of module with timescale
    7 | package top_pkg;
      |         ^~~~~~~
%Warning-TIMESCALEMOD: ips/prim/prim_clk_gate.sv:1:8: Timescale missing on this module as other modules have it (IEEE 1800-2023 3.14.2.3)
    1 | module prim_clk_gate (
      |        ^~~~~~~~~~~~~
                       ips/pkgs/top_pkg.sv:7:9: ... Location of module with timescale
    7 | package top_pkg;
      |         ^~~~~~~
%Warning-TIMESCALEMOD: ips/prim/prim_counter.sv:1:8: Timescale missing on this module as other modules have it (IEEE 1800-2023 3.14.2.3)
    1 | module prim_counter #(
      |        ^~~~~~~~~~~~
                       ips/pkgs/top_pkg.sv:7:9: ... Location of module with timescale
    7 | package top_pkg;
      |         ^~~~~~~
%Warning-TIMESCALEMOD: ips/prim/prim_deglitch.sv:6:8: Timescale missing on this module as other modules have it (IEEE 1800-2023 3.14.2.3)
    6 | module prim_deglitch #(
      |        ^~~~~~~~~~~~~
                       ips/pkgs/top_pkg.sv:7:9: ... Location of module with timescale
    7 | package top_pkg;
      |         ^~~~~~~
%Warning-TIMESCALEMOD: ips/prim/prim_edge_detect.sv:1:8: Timescale missing on this module as other modules have it (IEEE 1800-2023 3.14.2.3)
    1 | module prim_edge_detect (
      |        ^~~~~~~~~~~~~~~~
                       ips/pkgs/top_pkg.sv:7:9: ... Location of module with timescale
    7 | package top_pkg;
      |         ^~~~~~~
%Warning-TIMESCALEMOD: ips/prim/prim_ff.sv:1:8: Timescale missing on this module as other modules have it (IEEE 1800-2023 3.14.2.3)
    1 | module prim_ff #(
      |        ^~~~~~~
                       ips/pkgs/top_pkg.sv:7:9: ... Location of module with timescale
    7 | package top_pkg;
      |         ^~~~~~~
%Warning-TIMESCALEMOD: ips/prim/prim_ff_2sync.sv:1:8: Timescale missing on this module as other modules have it (IEEE 1800-2023 3.14.2.3)
    1 | module prim_ff_2sync #(
      |        ^~~~~~~~~~~~~
                       ips/pkgs/top_pkg.sv:7:9: ... Location of module with timescale
    7 | package top_pkg;
      |         ^~~~~~~
%Warning-TIMESCALEMOD: ips/prim/prim_fifo.sv:1:8: Timescale missing on this module as other modules have it (IEEE 1800-2023 3.14.2.3)
    1 | module prim_fifo #(
      |        ^~~~~~~~~
                       ips/pkgs/top_pkg.sv:7:9: ... Location of module with timescale
    7 | package top_pkg;
      |         ^~~~~~~
%Warning-TIMESCALEMOD: ips/prim/prim_gray2bin.sv:1:8: Timescale missing on this module as other modules have it (IEEE 1800-2023 3.14.2.3)
    1 | module gray_to_binary #(
      |        ^~~~~~~~~~~~~~
                       ips/pkgs/top_pkg.sv:7:9: ... Location of module with timescale
    7 | package top_pkg;
      |         ^~~~~~~
%Warning-TIMESCALEMOD: ips/prim/prim_lifo.sv:1:8: Timescale missing on this module as other modules have it (IEEE 1800-2023 3.14.2.3)
    1 | module prim_lifo #(
      |        ^~~~~~~~~
                       ips/pkgs/top_pkg.sv:7:9: ... Location of module with timescale
    7 | package top_pkg;
      |         ^~~~~~~
%Warning-TIMESCALEMOD: ips/prim/prim_lzc.sv:19:8: Timescale missing on this module as other modules have it (IEEE 1800-2023 3.14.2.3)
   19 | module lzc #(
      |        ^~~
                       ips/pkgs/top_pkg.sv:7:9: ... Location of module with timescale
    7 | package top_pkg;
      |         ^~~~~~~
%Warning-TIMESCALEMOD: ips/prim/prim_ram.sv:1:8: Timescale missing on this module as other modules have it (IEEE 1800-2023 3.14.2.3)
    1 | module prim_ram #(
      |        ^~~~~~~~
                       ips/pkgs/top_pkg.sv:7:9: ... Location of module with timescale
    7 | package top_pkg;
      |         ^~~~~~~
%Warning-TIMESCALEMOD: ips/prim/prim_reg.sv:1:8: Timescale missing on this module as other modules have it (IEEE 1800-2023 3.14.2.3)
    1 | module prim_reg
      |        ^~~~~~~~
                       ips/pkgs/top_pkg.sv:7:9: ... Location of module with timescale
    7 | package top_pkg;
      |         ^~~~~~~
%Warning-TIMESCALEMOD: ips/prim/prim_rom.sv:1:8: Timescale missing on this module as other modules have it (IEEE 1800-2023 3.14.2.3)
    1 | module prim_rom #(
      |        ^~~~~~~~
                       ips/pkgs/top_pkg.sv:7:9: ... Location of module with timescale
    7 | package top_pkg;
      |         ^~~~~~~
%Warning-TIMESCALEMOD: ips/prim/prim_rrarbiter.sv:36:8: Timescale missing on this module as other modules have it (IEEE 1800-2023 3.14.2.3)
   36 | module rrarbiter #(
      |        ^~~~~~~~~
                       ips/pkgs/top_pkg.sv:7:9: ... Location of module with timescale
    7 | package top_pkg;
      |         ^~~~~~~
%Warning-TIMESCALEMOD: ips/prim/prim_shreg.sv:1:8: Timescale missing on this module as other modules have it (IEEE 1800-2023 3.14.2.3)
    1 | module prim_shreg #(
      |        ^~~~~~~~~~
                       ips/pkgs/top_pkg.sv:7:9: ... Location of module with timescale
    7 | package top_pkg;
      |         ^~~~~~~
%Warning-TIMESCALEMOD: ips/prim_opentitan/prim_arbiter_ppc.sv:27:8: Timescale missing on this module as other modules have it (IEEE 1800-2023 3.14.2.3)
   27 | module prim_arbiter_ppc #(
      |        ^~~~~~~~~~~~~~~~
                       ips/pkgs/top_pkg.sv:7:9: ... Location of module with timescale
    7 | package top_pkg;
      |         ^~~~~~~
%Warning-TIMESCALEMOD: ips/prim_opentitan/prim_cdc_rand_delay.sv:17:8: Timescale missing on this module as other modules have it (IEEE 1800-2023 3.14.2.3)
   17 | module prim_cdc_rand_delay #(
      |        ^~~~~~~~~~~~~~~~~~~
                       ips/pkgs/top_pkg.sv:7:9: ... Location of module with timescale
    7 | package top_pkg;
      |         ^~~~~~~
%Warning-TIMESCALEMOD: ips/prim_opentitan/prim_count.sv:28:8: Timescale missing on this module as other modules have it (IEEE 1800-2023 3.14.2.3)
   28 | module prim_count
      |        ^~~~~~~~~~
                       ips/pkgs/top_pkg.sv:7:9: ... Location of module with timescale
    7 | package top_pkg;
      |         ^~~~~~~
%Warning-TIMESCALEMOD: ips/prim_opentitan/prim_fifo_async.sv:9:8: Timescale missing on this module as other modules have it (IEEE 1800-2023 3.14.2.3)
    9 | module prim_fifo_async #(
      |        ^~~~~~~~~~~~~~~
                       ips/pkgs/top_pkg.sv:7:9: ... Location of module with timescale
    7 | package top_pkg;
      |         ^~~~~~~
%Warning-TIMESCALEMOD: ips/prim_opentitan/prim_fifo_async_simple.sv:8:8: Timescale missing on this module as other modules have it (IEEE 1800-2023 3.14.2.3)
    8 | module prim_fifo_async_simple #(
      |        ^~~~~~~~~~~~~~~~~~~~~~
                       ips/pkgs/top_pkg.sv:7:9: ... Location of module with timescale
    7 | package top_pkg;
      |         ^~~~~~~
%Warning-TIMESCALEMOD: ips/prim_opentitan/prim_fifo_async_sram_adapter.sv:9:8: Timescale missing on this module as other modules have it (IEEE 1800-2023 3.14.2.3)
    9 | module prim_fifo_async_sram_adapter #(
      |        ^~~~~~~~~~~~~~~~~~~~~~~~~~~~
                       ips/pkgs/top_pkg.sv:7:9: ... Location of module with timescale
    7 | package top_pkg;
      |         ^~~~~~~
%Warning-TIMESCALEMOD: ips/prim_opentitan/prim_fifo_sync.sv:9:8: Timescale missing on this module as other modules have it (IEEE 1800-2023 3.14.2.3)
    9 | module prim_fifo_sync #(
      |        ^~~~~~~~~~~~~~
                       ips/pkgs/top_pkg.sv:7:9: ... Location of module with timescale
    7 | package top_pkg;
      |         ^~~~~~~
%Warning-TIMESCALEMOD: ips/prim_opentitan/prim_fifo_sync_cnt.sv:9:8: Timescale missing on this module as other modules have it (IEEE 1800-2023 3.14.2.3)
    9 | module prim_fifo_sync_cnt #(
      |        ^~~~~~~~~~~~~~~~~~
                       ips/pkgs/top_pkg.sv:7:9: ... Location of module with timescale
    7 | package top_pkg;
      |         ^~~~~~~
%Warning-TIMESCALEMOD: ips/prim_opentitan/prim_filter.sv:13:8: Timescale missing on this module as other modules have it (IEEE 1800-2023 3.14.2.3)
   13 | module prim_filter #(
      |        ^~~~~~~~~~~
                       ips/pkgs/top_pkg.sv:7:9: ... Location of module with timescale
    7 | package top_pkg;
      |         ^~~~~~~
%Warning-TIMESCALEMOD: ips/prim_opentitan/prim_filter_ctr.sv:15:8: Timescale missing on this module as other modules have it (IEEE 1800-2023 3.14.2.3)
   15 | module prim_filter_ctr #(
      |        ^~~~~~~~~~~~~~~
                       ips/pkgs/top_pkg.sv:7:9: ... Location of module with timescale
    7 | package top_pkg;
      |         ^~~~~~~
%Warning-TIMESCALEMOD: ips/prim_opentitan/prim_flop.sv:7:8: Timescale missing on this module as other modules have it (IEEE 1800-2023 3.14.2.3)
    7 | module prim_flop #(
      |        ^~~~~~~~~
                       ips/pkgs/top_pkg.sv:7:9: ... Location of module with timescale
    7 | package top_pkg;
      |         ^~~~~~~
%Warning-TIMESCALEMOD: ips/prim_opentitan/prim_flop_2sync.sv:1:8: Timescale missing on this module as other modules have it (IEEE 1800-2023 3.14.2.3)
    1 | module prim_flop_2sync #(
      |        ^~~~~~~~~~~~~~~
                       ips/pkgs/top_pkg.sv:7:9: ... Location of module with timescale
    7 | package top_pkg;
      |         ^~~~~~~
%Warning-TIMESCALEMOD: ips/prim_opentitan/prim_secded_inv_39_32_dec.sv:7:8: Timescale missing on this module as other modules have it (IEEE 1800-2023 3.14.2.3)
    7 | module prim_secded_inv_39_32_dec (
      |        ^~~~~~~~~~~~~~~~~~~~~~~~~
                       ips/pkgs/top_pkg.sv:7:9: ... Location of module with timescale
    7 | package top_pkg;
      |         ^~~~~~~
%Warning-TIMESCALEMOD: ips/prim_opentitan/prim_secded_inv_39_32_enc.sv:7:8: Timescale missing on this module as other modules have it (IEEE 1800-2023 3.14.2.3)
    7 | module prim_secded_inv_39_32_enc (
      |        ^~~~~~~~~~~~~~~~~~~~~~~~~
                       ips/pkgs/top_pkg.sv:7:9: ... Location of module with timescale
    7 | package top_pkg;
      |         ^~~~~~~
%Warning-TIMESCALEMOD: ips/prim_opentitan/prim_secded_inv_64_57_dec.sv:7:8: Timescale missing on this module as other modules have it (IEEE 1800-2023 3.14.2.3)
    7 | module prim_secded_inv_64_57_dec (
      |        ^~~~~~~~~~~~~~~~~~~~~~~~~
                       ips/pkgs/top_pkg.sv:7:9: ... Location of module with timescale
    7 | package top_pkg;
      |         ^~~~~~~
%Warning-TIMESCALEMOD: ips/prim_opentitan/prim_secded_inv_64_57_enc.sv:7:8: Timescale missing on this module as other modules have it (IEEE 1800-2023 3.14.2.3)
    7 | module prim_secded_inv_64_57_enc (
      |        ^~~~~~~~~~~~~~~~~~~~~~~~~
                       ips/pkgs/top_pkg.sv:7:9: ... Location of module with timescale
    7 | package top_pkg;
      |         ^~~~~~~
%Warning-TIMESCALEMOD: ips/prim_opentitan/prim_subreg.sv:7:8: Timescale missing on this module as other modules have it (IEEE 1800-2023 3.14.2.3)
    7 | module prim_subreg
      |        ^~~~~~~~~~~
                       ips/pkgs/top_pkg.sv:7:9: ... Location of module with timescale
    7 | package top_pkg;
      |         ^~~~~~~
%Warning-TIMESCALEMOD: ips/prim_opentitan/prim_subreg_arb.sv:7:8: Timescale missing on this module as other modules have it (IEEE 1800-2023 3.14.2.3)
    7 | module prim_subreg_arb
      |        ^~~~~~~~~~~~~~~
                       ips/pkgs/top_pkg.sv:7:9: ... Location of module with timescale
    7 | package top_pkg;
      |         ^~~~~~~
%Warning-TIMESCALEMOD: ips/prim_opentitan/prim_subreg_ext.sv:7:8: Timescale missing on this module as other modules have it (IEEE 1800-2023 3.14.2.3)
    7 | module prim_subreg_ext #(
      |        ^~~~~~~~~~~~~~~
                       ips/pkgs/top_pkg.sv:7:9: ... Location of module with timescale
    7 | package top_pkg;
      |         ^~~~~~~
%Warning-TIMESCALEMOD: ips/prim_opentitan/prim_sync_reqack.sv:34:8: Timescale missing on this module as other modules have it (IEEE 1800-2023 3.14.2.3)
   34 | module prim_sync_reqack #(
      |        ^~~~~~~~~~~~~~~~
                       ips/pkgs/top_pkg.sv:7:9: ... Location of module with timescale
    7 | package top_pkg;
      |         ^~~~~~~
%Warning-TIMESCALEMOD: ips/tlul/sram2tlul.sv:12:8: Timescale missing on this module as other modules have it (IEEE 1800-2023 3.14.2.3)
   12 | module sram2tlul #(
      |        ^~~~~~~~~
                       ips/pkgs/top_pkg.sv:7:9: ... Location of module with timescale
    7 | package top_pkg;
      |         ^~~~~~~
%Warning-TIMESCALEMOD: ips/tlul/tlul_adapter_host.sv:24:8: Timescale missing on this module as other modules have it (IEEE 1800-2023 3.14.2.3)
   24 | module tlul_adapter_host
      |        ^~~~~~~~~~~~~~~~~
                       ips/pkgs/top_pkg.sv:7:9: ... Location of module with timescale
    7 | package top_pkg;
      |         ^~~~~~~
%Warning-TIMESCALEMOD: ips/tlul/tlul_adapter_reg.sv:19:8: Timescale missing on this module as other modules have it (IEEE 1800-2023 3.14.2.3)
   19 | module tlul_adapter_reg
      |        ^~~~~~~~~~~~~~~~
                       ips/pkgs/top_pkg.sv:7:9: ... Location of module with timescale
    7 | package top_pkg;
      |         ^~~~~~~
%Warning-TIMESCALEMOD: ips/tlul/tlul_adapter_sram.sv:20:8: Timescale missing on this module as other modules have it (IEEE 1800-2023 3.14.2.3)
   20 | module tlul_adapter_sram
      |        ^~~~~~~~~~~~~~~~~
                       ips/pkgs/top_pkg.sv:7:9: ... Location of module with timescale
    7 | package top_pkg;
      |         ^~~~~~~
%Warning-TIMESCALEMOD: ips/tlul/tlul_assert.sv:10:8: Timescale missing on this module as other modules have it (IEEE 1800-2023 3.14.2.3)
   10 | module tlul_assert #(
      |        ^~~~~~~~~~~
                       ips/pkgs/top_pkg.sv:7:9: ... Location of module with timescale
    7 | package top_pkg;
      |         ^~~~~~~
%Warning-TIMESCALEMOD: ips/tlul/tlul_assert_multiple.sv:7:8: Timescale missing on this module as other modules have it (IEEE 1800-2023 3.14.2.3)
    7 | module tlul_assert_multiple #(
      |        ^~~~~~~~~~~~~~~~~~~~
                       ips/pkgs/top_pkg.sv:7:9: ... Location of module with timescale
    7 | package top_pkg;
      |         ^~~~~~~
%Warning-TIMESCALEMOD: ips/tlul/tlul_cmd_intg_chk.sv:11:8: Timescale missing on this module as other modules have it (IEEE 1800-2023 3.14.2.3)
   11 | module tlul_cmd_intg_chk import tlul_pkg::*; (
      |        ^~~~~~~~~~~~~~~~~
                       ips/pkgs/top_pkg.sv:7:9: ... Location of module with timescale
    7 | package top_pkg;
      |         ^~~~~~~
%Warning-TIMESCALEMOD: ips/tlul/tlul_cmd_intg_gen.sv:11:8: Timescale missing on this module as other modules have it (IEEE 1800-2023 3.14.2.3)
   11 | module tlul_cmd_intg_gen import tlul_pkg::*; #(
      |        ^~~~~~~~~~~~~~~~~
                       ips/pkgs/top_pkg.sv:7:9: ... Location of module with timescale
    7 | package top_pkg;
      |         ^~~~~~~
%Warning-TIMESCALEMOD: ips/tlul/tlul_data_integ_dec.sv:11:8: Timescale missing on this module as other modules have it (IEEE 1800-2023 3.14.2.3)
   11 | module tlul_data_integ_dec import tlul_pkg::*; (
      |        ^~~~~~~~~~~~~~~~~~~
                       ips/pkgs/top_pkg.sv:7:9: ... Location of module with timescale
    7 | package top_pkg;
      |         ^~~~~~~
%Warning-TIMESCALEMOD: ips/tlul/tlul_data_integ_enc.sv:11:8: Timescale missing on this module as other modules have it (IEEE 1800-2023 3.14.2.3)
   11 | module tlul_data_integ_enc import tlul_pkg::*; (
      |        ^~~~~~~~~~~~~~~~~~~
                       ips/pkgs/top_pkg.sv:7:9: ... Location of module with timescale
    7 | package top_pkg;
      |         ^~~~~~~
%Warning-TIMESCALEMOD: ips/tlul/tlul_err.sv:8:8: Timescale missing on this module as other modules have it (IEEE 1800-2023 3.14.2.3)
    8 | module tlul_err import tlul_pkg::*; (
      |        ^~~~~~~~
                       ips/pkgs/top_pkg.sv:7:9: ... Location of module with timescale
    7 | package top_pkg;
      |         ^~~~~~~
%Warning-TIMESCALEMOD: ips/tlul/tlul_err_resp.sv:9:8: Timescale missing on this module as other modules have it (IEEE 1800-2023 3.14.2.3)
    9 | module tlul_err_resp (
      |        ^~~~~~~~~~~~~
                       ips/pkgs/top_pkg.sv:7:9: ... Location of module with timescale
    7 | package top_pkg;
      |         ^~~~~~~
%Warning-TIMESCALEMOD: ips/tlul/tlul_fifo_async.sv:11:8: Timescale missing on this module as other modules have it (IEEE 1800-2023 3.14.2.3)
   11 | module tlul_fifo_async #(
      |        ^~~~~~~~~~~~~~~
                       ips/pkgs/top_pkg.sv:7:9: ... Location of module with timescale
    7 | package top_pkg;
      |         ^~~~~~~
%Warning-TIMESCALEMOD: ips/tlul/tlul_fifo_sync.sv:9:8: Timescale missing on this module as other modules have it (IEEE 1800-2023 3.14.2.3)
    9 | module tlul_fifo_sync #(
      |        ^~~~~~~~~~~~~~
                       ips/pkgs/top_pkg.sv:7:9: ... Location of module with timescale
    7 | package top_pkg;
      |         ^~~~~~~
%Warning-TIMESCALEMOD: ips/tlul/tlul_rsp_intg_chk.sv:11:8: Timescale missing on this module as other modules have it (IEEE 1800-2023 3.14.2.3)
   11 | module tlul_rsp_intg_chk import tlul_pkg::*; #(
      |        ^~~~~~~~~~~~~~~~~
                       ips/pkgs/top_pkg.sv:7:9: ... Location of module with timescale
    7 | package top_pkg;
      |         ^~~~~~~
%Warning-TIMESCALEMOD: ips/tlul/tlul_rsp_intg_gen.sv:11:8: Timescale missing on this module as other modules have it (IEEE 1800-2023 3.14.2.3)
   11 | module tlul_rsp_intg_gen import tlul_pkg::*; #(
      |        ^~~~~~~~~~~~~~~~~
                       ips/pkgs/top_pkg.sv:7:9: ... Location of module with timescale
    7 | package top_pkg;
      |         ^~~~~~~
%Warning-TIMESCALEMOD: ips/tlul/tlul_socket_1n.sv:44:8: Timescale missing on this module as other modules have it (IEEE 1800-2023 3.14.2.3)
   44 | module tlul_socket_1n #(
      |        ^~~~~~~~~~~~~~
                       ips/pkgs/top_pkg.sv:7:9: ... Location of module with timescale
    7 | package top_pkg;
      |         ^~~~~~~
%Warning-TIMESCALEMOD: ips/tlul/tlul_socket_m1.sv:25:8: Timescale missing on this module as other modules have it (IEEE 1800-2023 3.14.2.3)
   25 | module tlul_socket_m1 #(
      |        ^~~~~~~~~~~~~~
                       ips/pkgs/top_pkg.sv:7:9: ... Location of module with timescale
    7 | package top_pkg;
      |         ^~~~~~~
%Warning-TIMESCALEMOD: ips/tlul/tlul_sram_byte.sv:18:8: Timescale missing on this module as other modules have it (IEEE 1800-2023 3.14.2.3)
   18 | module tlul_sram_byte import tlul_pkg::*; #(
      |        ^~~~~~~~~~~~~~
                       ips/pkgs/top_pkg.sv:7:9: ... Location of module with timescale
    7 | package top_pkg;
      |         ^~~~~~~
%Warning-TIMESCALEMOD: rtl/fft_fsm_pkg.sv:1:9: Timescale missing on this module as other modules have it (IEEE 1800-2023 3.14.2.3)
    1 | package fft_fsm_pkg;
      |         ^~~~~~~~~~~
                       ips/pkgs/top_pkg.sv:7:9: ... Location of module with timescale
    7 | package top_pkg;
      |         ^~~~~~~
%Warning-TIMESCALEMOD: rtl/fft_fsm.sv:1:8: Timescale missing on this module as other modules have it (IEEE 1800-2023 3.14.2.3)
    1 | module fft_fsm 
      |        ^~~~~~~
                       ips/pkgs/top_pkg.sv:7:9: ... Location of module with timescale
    7 | package top_pkg;
      |         ^~~~~~~
%Warning-TIMESCALEMOD: rtl/twiddle_rom.sv:1:8: Timescale missing on this module as other modules have it (IEEE 1800-2023 3.14.2.3)
    1 | module twiddle_rom #(
      |        ^~~~~~~~~~~
                       ips/pkgs/top_pkg.sv:7:9: ... Location of module with timescale
    7 | package top_pkg;
      |         ^~~~~~~
%Warning-TIMESCALEMOD: rtl/twiddle_rom_1024.sv:1:8: Timescale missing on this module as other modules have it (IEEE 1800-2023 3.14.2.3)
    1 | module twiddle_rom_1024 #(
      |        ^~~~~~~~~~~~~~~~
                       ips/pkgs/top_pkg.sv:7:9: ... Location of module with timescale
    7 | package top_pkg;
      |         ^~~~~~~
%Warning-TIMESCALEMOD: rtl/twiddle_rom_16.sv:1:8: Timescale missing on this module as other modules have it (IEEE 1800-2023 3.14.2.3)
    1 | module twiddle_rom_16 #(
      |        ^~~~~~~~~~~~~~
                       ips/pkgs/top_pkg.sv:7:9: ... Location of module with timescale
    7 | package top_pkg;
      |         ^~~~~~~
%Warning-TIMESCALEMOD: rtl/twiddle_rom_256.sv:1:8: Timescale missing on this module as other modules have it (IEEE 1800-2023 3.14.2.3)
    1 | module twiddle_rom_256 #(
      |        ^~~~~~~~~~~~~~~
                       ips/pkgs/top_pkg.sv:7:9: ... Location of module with timescale
    7 | package top_pkg;
      |         ^~~~~~~
%Warning-TIMESCALEMOD: rtl/twiddle_rom_64.sv:1:8: Timescale missing on this module as other modules have it (IEEE 1800-2023 3.14.2.3)
    1 | module twiddle_rom_64 #(
      |        ^~~~~~~~~~~~~~
                       ips/pkgs/top_pkg.sv:7:9: ... Location of module with timescale
    7 | package top_pkg;
      |         ^~~~~~~
%Warning-TIMESCALEMOD: rtl/twiddle_rom_8.sv:1:8: Timescale missing on this module as other modules have it (IEEE 1800-2023 3.14.2.3)
    1 | module twiddle_rom_8 #(
      |        ^~~~~~~~~~~~~
                       ips/pkgs/top_pkg.sv:7:9: ... Location of module with timescale
    7 | package top_pkg;
      |         ^~~~~~~
%Warning-TIMESCALEMOD: rtl/fft_core_reg_pkg.sv:7:9: Timescale missing on this module as other modules have it (IEEE 1800-2023 3.14.2.3)
    7 | package fft_core_reg_pkg;
      |         ^~~~~~~~~~~~~~~~
                       ips/pkgs/top_pkg.sv:7:9: ... Location of module with timescale
    7 | package top_pkg;
      |         ^~~~~~~
%Warning-TIMESCALEMOD: rtl/fft_core_reg_top.sv:10:8: Timescale missing on this module as other modules have it (IEEE 1800-2023 3.14.2.3)
   10 | module fft_core_reg_top
      |        ^~~~~~~~~~~~~~~~
                       ips/pkgs/top_pkg.sv:7:9: ... Location of module with timescale
    7 | package top_pkg;
      |         ^~~~~~~
%Warning-TIMESCALEMOD: rtl/fft_core.sv:1:8: Timescale missing on this module as other modules have it (IEEE 1800-2023 3.14.2.3)
    1 | module fft_core 
      |        ^~~~~~~~
                       ips/pkgs/top_pkg.sv:7:9: ... Location of module with timescale
    7 | package top_pkg;
      |         ^~~~~~~
%Warning-GENUNNAMED: ips/prim/prim_gray2bin.sv:7:5: Unnamed generate block 'genblk1' (IEEE 1800-2023 27.6)
                                                  : ... Suggest assign a label with 'begin : gen_<label_name>'
    7 |     for (genvar i = 0; i < N; i++)
      |     ^~~
                     ... For warning description see https://verilator.org/warn/GENUNNAMED?v=5.036
                     ... Use "/* verilator lint_off GENUNNAMED */" and lint_on around source to disable this message.
%Warning-GENUNNAMED: ips/prim/prim_rrarbiter.sv:77:12: Unnamed generate block 'genblk1' (IEEE 1800-2023 27.6)
                                                     : ... Suggest assign a label with 'begin : gen_<label_name>'
   77 |   end else begin
      |            ^~~~~
%Warning-GENUNNAMED: ips/prim/prim_rrarbiter.sv:90:12: Unnamed generate block 'genblk2' (IEEE 1800-2023 27.6)
                                                     : ... Suggest assign a label with 'begin : gen_<label_name>'
   90 |   end else begin
      |            ^~~~~
%Warning-GENUNNAMED: ips/prim/prim_lzc.sv:54:30: Unnamed generate block 'genblk1' (IEEE 1800-2023 27.6)
                                               : ... Suggest assign a label with 'begin : gen_<label_name>'
   54 |         if (k * 2 < WIDTH-1) begin
      |                              ^~~~~
%Warning-GENUNNAMED: ips/prim/prim_lzc.sv:60:31: Unnamed generate block 'genblk2' (IEEE 1800-2023 27.6)
                                               : ... Suggest assign a label with 'begin : gen_<label_name>'
   60 |         if (k * 2 == WIDTH-1) begin
      |                               ^~~~~
%Warning-GENUNNAMED: ips/prim/prim_lzc.sv:65:30: Unnamed generate block 'genblk3' (IEEE 1800-2023 27.6)
                                               : ... Suggest assign a label with 'begin : gen_<label_name>'
   65 |         if (k * 2 > WIDTH-1) begin
      |                              ^~~~~
%Warning-GENUNNAMED: ips/prim/prim_lzc.sv:70:14: Unnamed generate block 'genblk1' (IEEE 1800-2023 27.6)
                                               : ... Suggest assign a label with 'begin : gen_<label_name>'
   70 |     end else begin
      |              ^~~~~
%Warning-IMPLICIT: rtl/fft_core.sv:154:15: Signal definition not found, creating implicitly: 'wr_mem_w'
                                         : ... Suggested alternative: 'we_mem_w'
  154 |     .wr_mem_o(wr_mem_w),
      |               ^~~~~~~~
                   ... For warning description see https://verilator.org/warn/IMPLICIT?v=5.036
                   ... Use "/* verilator lint_off IMPLICIT */" and lint_on around source to disable this message.
%Warning-WIDTHEXPAND: rtl/fft_core.sv:146:36: Operator EQ expects 32 bits on the LHS, but LHS's VARREF 'counter_samples' generates 3 bits.
                                            : ... note: In instance 'fft_core_tb.u_fft_core'
  146 |     .end_samples_i(counter_samples == FFT_SIZE-1),
      |                                    ^~
                      ... For warning description see https://verilator.org/warn/WIDTHEXPAND?v=5.036
                      ... Use "/* verilator lint_off WIDTHEXPAND */" and lint_on around source to disable this message.
%Warning-WIDTHEXPAND: rtl/fft_core.sv:161:35: Operator EQ expects 32 bits on the LHS, but LHS's VARREF 'stage_count' generates 3 bits.
                                            : ... note: In instance 'fft_core_tb.u_fft_core'
  161 |   assign end_algo_w = (stage_count==LOG2_FFT_SIZE);
      |                                   ^~
%Warning-WIDTHEXPAND: rtl/fft_core.sv:181:33: Operator SUB expects 32 bits on the RHS, but RHS's VARREF 'stage_count' generates 3 bits.
                                            : ... note: In instance 'fft_core_tb.u_fft_core'
  181 |     n_rst = n >> (LOG2_FFT_SIZE - stage_count);
      |                                 ^
%Warning-WIDTHEXPAND: rtl/fft_core.sv:183:49: Operator EQ expects 32 bits on the LHS, but LHS's VARREF 'butterfly_count' generates 3 bits.
                                            : ... note: In instance 'fft_core_tb.u_fft_core'
  183 |   assign rst_butterfly_count = (butterfly_count == n_rst-1) && (state_w==WRITE_RESULT_1);
      |                                                 ^~
%Warning-WIDTHEXPAND: rtl/fft_core.sv:198:41: Operator EQ expects 32 bits on the LHS, but LHS's VARREF 'group_count' generates 3 bits.
                                            : ... note: In instance 'fft_core_tb.u_fft_core'
  198 |   assign rst_group_count = (group_count == groups-1) && 
      |                                         ^~
%Warning-WIDTHEXPAND: rtl/fft_core.sv:231:19: Operator ADD expects 32 bits on the LHS, but LHS's VARREF 'u_idx' generates 3 bits.
                                            : ... note: In instance 'fft_core_tb.u_fft_core'
  231 |     v_idx = u_idx + d;
      |                   ^
%Warning-WIDTHTRUNC: rtl/fft_core.sv:231:11: Operator ASSIGN expects 3 bits on the Assign RHS, but Assign RHS's ADD generates 32 bits.
                                           : ... note: In instance 'fft_core_tb.u_fft_core'
  231 |     v_idx = u_idx + d;
      |           ^
                     ... For warning description see https://verilator.org/warn/WIDTHTRUNC?v=5.036
                     ... Use "/* verilator lint_off WIDTHTRUNC */" and lint_on around source to disable this message.
%Warning-WIDTHEXPAND: rtl/fft_core.sv:232:62: Operator ADD expects 32 bits on the LHS, but LHS's VARREF 'stage_count' generates 3 bits.
                                            : ... note: In instance 'fft_core_tb.u_fft_core'
  232 |     w_idx = butterfly_count << (LOG2_FFT_SIZE - (stage_count + 1));      
      |                                                              ^
%Warning-WIDTHTRUNC: rtl/fft_core.sv:255:6: Input port connection 'addr' expects 2 bits on the pin connection, but pin connection's VARREF 'twiddle_addr' generates 3 bits.
                                          : ... note: In instance 'fft_core_tb.u_fft_core'
  255 |     .addr(twiddle_addr),
      |      ^~~~
%Warning-WIDTHEXPAND: rtl/fft_core.sv:320:28: Operator SHIFTL expects 32 bits on the LHS, but LHS's SEL generates 16 bits.
                                            : ... note: In instance 'fft_core_tb.u_fft_core'
  320 |   assign u_ext.re = u_q.re <<< 15;
      |                            ^~~
%Warning-WIDTHEXPAND: rtl/fft_core.sv:321:28: Operator SHIFTL expects 32 bits on the LHS, but LHS's SEL generates 16 bits.
                                            : ... note: In instance 'fft_core_tb.u_fft_core'
  321 |   assign u_ext.im = u_q.im <<< 15;
      |                            ^~~
%Warning-WIDTHEXPAND: rtl/fft_core.sv:397:26: Operator FUNCREF 'bit_reverse' expects 32 bits on the Function Argument, but Function Argument's VARREF 'counter_samples' generates 3 bits.
                                            : ... note: In instance 'fft_core_tb.u_fft_core'
  397 |   assign reversed_addr = bit_reverse(counter_samples, LOG2_FFT_SIZE);
      |                          ^~~~~~~~~~~
%Warning-WIDTHTRUNC: rtl/fft_core.sv:397:24: Operator ASSIGNW expects 3 bits on the Assign RHS, but Assign RHS's FUNCREF 'bit_reverse' generates 32 bits.
                                           : ... note: In instance 'fft_core_tb.u_fft_core'
  397 |   assign reversed_addr = bit_reverse(counter_samples, LOG2_FFT_SIZE);
      |                        ^
%Warning-WIDTHEXPAND: tb/fft_core_tb.sv:55:6: Output port connection 'fft_out_data_o' expects 32 bits on the pin connection, but pin connection's VARREF 'fft_out_data_o' generates 16 bits.
                                            : ... note: In instance 'fft_core_tb'
   55 |     .fft_out_data_o
      |      ^~~~~~~~~~~~~~
%Warning-WIDTHTRUNC: tb/fft_core_tb.sv:100:19: Operator ASSIGN expects 16 bits on the Assign RHS, but Assign RHS's VARREF 'sample_q15' generates 32 bits.
                                             : ... note: In instance 'fft_core_tb'
  100 |       adc_data_i  = sample_q15;
      |                   ^
%Warning-UNUSEDSIGNAL: tb/fft_core_tb.sv:23:8: Signal is not used: 'adc_ready_o'
                                             : ... note: In instance 'fft_core_tb'
   23 |   wire adc_ready_o;
      |        ^~~~~~~~~~~
                       ... For warning description see https://verilator.org/warn/UNUSEDSIGNAL?v=5.036
                       ... Use "/* verilator lint_off UNUSEDSIGNAL */" and lint_on around source to disable this message.
%Warning-UNUSEDSIGNAL: tb/fft_core_tb.sv:24:8: Signal is not used: 'fft_out_valid_o'
                                             : ... note: In instance 'fft_core_tb'
   24 |   wire fft_out_valid_o;
      |        ^~~~~~~~~~~~~~~
%Warning-UNUSEDSIGNAL: tb/fft_core_tb.sv:25:25: Signal is not used: 'fft_out_data_o'
                                              : ... note: In instance 'fft_core_tb'
   25 |   wire [DATA_WIDTH-1:0] fft_out_data_o;
      |                         ^~~~~~~~~~~~~~
%Warning-UNUSEDPARAM: ips/pkgs/top_pkg.sv:13:16: Parameter is not used: 'TL_AUW'
                                               : ... note: In instance 'fft_core_tb'
   13 | localparam int TL_AUW=21;    
      |                ^~~~~~
                      ... For warning description see https://verilator.org/warn/UNUSEDPARAM?v=5.036
                      ... Use "/* verilator lint_off UNUSEDPARAM */" and lint_on around source to disable this message.
%Warning-UNUSEDPARAM: ips/pkgs/top_pkg.sv:14:16: Parameter is not used: 'TL_DUW'
                                               : ... note: In instance 'fft_core_tb'
   14 | localparam int TL_DUW=14;    
      |                ^~~~~~
%Warning-UNUSEDPARAM: ips/pkgs/top_pkg.sv:21:16: Parameter is not used: 'SecVolatileRawUnlockEn'
                                               : ... note: In instance 'fft_core_tb'
   21 | localparam int SecVolatileRawUnlockEn = 0;
      |                ^~~~~~~~~~~~~~~~~~~~~~
%Warning-UNUSEDPARAM: ips/pkgs/prim_secded_pkg.sv:81:25: Parameter is not used: 'Secded2216ZeroEcc'
                                                       : ... note: In instance 'fft_core_tb'
   81 |   parameter logic [5:0] Secded2216ZeroEcc = 6'h0;
      |                         ^~~~~~~~~~~~~~~~~
%Warning-UNUSEDPARAM: ips/pkgs/prim_secded_pkg.sv:82:26: Parameter is not used: 'Secded2216ZeroWord'
                                                       : ... note: In instance 'fft_core_tb'
   82 |   parameter logic [21:0] Secded2216ZeroWord = 22'h0;
      |                          ^~~~~~~~~~~~~~~~~~
%Warning-UNUSEDPARAM: ips/pkgs/prim_secded_pkg.sv:90:25: Parameter is not used: 'Secded2822ZeroEcc'
                                                       : ... note: In instance 'fft_core_tb'
   90 |   parameter logic [5:0] Secded2822ZeroEcc = 6'h0;
      |                         ^~~~~~~~~~~~~~~~~
%Warning-UNUSEDPARAM: ips/pkgs/prim_secded_pkg.sv:91:26: Parameter is not used: 'Secded2822ZeroWord'
                                                       : ... note: In instance 'fft_core_tb'
   91 |   parameter logic [27:0] Secded2822ZeroWord = 28'h0;
      |                          ^~~~~~~~~~~~~~~~~~
%Warning-UNUSEDPARAM: ips/pkgs/prim_secded_pkg.sv:99:25: Parameter is not used: 'Secded3932ZeroEcc'
                                                       : ... note: In instance 'fft_core_tb'
   99 |   parameter logic [6:0] Secded3932ZeroEcc = 7'h0;
      |                         ^~~~~~~~~~~~~~~~~
%Warning-UNUSEDPARAM: ips/pkgs/prim_secded_pkg.sv:100:26: Parameter is not used: 'Secded3932ZeroWord'
                                                        : ... note: In instance 'fft_core_tb'
  100 |   parameter logic [38:0] Secded3932ZeroWord = 39'h0;
      |                          ^~~~~~~~~~~~~~~~~~
%Warning-UNUSEDPARAM: ips/pkgs/prim_secded_pkg.sv:108:25: Parameter is not used: 'Secded6457ZeroEcc'
                                                        : ... note: In instance 'fft_core_tb'
  108 |   parameter logic [6:0] Secded6457ZeroEcc = 7'h0;
      |                         ^~~~~~~~~~~~~~~~~
%Warning-UNUSEDPARAM: ips/pkgs/prim_secded_pkg.sv:109:26: Parameter is not used: 'Secded6457ZeroWord'
                                                        : ... note: In instance 'fft_core_tb'
  109 |   parameter logic [63:0] Secded6457ZeroWord = 64'h0;
      |                          ^~~~~~~~~~~~~~~~~~
%Warning-UNUSEDPARAM: ips/pkgs/prim_secded_pkg.sv:117:25: Parameter is not used: 'Secded7264ZeroEcc'
                                                        : ... note: In instance 'fft_core_tb'
  117 |   parameter logic [7:0] Secded7264ZeroEcc = 8'h0;
      |                         ^~~~~~~~~~~~~~~~~
%Warning-UNUSEDPARAM: ips/pkgs/prim_secded_pkg.sv:118:26: Parameter is not used: 'Secded7264ZeroWord'
                                                        : ... note: In instance 'fft_core_tb'
  118 |   parameter logic [71:0] Secded7264ZeroWord = 72'h0;
      |                          ^~~~~~~~~~~~~~~~~~
%Warning-UNUSEDPARAM: ips/pkgs/prim_secded_pkg.sv:126:25: Parameter is not used: 'SecdedHamming2216ZeroEcc'
                                                        : ... note: In instance 'fft_core_tb'
  126 |   parameter logic [5:0] SecdedHamming2216ZeroEcc = 6'h0;
      |                         ^~~~~~~~~~~~~~~~~~~~~~~~
%Warning-UNUSEDPARAM: ips/pkgs/prim_secded_pkg.sv:127:26: Parameter is not used: 'SecdedHamming2216ZeroWord'
                                                        : ... note: In instance 'fft_core_tb'
  127 |   parameter logic [21:0] SecdedHamming2216ZeroWord = 22'h0;
      |                          ^~~~~~~~~~~~~~~~~~~~~~~~~
%Warning-UNUSEDPARAM: ips/pkgs/prim_secded_pkg.sv:135:25: Parameter is not used: 'SecdedHamming3932ZeroEcc'
                                                        : ... note: In instance 'fft_core_tb'
  135 |   parameter logic [6:0] SecdedHamming3932ZeroEcc = 7'h0;
      |                         ^~~~~~~~~~~~~~~~~~~~~~~~
%Warning-UNUSEDPARAM: ips/pkgs/prim_secded_pkg.sv:136:26: Parameter is not used: 'SecdedHamming3932ZeroWord'
                                                        : ... note: In instance 'fft_core_tb'
  136 |   parameter logic [38:0] SecdedHamming3932ZeroWord = 39'h0;
      |                          ^~~~~~~~~~~~~~~~~~~~~~~~~
%Warning-UNUSEDPARAM: ips/pkgs/prim_secded_pkg.sv:144:25: Parameter is not used: 'SecdedHamming7264ZeroEcc'
                                                        : ... note: In instance 'fft_core_tb'
  144 |   parameter logic [7:0] SecdedHamming7264ZeroEcc = 8'h0;
      |                         ^~~~~~~~~~~~~~~~~~~~~~~~
%Warning-UNUSEDPARAM: ips/pkgs/prim_secded_pkg.sv:145:26: Parameter is not used: 'SecdedHamming7264ZeroWord'
                                                        : ... note: In instance 'fft_core_tb'
  145 |   parameter logic [71:0] SecdedHamming7264ZeroWord = 72'h0;
      |                          ^~~~~~~~~~~~~~~~~~~~~~~~~
%Warning-UNUSEDPARAM: ips/pkgs/prim_secded_pkg.sv:153:25: Parameter is not used: 'SecdedHamming7668ZeroEcc'
                                                        : ... note: In instance 'fft_core_tb'
  153 |   parameter logic [7:0] SecdedHamming7668ZeroEcc = 8'h0;
      |                         ^~~~~~~~~~~~~~~~~~~~~~~~
%Warning-UNUSEDPARAM: ips/pkgs/prim_secded_pkg.sv:154:26: Parameter is not used: 'SecdedHamming7668ZeroWord'
                                                        : ... note: In instance 'fft_core_tb'
  154 |   parameter logic [75:0] SecdedHamming7668ZeroWord = 76'h0;
      |                          ^~~~~~~~~~~~~~~~~~~~~~~~~
%Warning-UNUSEDPARAM: ips/pkgs/prim_secded_pkg.sv:162:25: Parameter is not used: 'SecdedInv2216ZeroEcc'
                                                        : ... note: In instance 'fft_core_tb'
  162 |   parameter logic [5:0] SecdedInv2216ZeroEcc = 6'h2A;
      |                         ^~~~~~~~~~~~~~~~~~~~
%Warning-UNUSEDPARAM: ips/pkgs/prim_secded_pkg.sv:163:26: Parameter is not used: 'SecdedInv2216ZeroWord'
                                                        : ... note: In instance 'fft_core_tb'
  163 |   parameter logic [21:0] SecdedInv2216ZeroWord = 22'h2A0000;
      |                          ^~~~~~~~~~~~~~~~~~~~~
%Warning-UNUSEDPARAM: ips/pkgs/prim_secded_pkg.sv:171:25: Parameter is not used: 'SecdedInv2822ZeroEcc'
                                                        : ... note: In instance 'fft_core_tb'
  171 |   parameter logic [5:0] SecdedInv2822ZeroEcc = 6'h2A;
      |                         ^~~~~~~~~~~~~~~~~~~~
%Warning-UNUSEDPARAM: ips/pkgs/prim_secded_pkg.sv:172:26: Parameter is not used: 'SecdedInv2822ZeroWord'
                                                        : ... note: In instance 'fft_core_tb'
  172 |   parameter logic [27:0] SecdedInv2822ZeroWord = 28'hA800000;
      |                          ^~~~~~~~~~~~~~~~~~~~~
%Warning-UNUSEDPARAM: ips/pkgs/prim_secded_pkg.sv:180:25: Parameter is not used: 'SecdedInv3932ZeroEcc'
                                                        : ... note: In instance 'fft_core_tb'
  180 |   parameter logic [6:0] SecdedInv3932ZeroEcc = 7'h2A;
      |                         ^~~~~~~~~~~~~~~~~~~~
%Warning-UNUSEDPARAM: ips/pkgs/prim_secded_pkg.sv:181:26: Parameter is not used: 'SecdedInv3932ZeroWord'
                                                        : ... note: In instance 'fft_core_tb'
  181 |   parameter logic [38:0] SecdedInv3932ZeroWord = 39'h2A00000000;
      |                          ^~~~~~~~~~~~~~~~~~~~~
%Warning-UNUSEDPARAM: ips/pkgs/prim_secded_pkg.sv:189:25: Parameter is not used: 'SecdedInv6457ZeroEcc'
                                                        : ... note: In instance 'fft_core_tb'
  189 |   parameter logic [6:0] SecdedInv6457ZeroEcc = 7'h2A;
      |                         ^~~~~~~~~~~~~~~~~~~~
%Warning-UNUSEDPARAM: ips/pkgs/prim_secded_pkg.sv:190:26: Parameter is not used: 'SecdedInv6457ZeroWord'
                                                        : ... note: In instance 'fft_core_tb'
  190 |   parameter logic [63:0] SecdedInv6457ZeroWord = 64'h5400000000000000;
      |                          ^~~~~~~~~~~~~~~~~~~~~
%Warning-UNUSEDPARAM: ips/pkgs/prim_secded_pkg.sv:198:25: Parameter is not used: 'SecdedInv7264ZeroEcc'
                                                        : ... note: In instance 'fft_core_tb'
  198 |   parameter logic [7:0] SecdedInv7264ZeroEcc = 8'hAA;
      |                         ^~~~~~~~~~~~~~~~~~~~
%Warning-UNUSEDPARAM: ips/pkgs/prim_secded_pkg.sv:199:26: Parameter is not used: 'SecdedInv7264ZeroWord'
                                                        : ... note: In instance 'fft_core_tb'
  199 |   parameter logic [71:0] SecdedInv7264ZeroWord = 72'hAA0000000000000000;
      |                          ^~~~~~~~~~~~~~~~~~~~~
%Warning-UNUSEDPARAM: ips/pkgs/prim_secded_pkg.sv:207:25: Parameter is not used: 'SecdedInvHamming2216ZeroEcc'
                                                        : ... note: In instance 'fft_core_tb'
  207 |   parameter logic [5:0] SecdedInvHamming2216ZeroEcc = 6'h2A;
      |                         ^~~~~~~~~~~~~~~~~~~~~~~~~~~
%Warning-UNUSEDPARAM: ips/pkgs/prim_secded_pkg.sv:208:26: Parameter is not used: 'SecdedInvHamming2216ZeroWord'
                                                        : ... note: In instance 'fft_core_tb'
  208 |   parameter logic [21:0] SecdedInvHamming2216ZeroWord = 22'h2A0000;
      |                          ^~~~~~~~~~~~~~~~~~~~~~~~~~~~
%Warning-UNUSEDPARAM: ips/pkgs/prim_secded_pkg.sv:216:25: Parameter is not used: 'SecdedInvHamming3932ZeroEcc'
                                                        : ... note: In instance 'fft_core_tb'
  216 |   parameter logic [6:0] SecdedInvHamming3932ZeroEcc = 7'h2A;
      |                         ^~~~~~~~~~~~~~~~~~~~~~~~~~~
%Warning-UNUSEDPARAM: ips/pkgs/prim_secded_pkg.sv:217:26: Parameter is not used: 'SecdedInvHamming3932ZeroWord'
                                                        : ... note: In instance 'fft_core_tb'
  217 |   parameter logic [38:0] SecdedInvHamming3932ZeroWord = 39'h2A00000000;
      |                          ^~~~~~~~~~~~~~~~~~~~~~~~~~~~
%Warning-UNUSEDPARAM: ips/pkgs/prim_secded_pkg.sv:225:25: Parameter is not used: 'SecdedInvHamming7264ZeroEcc'
                                                        : ... note: In instance 'fft_core_tb'
  225 |   parameter logic [7:0] SecdedInvHamming7264ZeroEcc = 8'hAA;
      |                         ^~~~~~~~~~~~~~~~~~~~~~~~~~~
%Warning-UNUSEDPARAM: ips/pkgs/prim_secded_pkg.sv:226:26: Parameter is not used: 'SecdedInvHamming7264ZeroWord'
                                                        : ... note: In instance 'fft_core_tb'
  226 |   parameter logic [71:0] SecdedInvHamming7264ZeroWord = 72'hAA0000000000000000;
      |                          ^~~~~~~~~~~~~~~~~~~~~~~~~~~~
%Warning-UNUSEDPARAM: ips/pkgs/prim_secded_pkg.sv:234:25: Parameter is not used: 'SecdedInvHamming7668ZeroEcc'
                                                        : ... note: In instance 'fft_core_tb'
  234 |   parameter logic [7:0] SecdedInvHamming7668ZeroEcc = 8'hAA;
      |                         ^~~~~~~~~~~~~~~~~~~~~~~~~~~
%Warning-UNUSEDPARAM: ips/pkgs/prim_secded_pkg.sv:235:26: Parameter is not used: 'SecdedInvHamming7668ZeroWord'
                                                        : ... note: In instance 'fft_core_tb'
  235 |   parameter logic [75:0] SecdedInvHamming7668ZeroWord = 76'hAA00000000000000000;
      |                          ^~~~~~~~~~~~~~~~~~~~~~~~~~~~
%Warning-UNUSEDPARAM: ips/pkgs/prim_secded_pkg.sv:81:25: Parameter is not used: 'Secded2216ZeroEcc'
                                                       : ... note: In instance 'fft_core_tb'
   81 |   parameter logic [5:0] Secded2216ZeroEcc = 6'h0;
      |                         ^~~~~~~~~~~~~~~~~
                      tb/include_fft_core_tb.sv:6:1: ... note: In file included from 'include_fft_core_tb.sv'
                      tb/fft_core_tb.sv:5:1: ... note: In file included from 'fft_core_tb.sv'
%Warning-UNUSEDPARAM: ips/pkgs/prim_secded_pkg.sv:82:26: Parameter is not used: 'Secded2216ZeroWord'
                                                       : ... note: In instance 'fft_core_tb'
   82 |   parameter logic [21:0] Secded2216ZeroWord = 22'h0;
      |                          ^~~~~~~~~~~~~~~~~~
                      tb/include_fft_core_tb.sv:6:1: ... note: In file included from 'include_fft_core_tb.sv'
                      tb/fft_core_tb.sv:5:1: ... note: In file included from 'fft_core_tb.sv'
%Warning-UNUSEDPARAM: ips/pkgs/prim_secded_pkg.sv:90:25: Parameter is not used: 'Secded2822ZeroEcc'
                                                       : ... note: In instance 'fft_core_tb'
   90 |   parameter logic [5:0] Secded2822ZeroEcc = 6'h0;
      |                         ^~~~~~~~~~~~~~~~~
                      tb/include_fft_core_tb.sv:6:1: ... note: In file included from 'include_fft_core_tb.sv'
                      tb/fft_core_tb.sv:5:1: ... note: In file included from 'fft_core_tb.sv'
%Warning-UNUSEDPARAM: ips/pkgs/prim_secded_pkg.sv:91:26: Parameter is not used: 'Secded2822ZeroWord'
                                                       : ... note: In instance 'fft_core_tb'
   91 |   parameter logic [27:0] Secded2822ZeroWord = 28'h0;
      |                          ^~~~~~~~~~~~~~~~~~
                      tb/include_fft_core_tb.sv:6:1: ... note: In file included from 'include_fft_core_tb.sv'
                      tb/fft_core_tb.sv:5:1: ... note: In file included from 'fft_core_tb.sv'
%Warning-UNUSEDPARAM: ips/pkgs/prim_secded_pkg.sv:99:25: Parameter is not used: 'Secded3932ZeroEcc'
                                                       : ... note: In instance 'fft_core_tb'
   99 |   parameter logic [6:0] Secded3932ZeroEcc = 7'h0;
      |                         ^~~~~~~~~~~~~~~~~
                      tb/include_fft_core_tb.sv:6:1: ... note: In file included from 'include_fft_core_tb.sv'
                      tb/fft_core_tb.sv:5:1: ... note: In file included from 'fft_core_tb.sv'
%Warning-UNUSEDPARAM: ips/pkgs/prim_secded_pkg.sv:100:26: Parameter is not used: 'Secded3932ZeroWord'
                                                        : ... note: In instance 'fft_core_tb'
  100 |   parameter logic [38:0] Secded3932ZeroWord = 39'h0;
      |                          ^~~~~~~~~~~~~~~~~~
                      tb/include_fft_core_tb.sv:6:1: ... note: In file included from 'include_fft_core_tb.sv'
                      tb/fft_core_tb.sv:5:1: ... note: In file included from 'fft_core_tb.sv'
%Warning-UNUSEDPARAM: ips/pkgs/prim_secded_pkg.sv:108:25: Parameter is not used: 'Secded6457ZeroEcc'
                                                        : ... note: In instance 'fft_core_tb'
  108 |   parameter logic [6:0] Secded6457ZeroEcc = 7'h0;
      |                         ^~~~~~~~~~~~~~~~~
                      tb/include_fft_core_tb.sv:6:1: ... note: In file included from 'include_fft_core_tb.sv'
                      tb/fft_core_tb.sv:5:1: ... note: In file included from 'fft_core_tb.sv'
%Warning-UNUSEDPARAM: ips/pkgs/prim_secded_pkg.sv:109:26: Parameter is not used: 'Secded6457ZeroWord'
                                                        : ... note: In instance 'fft_core_tb'
  109 |   parameter logic [63:0] Secded6457ZeroWord = 64'h0;
      |                          ^~~~~~~~~~~~~~~~~~
                      tb/include_fft_core_tb.sv:6:1: ... note: In file included from 'include_fft_core_tb.sv'
                      tb/fft_core_tb.sv:5:1: ... note: In file included from 'fft_core_tb.sv'
%Warning-UNUSEDPARAM: ips/pkgs/prim_secded_pkg.sv:117:25: Parameter is not used: 'Secded7264ZeroEcc'
                                                        : ... note: In instance 'fft_core_tb'
  117 |   parameter logic [7:0] Secded7264ZeroEcc = 8'h0;
      |                         ^~~~~~~~~~~~~~~~~
                      tb/include_fft_core_tb.sv:6:1: ... note: In file included from 'include_fft_core_tb.sv'
                      tb/fft_core_tb.sv:5:1: ... note: In file included from 'fft_core_tb.sv'
%Warning-UNUSEDPARAM: ips/pkgs/prim_secded_pkg.sv:118:26: Parameter is not used: 'Secded7264ZeroWord'
                                                        : ... note: In instance 'fft_core_tb'
  118 |   parameter logic [71:0] Secded7264ZeroWord = 72'h0;
      |                          ^~~~~~~~~~~~~~~~~~
                      tb/include_fft_core_tb.sv:6:1: ... note: In file included from 'include_fft_core_tb.sv'
                      tb/fft_core_tb.sv:5:1: ... note: In file included from 'fft_core_tb.sv'
%Warning-UNUSEDPARAM: ips/pkgs/prim_secded_pkg.sv:126:25: Parameter is not used: 'SecdedHamming2216ZeroEcc'
                                                        : ... note: In instance 'fft_core_tb'
  126 |   parameter logic [5:0] SecdedHamming2216ZeroEcc = 6'h0;
      |                         ^~~~~~~~~~~~~~~~~~~~~~~~
                      tb/include_fft_core_tb.sv:6:1: ... note: In file included from 'include_fft_core_tb.sv'
                      tb/fft_core_tb.sv:5:1: ... note: In file included from 'fft_core_tb.sv'
%Warning-UNUSEDPARAM: ips/pkgs/prim_secded_pkg.sv:127:26: Parameter is not used: 'SecdedHamming2216ZeroWord'
                                                        : ... note: In instance 'fft_core_tb'
  127 |   parameter logic [21:0] SecdedHamming2216ZeroWord = 22'h0;
      |                          ^~~~~~~~~~~~~~~~~~~~~~~~~
                      tb/include_fft_core_tb.sv:6:1: ... note: In file included from 'include_fft_core_tb.sv'
                      tb/fft_core_tb.sv:5:1: ... note: In file included from 'fft_core_tb.sv'
%Warning-UNUSEDPARAM: ips/pkgs/prim_secded_pkg.sv:135:25: Parameter is not used: 'SecdedHamming3932ZeroEcc'
                                                        : ... note: In instance 'fft_core_tb'
  135 |   parameter logic [6:0] SecdedHamming3932ZeroEcc = 7'h0;
      |                         ^~~~~~~~~~~~~~~~~~~~~~~~
                      tb/include_fft_core_tb.sv:6:1: ... note: In file included from 'include_fft_core_tb.sv'
                      tb/fft_core_tb.sv:5:1: ... note: In file included from 'fft_core_tb.sv'
%Warning-UNUSEDPARAM: ips/pkgs/prim_secded_pkg.sv:136:26: Parameter is not used: 'SecdedHamming3932ZeroWord'
                                                        : ... note: In instance 'fft_core_tb'
  136 |   parameter logic [38:0] SecdedHamming3932ZeroWord = 39'h0;
      |                          ^~~~~~~~~~~~~~~~~~~~~~~~~
                      tb/include_fft_core_tb.sv:6:1: ... note: In file included from 'include_fft_core_tb.sv'
                      tb/fft_core_tb.sv:5:1: ... note: In file included from 'fft_core_tb.sv'
%Warning-UNUSEDPARAM: ips/pkgs/prim_secded_pkg.sv:144:25: Parameter is not used: 'SecdedHamming7264ZeroEcc'
                                                        : ... note: In instance 'fft_core_tb'
  144 |   parameter logic [7:0] SecdedHamming7264ZeroEcc = 8'h0;
      |                         ^~~~~~~~~~~~~~~~~~~~~~~~
                      tb/include_fft_core_tb.sv:6:1: ... note: In file included from 'include_fft_core_tb.sv'
                      tb/fft_core_tb.sv:5:1: ... note: In file included from 'fft_core_tb.sv'
%Warning-UNUSEDPARAM: ips/pkgs/prim_secded_pkg.sv:145:26: Parameter is not used: 'SecdedHamming7264ZeroWord'
                                                        : ... note: In instance 'fft_core_tb'
  145 |   parameter logic [71:0] SecdedHamming7264ZeroWord = 72'h0;
      |                          ^~~~~~~~~~~~~~~~~~~~~~~~~
                      tb/include_fft_core_tb.sv:6:1: ... note: In file included from 'include_fft_core_tb.sv'
                      tb/fft_core_tb.sv:5:1: ... note: In file included from 'fft_core_tb.sv'
%Warning-UNUSEDPARAM: ips/pkgs/prim_secded_pkg.sv:153:25: Parameter is not used: 'SecdedHamming7668ZeroEcc'
                                                        : ... note: In instance 'fft_core_tb'
  153 |   parameter logic [7:0] SecdedHamming7668ZeroEcc = 8'h0;
      |                         ^~~~~~~~~~~~~~~~~~~~~~~~
                      tb/include_fft_core_tb.sv:6:1: ... note: In file included from 'include_fft_core_tb.sv'
                      tb/fft_core_tb.sv:5:1: ... note: In file included from 'fft_core_tb.sv'
%Warning-UNUSEDPARAM: ips/pkgs/prim_secded_pkg.sv:154:26: Parameter is not used: 'SecdedHamming7668ZeroWord'
                                                        : ... note: In instance 'fft_core_tb'
  154 |   parameter logic [75:0] SecdedHamming7668ZeroWord = 76'h0;
      |                          ^~~~~~~~~~~~~~~~~~~~~~~~~
                      tb/include_fft_core_tb.sv:6:1: ... note: In file included from 'include_fft_core_tb.sv'
                      tb/fft_core_tb.sv:5:1: ... note: In file included from 'fft_core_tb.sv'
%Warning-UNUSEDPARAM: ips/pkgs/prim_secded_pkg.sv:162:25: Parameter is not used: 'SecdedInv2216ZeroEcc'
                                                        : ... note: In instance 'fft_core_tb'
  162 |   parameter logic [5:0] SecdedInv2216ZeroEcc = 6'h2A;
      |                         ^~~~~~~~~~~~~~~~~~~~
                      tb/include_fft_core_tb.sv:6:1: ... note: In file included from 'include_fft_core_tb.sv'
                      tb/fft_core_tb.sv:5:1: ... note: In file included from 'fft_core_tb.sv'
%Warning-UNUSEDPARAM: ips/pkgs/prim_secded_pkg.sv:163:26: Parameter is not used: 'SecdedInv2216ZeroWord'
                                                        : ... note: In instance 'fft_core_tb'
  163 |   parameter logic [21:0] SecdedInv2216ZeroWord = 22'h2A0000;
      |                          ^~~~~~~~~~~~~~~~~~~~~
                      tb/include_fft_core_tb.sv:6:1: ... note: In file included from 'include_fft_core_tb.sv'
                      tb/fft_core_tb.sv:5:1: ... note: In file included from 'fft_core_tb.sv'
%Warning-UNUSEDPARAM: ips/pkgs/prim_secded_pkg.sv:171:25: Parameter is not used: 'SecdedInv2822ZeroEcc'
                                                        : ... note: In instance 'fft_core_tb'
  171 |   parameter logic [5:0] SecdedInv2822ZeroEcc = 6'h2A;
      |                         ^~~~~~~~~~~~~~~~~~~~
                      tb/include_fft_core_tb.sv:6:1: ... note: In file included from 'include_fft_core_tb.sv'
                      tb/fft_core_tb.sv:5:1: ... note: In file included from 'fft_core_tb.sv'
%Warning-UNUSEDPARAM: ips/pkgs/prim_secded_pkg.sv:172:26: Parameter is not used: 'SecdedInv2822ZeroWord'
                                                        : ... note: In instance 'fft_core_tb'
  172 |   parameter logic [27:0] SecdedInv2822ZeroWord = 28'hA800000;
      |                          ^~~~~~~~~~~~~~~~~~~~~
                      tb/include_fft_core_tb.sv:6:1: ... note: In file included from 'include_fft_core_tb.sv'
                      tb/fft_core_tb.sv:5:1: ... note: In file included from 'fft_core_tb.sv'
%Warning-UNUSEDPARAM: ips/pkgs/prim_secded_pkg.sv:180:25: Parameter is not used: 'SecdedInv3932ZeroEcc'
                                                        : ... note: In instance 'fft_core_tb'
  180 |   parameter logic [6:0] SecdedInv3932ZeroEcc = 7'h2A;
      |                         ^~~~~~~~~~~~~~~~~~~~
                      tb/include_fft_core_tb.sv:6:1: ... note: In file included from 'include_fft_core_tb.sv'
                      tb/fft_core_tb.sv:5:1: ... note: In file included from 'fft_core_tb.sv'
%Warning-UNUSEDPARAM: ips/pkgs/prim_secded_pkg.sv:181:26: Parameter is not used: 'SecdedInv3932ZeroWord'
                                                        : ... note: In instance 'fft_core_tb'
  181 |   parameter logic [38:0] SecdedInv3932ZeroWord = 39'h2A00000000;
      |                          ^~~~~~~~~~~~~~~~~~~~~
                      tb/include_fft_core_tb.sv:6:1: ... note: In file included from 'include_fft_core_tb.sv'
                      tb/fft_core_tb.sv:5:1: ... note: In file included from 'fft_core_tb.sv'
%Warning-UNUSEDPARAM: ips/pkgs/prim_secded_pkg.sv:189:25: Parameter is not used: 'SecdedInv6457ZeroEcc'
                                                        : ... note: In instance 'fft_core_tb'
  189 |   parameter logic [6:0] SecdedInv6457ZeroEcc = 7'h2A;
      |                         ^~~~~~~~~~~~~~~~~~~~
                      tb/include_fft_core_tb.sv:6:1: ... note: In file included from 'include_fft_core_tb.sv'
                      tb/fft_core_tb.sv:5:1: ... note: In file included from 'fft_core_tb.sv'
%Warning-UNUSEDPARAM: ips/pkgs/prim_secded_pkg.sv:190:26: Parameter is not used: 'SecdedInv6457ZeroWord'
                                                        : ... note: In instance 'fft_core_tb'
  190 |   parameter logic [63:0] SecdedInv6457ZeroWord = 64'h5400000000000000;
      |                          ^~~~~~~~~~~~~~~~~~~~~
                      tb/include_fft_core_tb.sv:6:1: ... note: In file included from 'include_fft_core_tb.sv'
                      tb/fft_core_tb.sv:5:1: ... note: In file included from 'fft_core_tb.sv'
%Warning-UNUSEDPARAM: ips/pkgs/prim_secded_pkg.sv:198:25: Parameter is not used: 'SecdedInv7264ZeroEcc'
                                                        : ... note: In instance 'fft_core_tb'
  198 |   parameter logic [7:0] SecdedInv7264ZeroEcc = 8'hAA;
      |                         ^~~~~~~~~~~~~~~~~~~~
                      tb/include_fft_core_tb.sv:6:1: ... note: In file included from 'include_fft_core_tb.sv'
                      tb/fft_core_tb.sv:5:1: ... note: In file included from 'fft_core_tb.sv'
%Warning-UNUSEDPARAM: ips/pkgs/prim_secded_pkg.sv:199:26: Parameter is not used: 'SecdedInv7264ZeroWord'
                                                        : ... note: In instance 'fft_core_tb'
  199 |   parameter logic [71:0] SecdedInv7264ZeroWord = 72'hAA0000000000000000;
      |                          ^~~~~~~~~~~~~~~~~~~~~
                      tb/include_fft_core_tb.sv:6:1: ... note: In file included from 'include_fft_core_tb.sv'
                      tb/fft_core_tb.sv:5:1: ... note: In file included from 'fft_core_tb.sv'
%Warning-UNUSEDPARAM: ips/pkgs/prim_secded_pkg.sv:207:25: Parameter is not used: 'SecdedInvHamming2216ZeroEcc'
                                                        : ... note: In instance 'fft_core_tb'
  207 |   parameter logic [5:0] SecdedInvHamming2216ZeroEcc = 6'h2A;
      |                         ^~~~~~~~~~~~~~~~~~~~~~~~~~~
                      tb/include_fft_core_tb.sv:6:1: ... note: In file included from 'include_fft_core_tb.sv'
                      tb/fft_core_tb.sv:5:1: ... note: In file included from 'fft_core_tb.sv'
%Warning-UNUSEDPARAM: ips/pkgs/prim_secded_pkg.sv:208:26: Parameter is not used: 'SecdedInvHamming2216ZeroWord'
                                                        : ... note: In instance 'fft_core_tb'
  208 |   parameter logic [21:0] SecdedInvHamming2216ZeroWord = 22'h2A0000;
      |                          ^~~~~~~~~~~~~~~~~~~~~~~~~~~~
                      tb/include_fft_core_tb.sv:6:1: ... note: In file included from 'include_fft_core_tb.sv'
                      tb/fft_core_tb.sv:5:1: ... note: In file included from 'fft_core_tb.sv'
%Warning-UNUSEDPARAM: ips/pkgs/prim_secded_pkg.sv:216:25: Parameter is not used: 'SecdedInvHamming3932ZeroEcc'
                                                        : ... note: In instance 'fft_core_tb'
  216 |   parameter logic [6:0] SecdedInvHamming3932ZeroEcc = 7'h2A;
      |                         ^~~~~~~~~~~~~~~~~~~~~~~~~~~
                      tb/include_fft_core_tb.sv:6:1: ... note: In file included from 'include_fft_core_tb.sv'
                      tb/fft_core_tb.sv:5:1: ... note: In file included from 'fft_core_tb.sv'
%Warning-UNUSEDPARAM: ips/pkgs/prim_secded_pkg.sv:217:26: Parameter is not used: 'SecdedInvHamming3932ZeroWord'
                                                        : ... note: In instance 'fft_core_tb'
  217 |   parameter logic [38:0] SecdedInvHamming3932ZeroWord = 39'h2A00000000;
      |                          ^~~~~~~~~~~~~~~~~~~~~~~~~~~~
                      tb/include_fft_core_tb.sv:6:1: ... note: In file included from 'include_fft_core_tb.sv'
                      tb/fft_core_tb.sv:5:1: ... note: In file included from 'fft_core_tb.sv'
%Warning-UNUSEDPARAM: ips/pkgs/prim_secded_pkg.sv:225:25: Parameter is not used: 'SecdedInvHamming7264ZeroEcc'
                                                        : ... note: In instance 'fft_core_tb'
  225 |   parameter logic [7:0] SecdedInvHamming7264ZeroEcc = 8'hAA;
      |                         ^~~~~~~~~~~~~~~~~~~~~~~~~~~
                      tb/include_fft_core_tb.sv:6:1: ... note: In file included from 'include_fft_core_tb.sv'
                      tb/fft_core_tb.sv:5:1: ... note: In file included from 'fft_core_tb.sv'
%Warning-UNUSEDPARAM: ips/pkgs/prim_secded_pkg.sv:226:26: Parameter is not used: 'SecdedInvHamming7264ZeroWord'
                                                        : ... note: In instance 'fft_core_tb'
  226 |   parameter logic [71:0] SecdedInvHamming7264ZeroWord = 72'hAA0000000000000000;
      |                          ^~~~~~~~~~~~~~~~~~~~~~~~~~~~
                      tb/include_fft_core_tb.sv:6:1: ... note: In file included from 'include_fft_core_tb.sv'
                      tb/fft_core_tb.sv:5:1: ... note: In file included from 'fft_core_tb.sv'
%Warning-UNUSEDPARAM: ips/pkgs/prim_secded_pkg.sv:234:25: Parameter is not used: 'SecdedInvHamming7668ZeroEcc'
                                                        : ... note: In instance 'fft_core_tb'
  234 |   parameter logic [7:0] SecdedInvHamming7668ZeroEcc = 8'hAA;
      |                         ^~~~~~~~~~~~~~~~~~~~~~~~~~~
                      tb/include_fft_core_tb.sv:6:1: ... note: In file included from 'include_fft_core_tb.sv'
                      tb/fft_core_tb.sv:5:1: ... note: In file included from 'fft_core_tb.sv'
%Warning-UNUSEDPARAM: ips/pkgs/prim_secded_pkg.sv:235:26: Parameter is not used: 'SecdedInvHamming7668ZeroWord'
                                                        : ... note: In instance 'fft_core_tb'
  235 |   parameter logic [75:0] SecdedInvHamming7668ZeroWord = 76'hAA00000000000000000;
      |                          ^~~~~~~~~~~~~~~~~~~~~~~~~~~~
                      tb/include_fft_core_tb.sv:6:1: ... note: In file included from 'include_fft_core_tb.sv'
                      tb/fft_core_tb.sv:5:1: ... note: In file included from 'fft_core_tb.sv'
%Warning-UNUSEDPARAM: rtl/fft_core.sv:6:17: Parameter is not used: 'ASYNC'
                                          : ... note: In instance 'fft_core_tb.u_fft_core'
    6 |   parameter bit ASYNC = 0
      |                 ^~~~~
%Warning-UNUSEDSIGNAL: rtl/fft_core.sv:21:42: Signal is not used: 'fft_out_ready_i'
                                            : ... note: In instance 'fft_core_tb.u_fft_core'
   21 |   input  logic                           fft_out_ready_i
      |                                          ^~~~~~~~~~~~~~~
%Warning-UNUSEDSIGNAL: rtl/fft_core.sv:95:29: Signal is not used: 'sample_pair_valid'
                                            : ... note: In instance 'fft_core_tb.u_fft_core'
   95 |   logic                     sample_pair_valid;
      |                             ^~~~~~~~~~~~~~~~~
%Warning-UNUSEDSIGNAL: rtl/fft_core.sv:108:16: Signal is not used: 'm'
                                             : ... note: In instance 'fft_core_tb.u_fft_core'
  108 |   logic [31:0] m, d, groups;
      |                ^
%Warning-UNUSEDSIGNAL: rtl/fft_core.sv:121:9: Signal is not driven, nor used: 'mem_in_valid_0'
                                            : ... note: In instance 'fft_core_tb.u_fft_core'
  121 |   logic mem_in_valid_0, mem_in_ready_0;
      |         ^~~~~~~~~~~~~~
%Warning-UNUSEDSIGNAL: rtl/fft_core.sv:121:25: Signal is not driven, nor used: 'mem_in_ready_0'
                                             : ... note: In instance 'fft_core_tb.u_fft_core'
  121 |   logic mem_in_valid_0, mem_in_ready_0;
      |                         ^~~~~~~~~~~~~~
%Warning-UNUSEDSIGNAL: rtl/fft_core.sv:122:9: Signal is not driven, nor used: 'mem_out_valid_0'
                                            : ... note: In instance 'fft_core_tb.u_fft_core'
  122 |   logic mem_out_valid_0, mem_out_ready_0;
      |         ^~~~~~~~~~~~~~~
%Warning-UNUSEDSIGNAL: rtl/fft_core.sv:122:26: Signal is not used: 'mem_out_ready_0'
                                             : ... note: In instance 'fft_core_tb.u_fft_core'
  122 |   logic mem_out_valid_0, mem_out_ready_0;
      |                          ^~~~~~~~~~~~~~~
%Warning-UNUSEDSIGNAL: rtl/fft_core.sv:128:9: Signal is not driven, nor used: 'mem_in_valid_1'
                                            : ... note: In instance 'fft_core_tb.u_fft_core'
  128 |   logic mem_in_valid_1, mem_in_ready_1;
      |         ^~~~~~~~~~~~~~
%Warning-UNUSEDSIGNAL: rtl/fft_core.sv:128:25: Signal is not driven, nor used: 'mem_in_ready_1'
                                             : ... note: In instance 'fft_core_tb.u_fft_core'
  128 |   logic mem_in_valid_1, mem_in_ready_1;
      |                         ^~~~~~~~~~~~~~
%Warning-UNUSEDSIGNAL: rtl/fft_core.sv:129:9: Signal is not driven, nor used: 'mem_out_valid_1'
                                            : ... note: In instance 'fft_core_tb.u_fft_core'
  129 |   logic mem_out_valid_1, mem_out_ready_1;
      |         ^~~~~~~~~~~~~~~
%Warning-UNUSEDSIGNAL: rtl/fft_core.sv:129:26: Signal is not used: 'mem_out_ready_1'
                                             : ... note: In instance 'fft_core_tb.u_fft_core'
  129 |   logic mem_out_valid_1, mem_out_ready_1;
      |                          ^~~~~~~~~~~~~~~
%Warning-UNUSEDSIGNAL: rtl/fft_core.sv:137:45: Signal is not driven, nor used: 'we_mem_w'
                                             : ... note: In instance 'fft_core_tb.u_fft_core'
  137 |   logic en_cnt_samples, end_algo_w, done_w, we_mem_w, read_ram_w;
      |                                             ^~~~~~~~
%Warning-UNUSEDSIGNAL: rtl/fft_core.sv:245:29: Bits of signal are not used: 'twiddle_addr'[2]
                                             : ... note: In instance 'fft_core_tb.u_fft_core'
  245 |   logic [LOG2_FFT_SIZE-1:0] twiddle_addr;
      |                             ^~~~~~~~~~~~
%Warning-UNUSEDPARAM: rtl/fft_core_reg_pkg.sv:80:33: Parameter is not used: 'FFT_CORE_CTRL_OFFSET'
                                                   : ... note: In instance 'fft_core_tb.u_fft_core.tw_rom'
   80 |   parameter logic [BlockAw-1:0] FFT_CORE_CTRL_OFFSET = 4'h 0;
      |                                 ^~~~~~~~~~~~~~~~~~~~
%Warning-UNUSEDPARAM: rtl/fft_core_reg_pkg.sv:81:33: Parameter is not used: 'FFT_CORE_STATUS_OFFSET'
                                                   : ... note: In instance 'fft_core_tb.u_fft_core.tw_rom'
   81 |   parameter logic [BlockAw-1:0] FFT_CORE_STATUS_OFFSET = 4'h 4;
      |                                 ^~~~~~~~~~~~~~~~~~~~~~
%Warning-UNUSEDPARAM: rtl/fft_core_reg_pkg.sv:82:33: Parameter is not used: 'FFT_CORE_RDATA_OFFSET'
                                                   : ... note: In instance 'fft_core_tb.u_fft_core.tw_rom'
   82 |   parameter logic [BlockAw-1:0] FFT_CORE_RDATA_OFFSET = 4'h 8;
      |                                 ^~~~~~~~~~~~~~~~~~~~~
%Warning-UNUSEDPARAM: rtl/fft_core_reg_pkg.sv:83:33: Parameter is not used: 'FFT_CORE_WDATA_OFFSET'
                                                   : ... note: In instance 'fft_core_tb.u_fft_core.tw_rom'
   83 |   parameter logic [BlockAw-1:0] FFT_CORE_WDATA_OFFSET = 4'h c;
      |                                 ^~~~~~~~~~~~~~~~~~~~~
%Warning-UNUSEDPARAM: rtl/fft_core_reg_pkg.sv:86:25: Parameter is not used: 'FFT_CORE_STATUS_RESVAL'
                                                   : ... note: In instance 'fft_core_tb.u_fft_core.tw_rom'
   86 |   parameter logic [1:0] FFT_CORE_STATUS_RESVAL = 2'h 0;
      |                         ^~~~~~~~~~~~~~~~~~~~~~
%Warning-UNUSEDPARAM: rtl/fft_core_reg_pkg.sv:87:25: Parameter is not used: 'FFT_CORE_RDATA_RESVAL'
                                                   : ... note: In instance 'fft_core_tb.u_fft_core.tw_rom'
   87 |   parameter logic [7:0] FFT_CORE_RDATA_RESVAL = 8'h 0;
      |                         ^~~~~~~~~~~~~~~~~~~~~
%Warning-UNUSEDPARAM: rtl/fft_core_reg_pkg.sv:98:25: Parameter is not used: 'FFT_CORE_PERMIT'
                                                   : ... note: In instance 'fft_core_tb.u_fft_core.tw_rom'
   98 |   parameter logic [3:0] FFT_CORE_PERMIT [4] = '{
      |                         ^~~~~~~~~~~~~~~
%Warning-UNUSEDPARAM: ips/pkgs/tlul_pkg.sv:14:13: Parameter is not used: 'ArbiterImpl'
                                                : ... note: In instance 'fft_core_tb.u_fft_core.u_res_im'
   14 |   parameter ArbiterImpl = "PPC";
      |             ^~~~~~~~~~~
%Warning-UNUSEDPARAM: ips/pkgs/tlul_pkg.sv:29:17: Parameter is not used: 'H2DCmdFullWidth'
                                                : ... note: In instance 'fft_core_tb.u_fft_core.u_res_im'
   29 |   parameter int H2DCmdFullWidth = H2DCmdMaxWidth + H2DCmdIntgWidth;
      |                 ^~~~~~~~~~~~~~~
%Warning-UNUSEDPARAM: ips/pkgs/tlul_pkg.sv:32:17: Parameter is not used: 'D2HRspFullWidth'
                                                : ... note: In instance 'fft_core_tb.u_fft_core.u_res_im'
   32 |   parameter int D2HRspFullWidth = D2HRspMaxWidth + D2HRspIntgWidth;
      |                 ^~~~~~~~~~~~~~~
%Warning-UNUSEDPARAM: ips/pkgs/tlul_pkg.sv:35:17: Parameter is not used: 'DataFullWidth'
                                                : ... note: In instance 'fft_core_tb.u_fft_core.u_res_im'
   35 |   parameter int DataFullWidth   = DataMaxWidth + DataIntgWidth;
      |                 ^~~~~~~~~~~~~
%Warning-UNUSEDPARAM: ips/pkgs/tlul_pkg.sv:39:40: Parameter is not used: 'DataWhenInstrError'
                                                : ... note: In instance 'fft_core_tb.u_fft_core.u_res_im'
   39 |   parameter logic [top_pkg::TL_DW-1:0] DataWhenInstrError = '0;
      |                                        ^~~~~~~~~~~~~~~~~~
%Warning-UNUSEDPARAM: ips/pkgs/tlul_pkg.sv:42:40: Parameter is not used: 'DataWhenError'
                                                : ... note: In instance 'fft_core_tb.u_fft_core.u_res_im'
   42 |   parameter logic [top_pkg::TL_DW-1:0] DataWhenError      = {top_pkg::TL_DW{1'b1}};
      |                                        ^~~~~~~~~~~~~
%Warning-UNUSEDPARAM: ips/pkgs/tlul_pkg.sv:87:23: Parameter is not used: 'TL_H2D_DEFAULT'
                                                : ... note: In instance 'fft_core_tb.u_fft_core.u_res_im'
   87 |   localparam tl_h2d_t TL_H2D_DEFAULT = '{
      |                       ^~~~~~~~~~~~~~
%Warning-UNUSEDPARAM: ips/pkgs/tlul_pkg.sv:131:23: Parameter is not used: 'TL_D2H_DEFAULT'
                                                 : ... note: In instance 'fft_core_tb.u_fft_core.u_res_im'
  131 |   localparam tl_d2h_t TL_D2H_DEFAULT = '{
      |                       ^~~~~~~~~~~~~~
%Warning-SYNCASYNCNET: tb/fft_core_tb.sv:17:7: Signal flopped as both synchronous and async: 'fft_core_tb.rst_ni'
                       rtl/fft_core.sv:168:9: ... Location of async usage
  168 |     if(!rst_ni) begin
      |         ^~~~~~
                       ips/prim/prim_ram.sv:21:10: ... Location of sync usage
   21 |     if (!rst_ni) begin
      |          ^~~~~~
                       ... For warning description see https://verilator.org/warn/SYNCASYNCNET?v=5.036
                       ... Use "/* verilator lint_off SYNCASYNCNET */" and lint_on around source to disable this message.
make[1]: Entering directory '/home/eneadim/github/flexsoc/sim/verilator'
ccache g++ -Os  -I.  -MMD -I/usr/local/share/verilator/include -I/usr/local/share/verilator/include/vltstd -DVM_COVERAGE=0 -DVM_SC=0 -DVM_TIMING=1 -DVM_TRACE=1 -DVM_TRACE_FST=0 -DVM_TRACE_VCD=1 -DVM_TRACE_SAIF=0 -faligned-new -fcf-protection=none -Wno-bool-operation -Wno-shadow -Wno-sign-compare -Wno-subobject-linkage -Wno-tautological-compare -Wno-uninitialized -Wno-unused-but-set-parameter -Wno-unused-but-set-variable -Wno-unused-parameter -Wno-unused-variable    -DVL_TIME_CONTEXT   -fcoroutines -c -o verilated.o /usr/local/share/verilator/include/verilated.cpp
ccache g++ -Os  -I.  -MMD -I/usr/local/share/verilator/include -I/usr/local/share/verilator/include/vltstd -DVM_COVERAGE=0 -DVM_SC=0 -DVM_TIMING=1 -DVM_TRACE=1 -DVM_TRACE_FST=0 -DVM_TRACE_VCD=1 -DVM_TRACE_SAIF=0 -faligned-new -fcf-protection=none -Wno-bool-operation -Wno-shadow -Wno-sign-compare -Wno-subobject-linkage -Wno-tautological-compare -Wno-uninitialized -Wno-unused-but-set-parameter -Wno-unused-but-set-variable -Wno-unused-parameter -Wno-unused-variable    -DVL_TIME_CONTEXT   -fcoroutines -c -o verilated_vcd_c.o /usr/local/share/verilator/include/verilated_vcd_c.cpp
ccache g++ -Os  -I.  -MMD -I/usr/local/share/verilator/include -I/usr/local/share/verilator/include/vltstd -DVM_COVERAGE=0 -DVM_SC=0 -DVM_TIMING=1 -DVM_TRACE=1 -DVM_TRACE_FST=0 -DVM_TRACE_VCD=1 -DVM_TRACE_SAIF=0 -faligned-new -fcf-protection=none -Wno-bool-operation -Wno-shadow -Wno-sign-compare -Wno-subobject-linkage -Wno-tautological-compare -Wno-uninitialized -Wno-unused-but-set-parameter -Wno-unused-but-set-variable -Wno-unused-parameter -Wno-unused-variable    -DVL_TIME_CONTEXT   -fcoroutines -c -o verilated_timing.o /usr/local/share/verilator/include/verilated_timing.cpp
ccache g++ -Os  -I.  -MMD -I/usr/local/share/verilator/include -I/usr/local/share/verilator/include/vltstd -DVM_COVERAGE=0 -DVM_SC=0 -DVM_TIMING=1 -DVM_TRACE=1 -DVM_TRACE_FST=0 -DVM_TRACE_VCD=1 -DVM_TRACE_SAIF=0 -faligned-new -fcf-protection=none -Wno-bool-operation -Wno-shadow -Wno-sign-compare -Wno-subobject-linkage -Wno-tautological-compare -Wno-uninitialized -Wno-unused-but-set-parameter -Wno-unused-but-set-variable -Wno-unused-parameter -Wno-unused-variable    -DVL_TIME_CONTEXT   -fcoroutines -c -o verilated_threads.o /usr/local/share/verilator/include/verilated_threads.cpp
python3 /usr/local/share/verilator/bin/verilator_includer -DVL_INCLUDE_OPT=include Vfft_core_tb.cpp Vfft_core_tb___024root__DepSet_h917fe4f4__0.cpp Vfft_core_tb___024root__DepSet_hd93c5659__0.cpp Vfft_core_tb__main.cpp Vfft_core_tb__Trace__0.cpp Vfft_core_tb__ConstPool_0.cpp Vfft_core_tb___024root__Slow.cpp Vfft_core_tb___024root__DepSet_h917fe4f4__0__Slow.cpp Vfft_core_tb___024root__DepSet_hd93c5659__0__Slow.cpp Vfft_core_tb_fft_core_reg_pkg__Slow.cpp Vfft_core_tb_fft_core_reg_pkg__DepSet_hdc0c947c__0__Slow.cpp Vfft_core_tb__Syms.cpp Vfft_core_tb__Trace__0__Slow.cpp Vfft_core_tb__TraceDecls__0__Slow.cpp > Vfft_core_tb__ALL.cpp
ccache g++ -Os  -I.  -MMD -I/usr/local/share/verilator/include -I/usr/local/share/verilator/include/vltstd -DVM_COVERAGE=0 -DVM_SC=0 -DVM_TIMING=1 -DVM_TRACE=1 -DVM_TRACE_FST=0 -DVM_TRACE_VCD=1 -DVM_TRACE_SAIF=0 -faligned-new -fcf-protection=none -Wno-bool-operation -Wno-shadow -Wno-sign-compare -Wno-subobject-linkage -Wno-tautological-compare -Wno-uninitialized -Wno-unused-but-set-parameter -Wno-unused-but-set-variable -Wno-unused-parameter -Wno-unused-variable    -DVL_TIME_CONTEXT   -fcoroutines -c -o Vfft_core_tb__ALL.o Vfft_core_tb__ALL.cpp
echo "" > Vfft_core_tb__ALL.verilator_deplist.tmp
g++    verilated.o verilated_vcd_c.o verilated_timing.o verilated_threads.o Vfft_core_tb__ALL.a    -pthread -lpthread -latomic   -o Vfft_core_tb
rm Vfft_core_tb__ALL.verilator_deplist.tmp
make[1]: Leaving directory '/home/eneadim/github/flexsoc/sim/verilator'
- V e r i l a t i o n   R e p o r t: Verilator 5.036 2025-04-27 rev v5.036-48-g0dc93c1d5
- Verilator: Built from 19.083 MB sources in 87 modules, into 0.225 MB in 14 C++ files needing 0.000 MB
- Verilator: Walltime 1.512 s (elab=0.023, cvt=0.032, bld=1.390); cpu 0.121 s on 1 threads; alloced 47.152 MB
