%Warning-MODDUP: ips/prim/prim_reg_pkg.sv:1:9: Duplicate declaration of module: 'prim_reg_pkg'
    1 | package prim_reg_pkg;
      |         ^~~~~~~~~~~~
                 ips/prim/prim_reg_pkg.sv:1:9: ... Location of original declaration
    1 | package prim_reg_pkg;
      |         ^~~~~~~~~~~~
                 ... For warning description see https://verilator.org/warn/MODDUP?v=5.036
                 ... Use "/* verilator lint_off MODDUP */" and lint_on around source to disable this message.
%Warning-DECLFILENAME: ips/prim/prim_cdc_2phase.sv:4:8: Filename 'prim_cdc_2phase' does not match MODULE name: 'cdc_2phase'
    4 | module cdc_2phase #(
      |        ^~~~~~~~~~
                       ... For warning description see https://verilator.org/warn/DECLFILENAME?v=5.036
                       ... Use "/* verilator lint_off DECLFILENAME */" and lint_on around source to disable this message.
%Warning-DECLFILENAME: ips/prim/prim_gray2bin.sv:1:8: Filename 'prim_gray2bin' does not match MODULE name: 'gray_to_binary'
    1 | module gray_to_binary #(
      |        ^~~~~~~~~~~~~~
%Warning-DECLFILENAME: ips/prim/prim_lzc.sv:19:8: Filename 'prim_lzc' does not match MODULE name: 'lzc'
   19 | module lzc #(
      |        ^~~
%Warning-DECLFILENAME: ips/prim/prim_reg_pkg.sv:1:9: Filename 'prim_reg_pkg' does not match PACKAGE name: 'prim_reg_pkg__Vdedup0'
    1 | package prim_reg_pkg;
      |         ^~~~~~~~~~~~
%Warning-DECLFILENAME: ips/prim/prim_rrarbiter.sv:36:8: Filename 'prim_rrarbiter' does not match MODULE name: 'rrarbiter'
   36 | module rrarbiter #(
      |        ^~~~~~~~~
%Warning-PINCONNECTEMPTY: ips/prim/prim_rrarbiter.sv:110:10: Cell pin connected by name with empty reference: 'empty_o'
  110 |         .empty_o (               )
      |          ^~~~~~~
                          ... For warning description see https://verilator.org/warn/PINCONNECTEMPTY?v=5.036
                          ... Use "/* verilator lint_off PINCONNECTEMPTY */" and lint_on around source to disable this message.
%Warning-PINCONNECTEMPTY: ips/prim_opentitan/prim_fifo_sync_cnt.sv:87:8: Cell pin connected by name with empty reference: 'cnt_after_commit_o'
   87 |       .cnt_after_commit_o(),
      |        ^~~~~~~~~~~~~~~~~~
%Warning-PINCONNECTEMPTY: ips/prim_opentitan/prim_fifo_sync_cnt.sv:105:8: Cell pin connected by name with empty reference: 'cnt_after_commit_o'
  105 |       .cnt_after_commit_o(),
      |        ^~~~~~~~~~~~~~~~~~
%Warning-PINCONNECTEMPTY: ips/tlul/tlul_adapter_sram.sv:563:6: Cell pin connected by name with empty reference: 'full_o'
  563 |     .full_o  (),
      |      ^~~~~~
%Warning-PINCONNECTEMPTY: ips/tlul/tlul_adapter_sram.sv:564:6: Cell pin connected by name with empty reference: 'depth_o'
  564 |     .depth_o (),
      |      ^~~~~~~
%Warning-PINCONNECTEMPTY: ips/tlul/tlul_adapter_sram.sv:584:6: Cell pin connected by name with empty reference: 'rvalid_o'
  584 |     .rvalid_o(),
      |      ^~~~~~~~
%Warning-PINCONNECTEMPTY: ips/tlul/tlul_adapter_sram.sv:587:6: Cell pin connected by name with empty reference: 'full_o'
  587 |     .full_o  (),
      |      ^~~~~~
%Warning-PINCONNECTEMPTY: ips/tlul/tlul_adapter_sram.sv:588:6: Cell pin connected by name with empty reference: 'depth_o'
  588 |     .depth_o (),
      |      ^~~~~~~
%Warning-PINCONNECTEMPTY: ips/tlul/tlul_adapter_sram.sv:607:8: Cell pin connected by name with empty reference: 'rvalid_o'
  607 |       .rvalid_o(),
      |        ^~~~~~~~
%Warning-PINCONNECTEMPTY: ips/tlul/tlul_adapter_sram.sv:610:8: Cell pin connected by name with empty reference: 'full_o'
  610 |       .full_o  (),
      |        ^~~~~~
%Warning-PINCONNECTEMPTY: ips/tlul/tlul_adapter_sram.sv:611:8: Cell pin connected by name with empty reference: 'depth_o'
  611 |       .depth_o (),
      |        ^~~~~~~
%Warning-PINCONNECTEMPTY: ips/tlul/tlul_adapter_sram.sv:612:8: Cell pin connected by name with empty reference: 'err_o'
  612 |       .err_o   ()
      |        ^~~~~
%Warning-PINCONNECTEMPTY: ips/tlul/tlul_adapter_sram.sv:644:6: Cell pin connected by name with empty reference: 'full_o'
  644 |     .full_o  (),
      |      ^~~~~~
%Warning-PINCONNECTEMPTY: ips/tlul/tlul_adapter_sram.sv:645:6: Cell pin connected by name with empty reference: 'depth_o'
  645 |     .depth_o (),
      |      ^~~~~~~
%Warning-PINCONNECTEMPTY: ips/tlul/tlul_cmd_intg_chk.sv:26:6: Cell pin connected by name with empty reference: 'data_o'
   26 |     .data_o(),
      |      ^~~~~~
%Warning-PINCONNECTEMPTY: ips/tlul/tlul_cmd_intg_chk.sv:27:6: Cell pin connected by name with empty reference: 'syndrome_o'
   27 |     .syndrome_o(),
      |      ^~~~~~~~~~
%Warning-PINCONNECTEMPTY: ips/tlul/tlul_data_integ_dec.sv:20:6: Cell pin connected by name with empty reference: 'data_o'
   20 |     .data_o(),
      |      ^~~~~~
%Warning-PINCONNECTEMPTY: ips/tlul/tlul_data_integ_dec.sv:21:6: Cell pin connected by name with empty reference: 'syndrome_o'
   21 |     .syndrome_o(),
      |      ^~~~~~~~~~
%Warning-PINCONNECTEMPTY: ips/tlul/tlul_fifo_async.sv:57:6: Cell pin connected by name with empty reference: 'wdepth_o'
   57 |     .wdepth_o      (),
      |      ^~~~~~~~
%Warning-PINCONNECTEMPTY: ips/tlul/tlul_fifo_async.sv:58:6: Cell pin connected by name with empty reference: 'rdepth_o'
   58 |     .rdepth_o      ()
      |      ^~~~~~~~
%Warning-PINCONNECTEMPTY: ips/tlul/tlul_fifo_async.sv:94:6: Cell pin connected by name with empty reference: 'wdepth_o'
   94 |     .wdepth_o      (),
      |      ^~~~~~~~
%Warning-PINCONNECTEMPTY: ips/tlul/tlul_fifo_async.sv:95:6: Cell pin connected by name with empty reference: 'rdepth_o'
   95 |     .rdepth_o      ()
      |      ^~~~~~~~
%Warning-PINCONNECTEMPTY: ips/tlul/tlul_fifo_sync.sv:58:6: Cell pin connected by name with empty reference: 'full_o'
   58 |     .full_o        (),
      |      ^~~~~~
%Warning-PINCONNECTEMPTY: ips/tlul/tlul_fifo_sync.sv:59:6: Cell pin connected by name with empty reference: 'depth_o'
   59 |     .depth_o       (),
      |      ^~~~~~~
%Warning-PINCONNECTEMPTY: ips/tlul/tlul_fifo_sync.sv:60:6: Cell pin connected by name with empty reference: 'err_o'
   60 |     .err_o         ());
      |      ^~~~~
%Warning-PINCONNECTEMPTY: ips/tlul/tlul_fifo_sync.sv:93:6: Cell pin connected by name with empty reference: 'full_o'
   93 |     .full_o        (),
      |      ^~~~~~
%Warning-PINCONNECTEMPTY: ips/tlul/tlul_fifo_sync.sv:94:6: Cell pin connected by name with empty reference: 'depth_o'
   94 |     .depth_o       (),
      |      ^~~~~~~
%Warning-PINCONNECTEMPTY: ips/tlul/tlul_fifo_sync.sv:95:6: Cell pin connected by name with empty reference: 'err_o'
   95 |     .err_o         ());
      |      ^~~~~
%Warning-PINCONNECTEMPTY: ips/tlul/tlul_rsp_intg_chk.sv:27:6: Cell pin connected by name with empty reference: 'data_o'
   27 |     .data_o(),
      |      ^~~~~~
%Warning-PINCONNECTEMPTY: ips/tlul/tlul_rsp_intg_chk.sv:28:6: Cell pin connected by name with empty reference: 'syndrome_o'
   28 |     .syndrome_o(),
      |      ^~~~~~~~~~
%Warning-PINCONNECTEMPTY: ips/tlul/tlul_socket_1n.sv:99:6: Cell pin connected by name with empty reference: 'spare_rsp_o'
   99 |     .spare_rsp_o ());
      |      ^~~~~~~~~~~
%Warning-PINCONNECTEMPTY: ips/tlul/tlul_socket_1n.sv:222:8: Cell pin connected by name with empty reference: 'spare_req_o'
  222 |       .spare_req_o (),
      |        ^~~~~~~~~~~
%Warning-PINCONNECTEMPTY: ips/tlul/tlul_socket_1n.sv:224:8: Cell pin connected by name with empty reference: 'spare_rsp_o'
  224 |       .spare_rsp_o ());
      |        ^~~~~~~~~~~
%Warning-PINCONNECTEMPTY: ips/tlul/tlul_socket_m1.sv:135:8: Cell pin connected by name with empty reference: 'spare_req_o'
  135 |       .spare_req_o (),
      |        ^~~~~~~~~~~
%Warning-PINCONNECTEMPTY: ips/tlul/tlul_socket_m1.sv:137:8: Cell pin connected by name with empty reference: 'spare_rsp_o'
  137 |       .spare_rsp_o ()
      |        ^~~~~~~~~~~
%Warning-PINCONNECTEMPTY: ips/tlul/tlul_socket_m1.sv:156:6: Cell pin connected by name with empty reference: 'spare_req_o'
  156 |     .spare_req_o (),
      |      ^~~~~~~~~~~
%Warning-PINCONNECTEMPTY: ips/tlul/tlul_socket_m1.sv:158:6: Cell pin connected by name with empty reference: 'spare_rsp_o'
  158 |     .spare_rsp_o ()
      |      ^~~~~~~~~~~
%Warning-PINCONNECTEMPTY: ips/tlul/tlul_socket_m1.sv:179:8: Cell pin connected by name with empty reference: 'idx_o'
  179 |       .idx_o     (             ),
      |        ^~~~~
%Warning-PINCONNECTEMPTY: ips/tlul/tlul_socket_m1.sv:195:8: Cell pin connected by name with empty reference: 'idx_o'
  195 |       .idx_o     (             ),
      |        ^~~~~
%Warning-PINCONNECTEMPTY: ips/tlul/tlul_sram_byte.sv:531:8: Cell pin connected by name with empty reference: 'rvalid_o'
  531 |       .rvalid_o(),
      |        ^~~~~~~~
%Warning-PINCONNECTEMPTY: ips/tlul/tlul_sram_byte.sv:534:8: Cell pin connected by name with empty reference: 'full_o'
  534 |       .full_o(),
      |        ^~~~~~
%Warning-PINCONNECTEMPTY: ips/tlul/tlul_sram_byte.sv:535:8: Cell pin connected by name with empty reference: 'depth_o'
  535 |       .depth_o(),
      |        ^~~~~~~
%Warning-PINCONNECTEMPTY: ips/tlul/tlul_sram_byte.sv:536:8: Cell pin connected by name with empty reference: 'err_o'
  536 |       .err_o()
      |        ^~~~~
%Warning-PINCONNECTEMPTY: ips/tlul/tlul_sram_byte.sv:649:8: Cell pin connected by name with empty reference: 'rvalid_o'
  649 |       .rvalid_o(),
      |        ^~~~~~~~
%Warning-PINCONNECTEMPTY: ips/tlul/tlul_sram_byte.sv:652:8: Cell pin connected by name with empty reference: 'full_o'
  652 |       .full_o(),
      |        ^~~~~~
%Warning-PINCONNECTEMPTY: ips/tlul/tlul_sram_byte.sv:654:8: Cell pin connected by name with empty reference: 'err_o'
  654 |       .err_o()
      |        ^~~~~
%Warning-PINCONNECTEMPTY: rtl/fft_core_reg_top.sv:73:6: Cell pin connected by name with empty reference: 'intg_error_o'
   73 |     .intg_error_o(),
      |      ^~~~~~~~~~~~
%Warning-PINCONNECTEMPTY: rtl/fft_core_reg_top.sv:130:6: Cell pin connected by name with empty reference: 'qe'
  130 |     .qe     (),
      |      ^~
%Warning-PINCONNECTEMPTY: rtl/fft_core_reg_top.sv:132:6: Cell pin connected by name with empty reference: 'ds'
  132 |     .ds     (),
      |      ^~
%Warning-PINCONNECTEMPTY: rtl/fft_core_reg_top.sv:157:6: Cell pin connected by name with empty reference: 'qe'
  157 |     .qe     (),
      |      ^~
%Warning-PINCONNECTEMPTY: rtl/fft_core_reg_top.sv:159:6: Cell pin connected by name with empty reference: 'ds'
  159 |     .ds     (),
      |      ^~
%Warning-PINCONNECTEMPTY: rtl/fft_core_reg_top.sv:184:6: Cell pin connected by name with empty reference: 'qe'
  184 |     .qe     (),
      |      ^~
%Warning-PINCONNECTEMPTY: rtl/fft_core_reg_top.sv:186:6: Cell pin connected by name with empty reference: 'ds'
  186 |     .ds     (),
      |      ^~
%Warning-PINCONNECTEMPTY: rtl/fft_core_reg_top.sv:203:6: Cell pin connected by name with empty reference: 'qe'
  203 |     .qe     (),
      |      ^~
%Warning-PINCONNECTEMPTY: rtl/fft_core_reg_top.sv:205:6: Cell pin connected by name with empty reference: 'ds'
  205 |     .ds     (),
      |      ^~
%Warning-PINCONNECTEMPTY: rtl/fft_core_reg_top.sv:218:6: Cell pin connected by name with empty reference: 'qe'
  218 |     .qe     (),
      |      ^~
%Warning-PINCONNECTEMPTY: rtl/fft_core_reg_top.sv:220:6: Cell pin connected by name with empty reference: 'ds'
  220 |     .ds     (),
      |      ^~
%Warning-PINCONNECTEMPTY: rtl/fft_core_reg_top.sv:234:6: Cell pin connected by name with empty reference: 'qe'
  234 |     .qe     (),
      |      ^~
%Warning-PINCONNECTEMPTY: rtl/fft_core_reg_top.sv:236:6: Cell pin connected by name with empty reference: 'ds'
  236 |     .ds     (),
      |      ^~
%Warning-PINCONNECTEMPTY: rtl/fft_core_reg_top.sv:273:6: Cell pin connected by name with empty reference: 'ds'
  273 |     .ds     (),
      |      ^~
%Warning-PINCONNECTEMPTY: rtl/fft_core_reg_top.sv:276:6: Cell pin connected by name with empty reference: 'qs'
  276 |     .qs     ()
      |      ^~
%Warning-MULTITOP: ips/prim/prim_clk_div.sv:5:8: Multiple top level modules
                                               : ... Suggest see manual; fix the duplicates, or use --top-module to select top.
                   ... For warning description see https://verilator.org/warn/MULTITOP?v=5.036
                   ... Use "/* verilator lint_off MULTITOP */" and lint_on around source to disable this message.
                                               : ... Top module 'cdc_2phase'
    4 | module cdc_2phase #(
      |        ^~~~~~~~~~
                                               : ... Top module 'prim_clk_div'
    5 | module prim_clk_div #(
      |        ^~~~~~~~~~~~
                                               : ... Top module 'prim_clk_gate'
    1 | module prim_clk_gate (
      |        ^~~~~~~~~~~~~
                                               : ... Top module 'prim_counter'
    1 | module prim_counter #(
      |        ^~~~~~~~~~~~
                                               : ... Top module 'prim_deglitch'
    6 | module prim_deglitch #(
      |        ^~~~~~~~~~~~~
                                               : ... Top module 'prim_edge_detect'
    1 | module prim_edge_detect (
      |        ^~~~~~~~~~~~~~~~
                                               : ... Top module 'prim_fifo'
    1 | module prim_fifo #(
      |        ^~~~~~~~~
                                               : ... Top module 'gray_to_binary'
    1 | module gray_to_binary #(
      |        ^~~~~~~~~~~~~~
                                               : ... Top module 'prim_lifo'
    1 | module prim_lifo #(
      |        ^~~~~~~~~
                                               : ... Top module 'prim_reg'
    1 | module prim_reg
      |        ^~~~~~~~
                                               : ... Top module 'prim_rom'
    1 | module prim_rom #(
      |        ^~~~~~~~
                                               : ... Top module 'rrarbiter'
   36 | module rrarbiter #(
      |        ^~~~~~~~~
                                               : ... Top module 'prim_shreg'
    1 | module prim_shreg #(
      |        ^~~~~~~~~~
                                               : ... Top module 'prim_cdc_rand_delay'
   17 | module prim_cdc_rand_delay #(
      |        ^~~~~~~~~~~~~~~~~~~
                                               : ... Top module 'prim_fifo_async_simple'
    8 | module prim_fifo_async_simple #(
      |        ^~~~~~~~~~~~~~~~~~~~~~
                                               : ... Top module 'prim_fifo_async_sram_adapter'
    9 | module prim_fifo_async_sram_adapter #(
      |        ^~~~~~~~~~~~~~~~~~~~~~~~~~~~
                                               : ... Top module 'prim_filter'
   13 | module prim_filter #(
      |        ^~~~~~~~~~~
                                               : ... Top module 'prim_filter_ctr'
   15 | module prim_filter_ctr #(
      |        ^~~~~~~~~~~~~~~
                                               : ... Top module 'sram2tlul'
   12 | module sram2tlul #(
      |        ^~~~~~~~~
                                               : ... Top module 'tlul_adapter_host'
   24 | module tlul_adapter_host
      |        ^~~~~~~~~~~~~~~~~
                                               : ... Top module 'tlul_adapter_sram'
   20 | module tlul_adapter_sram
      |        ^~~~~~~~~~~~~~~~~
                                               : ... Top module 'tlul_assert_multiple'
    7 | module tlul_assert_multiple #(
      |        ^~~~~~~~~~~~~~~~~~~~
                                               : ... Top module 'tlul_fifo_async'
   11 | module tlul_fifo_async #(
      |        ^~~~~~~~~~~~~~~
                                               : ... Top module 'tlul_socket_1n'
   44 | module tlul_socket_1n #(
      |        ^~~~~~~~~~~~~~
                                               : ... Top module 'tlul_socket_m1'
   25 | module tlul_socket_m1 #(
      |        ^~~~~~~~~~~~~~
                                               : ... Top module 'twiddle_rom'
    1 | module twiddle_rom #(
      |        ^~~~~~~~~~~
                                               : ... Top module 'twiddle_rom_1024'
    1 | module twiddle_rom_1024 #(
      |        ^~~~~~~~~~~~~~~~
                                               : ... Top module 'twiddle_rom_16'
    1 | module twiddle_rom_16 #(
      |        ^~~~~~~~~~~~~~
                                               : ... Top module 'twiddle_rom_256'
    1 | module twiddle_rom_256 #(
      |        ^~~~~~~~~~~~~~~
                                               : ... Top module 'twiddle_rom_64'
    1 | module twiddle_rom_64 #(
      |        ^~~~~~~~~~~~~~
                                               : ... Top module 'fft_core_reg_top'
   10 | module fft_core_reg_top
      |        ^~~~~~~~~~~~~~~~
                                               : ... Top module 'fft_core'
    1 | module fft_core 
      |        ^~~~~~~~
%Warning-GENUNNAMED: ips/prim/prim_gray2bin.sv:7:5: Unnamed generate block 'genblk1' (IEEE 1800-2023 27.6)
                                                  : ... Suggest assign a label with 'begin : gen_<label_name>'
    7 |     for (genvar i = 0; i < N; i++)
      |     ^~~
                     ... For warning description see https://verilator.org/warn/GENUNNAMED?v=5.036
                     ... Use "/* verilator lint_off GENUNNAMED */" and lint_on around source to disable this message.
%Warning-GENUNNAMED: ips/prim/prim_rrarbiter.sv:77:12: Unnamed generate block 'genblk1' (IEEE 1800-2023 27.6)
                                                     : ... Suggest assign a label with 'begin : gen_<label_name>'
   77 |   end else begin
      |            ^~~~~
%Warning-GENUNNAMED: ips/prim/prim_rrarbiter.sv:90:12: Unnamed generate block 'genblk2' (IEEE 1800-2023 27.6)
                                                     : ... Suggest assign a label with 'begin : gen_<label_name>'
   90 |   end else begin
      |            ^~~~~
%Warning-GENUNNAMED: ips/prim/prim_lzc.sv:54:30: Unnamed generate block 'genblk1' (IEEE 1800-2023 27.6)
                                               : ... Suggest assign a label with 'begin : gen_<label_name>'
   54 |         if (k * 2 < WIDTH-1) begin
      |                              ^~~~~
%Warning-GENUNNAMED: ips/prim/prim_lzc.sv:60:31: Unnamed generate block 'genblk2' (IEEE 1800-2023 27.6)
                                               : ... Suggest assign a label with 'begin : gen_<label_name>'
   60 |         if (k * 2 == WIDTH-1) begin
      |                               ^~~~~
%Warning-GENUNNAMED: ips/prim/prim_lzc.sv:65:30: Unnamed generate block 'genblk3' (IEEE 1800-2023 27.6)
                                               : ... Suggest assign a label with 'begin : gen_<label_name>'
   65 |         if (k * 2 > WIDTH-1) begin
      |                              ^~~~~
%Warning-GENUNNAMED: ips/prim/prim_lzc.sv:70:14: Unnamed generate block 'genblk1' (IEEE 1800-2023 27.6)
                                               : ... Suggest assign a label with 'begin : gen_<label_name>'
   70 |     end else begin
      |              ^~~~~
%Warning-VARHIDDEN: rtl/fft_core_reg_top.sv:26:18: Declaration of signal hides declaration in upper scope: 'AW'
   26 |   localparam int AW = 4;
      |                  ^~
                    rtl/fft_core_reg_pkg.sv:11:17: ... Location of original declaration
   11 |   parameter int AW = BlockAw;
      |                 ^~
                    ... For warning description see https://verilator.org/warn/VARHIDDEN?v=5.036
                    ... Use "/* verilator lint_off VARHIDDEN */" and lint_on around source to disable this message.
%Warning-VARHIDDEN: rtl/fft_core_reg_top.sv:27:18: Declaration of signal hides declaration in upper scope: 'DW'
   27 |   localparam int DW = 32;
      |                  ^~
                    rtl/fft_core_reg_pkg.sv:12:17: ... Location of original declaration
   12 |   parameter int DW = 32;
      |                 ^~
%Warning-VARHIDDEN: rtl/fft_core_reg_top.sv:28:18: Declaration of signal hides declaration in upper scope: 'DBW'
   28 |   localparam int DBW = DW/8;                     
      |                  ^~~
                    rtl/fft_core_reg_pkg.sv:13:17: ... Location of original declaration
   13 |   parameter int DBW = DW/8;                     
      |                 ^~~
%Warning-IMPLICIT: rtl/fft_core.sv:154:15: Signal definition not found, creating implicitly: 'wr_mem_w'
                                         : ... Suggested alternative: 'we_mem_w'
  154 |     .wr_mem_o(wr_mem_w),
      |               ^~~~~~~~
                   ... For warning description see https://verilator.org/warn/IMPLICIT?v=5.036
                   ... Use "/* verilator lint_off IMPLICIT */" and lint_on around source to disable this message.
%Warning-WIDTHTRUNC: ips/prim/prim_rrarbiter.sv:84:23: Logical operator LOGNOT expects 1 bit on the LHS, but LHS's VARREF 'LOCK_IN' generates 32 bits.
                                                     : ... note: In instance 'rrarbiter'
   84 |   if (NUM_REQ == 2 && !LOCK_IN) begin : g_rrlogic
      |                       ^
                     ... For warning description see https://verilator.org/warn/WIDTHTRUNC?v=5.036
                     ... Use "/* verilator lint_off WIDTHTRUNC */" and lint_on around source to disable this message.
%Warning-WIDTHTRUNC: ips/prim/prim_rrarbiter.sv:121:50: Logical operator LOGOR expects 1 bit on the RHS, but RHS's VARREF 'LOCK_IN' generates 32 bits.
                                                      : ... note: In instance 'rrarbiter'
  121 |   for (genvar k=0; (k < NUM_REQ) && (NUM_REQ > 2 || LOCK_IN); k++) begin : g_mask
      |                                                  ^~
%Warning-WIDTHEXPAND: ips/tlul/tlul_fifo_sync.sv:12:26: Operator VAR 'ReqDepth' expects 32 bits on the Initial value, but Initial value's CONST '4'h1' generates 4 bits.
                                                      : ... note: In instance 'tlul_socket_1n.fifo_h'
   12 |   parameter int unsigned ReqDepth = 2,
      |                          ^~~~~~~~
                      ... For warning description see https://verilator.org/warn/WIDTHEXPAND?v=5.036
                      ... Use "/* verilator lint_off WIDTHEXPAND */" and lint_on around source to disable this message.
%Warning-WIDTHEXPAND: ips/tlul/tlul_fifo_sync.sv:13:26: Operator VAR 'RspDepth' expects 32 bits on the Initial value, but Initial value's CONST '4'h1' generates 4 bits.
                                                      : ... note: In instance 'tlul_socket_1n.fifo_h'
   13 |   parameter int unsigned RspDepth = 2,
      |                          ^~~~~~~~
%Warning-WIDTHTRUNC: ips/prim_opentitan/prim_flop.sv:9:31: Operator VAR 'ResetValue' expects 1 bits on the Initial value, but Initial value's CONST '3'h0' generates 3 bits.
                                                         : ... note: In instance 'tlul_fifo_async.rspfifo.sync_rptr.u_sync_2'
    9 |   parameter logic [Width-1:0] ResetValue = 0
      |                               ^~~~~~~~~~
%Warning-WIDTHEXPAND: ips/prim_opentitan/prim_flop.sv:19:11: Operator ASSIGNDLY expects 3 bits on the Assign RHS, but Assign RHS's VARREF 'ResetValue' generates 1 bits.
                                                           : ... note: In instance 'tlul_fifo_async.rspfifo.sync_rptr.u_sync_2'
   19 |       q_o <= ResetValue;
      |           ^~
%Warning-WIDTHTRUNC: ips/prim_opentitan/prim_flop.sv:9:31: Operator VAR 'ResetValue' expects 1 bits on the Initial value, but Initial value's CONST '5'h0' generates 5 bits.
                                                         : ... note: In instance 'prim_fifo_async_sram_adapter.u_sync_rptr_gray.u_sync_2'
    9 |   parameter logic [Width-1:0] ResetValue = 0
      |                               ^~~~~~~~~~
%Warning-WIDTHEXPAND: ips/prim_opentitan/prim_flop.sv:19:11: Operator ASSIGNDLY expects 5 bits on the Assign RHS, but Assign RHS's VARREF 'ResetValue' generates 1 bits.
                                                           : ... note: In instance 'prim_fifo_async_sram_adapter.u_sync_rptr_gray.u_sync_2'
   19 |       q_o <= ResetValue;
      |           ^~
%Warning-WIDTHEXPAND: rtl/twiddle_rom_8.sv:26:16: Bit extraction of array[7:0] requires 3 bit index, not 2 bits.
                                                : ... note: In instance 'fft_core.tw_rom'
   26 |     re = rom_re[addr];
      |                ^
%Warning-WIDTHEXPAND: rtl/twiddle_rom_8.sv:27:16: Bit extraction of array[7:0] requires 3 bit index, not 2 bits.
                                                : ... note: In instance 'fft_core.tw_rom'
   27 |     im = rom_im[addr];
      |                ^
%Warning-WIDTHTRUNC: ips/prim/prim_lzc.sv:44:24: Logical operator COND expects 1 bit on the Conditional Test, but Conditional Test's VARREF 'MODE' generates 32 bits.
                                               : ... note: In instance 'rrarbiter.genblk2.i_upper_ff1'
   44 |   assign in_tmp = MODE ? {<<{in_i}} : in_i;
      |                        ^
%Warning-WIDTHEXPAND: rtl/fft_core.sv:146:36: Operator EQ expects 32 bits on the LHS, but LHS's VARREF 'counter_samples' generates 4 bits.
                                            : ... note: In instance 'fft_core'
  146 |     .end_samples_i(counter_samples == FFT_SIZE-1),
      |                                    ^~
%Warning-WIDTHEXPAND: rtl/fft_core.sv:161:35: Operator EQ expects 32 bits on the LHS, but LHS's VARREF 'stage_count' generates 4 bits.
                                            : ... note: In instance 'fft_core'
  161 |   assign end_algo_w = (stage_count==LOG2_FFT_SIZE);
      |                                   ^~
%Warning-WIDTHEXPAND: rtl/fft_core.sv:181:33: Operator SUB expects 32 bits on the RHS, but RHS's VARREF 'stage_count' generates 4 bits.
                                            : ... note: In instance 'fft_core'
  181 |     n_rst = n >> (LOG2_FFT_SIZE - stage_count);
      |                                 ^
%Warning-WIDTHEXPAND: rtl/fft_core.sv:183:49: Operator EQ expects 32 bits on the LHS, but LHS's VARREF 'butterfly_count' generates 4 bits.
                                            : ... note: In instance 'fft_core'
  183 |   assign rst_butterfly_count = (butterfly_count == n_rst-1) && (state_w==WRITE_RESULT_1);
      |                                                 ^~
%Warning-WIDTHEXPAND: rtl/fft_core.sv:198:41: Operator EQ expects 32 bits on the LHS, but LHS's VARREF 'group_count' generates 4 bits.
                                            : ... note: In instance 'fft_core'
  198 |   assign rst_group_count = (group_count == groups-1) && 
      |                                         ^~
%Warning-WIDTHEXPAND: rtl/fft_core.sv:231:19: Operator ADD expects 32 bits on the LHS, but LHS's VARREF 'u_idx' generates 4 bits.
                                            : ... note: In instance 'fft_core'
  231 |     v_idx = u_idx + d;
      |                   ^
%Warning-WIDTHTRUNC: rtl/fft_core.sv:231:11: Operator ASSIGN expects 4 bits on the Assign RHS, but Assign RHS's ADD generates 32 bits.
                                           : ... note: In instance 'fft_core'
  231 |     v_idx = u_idx + d;
      |           ^
%Warning-WIDTHEXPAND: rtl/fft_core.sv:232:62: Operator ADD expects 32 bits on the LHS, but LHS's VARREF 'stage_count' generates 4 bits.
                                            : ... note: In instance 'fft_core'
  232 |     w_idx = butterfly_count << (LOG2_FFT_SIZE - (stage_count + 1));      
      |                                                              ^
%Warning-WIDTHTRUNC: rtl/fft_core.sv:255:6: Input port connection 'addr' expects 2 bits on the pin connection, but pin connection's VARREF 'twiddle_addr' generates 4 bits.
                                          : ... note: In instance 'fft_core'
  255 |     .addr(twiddle_addr),
      |      ^~~~
%Warning-WIDTHEXPAND: rtl/fft_core.sv:320:28: Operator SHIFTL expects 32 bits on the LHS, but LHS's SEL generates 16 bits.
                                            : ... note: In instance 'fft_core'
  320 |   assign u_ext.re = u_q.re <<< 15;
      |                            ^~~
%Warning-WIDTHEXPAND: rtl/fft_core.sv:321:28: Operator SHIFTL expects 32 bits on the LHS, but LHS's SEL generates 16 bits.
                                            : ... note: In instance 'fft_core'
  321 |   assign u_ext.im = u_q.im <<< 15;
      |                            ^~~
%Warning-WIDTHEXPAND: rtl/fft_core.sv:397:26: Operator FUNCREF 'bit_reverse' expects 32 bits on the Function Argument, but Function Argument's VARREF 'counter_samples' generates 4 bits.
                                            : ... note: In instance 'fft_core'
  397 |   assign reversed_addr = bit_reverse(counter_samples, LOG2_FFT_SIZE);
      |                          ^~~~~~~~~~~
%Warning-WIDTHTRUNC: rtl/fft_core.sv:397:24: Operator ASSIGNW expects 4 bits on the Assign RHS, but Assign RHS's FUNCREF 'bit_reverse' generates 32 bits.
                                           : ... note: In instance 'fft_core'
  397 |   assign reversed_addr = bit_reverse(counter_samples, LOG2_FFT_SIZE);
      |                        ^
%Warning-WIDTHEXPAND: ips/prim/prim_rrarbiter.sv:117:35: Operator LT expects 32 bits on the LHS, but LHS's VARREF 'next_idx' generates 4 bits.
                                                       : ... note: In instance 'rrarbiter'
  117 |                         (next_idx < NUM_REQ) ? next_idx       :
      |                                   ^
%Warning-WIDTHEXPAND: ips/prim/prim_rrarbiter.sv:116:46: Operator COND expects 32 bits on the Conditional True, but Conditional True's VARREF 'arb_sel_lock_q' generates 4 bits.
                                                       : ... note: In instance 'rrarbiter'
  116 |     assign arb_sel_d  = (lock_q)             ? arb_sel_lock_q :
      |                                              ^
%Warning-WIDTHEXPAND: ips/prim/prim_rrarbiter.sv:117:46: Operator COND expects 32 bits on the Conditional True, but Conditional True's VARREF 'next_idx' generates 4 bits.
                                                       : ... note: In instance 'rrarbiter'
  117 |                         (next_idx < NUM_REQ) ? next_idx       :
      |                                              ^
%Warning-WIDTHTRUNC: ips/prim/prim_rrarbiter.sv:116:23: Operator ASSIGNW expects 4 bits on the Assign RHS, but Assign RHS's COND generates 32 bits.
                                                      : ... note: In instance 'rrarbiter'
  116 |     assign arb_sel_d  = (lock_q)             ? arb_sel_lock_q :
      |                       ^
%Warning-WIDTHTRUNC: ips/prim/prim_rrarbiter.sv:122:28: Operator ASSIGNW expects 13 bits on the Assign RHS, but Assign RHS's UNSIGNED generates 32 bits.
                                                      : ... note: In instance 'rrarbiter'
  122 |     assign mask_lut[k]     = unsigned'(2**(k+1)-1);
      |                            ^
%Warning-WIDTHEXPAND: ips/prim/prim_counter.sv:33:21: Operator ASSIGN expects 5 bits on the Assign RHS, but Assign RHS's REPLICATE generates 4 bits.
                                                    : ... note: In instance 'prim_counter'
   33 |             count_d = {Width{1'b0}};
      |                     ^
%Warning-WIDTHEXPAND: ips/prim/prim_counter.sv:35:21: Operator ASSIGN expects 5 bits on the Assign RHS, but Assign RHS's REPLICATE generates 4 bits.
                                                    : ... note: In instance 'prim_counter'
   35 |             count_d = {Width{1'b1}};
      |                     ^
%Warning-ASCRANGE: ips/prim/prim_gray2bin.sv:4:18: Ascending bit range vector: left < right of bit range: [-2:0]
                                                 : ... note: In instance 'gray_to_binary'
    4 |     input  logic [N-1:0] A,
      |                  ^
                   ... For warning description see https://verilator.org/warn/ASCRANGE?v=5.036
                   ... Use "/* verilator lint_off ASCRANGE */" and lint_on around source to disable this message.
%Warning-ASCRANGE: ips/prim/prim_gray2bin.sv:5:18: Ascending bit range vector: left < right of bit range: [-2:0]
                                                 : ... note: In instance 'gray_to_binary'
    5 |     output logic [N-1:0] Z
      |                  ^
%Warning-ALWCOMBORDER: ips/prim_opentitan/prim_arbiter_ppc.sv:84:9: Always_comb variable driven after use: 'ppc_out'
                                                                  : ... note: In instance 'tlul_socket_m1.gen_arb_ppc.u_reqarb'
   84 |         ppc_out[i] = ppc_out[i-1] | arb_req[i];
      |         ^~~~~~~
                       ... For warning description see https://verilator.org/warn/ALWCOMBORDER?v=5.036
                       ... Use "/* verilator lint_off ALWCOMBORDER */" and lint_on around source to disable this message.
%Warning-UNUSEDSIGNAL: ips/prim/prim_gray2bin.sv:4:26: Signal is not used: 'A'
                                                     : ... note: In instance 'gray_to_binary'
    4 |     input  logic [N-1:0] A,
      |                          ^
                       ... For warning description see https://verilator.org/warn/UNUSEDSIGNAL?v=5.036
                       ... Use "/* verilator lint_off UNUSEDSIGNAL */" and lint_on around source to disable this message.
%Warning-UNDRIVEN: ips/prim/prim_gray2bin.sv:5:26: Signal is not driven: 'Z'
                                                 : ... note: In instance 'gray_to_binary'
    5 |     output logic [N-1:0] Z
      |                          ^
                   ... For warning description see https://verilator.org/warn/UNDRIVEN?v=5.036
                   ... Use "/* verilator lint_off UNDRIVEN */" and lint_on around source to disable this message.
%Warning-UNUSEDPARAM: ips/prim_opentitan/prim_cdc_rand_delay.sv:19:19: Parameter is not used: 'Enable'
                                                                     : ... note: In instance 'prim_cdc_rand_delay'
   19 |     parameter bit Enable = 1
      |                   ^~~~~~
                      ... For warning description see https://verilator.org/warn/UNUSEDPARAM?v=5.036
                      ... Use "/* verilator lint_off UNUSEDPARAM */" and lint_on around source to disable this message.
%Warning-UNUSEDSIGNAL: ips/prim_opentitan/prim_cdc_rand_delay.sv:23:35: Signal is not used: 'prev_data_i'
                                                                      : ... note: In instance 'prim_cdc_rand_delay'
   23 |     input logic [DataWidth-1:0]   prev_data_i,
      |                                   ^~~~~~~~~~~
%Warning-UNUSEDSIGNAL: ips/prim/prim_counter.sv:19:21: Signal is not driven, nor used: 'cnt_sat'
                                                     : ... note: In instance 'prim_counter'
   19 |   logic [Width-1:0] cnt_sat;
      |                     ^~~~~~~
%Warning-UNUSEDSIGNAL: ips/prim/prim_edge_detect.sv:4:16: Signal is not used: 'en_i'
                                                        : ... note: In instance 'prim_edge_detect'
    4 |   input  logic en_i,
      |                ^~~~
%Warning-UNUSEDSIGNAL: ips/tlul/sram2tlul.sv:17:9: Signal is not used: 'clk_i'
                                                 : ... note: In instance 'sram2tlul'
   17 |   input clk_i,
      |         ^~~~~
%Warning-UNUSEDSIGNAL: ips/tlul/sram2tlul.sv:18:9: Signal is not used: 'rst_ni'
                                                 : ... note: In instance 'sram2tlul'
   18 |   input rst_ni,
      |         ^~~~~~
%Warning-UNUSEDSIGNAL: ips/tlul/sram2tlul.sv:21:29: Bits of signal are not used: 'tl_i'[61:48,15:2,0]
                                                  : ... note: In instance 'sram2tlul'
   21 |   input  tlul_pkg::tl_d2h_t tl_i,
      |                             ^~~~
%Warning-UNUSEDSIGNAL: ips/tlul/tlul_adapter_sram.sv:267:25: Signal is not used: 'rspfifo_wready'
                                                           : ... note: In instance 'tlul_adapter_sram'
  267 |   logic rspfifo_wvalid, rspfifo_wready;
      |                         ^~~~~~~~~~~~~~
%Warning-UNUSEDSIGNAL: ips/tlul/tlul_socket_1n.sv:175:22: Bits of signal are not used: 'tl_t_p'[0]
                                                        : ... note: In instance 'tlul_socket_1n'
  175 |   tlul_pkg::tl_d2h_t tl_t_p ;
      |                      ^~~~~~
%Warning-UNUSEDSIGNAL: ips/tlul/tlul_socket_m1.sv:86:22: Bits of signal are not used: 'arb_data'[108,0]
                                                       : ... note: In instance 'tlul_socket_m1'
   86 |   tlul_pkg::tl_h2d_t arb_data;
      |                      ^~~~~~~~
%Warning-UNUSEDPARAM: rtl/fft_core.sv:6:17: Parameter is not used: 'ASYNC'
                                          : ... note: In instance 'fft_core'
    6 |   parameter bit ASYNC = 0
      |                 ^~~~~
%Warning-UNUSEDSIGNAL: rtl/fft_core.sv:21:42: Signal is not used: 'fft_out_ready_i'
                                            : ... note: In instance 'fft_core'
   21 |   input  logic                           fft_out_ready_i
      |                                          ^~~~~~~~~~~~~~~
%Warning-UNUSEDSIGNAL: rtl/fft_core.sv:95:29: Signal is not used: 'sample_pair_valid'
                                            : ... note: In instance 'fft_core'
   95 |   logic                     sample_pair_valid;
      |                             ^~~~~~~~~~~~~~~~~
%Warning-UNUSEDSIGNAL: rtl/fft_core.sv:108:16: Signal is not used: 'm'
                                             : ... note: In instance 'fft_core'
  108 |   logic [31:0] m, d, groups;
      |                ^
%Warning-UNUSEDSIGNAL: rtl/fft_core.sv:121:9: Signal is not driven, nor used: 'mem_in_valid_0'
                                            : ... note: In instance 'fft_core'
  121 |   logic mem_in_valid_0, mem_in_ready_0;
      |         ^~~~~~~~~~~~~~
%Warning-UNUSEDSIGNAL: rtl/fft_core.sv:121:25: Signal is not driven, nor used: 'mem_in_ready_0'
                                             : ... note: In instance 'fft_core'
  121 |   logic mem_in_valid_0, mem_in_ready_0;
      |                         ^~~~~~~~~~~~~~
%Warning-UNUSEDSIGNAL: rtl/fft_core.sv:122:9: Signal is not driven, nor used: 'mem_out_valid_0'
                                            : ... note: In instance 'fft_core'
  122 |   logic mem_out_valid_0, mem_out_ready_0;
      |         ^~~~~~~~~~~~~~~
%Warning-UNUSEDSIGNAL: rtl/fft_core.sv:122:26: Signal is not used: 'mem_out_ready_0'
                                             : ... note: In instance 'fft_core'
  122 |   logic mem_out_valid_0, mem_out_ready_0;
      |                          ^~~~~~~~~~~~~~~
%Warning-UNUSEDSIGNAL: rtl/fft_core.sv:128:9: Signal is not driven, nor used: 'mem_in_valid_1'
                                            : ... note: In instance 'fft_core'
  128 |   logic mem_in_valid_1, mem_in_ready_1;
      |         ^~~~~~~~~~~~~~
%Warning-UNUSEDSIGNAL: rtl/fft_core.sv:128:25: Signal is not driven, nor used: 'mem_in_ready_1'
                                             : ... note: In instance 'fft_core'
  128 |   logic mem_in_valid_1, mem_in_ready_1;
      |                         ^~~~~~~~~~~~~~
%Warning-UNUSEDSIGNAL: rtl/fft_core.sv:129:9: Signal is not driven, nor used: 'mem_out_valid_1'
                                            : ... note: In instance 'fft_core'
  129 |   logic mem_out_valid_1, mem_out_ready_1;
      |         ^~~~~~~~~~~~~~~
%Warning-UNUSEDSIGNAL: rtl/fft_core.sv:129:26: Signal is not used: 'mem_out_ready_1'
                                             : ... note: In instance 'fft_core'
  129 |   logic mem_out_valid_1, mem_out_ready_1;
      |                          ^~~~~~~~~~~~~~~
%Warning-UNUSEDSIGNAL: rtl/fft_core.sv:137:45: Signal is not driven, nor used: 'we_mem_w'
                                             : ... note: In instance 'fft_core'
  137 |   logic en_cnt_samples, end_algo_w, done_w, we_mem_w, read_ram_w;
      |                                             ^~~~~~~~
%Warning-UNUSEDSIGNAL: rtl/fft_core.sv:245:29: Bits of signal are not used: 'twiddle_addr'[3:2]
                                             : ... note: In instance 'fft_core'
  245 |   logic [LOG2_FFT_SIZE-1:0] twiddle_addr;
      |                             ^~~~~~~~~~~~
%Warning-UNUSEDPARAM: ips/pkgs/top_pkg.sv:13:16: Parameter is not used: 'TL_AUW'
                                               : ... note: In instance 'fft_core'
   13 | localparam int TL_AUW=21;    
      |                ^~~~~~
%Warning-UNUSEDPARAM: ips/pkgs/top_pkg.sv:14:16: Parameter is not used: 'TL_DUW'
                                               : ... note: In instance 'fft_core'
   14 | localparam int TL_DUW=14;    
      |                ^~~~~~
%Warning-UNUSEDPARAM: ips/pkgs/top_pkg.sv:21:16: Parameter is not used: 'SecVolatileRawUnlockEn'
                                               : ... note: In instance 'fft_core'
   21 | localparam int SecVolatileRawUnlockEn = 0;
      |                ^~~~~~~~~~~~~~~~~~~~~~
%Warning-UNUSEDPARAM: ips/pkgs/prim_secded_pkg.sv:81:25: Parameter is not used: 'Secded2216ZeroEcc'
                                                       : ... note: In instance 'fft_core'
   81 |   parameter logic [5:0] Secded2216ZeroEcc = 6'h0;
      |                         ^~~~~~~~~~~~~~~~~
%Warning-UNUSEDPARAM: ips/pkgs/prim_secded_pkg.sv:82:26: Parameter is not used: 'Secded2216ZeroWord'
                                                       : ... note: In instance 'fft_core'
   82 |   parameter logic [21:0] Secded2216ZeroWord = 22'h0;
      |                          ^~~~~~~~~~~~~~~~~~
%Warning-UNUSEDPARAM: ips/pkgs/prim_secded_pkg.sv:90:25: Parameter is not used: 'Secded2822ZeroEcc'
                                                       : ... note: In instance 'fft_core'
   90 |   parameter logic [5:0] Secded2822ZeroEcc = 6'h0;
      |                         ^~~~~~~~~~~~~~~~~
%Warning-UNUSEDPARAM: ips/pkgs/prim_secded_pkg.sv:91:26: Parameter is not used: 'Secded2822ZeroWord'
                                                       : ... note: In instance 'fft_core'
   91 |   parameter logic [27:0] Secded2822ZeroWord = 28'h0;
      |                          ^~~~~~~~~~~~~~~~~~
%Warning-UNUSEDPARAM: ips/pkgs/prim_secded_pkg.sv:99:25: Parameter is not used: 'Secded3932ZeroEcc'
                                                       : ... note: In instance 'fft_core'
   99 |   parameter logic [6:0] Secded3932ZeroEcc = 7'h0;
      |                         ^~~~~~~~~~~~~~~~~
%Warning-UNUSEDPARAM: ips/pkgs/prim_secded_pkg.sv:100:26: Parameter is not used: 'Secded3932ZeroWord'
                                                        : ... note: In instance 'fft_core'
  100 |   parameter logic [38:0] Secded3932ZeroWord = 39'h0;
      |                          ^~~~~~~~~~~~~~~~~~
%Warning-UNUSEDPARAM: ips/pkgs/prim_secded_pkg.sv:108:25: Parameter is not used: 'Secded6457ZeroEcc'
                                                        : ... note: In instance 'fft_core'
  108 |   parameter logic [6:0] Secded6457ZeroEcc = 7'h0;
      |                         ^~~~~~~~~~~~~~~~~
%Warning-UNUSEDPARAM: ips/pkgs/prim_secded_pkg.sv:109:26: Parameter is not used: 'Secded6457ZeroWord'
                                                        : ... note: In instance 'fft_core'
  109 |   parameter logic [63:0] Secded6457ZeroWord = 64'h0;
      |                          ^~~~~~~~~~~~~~~~~~
%Warning-UNUSEDPARAM: ips/pkgs/prim_secded_pkg.sv:117:25: Parameter is not used: 'Secded7264ZeroEcc'
                                                        : ... note: In instance 'fft_core'
  117 |   parameter logic [7:0] Secded7264ZeroEcc = 8'h0;
      |                         ^~~~~~~~~~~~~~~~~
%Warning-UNUSEDPARAM: ips/pkgs/prim_secded_pkg.sv:118:26: Parameter is not used: 'Secded7264ZeroWord'
                                                        : ... note: In instance 'fft_core'
  118 |   parameter logic [71:0] Secded7264ZeroWord = 72'h0;
      |                          ^~~~~~~~~~~~~~~~~~
%Warning-UNUSEDPARAM: ips/pkgs/prim_secded_pkg.sv:126:25: Parameter is not used: 'SecdedHamming2216ZeroEcc'
                                                        : ... note: In instance 'fft_core'
  126 |   parameter logic [5:0] SecdedHamming2216ZeroEcc = 6'h0;
      |                         ^~~~~~~~~~~~~~~~~~~~~~~~
%Warning-UNUSEDPARAM: ips/pkgs/prim_secded_pkg.sv:127:26: Parameter is not used: 'SecdedHamming2216ZeroWord'
                                                        : ... note: In instance 'fft_core'
  127 |   parameter logic [21:0] SecdedHamming2216ZeroWord = 22'h0;
      |                          ^~~~~~~~~~~~~~~~~~~~~~~~~
%Warning-UNUSEDPARAM: ips/pkgs/prim_secded_pkg.sv:135:25: Parameter is not used: 'SecdedHamming3932ZeroEcc'
                                                        : ... note: In instance 'fft_core'
  135 |   parameter logic [6:0] SecdedHamming3932ZeroEcc = 7'h0;
      |                         ^~~~~~~~~~~~~~~~~~~~~~~~
%Warning-UNUSEDPARAM: ips/pkgs/prim_secded_pkg.sv:136:26: Parameter is not used: 'SecdedHamming3932ZeroWord'
                                                        : ... note: In instance 'fft_core'
  136 |   parameter logic [38:0] SecdedHamming3932ZeroWord = 39'h0;
      |                          ^~~~~~~~~~~~~~~~~~~~~~~~~
%Warning-UNUSEDPARAM: ips/pkgs/prim_secded_pkg.sv:144:25: Parameter is not used: 'SecdedHamming7264ZeroEcc'
                                                        : ... note: In instance 'fft_core'
  144 |   parameter logic [7:0] SecdedHamming7264ZeroEcc = 8'h0;
      |                         ^~~~~~~~~~~~~~~~~~~~~~~~
%Warning-UNUSEDPARAM: ips/pkgs/prim_secded_pkg.sv:145:26: Parameter is not used: 'SecdedHamming7264ZeroWord'
                                                        : ... note: In instance 'fft_core'
  145 |   parameter logic [71:0] SecdedHamming7264ZeroWord = 72'h0;
      |                          ^~~~~~~~~~~~~~~~~~~~~~~~~
%Warning-UNUSEDPARAM: ips/pkgs/prim_secded_pkg.sv:153:25: Parameter is not used: 'SecdedHamming7668ZeroEcc'
                                                        : ... note: In instance 'fft_core'
  153 |   parameter logic [7:0] SecdedHamming7668ZeroEcc = 8'h0;
      |                         ^~~~~~~~~~~~~~~~~~~~~~~~
%Warning-UNUSEDPARAM: ips/pkgs/prim_secded_pkg.sv:154:26: Parameter is not used: 'SecdedHamming7668ZeroWord'
                                                        : ... note: In instance 'fft_core'
  154 |   parameter logic [75:0] SecdedHamming7668ZeroWord = 76'h0;
      |                          ^~~~~~~~~~~~~~~~~~~~~~~~~
%Warning-UNUSEDPARAM: ips/pkgs/prim_secded_pkg.sv:162:25: Parameter is not used: 'SecdedInv2216ZeroEcc'
                                                        : ... note: In instance 'fft_core'
  162 |   parameter logic [5:0] SecdedInv2216ZeroEcc = 6'h2A;
      |                         ^~~~~~~~~~~~~~~~~~~~
%Warning-UNUSEDPARAM: ips/pkgs/prim_secded_pkg.sv:163:26: Parameter is not used: 'SecdedInv2216ZeroWord'
                                                        : ... note: In instance 'fft_core'
  163 |   parameter logic [21:0] SecdedInv2216ZeroWord = 22'h2A0000;
      |                          ^~~~~~~~~~~~~~~~~~~~~
%Warning-UNUSEDPARAM: ips/pkgs/prim_secded_pkg.sv:171:25: Parameter is not used: 'SecdedInv2822ZeroEcc'
                                                        : ... note: In instance 'fft_core'
  171 |   parameter logic [5:0] SecdedInv2822ZeroEcc = 6'h2A;
      |                         ^~~~~~~~~~~~~~~~~~~~
%Warning-UNUSEDPARAM: ips/pkgs/prim_secded_pkg.sv:172:26: Parameter is not used: 'SecdedInv2822ZeroWord'
                                                        : ... note: In instance 'fft_core'
  172 |   parameter logic [27:0] SecdedInv2822ZeroWord = 28'hA800000;
      |                          ^~~~~~~~~~~~~~~~~~~~~
%Warning-UNUSEDPARAM: ips/pkgs/prim_secded_pkg.sv:189:25: Parameter is not used: 'SecdedInv6457ZeroEcc'
                                                        : ... note: In instance 'fft_core'
  189 |   parameter logic [6:0] SecdedInv6457ZeroEcc = 7'h2A;
      |                         ^~~~~~~~~~~~~~~~~~~~
%Warning-UNUSEDPARAM: ips/pkgs/prim_secded_pkg.sv:190:26: Parameter is not used: 'SecdedInv6457ZeroWord'
                                                        : ... note: In instance 'fft_core'
  190 |   parameter logic [63:0] SecdedInv6457ZeroWord = 64'h5400000000000000;
      |                          ^~~~~~~~~~~~~~~~~~~~~
%Warning-UNUSEDPARAM: ips/pkgs/prim_secded_pkg.sv:198:25: Parameter is not used: 'SecdedInv7264ZeroEcc'
                                                        : ... note: In instance 'fft_core'
  198 |   parameter logic [7:0] SecdedInv7264ZeroEcc = 8'hAA;
      |                         ^~~~~~~~~~~~~~~~~~~~
%Warning-UNUSEDPARAM: ips/pkgs/prim_secded_pkg.sv:199:26: Parameter is not used: 'SecdedInv7264ZeroWord'
                                                        : ... note: In instance 'fft_core'
  199 |   parameter logic [71:0] SecdedInv7264ZeroWord = 72'hAA0000000000000000;
      |                          ^~~~~~~~~~~~~~~~~~~~~
%Warning-UNUSEDPARAM: ips/pkgs/prim_secded_pkg.sv:207:25: Parameter is not used: 'SecdedInvHamming2216ZeroEcc'
                                                        : ... note: In instance 'fft_core'
  207 |   parameter logic [5:0] SecdedInvHamming2216ZeroEcc = 6'h2A;
      |                         ^~~~~~~~~~~~~~~~~~~~~~~~~~~
%Warning-UNUSEDPARAM: ips/pkgs/prim_secded_pkg.sv:208:26: Parameter is not used: 'SecdedInvHamming2216ZeroWord'
                                                        : ... note: In instance 'fft_core'
  208 |   parameter logic [21:0] SecdedInvHamming2216ZeroWord = 22'h2A0000;
      |                          ^~~~~~~~~~~~~~~~~~~~~~~~~~~~
%Warning-UNUSEDPARAM: ips/pkgs/prim_secded_pkg.sv:216:25: Parameter is not used: 'SecdedInvHamming3932ZeroEcc'
                                                        : ... note: In instance 'fft_core'
  216 |   parameter logic [6:0] SecdedInvHamming3932ZeroEcc = 7'h2A;
      |                         ^~~~~~~~~~~~~~~~~~~~~~~~~~~
%Warning-UNUSEDPARAM: ips/pkgs/prim_secded_pkg.sv:217:26: Parameter is not used: 'SecdedInvHamming3932ZeroWord'
                                                        : ... note: In instance 'fft_core'
  217 |   parameter logic [38:0] SecdedInvHamming3932ZeroWord = 39'h2A00000000;
      |                          ^~~~~~~~~~~~~~~~~~~~~~~~~~~~
%Warning-UNUSEDPARAM: ips/pkgs/prim_secded_pkg.sv:225:25: Parameter is not used: 'SecdedInvHamming7264ZeroEcc'
                                                        : ... note: In instance 'fft_core'
  225 |   parameter logic [7:0] SecdedInvHamming7264ZeroEcc = 8'hAA;
      |                         ^~~~~~~~~~~~~~~~~~~~~~~~~~~
%Warning-UNUSEDPARAM: ips/pkgs/prim_secded_pkg.sv:226:26: Parameter is not used: 'SecdedInvHamming7264ZeroWord'
                                                        : ... note: In instance 'fft_core'
  226 |   parameter logic [71:0] SecdedInvHamming7264ZeroWord = 72'hAA0000000000000000;
      |                          ^~~~~~~~~~~~~~~~~~~~~~~~~~~~
%Warning-UNUSEDPARAM: ips/pkgs/prim_secded_pkg.sv:234:25: Parameter is not used: 'SecdedInvHamming7668ZeroEcc'
                                                        : ... note: In instance 'fft_core'
  234 |   parameter logic [7:0] SecdedInvHamming7668ZeroEcc = 8'hAA;
      |                         ^~~~~~~~~~~~~~~~~~~~~~~~~~~
%Warning-UNUSEDPARAM: ips/pkgs/prim_secded_pkg.sv:235:26: Parameter is not used: 'SecdedInvHamming7668ZeroWord'
                                                        : ... note: In instance 'fft_core'
  235 |   parameter logic [75:0] SecdedInvHamming7668ZeroWord = 76'hAA00000000000000000;
      |                          ^~~~~~~~~~~~~~~~~~~~~~~~~~~~
%Warning-UNUSEDPARAM: ips/tlul/tlul_assert.sv:11:13: Parameter is not used: 'EndpointType'
                                                   : ... note: In instance 'tlul_assert_multiple.gen_assert[1].tlul_assert'
   11 |   parameter EndpointType = "Device"  
      |             ^~~~~~~~~~~~
%Warning-UNUSEDSIGNAL: ips/tlul/tlul_assert.sv:13:9: Signal is not used: 'clk_i'
                                                   : ... note: In instance 'tlul_assert_multiple.gen_assert[1].tlul_assert'
   13 |   input clk_i,
      |         ^~~~~
%Warning-UNUSEDSIGNAL: ips/tlul/tlul_assert.sv:14:9: Signal is not used: 'rst_ni'
                                                   : ... note: In instance 'tlul_assert_multiple.gen_assert[1].tlul_assert'
   14 |   input rst_ni,
      |         ^~~~~~
%Warning-UNUSEDSIGNAL: ips/tlul/tlul_assert.sv:17:28: Signal is not used: 'h2d'
                                                    : ... note: In instance 'tlul_assert_multiple.gen_assert[1].tlul_assert'
   17 |   input tlul_pkg::tl_h2d_t h2d,
      |                            ^~~
%Warning-UNUSEDSIGNAL: ips/tlul/tlul_assert.sv:18:28: Signal is not used: 'd2h'
                                                    : ... note: In instance 'tlul_assert_multiple.gen_assert[1].tlul_assert'
   18 |   input tlul_pkg::tl_d2h_t d2h
      |                            ^~~
%Warning-UNUSEDPARAM: rtl/fft_core_reg_pkg.sv:86:25: Parameter is not used: 'FFT_CORE_STATUS_RESVAL'
                                                   : ... note: In instance 'fft_core.u_fft_fsm'
   86 |   parameter logic [1:0] FFT_CORE_STATUS_RESVAL = 2'h 0;
      |                         ^~~~~~~~~~~~~~~~~~~~~~
%Warning-UNUSEDPARAM: rtl/fft_core_reg_pkg.sv:87:25: Parameter is not used: 'FFT_CORE_RDATA_RESVAL'
                                                   : ... note: In instance 'fft_core.u_fft_fsm'
   87 |   parameter logic [7:0] FFT_CORE_RDATA_RESVAL = 8'h 0;
      |                         ^~~~~~~~~~~~~~~~~~~~~
%Warning-UNUSEDSIGNAL: ips/prim/prim_lzc.sv:38:46: Bits of signal are not driven, nor used: 'sel_nodes'[15]
                                                 : ... note: In instance 'rrarbiter.genblk2.i_upper_ff1'
   38 |   logic [2**NUM_LEVELS-1:0]                  sel_nodes;
      |                                              ^~~~~~~~~
%Warning-UNUSEDSIGNAL: ips/prim/prim_lzc.sv:39:46: Bits of signal are not driven, nor used: 'index_nodes'[63:60]
                                                 : ... note: In instance 'rrarbiter.genblk2.i_upper_ff1'
   39 |   logic [2**NUM_LEVELS-1:0][NUM_LEVELS-1:0]  index_nodes;
      |                                              ^~~~~~~~~~~
%Warning-UNUSEDSIGNAL: ips/tlul/tlul_sram_byte.sv:24:9: Signal is not used: 'clk_i'
                                                      : ... note: In instance 'tlul_adapter_sram.u_sram_byte'
   24 |   input clk_i,
      |         ^~~~~
%Warning-UNUSEDSIGNAL: ips/tlul/tlul_sram_byte.sv:25:9: Signal is not used: 'rst_ni'
                                                      : ... note: In instance 'tlul_adapter_sram.u_sram_byte'
   25 |   input rst_ni,
      |         ^~~~~~
%Warning-UNUSEDSIGNAL: ips/tlul/tlul_adapter_reg.sv:65:51: Signal is not used: 'instr_error'
                                                         : ... note: In instance 'fft_core_reg_top.u_reg_if'
   65 |   logic             error_q, error, err_internal, instr_error, intg_error;
      |                                                   ^~~~~~~~~~~
%Warning-UNUSEDSIGNAL: ips/tlul/tlul_adapter_reg.sv:65:64: Signal is not used: 'intg_error'
                                                         : ... note: In instance 'fft_core_reg_top.u_reg_if'
   65 |   logic             error_q, error, err_internal, instr_error, intg_error;
      |                                                                ^~~~~~~~~~
%Warning-UNUSEDSIGNAL: ips/tlul/tlul_adapter_reg.sv:68:9: Signal is not used: 'malformed_meta_err'
                                                        : ... note: In instance 'fft_core_reg_top.u_reg_if'
   68 |   logic malformed_meta_err;  
      |         ^~~~~~~~~~~~~~~~~~
%Warning-UNUSEDSIGNAL: ips/tlul/tlul_adapter_reg.sv:69:9: Signal is not used: 'tl_err'
                                                        : ... note: In instance 'fft_core_reg_top.u_reg_if'
   69 |   logic tl_err;              
      |         ^~~~~~
%Warning-UNUSEDSIGNAL: ips/tlul/tlul_err.sv:9:9: Signal is not used: 'clk_i'
                                               : ... note: In instance 'fft_core_reg_top.u_reg_if.u_err'
    9 |   input clk_i,
      |         ^~~~~
%Warning-UNUSEDSIGNAL: ips/tlul/tlul_err.sv:10:9: Signal is not used: 'rst_ni'
                                                : ... note: In instance 'fft_core_reg_top.u_reg_if.u_err'
   10 |   input rst_ni,
      |         ^~~~~~
%Warning-UNUSEDSIGNAL: ips/tlul/tlul_err.sv:12:18: Bits of signal are not used: 'tl_i'[104:102,99:92,55:24,0]
                                                 : ... note: In instance 'fft_core_reg_top.u_reg_if.u_err'
   12 |   input tl_h2d_t tl_i,
      |                  ^~~~
%Warning-UNUSEDPARAM: ips/tlul/tlul_err.sv:17:18: Parameter is not used: 'IW'
                                                : ... note: In instance 'fft_core_reg_top.u_reg_if.u_err'
   17 |   localparam int IW  = $bits(tl_i.a_source);
      |                  ^~
%Warning-UNUSEDPARAM: ips/tlul/tlul_err.sv:18:18: Parameter is not used: 'SZW'
                                                : ... note: In instance 'fft_core_reg_top.u_reg_if.u_err'
   18 |   localparam int SZW = $bits(tl_i.a_size);
      |                  ^~~
%Warning-UNUSEDPARAM: ips/pkgs/tlul_pkg.sv:29:17: Parameter is not used: 'H2DCmdFullWidth'
                                                : ... note: In instance 'tlul_socket_1n.gen_dfifo[3].fifo_d.reqfifo.gen_normal_fifo.u_fifo_cnt'
   29 |   parameter int H2DCmdFullWidth = H2DCmdMaxWidth + H2DCmdIntgWidth;
      |                 ^~~~~~~~~~~~~~~
%Warning-UNUSEDPARAM: ips/pkgs/tlul_pkg.sv:32:17: Parameter is not used: 'D2HRspFullWidth'
                                                : ... note: In instance 'tlul_socket_1n.gen_dfifo[3].fifo_d.reqfifo.gen_normal_fifo.u_fifo_cnt'
   32 |   parameter int D2HRspFullWidth = D2HRspMaxWidth + D2HRspIntgWidth;
      |                 ^~~~~~~~~~~~~~~
%Warning-UNUSEDPARAM: ips/pkgs/tlul_pkg.sv:35:17: Parameter is not used: 'DataFullWidth'
                                                : ... note: In instance 'tlul_socket_1n.gen_dfifo[3].fifo_d.reqfifo.gen_normal_fifo.u_fifo_cnt'
   35 |   parameter int DataFullWidth   = DataMaxWidth + DataIntgWidth;
      |                 ^~~~~~~~~~~~~
%Warning-UNUSEDPARAM: ips/pkgs/tlul_pkg.sv:87:23: Parameter is not used: 'TL_H2D_DEFAULT'
                                                : ... note: In instance 'tlul_socket_1n.gen_dfifo[3].fifo_d.reqfifo.gen_normal_fifo.u_fifo_cnt'
   87 |   localparam tl_h2d_t TL_H2D_DEFAULT = '{
      |                       ^~~~~~~~~~~~~~
%Warning-UNUSEDPARAM: ips/pkgs/tlul_pkg.sv:131:23: Parameter is not used: 'TL_D2H_DEFAULT'
                                                 : ... note: In instance 'tlul_socket_1n.gen_dfifo[3].fifo_d.reqfifo.gen_normal_fifo.u_fifo_cnt'
  131 |   localparam tl_d2h_t TL_D2H_DEFAULT = '{
      |                       ^~~~~~~~~~~~~~
%Warning-SYNCASYNCNET: rtl/fft_core.sv:9:37: Signal flopped as both synchronous and async: 'fft_core.rst_ni'
                       rtl/fft_core.sv:168:9: ... Location of async usage
  168 |     if(!rst_ni) begin
      |         ^~~~~~
                       ips/prim/prim_ram.sv:21:10: ... Location of sync usage
   21 |     if (!rst_ni) begin
      |          ^~~~~~
                       ... For warning description see https://verilator.org/warn/SYNCASYNCNET?v=5.036
                       ... Use "/* verilator lint_off SYNCASYNCNET */" and lint_on around source to disable this message.
make[1]: Entering directory '/home/eneadim/github/flexsoc/sim/verilator'
ccache g++ -Os  -I.  -MMD -I/usr/local/share/verilator/include -I/usr/local/share/verilator/include/vltstd -DVM_COVERAGE=0 -DVM_SC=0 -DVM_TIMING=0 -DVM_TRACE=0 -DVM_TRACE_FST=0 -DVM_TRACE_VCD=0 -DVM_TRACE_SAIF=0 -faligned-new -fcf-protection=none -Wno-bool-operation -Wno-shadow -Wno-sign-compare -Wno-subobject-linkage -Wno-tautological-compare -Wno-uninitialized -Wno-unused-but-set-parameter -Wno-unused-but-set-variable -Wno-unused-parameter -Wno-unused-variable    -DVL_TIME_CONTEXT   -c -o verilated.o /usr/local/share/verilator/include/verilated.cpp
ccache g++ -Os  -I.  -MMD -I/usr/local/share/verilator/include -I/usr/local/share/verilator/include/vltstd -DVM_COVERAGE=0 -DVM_SC=0 -DVM_TIMING=0 -DVM_TRACE=0 -DVM_TRACE_FST=0 -DVM_TRACE_VCD=0 -DVM_TRACE_SAIF=0 -faligned-new -fcf-protection=none -Wno-bool-operation -Wno-shadow -Wno-sign-compare -Wno-subobject-linkage -Wno-tautological-compare -Wno-uninitialized -Wno-unused-but-set-parameter -Wno-unused-but-set-variable -Wno-unused-parameter -Wno-unused-variable    -DVL_TIME_CONTEXT   -c -o verilated_threads.o /usr/local/share/verilator/include/verilated_threads.cpp
ccache g++ -Os  -I.  -MMD -I/usr/local/share/verilator/include -I/usr/local/share/verilator/include/vltstd -DVM_COVERAGE=0 -DVM_SC=0 -DVM_TIMING=0 -DVM_TRACE=0 -DVM_TRACE_FST=0 -DVM_TRACE_VCD=0 -DVM_TRACE_SAIF=0 -faligned-new -fcf-protection=none -Wno-bool-operation -Wno-shadow -Wno-sign-compare -Wno-subobject-linkage -Wno-tautological-compare -Wno-uninitialized -Wno-unused-but-set-parameter -Wno-unused-but-set-variable -Wno-unused-parameter -Wno-unused-variable    -DVL_TIME_CONTEXT   -x c++-header Vtop_pkg__pch.h -o Vtop_pkg__pch.h.fast.gch
ccache g++ -Os  -I.  -MMD -I/usr/local/share/verilator/include -I/usr/local/share/verilator/include/vltstd -DVM_COVERAGE=0 -DVM_SC=0 -DVM_TIMING=0 -DVM_TRACE=0 -DVM_TRACE_FST=0 -DVM_TRACE_VCD=0 -DVM_TRACE_SAIF=0 -faligned-new -fcf-protection=none -Wno-bool-operation -Wno-shadow -Wno-sign-compare -Wno-subobject-linkage -Wno-tautological-compare -Wno-uninitialized -Wno-unused-but-set-parameter -Wno-unused-but-set-variable -Wno-unused-parameter -Wno-unused-variable    -DVL_TIME_CONTEXT   -include Vtop_pkg__pch.h.fast -c -o Vtop_pkg.o Vtop_pkg.cpp
ccache g++ -Os  -I.  -MMD -I/usr/local/share/verilator/include -I/usr/local/share/verilator/include/vltstd -DVM_COVERAGE=0 -DVM_SC=0 -DVM_TIMING=0 -DVM_TRACE=0 -DVM_TRACE_FST=0 -DVM_TRACE_VCD=0 -DVM_TRACE_SAIF=0 -faligned-new -fcf-protection=none -Wno-bool-operation -Wno-shadow -Wno-sign-compare -Wno-subobject-linkage -Wno-tautological-compare -Wno-uninitialized -Wno-unused-but-set-parameter -Wno-unused-but-set-variable -Wno-unused-parameter -Wno-unused-variable    -DVL_TIME_CONTEXT   -include Vtop_pkg__pch.h.fast -c -o Vtop_pkg___024root__DepSet_h3efe0812__0.o Vtop_pkg___024root__DepSet_h3efe0812__0.cpp
ccache g++ -Os  -I.  -MMD -I/usr/local/share/verilator/include -I/usr/local/share/verilator/include/vltstd -DVM_COVERAGE=0 -DVM_SC=0 -DVM_TIMING=0 -DVM_TRACE=0 -DVM_TRACE_FST=0 -DVM_TRACE_VCD=0 -DVM_TRACE_SAIF=0 -faligned-new -fcf-protection=none -Wno-bool-operation -Wno-shadow -Wno-sign-compare -Wno-subobject-linkage -Wno-tautological-compare -Wno-uninitialized -Wno-unused-but-set-parameter -Wno-unused-but-set-variable -Wno-unused-parameter -Wno-unused-variable    -DVL_TIME_CONTEXT   -include Vtop_pkg__pch.h.fast -c -o Vtop_pkg___024root__DepSet_hd28caf9e__0.o Vtop_pkg___024root__DepSet_hd28caf9e__0.cpp
ccache g++ -Os  -I.  -MMD -I/usr/local/share/verilator/include -I/usr/local/share/verilator/include/vltstd -DVM_COVERAGE=0 -DVM_SC=0 -DVM_TIMING=0 -DVM_TRACE=0 -DVM_TRACE_FST=0 -DVM_TRACE_VCD=0 -DVM_TRACE_SAIF=0 -faligned-new -fcf-protection=none -Wno-bool-operation -Wno-shadow -Wno-sign-compare -Wno-subobject-linkage -Wno-tautological-compare -Wno-uninitialized -Wno-unused-but-set-parameter -Wno-unused-but-set-variable -Wno-unused-parameter -Wno-unused-variable    -DVL_TIME_CONTEXT   -include Vtop_pkg__pch.h.fast -c -o Vtop_pkg_tlul_fifo_sync__RCz7_RDz7__DepSet_h40c6d079__0.o Vtop_pkg_tlul_fifo_sync__RCz7_RDz7__DepSet_h40c6d079__0.cpp
ccache g++ -Os  -I.  -MMD -I/usr/local/share/verilator/include -I/usr/local/share/verilator/include/vltstd -DVM_COVERAGE=0 -DVM_SC=0 -DVM_TIMING=0 -DVM_TRACE=0 -DVM_TRACE_FST=0 -DVM_TRACE_VCD=0 -DVM_TRACE_SAIF=0 -faligned-new -fcf-protection=none -Wno-bool-operation -Wno-shadow -Wno-sign-compare -Wno-subobject-linkage -Wno-tautological-compare -Wno-uninitialized -Wno-unused-but-set-parameter -Wno-unused-but-set-variable -Wno-unused-parameter -Wno-unused-variable    -DVL_TIME_CONTEXT   -include Vtop_pkg__pch.h.fast -c -o Vtop_pkg__main.o Vtop_pkg__main.cpp
ccache g++   -I.  -MMD -I/usr/local/share/verilator/include -I/usr/local/share/verilator/include/vltstd -DVM_COVERAGE=0 -DVM_SC=0 -DVM_TIMING=0 -DVM_TRACE=0 -DVM_TRACE_FST=0 -DVM_TRACE_VCD=0 -DVM_TRACE_SAIF=0 -faligned-new -fcf-protection=none -Wno-bool-operation -Wno-shadow -Wno-sign-compare -Wno-subobject-linkage -Wno-tautological-compare -Wno-uninitialized -Wno-unused-but-set-parameter -Wno-unused-but-set-variable -Wno-unused-parameter -Wno-unused-variable    -DVL_TIME_CONTEXT   -x c++-header Vtop_pkg__pch.h -o Vtop_pkg__pch.h.slow.gch
ccache g++   -I.  -MMD -I/usr/local/share/verilator/include -I/usr/local/share/verilator/include/vltstd -DVM_COVERAGE=0 -DVM_SC=0 -DVM_TIMING=0 -DVM_TRACE=0 -DVM_TRACE_FST=0 -DVM_TRACE_VCD=0 -DVM_TRACE_SAIF=0 -faligned-new -fcf-protection=none -Wno-bool-operation -Wno-shadow -Wno-sign-compare -Wno-subobject-linkage -Wno-tautological-compare -Wno-uninitialized -Wno-unused-but-set-parameter -Wno-unused-but-set-variable -Wno-unused-parameter -Wno-unused-variable    -DVL_TIME_CONTEXT   -include Vtop_pkg__pch.h.slow -c -o Vtop_pkg__ConstPool_0.o Vtop_pkg__ConstPool_0.cpp
ccache g++   -I.  -MMD -I/usr/local/share/verilator/include -I/usr/local/share/verilator/include/vltstd -DVM_COVERAGE=0 -DVM_SC=0 -DVM_TIMING=0 -DVM_TRACE=0 -DVM_TRACE_FST=0 -DVM_TRACE_VCD=0 -DVM_TRACE_SAIF=0 -faligned-new -fcf-protection=none -Wno-bool-operation -Wno-shadow -Wno-sign-compare -Wno-subobject-linkage -Wno-tautological-compare -Wno-uninitialized -Wno-unused-but-set-parameter -Wno-unused-but-set-variable -Wno-unused-parameter -Wno-unused-variable    -DVL_TIME_CONTEXT   -include Vtop_pkg__pch.h.slow -c -o Vtop_pkg___024root__Slow.o Vtop_pkg___024root__Slow.cpp
ccache g++   -I.  -MMD -I/usr/local/share/verilator/include -I/usr/local/share/verilator/include/vltstd -DVM_COVERAGE=0 -DVM_SC=0 -DVM_TIMING=0 -DVM_TRACE=0 -DVM_TRACE_FST=0 -DVM_TRACE_VCD=0 -DVM_TRACE_SAIF=0 -faligned-new -fcf-protection=none -Wno-bool-operation -Wno-shadow -Wno-sign-compare -Wno-subobject-linkage -Wno-tautological-compare -Wno-uninitialized -Wno-unused-but-set-parameter -Wno-unused-but-set-variable -Wno-unused-parameter -Wno-unused-variable    -DVL_TIME_CONTEXT   -include Vtop_pkg__pch.h.slow -c -o Vtop_pkg___024root__DepSet_h3efe0812__0__Slow.o Vtop_pkg___024root__DepSet_h3efe0812__0__Slow.cpp
ccache g++   -I.  -MMD -I/usr/local/share/verilator/include -I/usr/local/share/verilator/include/vltstd -DVM_COVERAGE=0 -DVM_SC=0 -DVM_TIMING=0 -DVM_TRACE=0 -DVM_TRACE_FST=0 -DVM_TRACE_VCD=0 -DVM_TRACE_SAIF=0 -faligned-new -fcf-protection=none -Wno-bool-operation -Wno-shadow -Wno-sign-compare -Wno-subobject-linkage -Wno-tautological-compare -Wno-uninitialized -Wno-unused-but-set-parameter -Wno-unused-but-set-variable -Wno-unused-parameter -Wno-unused-variable    -DVL_TIME_CONTEXT   -include Vtop_pkg__pch.h.slow -c -o Vtop_pkg___024root__DepSet_hd28caf9e__0__Slow.o Vtop_pkg___024root__DepSet_hd28caf9e__0__Slow.cpp
ccache g++   -I.  -MMD -I/usr/local/share/verilator/include -I/usr/local/share/verilator/include/vltstd -DVM_COVERAGE=0 -DVM_SC=0 -DVM_TIMING=0 -DVM_TRACE=0 -DVM_TRACE_FST=0 -DVM_TRACE_VCD=0 -DVM_TRACE_SAIF=0 -faligned-new -fcf-protection=none -Wno-bool-operation -Wno-shadow -Wno-sign-compare -Wno-subobject-linkage -Wno-tautological-compare -Wno-uninitialized -Wno-unused-but-set-parameter -Wno-unused-but-set-variable -Wno-unused-parameter -Wno-unused-variable    -DVL_TIME_CONTEXT   -include Vtop_pkg__pch.h.slow -c -o Vtop_pkg___024root__DepSet_hd28caf9e__1__Slow.o Vtop_pkg___024root__DepSet_hd28caf9e__1__Slow.cpp
ccache g++   -I.  -MMD -I/usr/local/share/verilator/include -I/usr/local/share/verilator/include/vltstd -DVM_COVERAGE=0 -DVM_SC=0 -DVM_TIMING=0 -DVM_TRACE=0 -DVM_TRACE_FST=0 -DVM_TRACE_VCD=0 -DVM_TRACE_SAIF=0 -faligned-new -fcf-protection=none -Wno-bool-operation -Wno-shadow -Wno-sign-compare -Wno-subobject-linkage -Wno-tautological-compare -Wno-uninitialized -Wno-unused-but-set-parameter -Wno-unused-but-set-variable -Wno-unused-parameter -Wno-unused-variable    -DVL_TIME_CONTEXT   -include Vtop_pkg__pch.h.slow -c -o Vtop_pkg_tlul_fifo_sync__RCz7_RDz7__Slow.o Vtop_pkg_tlul_fifo_sync__RCz7_RDz7__Slow.cpp
ccache g++   -I.  -MMD -I/usr/local/share/verilator/include -I/usr/local/share/verilator/include/vltstd -DVM_COVERAGE=0 -DVM_SC=0 -DVM_TIMING=0 -DVM_TRACE=0 -DVM_TRACE_FST=0 -DVM_TRACE_VCD=0 -DVM_TRACE_SAIF=0 -faligned-new -fcf-protection=none -Wno-bool-operation -Wno-shadow -Wno-sign-compare -Wno-subobject-linkage -Wno-tautological-compare -Wno-uninitialized -Wno-unused-but-set-parameter -Wno-unused-but-set-variable -Wno-unused-parameter -Wno-unused-variable    -DVL_TIME_CONTEXT   -include Vtop_pkg__pch.h.slow -c -o Vtop_pkg_tlul_fifo_sync__RCz7_RDz7__DepSet_h40c6d079__0__Slow.o Vtop_pkg_tlul_fifo_sync__RCz7_RDz7__DepSet_h40c6d079__0__Slow.cpp
ccache g++   -I.  -MMD -I/usr/local/share/verilator/include -I/usr/local/share/verilator/include/vltstd -DVM_COVERAGE=0 -DVM_SC=0 -DVM_TIMING=0 -DVM_TRACE=0 -DVM_TRACE_FST=0 -DVM_TRACE_VCD=0 -DVM_TRACE_SAIF=0 -faligned-new -fcf-protection=none -Wno-bool-operation -Wno-shadow -Wno-sign-compare -Wno-subobject-linkage -Wno-tautological-compare -Wno-uninitialized -Wno-unused-but-set-parameter -Wno-unused-but-set-variable -Wno-unused-parameter -Wno-unused-variable    -DVL_TIME_CONTEXT   -include Vtop_pkg__pch.h.slow -c -o Vtop_pkg_tlul_fifo_sync__RCz7_RDz7__DepSet_h10840805__0__Slow.o Vtop_pkg_tlul_fifo_sync__RCz7_RDz7__DepSet_h10840805__0__Slow.cpp
ccache g++   -I.  -MMD -I/usr/local/share/verilator/include -I/usr/local/share/verilator/include/vltstd -DVM_COVERAGE=0 -DVM_SC=0 -DVM_TIMING=0 -DVM_TRACE=0 -DVM_TRACE_FST=0 -DVM_TRACE_VCD=0 -DVM_TRACE_SAIF=0 -faligned-new -fcf-protection=none -Wno-bool-operation -Wno-shadow -Wno-sign-compare -Wno-subobject-linkage -Wno-tautological-compare -Wno-uninitialized -Wno-unused-but-set-parameter -Wno-unused-but-set-variable -Wno-unused-parameter -Wno-unused-variable    -DVL_TIME_CONTEXT   -include Vtop_pkg__pch.h.slow -c -o Vtop_pkg__Syms.o Vtop_pkg__Syms.cpp
echo "" > Vtop_pkg__ALL.verilator_deplist.tmp
g++    verilated.o verilated_threads.o Vtop_pkg__ALL.a    -pthread -lpthread -latomic   -o Vtop_pkg
rm Vtop_pkg__ALL.verilator_deplist.tmp
make[1]: Leaving directory '/home/eneadim/github/flexsoc/sim/verilator'
- V e r i l a t i o n   R e p o r t: Verilator 5.036 2025-04-27 rev v5.036-48-g0dc93c1d5
- Verilator: Built from 18.504 MB sources in 82 modules, into 1.837 MB in 14 C++ files needing 0.002 MB
- Verilator: Walltime 2.402 s (elab=0.033, cvt=0.150, bld=2.141); cpu 0.261 s on 1 threads; alloced 51.156 MB
