OpenSTA 2.7.0 d7cb9be1ca Copyright (c) 2025, Parallax Software, Inc.
License GPLv3: GNU GPL version 3 <http://gnu.org/licenses/gpl.html>

This is free software, and you are free to change and redistribute it
under certain conditions; type `show_copying' for details. 
This program comes with ABSOLUTELY NO WARRANTY; for details type `show_warranty'.

===========================================================================
Define corners Slowest Typical Fastest
===========================================================================

define_corners Slowest Typical Fastest

===========================================================================
Read liberty files
===========================================================================

read_liberty -corner Slowest lib/sky130_fd_sc_hd__ss_100C_1v40.lib
read_liberty -corner Typical lib/sky130_fd_sc_hd__tt_025C_1v80.lib
read_liberty -corner Fastest lib/sky130_fd_sc_hd__ff_n40C_1v95.lib

===========================================================================
Read verilog and link top module
===========================================================================

read_verilog syn/fft_core_synth.v
link_design fft_core

===========================================================================
Read SDC
===========================================================================

read_sdc ors/fft_core.sdc


===========================================================================
(Probability Power Analysis) report_power
============================================================================
set_power_activity -input -activity .10
set_power_activity -input_port rst_ni -activity 0

======================= Fastest Corner ===================================
Group                  Internal  Switching    Leakage      Total
                          Power      Power      Power      Power (Watts)
----------------------------------------------------------------
Sequential             4.34e-03   6.68e-05   6.74e-07   4.41e-03  41.4%
Combinational          2.84e-03   3.41e-03   3.36e-08   6.25e-03  58.6%
Clock                  0.00e+00   0.00e+00   0.00e+00   0.00e+00   0.0%
Macro                  0.00e+00   0.00e+00   0.00e+00   0.00e+00   0.0%
Pad                    0.00e+00   0.00e+00   0.00e+00   0.00e+00   0.0%
----------------------------------------------------------------
Total                  7.18e-03   3.48e-03   7.08e-07   1.07e-02 100.0%
                          67.3%      32.6%       0.0%


======================= Slowest Corner ===================================
Group                  Internal  Switching    Leakage      Total
                          Power      Power      Power      Power (Watts)
----------------------------------------------------------------
Sequential             1.99e-03   3.28e-05   1.53e-05   2.03e-03  38.9%
Combinational          1.53e-03   1.66e-03   1.59e-05   3.20e-03  61.1%
Clock                  0.00e+00   0.00e+00   0.00e+00   0.00e+00   0.0%
Macro                  0.00e+00   0.00e+00   0.00e+00   0.00e+00   0.0%
Pad                    0.00e+00   0.00e+00   0.00e+00   0.00e+00   0.0%
----------------------------------------------------------------
Total                  3.51e-03   1.69e-03   3.12e-05   5.23e-03 100.0%
                          67.1%      32.3%       0.6%


======================= Typical Corner ===================================
Group                  Internal  Switching    Leakage      Total
                          Power      Power      Power      Power (Watts)
----------------------------------------------------------------
Sequential             3.67e-03   5.68e-05   6.60e-07   3.72e-03  40.8%
Combinational          2.52e-03   2.88e-03   1.86e-08   5.40e-03  59.2%
Clock                  0.00e+00   0.00e+00   0.00e+00   0.00e+00   0.0%
Macro                  0.00e+00   0.00e+00   0.00e+00   0.00e+00   0.0%
Pad                    0.00e+00   0.00e+00   0.00e+00   0.00e+00   0.0%
----------------------------------------------------------------
Total                  6.19e-03   2.93e-03   6.79e-07   9.12e-03 100.0%
                          67.8%      32.2%       0.0%

===========================================================================
(VCD Power Analysis) report_power
============================================================================
read_vcd -scope fft_core_tb/u_fft_core sim/fft_core_tb.vcd
Annotated 0 pin activities.

======================= Fastest Corner ===================================
Group                  Internal  Switching    Leakage      Total
                          Power      Power      Power      Power (Watts)
----------------------------------------------------------------
Sequential             4.34e-03   6.68e-05   6.74e-07   4.41e-03  41.4%
Combinational          2.84e-03   3.41e-03   3.36e-08   6.25e-03  58.6%
Clock                  0.00e+00   0.00e+00   0.00e+00   0.00e+00   0.0%
Macro                  0.00e+00   0.00e+00   0.00e+00   0.00e+00   0.0%
Pad                    0.00e+00   0.00e+00   0.00e+00   0.00e+00   0.0%
----------------------------------------------------------------
Total                  7.18e-03   3.48e-03   7.08e-07   1.07e-02 100.0%
                          67.3%      32.6%       0.0%


======================= Slowest Corner ===================================
Group                  Internal  Switching    Leakage      Total
                          Power      Power      Power      Power (Watts)
----------------------------------------------------------------
Sequential             1.99e-03   3.28e-05   1.53e-05   2.03e-03  38.9%
Combinational          1.53e-03   1.66e-03   1.59e-05   3.20e-03  61.1%
Clock                  0.00e+00   0.00e+00   0.00e+00   0.00e+00   0.0%
Macro                  0.00e+00   0.00e+00   0.00e+00   0.00e+00   0.0%
Pad                    0.00e+00   0.00e+00   0.00e+00   0.00e+00   0.0%
----------------------------------------------------------------
Total                  3.51e-03   1.69e-03   3.12e-05   5.23e-03 100.0%
                          67.1%      32.3%       0.6%


======================= Typical Corner ===================================
Group                  Internal  Switching    Leakage      Total
                          Power      Power      Power      Power (Watts)
----------------------------------------------------------------
Sequential             3.67e-03   5.68e-05   6.60e-07   3.72e-03  40.8%
Combinational          2.52e-03   2.88e-03   1.86e-08   5.40e-03  59.2%
Clock                  0.00e+00   0.00e+00   0.00e+00   0.00e+00   0.0%
Macro                  0.00e+00   0.00e+00   0.00e+00   0.00e+00   0.0%
Pad                    0.00e+00   0.00e+00   0.00e+00   0.00e+00   0.0%
----------------------------------------------------------------
Total                  6.19e-03   2.93e-03   6.79e-07   9.12e-03 100.0%
                          67.8%      32.2%       0.0%

