analysis=power_analysis corner=ss stage=post_syn
workload=reconfig_sv_ss
gls_report=/home/eneadim/github/flexsoc/runs/cordic/refresh_tlul/dv/functional/sim/post_syn/sky130/cordic_post_syn_reconfig_sv_ss.json
activity_file=/home/eneadim/github/flexsoc/runs/cordic/refresh_tlul/signoff/sky130/power/activity/captures/cordic_sky130_reconfig_sv_ss.vcd
activity_scope=cordic_tb/u_cordic
liberty=/home/eneadim/github/flexsoc/.flexsoc/pdks/ciel/sky130/versions/f6eeac7dad085ffcc829ccfd721f7b4ce39edcf7/sky130A/libs.ref/sky130_fd_sc_hd/lib/sky130_fd_sc_hd__ss_n40C_1v76.lib
netlist=/home/eneadim/github/flexsoc/runs/cordic/refresh_tlul/syn/sky130/cordic_synth.v
sdc=/home/eneadim/github/flexsoc/runs/cordic/refresh_tlul/constraints/cordic.sdc
spef=

=== Units ===
 time 1ns
 capacitance 1pF
 resistance 1kohm
 voltage 1v
 current 1mA
 power 1nW
 distance 1um

=== Constraint validation ===

=== Activity annotation ===
annotated_percent=100.00%
Unannotated pins: none

=== Power summary ===
Group                  Internal  Switching    Leakage      Total
                          Power      Power      Power      Power (Watts)
----------------------------------------------------------------
Sequential             1.22e-03   8.35e-06   1.39e-09   1.23e-03  90.7%
Combinational          5.47e-05   7.10e-05   3.44e-09   1.26e-04   9.3%
Clock                  0.00e+00   0.00e+00   0.00e+00   0.00e+00   0.0%
Macro                  0.00e+00   0.00e+00   0.00e+00   0.00e+00   0.0%
Pad                    0.00e+00   0.00e+00   0.00e+00   0.00e+00   0.0%
----------------------------------------------------------------
Total                  1.28e-03   7.93e-05   4.83e-09   1.36e-03 100.0%
                          94.2%       5.8%       0.0%

=== FlexSoC normalized power fields ===
dynamic_power_definition=internal_power+switching_power
power_unit=OpenSTA report unit; see Units section
internal_power=0.00128
switching_power=7.93e-05
dynamic_power=0.0013593000000000001
leakage_power=4.83e-09
total_power=0.00136
