analysis=power_estimate activity_source=input_assumption
activity_model=input
activity=0.1
duty=0.5
corner=ss stage=post_syn
liberty=/home/eneadim/github/flexsoc/.flexsoc/pdks/ihp-sg13g2/ihp-sg13g2/libs.ref/sg13g2_stdcell/lib/sg13g2_stdcell_slow_1p35V_125C.lib
netlist=/home/eneadim/github/flexsoc/runs/gpio/refresh_tlul_repo/syn/ihp-sg13g2/gpio_synth.v
sdc=/home/eneadim/github/flexsoc/runs/gpio/refresh_tlul_repo/constraints/gpio.sdc
spef=

=== Units ===
 time 1ns
 capacitance 1pF
 resistance 1kohm
 voltage 1v
 current 1uA
 power 1pW
 distance 1um

=== Constraint validation ===

=== Power summary ===
Group                  Internal  Switching    Leakage      Total
                          Power      Power      Power      Power (Watts)
----------------------------------------------------------------
Sequential             8.05e-04   2.38e-05   3.90e-07   8.29e-04  89.2%
Combinational          5.15e-05   4.84e-05   2.80e-07   1.00e-04  10.8%
Clock                  0.00e+00   0.00e+00   0.00e+00   0.00e+00   0.0%
Macro                  0.00e+00   0.00e+00   0.00e+00   0.00e+00   0.0%
Pad                    0.00e+00   0.00e+00   0.00e+00   0.00e+00   0.0%
----------------------------------------------------------------
Total                  8.56e-04   7.22e-05   6.70e-07   9.29e-04 100.0%
                          92.2%       7.8%       0.1%

=== FlexSoC normalized power fields ===
dynamic_power_definition=internal_power+switching_power
power_unit=OpenSTA report unit; see Units section
internal_power=0.000856
switching_power=7.22e-05
dynamic_power=0.0009282
leakage_power=6.7e-07
total_power=0.000929
