analysis=power_analysis corner=ss stage=post_syn
workload=random_seed_1_sv_ss
gls_report=/home/eneadim/github/flexsoc/runs/gpio/refresh_tlul_repo/dv/functional/sim/post_syn/sky130/gpio_post_syn_random_seed_1_sv_ss.json
activity_file=/home/eneadim/github/flexsoc/runs/gpio/refresh_tlul_repo/signoff/sky130/power/activity/captures/gpio_sky130_random_seed_1_sv_ss.vcd
activity_scope=gpio_tb/u_gpio
liberty=/home/eneadim/github/flexsoc/.flexsoc/pdks/ciel/sky130/versions/f6eeac7dad085ffcc829ccfd721f7b4ce39edcf7/sky130A/libs.ref/sky130_fd_sc_hd/lib/sky130_fd_sc_hd__ss_n40C_1v76.lib
netlist=/home/eneadim/github/flexsoc/runs/gpio/refresh_tlul_repo/syn/sky130/gpio_synth.v
sdc=/home/eneadim/github/flexsoc/runs/gpio/refresh_tlul_repo/constraints/gpio.sdc
spef=

=== Units ===
 time 1ns
 capacitance 1pF
 resistance 1kohm
 voltage 1v
 current 1mA
 power 1nW
 distance 1um

=== Constraint validation ===

=== Activity annotation ===
annotated_percent=100.00%
Unannotated pins: none

=== Power summary ===
Group                  Internal  Switching    Leakage      Total
                          Power      Power      Power      Power (Watts)
----------------------------------------------------------------
Sequential             4.22e-04   3.11e-06   4.80e-10   4.25e-04  93.5%
Combinational          1.31e-05   1.64e-05   8.86e-10   2.96e-05   6.5%
Clock                  0.00e+00   0.00e+00   0.00e+00   0.00e+00   0.0%
Macro                  0.00e+00   0.00e+00   0.00e+00   0.00e+00   0.0%
Pad                    0.00e+00   0.00e+00   0.00e+00   0.00e+00   0.0%
----------------------------------------------------------------
Total                  4.35e-04   1.95e-05   1.37e-09   4.55e-04 100.0%
                          95.7%       4.3%       0.0%

=== FlexSoC normalized power fields ===
dynamic_power_definition=internal_power+switching_power
power_unit=OpenSTA report unit; see Units section
internal_power=0.000435
switching_power=1.95e-05
dynamic_power=0.0004545
leakage_power=1.37e-09
total_power=0.000455
