analysis=power_analysis corner=tt stage=post_syn
workload=reconfig_sv_tt
gls_report=/home/eneadim/github/flexsoc/runs/uart/refresh_tlul_repo/dv/functional/sim/post_syn/ihp-sg13g2/uart_post_syn_reconfig_sv_tt.json
activity_file=/home/eneadim/github/flexsoc/runs/uart/refresh_tlul_repo/signoff/ihp-sg13g2/power/activity/captures/uart_ihp-sg13g2_reconfig_sv_tt.vcd
activity_scope=uart_tb/u_uart
liberty=/home/eneadim/github/flexsoc/.flexsoc/pdks/ihp-sg13g2/ihp-sg13g2/libs.ref/sg13g2_stdcell/lib/sg13g2_stdcell_typ_1p50V_25C.lib
netlist=/home/eneadim/github/flexsoc/runs/uart/refresh_tlul_repo/syn/ihp-sg13g2/uart_synth.v
sdc=/home/eneadim/github/flexsoc/runs/uart/refresh_tlul_repo/constraints/uart.sdc
spef=

=== Units ===
 time 1ns
 capacitance 1pF
 resistance 1kohm
 voltage 1v
 current 1uA
 power 1pW
 distance 1um

=== Constraint validation ===

=== Activity annotation ===
annotated_percent=100.00%
Unannotated pins: none

=== Power summary ===
Group                  Internal  Switching    Leakage      Total
                          Power      Power      Power      Power (Watts)
----------------------------------------------------------------
Sequential             3.03e-03   5.30e-06   5.18e-07   3.04e-03  99.2%
Combinational          1.23e-05   1.26e-05   4.72e-07   2.54e-05   0.8%
Clock                  0.00e+00   0.00e+00   0.00e+00   0.00e+00   0.0%
Macro                  0.00e+00   0.00e+00   0.00e+00   0.00e+00   0.0%
Pad                    0.00e+00   0.00e+00   0.00e+00   0.00e+00   0.0%
----------------------------------------------------------------
Total                  3.05e-03   1.79e-05   9.90e-07   3.06e-03 100.0%
                          99.4%       0.6%       0.0%

=== FlexSoC normalized power fields ===
dynamic_power_definition=internal_power+switching_power
power_unit=OpenSTA report unit; see Units section
internal_power=0.00305
switching_power=1.79e-05
dynamic_power=0.0030679
leakage_power=9.9e-07
total_power=0.00306
