
 /----------------------------------------------------------------------------\
 |  yosys -- Yosys Open SYnthesis Suite                                       |
 |  Copyright (C) 2012 - 2025  Claire Xenia Wolf <claire@yosyshq.com>         |
 |  Distributed under an ISC-like license, type "license" to see terms        |
 \----------------------------------------------------------------------------/
 Yosys 0.58 (git sha1 157aabb58, g++ 13.3.0-6ubuntu2~24.04 -fPIC -O3)

-- Executing script file `/home/eneadim/github/flexsoc/workspace/runs/my_ip/dev1/syn/synth_sv.ys' --

1. Executing SLANG frontend.
Top level design units:
    my_ip

Build succeeded: 0 errors, 0 warnings

1.1. Executing UNDRIVEN pass. (resolve undriven signals)

1.2. Executing PROC_CLEAN pass (remove empty switches from decision trees).
Removing empty process `my_ip.$198'.
Removing empty process `my_ip.$195'.
Found and cleaned up 1 empty switch in `\my_ip.$191'.
Removing empty process `my_ip.$158'.
Removing empty process `my_ip.$149'.
Found and cleaned up 1 empty switch in `\my_ip.$144'.
Removing empty process `my_ip.$137'.
Found and cleaned up 1 empty switch in `\my_ip.$132'.
Found and cleaned up 1 empty switch in `\my_ip.$124'.
Found and cleaned up 1 empty switch in `\my_ip.$116'.
Found and cleaned up 1 empty switch in `\my_ip.$80'.
Removing empty process `my_ip.$69'.
Removing empty process `my_ip.$62'.
Found and cleaned up 1 empty switch in `\my_ip.$55'.
Removing empty process `my_ip.$54'.
Removing empty process `my_ip.$46'.
Removing empty process `my_ip.$44'.
Removing empty process `my_ip.$42'.
Found and cleaned up 1 empty switch in `\my_ip.$25'.
Found and cleaned up 1 empty switch in `\my_ip.$18'.
Found and cleaned up 1 empty switch in `\my_ip.$13'.
Cleaned up 10 empty switches.

1.3. Executing TRIBUF pass.

1.4. Executing PROC_RMDEAD pass (remove dead branches from decision trees).
Marked 1 switch rules as full_case in process $55 in module my_ip.
Marked 2 switch rules as full_case in process $80 in module my_ip.
Marked 2 switch rules as full_case in process $13 in module my_ip.
Removed a total of 0 dead cases.

1.5. Executing PROC_PRUNE pass (remove redundant assignments in processes).
Removed 8 redundant assignments.
Promoted 0 assignments to connections.

1.6. Executing PROC_INIT pass (extract init attributes).

1.7. Executing PROC_ROM pass (convert switches to ROMs).
Converted 0 switches.
<suppressed ~14 debug messages>

1.8. Executing PROC_MUX pass (convert decision trees to multiplexers).
Creating decoders for process `\my_ip.$144'.
     1/1: $u_my_ip_reg.u_wdata.q$147
Creating decoders for process `\my_ip.$191'.
     1/4: $u_my_ip_reg.reg_rdata_next$192 [31:16]
     2/4: $u_my_ip_reg.reg_rdata_next$192 [1:0]
     3/4: $u_my_ip_reg.reg_rdata_next$192 [7:2]
     4/4: $u_my_ip_reg.reg_rdata_next$192 [15:8]
Creating decoders for process `\my_ip.$55'.
     1/1: $u_my_ip_reg.u_reg_if.addr_align_err$57
Creating decoders for process `\my_ip.$132'.
     1/1: $u_my_ip_reg.u_ctrl_setting.q$135
Creating decoders for process `\my_ip.$124'.
     1/1: $u_my_ip_reg.u_ctrl_rst.q$127
Creating decoders for process `\my_ip.$116'.
     1/1: $u_my_ip_reg.u_ctrl_en.q$119
Creating decoders for process `\my_ip.$80'.
     1/6: $u_my_ip_reg.u_reg_if.u_err.fulldata_chk$106
     2/6: $u_my_ip_reg.u_reg_if.u_err.mask_chk$105
     3/6: $u_my_ip_reg.u_reg_if.u_err.addr_sz_chk$104
     4/6: $u_my_ip_reg.u_reg_if.u_err.fulldata_chk$103
     5/6: $u_my_ip_reg.u_reg_if.u_err.mask_chk$102
     6/6: $u_my_ip_reg.u_reg_if.u_err.addr_sz_chk$101
Creating decoders for process `\my_ip.$25'.
     1/2: $u_my_ip_reg.u_reg_if.error_q$33
     2/2: $u_my_ip_reg.u_reg_if.rdata_q$32
Creating decoders for process `\my_ip.$18'.
     1/3: $u_my_ip_reg.u_reg_if.rspop_q$24
     2/3: $u_my_ip_reg.u_reg_if.reqsz_q$23
     3/3: $u_my_ip_reg.u_reg_if.reqid_q$22
Creating decoders for process `\my_ip.$13'.
     1/2: $u_my_ip_reg.u_reg_if.outstanding_q$16
     2/2: $u_my_ip_reg.u_reg_if.outstanding_q$17

1.9. Executing PROC_CLEAN pass (remove empty switches from decision trees).
Found and cleaned up 1 empty switch in `\my_ip.$144'.
Removing empty process `my_ip.$144'.
Found and cleaned up 1 empty switch in `\my_ip.$191'.
Removing empty process `my_ip.$191'.
Found and cleaned up 1 empty switch in `\my_ip.$55'.
Removing empty process `my_ip.$55'.
Found and cleaned up 1 empty switch in `\my_ip.$132'.
Removing empty process `my_ip.$132'.
Found and cleaned up 1 empty switch in `\my_ip.$124'.
Removing empty process `my_ip.$124'.
Found and cleaned up 1 empty switch in `\my_ip.$116'.
Removing empty process `my_ip.$116'.
Found and cleaned up 3 empty switches in `\my_ip.$80'.
Removing empty process `my_ip.$80'.
Found and cleaned up 1 empty switch in `\my_ip.$25'.
Removing empty process `my_ip.$25'.
Found and cleaned up 1 empty switch in `\my_ip.$18'.
Removing empty process `my_ip.$18'.
Found and cleaned up 3 empty switches in `\my_ip.$13'.
Removing empty process `my_ip.$13'.
Cleaned up 14 empty switches.

1.10. Executing OPT_EXPR pass (perform const folding).
Optimizing module my_ip.
<suppressed ~56 debug messages>

2. Executing SYNTH pass.

2.1. Executing HIERARCHY pass (managing design hierarchy).

2.1.1. Analyzing design hierarchy..
Top module:  \my_ip

2.1.2. Analyzing design hierarchy..
Top module:  \my_ip
Removed 0 unused modules.

2.2. Executing PROC pass (convert processes to netlists).

2.2.1. Executing PROC_CLEAN pass (remove empty switches from decision trees).
Cleaned up 0 empty switches.

2.2.2. Executing PROC_RMDEAD pass (remove dead branches from decision trees).
Removed a total of 0 dead cases.

2.2.3. Executing PROC_PRUNE pass (remove redundant assignments in processes).
Removed 0 redundant assignments.
Promoted 0 assignments to connections.

2.2.4. Executing PROC_INIT pass (extract init attributes).

2.2.5. Executing PROC_ARST pass (detect async resets in processes).

2.2.6. Executing PROC_ROM pass (convert switches to ROMs).
Converted 0 switches.

2.2.7. Executing PROC_MUX pass (convert decision trees to multiplexers).

2.2.8. Executing PROC_DLATCH pass (convert process syncs to latches).

2.2.9. Executing PROC_DFF pass (convert process syncs to FFs).

2.2.10. Executing PROC_MEMWR pass (convert process memory writes to cells).

2.2.11. Executing PROC_CLEAN pass (remove empty switches from decision trees).
Cleaned up 0 empty switches.

2.2.12. Executing OPT_EXPR pass (perform const folding).
Optimizing module my_ip.

2.3. Executing OPT_EXPR pass (perform const folding).
Optimizing module my_ip.

2.4. Executing OPT_CLEAN pass (remove unused cells and wires).
Finding unused cells or wires in module \my_ip..
Removed 102 unused cells and 236 unused wires.
<suppressed ~125 debug messages>

2.5. Executing CHECK pass (checking for obvious problems).
Checking module my_ip...
Warning: Wire my_ip.\u_my_ip_core.rdata [7] is used but has no driver.
Warning: Wire my_ip.\u_my_ip_core.rdata [6] is used but has no driver.
Warning: Wire my_ip.\u_my_ip_core.rdata [5] is used but has no driver.
Warning: Wire my_ip.\u_my_ip_core.rdata [4] is used but has no driver.
Warning: Wire my_ip.\u_my_ip_core.rdata [3] is used but has no driver.
Warning: Wire my_ip.\u_my_ip_core.rdata [2] is used but has no driver.
Warning: Wire my_ip.\u_my_ip_core.status_empty is used but has no driver.
Warning: Wire my_ip.\u_my_ip_core.status_full is used but has no driver.
Warning: Wire my_ip.\u_my_ip_core.rdata [1] is used but has no driver.
Warning: Wire my_ip.\u_my_ip_core.rdata [0] is used but has no driver.
Found and reported 10 problems.

2.6. Executing OPT pass (performing simple optimizations).

2.6.1. Executing OPT_EXPR pass (perform const folding).
Optimizing module my_ip.

2.6.2. Executing OPT_MERGE pass (detect identical cells).
Finding identical cells in module `\my_ip'.
<suppressed ~15 debug messages>
Removed a total of 5 cells.

2.6.3. Executing OPT_MUXTREE pass (detect dead branches in mux trees).
Running muxtree optimizer on module \my_ip..
  Creating internal representation of mux trees.
  Evaluating internal representation of mux trees.
  Analyzing evaluation results.
    dead port 2/2 on $mux $123.
    dead port 2/2 on $mux $131.
    dead port 2/2 on $mux $115.
    dead port 1/2 on $mux $procmux$85.
Removed 4 multiplexer ports.
<suppressed ~33 debug messages>

2.6.4. Executing OPT_REDUCE pass (consolidate $*mux and $reduce_* inputs).
  Optimizing cells in module \my_ip.
    New ctrl vector for $pmux cell $procmux$16: { \u_my_ip_reg.addr_hit [2] $auto$opt_reduce.cc:137:opt_pmux$92 }
    New ctrl vector for $pmux cell $procmux$22: $auto$opt_reduce.cc:137:opt_pmux$94
    New ctrl vector for $pmux cell $procmux$4: { \u_my_ip_reg.addr_hit [0] $auto$opt_reduce.cc:137:opt_pmux$96 }
  Optimizing cells in module \my_ip.
Performed a total of 3 changes.

2.6.5. Executing OPT_MERGE pass (detect identical cells).
Finding identical cells in module `\my_ip'.
<suppressed ~3 debug messages>
Removed a total of 1 cells.

2.6.6. Executing OPT_DFF pass (perform DFF optimizations).
Changing const-value async load to async reset on $driver$u_my_ip_reg.u_reg_if.rspop_q ($aldff) from module my_ip.
Changing const-value async load to async reset on $driver$u_my_ip_reg.u_reg_if.reqsz_q ($aldff) from module my_ip.
Changing const-value async load to async reset on $driver$u_my_ip_reg.u_reg_if.reqid_q ($aldff) from module my_ip.
Changing const-value async load to async reset on $driver$u_my_ip_reg.u_reg_if.rdata_q ($aldff) from module my_ip.
Changing const-value async load to async reset on $driver$u_my_ip_reg.u_reg_if.outstanding_q ($aldff) from module my_ip.
Changing const-value async load to async reset on $driver$u_my_ip_reg.u_reg_if.error_q ($aldff) from module my_ip.
Changing const-value async load to async reset on $driver$u_my_ip_reg.u_ctrl_setting.q ($aldff) from module my_ip.
Changing const-value async load to async reset on $driver$u_my_ip_reg.u_ctrl_rst.q ($aldff) from module my_ip.
Changing const-value async load to async reset on $driver$u_my_ip_reg.u_ctrl_en.q ($aldff) from module my_ip.
Changing const-value async load to async reset on $driver$u_my_ip_core.u_sync_name.u_sync_2.q_o ($aldff) from module my_ip.
Changing const-value async load to async reset on $driver$u_my_ip_core.u_sync_name.u_sync_1.q_o ($aldff) from module my_ip.

2.6.7. Executing OPT_CLEAN pass (remove unused cells and wires).
Finding unused cells or wires in module \my_ip..
Removed 0 unused cells and 19 unused wires.
<suppressed ~13 debug messages>

2.6.8. Executing OPT_EXPR pass (perform const folding).
Optimizing module my_ip.

2.6.9. Rerunning OPT passes. (Maybe there is more to do..)

2.6.10. Executing OPT_MUXTREE pass (detect dead branches in mux trees).
Running muxtree optimizer on module \my_ip..
  Creating internal representation of mux trees.
  Evaluating internal representation of mux trees.
  Analyzing evaluation results.
Removed 0 multiplexer ports.
<suppressed ~29 debug messages>

2.6.11. Executing OPT_REDUCE pass (consolidate $*mux and $reduce_* inputs).
  Optimizing cells in module \my_ip.
Performed a total of 0 changes.

2.6.12. Executing OPT_MERGE pass (detect identical cells).
Finding identical cells in module `\my_ip'.
Removed a total of 0 cells.

2.6.13. Executing OPT_DFF pass (perform DFF optimizations).

2.6.14. Executing OPT_CLEAN pass (remove unused cells and wires).
Finding unused cells or wires in module \my_ip..

2.6.15. Executing OPT_EXPR pass (perform const folding).
Optimizing module my_ip.

2.6.16. Finished fast OPT passes. (There is nothing left to do.)

2.7. Executing FSM pass (extract and optimize FSM).

2.7.1. Executing FSM_DETECT pass (finding FSMs in design).
Not marking my_ip.u_my_ip_reg.u_reg_if.rspop_q as FSM state register:
    Register is connected to module port.
    Users of register don't seem to benefit from recoding.

2.7.2. Executing FSM_EXTRACT pass (extracting FSM from design).

2.7.3. Executing FSM_OPT pass (simple optimizations of FSMs).

2.7.4. Executing OPT_CLEAN pass (remove unused cells and wires).
Finding unused cells or wires in module \my_ip..

2.7.5. Executing FSM_OPT pass (simple optimizations of FSMs).

2.7.6. Executing FSM_RECODE pass (re-assigning FSM state encoding).

2.7.7. Executing FSM_INFO pass (dumping all available information on FSM cells).

2.7.8. Executing FSM_MAP pass (mapping FSMs to basic logic).

2.8. Executing OPT pass (performing simple optimizations).

2.8.1. Executing OPT_EXPR pass (perform const folding).
Optimizing module my_ip.

2.8.2. Executing OPT_MERGE pass (detect identical cells).
Finding identical cells in module `\my_ip'.
Removed a total of 0 cells.

2.8.3. Executing OPT_MUXTREE pass (detect dead branches in mux trees).
Running muxtree optimizer on module \my_ip..
  Creating internal representation of mux trees.
  Evaluating internal representation of mux trees.
  Analyzing evaluation results.
Removed 0 multiplexer ports.
<suppressed ~29 debug messages>

2.8.4. Executing OPT_REDUCE pass (consolidate $*mux and $reduce_* inputs).
  Optimizing cells in module \my_ip.
Performed a total of 0 changes.

2.8.5. Executing OPT_MERGE pass (detect identical cells).
Finding identical cells in module `\my_ip'.
Removed a total of 0 cells.

2.8.6. Executing OPT_DFF pass (perform DFF optimizations).
Adding EN signal on $driver$u_my_ip_reg.u_reg_if.rspop_q ($adff) from module my_ip (D = $21y, Q = \u_my_ip_reg.u_reg_if.rspop_q).
Adding EN signal on $driver$u_my_ip_reg.u_reg_if.reqsz_q ($adff) from module my_ip (D = \tl_i [101:100], Q = \u_my_ip_reg.u_reg_if.reqsz_q).
Adding EN signal on $driver$u_my_ip_reg.u_reg_if.reqid_q ($adff) from module my_ip (D = \tl_i [99:92], Q = \u_my_ip_reg.u_reg_if.reqid_q).
Adding EN signal on $driver$u_my_ip_reg.u_reg_if.rdata_q ($adff) from module my_ip (D = $30y, Q = \u_my_ip_reg.u_reg_if.rdata_q).
Adding EN signal on $driver$u_my_ip_reg.u_reg_if.outstanding_q ($adff) from module my_ip (D = $procmux$89_Y, Q = \u_my_ip_reg.u_reg_if.outstanding_q).
Adding EN signal on $driver$u_my_ip_reg.u_reg_if.error_q ($adff) from module my_ip (D = $28y, Q = \u_my_ip_reg.u_reg_if.error_q).
Adding EN signal on $driver$u_my_ip_reg.u_ctrl_setting.q ($adff) from module my_ip (D = \tl_i [55:40], Q = \u_my_ip_reg.u_ctrl_setting.q).
Adding EN signal on $driver$u_my_ip_reg.u_ctrl_rst.q ($adff) from module my_ip (D = \tl_i [25], Q = \u_my_ip_reg.u_ctrl_rst.q).
Adding EN signal on $driver$u_my_ip_reg.u_ctrl_en.q ($adff) from module my_ip (D = \tl_i [24], Q = \u_my_ip_reg.u_ctrl_en.q).

2.8.7. Executing OPT_CLEAN pass (remove unused cells and wires).
Finding unused cells or wires in module \my_ip..
Removed 8 unused cells and 8 unused wires.
<suppressed ~9 debug messages>

2.8.8. Executing OPT_EXPR pass (perform const folding).
Optimizing module my_ip.
<suppressed ~1 debug messages>

2.8.9. Rerunning OPT passes. (Maybe there is more to do..)

2.8.10. Executing OPT_MUXTREE pass (detect dead branches in mux trees).
Running muxtree optimizer on module \my_ip..
  Creating internal representation of mux trees.
  Evaluating internal representation of mux trees.
  Analyzing evaluation results.
Removed 0 multiplexer ports.
<suppressed ~15 debug messages>

2.8.11. Executing OPT_REDUCE pass (consolidate $*mux and $reduce_* inputs).
  Optimizing cells in module \my_ip.
Performed a total of 0 changes.

2.8.12. Executing OPT_MERGE pass (detect identical cells).
Finding identical cells in module `\my_ip'.
Removed a total of 0 cells.

2.8.13. Executing OPT_DFF pass (perform DFF optimizations).

2.8.14. Executing OPT_CLEAN pass (remove unused cells and wires).
Finding unused cells or wires in module \my_ip..

2.8.15. Executing OPT_EXPR pass (perform const folding).
Optimizing module my_ip.

2.8.16. Finished fast OPT passes. (There is nothing left to do.)

2.9. Executing WREDUCE pass (reducing word size of cells).
Removed top 2 bits (of 3) from port B of cell my_ip.$4 ($eq).
Removed top 2 bits (of 3) from mux cell my_ip.$21 ($mux).
Removed top 1 bits (of 2) from port B of cell my_ip.$151 ($eq).
Removed top 2 bits (of 3) from wire my_ip.$21y.

2.10. Executing PEEPOPT pass (run peephole optimizers).

2.11. Executing OPT_CLEAN pass (remove unused cells and wires).
Finding unused cells or wires in module \my_ip..
Removed 0 unused cells and 1 unused wires.
<suppressed ~1 debug messages>

2.12. Executing ALUMACC pass (create $alu and $macc cells).
Extracting $alu and $macc cells in module my_ip:
  created 0 $alu and 0 $macc cells.

2.13. Executing SHARE pass (SAT-based resource sharing).

2.14. Executing OPT pass (performing simple optimizations).

2.14.1. Executing OPT_EXPR pass (perform const folding).
Optimizing module my_ip.

2.14.2. Executing OPT_MERGE pass (detect identical cells).
Finding identical cells in module `\my_ip'.
Removed a total of 0 cells.

2.14.3. Executing OPT_MUXTREE pass (detect dead branches in mux trees).
Running muxtree optimizer on module \my_ip..
  Creating internal representation of mux trees.
  Evaluating internal representation of mux trees.
  Analyzing evaluation results.
Removed 0 multiplexer ports.
<suppressed ~15 debug messages>

2.14.4. Executing OPT_REDUCE pass (consolidate $*mux and $reduce_* inputs).
  Optimizing cells in module \my_ip.
Performed a total of 0 changes.

2.14.5. Executing OPT_MERGE pass (detect identical cells).
Finding identical cells in module `\my_ip'.
Removed a total of 0 cells.

2.14.6. Executing OPT_DFF pass (perform DFF optimizations).
Setting constant 0-bit at position 1 on $auto$ff.cc:266:slice$97 ($adffe) from module my_ip.
Setting constant 0-bit at position 2 on $auto$ff.cc:266:slice$97 ($adffe) from module my_ip.

2.14.7. Executing OPT_CLEAN pass (remove unused cells and wires).
Finding unused cells or wires in module \my_ip..

2.14.8. Executing OPT_EXPR pass (perform const folding).
Optimizing module my_ip.

2.14.9. Rerunning OPT passes. (Maybe there is more to do..)

2.14.10. Executing OPT_MUXTREE pass (detect dead branches in mux trees).
Running muxtree optimizer on module \my_ip..
  Creating internal representation of mux trees.
  Evaluating internal representation of mux trees.
  Analyzing evaluation results.
Removed 0 multiplexer ports.
<suppressed ~15 debug messages>

2.14.11. Executing OPT_REDUCE pass (consolidate $*mux and $reduce_* inputs).
  Optimizing cells in module \my_ip.
Performed a total of 0 changes.

2.14.12. Executing OPT_MERGE pass (detect identical cells).
Finding identical cells in module `\my_ip'.
Removed a total of 0 cells.

2.14.13. Executing OPT_DFF pass (perform DFF optimizations).

2.14.14. Executing OPT_CLEAN pass (remove unused cells and wires).
Finding unused cells or wires in module \my_ip..

2.14.15. Executing OPT_EXPR pass (perform const folding).
Optimizing module my_ip.

2.14.16. Finished fast OPT passes. (There is nothing left to do.)

2.15. Executing MEMORY pass.

2.15.1. Executing OPT_MEM pass (optimize memories).
Performed a total of 0 transformations.

2.15.2. Executing OPT_MEM_PRIORITY pass (removing unnecessary memory write priority relations).
Performed a total of 0 transformations.

2.15.3. Executing OPT_MEM_FEEDBACK pass (finding memory read-to-write feedback paths).

2.15.4. Executing MEMORY_BMUX2ROM pass (converting muxes to ROMs).

2.15.5. Executing MEMORY_DFF pass (merging $dff cells to $memrd).

2.15.6. Executing OPT_CLEAN pass (remove unused cells and wires).
Finding unused cells or wires in module \my_ip..

2.15.7. Executing MEMORY_SHARE pass (consolidating $memrd/$memwr cells).

2.15.8. Executing OPT_MEM_WIDEN pass (optimize memories where all ports are wide).
Performed a total of 0 transformations.

2.15.9. Executing OPT_CLEAN pass (remove unused cells and wires).
Finding unused cells or wires in module \my_ip..

2.15.10. Executing MEMORY_COLLECT pass (generating $mem cells).

2.16. Executing OPT_CLEAN pass (remove unused cells and wires).
Finding unused cells or wires in module \my_ip..

2.17. Executing OPT pass (performing simple optimizations).

2.17.1. Executing OPT_EXPR pass (perform const folding).
Optimizing module my_ip.
<suppressed ~19 debug messages>

2.17.2. Executing OPT_MERGE pass (detect identical cells).
Finding identical cells in module `\my_ip'.
Removed a total of 0 cells.

2.17.3. Executing OPT_DFF pass (perform DFF optimizations).

2.17.4. Executing OPT_CLEAN pass (remove unused cells and wires).
Finding unused cells or wires in module \my_ip..
Removed 0 unused cells and 3 unused wires.
<suppressed ~1 debug messages>

2.17.5. Finished fast OPT passes.

2.18. Executing MEMORY_MAP pass (converting memories to logic and flip-flops).

2.19. Executing OPT pass (performing simple optimizations).

2.19.1. Executing OPT_EXPR pass (perform const folding).
Optimizing module my_ip.
<suppressed ~2 debug messages>

2.19.2. Executing OPT_MERGE pass (detect identical cells).
Finding identical cells in module `\my_ip'.
Removed a total of 0 cells.

2.19.3. Executing OPT_MUXTREE pass (detect dead branches in mux trees).
Running muxtree optimizer on module \my_ip..
  Creating internal representation of mux trees.
  Evaluating internal representation of mux trees.
  Analyzing evaluation results.
Removed 0 multiplexer ports.
<suppressed ~6 debug messages>

2.19.4. Executing OPT_REDUCE pass (consolidate $*mux and $reduce_* inputs).
  Optimizing cells in module \my_ip.
    Consolidated identical input bits for $mux cell $procmux$16:
      Old ports: A=6'111111, B=6'000000, Y=\u_my_ip_reg.u_reg_if.rdata_i [7:2]
      New ports: A=1'1, B=1'0, Y=\u_my_ip_reg.u_reg_if.rdata_i [2]
      New connections: \u_my_ip_reg.u_reg_if.rdata_i [7:3] = { \u_my_ip_reg.u_reg_if.rdata_i [2] \u_my_ip_reg.u_reg_if.rdata_i [2] \u_my_ip_reg.u_reg_if.rdata_i [2] \u_my_ip_reg.u_reg_if.rdata_i [2] \u_my_ip_reg.u_reg_if.rdata_i [2] }
    Consolidated identical input bits for $mux cell $procmux$22:
      Old ports: A=8'11111111, B=8'00000000, Y=\u_my_ip_reg.u_reg_if.rdata_i [15:8]
      New ports: A=1'1, B=1'0, Y=\u_my_ip_reg.u_reg_if.rdata_i [8]
      New connections: \u_my_ip_reg.u_reg_if.rdata_i [15:9] = { \u_my_ip_reg.u_reg_if.rdata_i [8] \u_my_ip_reg.u_reg_if.rdata_i [8] \u_my_ip_reg.u_reg_if.rdata_i [8] \u_my_ip_reg.u_reg_if.rdata_i [8] \u_my_ip_reg.u_reg_if.rdata_i [8] \u_my_ip_reg.u_reg_if.rdata_i [8] \u_my_ip_reg.u_reg_if.rdata_i [8] }
  Optimizing cells in module \my_ip.
    Consolidated identical input bits for $mux cell $30:
      Old ports: A=\u_my_ip_reg.u_reg_if.rdata_i, B=32'11111111111111111111111111111111, Y=$30y
      New ports: A={ \u_my_ip_reg.u_reg_if.rdata_i [31:16] \u_my_ip_reg.u_reg_if.rdata_i [8] \u_my_ip_reg.u_reg_if.rdata_i [2:0] }, B=20'11111111111111111111, Y={ $30y [31:16] $30y [8] $30y [2:0] }
      New connections: { $30y [15:9] $30y [7:3] } = { $30y [8] $30y [8] $30y [8] $30y [8] $30y [8] $30y [8] $30y [8] $30y [2] $30y [2] $30y [2] $30y [2] $30y [2] }
  Optimizing cells in module \my_ip.
Performed a total of 3 changes.

2.19.5. Executing OPT_MERGE pass (detect identical cells).
Finding identical cells in module `\my_ip'.
Removed a total of 0 cells.

2.19.6. Executing OPT_SHARE pass.

2.19.7. Executing OPT_DFF pass (perform DFF optimizations).

2.19.8. Executing OPT_CLEAN pass (remove unused cells and wires).
Finding unused cells or wires in module \my_ip..

2.19.9. Executing OPT_EXPR pass (perform const folding).
Optimizing module my_ip.
<suppressed ~2 debug messages>

2.19.10. Rerunning OPT passes. (Maybe there is more to do..)

2.19.11. Executing OPT_MUXTREE pass (detect dead branches in mux trees).
Running muxtree optimizer on module \my_ip..
  Creating internal representation of mux trees.
  Evaluating internal representation of mux trees.
  Analyzing evaluation results.
Removed 0 multiplexer ports.
<suppressed ~4 debug messages>

2.19.12. Executing OPT_REDUCE pass (consolidate $*mux and $reduce_* inputs).
  Optimizing cells in module \my_ip.
Performed a total of 0 changes.

2.19.13. Executing OPT_MERGE pass (detect identical cells).
Finding identical cells in module `\my_ip'.
Removed a total of 0 cells.

2.19.14. Executing OPT_SHARE pass.

2.19.15. Executing OPT_DFF pass (perform DFF optimizations).

2.19.16. Executing OPT_CLEAN pass (remove unused cells and wires).
Finding unused cells or wires in module \my_ip..

2.19.17. Executing OPT_EXPR pass (perform const folding).
Optimizing module my_ip.

2.19.18. Finished fast OPT passes. (There is nothing left to do.)

2.20. Executing TECHMAP pass (map to technology primitives).

2.20.1. Executing Verilog-2005 frontend: /usr/local/bin/../share/yosys/techmap.v
Parsing Verilog input from `/usr/local/bin/../share/yosys/techmap.v' to AST representation.
verilog frontend filename /usr/local/bin/../share/yosys/techmap.v
Generating RTLIL representation for module `\_90_simplemap_bool_ops'.
Generating RTLIL representation for module `\_90_simplemap_reduce_ops'.
Generating RTLIL representation for module `\_90_simplemap_logic_ops'.
Generating RTLIL representation for module `\_90_simplemap_compare_ops'.
Generating RTLIL representation for module `\_90_simplemap_various'.
Generating RTLIL representation for module `\_90_simplemap_registers'.
Generating RTLIL representation for module `\_90_shift_ops_shr_shl_sshl_sshr'.
Generating RTLIL representation for module `\_90_shift_shiftx'.
Generating RTLIL representation for module `\_90_fa'.
Generating RTLIL representation for module `\_90_lcu_brent_kung'.
Generating RTLIL representation for module `\_90_alu'.
Generating RTLIL representation for module `\_90_macc'.
Generating RTLIL representation for module `\_90_alumacc'.
Generating RTLIL representation for module `\$__div_mod_u'.
Generating RTLIL representation for module `\$__div_mod_trunc'.
Generating RTLIL representation for module `\_90_div'.
Generating RTLIL representation for module `\_90_mod'.
Generating RTLIL representation for module `\$__div_mod_floor'.
Generating RTLIL representation for module `\_90_divfloor'.
Generating RTLIL representation for module `\_90_modfloor'.
Generating RTLIL representation for module `\_90_pow'.
Generating RTLIL representation for module `\_90_pmux'.
Generating RTLIL representation for module `\_90_demux'.
Generating RTLIL representation for module `\_90_lut'.
Generating RTLIL representation for module `\$connect'.
Generating RTLIL representation for module `\$input_port'.
Successfully finished Verilog frontend.

2.20.2. Continuing TECHMAP pass.
Using extmapper simplemap for cells of type $reduce_bool.
Using extmapper simplemap for cells of type $and.
Using extmapper simplemap for cells of type $logic_not.
Using extmapper simplemap for cells of type $eq.
Using extmapper simplemap for cells of type $or.
Using extmapper simplemap for cells of type $reduce_or.
Using extmapper simplemap for cells of type $not.
Using extmapper simplemap for cells of type $adffe.
Using extmapper simplemap for cells of type $logic_or.
Using extmapper simplemap for cells of type $mux.
Using template $paramod$0d149ffe75563ef6fcc1a3dddc59d00af28651a7\_90_pmux for cells of type $pmux.
Using extmapper simplemap for cells of type $adff.
Using template $paramod$521ce43182eecb9f60c72393a788160d2c356bf5\_90_pmux for cells of type $pmux.
No more expansions possible.
<suppressed ~186 debug messages>

2.21. Executing OPT pass (performing simple optimizations).

2.21.1. Executing OPT_EXPR pass (perform const folding).
Optimizing module my_ip.
<suppressed ~48 debug messages>

2.21.2. Executing OPT_MERGE pass (detect identical cells).
Finding identical cells in module `\my_ip'.
<suppressed ~51 debug messages>
Removed a total of 17 cells.

2.21.3. Executing OPT_DFF pass (perform DFF optimizations).

2.21.4. Executing OPT_CLEAN pass (remove unused cells and wires).
Finding unused cells or wires in module \my_ip..
Removed 0 unused cells and 93 unused wires.
<suppressed ~1 debug messages>

2.21.5. Finished fast OPT passes.

2.22. Executing HIERARCHY pass (managing design hierarchy).
Attribute `top' found on module `my_ip'. Setting top module to my_ip.

2.22.1. Analyzing design hierarchy..
Top module:  \my_ip

2.22.2. Analyzing design hierarchy..
Top module:  \my_ip
Removed 0 unused modules.

2.23. Printing statistics.

=== my_ip ===

        +----------Local Count, excluding submodules.
        | 
      254 wires
     2218 wire bits
      209 public wires
     2102 public wire bits
        6 ports
      179 port bits
      174 cells
       33   $_AND_
       51   $_DFFE_PN0P_
        2   $_DFF_PN0_
       38   $_MUX_
       20   $_NOT_
       30   $_OR_

2.24. Executing CHECK pass (checking for obvious problems).
Checking module my_ip...
Found and reported 0 problems.

3. Executing DFFLIBMAP pass (mapping DFF cells to sequential cells from liberty file).
  cell sky130_fd_sc_hd__dfxtp_1 (noninv, pins=3, area=20.02) is a direct match for cell type $_DFF_P_.
  cell sky130_fd_sc_hd__dfrtn_1 (noninv, pins=4, area=25.02) is a direct match for cell type $_DFF_NN0_.
  cell sky130_fd_sc_hd__dfrtp_1 (noninv, pins=4, area=25.02) is a direct match for cell type $_DFF_PN0_.
  cell sky130_fd_sc_hd__dfstp_2 (noninv, pins=4, area=26.28) is a direct match for cell type $_DFF_PN1_.
  cell sky130_fd_sc_hd__edfxtp_1 (noninv, pins=4, area=30.03) is a direct match for cell type $_DFFE_PP_.
  cell sky130_fd_sc_hd__dfbbn_1 (noninv, pins=6, area=32.53) is a direct match for cell type $_DFFSR_NNN_.
  cell sky130_fd_sc_hd__dfbbp_1 (noninv, pins=6, area=32.53) is a direct match for cell type $_DFFSR_PNN_.
  final dff cell mappings:
    unmapped dff cell: $_DFF_N_
    \sky130_fd_sc_hd__dfxtp_1 _DFF_P_ (.CLK( C), .D( D), .Q( Q));
    \sky130_fd_sc_hd__dfrtn_1 _DFF_NN0_ (.CLK_N( C), .D( D), .Q( Q), .RESET_B( R));
    unmapped dff cell: $_DFF_NN1_
    unmapped dff cell: $_DFF_NP0_
    unmapped dff cell: $_DFF_NP1_
    \sky130_fd_sc_hd__dfrtp_1 _DFF_PN0_ (.CLK( C), .D( D), .Q( Q), .RESET_B( R));
    \sky130_fd_sc_hd__dfstp_2 _DFF_PN1_ (.CLK( C), .D( D), .Q( Q), .SET_B( R));
    unmapped dff cell: $_DFF_PP0_
    unmapped dff cell: $_DFF_PP1_
    unmapped dff cell: $_DFFE_NN_
    unmapped dff cell: $_DFFE_NP_
    unmapped dff cell: $_DFFE_PN_
    \sky130_fd_sc_hd__edfxtp_1 _DFFE_PP_ (.CLK( C), .D( D), .DE( E), .Q( Q));
    \sky130_fd_sc_hd__dfbbn_1 _DFFSR_NNN_ (.CLK_N( C), .D( D), .Q( Q), .Q_N(~Q), .RESET_B( R), .SET_B( S));
    unmapped dff cell: $_DFFSR_NNP_
    unmapped dff cell: $_DFFSR_NPN_
    unmapped dff cell: $_DFFSR_NPP_
    \sky130_fd_sc_hd__dfbbp_1 _DFFSR_PNN_ (.CLK( C), .D( D), .Q( Q), .Q_N(~Q), .RESET_B( R), .SET_B( S));
    unmapped dff cell: $_DFFSR_PNP_
    unmapped dff cell: $_DFFSR_PPN_
    unmapped dff cell: $_DFFSR_PPP_

3.1. Executing DFFLEGALIZE pass (convert FFs to types supported by the target).
<suppressed ~24 debug messages>
Mapping DFF cells in module `\my_ip':
  mapped 53 $_DFF_PN0_ cells to \sky130_fd_sc_hd__dfrtp_1 cells.

4. Executing ABC pass (technology mapping using ABC).

4.1. Extracting gate netlist of module `\my_ip' to `<abc-temp-dir>/input.blif'..

4.1.1. Executed ABC.
Extracted 172 gates and 265 wires to a netlist network with 92 inputs and 52 outputs.
Running ABC script: <abc-temp-dir>/abc.script
ABC: UC Berkeley, ABC 1.01 (compiled Nov 21 2025 00:25:22)
ABC: abc 01> empty
ABC: abc 01> source <abc-temp-dir>/abc.script
ABC: + read_blif <abc-temp-dir>/input.blif 
ABC: + read_lib -w /home/eneadim/github/flexsoc/lib/sky130_fd_sc_hd__tt_025C_1v80.lib 
ABC: Parsing finished successfully.  Parsing time =     0.08 sec
ABC: Scl_LibertyReadGenlib() skipped cell "sky130_fd_sc_hd__decap_12" without logic function.
ABC: Scl_LibertyReadGenlib() skipped cell "sky130_fd_sc_hd__decap_3" without logic function.
ABC: Scl_LibertyReadGenlib() skipped cell "sky130_fd_sc_hd__decap_4" without logic function.
ABC: Scl_LibertyReadGenlib() skipped cell "sky130_fd_sc_hd__decap_6" without logic function.
ABC: Scl_LibertyReadGenlib() skipped cell "sky130_fd_sc_hd__decap_8" without logic function.
ABC: Scl_LibertyReadGenlib() skipped sequential cell "sky130_fd_sc_hd__dfbbn_1".
ABC: Scl_LibertyReadGenlib() skipped sequential cell "sky130_fd_sc_hd__dfbbn_2".
ABC: Scl_LibertyReadGenlib() skipped sequential cell "sky130_fd_sc_hd__dfbbp_1".
ABC: Scl_LibertyReadGenlib() skipped sequential cell "sky130_fd_sc_hd__dfrbp_1".
ABC: Scl_LibertyReadGenlib() skipped sequential cell "sky130_fd_sc_hd__dfrbp_2".
ABC: Scl_LibertyReadGenlib() skipped sequential cell "sky130_fd_sc_hd__dfrtn_1".
ABC: Scl_LibertyReadGenlib() skipped sequential cell "sky130_fd_sc_hd__dfrtp_1".
ABC: Scl_LibertyReadGenlib() skipped sequential cell "sky130_fd_sc_hd__dfrtp_2".
ABC: Scl_LibertyReadGenlib() skipped sequential cell "sky130_fd_sc_hd__dfrtp_4".
ABC: Scl_LibertyReadGenlib() skipped sequential cell "sky130_fd_sc_hd__dfsbp_1".
ABC: Scl_LibertyReadGenlib() skipped sequential cell "sky130_fd_sc_hd__dfsbp_2".
ABC: Scl_LibertyReadGenlib() skipped sequential cell "sky130_fd_sc_hd__dfstp_1".
ABC: Scl_LibertyReadGenlib() skipped sequential cell "sky130_fd_sc_hd__dfstp_2".
ABC: Scl_LibertyReadGenlib() skipped sequential cell "sky130_fd_sc_hd__dfstp_4".
ABC: Scl_LibertyReadGenlib() skipped sequential cell "sky130_fd_sc_hd__dfxbp_1".
ABC: Scl_LibertyReadGenlib() skipped sequential cell "sky130_fd_sc_hd__dfxbp_2".
ABC: Scl_LibertyReadGenlib() skipped sequential cell "sky130_fd_sc_hd__dfxtp_1".
ABC: Scl_LibertyReadGenlib() skipped sequential cell "sky130_fd_sc_hd__dfxtp_2".
ABC: Scl_LibertyReadGenlib() skipped sequential cell "sky130_fd_sc_hd__dfxtp_4".
ABC: Scl_LibertyReadGenlib() skipped cell "sky130_fd_sc_hd__diode_2" without logic function.
ABC: Scl_LibertyReadGenlib() skipped cell "sky130_fd_sc_hd__dlclkp_1" without logic function.
ABC: Scl_LibertyReadGenlib() skipped cell "sky130_fd_sc_hd__dlclkp_2" without logic function.
ABC: Scl_LibertyReadGenlib() skipped cell "sky130_fd_sc_hd__dlclkp_4" without logic function.
ABC: Scl_LibertyReadGenlib() skipped sequential cell "sky130_fd_sc_hd__dlrbn_1".
ABC: Scl_LibertyReadGenlib() skipped sequential cell "sky130_fd_sc_hd__dlrbn_2".
ABC: Scl_LibertyReadGenlib() skipped sequential cell "sky130_fd_sc_hd__dlrbp_1".
ABC: Scl_LibertyReadGenlib() skipped sequential cell "sky130_fd_sc_hd__dlrbp_2".
ABC: Scl_LibertyReadGenlib() skipped sequential cell "sky130_fd_sc_hd__dlrtn_1".
ABC: Scl_LibertyReadGenlib() skipped sequential cell "sky130_fd_sc_hd__dlrtn_2".
ABC: Scl_LibertyReadGenlib() skipped sequential cell "sky130_fd_sc_hd__dlrtn_4".
ABC: Scl_LibertyReadGenlib() skipped sequential cell "sky130_fd_sc_hd__dlrtp_1".
ABC: Scl_LibertyReadGenlib() skipped sequential cell "sky130_fd_sc_hd__dlrtp_2".
ABC: Scl_LibertyReadGenlib() skipped sequential cell "sky130_fd_sc_hd__dlrtp_4".
ABC: Scl_LibertyReadGenlib() skipped sequential cell "sky130_fd_sc_hd__dlxbn_1".
ABC: Scl_LibertyReadGenlib() skipped sequential cell "sky130_fd_sc_hd__dlxbn_2".
ABC: Scl_LibertyReadGenlib() skipped sequential cell "sky130_fd_sc_hd__dlxbp_1".
ABC: Scl_LibertyReadGenlib() skipped sequential cell "sky130_fd_sc_hd__dlxtn_1".
ABC: Scl_LibertyReadGenlib() skipped sequential cell "sky130_fd_sc_hd__dlxtn_2".
ABC: Scl_LibertyReadGenlib() skipped sequential cell "sky130_fd_sc_hd__dlxtn_4".
ABC: Scl_LibertyReadGenlib() skipped sequential cell "sky130_fd_sc_hd__dlxtp_1".
ABC: Scl_LibertyReadGenlib() skipped three-state cell "sky130_fd_sc_hd__ebufn_1".
ABC: Scl_LibertyReadGenlib() skipped three-state cell "sky130_fd_sc_hd__ebufn_2".
ABC: Scl_LibertyReadGenlib() skipped three-state cell "sky130_fd_sc_hd__ebufn_4".
ABC: Scl_LibertyReadGenlib() skipped three-state cell "sky130_fd_sc_hd__ebufn_8".
ABC: Scl_LibertyReadGenlib() skipped sequential cell "sky130_fd_sc_hd__edfxbp_1".
ABC: Scl_LibertyReadGenlib() skipped sequential cell "sky130_fd_sc_hd__edfxtp_1".
ABC: Scl_LibertyReadGenlib() skipped three-state cell "sky130_fd_sc_hd__einvn_0".
ABC: Scl_LibertyReadGenlib() skipped three-state cell "sky130_fd_sc_hd__einvn_1".
ABC: Scl_LibertyReadGenlib() skipped three-state cell "sky130_fd_sc_hd__einvn_2".
ABC: Scl_LibertyReadGenlib() skipped three-state cell "sky130_fd_sc_hd__einvn_4".
ABC: Scl_LibertyReadGenlib() skipped three-state cell "sky130_fd_sc_hd__einvn_8".
ABC: Scl_LibertyReadGenlib() skipped three-state cell "sky130_fd_sc_hd__einvp_1".
ABC: Scl_LibertyReadGenlib() skipped three-state cell "sky130_fd_sc_hd__einvp_2".
ABC: Scl_LibertyReadGenlib() skipped three-state cell "sky130_fd_sc_hd__einvp_4".
ABC: Scl_LibertyReadGenlib() skipped three-state cell "sky130_fd_sc_hd__einvp_8".
ABC: Scl_LibertyReadGenlib() skipped cell "sky130_fd_sc_hd__lpflow_bleeder_1" without logic function.
ABC: Scl_LibertyReadGenlib() skipped cell "sky130_fd_sc_hd__lpflow_decapkapwr_12" without logic function.
ABC: Scl_LibertyReadGenlib() skipped cell "sky130_fd_sc_hd__lpflow_decapkapwr_3" without logic function.
ABC: Scl_LibertyReadGenlib() skipped cell "sky130_fd_sc_hd__lpflow_decapkapwr_4" without logic function.
ABC: Scl_LibertyReadGenlib() skipped cell "sky130_fd_sc_hd__lpflow_decapkapwr_6" without logic function.
ABC: Scl_LibertyReadGenlib() skipped cell "sky130_fd_sc_hd__lpflow_decapkapwr_8" without logic function.
ABC: Scl_LibertyReadGenlib() skipped sequential cell "sky130_fd_sc_hd__lpflow_inputisolatch_1".
ABC: Scl_LibertyReadGenlib() skipped sequential cell "sky130_fd_sc_hd__sdfbbn_1".
ABC: Scl_LibertyReadGenlib() skipped sequential cell "sky130_fd_sc_hd__sdfbbn_2".
ABC: Scl_LibertyReadGenlib() skipped sequential cell "sky130_fd_sc_hd__sdfbbp_1".
ABC: Scl_LibertyReadGenlib() skipped sequential cell "sky130_fd_sc_hd__sdfrbp_1".
ABC: Scl_LibertyReadGenlib() skipped sequential cell "sky130_fd_sc_hd__sdfrbp_2".
ABC: Scl_LibertyReadGenlib() skipped sequential cell "sky130_fd_sc_hd__sdfrtn_1".
ABC: Scl_LibertyReadGenlib() skipped sequential cell "sky130_fd_sc_hd__sdfrtp_1".
ABC: Scl_LibertyReadGenlib() skipped sequential cell "sky130_fd_sc_hd__sdfrtp_2".
ABC: Scl_LibertyReadGenlib() skipped sequential cell "sky130_fd_sc_hd__sdfrtp_4".
ABC: Scl_LibertyReadGenlib() skipped sequential cell "sky130_fd_sc_hd__sdfsbp_1".
ABC: Scl_LibertyReadGenlib() skipped sequential cell "sky130_fd_sc_hd__sdfsbp_2".
ABC: Scl_LibertyReadGenlib() skipped sequential cell "sky130_fd_sc_hd__sdfstp_1".
ABC: Scl_LibertyReadGenlib() skipped sequential cell "sky130_fd_sc_hd__sdfstp_2".
ABC: Scl_LibertyReadGenlib() skipped sequential cell "sky130_fd_sc_hd__sdfstp_4".
ABC: Scl_LibertyReadGenlib() skipped sequential cell "sky130_fd_sc_hd__sdfxbp_1".
ABC: Scl_LibertyReadGenlib() skipped sequential cell "sky130_fd_sc_hd__sdfxbp_2".
ABC: Scl_LibertyReadGenlib() skipped sequential cell "sky130_fd_sc_hd__sdfxtp_1".
ABC: Scl_LibertyReadGenlib() skipped sequential cell "sky130_fd_sc_hd__sdfxtp_2".
ABC: Scl_LibertyReadGenlib() skipped sequential cell "sky130_fd_sc_hd__sdfxtp_4".
ABC: Scl_LibertyReadGenlib() skipped cell "sky130_fd_sc_hd__sdlclkp_1" without logic function.
ABC: Scl_LibertyReadGenlib() skipped cell "sky130_fd_sc_hd__sdlclkp_2" without logic function.
ABC: Scl_LibertyReadGenlib() skipped cell "sky130_fd_sc_hd__sdlclkp_4" without logic function.
ABC: Scl_LibertyReadGenlib() skipped sequential cell "sky130_fd_sc_hd__sedfxbp_1".
ABC: Scl_LibertyReadGenlib() skipped sequential cell "sky130_fd_sc_hd__sedfxbp_2".
ABC: Scl_LibertyReadGenlib() skipped sequential cell "sky130_fd_sc_hd__sedfxtp_1".
ABC: Scl_LibertyReadGenlib() skipped sequential cell "sky130_fd_sc_hd__sedfxtp_2".
ABC: Scl_LibertyReadGenlib() skipped sequential cell "sky130_fd_sc_hd__sedfxtp_4".
ABC: Library "sky130_fd_sc_hd__tt_025C_1v80" from "/home/eneadim/github/flexsoc/lib/sky130_fd_sc_hd__tt_025C_1v80.lib" has 334 cells (94 skipped: 63 seq; 13 tri-state; 18 no func; 0 dont_use; 0 with 2 outputs; 0 with 3+ outputs).  Time =     0.11 sec
ABC: Memory =   19.85 MB. Time =     0.11 sec
ABC: Warning: Detected 9 multi-output cells (for example, "sky130_fd_sc_hd__fa_1").
ABC: + read_constr -v /home/eneadim/github/flexsoc/workspace/runs/my_ip/dev1/openroad/my_ip.sdc 
ABC: Unrecognized token "current_design".
ABC: Unrecognized token "set".
ABC: Unrecognized token "set".
ABC: Unrecognized token "set".
ABC: Unrecognized token "set".
ABC: Unrecognized token "set".
ABC: Unrecognized token "create_clock".
ABC: Unrecognized token "set".
ABC: Unrecognized token "set_input_delay".
ABC: Unrecognized token "set_output_delay".
ABC: + source /home/eneadim/github/flexsoc/workspace/runs/my_ip/dev1/syn/area.abc 
ABC: WireLoad = "none"  Gates =    126 (  4.0 %)   Cap =  3.1 ff (  0.6 %)   Area =      658.13 ( 96.0 %)   Delay =  1800.99 ps  ( 25.4 %)               
ABC: Path  0 --      42 : 0    1 pi                        A =   0.00  Df =   0.0   -0.0 ps  S =   0.0 ps  Cin =  0.0 ff  Cout =   3.3 ff  Cmax =   0.0 ff  G =    0  
ABC: Path  1 --     145 : 1    3 sky130_fd_sc_hd__clkinv_1 A =   3.75  Df =  42.7  -14.5 ps  S =  39.9 ps  Cin =  3.1 ff  Cout =   4.2 ff  Cmax = 190.4 ff  G =  132  
ABC: Path  2 --     146 : 2   16 sky130_fd_sc_hd__nand2_1  A =   3.75  Df = 316.1  -79.9 ps  S = 355.8 ps  Cin =  2.3 ff  Cout =  38.6 ff  Cmax = 166.6 ff  G = 1609  
ABC: Path  3 --     156 : 1   31 sky130_fd_sc_hd__clkinv_1 A =   3.75  Df = 866.7 -216.9 ps  S = 538.8 ps  Cin =  3.1 ff  Cout =  76.2 ff  Cmax = 190.4 ff  G = 2359  
ABC: Path  4 --     157 : 2   17 sky130_fd_sc_hd__nand2_1  A =   3.75  Df =1389.4 -392.3 ps  S = 422.7 ps  Cin =  2.3 ff  Cout =  42.9 ff  Cmax = 166.6 ff  G = 1735  
ABC: Path  5 --     158 : 1    2 sky130_fd_sc_hd__clkinv_1 A =   3.75  Df =1526.6 -411.7 ps  S = 104.0 ps  Cin =  3.1 ff  Cout =   4.2 ff  Cmax = 190.4 ff  G =  130  
ABC: Path  6 --     159 : 3    2 sky130_fd_sc_hd__o21ai_0  A =   5.00  Df =1642.5 -427.1 ps  S = 195.5 ps  Cin =  1.7 ff  Cout =   4.9 ff  Cmax =  50.4 ff  G =  275  
ABC: Path  7 --     160 : 3    2 sky130_fd_sc_hd__a21oi_1  A =   5.00  Df =1717.0 -349.2 ps  S = 146.4 ps  Cin =  2.3 ff  Cout =   4.9 ff  Cmax =  74.2 ff  G =  201  
ABC: Path  8 --     163 : 3    1 sky130_fd_sc_hd__a21oi_1  A =   5.00  Df =1801.0 -373.9 ps  S =  54.4 ps  Cin =  2.3 ff  Cout =   0.0 ff  Cmax =  74.2 ff  G =    0  
ABC: Start-point = pi41 (\u_my_ip_reg.u_reg_if.outstanding_q).  End-point = po1 ($auto$rtlil.cc:3381:MuxGate$524).
ABC: netlist                       : i/o =   92/   52  lat =    0  nd =   126  edge =    295  area =657.73  delay =690.90  lev = 8
ABC: + write_blif <abc-temp-dir>/output.blif 

4.1.2. Re-integrating ABC results.
ABC RESULTS:   sky130_fd_sc_hd__a21oi_1 cells:       19
ABC RESULTS:   sky130_fd_sc_hd__a22o_2 cells:        1
ABC RESULTS:   sky130_fd_sc_hd__clkinv_1 cells:        5
ABC RESULTS:   sky130_fd_sc_hd__mux2_2 cells:       18
ABC RESULTS:   sky130_fd_sc_hd__nand2_1 cells:       36
ABC RESULTS:   sky130_fd_sc_hd__nand3_1 cells:        2
ABC RESULTS:   sky130_fd_sc_hd__nand3b_1 cells:        1
ABC RESULTS:   sky130_fd_sc_hd__nor2_1 cells:       39
ABC RESULTS:   sky130_fd_sc_hd__o21a_1 cells:        1
ABC RESULTS:   sky130_fd_sc_hd__o21ai_0 cells:        2
ABC RESULTS:   sky130_fd_sc_hd__o41ai_1 cells:        1
ABC RESULTS:   sky130_fd_sc_hd__or2_2 cells:        1
ABC RESULTS:        internal signals:      121
ABC RESULTS:           input signals:       92
ABC RESULTS:          output signals:       52
Removing temp directory.
Removing global temp directory.

5. Executing OPT_CLEAN pass (remove unused cells and wires).
Finding unused cells or wires in module \my_ip..
Removed 0 unused cells and 390 unused wires.
<suppressed ~202 debug messages>

6. Printing statistics.

=== my_ip ===

        +----------Local Count, excluding submodules.
        |        +-Local Area, excluding submodules.
        |        | 
      133        - wires
      345        - wire bits
        8        - public wires
      220        - public wire bits
        6        - ports
      179        - port bits
      179 1.98E+03 cells
       19   95.091   sky130_fd_sc_hd__a21oi_1
        1    10.01   sky130_fd_sc_hd__a22o_2
        5   18.768   sky130_fd_sc_hd__clkinv_1
       53 1.33E+03   sky130_fd_sc_hd__dfrtp_1
       18  202.694   sky130_fd_sc_hd__mux2_2
       36   135.13   sky130_fd_sc_hd__nand2_1
        2    10.01   sky130_fd_sc_hd__nand3_1
        1    7.507   sky130_fd_sc_hd__nand3b_1
       39   146.39   sky130_fd_sc_hd__nor2_1
        1    7.507   sky130_fd_sc_hd__o21a_1
        2    10.01   sky130_fd_sc_hd__o21ai_0
        1    8.758   sky130_fd_sc_hd__o41ai_1
        1    6.256   sky130_fd_sc_hd__or2_2

   Chip area for module '\my_ip': 1984.403200
     of which used for sequential elements: 1326.272000 (66.83%)

7. Executing Verilog backend.

7.1. Executing BMUXMAP pass.

7.2. Executing DEMUXMAP pass.
Dumping module `\my_ip'.

8. Executing JSON backend.

Warnings: 10 unique messages, 10 total
End of script. Logfile hash: 9b695a9c85, CPU: user 0.28s system 0.03s, MEM: 63.36 MB peak
Yosys 0.58 (git sha1 157aabb58, g++ 13.3.0-6ubuntu2~24.04 -fPIC -O3)
Time spent: 44% 1x abc (0 sec), 13% 2x read_slang (0 sec), ...
