OpenSTA 2.7.0 65dc4e7a14 Copyright (c) 2025, Parallax Software, Inc.
License GPLv3: GNU GPL version 3 <http://gnu.org/licenses/gpl.html>

This is free software, and you are free to change and redistribute it
under certain conditions; type `show_copying' for details. 
This program comes with ABSOLUTELY NO WARRANTY; for details type `show_warranty'.

===========================================================================
Define corners Slowest Typical Fastest
===========================================================================

define_corners Slowest Typical Fastest

===========================================================================
Read liberty files
===========================================================================

read_liberty -corner Slowest /home/eneadim/github/flexsoc/lib/sky130_fd_sc_hd__ss_100C_1v40.lib
read_liberty -corner Typical /home/eneadim/github/flexsoc/lib/sky130_fd_sc_hd__tt_025C_1v80.lib
read_liberty -corner Fastest /home/eneadim/github/flexsoc/lib/sky130_fd_sc_hd__ff_n40C_1v95.lib

===========================================================================
Read verilog and link top module
===========================================================================

read_verilog /home/eneadim/github/flexsoc/workspace/runs/my_ip/dev1/syn/my_ip_synth.v
link_design my_ip

===========================================================================
Read SDC
===========================================================================

read_sdc /home/eneadim/github/flexsoc/workspace/runs/my_ip/dev1/openroad/my_ip.sdc


===========================================================================
(Probability Power Analysis) report_power
============================================================================
set_power_activity -input -activity .10
set_power_activity -input_port rst_ni -activity 0

======================= Fastest Corner ===================================
Group                  Internal  Switching    Leakage      Total
                          Power      Power      Power      Power (Watts)
----------------------------------------------------------------
Sequential             1.48e-04   4.82e-06   1.13e-07   1.53e-04  86.6%
Combinational          1.22e-05   1.16e-05   7.29e-10   2.38e-05  13.4%
Clock                  0.00e+00   0.00e+00   0.00e+00   0.00e+00   0.0%
Macro                  0.00e+00   0.00e+00   0.00e+00   0.00e+00   0.0%
Pad                    0.00e+00   0.00e+00   0.00e+00   0.00e+00   0.0%
----------------------------------------------------------------
Total                  1.61e-04   1.64e-05   1.14e-07   1.77e-04 100.0%
                          90.7%       9.3%       0.1%


======================= Slowest Corner ===================================
Group                  Internal  Switching    Leakage      Total
                          Power      Power      Power      Power (Watts)
----------------------------------------------------------------
Sequential             7.46e-05   2.37e-06   6.68e-07   7.76e-05  86.3%
Combinational          6.56e-06   5.51e-06   2.87e-07   1.24e-05  13.7%
Clock                  0.00e+00   0.00e+00   0.00e+00   0.00e+00   0.0%
Macro                  0.00e+00   0.00e+00   0.00e+00   0.00e+00   0.0%
Pad                    0.00e+00   0.00e+00   0.00e+00   0.00e+00   0.0%
----------------------------------------------------------------
Total                  8.11e-05   7.88e-06   9.55e-07   9.00e-05 100.0%
                          90.2%       8.8%       1.1%


======================= Typical Corner ===================================
Group                  Internal  Switching    Leakage      Total
                          Power      Power      Power      Power (Watts)
----------------------------------------------------------------
Sequential             1.28e-04   4.09e-06   1.13e-07   1.32e-04  86.6%
Combinational          1.08e-05   9.71e-06   3.34e-10   2.06e-05  13.4%
Clock                  0.00e+00   0.00e+00   0.00e+00   0.00e+00   0.0%
Macro                  0.00e+00   0.00e+00   0.00e+00   0.00e+00   0.0%
Pad                    0.00e+00   0.00e+00   0.00e+00   0.00e+00   0.0%
----------------------------------------------------------------
Total                  1.39e-04   1.38e-05   1.13e-07   1.53e-04 100.0%
                          90.9%       9.0%       0.1%

===========================================================================
(VCD Power Analysis) report_power
============================================================================
read_vcd -scope my_ip_tb/u_my_ip /home/eneadim/github/flexsoc/workspace/runs/my_ip/dev1/sim/my_ip_tb.vcd
Annotated 4 pin activities.

======================= Fastest Corner ===================================
Group                  Internal  Switching    Leakage      Total
                          Power      Power      Power      Power (Watts)
----------------------------------------------------------------
Sequential             1.48e-04   4.80e-06   3.78e-09   1.53e-04  86.5%
Combinational          1.22e-05   1.16e-05   7.29e-10   2.38e-05  13.5%
Clock                  0.00e+00   0.00e+00   0.00e+00   0.00e+00   0.0%
Macro                  0.00e+00   0.00e+00   0.00e+00   0.00e+00   0.0%
Pad                    0.00e+00   0.00e+00   0.00e+00   0.00e+00   0.0%
----------------------------------------------------------------
Total                  1.60e-04   1.64e-05   4.51e-09   1.76e-04 100.0%
                          90.7%       9.3%       0.0%


======================= Slowest Corner ===================================
Group                  Internal  Switching    Leakage      Total
                          Power      Power      Power      Power (Watts)
----------------------------------------------------------------
Sequential             7.44e-05   2.36e-06   6.67e-07   7.74e-05  86.2%
Combinational          6.56e-06   5.51e-06   2.87e-07   1.24e-05  13.8%
Clock                  0.00e+00   0.00e+00   0.00e+00   0.00e+00   0.0%
Macro                  0.00e+00   0.00e+00   0.00e+00   0.00e+00   0.0%
Pad                    0.00e+00   0.00e+00   0.00e+00   0.00e+00   0.0%
----------------------------------------------------------------
Total                  8.09e-05   7.87e-06   9.54e-07   8.97e-05 100.0%
                          90.2%       8.8%       1.1%


======================= Typical Corner ===================================
Group                  Internal  Switching    Leakage      Total
                          Power      Power      Power      Power (Watts)
----------------------------------------------------------------
Sequential             1.28e-04   4.07e-06   3.65e-09   1.32e-04  86.5%
Combinational          1.08e-05   9.71e-06   3.34e-10   2.06e-05  13.5%
Clock                  0.00e+00   0.00e+00   0.00e+00   0.00e+00   0.0%
Macro                  0.00e+00   0.00e+00   0.00e+00   0.00e+00   0.0%
Pad                    0.00e+00   0.00e+00   0.00e+00   0.00e+00   0.0%
----------------------------------------------------------------
Total                  1.39e-04   1.38e-05   3.99e-09   1.52e-04 100.0%
                          91.0%       9.0%       0.0%

