mkdir -p results/sky130hd/my_ip/base/
echo 20000 > results/sky130hd/my_ip/base/clock_period.txt
/home/eneadim/openroad/flow/scripts/synth.sh /home/eneadim/openroad/flow/scripts/synth_canonicalize.tcl ./logs/sky130hd/my_ip/base/1_1_yosys_canonicalize.log
Using ABC area script.
Extracting clock period from SDC file: ./results/sky130hd/my_ip/base/clock_period.txt
Setting clock period to 20000
1. Executing Liberty frontend: /home/eneadim/openroad/flow/platforms/sky130hd/lib/sky130_fd_sc_hd__tt_025C_1v80.lib
2. Executing Liberty frontend: /home/eneadim/openroad/flow/platforms/sky130hd/lib/sky130_fd_sc_hd__tt_025C_1v80.lib
3. Executing SLANG frontend.
warning: include directory '/home/eneadim/github/flexsoc/hw/ips/prim_opentitan/rtl': No such file or directory
warning: include directory '/home/eneadim/github/flexsoc/hw/ips/prim_opentitan/include': No such file or directory
3.1. Executing UNDRIVEN pass. (resolve undriven signals)
3.2. Executing PROC_CLEAN pass (remove empty switches from decision trees).
3.3. Executing TRIBUF pass.
3.4. Executing PROC_RMDEAD pass (remove dead branches from decision trees).
3.5. Executing PROC_PRUNE pass (remove redundant assignments in processes).
3.6. Executing PROC_INIT pass (extract init attributes).
3.7. Executing PROC_ROM pass (convert switches to ROMs).
3.8. Executing PROC_MUX pass (convert decision trees to multiplexers).
3.9. Executing PROC_CLEAN pass (remove empty switches from decision trees).
3.10. Executing OPT_EXPR pass (perform const folding).
4. Executing Verilog-2005 frontend: /home/eneadim/openroad/flow/platforms/sky130hd/cells_clkgate_hd.v
5. Executing HIERARCHY pass (managing design hierarchy).
5.1. Analyzing design hierarchy..
5.2. Analyzing design hierarchy..
6. Executing OPT_CLEAN pass (remove unused cells and wires).
7. Executing RTLIL backend.
End of script. Logfile hash: 4dd410c496, CPU: user 0.19s system 0.10s, MEM: 71.85 MB peak
Yosys 0.58 (git sha1 157aabb58, g++ 13.3.0-6ubuntu2~24.04 -fPIC -O3)
Time spent: 46% 4x read_liberty (0 sec), 42% 2x read_slang (0 sec), ...
Top level design units:
    my_ip

Build succeeded: 0 errors, 0 warnings
Elapsed time: 0:00.32[h:]min:sec. CPU time: user 0.25 sys 0.10 (112%). Peak memory: 73572KB.
/home/eneadim/openroad/flow/scripts/synth.sh /home/eneadim/openroad/flow/scripts/synth.tcl ./logs/sky130hd/my_ip/base/1_2_yosys.log
Using ABC area script.
Extracting clock period from SDC file: ./results/sky130hd/my_ip/base/clock_period.txt
Setting clock period to 20000
1. Executing RTLIL frontend.
2. Executing HIERARCHY pass (managing design hierarchy).
2.1. Analyzing design hierarchy..
2.2. Analyzing design hierarchy..
3. Executing SYNTH pass.
3.1. Executing HIERARCHY pass (managing design hierarchy).
3.1.1. Analyzing design hierarchy..
3.1.2. Analyzing design hierarchy..
3.2. Executing PROC pass (convert processes to netlists).
3.2.1. Executing PROC_CLEAN pass (remove empty switches from decision trees).
3.2.2. Executing PROC_RMDEAD pass (remove dead branches from decision trees).
3.2.3. Executing PROC_PRUNE pass (remove redundant assignments in processes).
3.2.4. Executing PROC_INIT pass (extract init attributes).
3.2.5. Executing PROC_ARST pass (detect async resets in processes).
3.2.6. Executing PROC_ROM pass (convert switches to ROMs).
3.2.7. Executing PROC_MUX pass (convert decision trees to multiplexers).
3.2.8. Executing PROC_DLATCH pass (convert process syncs to latches).
3.2.9. Executing PROC_DFF pass (convert process syncs to FFs).
3.2.10. Executing PROC_MEMWR pass (convert process memory writes to cells).
3.2.11. Executing PROC_CLEAN pass (remove empty switches from decision trees).
3.2.12. Executing OPT_EXPR pass (perform const folding).
3.3. Executing FLATTEN pass (flatten design).
3.4. Executing OPT_EXPR pass (perform const folding).
3.5. Executing OPT_CLEAN pass (remove unused cells and wires).
3.6. Executing CHECK pass (checking for obvious problems).
Warning: Wire my_ip.\u_my_ip_reg.rdata_qs [7] is used but has no driver.
Warning: Wire my_ip.\u_my_ip_reg.rdata_qs [6] is used but has no driver.
Warning: Wire my_ip.\u_my_ip_reg.rdata_qs [5] is used but has no driver.
Warning: Wire my_ip.\u_my_ip_reg.rdata_qs [4] is used but has no driver.
Warning: Wire my_ip.\u_my_ip_reg.rdata_qs [3] is used but has no driver.
Warning: Wire my_ip.\u_my_ip_reg.rdata_qs [2] is used but has no driver.
Warning: Wire my_ip.\u_my_ip_reg.status_empty_qs is used but has no driver.
Warning: Wire my_ip.\u_my_ip_reg.status_full_qs is used but has no driver.
Warning: Wire my_ip.\u_my_ip_reg.rdata_qs [1] is used but has no driver.
Warning: Wire my_ip.\u_my_ip_reg.rdata_qs [0] is used but has no driver.
3.7. Executing OPT pass (performing simple optimizations).
3.7.1. Executing OPT_EXPR pass (perform const folding).
3.7.2. Executing OPT_MERGE pass (detect identical cells).
3.7.3. Executing OPT_MUXTREE pass (detect dead branches in mux trees).
3.7.4. Executing OPT_REDUCE pass (consolidate $*mux and $reduce_* inputs).
3.7.5. Executing OPT_MERGE pass (detect identical cells).
3.7.6. Executing OPT_DFF pass (perform DFF optimizations).
3.7.7. Executing OPT_CLEAN pass (remove unused cells and wires).
3.7.8. Executing OPT_EXPR pass (perform const folding).
3.7.9. Rerunning OPT passes. (Maybe there is more to do..)
3.7.10. Executing OPT_MUXTREE pass (detect dead branches in mux trees).
3.7.11. Executing OPT_REDUCE pass (consolidate $*mux and $reduce_* inputs).
3.7.12. Executing OPT_MERGE pass (detect identical cells).
3.7.13. Executing OPT_DFF pass (perform DFF optimizations).
3.7.14. Executing OPT_CLEAN pass (remove unused cells and wires).
3.7.15. Executing OPT_EXPR pass (perform const folding).
3.7.16. Finished fast OPT passes. (There is nothing left to do.)
3.8. Executing FSM pass (extract and optimize FSM).
3.8.1. Executing FSM_DETECT pass (finding FSMs in design).
3.8.2. Executing FSM_EXTRACT pass (extracting FSM from design).
3.8.3. Executing FSM_OPT pass (simple optimizations of FSMs).
3.8.4. Executing OPT_CLEAN pass (remove unused cells and wires).
3.8.5. Executing FSM_OPT pass (simple optimizations of FSMs).
3.8.6. Executing FSM_RECODE pass (re-assigning FSM state encoding).
3.8.7. Executing FSM_INFO pass (dumping all available information on FSM cells).
3.8.8. Executing FSM_MAP pass (mapping FSMs to basic logic).
3.9. Executing OPT pass (performing simple optimizations).
3.9.1. Executing OPT_EXPR pass (perform const folding).
3.9.2. Executing OPT_MERGE pass (detect identical cells).
3.9.3. Executing OPT_MUXTREE pass (detect dead branches in mux trees).
3.9.4. Executing OPT_REDUCE pass (consolidate $*mux and $reduce_* inputs).
3.9.5. Executing OPT_MERGE pass (detect identical cells).
3.9.6. Executing OPT_DFF pass (perform DFF optimizations).
3.9.7. Executing OPT_CLEAN pass (remove unused cells and wires).
3.9.8. Executing OPT_EXPR pass (perform const folding).
3.9.9. Rerunning OPT passes. (Maybe there is more to do..)
3.9.10. Executing OPT_MUXTREE pass (detect dead branches in mux trees).
3.9.11. Executing OPT_REDUCE pass (consolidate $*mux and $reduce_* inputs).
3.9.12. Executing OPT_MERGE pass (detect identical cells).
3.9.13. Executing OPT_DFF pass (perform DFF optimizations).
3.9.14. Executing OPT_CLEAN pass (remove unused cells and wires).
3.9.15. Executing OPT_EXPR pass (perform const folding).
3.9.16. Finished fast OPT passes. (There is nothing left to do.)
3.10. Executing WREDUCE pass (reducing word size of cells).
3.11. Executing PEEPOPT pass (run peephole optimizers).
3.12. Executing OPT_CLEAN pass (remove unused cells and wires).
3.13. Executing ALUMACC pass (create $alu and $macc cells).
3.14. Executing SHARE pass (SAT-based resource sharing).
3.15. Executing OPT pass (performing simple optimizations).
3.15.1. Executing OPT_EXPR pass (perform const folding).
3.15.2. Executing OPT_MERGE pass (detect identical cells).
3.15.3. Executing OPT_MUXTREE pass (detect dead branches in mux trees).
3.15.4. Executing OPT_REDUCE pass (consolidate $*mux and $reduce_* inputs).
3.15.5. Executing OPT_MERGE pass (detect identical cells).
3.15.6. Executing OPT_DFF pass (perform DFF optimizations).
3.15.7. Executing OPT_CLEAN pass (remove unused cells and wires).
3.15.8. Executing OPT_EXPR pass (perform const folding).
3.15.9. Rerunning OPT passes. (Maybe there is more to do..)
3.15.10. Executing OPT_MUXTREE pass (detect dead branches in mux trees).
3.15.11. Executing OPT_REDUCE pass (consolidate $*mux and $reduce_* inputs).
3.15.12. Executing OPT_MERGE pass (detect identical cells).
3.15.13. Executing OPT_DFF pass (perform DFF optimizations).
3.15.14. Executing OPT_CLEAN pass (remove unused cells and wires).
3.15.15. Executing OPT_EXPR pass (perform const folding).
3.15.16. Finished fast OPT passes. (There is nothing left to do.)
3.16. Executing MEMORY pass.
3.16.1. Executing OPT_MEM pass (optimize memories).
3.16.2. Executing OPT_MEM_PRIORITY pass (removing unnecessary memory write priority relations).
3.16.3. Executing OPT_MEM_FEEDBACK pass (finding memory read-to-write feedback paths).
3.16.4. Executing MEMORY_BMUX2ROM pass (converting muxes to ROMs).
3.16.5. Executing MEMORY_DFF pass (merging $dff cells to $memrd).
3.16.6. Executing OPT_CLEAN pass (remove unused cells and wires).
3.16.7. Executing MEMORY_SHARE pass (consolidating $memrd/$memwr cells).
3.16.8. Executing OPT_MEM_WIDEN pass (optimize memories where all ports are wide).
3.16.9. Executing OPT_CLEAN pass (remove unused cells and wires).
3.16.10. Executing MEMORY_COLLECT pass (generating $mem cells).
3.17. Executing OPT_CLEAN pass (remove unused cells and wires).
4. Executing SYNTH pass.
4.1. Executing OPT pass (performing simple optimizations).
4.1.1. Executing OPT_EXPR pass (perform const folding).
4.1.2. Executing OPT_MERGE pass (detect identical cells).
4.1.3. Executing OPT_DFF pass (perform DFF optimizations).
4.1.4. Executing OPT_CLEAN pass (remove unused cells and wires).
4.1.5. Finished fast OPT passes.
4.2. Executing MEMORY_MAP pass (converting memories to logic and flip-flops).
4.3. Executing OPT pass (performing simple optimizations).
4.3.1. Executing OPT_EXPR pass (perform const folding).
4.3.2. Executing OPT_MERGE pass (detect identical cells).
4.3.3. Executing OPT_MUXTREE pass (detect dead branches in mux trees).
4.3.4. Executing OPT_REDUCE pass (consolidate $*mux and $reduce_* inputs).
4.3.5. Executing OPT_MERGE pass (detect identical cells).
4.3.6. Executing OPT_SHARE pass.
4.3.7. Executing OPT_DFF pass (perform DFF optimizations).
4.3.8. Executing OPT_CLEAN pass (remove unused cells and wires).
4.3.9. Executing OPT_EXPR pass (perform const folding).
4.3.10. Rerunning OPT passes. (Maybe there is more to do..)
4.3.11. Executing OPT_MUXTREE pass (detect dead branches in mux trees).
4.3.12. Executing OPT_REDUCE pass (consolidate $*mux and $reduce_* inputs).
4.3.13. Executing OPT_MERGE pass (detect identical cells).
4.3.14. Executing OPT_SHARE pass.
4.3.15. Executing OPT_DFF pass (perform DFF optimizations).
4.3.16. Executing OPT_CLEAN pass (remove unused cells and wires).
4.3.17. Executing OPT_EXPR pass (perform const folding).
4.3.18. Finished fast OPT passes. (There is nothing left to do.)
4.4. Executing TECHMAP pass (map to technology primitives).
4.4.1. Executing Verilog-2005 frontend: /usr/local/bin/../share/yosys/techmap.v
4.4.2. Executing Verilog-2005 frontend: /home/eneadim/openroad/flow/platforms/common/lcu_kogge_stone.v
4.4.3. Continuing TECHMAP pass.
4.5. Executing OPT pass (performing simple optimizations).
4.5.1. Executing OPT_EXPR pass (perform const folding).
4.5.2. Executing OPT_MERGE pass (detect identical cells).
4.5.3. Executing OPT_DFF pass (perform DFF optimizations).
4.5.4. Executing OPT_CLEAN pass (remove unused cells and wires).
4.5.5. Finished fast OPT passes.
4.6. Executing ABC pass (technology mapping using ABC).
4.6.1. Extracting gate netlist of module `\my_ip' to `<abc-temp-dir>/input.blif'..
4.7. Executing OPT pass (performing simple optimizations).
4.7.1. Executing OPT_EXPR pass (perform const folding).
4.7.2. Executing OPT_MERGE pass (detect identical cells).
4.7.3. Executing OPT_DFF pass (perform DFF optimizations).
4.7.4. Executing OPT_CLEAN pass (remove unused cells and wires).
4.7.5. Finished fast OPT passes.
4.8. Executing HIERARCHY pass (managing design hierarchy).
4.8.1. Analyzing design hierarchy..
4.8.2. Analyzing design hierarchy..
4.9. Printing statistics.
4.10. Executing CHECK pass (checking for obvious problems).
5. Executing OPT pass (performing simple optimizations).
5.1. Executing OPT_EXPR pass (perform const folding).
5.2. Executing OPT_MERGE pass (detect identical cells).
5.3. Executing OPT_MUXTREE pass (detect dead branches in mux trees).
5.4. Executing OPT_REDUCE pass (consolidate $*mux and $reduce_* inputs).
5.5. Executing OPT_MERGE pass (detect identical cells).
5.6. Executing OPT_DFF pass (perform DFF optimizations).
5.7. Executing OPT_CLEAN pass (remove unused cells and wires).
5.8. Executing OPT_EXPR pass (perform const folding).
5.9. Rerunning OPT passes. (Maybe there is more to do..)
5.10. Executing OPT_MUXTREE pass (detect dead branches in mux trees).
5.11. Executing OPT_REDUCE pass (consolidate $*mux and $reduce_* inputs).
5.12. Executing OPT_MERGE pass (detect identical cells).
5.13. Executing OPT_DFF pass (perform DFF optimizations).
5.14. Executing OPT_CLEAN pass (remove unused cells and wires).
5.15. Executing OPT_EXPR pass (perform const folding).
5.16. Finished fast OPT passes. (There is nothing left to do.)
6. Executing EXTRACT_FA pass (find and extract full/half adders).
7. Executing TECHMAP pass (map to technology primitives).
7.1. Executing Verilog-2005 frontend: /home/eneadim/openroad/flow/platforms/sky130hd/cells_adders_hd.v
7.2. Continuing TECHMAP pass.
8. Executing TECHMAP pass (map to technology primitives).
8.1. Executing Verilog-2005 frontend: /usr/local/bin/../share/yosys/techmap.v
8.2. Continuing TECHMAP pass.
9. Executing OPT pass (performing simple optimizations).
9.1. Executing OPT_EXPR pass (perform const folding).
9.2. Executing OPT_MERGE pass (detect identical cells).
9.3. Executing OPT_DFF pass (perform DFF optimizations).
9.4. Executing OPT_CLEAN pass (remove unused cells and wires).
9.5. Finished fast OPT passes.
10. Executing TECHMAP pass (map to technology primitives).
10.1. Executing Verilog-2005 frontend: /home/eneadim/openroad/flow/platforms/sky130hd/cells_latch_hd.v
10.2. Continuing TECHMAP pass.
11. Executing DFFLIBMAP pass (mapping DFF cells to sequential cells from liberty file).
11.1. Executing DFFLEGALIZE pass (convert FFs to types supported by the target).
12. Executing OPT pass (performing simple optimizations).
12.1. Executing OPT_EXPR pass (perform const folding).
12.2. Executing OPT_MERGE pass (detect identical cells).
12.3. Executing OPT_MUXTREE pass (detect dead branches in mux trees).
12.4. Executing OPT_REDUCE pass (consolidate $*mux and $reduce_* inputs).
12.5. Executing OPT_MERGE pass (detect identical cells).
12.6. Executing OPT_DFF pass (perform DFF optimizations).
12.7. Executing OPT_CLEAN pass (remove unused cells and wires).
12.8. Executing OPT_EXPR pass (perform const folding).
12.9. Finished fast OPT passes. (There is nothing left to do.)
13. Executing SETUNDEF pass (replace undef values with defined constants).
abc -script /home/eneadim/openroad/flow/scripts/abc_area.script -liberty /home/eneadim/openroad/flow/platforms/sky130hd/lib/sky130_fd_sc_hd__tt_025C_1v80.lib -dont_use sky130_fd_sc_hd__probe_p_8 -dont_use sky130_fd_sc_hd__probec_p_8 -dont_use sky130_fd_sc_hd__lpflow_bleeder_1 -dont_use sky130_fd_sc_hd__lpflow_clkbufkapwr_1 -dont_use sky130_fd_sc_hd__lpflow_clkbufkapwr_16 -dont_use sky130_fd_sc_hd__lpflow_clkbufkapwr_2 -dont_use sky130_fd_sc_hd__lpflow_clkbufkapwr_4 -dont_use sky130_fd_sc_hd__lpflow_clkbufkapwr_8 -dont_use sky130_fd_sc_hd__lpflow_clkinvkapwr_1 -dont_use sky130_fd_sc_hd__lpflow_clkinvkapwr_16 -dont_use sky130_fd_sc_hd__lpflow_clkinvkapwr_2 -dont_use sky130_fd_sc_hd__lpflow_clkinvkapwr_4 -dont_use sky130_fd_sc_hd__lpflow_clkinvkapwr_8 -dont_use sky130_fd_sc_hd__lpflow_decapkapwr_12 -dont_use sky130_fd_sc_hd__lpflow_decapkapwr_3 -dont_use sky130_fd_sc_hd__lpflow_decapkapwr_4 -dont_use sky130_fd_sc_hd__lpflow_decapkapwr_6 -dont_use sky130_fd_sc_hd__lpflow_decapkapwr_8 -dont_use sky130_fd_sc_hd__lpflow_inputiso0n_1 -dont_use sky130_fd_sc_hd__lpflow_inputiso0p_1 -dont_use sky130_fd_sc_hd__lpflow_inputiso1n_1 -dont_use sky130_fd_sc_hd__lpflow_inputiso1p_1 -dont_use sky130_fd_sc_hd__lpflow_inputisolatch_1 -dont_use sky130_fd_sc_hd__lpflow_isobufsrc_1 -dont_use sky130_fd_sc_hd__lpflow_isobufsrc_16 -dont_use sky130_fd_sc_hd__lpflow_isobufsrc_2 -dont_use sky130_fd_sc_hd__lpflow_isobufsrc_4 -dont_use sky130_fd_sc_hd__lpflow_isobufsrc_8 -dont_use sky130_fd_sc_hd__lpflow_isobufsrckapwr_16 -dont_use sky130_fd_sc_hd__lpflow_lsbuf_lh_hl_isowell_tap_1 -dont_use sky130_fd_sc_hd__lpflow_lsbuf_lh_hl_isowell_tap_2 -dont_use sky130_fd_sc_hd__lpflow_lsbuf_lh_hl_isowell_tap_4 -dont_use sky130_fd_sc_hd__lpflow_lsbuf_lh_isowell_4 -dont_use sky130_fd_sc_hd__lpflow_lsbuf_lh_isowell_tap_1 -dont_use sky130_fd_sc_hd__lpflow_lsbuf_lh_isowell_tap_2 -dont_use sky130_fd_sc_hd__lpflow_lsbuf_lh_isowell_tap_4 -constr ./objects/sky130hd/my_ip/base/abc.constr -D 20000
14. Executing ABC pass (technology mapping using ABC).
14.1. Extracting gate netlist of module `\my_ip' to `<abc-temp-dir>/input.blif'..
14.1.1. Executed ABC.
14.1.2. Re-integrating ABC results.
15. Executing SPLITNETS pass (splitting up multi-bit signals).
16. Executing OPT_CLEAN pass (remove unused cells and wires).
17. Executing HILOMAP pass (mapping to constant drivers).
18. Executing INSBUF pass (insert buffer cells for connected wires).
19. Executing CHECK pass (checking for obvious problems).
20. Printing statistics.
21. Executing CHECK pass (checking for obvious problems).
22. Executing Verilog backend.
22.1. Executing BMUXMAP pass.
22.2. Executing DEMUXMAP pass.
exec cp /home/eneadim/github/flexsoc/workspace/runs/my_ip/dev1/openroad/my_ip.sdc ./results/sky130hd/my_ip/base/1_synth.sdc
Warnings: 10 unique messages, 10 total
End of script. Logfile hash: aca1439dab, CPU: user 0.47s system 0.00s, MEM: 56.04 MB peak
Yosys 0.58 (git sha1 157aabb58, g++ 13.3.0-6ubuntu2~24.04 -fPIC -O3)
Time spent: 47% 2x abc (0 sec), 11% 22x opt_clean (0 sec), ...
Elapsed time: 0:00.98[h:]min:sec. CPU time: user 0.94 sys 0.01 (96%). Peak memory: 59456KB.
mkdir -p ./results/sky130hd/my_ip/base ./logs/sky130hd/my_ip/base ./reports/sky130hd/my_ip/base
cp ./results/sky130hd/my_ip/base/1_2_yosys.v ./results/sky130hd/my_ip/base/1_synth.v
OpenROAD v2.0-26328-gd6e98657f1 
Features included (+) or not (-): +GPU +GUI +Python
This program is licensed under the BSD-3 license. See the LICENSE file for details.
Components of this program may be licensed under more restrictive licenses which must be honored.
[INFO ORD-0030] Using 12 thread(s).
mkdir -p ./objects/sky130hd/my_ip/base
/home/eneadim/openroad/flow/scripts/flow.sh 2_1_floorplan floorplan
Running floorplan.tcl, stage 2_1_floorplan
read_liberty /home/eneadim/openroad/flow/platforms/sky130hd/lib/sky130_fd_sc_hd__tt_025C_1v80.lib
[INFO ODB-0227] LEF file: /home/eneadim/openroad/flow/platforms/sky130hd/lef/sky130_fd_sc_hd.tlef, created 13 layers, 25 vias
[INFO ODB-0227] LEF file: /home/eneadim/openroad/flow/platforms/sky130hd/lef/sky130_fd_sc_hd_merged.lef, created 441 library cells
link_design my_ip
Master sky130_ef_sc_hd__decap_12 is loaded but not used in the design

==========================================================================
Floorplan check_setup
--------------------------------------------------------------------------
number instances in verilog is 291
[WARNING IFP-0028] Core area lower left (1.000, 1.000) snapped to (1.380, 2.720).
[INFO IFP-0001] Added 25 rows of 155 site unithd.
source /home/eneadim/openroad/flow/platforms/sky130hd/make_tracks.tcl
source /home/eneadim/openroad/flow/platforms/sky130hd/fastroute.tcl
Repair tie lo fanout...
[INFO RSZ-0042] Inserted 20 tie sky130_fd_sc_hd__conb_1 instances.
Repair tie hi fanout...
repair_timing -setup_margin 0 -hold_margin 0 -repair_tns 100 -match_cell_footprint -setup -skip_last_gasp -sequence unbuffer,sizeup,swap,buffer,vt_swap -verbose
[WARNING EST-0027] no estimated parasitics. Using wire load models.
[INFO RSZ-0100] Repair move sequence: UnbufferMove SizeUpMove SwapPinsMove BufferMove 
[INFO RSZ-0098] No setup violations found
Default units for flow
 time 1ns
 capacitance 1pF
 resistance 1kohm
 voltage 1v
 current 1mA
 power 1nW
 distance 1um
Report metrics stage 2, floorplan final...

==========================================================================
floorplan final report_design_area
--------------------------------------------------------------------------
Design area 2651 um^2 55% utilization.
Elapsed time: 0:00.67[h:]min:sec. CPU time: user 0.53 sys 0.10 (94%). Peak memory: 136180KB.
Log                        Elapsed/s Peak Memory/MB  sha1sum .odb [0:20)
2_1_floorplan                      0            132 eff3ccb80ff67c22c536
/home/eneadim/openroad/flow/scripts/flow.sh 2_2_floorplan_macro macro_place
Running macro_place.tcl, stage 2_2_floorplan_macro
read_liberty /home/eneadim/openroad/flow/platforms/sky130hd/lib/sky130_fd_sc_hd__tt_025C_1v80.lib
read_db ./results/sky130hd/my_ip/base/2_1_floorplan.odb
No macros found: Skipping macro_placement
Elapsed time: 0:00.43[h:]min:sec. CPU time: user 0.36 sys 0.06 (98%). Peak memory: 111456KB.
Log                        Elapsed/s Peak Memory/MB  sha1sum .odb [0:20)
2_2_floorplan_macro                0            108 eff3ccb80ff67c22c536
/home/eneadim/openroad/flow/scripts/flow.sh 2_3_floorplan_tapcell tapcell
Running tapcell.tcl, stage 2_3_floorplan_tapcell
read_liberty /home/eneadim/openroad/flow/platforms/sky130hd/lib/sky130_fd_sc_hd__tt_025C_1v80.lib
read_db ./results/sky130hd/my_ip/base/2_2_floorplan_macro.odb
[INFO TAP-0005] Inserted 67 tapcells.
Elapsed time: 0:00.43[h:]min:sec. CPU time: user 0.40 sys 0.02 (98%). Peak memory: 110732KB.
Log                        Elapsed/s Peak Memory/MB  sha1sum .odb [0:20)
2_3_floorplan_tapcell              0            108 dfdc369eb72884a7668f
/home/eneadim/openroad/flow/scripts/flow.sh 2_4_floorplan_pdn pdn
Running pdn.tcl, stage 2_4_floorplan_pdn
read_liberty /home/eneadim/openroad/flow/platforms/sky130hd/lib/sky130_fd_sc_hd__tt_025C_1v80.lib
read_db ./results/sky130hd/my_ip/base/2_3_floorplan_tapcell.odb
[INFO PDN-0001] Inserting grid: grid
Elapsed time: 0:00.44[h:]min:sec. CPU time: user 0.40 sys 0.03 (96%). Peak memory: 113116KB.
Log                        Elapsed/s Peak Memory/MB  sha1sum .odb [0:20)
2_4_floorplan_pdn                  0            110 e371eda0c62a14facec5
cp ./results/sky130hd/my_ip/base/2_4_floorplan_pdn.odb ./results/sky130hd/my_ip/base/2_floorplan.odb
cp ./results/sky130hd/my_ip/base/2_1_floorplan.sdc ./results/sky130hd/my_ip/base/2_floorplan.sdc
/home/eneadim/openroad/flow/scripts/flow.sh 3_1_place_gp_skip_io global_place_skip_io
Running global_place_skip_io.tcl, stage 3_1_place_gp_skip_io
read_liberty /home/eneadim/openroad/flow/platforms/sky130hd/lib/sky130_fd_sc_hd__tt_025C_1v80.lib
read_db ./results/sky130hd/my_ip/base/2_floorplan.odb
[INFO GPL-0022] Initialize gpl and calculate uniform density.
Placement density is 0.6580000019073486, computed from PLACE_DENSITY_LB_ADDON  0.20 and lower bound 0.5600000023841858
global_placement -skip_io -density 0.6580000019073486 -pad_left 0 -pad_right 0
[INFO GPL-0005] Execute conjugate gradient initial placement.
[INFO GPL-0002] DBU: 1000
[INFO GPL-0003] SiteSize: (  0.460  2.720 ) um
[INFO GPL-0004] CoreBBox: (  1.380  2.720 ) ( 72.680 70.720 ) um
[INFO GPL-0032] Initializing region: Top-level
[INFO GPL-0006] Number of instances:               377
[INFO GPL-0007] Movable instances:                 310
[INFO GPL-0008] Fixed instances:                    67
[INFO GPL-0009] Dummy instances:                     0
[INFO GPL-0010] Number of nets:                    422
[INFO GPL-0011] Number of pins:                    949
[INFO GPL-0012] Die BBox:  (  0.000  0.000 ) ( 73.830 73.830 ) um
[INFO GPL-0013] Core BBox: (  1.380  2.720 ) ( 72.680 70.720 ) um
[INFO GPL-0016] Core area:                    4848.400 um^2
[INFO GPL-0014] Region name: top-level.
[INFO GPL-0015] Region area:                  4848.400 um^2
[INFO GPL-0017] Fixed instances area:           83.830 um^2
[INFO GPL-0018] Movable instances area:       2651.293 um^2
[INFO GPL-0019] Utilization:                    55.646 %
[INFO GPL-0020] Standard cells area:          2651.293 um^2
[INFO GPL-0021] Large instances area:            0.000 um^2
[INFO GPL-0033] Initializing Nesterov region: Top-level
[INFO GPL-0023] Placement target density:       0.6580
[INFO GPL-0024] Movable insts average area:      8.553 um^2
[INFO GPL-0025] Ideal bin area:                 12.998 um^2
[INFO GPL-0026] Ideal bin count:                   373
[INFO GPL-0027] Total bin area:               4848.400 um^2
[INFO GPL-0028] Bin count (X, Y):          16 ,     16
[INFO GPL-0029] Bin size (W * H):       4.456 *  4.250 um
[INFO GPL-0030] Number of bins:                    256
[INFO GPL-0007] Execute nesterov global placement.
[INFO GPL-0031] HPWL: Half-Perimeter Wirelength
Iteration | Overflow |     HPWL (um) |  HPWL(%) |   Penalty | Group
---------------------------------------------------------------
        0 |   0.9323 |  6.355380e+02 |   +0.00% |  1.34e-13 |      
       10 |   0.9323 |  5.065350e+02 |  -20.30% |  2.19e-13 |      
       20 |   0.9324 |  4.996230e+02 |   -1.36% |  3.56e-13 |      
       30 |   0.9324 |  4.988960e+02 |   -0.15% |  5.80e-13 |      
       40 |   0.9325 |  4.982260e+02 |   -0.13% |  9.44e-13 |      
       50 |   0.9323 |  4.986520e+02 |   +0.09% |  1.54e-12 |      
       60 |   0.9322 |  4.995480e+02 |   +0.18% |  2.51e-12 |      
       70 |   0.9389 |  5.004080e+02 |   +0.17% |  4.08e-12 |      
       80 |   0.9417 |  5.024220e+02 |   +0.40% |  6.65e-12 |      
       90 |   0.9256 |  5.077950e+02 |   +1.07% |  1.08e-11 |      
      100 |   0.9300 |  5.195020e+02 |   +2.31% |  1.76e-11 |      
      110 |   0.8981 |  5.476190e+02 |   +5.41% |  2.87e-11 |      
      120 |   0.8707 |  6.184430e+02 |  +12.93% |  4.68e-11 |      
      130 |   0.8212 |  7.158730e+02 |  +15.75% |  7.62e-11 |      
      140 |   0.7928 |  8.026730e+02 |  +12.13% |  1.24e-10 |      
      150 |   0.7533 |  8.747710e+02 |   +8.98% |  2.02e-10 |      
      160 |   0.7186 |  9.224550e+02 |   +5.45% |  3.29e-10 |      
      170 |   0.6864 |  1.015208e+03 |  +10.06% |  5.37e-10 |      
      180 |   0.6410 |  1.122268e+03 |  +10.55% |  8.74e-10 |      
      190 |   0.6088 |  1.216818e+03 |   +8.42% |  1.42e-09 |      
      200 |   0.5643 |  1.299457e+03 |   +6.79% |  2.32e-09 |      
      210 |   0.5317 |  1.419146e+03 |   +9.21% |  3.78e-09 |      
      220 |   0.4885 |  1.503635e+03 |   +5.95% |  6.15e-09 |      
      230 |   0.4573 |  1.631368e+03 |   +8.49% |  1.00e-08 |      
      240 |   0.4067 |  1.702623e+03 |   +4.37% |  1.63e-08 |      
      250 |   0.3638 |  1.815734e+03 |   +6.64% |  2.66e-08 |      
      260 |   0.3164 |  1.842349e+03 |   +1.47% |  4.08e-08 |      
      270 |   0.2650 |  1.859052e+03 |   +0.91% |  6.01e-08 |      
      280 |   0.2375 |  1.860293e+03 |   +0.07% |  8.85e-08 |      
      290 |   0.2024 |  1.890538e+03 |   +1.63% |  1.30e-07 |      
      300 |   0.1698 |  1.902041e+03 |   +0.61% |  1.92e-07 |      
      310 |   0.1397 |  1.910163e+03 |   +0.43% |  2.83e-07 |      
      320 |   0.1172 |  1.900252e+03 |   -0.52% |  4.17e-07 |      
      330 |   0.1018 |  1.917214e+03 |   +0.89% |  6.14e-07 |      
      332 |   0.0982 |  1.918781e+03 |          |  6.90e-07 |      
---------------------------------------------------------------
[INFO GPL-1001] Global placement finished at iteration 332
[INFO GPL-1002] Placed Cell Area             2651.2928
[INFO GPL-1003] Available Free Area          4764.5696
[INFO GPL-1004] Minimum Feasible Density        0.5600 (cell_area / free_area)
[INFO GPL-1006]   Suggested Target Densities:
[INFO GPL-1007]     - For 90% usage of free space: 0.6183
[INFO GPL-1008]     - For 80% usage of free space: 0.6956
[INFO GPL-1014] Final placement area: 2651.29 (+0.00%)
Elapsed time: 0:00.57[h:]min:sec. CPU time: user 2.08 sys 0.03 (365%). Peak memory: 112868KB.
Log                        Elapsed/s Peak Memory/MB  sha1sum .odb [0:20)
3_1_place_gp_skip_io               0            110 e96dd4ddbc39c77eca87
/home/eneadim/openroad/flow/scripts/flow.sh 3_2_place_iop io_placement
Running io_placement.tcl, stage 3_2_place_iop
read_liberty /home/eneadim/openroad/flow/platforms/sky130hd/lib/sky130_fd_sc_hd__tt_025C_1v80.lib
read_db ./results/sky130hd/my_ip/base/3_1_place_gp_skip_io.odb
place_pins -hor_layers met3 -ver_layers met2
Found 0 macro blocks.
Using 2 tracks default min distance between IO pins.
[INFO PPL-0001] Number of available slots 256
[INFO PPL-0002] Number of I/O             179
[INFO PPL-0003] Number of I/O w/sink      111
[INFO PPL-0004] Number of I/O w/o sink    68
[INFO PPL-0005] Slots per section         200
[INFO PPL-0008] Successfully assigned pins to sections.
[INFO PPL-0012] I/O nets HPWL: 1976.77 um.
Elapsed time: 0:00.43[h:]min:sec. CPU time: user 0.38 sys 0.03 (97%). Peak memory: 111800KB.
Log                        Elapsed/s Peak Memory/MB  sha1sum .odb [0:20)
3_2_place_iop                      0            109 8fae37392447c2766a55
/home/eneadim/openroad/flow/scripts/flow.sh 3_3_place_gp global_place
Running global_place.tcl, stage 3_3_place_gp
read_liberty /home/eneadim/openroad/flow/platforms/sky130hd/lib/sky130_fd_sc_hd__tt_025C_1v80.lib
read_db ./results/sky130hd/my_ip/base/3_2_place_iop.odb
[INFO RSZ-0026] Removed 34 buffers.
Perform port buffering...
[INFO RSZ-0027] Inserted 43 sky130_fd_sc_hd__clkdlybuf4s50_1 input buffers.
[INFO RSZ-0028] Inserted 47 sky130_fd_sc_hd__clkdlybuf4s50_1 output buffers.
[INFO GPL-0022] Initialize gpl and calculate uniform density.
Placement density is 0.7699999904632568, computed from PLACE_DENSITY_LB_ADDON  0.20 and lower bound 0.699999988079071
global_placement -density 0.7699999904632568 -pad_left 0 -pad_right 0 -routability_driven -timing_driven
[INFO GPL-0005] Execute conjugate gradient initial placement.
[INFO GPL-0002] DBU: 1000
[INFO GPL-0003] SiteSize: (  0.460  2.720 ) um
[INFO GPL-0004] CoreBBox: (  1.380  2.720 ) ( 72.680 70.720 ) um
[INFO GPL-0032] Initializing region: Top-level
[INFO GPL-0006] Number of instances:               433
[INFO GPL-0007] Movable instances:                 366
[INFO GPL-0008] Fixed instances:                    67
[INFO GPL-0009] Dummy instances:                     0
[INFO GPL-0010] Number of nets:                    478
[INFO GPL-0011] Number of pins:                   1240
[INFO GPL-0012] Die BBox:  (  0.000  0.000 ) ( 73.830 73.830 ) um
[INFO GPL-0013] Core BBox: (  1.380  2.720 ) ( 72.680 70.720 ) um
[INFO GPL-0016] Core area:                    4848.400 um^2
[INFO GPL-0014] Region name: top-level.
[INFO GPL-0015] Region area:                  4848.400 um^2
[INFO GPL-0017] Fixed instances area:           83.830 um^2
[INFO GPL-0018] Movable instances area:       3315.680 um^2
[INFO GPL-0019] Utilization:                    69.590 %
[INFO GPL-0020] Standard cells area:          3315.680 um^2
[INFO GPL-0021] Large instances area:            0.000 um^2
[InitialPlace]  Iter: 1 conjugate gradient residual: 0.00000009 HPWL: 6078309
[InitialPlace]  Iter: 2 conjugate gradient residual: 0.00000011 HPWL: 6314706
[InitialPlace]  Iter: 3 conjugate gradient residual: 0.00000011 HPWL: 5670639
[InitialPlace]  Iter: 4 conjugate gradient residual: 0.00000010 HPWL: 5411237
[InitialPlace]  Iter: 5 conjugate gradient residual: 0.00000010 HPWL: 5297575
[INFO GPL-0033] Initializing Nesterov region: Top-level
[INFO GPL-0023] Placement target density:       0.7700
[INFO GPL-0024] Movable insts average area:      9.059 um^2
[INFO GPL-0025] Ideal bin area:                 11.765 um^2
[INFO GPL-0026] Ideal bin count:                   412
[INFO GPL-0027] Total bin area:               4848.400 um^2
[INFO GPL-0028] Bin count (X, Y):          16 ,     16
[INFO GPL-0029] Bin size (W * H):       4.456 *  4.250 um
[INFO GPL-0030] Number of bins:                    256
[INFO GPL-0007] Execute nesterov global placement.
[INFO GPL-0031] HPWL: Half-Perimeter Wirelength
Iteration | Overflow |     HPWL (um) |  HPWL(%) |   Penalty | Group
---------------------------------------------------------------
        0 |   0.3896 |  2.857314e+03 |   +0.00% |  1.90e-12 |      
[INFO GPL-0100] Timing-driven iteration 1/2, virtual: false.
[INFO GPL-0101]    Iter: 1, overflow: 0.390, keep resizer changes at: 1, HPWL: 2857314
Iteration |   Area    | Resized | Buffers | Nets repaired | Remaining
---------------------------------------------------------------------
        0 |     +0.0% |       0 |       0 |             0 |       498
    final |     +0.5% |       1 |       1 |             1 |         0
---------------------------------------------------------------------
[INFO RSZ-0034] Found 1 slew violations.
[INFO RSZ-0039] Resized 1 instances.
[INFO RSZ-0038] Inserted 1 buffers in 1 nets.
   Iter   |    Area   | Removed | Inserted |   Pins
          |           | Buffers | Buffers  | Remaining
-------------------------------------------------------
        0 |     +0.0% |       0 |        0 |       334
       33 |     +0.0% |       0 |        0 |       301
       66 |     +0.0% |       0 |        0 |       268
       99 |     +0.0% |       0 |        0 |       235
      132 |     +0.0% |       0 |        0 |       202
      165 |     +0.0% |       0 |        0 |       169
      198 |     +0.0% |       0 |        0 |       136
      231 |     +0.0% |       0 |        0 |       103
      264 |     -2.7% |      12 |        0 |        70
      297 |     -2.7% |      12 |        0 |        37
      330 |     -2.7% |      12 |        0 |         4
    final |     -3.1% |      13 |        1 |         0
-------------------------------------------------------
[INFO GPL-0106] Timing-driven: worst slack -4e-09
[INFO GPL-0107] Timing-driven: repair_design delta area: -87.584 um^2 (-2.64%)
[INFO GPL-0108] Timing-driven: repair_design, gpl delta gcells: -11 (-3.01%)
[INFO GPL-0109] Timing-driven: repair_design, gcells created: 2, deleted: 13
[INFO GPL-0110] Timing-driven: new target density: 0.75161767
[INFO GPL-0038] Routability snapshot saved at iter = 1
        0 |   0.3896 |  2.849337e+03 |          |           |      
Iteration | Overflow |     HPWL (um) |  HPWL(%) |   Penalty | Group
---------------------------------------------------------------
       10 |   0.3582 |  2.892376e+03 |   +1.23% |  3.09e-12 |      
       20 |   0.3704 |  2.907477e+03 |   +0.52% |  5.03e-12 |      
       30 |   0.3805 |  2.918308e+03 |   +0.37% |  8.19e-12 |      
       40 |   0.3798 |  2.932451e+03 |   +0.48% |  1.33e-11 |      
       50 |   0.3767 |  2.929561e+03 |   -0.10% |  2.17e-11 |      
       60 |   0.3756 |  2.920250e+03 |   -0.32% |  3.54e-11 |      
       70 |   0.3764 |  2.914411e+03 |   -0.20% |  5.77e-11 |      
       80 |   0.3772 |  2.917760e+03 |   +0.11% |  9.39e-11 |      
       90 |   0.3759 |  2.923236e+03 |   +0.19% |  1.53e-10 |      
      100 |   0.3735 |  2.921383e+03 |   -0.06% |  2.49e-10 |      
      110 |   0.3701 |  2.914157e+03 |   -0.25% |  4.06e-10 |      
      120 |   0.3664 |  2.907728e+03 |   -0.22% |  6.61e-10 |      
      130 |   0.3608 |  2.903190e+03 |   -0.16% |  1.08e-09 |      
      140 |   0.3534 |  2.895682e+03 |   -0.26% |  1.75e-09 |      
      150 |   0.3467 |  2.896344e+03 |   +0.02% |  2.77e-09 |      
      160 |   0.3412 |  2.894011e+03 |   -0.08% |  4.09e-09 |      
      170 |   0.3283 |  2.892874e+03 |   -0.04% |  6.02e-09 |      
      180 |   0.3080 |  2.891480e+03 |   -0.05% |  8.87e-09 |      
[INFO GPL-0040] Routability iteration: 1
[INFO GPL-0041] Total routing overflow: 0.0000
[INFO GPL-0042] Number of overflowed tiles: 0 (0.00%)
[INFO GPL-0043] Average top 0.5% routing congestion: 0.8824
[INFO GPL-0044] Average top 1.0% routing congestion: 0.8824
[INFO GPL-0045] Average top 2.0% routing congestion: 0.8717
[INFO GPL-0046] Average top 5.0% routing congestion: 0.8237
[INFO GPL-0047] Routability iteration weighted routing congestion: 0.8824
[INFO GPL-0050] Weighted routing congestion is lower than target routing congestion(1.0100), end routability optimization.
[INFO GPL-0090] Routability finished. Target routing congestion achieved succesfully.
Iteration | Overflow |     HPWL (um) |  HPWL(%) |   Penalty | Group
---------------------------------------------------------------
      190 |   0.2836 |  2.887936e+03 |   -0.12% |  1.31e-08 |      
      200 |   0.2600 |  2.890044e+03 |   +0.07% |  1.92e-08 |      
      210 |   0.2301 |  2.892300e+03 |   +0.08% |  2.83e-08 |      
      220 |   0.2110 |  2.900912e+03 |   +0.30% |  4.18e-08 |      
[INFO GPL-0100] Timing-driven iteration 2/2, virtual: false.
[INFO GPL-0101]    Iter: 227, overflow: 0.193, keep resizer changes at: 1, HPWL: 2907104
Iteration |   Area    | Resized | Buffers | Nets repaired | Remaining
---------------------------------------------------------------------
        0 |     +0.0% |       0 |       0 |             0 |       487
    final |     +0.0% |       0 |       0 |             0 |         0
---------------------------------------------------------------------
   Iter   |    Area   | Removed | Inserted |   Pins
          |           | Buffers | Buffers  | Remaining
-------------------------------------------------------
        0 |     +0.0% |       0 |        0 |       334
       33 |     +0.0% |       0 |        0 |       301
       66 |     +0.0% |       0 |        0 |       268
       99 |     +0.0% |       0 |        0 |       235
      132 |     +0.0% |       0 |        0 |       202
      165 |     +0.2% |       0 |        1 |       169
      198 |     +0.2% |       0 |        1 |       136
      231 |     +0.2% |       0 |        1 |       103
      264 |     +0.2% |       0 |        1 |        70
      297 |     +0.2% |       0 |        1 |        37
      330 |     +0.2% |       0 |        1 |         4
    final |     +0.2% |       1 |        2 |         0
-------------------------------------------------------
[INFO GPL-0106] Timing-driven: worst slack -4e-09
[INFO GPL-0107] Timing-driven: repair_design delta area: 7.507 um^2 (+0.23%)
[INFO GPL-0108] Timing-driven: repair_design, gpl delta gcells: 1 (+0.28%)
[INFO GPL-0109] Timing-driven: repair_design, gcells created: 2, deleted: 1
[INFO GPL-0110] Timing-driven: new target density: 0.75319326
Iteration | Overflow |     HPWL (um) |  HPWL(%) |   Penalty | Group
---------------------------------------------------------------
      230 |   0.1870 |  2.970083e+03 |   +2.38% |  6.15e-08 |      
      240 |   0.1697 |  2.976753e+03 |   +0.22% |  9.06e-08 |      
      250 |   0.1443 |  2.988832e+03 |   +0.41% |  1.34e-07 |      
      260 |   0.1203 |  2.990636e+03 |   +0.06% |  1.97e-07 |      
      270 |   0.1095 |  3.006830e+03 |   +0.54% |  2.90e-07 |      
      279 |   0.0997 |  3.024380e+03 |          |  4.27e-07 |      
---------------------------------------------------------------
[INFO GPL-1001] Global placement finished at iteration 279
[INFO GPL-1003] Routability mode iteration count: 183
[INFO GPL-1005] Routability final weighted congestion: 0.8111
[INFO GPL-1002] Placed Cell Area             3235.6032
[INFO GPL-1003] Available Free Area          4764.5696
[INFO GPL-1004] Minimum Feasible Density        0.7000 (cell_area / free_area)
[INFO GPL-1006]   Suggested Target Densities:
[INFO GPL-1007]     - For 90% usage of free space: 0.7546
[INFO GPL-1008]     - For 80% usage of free space: 0.8489
[INFO GPL-1011] Original area (um^2): 3315.68
[INFO GPL-1012] Total routability artificial inflation: -87.58 (-2.64%)
[INFO GPL-1013] Total timing-driven delta area: -80.08 (-2.42%)
[INFO GPL-1014] Final placement area: 3235.60 (-2.42%)
Report metrics stage 3, global place...

==========================================================================
global place report_design_area
--------------------------------------------------------------------------
Design area 3236 um^2 67% utilization.
Elapsed time: 0:01.17[h:]min:sec. CPU time: user 4.31 sys 0.33 (396%). Peak memory: 197300KB.
Log                        Elapsed/s Peak Memory/MB  sha1sum .odb [0:20)
3_3_place_gp                       1            192 fc25bc0db7ea340842c1
/home/eneadim/openroad/flow/scripts/flow.sh 3_4_place_resized resize
Running resize.tcl, stage 3_4_place_resized
read_liberty /home/eneadim/openroad/flow/platforms/sky130hd/lib/sky130_fd_sc_hd__tt_025C_1v80.lib
read_db ./results/sky130hd/my_ip/base/3_3_place_gp.odb
Perform buffer insertion and gate resizing...
repair_design -verbose -match_cell_footprint
Iteration |   Area    | Resized | Buffers | Nets repaired | Remaining
---------------------------------------------------------------------
        0 |     +0.0% |       0 |       0 |             0 |       488
       10 |     +0.0% |       0 |       0 |             0 |       478
       20 |     +0.0% |       0 |       0 |             0 |       468
       30 |     +0.0% |       0 |       0 |             0 |       458
       40 |     +0.0% |       0 |       0 |             0 |       448
       50 |     +0.0% |       0 |       0 |             0 |       438
       60 |     +0.0% |       0 |       0 |             0 |       428
       70 |     +0.0% |       0 |       0 |             0 |       418
       80 |     +0.0% |       0 |       0 |             0 |       408
       90 |     +0.0% |       0 |       0 |             0 |       398
      100 |     +0.0% |       0 |       0 |             0 |       388
      110 |     +0.0% |       0 |       0 |             0 |       378
      120 |     +0.0% |       0 |       0 |             0 |       368
      130 |     +0.0% |       0 |       0 |             0 |       358
      140 |     +0.0% |       0 |       0 |             0 |       348
      150 |     +0.0% |       0 |       0 |             0 |       338
      160 |     +0.0% |       0 |       0 |             0 |       328
      170 |     +0.0% |       0 |       0 |             0 |       318
      180 |     +0.0% |       0 |       0 |             0 |       308
      190 |     +0.0% |       0 |       0 |             0 |       298
      200 |     +0.0% |       0 |       0 |             0 |       288
      210 |     +0.0% |       0 |       0 |             0 |       278
      220 |     +0.0% |       0 |       0 |             0 |       268
      230 |     +0.0% |       0 |       0 |             0 |       258
      240 |     +0.0% |       0 |       0 |             0 |       248
      250 |     +0.0% |       0 |       0 |             0 |       238
      260 |     +0.0% |       0 |       0 |             0 |       228
      270 |     +0.0% |       0 |       0 |             0 |       218
      280 |     +0.0% |       0 |       0 |             0 |       208
      290 |     +0.0% |       0 |       0 |             0 |       198
      300 |     +0.0% |       0 |       0 |             0 |       188
      310 |     +0.0% |       0 |       0 |             0 |       178
      320 |     +0.0% |       0 |       0 |             0 |       168
      330 |     +0.0% |       0 |       0 |             0 |       158
      340 |     +0.0% |       0 |       0 |             0 |       148
      350 |     +0.0% |       0 |       0 |             0 |       138
      360 |     +0.0% |       0 |       0 |             0 |       128
      370 |     +0.0% |       0 |       0 |             0 |       118
      380 |     +0.0% |       0 |       0 |             0 |       108
      390 |     +0.0% |       0 |       0 |             0 |        98
      400 |     +0.0% |       0 |       0 |             0 |        88
      410 |     +0.0% |       0 |       0 |             0 |        78
      420 |     +0.0% |       0 |       0 |             0 |        68
      430 |     +0.0% |       0 |       0 |             0 |        58
      440 |     +0.0% |       0 |       0 |             0 |        48
      450 |     +0.0% |       0 |       0 |             0 |        38
      460 |     +0.0% |       0 |       0 |             0 |        28
      470 |     +0.0% |       0 |       0 |             0 |        18
      480 |     +0.0% |       0 |       0 |             0 |         8
    final |     +0.0% |       0 |       0 |             0 |         0
---------------------------------------------------------------------
Floating nets: 
[WARNING RSZ-0020] found 2 floating nets.
Report metrics stage 3, resizer...

==========================================================================
resizer report_design_area
--------------------------------------------------------------------------
Design area 3236 um^2 67% utilization.
Instance count before 423, after 423
Pin count before 1061, after 1061
Elapsed time: 0:00.68[h:]min:sec. CPU time: user 0.57 sys 0.16 (108%). Peak memory: 130076KB.
Log                        Elapsed/s Peak Memory/MB  sha1sum .odb [0:20)
3_4_place_resized                  0            127 fc25bc0db7ea340842c1
/home/eneadim/openroad/flow/scripts/flow.sh 3_5_place_dp detail_place
Running detail_place.tcl, stage 3_5_place_dp
read_liberty /home/eneadim/openroad/flow/platforms/sky130hd/lib/sky130_fd_sc_hd__tt_025C_1v80.lib
read_db ./results/sky130hd/my_ip/base/3_4_place_resized.odb
Placement Analysis
---------------------------------
total displacement        894.4 u
average displacement        2.1 u
max displacement           10.0 u
original HPWL            3023.7 u
legalized HPWL           3903.3 u
delta HPWL                   29 %

Detailed placement improvement.
[INFO DPL-0401] Setting random seed to 1.
[INFO DPL-0402] Setting maximum displacement 5 1 to 13600 2720 units.
[INFO DPL-0320] Collected 246 fixed cells.
[INFO DPL-0318] Collected 356 single height cells.
[INFO DPL-0321] Collected 0 wide cells.
[INFO DPL-0322] Image (1380, 2720) - (72680, 70720)
[INFO DPL-0310] Assigned 356 cells into segments.  Movement in X-direction is 0.000000, movement in Y-direction is 0.000000.
[INFO DPL-0313] Found 0 cells in wrong regions.
[INFO DPL-0315] Found 0 row alignment problems.
[INFO DPL-0314] Found 0 site alignment problems.
[INFO DPL-0311] Found 0 overlaps between adjacent cells.
[INFO DPL-0312] Found 0 edge spacing violations and 0 padding violations.
[INFO DPL-0303] Running algorithm for independent set matching.
[INFO DPL-0300] Set matching objective is wirelength.
[INFO DPL-0301] Pass   1 of matching; objective is 3.909547e+06.
[INFO DPL-0302] End of matching; objective is 3.875954e+06, improvement is 0.86 percent.
[INFO DPL-0303] Running algorithm for global swaps.
[INFO DPL-0306] Pass   1 of global swaps; hpwl is 3.814449e+06.
[INFO DPL-0306] Pass   2 of global swaps; hpwl is 3.791921e+06.
[INFO DPL-0307] End of global swaps; objective is 3.791921e+06, improvement is 2.17 percent.
[INFO DPL-0303] Running algorithm for vertical swaps.
[INFO DPL-0308] Pass   1 of vertical swaps; hpwl is 3.778821e+06.
[INFO DPL-0309] End of vertical swaps; objective is 3.778821e+06, improvement is 0.35 percent.
[INFO DPL-0303] Running algorithm for reordering.
[INFO DPL-0304] Pass   1 of reordering; objective is 3.767166e+06.
[INFO DPL-0305] End of reordering; objective is 3.767166e+06, improvement is 0.31 percent.
[INFO DPL-0303] Running algorithm for random improvement.
[INFO DPL-0324] Random improver is using random generator.
[INFO DPL-0325] Random improver is using hpwl objective.
[INFO DPL-0326] Random improver cost string is (a).
[INFO DPL-0332] End of pass, Generator random called 7120 times.
[INFO DPL-0335] Generator random, Cumulative attempts 7120, swaps 1517, moves  1444 since last reset.
[INFO DPL-0333] End of pass, Objective hpwl, Initial cost 3.767166e+06, Scratch cost 3.668138e+06, Incremental cost 3.668138e+06, Mismatch? N
[INFO DPL-0338] End of pass, Total cost is 3.668138e+06.
[INFO DPL-0327] Pass   1 of random improver; improvement in cost is 2.63 percent.
[INFO DPL-0332] End of pass, Generator random called 7120 times.
[INFO DPL-0335] Generator random, Cumulative attempts 14240, swaps 3036, moves  2883 since last reset.
[INFO DPL-0333] End of pass, Objective hpwl, Initial cost 3.668138e+06, Scratch cost 3.651487e+06, Incremental cost 3.651487e+06, Mismatch? N
[INFO DPL-0338] End of pass, Total cost is 3.651487e+06.
[INFO DPL-0327] Pass   2 of random improver; improvement in cost is 0.45 percent.
[INFO DPL-0328] End of random improver; improvement is 3.070717 percent.
[INFO DPL-0380] Cell flipping.
[INFO DPL-0382] Changed 0 cell orientations for row compatibility.
[INFO DPL-0383] Performed 118 cell flips.
[INFO DPL-0384] End of flipping; objective is 3.514049e+06, improvement is 3.76 percent.
[INFO DPL-0313] Found 0 cells in wrong regions.
[INFO DPL-0315] Found 0 row alignment problems.
[INFO DPL-0314] Found 0 site alignment problems.
[INFO DPL-0311] Found 0 overlaps between adjacent cells.
[INFO DPL-0312] Found 0 edge spacing violations and 0 padding violations.
Detailed Improvement Results
------------------------------------------
Original HPWL             3903.3 u (    1970.9,     1932.4)
Final HPWL                3518.0 u (    1765.2,     1752.8)
Delta HPWL                  -9.9 % (     -10.4,       -9.3)

[INFO DPL-0020] Mirrored 8 instances
[INFO DPL-0021] HPWL before            3518.0 u
[INFO DPL-0022] HPWL after             3516.5 u
[INFO DPL-0023] HPWL delta               -0.0 %
[INFO FLW-0012] Placement violations .
Report metrics stage 3, detailed place...

==========================================================================
detailed place report_design_area
--------------------------------------------------------------------------
Design area 3236 um^2 67% utilization.
Elapsed time: 0:00.66[h:]min:sec. CPU time: user 0.60 sys 0.10 (106%). Peak memory: 116904KB.
Log                        Elapsed/s Peak Memory/MB  sha1sum .odb [0:20)
3_5_place_dp                       0            114 6422f780d70ad7b6c43d
cp ./results/sky130hd/my_ip/base/3_5_place_dp.odb ./results/sky130hd/my_ip/base/3_place.odb
cp ./results/sky130hd/my_ip/base/2_floorplan.sdc ./results/sky130hd/my_ip/base/3_place.sdc
/home/eneadim/openroad/flow/scripts/flow.sh 4_1_cts cts
Running cts.tcl, stage 4_1_cts
read_liberty /home/eneadim/openroad/flow/platforms/sky130hd/lib/sky130_fd_sc_hd__tt_025C_1v80.lib
read_db ./results/sky130hd/my_ip/base/3_place.odb
clock_tree_synthesis -sink_clustering_enable -repair_clock_nets
[INFO CTS-0050] Root buffer is sky130_fd_sc_hd__clkbuf_8.
[INFO CTS-0051] Sink buffer is sky130_fd_sc_hd__clkbuf_16.
[INFO CTS-0052] The following clock buffers will be used for CTS:
                    sky130_fd_sc_hd__clkbuf_8
                    sky130_fd_sc_hd__clkbuf_16
[INFO CTS-0049] Characterization buffer is sky130_fd_sc_hd__clkbuf_16.
[INFO CTS-0007] Net "clk_i" found for clock "core_clock".
[INFO CTS-0010]  Clock net "clk_i" has 53 sinks.
[INFO CTS-0008] TritonCTS found 1 clock nets.
[INFO CTS-0097] Characterization used 2 buffer(s) types.
[INFO CTS-0201] 0 blockages from hard placement blockages and placed macros will be used.
[INFO CTS-0027] Generating H-Tree topology for net clk_i.
[INFO CTS-0028]  Total number of sinks: 53.
[INFO CTS-0090]  Sinks will be clustered based on buffer max cap.
[INFO CTS-0030]  Number of static layers: 0.
[INFO CTS-0020]  Wire segment unit: 13600  dbu (13 um).
[INFO CTS-0023]  Original sink region: [(6245, 9460), (63745, 66700)].
[INFO CTS-0024]  Normalized sink region: [(0.459191, 0.695588), (4.68713, 4.90441)].
[INFO CTS-0025]     Width:  4.2279.
[INFO CTS-0026]     Height: 4.2088.
 Level 1
    Direction: Horizontal
    Sinks per sub-region: 27
    Sub-region size: 2.1140 X 4.2088
[INFO CTS-0034]     Segment length (rounded): 1.
 Level 2
    Direction: Vertical
    Sinks per sub-region: 14
    Sub-region size: 2.1140 X 2.1044
[INFO CTS-0034]     Segment length (rounded): 1.
[INFO CTS-0032]  Stop criterion found. Max number of sinks is 15.
[INFO CTS-0035]  Number of sinks covered: 53.
[INFO CTS-0018]     Created 5 clock buffers.
[INFO CTS-0012]     Minimum number of buffers in the clock path: 2.
[INFO CTS-0013]     Maximum number of buffers in the clock path: 2.
[INFO CTS-0015]     Created 5 clock nets.
[INFO CTS-0016]     Fanout distribution for the current clock = 12:1, 13:2, 15:1..
[INFO CTS-0017]     Max level of the clock tree: 2.
[INFO CTS-0098] Clock net "clk_i"
[INFO CTS-0099]  Sinks 56
[INFO CTS-0100]  Leaf buffers 0
[INFO CTS-0101]  Average sink wire length 97.48 um
[INFO CTS-0102]  Path depth 2 - 2
[INFO CTS-0207]  Leaf load cells 3
Report metrics stage 4, cts pre-repair-timing...

==========================================================================
cts pre-repair-timing report_design_area
--------------------------------------------------------------------------
Design area 3337 um^2 69% utilization.
Placement Analysis
---------------------------------
total displacement        100.8 u
average displacement        0.2 u
max displacement            5.8 u
original HPWL            3713.2 u
legalized HPWL           3896.2 u
delta HPWL                    5 %

repair_timing -setup_margin 0 -hold_margin 0 -repair_tns 100 -match_cell_footprint -verbose
[INFO RSZ-0100] Repair move sequence: UnbufferMove SizeUpMove SwapPinsMove BufferMove CloneMove SplitLoadMove 
[INFO RSZ-0098] No setup violations found
[INFO RSZ-0033] No hold violations found.
Placement Analysis
---------------------------------
total displacement          0.0 u
average displacement        0.0 u
max displacement            0.0 u
original HPWL            3896.2 u
legalized HPWL           3896.2 u
delta HPWL                    0 %

Report metrics stage 4, cts final...

==========================================================================
cts final report_design_area
--------------------------------------------------------------------------
Design area 3337 um^2 69% utilization.
Elapsed time: 0:02.75[h:]min:sec. CPU time: user 2.71 sys 0.18 (105%). Peak memory: 156864KB.
Log                        Elapsed/s Peak Memory/MB  sha1sum .odb [0:20)
4_1_cts                            2            153 eaf633cba15d1cefbd76
cp ./results/sky130hd/my_ip/base/4_1_cts.odb ./results/sky130hd/my_ip/base/4_cts.odb
/home/eneadim/openroad/flow/scripts/flow.sh 5_1_grt global_route
Running global_route.tcl, stage 5_1_grt
read_liberty /home/eneadim/openroad/flow/platforms/sky130hd/lib/sky130_fd_sc_hd__tt_025C_1v80.lib
read_db ./results/sky130hd/my_ip/base/4_cts.odb
[INFO DRT-0149] Reading tech and libs.
[WARNING DRT-0349] LEF58_ENCLOSURE with no CUTCLASS is not supported. Skipping for layer mcon
[WARNING DRT-0349] LEF58_ENCLOSURE with no CUTCLASS is not supported. Skipping for layer mcon
[WARNING DRT-0349] LEF58_ENCLOSURE with no CUTCLASS is not supported. Skipping for layer via
[WARNING DRT-0349] LEF58_ENCLOSURE with no CUTCLASS is not supported. Skipping for layer via
[WARNING DRT-0349] LEF58_ENCLOSURE with no CUTCLASS is not supported. Skipping for layer via2
[WARNING DRT-0349] LEF58_ENCLOSURE with no CUTCLASS is not supported. Skipping for layer via2
[WARNING DRT-0349] LEF58_ENCLOSURE with no CUTCLASS is not supported. Skipping for layer via3
[WARNING DRT-0349] LEF58_ENCLOSURE with no CUTCLASS is not supported. Skipping for layer via3
[WARNING DRT-0349] LEF58_ENCLOSURE with no CUTCLASS is not supported. Skipping for layer via4
[WARNING DRT-0349] LEF58_ENCLOSURE with no CUTCLASS is not supported. Skipping for layer via4

Units:                1000
Number of layers:     13
Number of macros:     441
Number of vias:       29
Number of viarulegen: 25

[INFO DRT-0150] Reading design.

Design:                   my_ip
Die area:                 ( 0 0 ) ( 73830 73830 )
Number of track patterns: 12
Number of DEF vias:       0
Number of components:     431
Number of terminals:      181
Number of snets:          2
Number of nets:           473

[INFO DRT-0167] List of default vias:
  Layer via
    default via: M1M2_PR
  Layer via2
    default via: M2M3_PR
  Layer via3
    default via: M3M4_PR
  Layer via4
    default via: M4M5_PR
[INFO DRT-0162] Library cell analysis.
[INFO DRT-0163] Instance analysis.
[INFO DRT-0164] Number of unique instances = 33.
[INFO DRT-0168] Init region query.
[INFO DRT-0024]   Complete FR_MASTERSLICE.
[INFO DRT-0024]   Complete Fr_VIA.
[INFO DRT-0024]   Complete li1.
[INFO DRT-0024]   Complete mcon.
[INFO DRT-0024]   Complete met1.
[INFO DRT-0024]   Complete via.
[INFO DRT-0024]   Complete met2.
[INFO DRT-0024]   Complete via2.
[INFO DRT-0024]   Complete met3.
[INFO DRT-0024]   Complete via3.
[INFO DRT-0024]   Complete met4.
[INFO DRT-0024]   Complete via4.
[INFO DRT-0024]   Complete met5.
[INFO DRT-0033] FR_MASTERSLICE shape region query size = 0.
[INFO DRT-0033] FR_VIA shape region query size = 0.
[INFO DRT-0033] li1 shape region query size = 9486.
[INFO DRT-0033] mcon shape region query size = 5945.
[INFO DRT-0033] met1 shape region query size = 1695.
[INFO DRT-0033] via shape region query size = 325.
[INFO DRT-0033] met2 shape region query size = 297.
[INFO DRT-0033] via2 shape region query size = 260.
[INFO DRT-0033] met3 shape region query size = 272.
[INFO DRT-0033] via3 shape region query size = 260.
[INFO DRT-0033] met4 shape region query size = 83.
[INFO DRT-0033] via4 shape region query size = 13.
[INFO DRT-0033] met5 shape region query size = 23.
[INFO DRT-0165] Start pin access.
[INFO DRT-0078]   Complete 220 pins.
[INFO DRT-0081]   Complete 33 unique inst patterns.
[INFO DRT-0084]   Complete 216 groups.
#scanned instances     = 431
#unique  instances     = 33
#stdCellGenAp          = 921
#stdCellValidPlanarAp  = 8
#stdCellValidViaAp     = 577
#stdCellPinNoAp        = 0
#stdCellPinCnt         = 1054
#instTermValidViaApCnt = 0
#macroGenAp            = 0
#macroValidPlanarAp    = 0
#macroValidViaAp       = 0
#macroNoAp             = 0
[INFO DRT-0166] Complete pin access.
[INFO DRT-0267] cpu time = 00:00:21, elapsed time = 00:00:04, memory = 118.77 (MB), peak = 118.77 (MB)
global_route -congestion_report_file ./reports/sky130hd/my_ip/base/congestion.rpt -congestion_iterations 30 -congestion_report_iter_step 5 -verbose
[INFO GRT-0020] Min routing layer: met1
[INFO GRT-0021] Max routing layer: met5
[INFO GRT-0022] Global adjustment: 0%
[INFO GRT-0023] Grid origin: (0, 0)
[INFO GRT-0088] Layer li1     Track-Pitch = 0.4600  line-2-Via Pitch: 0.3400
[INFO GRT-0088] Layer met1    Track-Pitch = 0.3400  line-2-Via Pitch: 0.3400
[INFO GRT-0088] Layer met2    Track-Pitch = 0.4600  line-2-Via Pitch: 0.3500
[INFO GRT-0088] Layer met3    Track-Pitch = 0.6800  line-2-Via Pitch: 0.6150
[INFO GRT-0088] Layer met4    Track-Pitch = 0.9200  line-2-Via Pitch: 1.0400
[INFO GRT-0088] Layer met5    Track-Pitch = 3.4000  line-2-Via Pitch: 3.1100
[INFO GRT-0003] Macros: 0
[INFO GRT-0004] Blockages: 742
[INFO GRT-0019] Found 6 clock nets.
[INFO GRT-0001] Minimum degree: 2
[INFO GRT-0002] Maximum degree: 54

[INFO GRT-0053] Routing resources analysis:
          Routing      Original      Derated      Resource
Layer     Direction    Resources     Resources    Reduction (%)
---------------------------------------------------------------
li1        Vertical            0             0          0.00%
met1       Horizontal       2140           906          57.66%
met2       Vertical         1600           981          38.69%
met3       Horizontal       1070           717          32.99%
met4       Vertical          660           360          45.45%
met5       Horizontal        210            99          52.86%
---------------------------------------------------------------

[INFO GRT-0197] Via related to pin nodes: 1532
[INFO GRT-0198] Via related Steiner nodes: 10
[INFO GRT-0199] Via filling finished.
[INFO GRT-0111] Final number of vias: 1841
[INFO GRT-0112] Final usage 3D: 6171

[INFO GRT-0096] Final congestion report:
Layer         Resource        Demand        Usage (%)    Max H / Max V / Total Overflow
---------------------------------------------------------------------------------------
li1                  0             0            0.00%             0 /  0 /  0
met1               906           288           31.79%             0 /  0 /  0
met2               981           312           31.80%             0 /  0 /  0
met3               717            37            5.16%             0 /  0 /  0
met4               360            11            3.06%             0 /  0 /  0
met5                99             0            0.00%             0 /  0 /  0
---------------------------------------------------------------------------------------
Total             3063           648           21.16%             0 /  0 /  0

[INFO GRT-0018] Total wirelength: 8259 um
[INFO GRT-0014] Routed nets: 405
Report metrics stage 5, global route pre repair design...

==========================================================================
global route pre repair design report_design_area
--------------------------------------------------------------------------
Design area 3337 um^2 69% utilization.
Perform buffer insertion and gate resizing...
repair_design -verbose
Iteration |   Area    | Resized | Buffers | Nets repaired | Remaining
---------------------------------------------------------------------
        0 |     +0.0% |       0 |       0 |             0 |       496
       10 |     +0.0% |       0 |       0 |             0 |       486
       20 |     +0.0% |       0 |       0 |             0 |       476
       30 |     +0.0% |       0 |       0 |             0 |       466
       40 |     +0.0% |       0 |       0 |             0 |       456
       50 |     +0.0% |       0 |       0 |             0 |       446
       60 |     +0.0% |       0 |       0 |             0 |       436
       70 |     +0.0% |       0 |       0 |             0 |       426
       80 |     +0.0% |       0 |       0 |             0 |       416
       90 |     +0.0% |       0 |       0 |             0 |       406
      100 |     +0.0% |       0 |       0 |             0 |       396
      110 |     +0.0% |       0 |       0 |             0 |       386
      120 |     +0.0% |       0 |       0 |             0 |       376
      130 |     +0.0% |       0 |       0 |             0 |       366
      140 |     +0.0% |       0 |       0 |             0 |       356
      150 |     +0.0% |       0 |       0 |             0 |       346
      160 |     +0.0% |       0 |       0 |             0 |       336
      170 |     +0.0% |       0 |       0 |             0 |       326
      180 |     +0.0% |       0 |       0 |             0 |       316
      190 |     +0.0% |       0 |       0 |             0 |       306
      200 |     +0.0% |       0 |       0 |             0 |       296
      210 |     +0.0% |       0 |       0 |             0 |       286
      220 |     +0.0% |       0 |       0 |             0 |       276
      230 |     +0.0% |       0 |       0 |             0 |       266
      240 |     +0.0% |       0 |       0 |             0 |       256
      250 |     +0.0% |       0 |       0 |             0 |       246
      260 |     +0.0% |       0 |       0 |             0 |       236
      270 |     +0.0% |       0 |       0 |             0 |       226
      280 |     +0.0% |       0 |       0 |             0 |       216
      290 |     +0.0% |       0 |       0 |             0 |       206
      300 |     +0.0% |       0 |       0 |             0 |       196
      310 |     +0.0% |       0 |       0 |             0 |       186
      320 |     +0.0% |       0 |       0 |             0 |       176
      330 |     +0.0% |       0 |       0 |             0 |       166
      340 |     +0.0% |       0 |       0 |             0 |       156
      350 |     +0.0% |       0 |       0 |             0 |       146
      360 |     +0.0% |       0 |       0 |             0 |       136
      370 |     +0.0% |       0 |       0 |             0 |       126
      380 |     +0.0% |       0 |       0 |             0 |       116
      390 |     +0.0% |       0 |       0 |             0 |       106
      400 |     +0.0% |       0 |       0 |             0 |        96
      410 |     +0.0% |       0 |       0 |             0 |        86
      420 |     +0.0% |       0 |       0 |             0 |        76
      430 |     +0.0% |       0 |       0 |             0 |        66
      440 |     +0.0% |       0 |       0 |             0 |        56
      450 |     +0.0% |       0 |       0 |             0 |        46
      460 |     +0.0% |       0 |       0 |             0 |        36
      470 |     +0.0% |       0 |       0 |             0 |        26
      480 |     +0.0% |       0 |       0 |             0 |        16
      490 |     +0.0% |       0 |       0 |             0 |         6
    final |     +0.0% |       0 |       0 |             0 |         0
---------------------------------------------------------------------
Report metrics stage 5, global route post repair design...

==========================================================================
global route post repair design report_design_area
--------------------------------------------------------------------------
Design area 3337 um^2 69% utilization.
global_route -start_incremental
detailed_placement
Placement Analysis
---------------------------------
total displacement          0.0 u
average displacement        0.0 u
max displacement            0.0 u
original HPWL            3896.2 u
legalized HPWL           3896.2 u
delta HPWL                    0 %

global_route -end_incremental -congestion_report_file ./reports/sky130hd/my_ip/base/congestion_post_repair_design.rpt
Repair setup and hold violations...
repair_timing -setup_margin 0 -hold_margin 0 -repair_tns 100 -verbose
[INFO RSZ-0100] Repair move sequence: UnbufferMove SizeUpMove SwapPinsMove BufferMove CloneMove SplitLoadMove 
[INFO RSZ-0098] No setup violations found
[INFO RSZ-0033] No hold violations found.
Report metrics stage 5, global route post repair timing...

==========================================================================
global route post repair timing report_design_area
--------------------------------------------------------------------------
Design area 3337 um^2 69% utilization.
global_route -start_incremental
detailed_placement
Placement Analysis
---------------------------------
total displacement          0.0 u
average displacement        0.0 u
max displacement            0.0 u
original HPWL            3896.2 u
legalized HPWL           3896.2 u
delta HPWL                    0 %

global_route -end_incremental -congestion_report_file ./reports/sky130hd/my_ip/base/congestion_post_repair_timing.rpt
global_route -start_incremental
global_route -end_incremental -congestion_report_file ./reports/sky130hd/my_ip/base/congestion_post_recover_power.rpt
Repair antennas...
[INFO GRT-0012] Found 0 antenna violations.
[INFO ANT-0002] Found 0 net violations.
[INFO ANT-0001] Found 0 pin violations.
Estimate parasitics...
Report metrics stage 5, global route...

==========================================================================
global route report_design_area
--------------------------------------------------------------------------
Design area 3337 um^2 69% utilization.
[INFO FLW-0007] clock core_clock period 20.000000
[INFO FLW-0008] Clock core_clock period 5.918
[INFO FLW-0009] Clock core_clock slack 13.771
[INFO FLW-0011] Path endpoint path count 156
Elapsed time: 0:05.90[h:]min:sec. CPU time: user 24.36 sys 0.39 (419%). Peak memory: 208664KB.
Log                        Elapsed/s Peak Memory/MB  sha1sum .odb [0:20)
5_1_grt                            5            203 9e7680151758e277ded8
/home/eneadim/openroad/flow/scripts/flow.sh 5_2_route detail_route
Running detail_route.tcl, stage 5_2_route
read_liberty /home/eneadim/openroad/flow/platforms/sky130hd/lib/sky130_fd_sc_hd__tt_025C_1v80.lib
read_db ./results/sky130hd/my_ip/base/5_1_grt.odb
detailed_route -output_drc ./reports/sky130hd/my_ip/base/5_route_drc.rpt -output_maze ./results/sky130hd/my_ip/base/maze.log -droute_end_iter 64 -verbose 1 -drc_report_iter_step 5
[INFO DRT-0149] Reading tech and libs.
[WARNING DRT-0349] LEF58_ENCLOSURE with no CUTCLASS is not supported. Skipping for layer mcon
[WARNING DRT-0349] LEF58_ENCLOSURE with no CUTCLASS is not supported. Skipping for layer mcon
[WARNING DRT-0349] LEF58_ENCLOSURE with no CUTCLASS is not supported. Skipping for layer via
[WARNING DRT-0349] LEF58_ENCLOSURE with no CUTCLASS is not supported. Skipping for layer via
[WARNING DRT-0349] LEF58_ENCLOSURE with no CUTCLASS is not supported. Skipping for layer via2
[WARNING DRT-0349] LEF58_ENCLOSURE with no CUTCLASS is not supported. Skipping for layer via2
[WARNING DRT-0349] LEF58_ENCLOSURE with no CUTCLASS is not supported. Skipping for layer via3
[WARNING DRT-0349] LEF58_ENCLOSURE with no CUTCLASS is not supported. Skipping for layer via3
[WARNING DRT-0349] LEF58_ENCLOSURE with no CUTCLASS is not supported. Skipping for layer via4
[WARNING DRT-0349] LEF58_ENCLOSURE with no CUTCLASS is not supported. Skipping for layer via4

Units:                1000
Number of layers:     13
Number of macros:     441
Number of vias:       29
Number of viarulegen: 25

[INFO DRT-0150] Reading design.

Design:                   my_ip
Die area:                 ( 0 0 ) ( 73830 73830 )
Number of track patterns: 12
Number of DEF vias:       0
Number of components:     431
Number of terminals:      181
Number of snets:          2
Number of nets:           473

[INFO DRT-0167] List of default vias:
  Layer via
    default via: M1M2_PR
  Layer via2
    default via: M2M3_PR
  Layer via3
    default via: M3M4_PR
  Layer via4
    default via: M4M5_PR
[INFO DRT-0162] Library cell analysis.
[INFO DRT-0163] Instance analysis.
[INFO DRT-0164] Number of unique instances = 33.
[INFO DRT-0168] Init region query.
[INFO DRT-0024]   Complete FR_MASTERSLICE.
[INFO DRT-0024]   Complete Fr_VIA.
[INFO DRT-0024]   Complete li1.
[INFO DRT-0024]   Complete mcon.
[INFO DRT-0024]   Complete met1.
[INFO DRT-0024]   Complete via.
[INFO DRT-0024]   Complete met2.
[INFO DRT-0024]   Complete via2.
[INFO DRT-0024]   Complete met3.
[INFO DRT-0024]   Complete via3.
[INFO DRT-0024]   Complete met4.
[INFO DRT-0024]   Complete via4.
[INFO DRT-0024]   Complete met5.
[INFO DRT-0033] FR_MASTERSLICE shape region query size = 0.
[INFO DRT-0033] FR_VIA shape region query size = 0.
[INFO DRT-0033] li1 shape region query size = 9486.
[INFO DRT-0033] mcon shape region query size = 5945.
[INFO DRT-0033] met1 shape region query size = 1695.
[INFO DRT-0033] via shape region query size = 325.
[INFO DRT-0033] met2 shape region query size = 297.
[INFO DRT-0033] via2 shape region query size = 260.
[INFO DRT-0033] met3 shape region query size = 272.
[INFO DRT-0033] via3 shape region query size = 260.
[INFO DRT-0033] met4 shape region query size = 83.
[INFO DRT-0033] via4 shape region query size = 13.
[INFO DRT-0033] met5 shape region query size = 23.
[INFO DRT-0165] Start pin access.
[INFO DRT-0078]   Complete 220 pins.
[INFO DRT-0081]   Complete 33 unique inst patterns.
[INFO DRT-0084]   Complete 216 groups.
#scanned instances     = 431
#unique  instances     = 33
#stdCellGenAp          = 921
#stdCellValidPlanarAp  = 8
#stdCellValidViaAp     = 577
#stdCellPinNoAp        = 0
#stdCellPinCnt         = 1054
#instTermValidViaApCnt = 0
#macroGenAp            = 0
#macroValidPlanarAp    = 0
#macroValidViaAp       = 0
#macroNoAp             = 0
[INFO DRT-0166] Complete pin access.
[INFO DRT-0267] cpu time = 00:00:20, elapsed time = 00:00:04, memory = 174.39 (MB), peak = 174.39 (MB)

[INFO DRT-0157] Number of guides:     2469

[INFO DRT-0169] Post process guides.
[INFO DRT-0176] GCELLGRID X 0 DO 10 STEP 6900 ;
[INFO DRT-0177] GCELLGRID Y 0 DO 10 STEP 6900 ;
[INFO DRT-0028]   Complete FR_MASTERSLICE.
[INFO DRT-0028]   Complete Fr_VIA.
[INFO DRT-0028]   Complete li1.
[INFO DRT-0028]   Complete mcon.
[INFO DRT-0028]   Complete met1.
[INFO DRT-0028]   Complete via.
[INFO DRT-0028]   Complete met2.
[INFO DRT-0028]   Complete via2.
[INFO DRT-0028]   Complete met3.
[INFO DRT-0028]   Complete via3.
[INFO DRT-0028]   Complete met4.
[INFO DRT-0028]   Complete via4.
[INFO DRT-0028]   Complete met5.
[INFO DRT-0178] Init guide query.
[INFO DRT-0035]   Complete FR_MASTERSLICE (guide).
[INFO DRT-0035]   Complete Fr_VIA (guide).
[INFO DRT-0035]   Complete li1 (guide).
[INFO DRT-0035]   Complete mcon (guide).
[INFO DRT-0035]   Complete met1 (guide).
[INFO DRT-0035]   Complete via (guide).
[INFO DRT-0035]   Complete met2 (guide).
[INFO DRT-0035]   Complete via2 (guide).
[INFO DRT-0035]   Complete met3 (guide).
[INFO DRT-0035]   Complete via3 (guide).
[INFO DRT-0035]   Complete met4 (guide).
[INFO DRT-0035]   Complete via4 (guide).
[INFO DRT-0035]   Complete met5 (guide).
[INFO DRT-0036] FR_MASTERSLICE guide region query size = 0.
[INFO DRT-0036] FR_VIA guide region query size = 0.
[INFO DRT-0036] li1 guide region query size = 777.
[INFO DRT-0036] mcon guide region query size = 0.
[INFO DRT-0036] met1 guide region query size = 605.
[INFO DRT-0036] via guide region query size = 0.
[INFO DRT-0036] met2 guide region query size = 330.
[INFO DRT-0036] via2 guide region query size = 0.
[INFO DRT-0036] met3 guide region query size = 91.
[INFO DRT-0036] via3 guide region query size = 0.
[INFO DRT-0036] met4 guide region query size = 5.
[INFO DRT-0036] via4 guide region query size = 0.
[INFO DRT-0036] met5 guide region query size = 0.
[INFO DRT-0179] Init gr pin query.
[INFO DRT-0267] cpu time = 00:00:00, elapsed time = 00:00:00, memory = 176.25 (MB), peak = 176.25 (MB)
[INFO DRT-0245] skipped writing guide updates to database.
[INFO DRT-0185] Post process initialize RPin region query.
[INFO DRT-0181] Start track assignment.
[INFO DRT-0184] Done with 1112 vertical wires in 1 frboxes and 696 horizontal wires in 1 frboxes.
[INFO DRT-0186] Done with 67 vertical wires in 1 frboxes and 177 horizontal wires in 1 frboxes.
[INFO DRT-0182] Complete track assignment.
[INFO DRT-0267] cpu time = 00:00:00, elapsed time = 00:00:00, memory = 179.01 (MB), peak = 179.01 (MB)
[INFO DRT-0187] Start routing data preparation.
[INFO DRT-0267] cpu time = 00:00:00, elapsed time = 00:00:00, memory = 179.01 (MB), peak = 179.01 (MB)
[INFO DRT-0194] Start detail routing.
[INFO DRT-0195] Start 0th optimization iteration.
    Completing 20% with 0 violations.
    elapsed time = 00:00:03, memory = 195.71 (MB).
    Completing 50% with 34 violations.
    elapsed time = 00:00:04, memory = 214.32 (MB).
    Completing 70% with 44 violations.
    elapsed time = 00:00:05, memory = 235.75 (MB).
    Completing 100% with 63 violations.
    elapsed time = 00:00:05, memory = 247.79 (MB).
[INFO DRT-0199]   Number of violations = 93.
Viol/Layer        met1   met2
Metal Spacing       21      3
Min Hole             1      0
Recheck             21      9
Short               38      0
[INFO DRT-0267] cpu time = 00:00:07, elapsed time = 00:00:05, memory = 610.00 (MB), peak = 610.00 (MB)
Total wire length = 5035 um.
Total wire length on LAYER li1 = 0 um.
Total wire length on LAYER met1 = 2284 um.
Total wire length on LAYER met2 = 2208 um.
Total wire length on LAYER met3 = 462 um.
Total wire length on LAYER met4 = 80 um.
Total wire length on LAYER met5 = 0 um.
Total number of vias = 2039.
Up-via summary (total 2039):

-----------------------
 FR_MASTERSLICE       0
            li1    1015
           met1     923
           met2      93
           met3       8
           met4       0
-----------------------
               2039


[INFO DRT-0195] Start 1st optimization iteration.
    Completing 20% with 93 violations.
    elapsed time = 00:00:00, memory = 633.64 (MB).
    Completing 50% with 86 violations.
    elapsed time = 00:00:01, memory = 640.72 (MB).
    Completing 70% with 83 violations.
    elapsed time = 00:00:02, memory = 665.13 (MB).
    Completing 100% with 13 violations.
    elapsed time = 00:00:03, memory = 666.42 (MB).
[INFO DRT-0199]   Number of violations = 13.
Viol/Layer        met1   met2
Metal Spacing        1      1
Short               11      0
[INFO DRT-0267] cpu time = 00:00:04, elapsed time = 00:00:03, memory = 667.50 (MB), peak = 667.50 (MB)
Total wire length = 5002 um.
Total wire length on LAYER li1 = 0 um.
Total wire length on LAYER met1 = 2258 um.
Total wire length on LAYER met2 = 2210 um.
Total wire length on LAYER met3 = 472 um.
Total wire length on LAYER met4 = 61 um.
Total wire length on LAYER met5 = 0 um.
Total number of vias = 2031.
Up-via summary (total 2031):

-----------------------
 FR_MASTERSLICE       0
            li1    1016
           met1     909
           met2      97
           met3       9
           met4       0
-----------------------
               2031


[INFO DRT-0195] Start 2nd optimization iteration.
    Completing 10% with 13 violations.
    elapsed time = 00:00:00, memory = 667.50 (MB).
    Completing 20% with 13 violations.
    elapsed time = 00:00:00, memory = 667.50 (MB).
    Completing 30% with 13 violations.
    elapsed time = 00:00:00, memory = 667.50 (MB).
    Completing 40% with 13 violations.
    elapsed time = 00:00:00, memory = 667.50 (MB).
    Completing 50% with 13 violations.
    elapsed time = 00:00:00, memory = 667.50 (MB).
    Completing 60% with 13 violations.
    elapsed time = 00:00:00, memory = 667.50 (MB).
    Completing 70% with 13 violations.
    elapsed time = 00:00:00, memory = 667.50 (MB).
    Completing 80% with 13 violations.
    elapsed time = 00:00:00, memory = 677.23 (MB).
    Completing 100% with 6 violations.
    elapsed time = 00:00:03, memory = 699.19 (MB).
[INFO DRT-0199]   Number of violations = 6.
Viol/Layer        met1
Short                6
[INFO DRT-0267] cpu time = 00:00:04, elapsed time = 00:00:04, memory = 699.19 (MB), peak = 730.69 (MB)
Total wire length = 5013 um.
Total wire length on LAYER li1 = 0 um.
Total wire length on LAYER met1 = 2288 um.
Total wire length on LAYER met2 = 2190 um.
Total wire length on LAYER met3 = 463 um.
Total wire length on LAYER met4 = 70 um.
Total wire length on LAYER met5 = 0 um.
Total number of vias = 2024.
Up-via summary (total 2024):

-----------------------
 FR_MASTERSLICE       0
            li1    1018
           met1     903
           met2      95
           met3       8
           met4       0
-----------------------
               2024


[INFO DRT-0195] Start 3rd stubborn tiles iteration.
    Completing 10% with 6 violations.
    elapsed time = 00:00:01, memory = 926.61 (MB).
    Completing 20% with 6 violations.
    elapsed time = 00:00:01, memory = 927.64 (MB).
    Completing 30% with 6 violations.
    elapsed time = 00:00:01, memory = 975.83 (MB).
    Completing 40% with 6 violations.
    elapsed time = 00:00:02, memory = 1029.18 (MB).
    Completing 50% with 6 violations.
    elapsed time = 00:00:03, memory = 1110.43 (MB).
    Completing 60% with 6 violations.
    elapsed time = 00:00:04, memory = 1130.21 (MB).
    Completing 70% with 6 violations.
    elapsed time = 00:00:04, memory = 1133.56 (MB).
    Completing 80% with 6 violations.
    elapsed time = 00:00:04, memory = 1133.56 (MB).
    Completing 90% with 6 violations.
    elapsed time = 00:00:05, memory = 1138.45 (MB).
    Completing 100% with 0 violations.
    elapsed time = 00:00:05, memory = 1138.45 (MB).
[INFO DRT-0199]   Number of violations = 0.
[INFO DRT-0267] cpu time = 00:00:58, elapsed time = 00:00:05, memory = 1138.45 (MB), peak = 1140.45 (MB)
Total wire length = 5013 um.
Total wire length on LAYER li1 = 0 um.
Total wire length on LAYER met1 = 2284 um.
Total wire length on LAYER met2 = 2195 um.
Total wire length on LAYER met3 = 463 um.
Total wire length on LAYER met4 = 70 um.
Total wire length on LAYER met5 = 0 um.
Total number of vias = 2030.
Up-via summary (total 2030):

-----------------------
 FR_MASTERSLICE       0
            li1    1018
           met1     909
           met2      95
           met3       8
           met4       0
-----------------------
               2030


[INFO DRT-0198] Complete detail routing.
Total wire length = 5013 um.
Total wire length on LAYER li1 = 0 um.
Total wire length on LAYER met1 = 2284 um.
Total wire length on LAYER met2 = 2195 um.
Total wire length on LAYER met3 = 463 um.
Total wire length on LAYER met4 = 70 um.
Total wire length on LAYER met5 = 0 um.
Total number of vias = 2030.
Up-via summary (total 2030):

-----------------------
 FR_MASTERSLICE       0
            li1    1018
           met1     909
           met2      95
           met3       8
           met4       0
-----------------------
               2030


[INFO DRT-0267] cpu time = 00:01:15, elapsed time = 00:00:19, memory = 1138.45 (MB), peak = 1140.45 (MB)

[INFO DRT-0180] Post processing.
Took 24 seconds: detailed_route -output_drc ./reports/sky130hd/my_ip/base/5_route_drc.rpt -output_maze ./results/sky130hd/my_ip/base/maze.log -droute_end_iter 64 -verbose 1 -drc_report_iter_step 5
[INFO GRT-0012] Found 0 antenna violations.
[INFO ANT-0002] Found 0 net violations.
[INFO ANT-0001] Found 0 pin violations.
[INFO ANT-0002] Found 0 net violations.
[INFO ANT-0001] Found 0 pin violations.
Report metrics stage 5, detailed route...

==========================================================================
detailed route report_design_area
--------------------------------------------------------------------------
Design area 3337 um^2 69% utilization.
Elapsed time: 0:24.89[h:]min:sec. CPU time: user 98.00 sys 1.54 (399%). Peak memory: 1167824KB.
Log                        Elapsed/s Peak Memory/MB  sha1sum .odb [0:20)
5_2_route                         24           1140 79d6723b8b6e82e770dd
/home/eneadim/openroad/flow/scripts/flow.sh 5_3_fillcell fillcell
Running fillcell.tcl, stage 5_3_fillcell
read_liberty /home/eneadim/openroad/flow/platforms/sky130hd/lib/sky130_fd_sc_hd__tt_025C_1v80.lib
read_db ./results/sky130hd/my_ip/base/5_2_route.odb
filler_placement "sky130_fd_sc_hd__fill_1 sky130_fd_sc_hd__fill_2 sky130_fd_sc_hd__fill_4 sky130_fd_sc_hd__fill_8"
[INFO DPL-0001] Placed 363 filler instances.
Elapsed time: 0:00.44[h:]min:sec. CPU time: user 0.37 sys 0.05 (97%). Peak memory: 113860KB.
Log                        Elapsed/s Peak Memory/MB  sha1sum .odb [0:20)
5_3_fillcell                       0            111 88fd00a36ad07a37bdae
cp ./results/sky130hd/my_ip/base/5_3_fillcell.odb ./results/sky130hd/my_ip/base/5_route.odb
cp ./results/sky130hd/my_ip/base/5_1_grt.sdc ./results/sky130hd/my_ip/base/5_route.sdc
/home/eneadim/openroad/flow/scripts/flow.sh 6_1_fill density_fill
Running density_fill.tcl, stage 6_1_fill
read_liberty /home/eneadim/openroad/flow/platforms/sky130hd/lib/sky130_fd_sc_hd__tt_025C_1v80.lib
read_db ./results/sky130hd/my_ip/base/5_route.odb
exec cp ./results/sky130hd/my_ip/base/5_route.odb ./results/sky130hd/my_ip/base/6_1_fill.odb
Elapsed time: 0:00.43[h:]min:sec. CPU time: user 0.40 sys 0.02 (97%). Peak memory: 112156KB.
Log                        Elapsed/s Peak Memory/MB  sha1sum .odb [0:20)
6_1_fill                           0            109 88fd00a36ad07a37bdae
cp ./results/sky130hd/my_ip/base/5_route.sdc ./results/sky130hd/my_ip/base/6_1_fill.sdc
/home/eneadim/openroad/flow/scripts/flow.sh 6_report final_report
Running final_report.tcl, stage 6_report
read_liberty /home/eneadim/openroad/flow/platforms/sky130hd/lib/sky130_fd_sc_hd__tt_025C_1v80.lib
read_db ./results/sky130hd/my_ip/base/6_1_fill.odb
Deleted 0 routing obstructions
[INFO RCX-0431] Defined process_corner X with ext_model_index 0
[INFO RCX-0029] Defined extraction corner X
[INFO RCX-0435] Reading extraction model file /home/eneadim/openroad/flow/platforms/sky130hd/rcx_patterns.rules ...
[INFO RCX-0436] RC segment generation my_ip (max_merge_res 50.0) ...
[INFO RCX-0040] Final 1085 rc segments
[INFO RCX-0439] Coupling Cap extraction my_ip ...
[INFO RCX-0440] Coupling threshhold is 0.1000 fF, coupling capacitance less than 0.1000 fF will be grounded.
[INFO RCX-0442] 52% of 2153 wires extracted
[INFO RCX-0442] 100% of 2153 wires extracted
[INFO RCX-0045] Extract 473 nets, 1490 rsegs, 1490 caps, 1750 ccs
[INFO RCX-0443] 473 nets finished
[INFO PSM-0040] All shapes on net VDD are connected.
########## IR report #################
Net              : VDD
Corner           : default
Supply voltage   : 1.80e+00 V
Worstcase voltage: 1.80e+00 V
Average voltage  : 1.80e+00 V
Average IR drop  : 1.58e-05 V
Worstcase IR drop: 4.26e-05 V
Percentage drop  : 0.00 %
######################################
[INFO PSM-0040] All shapes on net VSS are connected.
########## IR report #################
Net              : VSS
Corner           : default
Supply voltage   : 0.00e+00 V
Worstcase voltage: 3.33e-05 V
Average voltage  : 9.17e-06 V
Average IR drop  : 9.17e-06 V
Worstcase IR drop: 3.33e-05 V
Percentage drop  : 0.00 %
######################################
Cell type report:                       Count       Area
  Fill cell                               363    1427.62
  Tap cell                                 67      83.83
  Clock buffer                              7      96.34
  Timing Repair Buffer                     92     910.87
  Inverter                                 27     106.35
  Clock inverter                            1       5.00
  Sequential cell                          53    1326.27
  Multi-Input combinational cell          184     892.11
  Total                                   794    4848.40
Report metrics stage 6, finish...

==========================================================================
finish report_design_area
--------------------------------------------------------------------------
Design area 3337 um^2 69% utilization.
Elapsed time: 0:02.02[h:]min:sec. CPU time: user 1.69 sys 0.41 (104%). Peak memory: 237620KB.
Log                        Elapsed/s Peak Memory/MB  sha1sum .odb [0:20)
6_report                           2            232                  N/A
cp ./results/sky130hd/my_ip/base/5_route.sdc ./results/sky130hd/my_ip/base/6_final.sdc
cp /home/eneadim/openroad/flow/platforms/sky130hd/lef/sky130_fd_sc_hd.tlef ./objects/sky130hd/my_ip/base/klayout_tech.lef
SC_LEF_RELATIVE_PATH="../../../../../../../../../../../openroad/flow/platforms/sky130hd/lef/sky130_fd_sc_hd_merged.lef"; \
OTHER_LEFS_RELATIVE_PATHS=$(echo "<lef-files>$(realpath --relative-to=./results/sky130hd/my_ip/base ./objects/sky130hd/my_ip/base/klayout_tech.lef)</lef-files>"); \
sed 's,<lef-files>.*</lef-files>,<lef-files>'"$SC_LEF_RELATIVE_PATH"'</lef-files>'"$OTHER_LEFS_RELATIVE_PATHS"',g' /home/eneadim/openroad/flow/platforms/sky130hd/sky130hd.lyt > ./objects/sky130hd/my_ip/base/klayout.lyt
sed -i 's,<map-file>.*</map-file>,<map-file>/home/eneadim/openroad/flow/platforms/sky130hd/*map</map-file>,g' ./objects/sky130hd/my_ip/base/klayout.lyt
(env time -f 'Elapsed time: %E[h:]min:sec. CPU time: user %U sys %S (%P). Peak memory: %MKB.' stdbuf -o L /home/eneadim/openroad/flow/scripts/klayout.sh -zz -rd design_name=my_ip \
        -rd in_def=./results/sky130hd/my_ip/base/6_final.def \
        -rd in_files="/home/eneadim/openroad/flow/platforms/sky130hd/gds/sky130_fd_sc_hd.gds  " \
        -rd seal_file="" \
        -rd out_file=./results/sky130hd/my_ip/base/6_1_merged.gds \
        -rd tech_file=./objects/sky130hd/my_ip/base/klayout.lyt \
        -rd layer_map= \
        -r /home/eneadim/openroad/flow/util/def2stream.py) 2>&1 | tee /home/eneadim/github/flexsoc/workspace/runs/my_ip/dev1/pnr_openroad/logs/sky130hd/my_ip/base/6_1_merge.log
KLayout 0.28.16
[INFO] Reporting cells prior to loading DEF ...
	/home/eneadim/openroad/flow/platforms/sky130hd/gds/sky130_fd_sc_hd.gds
[INFO] All LEF cells have matching GDS/OAS cells
[INFO] No orphan cells in the final layout
Elapsed time: 0:01.68[h:]min:sec. CPU time: user 1.34 sys 0.20 (91%). Peak memory: 379104KB.
cp results/sky130hd/my_ip/base/6_1_merged.gds results/sky130hd/my_ip/base/6_final.gds
./logs/sky130hd/my_ip/base
Log                        Elapsed/s Peak Memory/MB  sha1sum .odb [0:20)
1_1_yosys_canonicalize             0             71 dc61dfbdca91be8641eb
1_2_yosys                          0             58 aeb815ce14441766e1ab
2_1_floorplan                      0            132 eff3ccb80ff67c22c536
2_2_floorplan_macro                0            108 eff3ccb80ff67c22c536
2_3_floorplan_tapcell              0            108 dfdc369eb72884a7668f
2_4_floorplan_pdn                  0            110 e371eda0c62a14facec5
3_1_place_gp_skip_io               0            110 e96dd4ddbc39c77eca87
3_2_place_iop                      0            109 8fae37392447c2766a55
3_3_place_gp                       1            192 fc25bc0db7ea340842c1
3_4_place_resized                  0            127 fc25bc0db7ea340842c1
3_5_place_dp                       0            114 6422f780d70ad7b6c43d
4_1_cts                            2            153 eaf633cba15d1cefbd76
5_1_grt                            5            203 9e7680151758e277ded8
5_2_route                         24           1140 79d6723b8b6e82e770dd
5_3_fillcell                       0            111 88fd00a36ad07a37bdae
6_1_fill                           0            109 88fd00a36ad07a37bdae
6_1_merge                          1            370                  N/A
6_report                           2            232                  N/A
Total                             35           1140                     
