FlexSoC run check · gpio
Technical FAIL · Provenance STALE

Flow
Main step                    Status 
RTL lint                     PASS   
CDC / RDC                    PASS   
Functional verification      PASS   
Formal verification          PASS   
Synthesis                    PASS   
RTL ↔ synthesis equivalence  MISSING
Pre-implementation sign-off  PASS   
Implementation / PnR         PASS   
Post Sign-Off                FAIL   
Run status: FAIL

Provenance
Setup                         State  Action      
cdc_rdc                       CLEAN  -           
cdc_rdc.setup                 CLEAN  -           
cocotb.setup                  CLEAN  -           
eqy.setup                     STALE  fx eqy.setup
formal.cover.setup            CLEAN  -           
formal.csr_cover.setup        CLEAN  -           
formal.csr_prove.setup        CLEAN  -           
formal.prove.setup            CLEAN  -           
formal_bmc                    CLEAN  -           
formal_cover                  CLEAN  -           
formal_csr_bmc                CLEAN  -           
formal_csr_cover              CLEAN  -           
formal_csr_prove              CLEAN  -           
formal_prove                  CLEAN  -           
fusion_analysis_all           CLEAN  -           
fusion_analysis_post_pnr_all  CLEAN  -           
lint_slang_suite              CLEAN  -           
lint_verilator_suite          CLEAN  -           
physical_signoff              CLEAN  -           
pnr                           CLEAN  -           
pnr.setup                     CLEAN  -           
power_analysis_all            CLEAN  -           
power_analysis_post_pnr_all   CLEAN  -           
power_estimate                CLEAN  -           
power_estimate_post_pnr       CLEAN  -           
regression                    CLEAN  -           
sdf                           CLEAN  -           
sdf_post_pnr                  CLEAN  -           
signoff.setup                 CLEAN  -           
signoff_post_pnr.setup        CLEAN  -           
sim_post_pnr_all              CLEAN  -           
sim_post_syn_all              CLEAN  -           
sta                           CLEAN  -           
sta_post_pnr                  CLEAN  -           
syn                           CLEAN  -           
syn.setup                     CLEAN  -           
tb.setup                      CLEAN  -           

RTL lint  Slang → Verilator
Tool       Status  Errors  Warnings  Latch  Width  Unused
slang      PASS         0         1      0      0       0
verilator  PASS         0        93      0      0       2

CDC / RDC  post-lint structural analysis
Status       PASS                                        
Domains      clocks=1 · resets=5 · sequential=41         
CDC          raw=0 · safe=0 · review=0 · warn=0 · error=0
RDC          raw=0 · safe=2 · review=0 · warn=0 · error=0
Obligations  0                                           
Report       dv/cdc_rdc/cdc_rdc.rpt                      

Functional verification
Status           PASS              
Generated tests  8                 
sv logs          8                 
cocotb logs      8                 
Coverage all     3737/11208  33.34%
Coverage design  982/1428  68.77%  
Test              SV    cocotb
auto_toggle       PASS  PASS  
corners           PASS  PASS  
input_filter      PASS  PASS  
interrupt_levels  PASS  PASS  
random_seed_1     PASS  PASS  
random_seed_2     PASS  PASS  
reconfig          PASS  PASS  
smoke             PASS  PASS  

Formal verification
Suite       Stage  Status  Time  Traces
csr         bmc    PASS      1s       0
csr         prove  PASS      0s       0
csr         cover  PASS      0s       2
properties  bmc    PASS      1s       0
properties  prove  PASS      0s       0
properties  cover  PASS      0s       8

Synthesis
Strategy         delay1                     
Netlist          syn/ihp-sg13g2/gpio_synth.v
Cells            478                        
Area             9096.4188                  
Sequential area  5829.6672                  
Errors           0                          
Warnings         0                          

Pre-implementation sign-off
SDF                    PASS · corners=3             
STA                    PASS · ideal clock · none    
Gate-level simulation  9/9  PASS · interconnect none
Power estimate         PASS                         
Activity power         9/9  PASS                    
Timing / power fusion  9/9  PASS                    
STA QoR
Corner  Mode   Status   WNS (ns)   TNS (ns)  Viol  Unconstr
ss      setup  PASS    +0.000000  +0.000000     0         0
ss      hold   PASS    +0.000000  +0.000000     0         0
tt      setup  PASS    +0.000000  +0.000000     0         0
tt      hold   PASS    +0.000000  +0.000000     0         0
ff      setup  PASS    +0.000000  +0.000000     0         0
ff      hold   PASS    +0.000000  +0.000000     0         0
GLS matrix
Test                min      typ      max  
corners           PASS sv  PASS sv  PASS sv
interrupt_levels  PASS sv  PASS sv  PASS sv
smoke             PASS sv  PASS sv  PASS sv
Power estimate
Corner  Internal (mW)  Switching (mW)  Leakage (µW)  Total (mW)
ss             +0.967          +0.075        +0.877      +1.040
tt             +1.190          +0.098        +0.351      +1.280
ff             +1.430          +0.127        +1.070      +1.560
Activity power workloads
Workload                Test              Backend  Timing  Status
corners_sv_ff           corners             sv      min    PASS  
interrupt_levels_sv_ff  interrupt_levels    sv      min    PASS  
smoke_sv_ff             smoke               sv      min    PASS  
corners_sv_tt           corners             sv      typ    PASS  
interrupt_levels_sv_tt  interrupt_levels    sv      typ    PASS  
smoke_sv_tt             smoke               sv      typ    PASS  
corners_sv_ss           corners             sv      max    PASS  
interrupt_levels_sv_ss  interrupt_levels    sv      max    PASS  
smoke_sv_ss             smoke               sv      max    PASS  
Timing / power fusion workloads
Workload                Test              Backend  Timing  Status
corners_sv_ff           corners             sv      min    PASS  
interrupt_levels_sv_ff  interrupt_levels    sv      min    PASS  
smoke_sv_ff             smoke               sv      min    PASS  
corners_sv_tt           corners             sv      typ    PASS  
interrupt_levels_sv_tt  interrupt_levels    sv      typ    PASS  
smoke_sv_tt             smoke               sv      typ    PASS  
corners_sv_ss           corners             sv      max    PASS  
interrupt_levels_sv_ss  interrupt_levels    sv      max    PASS  
smoke_sv_ss             smoke               sv      max    PASS  

Implementation / PnR
Status           PASS                                        
Results          impl/ihp-sg13g2/results/ihp-sg13g2/gpio/base
Final artifacts  5/5                                         
Log              logs/pnr/ihp-sg13g2/gpio_pnr.log            

Post Sign-Off
Physical closure       FAIL                            
Route DRC              PASS                            
Antenna                PASS                            
GDS DRC                FAIL                            
LVS                    UNSUPPORTED                     
IR / PDN               UNSUPPORTED                     
SDF                    PASS · corners=3                
STA                    PASS · propagated clock · spef  
Gate-level simulation  9/9  PASS · interconnect enabled
Power estimate         PASS                            
Activity power         9/9  PASS                       
Timing / power fusion  9/9  PASS                       
STA QoR
Corner  Mode   Status   WNS (ns)   TNS (ns)  Viol  Unconstr
ss      setup  PASS    +0.000000  +0.000000     0         0
ss      hold   PASS    +0.000000  +0.000000     0         0
tt      setup  PASS    +0.000000  +0.000000     0         0
tt      hold   PASS    +0.000000  +0.000000     0         0
ff      setup  PASS    +0.000000  +0.000000     0         0
ff      hold   PASS    +0.000000  +0.000000     0         0
GLS matrix
Test                min      typ      max  
corners           PASS sv  PASS sv  PASS sv
interrupt_levels  PASS sv  PASS sv  PASS sv
smoke             PASS sv  PASS sv  PASS sv
Power estimate
Corner  Internal (mW)  Switching (mW)  Leakage (µW)  Total (mW)
ss             +1.600          +0.348        +1.310      +1.950
tt             +2.020          +0.451        +0.521      +2.480
ff             +2.580          +0.579        +1.570      +3.160
Activity power workloads
Workload                Test              Backend  Timing  Status
corners_sv_ff           corners             sv      min    PASS  
interrupt_levels_sv_ff  interrupt_levels    sv      min    PASS  
smoke_sv_ff             smoke               sv      min    PASS  
corners_sv_tt           corners             sv      typ    PASS  
interrupt_levels_sv_tt  interrupt_levels    sv      typ    PASS  
smoke_sv_tt             smoke               sv      typ    PASS  
corners_sv_ss           corners             sv      max    PASS  
interrupt_levels_sv_ss  interrupt_levels    sv      max    PASS  
smoke_sv_ss             smoke               sv      max    PASS  
Timing / power fusion workloads
Workload                Test              Backend  Timing  Status
corners_sv_ff           corners             sv      min    PASS  
interrupt_levels_sv_ff  interrupt_levels    sv      min    PASS  
smoke_sv_ff             smoke               sv      min    PASS  
corners_sv_tt           corners             sv      typ    PASS  
interrupt_levels_sv_tt  interrupt_levels    sv      typ    PASS  
smoke_sv_tt             smoke               sv      typ    PASS  
corners_sv_ss           corners             sv      max    PASS  
interrupt_levels_sv_ss  interrupt_levels    sv      max    PASS  
smoke_sv_ss             smoke               sv      max    PASS  

Detailed metrics: /home/eneadim/github/flexsoc/hw/ips/gpio/1.0.0/interfaces/.ip-save.gpio.tlul.94xlyk4t/tlul/meta/ihp-sg13g2/metrics.json
