analysis=power_analysis corner=ss stage=post_syn
workload=corners_sv_ss
gls_report=/tmp/flexsoc-ip-v1-release-20260914/uart-tlul/runs/uart/release/dv/functional/sim/post_syn/ihp-sg13g2/uart_post_syn_corners_sv_ss.json
activity_file=/tmp/flexsoc-ip-v1-release-20260914/uart-tlul/runs/uart/release/signoff/ihp-sg13g2/power/activity/captures/uart_ihp-sg13g2_corners_sv_ss.vcd
activity_scope=uart_tb/u_uart
liberty=/home/eneadim/github/flexsoc/.flexsoc/pdks/ihp-sg13g2/ihp-sg13g2/libs.ref/sg13g2_stdcell/lib/sg13g2_stdcell_slow_1p35V_125C.lib
netlist=/tmp/flexsoc-ip-v1-release-20260914/uart-tlul/runs/uart/release/syn/ihp-sg13g2/uart_synth.v
sdc=/tmp/flexsoc-ip-v1-release-20260914/uart-tlul/runs/uart/release/constraints/uart.sdc
spef=

=== Units ===
 time 1ns
 capacitance 1pF
 resistance 1kohm
 voltage 1v
 current 1uA
 power 1pW
 distance 1um

=== Constraint validation ===

=== Activity annotation ===
annotated_percent=100.00%
Unannotated pins: none

=== Power summary ===
Group                  Internal  Switching    Leakage      Total
                          Power      Power      Power      Power (Watts)
----------------------------------------------------------------
Sequential             2.60e-03   2.48e-06   1.32e-06   2.60e-03  99.1%
Combinational          1.22e-05   1.03e-05   1.49e-06   2.40e-05   0.9%
Clock                  0.00e+00   0.00e+00   0.00e+00   0.00e+00   0.0%
Macro                  0.00e+00   0.00e+00   0.00e+00   0.00e+00   0.0%
Pad                    0.00e+00   0.00e+00   0.00e+00   0.00e+00   0.0%
----------------------------------------------------------------
Total                  2.61e-03   1.28e-05   2.81e-06   2.63e-03 100.0%
                          99.4%       0.5%       0.1%

=== FlexSoC normalized power fields ===
dynamic_power_definition=internal_power+switching_power
power_unit=OpenSTA report unit; see Units section
internal_power=0.00261
switching_power=1.28e-05
dynamic_power=0.0026228
leakage_power=2.81e-06
total_power=0.00263
