
 /----------------------------------------------------------------------------\
 |  yosys -- Yosys Open SYnthesis Suite                                       |
 |  Copyright (C) 2012 - 2025  Claire Xenia Wolf <claire@yosyshq.com>         |
 |  Distributed under an ISC-like license, type "license" to see terms        |
 \----------------------------------------------------------------------------/
 Yosys 0.58 (git sha1 157aabb58, g++ 13.3.0-6ubuntu2~24.04 -fPIC -O3)

-- Executing script file `syn/synth_sv.ys' --

1. Executing SLANG frontend.
Top level design units:
    gpio

Build succeeded: 0 errors, 0 warnings

1.1. Executing UNDRIVEN pass. (resolve undriven signals)

1.2. Executing PROC_CLEAN pass (remove empty switches from decision trees).
Found and cleaned up 1 empty switch in `\gpio.$278'.
Removing empty process `gpio.$245'.
Removing empty process `gpio.$236'.
Found and cleaned up 1 empty switch in `\gpio.$231'.
Found and cleaned up 1 empty switch in `\gpio.$223'.
Found and cleaned up 1 empty switch in `\gpio.$215'.
Found and cleaned up 1 empty switch in `\gpio.$207'.
Found and cleaned up 1 empty switch in `\gpio.$199'.
Found and cleaned up 1 empty switch in `\gpio.$191'.
Found and cleaned up 1 empty switch in `\gpio.$182'.
Found and cleaned up 1 empty switch in `\gpio.$149'.
Removing empty process `gpio.$138'.
Removing empty process `gpio.$131'.
Found and cleaned up 1 empty switch in `\gpio.$124'.
Removing empty process `gpio.$123'.
Removing empty process `gpio.$115'.
Removing empty process `gpio.$113'.
Removing empty process `gpio.$111'.
Found and cleaned up 1 empty switch in `\gpio.$94'.
Found and cleaned up 1 empty switch in `\gpio.$87'.
Found and cleaned up 1 empty switch in `\gpio.$82'.
Removing empty process `gpio.$56'.
Found and cleaned up 1 empty switch in `\gpio.$52'.
Found and cleaned up 1 empty switch in `\gpio.$48'.
Removing empty process `gpio.$38'.
Found and cleaned up 1 empty switch in `\gpio.$34'.
Removing empty process `gpio.$31'.
Removing empty process `gpio.$28'.
Removing empty process `gpio.$25'.
Removing empty process `gpio.$24'.
Removing empty process `gpio.$14'.
Found and cleaned up 1 empty switch in `\gpio.$10'.
Removing empty process `gpio.$7'.
Removing empty process `gpio.$4'.
Removing empty process `gpio.$1'.
Removing empty process `gpio.$0'.
Cleaned up 17 empty switches.

1.3. Executing TRIBUF pass.

1.4. Executing PROC_RMDEAD pass (remove dead branches from decision trees).
Marked 2 switch rules as full_case in process $82 in module gpio.
Marked 2 switch rules as full_case in process $149 in module gpio.
Marked 1 switch rules as full_case in process $124 in module gpio.
Removed a total of 0 dead cases.

1.5. Executing PROC_PRUNE pass (remove redundant assignments in processes).
Removed 8 redundant assignments.
Promoted 0 assignments to connections.

1.6. Executing PROC_INIT pass (extract init attributes).

1.7. Executing PROC_ROM pass (convert switches to ROMs).
Converted 0 switches.
<suppressed ~21 debug messages>

1.8. Executing PROC_MUX pass (convert decision trees to multiplexers).
Creating decoders for process `\gpio.$87'.
     1/3: $u_reg.u_reg_if.rspop_q$93
     2/3: $u_reg.u_reg_if.reqsz_q$92
     3/3: $u_reg.u_reg_if.reqid_q$91
Creating decoders for process `\gpio.$82'.
     1/2: $u_reg.u_reg_if.outstanding_q$85
     2/2: $u_reg.u_reg_if.outstanding_q$86
Creating decoders for process `\gpio.$191'.
     1/1: $u_reg.u_intr_ctrl_en_rising.q$194
Creating decoders for process `\gpio.$52'.
     1/1: $cio_gpio_en_q$55
Creating decoders for process `\gpio.$48'.
     1/1: $cio_gpio_q$51
Creating decoders for process `\gpio.$182'.
     1/1: $u_reg.u_data_in.q$185
Creating decoders for process `\gpio.$34'.
     1/1: $gen_filter[1].u_filter.stored_value_q$37
Creating decoders for process `\gpio.$149'.
     1/6: $u_reg.u_reg_if.u_err.fulldata_chk$175
     2/6: $u_reg.u_reg_if.u_err.mask_chk$174
     3/6: $u_reg.u_reg_if.u_err.addr_sz_chk$173
     4/6: $u_reg.u_reg_if.u_err.fulldata_chk$172
     5/6: $u_reg.u_reg_if.u_err.mask_chk$171
     6/6: $u_reg.u_reg_if.u_err.addr_sz_chk$170
Creating decoders for process `\gpio.$278'.
     1/4: $u_reg.reg_rdata_next$279 [31:10]
     2/4: $u_reg.reg_rdata_next$279 [3:2]
     3/4: $u_reg.reg_rdata_next$279 [9:4]
     4/4: $u_reg.reg_rdata_next$279 [1:0]
Creating decoders for process `\gpio.$231'.
     1/1: $u_reg.u_ctrl_en_input_filter.q$234
Creating decoders for process `\gpio.$124'.
     1/1: $u_reg.u_reg_if.addr_align_err$126
Creating decoders for process `\gpio.$223'.
     1/1: $u_reg.u_intr_ctrl_en_input_filter.q$226
Creating decoders for process `\gpio.$10'.
     1/1: $gen_filter[0].u_filter.stored_value_q$13
Creating decoders for process `\gpio.$215'.
     1/1: $u_reg.u_intr_ctrl_en_lvllow.q$218
Creating decoders for process `\gpio.$207'.
     1/1: $u_reg.u_intr_ctrl_en_lvlhigh.q$210
Creating decoders for process `\gpio.$199'.
     1/1: $u_reg.u_intr_ctrl_en_falling.q$202
Creating decoders for process `\gpio.$94'.
     1/2: $u_reg.u_reg_if.error_q$102
     2/2: $u_reg.u_reg_if.rdata_q$101

1.9. Executing PROC_CLEAN pass (remove empty switches from decision trees).
Found and cleaned up 1 empty switch in `\gpio.$87'.
Removing empty process `gpio.$87'.
Found and cleaned up 3 empty switches in `\gpio.$82'.
Removing empty process `gpio.$82'.
Found and cleaned up 1 empty switch in `\gpio.$191'.
Removing empty process `gpio.$191'.
Found and cleaned up 1 empty switch in `\gpio.$52'.
Removing empty process `gpio.$52'.
Found and cleaned up 1 empty switch in `\gpio.$48'.
Removing empty process `gpio.$48'.
Found and cleaned up 1 empty switch in `\gpio.$182'.
Removing empty process `gpio.$182'.
Found and cleaned up 1 empty switch in `\gpio.$34'.
Removing empty process `gpio.$34'.
Found and cleaned up 3 empty switches in `\gpio.$149'.
Removing empty process `gpio.$149'.
Found and cleaned up 1 empty switch in `\gpio.$278'.
Removing empty process `gpio.$278'.
Found and cleaned up 1 empty switch in `\gpio.$231'.
Removing empty process `gpio.$231'.
Found and cleaned up 1 empty switch in `\gpio.$124'.
Removing empty process `gpio.$124'.
Found and cleaned up 1 empty switch in `\gpio.$223'.
Removing empty process `gpio.$223'.
Found and cleaned up 1 empty switch in `\gpio.$10'.
Removing empty process `gpio.$10'.
Found and cleaned up 1 empty switch in `\gpio.$215'.
Removing empty process `gpio.$215'.
Found and cleaned up 1 empty switch in `\gpio.$207'.
Removing empty process `gpio.$207'.
Found and cleaned up 1 empty switch in `\gpio.$199'.
Removing empty process `gpio.$199'.
Found and cleaned up 1 empty switch in `\gpio.$94'.
Removing empty process `gpio.$94'.
Cleaned up 21 empty switches.

1.10. Executing OPT_EXPR pass (perform const folding).
Optimizing module gpio.
<suppressed ~74 debug messages>

2. Executing SYNTH pass.

2.1. Executing HIERARCHY pass (managing design hierarchy).

2.1.1. Analyzing design hierarchy..
Top module:  \gpio

2.1.2. Analyzing design hierarchy..
Top module:  \gpio
Removed 0 unused modules.

2.2. Executing PROC pass (convert processes to netlists).

2.2.1. Executing PROC_CLEAN pass (remove empty switches from decision trees).
Cleaned up 0 empty switches.

2.2.2. Executing PROC_RMDEAD pass (remove dead branches from decision trees).
Removed a total of 0 dead cases.

2.2.3. Executing PROC_PRUNE pass (remove redundant assignments in processes).
Removed 0 redundant assignments.
Promoted 0 assignments to connections.

2.2.4. Executing PROC_INIT pass (extract init attributes).

2.2.5. Executing PROC_ARST pass (detect async resets in processes).

2.2.6. Executing PROC_ROM pass (convert switches to ROMs).
Converted 0 switches.

2.2.7. Executing PROC_MUX pass (convert decision trees to multiplexers).

2.2.8. Executing PROC_DLATCH pass (convert process syncs to latches).

2.2.9. Executing PROC_DFF pass (convert process syncs to FFs).

2.2.10. Executing PROC_MEMWR pass (convert process memory writes to cells).

2.2.11. Executing PROC_CLEAN pass (remove empty switches from decision trees).
Cleaned up 0 empty switches.

2.2.12. Executing OPT_EXPR pass (perform const folding).
Optimizing module gpio.

2.3. Executing OPT_EXPR pass (perform const folding).
Optimizing module gpio.

2.4. Executing OPT_CLEAN pass (remove unused cells and wires).
Finding unused cells or wires in module \gpio..
Removed 106 unused cells and 291 unused wires.
<suppressed ~130 debug messages>

2.5. Executing CHECK pass (checking for obvious problems).
Checking module gpio...
Found and reported 0 problems.

2.6. Executing OPT pass (performing simple optimizations).

2.6.1. Executing OPT_EXPR pass (perform const folding).
Optimizing module gpio.

2.6.2. Executing OPT_MERGE pass (detect identical cells).
Finding identical cells in module `\gpio'.
<suppressed ~24 debug messages>
Removed a total of 8 cells.

2.6.3. Executing OPT_MUXTREE pass (detect dead branches in mux trees).
Running muxtree optimizer on module \gpio..
  Creating internal representation of mux trees.
  Evaluating internal representation of mux trees.
  Analyzing evaluation results.
    dead port 2/2 on $mux $198.
    dead port 2/2 on $mux $206.
    dead port 2/2 on $mux $214.
    dead port 2/2 on $mux $222.
    dead port 2/2 on $mux $230.
    dead port 2/2 on $mux $190.
    dead port 1/2 on $mux $procmux$10.
Removed 7 multiplexer ports.
<suppressed ~60 debug messages>

2.6.4. Executing OPT_REDUCE pass (consolidate $*mux and $reduce_* inputs).
  Optimizing cells in module \gpio.
    New input vector for $reduce_or cell $257: $246y [1:0]
    New ctrl vector for $pmux cell $procmux$63: $auto$opt_reduce.cc:137:opt_pmux$106
    New ctrl vector for $pmux cell $procmux$75: { \u_reg.addr_hit [2] $auto$opt_reduce.cc:137:opt_pmux$108 }
  Optimizing cells in module \gpio.
Performed a total of 3 changes.

2.6.5. Executing OPT_MERGE pass (detect identical cells).
Finding identical cells in module `\gpio'.
<suppressed ~3 debug messages>
Removed a total of 1 cells.

2.6.6. Executing OPT_DFF pass (perform DFF optimizations).
Changing const-value async load to async reset on $driver$u_reg.u_reg_if.rspop_q ($aldff) from module gpio.
Changing const-value async load to async reset on $driver$u_reg.u_reg_if.reqsz_q ($aldff) from module gpio.
Changing const-value async load to async reset on $driver$u_reg.u_reg_if.reqid_q ($aldff) from module gpio.
Changing const-value async load to async reset on $driver$u_reg.u_reg_if.rdata_q ($aldff) from module gpio.
Changing const-value async load to async reset on $driver$u_reg.u_reg_if.outstanding_q ($aldff) from module gpio.
Changing const-value async load to async reset on $driver$u_reg.u_reg_if.error_q ($aldff) from module gpio.
Changing const-value async load to async reset on $driver$u_reg.u_intr_ctrl_en_rising.q ($aldff) from module gpio.
Changing const-value async load to async reset on $driver$u_reg.u_intr_ctrl_en_lvllow.q ($aldff) from module gpio.
Changing const-value async load to async reset on $driver$u_reg.u_intr_ctrl_en_lvlhigh.q ($aldff) from module gpio.
Changing const-value async load to async reset on $driver$u_reg.u_intr_ctrl_en_input_filter.q ($aldff) from module gpio.
Changing const-value async load to async reset on $driver$u_reg.u_intr_ctrl_en_falling.q ($aldff) from module gpio.
Changing const-value async load to async reset on $driver$u_reg.u_data_in.q ($aldff) from module gpio.
Changing const-value async load to async reset on $driver$u_reg.u_ctrl_en_input_filter.q ($aldff) from module gpio.
Changing const-value async load to async reset on $driver$gen_filter[1].u_filter.stored_value_q ($aldff) from module gpio.
Changing const-value async load to async reset on $driver$gen_filter[1].u_filter.gen_async.prim_flop_2sync.u_sync_2.q_o ($aldff) from module gpio.
Changing const-value async load to async reset on $driver$gen_filter[1].u_filter.gen_async.prim_flop_2sync.u_sync_1.q_o ($aldff) from module gpio.
Changing const-value async load to async reset on $driver$gen_filter[1].u_filter.filter_q ($aldff) from module gpio.
Changing const-value async load to async reset on $driver$gen_filter[1].u_filter.diff_ctr_q ($aldff) from module gpio.
Changing const-value async load to async reset on $driver$gen_filter[0].u_filter.stored_value_q ($aldff) from module gpio.
Changing const-value async load to async reset on $driver$gen_filter[0].u_filter.gen_async.prim_flop_2sync.u_sync_2.q_o ($aldff) from module gpio.
Changing const-value async load to async reset on $driver$gen_filter[0].u_filter.gen_async.prim_flop_2sync.u_sync_1.q_o ($aldff) from module gpio.
Changing const-value async load to async reset on $driver$gen_filter[0].u_filter.filter_q ($aldff) from module gpio.
Changing const-value async load to async reset on $driver$gen_filter[0].u_filter.diff_ctr_q ($aldff) from module gpio.
Changing const-value async load to async reset on $driver$cio_gpio_q ($aldff) from module gpio.
Changing const-value async load to async reset on $driver$cio_gpio_en_q ($aldff) from module gpio.

2.6.7. Executing OPT_CLEAN pass (remove unused cells and wires).
Finding unused cells or wires in module \gpio..
Removed 0 unused cells and 17 unused wires.
<suppressed ~8 debug messages>

2.6.8. Executing OPT_EXPR pass (perform const folding).
Optimizing module gpio.

2.6.9. Rerunning OPT passes. (Maybe there is more to do..)

2.6.10. Executing OPT_MUXTREE pass (detect dead branches in mux trees).
Running muxtree optimizer on module \gpio..
  Creating internal representation of mux trees.
  Evaluating internal representation of mux trees.
  Analyzing evaluation results.
Removed 0 multiplexer ports.
<suppressed ~53 debug messages>

2.6.11. Executing OPT_REDUCE pass (consolidate $*mux and $reduce_* inputs).
  Optimizing cells in module \gpio.
Performed a total of 0 changes.

2.6.12. Executing OPT_MERGE pass (detect identical cells).
Finding identical cells in module `\gpio'.
Removed a total of 0 cells.

2.6.13. Executing OPT_DFF pass (perform DFF optimizations).

2.6.14. Executing OPT_CLEAN pass (remove unused cells and wires).
Finding unused cells or wires in module \gpio..

2.6.15. Executing OPT_EXPR pass (perform const folding).
Optimizing module gpio.

2.6.16. Finished fast OPT passes. (There is nothing left to do.)

2.7. Executing FSM pass (extract and optimize FSM).

2.7.1. Executing FSM_DETECT pass (finding FSMs in design).
Not marking gpio.u_reg.u_reg_if.rspop_q as FSM state register:
    Register is connected to module port.
    Users of register don't seem to benefit from recoding.

2.7.2. Executing FSM_EXTRACT pass (extracting FSM from design).

2.7.3. Executing FSM_OPT pass (simple optimizations of FSMs).

2.7.4. Executing OPT_CLEAN pass (remove unused cells and wires).
Finding unused cells or wires in module \gpio..

2.7.5. Executing FSM_OPT pass (simple optimizations of FSMs).

2.7.6. Executing FSM_RECODE pass (re-assigning FSM state encoding).

2.7.7. Executing FSM_INFO pass (dumping all available information on FSM cells).

2.7.8. Executing FSM_MAP pass (mapping FSMs to basic logic).

2.8. Executing OPT pass (performing simple optimizations).

2.8.1. Executing OPT_EXPR pass (perform const folding).
Optimizing module gpio.

2.8.2. Executing OPT_MERGE pass (detect identical cells).
Finding identical cells in module `\gpio'.
Removed a total of 0 cells.

2.8.3. Executing OPT_MUXTREE pass (detect dead branches in mux trees).
Running muxtree optimizer on module \gpio..
  Creating internal representation of mux trees.
  Evaluating internal representation of mux trees.
  Analyzing evaluation results.
Removed 0 multiplexer ports.
<suppressed ~53 debug messages>

2.8.4. Executing OPT_REDUCE pass (consolidate $*mux and $reduce_* inputs).
  Optimizing cells in module \gpio.
Performed a total of 0 changes.

2.8.5. Executing OPT_MERGE pass (detect identical cells).
Finding identical cells in module `\gpio'.
Removed a total of 0 cells.

2.8.6. Executing OPT_DFF pass (perform DFF optimizations).
Adding EN signal on $driver$u_reg.u_reg_if.rspop_q ($adff) from module gpio (D = $90y, Q = \u_reg.u_reg_if.rspop_q).
Adding EN signal on $driver$u_reg.u_reg_if.reqsz_q ($adff) from module gpio (D = \tl_i [101:100], Q = \u_reg.u_reg_if.reqsz_q).
Adding EN signal on $driver$u_reg.u_reg_if.reqid_q ($adff) from module gpio (D = \tl_i [99:92], Q = \u_reg.u_reg_if.reqid_q).
Adding EN signal on $driver$u_reg.u_reg_if.rdata_q ($adff) from module gpio (D = $99y, Q = \u_reg.u_reg_if.rdata_q).
Adding EN signal on $driver$u_reg.u_reg_if.outstanding_q ($adff) from module gpio (D = $procmux$14_Y, Q = \u_reg.u_reg_if.outstanding_q).
Adding EN signal on $driver$u_reg.u_reg_if.error_q ($adff) from module gpio (D = $100y, Q = \u_reg.u_reg_if.error_q).
Adding EN signal on $driver$u_reg.u_intr_ctrl_en_rising.q ($adff) from module gpio (D = \tl_i [25:24], Q = \u_reg.u_intr_ctrl_en_rising.q).
Adding EN signal on $driver$u_reg.u_intr_ctrl_en_lvllow.q ($adff) from module gpio (D = \tl_i [31:30], Q = \u_reg.u_intr_ctrl_en_lvllow.q).
Adding EN signal on $driver$u_reg.u_intr_ctrl_en_lvlhigh.q ($adff) from module gpio (D = \tl_i [29:28], Q = \u_reg.u_intr_ctrl_en_lvlhigh.q).
Adding EN signal on $driver$u_reg.u_intr_ctrl_en_input_filter.q ($adff) from module gpio (D = \tl_i [33:32], Q = \u_reg.u_intr_ctrl_en_input_filter.q).
Adding EN signal on $driver$u_reg.u_intr_ctrl_en_falling.q ($adff) from module gpio (D = \tl_i [27:26], Q = \u_reg.u_intr_ctrl_en_falling.q).
Adding EN signal on $driver$u_reg.u_ctrl_en_input_filter.q ($adff) from module gpio (D = \tl_i [27:24], Q = \u_reg.u_ctrl_en_input_filter.q).
Adding EN signal on $driver$gen_filter[1].u_filter.stored_value_q ($adff) from module gpio (D = \gen_filter[1].u_filter.gen_async.prim_flop_2sync.u_sync_2.q_o, Q = \gen_filter[1].u_filter.stored_value_q).
Adding EN signal on $driver$gen_filter[0].u_filter.stored_value_q ($adff) from module gpio (D = \gen_filter[0].u_filter.gen_async.prim_flop_2sync.u_sync_2.q_o, Q = \gen_filter[0].u_filter.stored_value_q).
Adding EN signal on $driver$cio_gpio_q ($adff) from module gpio (D = \tl_i [25:24], Q = \cio_gpio_q).
Adding EN signal on $driver$cio_gpio_en_q ($adff) from module gpio (D = \tl_i [27:26], Q = \cio_gpio_en_q).

2.8.7. Executing OPT_CLEAN pass (remove unused cells and wires).
Finding unused cells or wires in module \gpio..
Removed 15 unused cells and 15 unused wires.
<suppressed ~16 debug messages>

2.8.8. Executing OPT_EXPR pass (perform const folding).
Optimizing module gpio.
<suppressed ~1 debug messages>

2.8.9. Rerunning OPT passes. (Maybe there is more to do..)

2.8.10. Executing OPT_MUXTREE pass (detect dead branches in mux trees).
Running muxtree optimizer on module \gpio..
  Creating internal representation of mux trees.
  Evaluating internal representation of mux trees.
  Analyzing evaluation results.
Removed 0 multiplexer ports.
<suppressed ~25 debug messages>

2.8.11. Executing OPT_REDUCE pass (consolidate $*mux and $reduce_* inputs).
  Optimizing cells in module \gpio.
Performed a total of 0 changes.

2.8.12. Executing OPT_MERGE pass (detect identical cells).
Finding identical cells in module `\gpio'.
Removed a total of 0 cells.

2.8.13. Executing OPT_DFF pass (perform DFF optimizations).

2.8.14. Executing OPT_CLEAN pass (remove unused cells and wires).
Finding unused cells or wires in module \gpio..

2.8.15. Executing OPT_EXPR pass (perform const folding).
Optimizing module gpio.

2.8.16. Finished fast OPT passes. (There is nothing left to do.)

2.9. Executing WREDUCE pass (reducing word size of cells).
Removed top 1 bits (of 2) from port B of cell gpio.$20 ($add).
Removed top 1 bits (of 2) from port B of cell gpio.$44 ($add).
Removed top 2 bits (of 3) from port B of cell gpio.$73 ($eq).
Removed top 2 bits (of 3) from mux cell gpio.$90 ($mux).
Removed top 1 bits (of 2) from port B of cell gpio.$238 ($eq).
Removed top 2 bits (of 4) from port Y of cell gpio.$246 ($not).
Removed top 2 bits (of 4) from port A of cell gpio.$246 ($not).
Removed top 2 bits (of 4) from wire gpio.$246y.
Removed top 2 bits (of 3) from wire gpio.$90y.

2.10. Executing PEEPOPT pass (run peephole optimizers).

2.11. Executing OPT_CLEAN pass (remove unused cells and wires).
Finding unused cells or wires in module \gpio..
Removed 0 unused cells and 2 unused wires.
<suppressed ~1 debug messages>

2.12. Executing ALUMACC pass (create $alu and $macc cells).
Extracting $alu and $macc cells in module gpio:
  creating $macc model for $20 ($add).
  creating $macc model for $44 ($add).
  creating $alu model for $macc $44.
  creating $alu model for $macc $20.
  creating $alu model for $19 ($ge): new $alu
  creating $alu model for $43 ($ge): new $alu
  creating $alu cell for $43: $auto$alumacc.cc:495:replace_alu$131
  creating $alu cell for $19: $auto$alumacc.cc:495:replace_alu$144
  creating $alu cell for $20: $auto$alumacc.cc:495:replace_alu$157
  creating $alu cell for $44: $auto$alumacc.cc:495:replace_alu$160
  created 4 $alu and 0 $macc cells.

2.13. Executing SHARE pass (SAT-based resource sharing).

2.14. Executing OPT pass (performing simple optimizations).

2.14.1. Executing OPT_EXPR pass (perform const folding).
Optimizing module gpio.

2.14.2. Executing OPT_MERGE pass (detect identical cells).
Finding identical cells in module `\gpio'.
Removed a total of 0 cells.

2.14.3. Executing OPT_MUXTREE pass (detect dead branches in mux trees).
Running muxtree optimizer on module \gpio..
  Creating internal representation of mux trees.
  Evaluating internal representation of mux trees.
  Analyzing evaluation results.
Removed 0 multiplexer ports.
<suppressed ~25 debug messages>

2.14.4. Executing OPT_REDUCE pass (consolidate $*mux and $reduce_* inputs).
  Optimizing cells in module \gpio.
Performed a total of 0 changes.

2.14.5. Executing OPT_MERGE pass (detect identical cells).
Finding identical cells in module `\gpio'.
Removed a total of 0 cells.

2.14.6. Executing OPT_DFF pass (perform DFF optimizations).
Setting constant 0-bit at position 1 on $auto$ff.cc:266:slice$109 ($adffe) from module gpio.
Setting constant 0-bit at position 2 on $auto$ff.cc:266:slice$109 ($adffe) from module gpio.

2.14.7. Executing OPT_CLEAN pass (remove unused cells and wires).
Finding unused cells or wires in module \gpio..
Removed 0 unused cells and 2 unused wires.
<suppressed ~1 debug messages>

2.14.8. Executing OPT_EXPR pass (perform const folding).
Optimizing module gpio.

2.14.9. Rerunning OPT passes. (Maybe there is more to do..)

2.14.10. Executing OPT_MUXTREE pass (detect dead branches in mux trees).
Running muxtree optimizer on module \gpio..
  Creating internal representation of mux trees.
  Evaluating internal representation of mux trees.
  Analyzing evaluation results.
Removed 0 multiplexer ports.
<suppressed ~25 debug messages>

2.14.11. Executing OPT_REDUCE pass (consolidate $*mux and $reduce_* inputs).
  Optimizing cells in module \gpio.
Performed a total of 0 changes.

2.14.12. Executing OPT_MERGE pass (detect identical cells).
Finding identical cells in module `\gpio'.
Removed a total of 0 cells.

2.14.13. Executing OPT_DFF pass (perform DFF optimizations).

2.14.14. Executing OPT_CLEAN pass (remove unused cells and wires).
Finding unused cells or wires in module \gpio..

2.14.15. Executing OPT_EXPR pass (perform const folding).
Optimizing module gpio.

2.14.16. Finished fast OPT passes. (There is nothing left to do.)

2.15. Executing MEMORY pass.

2.15.1. Executing OPT_MEM pass (optimize memories).
Performed a total of 0 transformations.

2.15.2. Executing OPT_MEM_PRIORITY pass (removing unnecessary memory write priority relations).
Performed a total of 0 transformations.

2.15.3. Executing OPT_MEM_FEEDBACK pass (finding memory read-to-write feedback paths).

2.15.4. Executing MEMORY_BMUX2ROM pass (converting muxes to ROMs).

2.15.5. Executing MEMORY_DFF pass (merging $dff cells to $memrd).

2.15.6. Executing OPT_CLEAN pass (remove unused cells and wires).
Finding unused cells or wires in module \gpio..

2.15.7. Executing MEMORY_SHARE pass (consolidating $memrd/$memwr cells).

2.15.8. Executing OPT_MEM_WIDEN pass (optimize memories where all ports are wide).
Performed a total of 0 transformations.

2.15.9. Executing OPT_CLEAN pass (remove unused cells and wires).
Finding unused cells or wires in module \gpio..

2.15.10. Executing MEMORY_COLLECT pass (generating $mem cells).

2.16. Executing OPT_CLEAN pass (remove unused cells and wires).
Finding unused cells or wires in module \gpio..

2.17. Executing OPT pass (performing simple optimizations).

2.17.1. Executing OPT_EXPR pass (perform const folding).
Optimizing module gpio.
<suppressed ~7 debug messages>

2.17.2. Executing OPT_MERGE pass (detect identical cells).
Finding identical cells in module `\gpio'.
Removed a total of 0 cells.

2.17.3. Executing OPT_DFF pass (perform DFF optimizations).

2.17.4. Executing OPT_CLEAN pass (remove unused cells and wires).
Finding unused cells or wires in module \gpio..
Removed 0 unused cells and 3 unused wires.
<suppressed ~1 debug messages>

2.17.5. Finished fast OPT passes.

2.18. Executing MEMORY_MAP pass (converting memories to logic and flip-flops).

2.19. Executing OPT pass (performing simple optimizations).

2.19.1. Executing OPT_EXPR pass (perform const folding).
Optimizing module gpio.

2.19.2. Executing OPT_MERGE pass (detect identical cells).
Finding identical cells in module `\gpio'.
Removed a total of 0 cells.

2.19.3. Executing OPT_MUXTREE pass (detect dead branches in mux trees).
Running muxtree optimizer on module \gpio..
  Creating internal representation of mux trees.
  Evaluating internal representation of mux trees.
  Analyzing evaluation results.
Removed 0 multiplexer ports.
<suppressed ~16 debug messages>

2.19.4. Executing OPT_REDUCE pass (consolidate $*mux and $reduce_* inputs).
  Optimizing cells in module \gpio.
    Consolidated identical input bits for $mux cell $procmux$63:
      Old ports: A=22'1111111111111111111111, B=22'0000000000000000000000, Y=\u_reg.u_reg_if.rdata_i [31:10]
      New ports: A=1'1, B=1'0, Y=\u_reg.u_reg_if.rdata_i [10]
      New connections: \u_reg.u_reg_if.rdata_i [31:11] = { \u_reg.u_reg_if.rdata_i [10] \u_reg.u_reg_if.rdata_i [10] \u_reg.u_reg_if.rdata_i [10] \u_reg.u_reg_if.rdata_i [10] \u_reg.u_reg_if.rdata_i [10] \u_reg.u_reg_if.rdata_i [10] \u_reg.u_reg_if.rdata_i [10] \u_reg.u_reg_if.rdata_i [10] \u_reg.u_reg_if.rdata_i [10] \u_reg.u_reg_if.rdata_i [10] \u_reg.u_reg_if.rdata_i [10] \u_reg.u_reg_if.rdata_i [10] \u_reg.u_reg_if.rdata_i [10] \u_reg.u_reg_if.rdata_i [10] \u_reg.u_reg_if.rdata_i [10] \u_reg.u_reg_if.rdata_i [10] \u_reg.u_reg_if.rdata_i [10] \u_reg.u_reg_if.rdata_i [10] \u_reg.u_reg_if.rdata_i [10] \u_reg.u_reg_if.rdata_i [10] \u_reg.u_reg_if.rdata_i [10] }
  Optimizing cells in module \gpio.
    Consolidated identical input bits for $mux cell $99:
      Old ports: A=\u_reg.u_reg_if.rdata_i, B=32'11111111111111111111111111111111, Y=$99y
      New ports: A=\u_reg.u_reg_if.rdata_i [10:0], B=11'11111111111, Y=$99y [10:0]
      New connections: $99y [31:11] = { $99y [10] $99y [10] $99y [10] $99y [10] $99y [10] $99y [10] $99y [10] $99y [10] $99y [10] $99y [10] $99y [10] $99y [10] $99y [10] $99y [10] $99y [10] $99y [10] $99y [10] $99y [10] $99y [10] $99y [10] $99y [10] }
  Optimizing cells in module \gpio.
Performed a total of 2 changes.

2.19.5. Executing OPT_MERGE pass (detect identical cells).
Finding identical cells in module `\gpio'.
Removed a total of 0 cells.

2.19.6. Executing OPT_SHARE pass.

2.19.7. Executing OPT_DFF pass (perform DFF optimizations).

2.19.8. Executing OPT_CLEAN pass (remove unused cells and wires).
Finding unused cells or wires in module \gpio..

2.19.9. Executing OPT_EXPR pass (perform const folding).
Optimizing module gpio.
<suppressed ~1 debug messages>

2.19.10. Rerunning OPT passes. (Maybe there is more to do..)

2.19.11. Executing OPT_MUXTREE pass (detect dead branches in mux trees).
Running muxtree optimizer on module \gpio..
  Creating internal representation of mux trees.
  Evaluating internal representation of mux trees.
  Analyzing evaluation results.
Removed 0 multiplexer ports.
<suppressed ~15 debug messages>

2.19.12. Executing OPT_REDUCE pass (consolidate $*mux and $reduce_* inputs).
  Optimizing cells in module \gpio.
Performed a total of 0 changes.

2.19.13. Executing OPT_MERGE pass (detect identical cells).
Finding identical cells in module `\gpio'.
Removed a total of 0 cells.

2.19.14. Executing OPT_SHARE pass.

2.19.15. Executing OPT_DFF pass (perform DFF optimizations).

2.19.16. Executing OPT_CLEAN pass (remove unused cells and wires).
Finding unused cells or wires in module \gpio..

2.19.17. Executing OPT_EXPR pass (perform const folding).
Optimizing module gpio.

2.19.18. Finished fast OPT passes. (There is nothing left to do.)

2.20. Executing TECHMAP pass (map to technology primitives).

2.20.1. Executing Verilog-2005 frontend: /usr/local/bin/../share/yosys/techmap.v
Parsing Verilog input from `/usr/local/bin/../share/yosys/techmap.v' to AST representation.
verilog frontend filename /usr/local/bin/../share/yosys/techmap.v
Generating RTLIL representation for module `\_90_simplemap_bool_ops'.
Generating RTLIL representation for module `\_90_simplemap_reduce_ops'.
Generating RTLIL representation for module `\_90_simplemap_logic_ops'.
Generating RTLIL representation for module `\_90_simplemap_compare_ops'.
Generating RTLIL representation for module `\_90_simplemap_various'.
Generating RTLIL representation for module `\_90_simplemap_registers'.
Generating RTLIL representation for module `\_90_shift_ops_shr_shl_sshl_sshr'.
Generating RTLIL representation for module `\_90_shift_shiftx'.
Generating RTLIL representation for module `\_90_fa'.
Generating RTLIL representation for module `\_90_lcu_brent_kung'.
Generating RTLIL representation for module `\_90_alu'.
Generating RTLIL representation for module `\_90_macc'.
Generating RTLIL representation for module `\_90_alumacc'.
Generating RTLIL representation for module `\$__div_mod_u'.
Generating RTLIL representation for module `\$__div_mod_trunc'.
Generating RTLIL representation for module `\_90_div'.
Generating RTLIL representation for module `\_90_mod'.
Generating RTLIL representation for module `\$__div_mod_floor'.
Generating RTLIL representation for module `\_90_divfloor'.
Generating RTLIL representation for module `\_90_modfloor'.
Generating RTLIL representation for module `\_90_pow'.
Generating RTLIL representation for module `\_90_pmux'.
Generating RTLIL representation for module `\_90_demux'.
Generating RTLIL representation for module `\_90_lut'.
Generating RTLIL representation for module `\$connect'.
Generating RTLIL representation for module `\$input_port'.
Successfully finished Verilog frontend.

2.20.2. Continuing TECHMAP pass.
Using extmapper simplemap for cells of type $reduce_bool.
Using extmapper simplemap for cells of type $reduce_and.
Using extmapper simplemap for cells of type $adff.
Using template $paramod$7e708ae28ab761f11d0fb59d3ffc72f6a4baf5d9\_90_alu for cells of type $alu.
Using extmapper simplemap for cells of type $adffe.
Using extmapper simplemap for cells of type $eq.
Using extmapper simplemap for cells of type $ne.
Using template $paramod$175e67c02b86e96b1288b9dc100122520d7240d8\_90_alu for cells of type $alu.
Using extmapper simplemap for cells of type $mux.
Using extmapper simplemap for cells of type $or.
Using extmapper simplemap for cells of type $dff.
Using extmapper simplemap for cells of type $not.
Using extmapper simplemap for cells of type $and.
Using extmapper simplemap for cells of type $logic_not.
Using extmapper simplemap for cells of type $logic_or.
Using extmapper simplemap for cells of type $reduce_or.
Using template $paramod$068ad458e7761d78e5eed8238508872e7b0aef95\_90_pmux for cells of type $pmux.
Using template $paramod$ed0bb9616228df1e6c226f91f8133e751815f1b1\_90_pmux for cells of type $pmux.
Using extmapper simplemap for cells of type $pos.
Using template $paramod\_90_fa\WIDTH=32'00000000000000000000000000000010 for cells of type $fa.
Using template $paramod\_90_lcu_brent_kung\WIDTH=32'00000000000000000000000000000010 for cells of type $lcu.
Using extmapper simplemap for cells of type $xor.
No more expansions possible.
<suppressed ~459 debug messages>

2.21. Executing OPT pass (performing simple optimizations).

2.21.1. Executing OPT_EXPR pass (perform const folding).
Optimizing module gpio.
<suppressed ~106 debug messages>

2.21.2. Executing OPT_MERGE pass (detect identical cells).
Finding identical cells in module `\gpio'.
<suppressed ~126 debug messages>
Removed a total of 42 cells.

2.21.3. Executing OPT_DFF pass (perform DFF optimizations).

2.21.4. Executing OPT_CLEAN pass (remove unused cells and wires).
Finding unused cells or wires in module \gpio..
Removed 4 unused cells and 273 unused wires.
<suppressed ~7 debug messages>

2.21.5. Finished fast OPT passes.

2.22. Executing HIERARCHY pass (managing design hierarchy).
Attribute `top' found on module `gpio'. Setting top module to gpio.

2.22.1. Analyzing design hierarchy..
Top module:  \gpio

2.22.2. Analyzing design hierarchy..
Top module:  \gpio
Removed 0 unused modules.

2.23. Printing statistics.

=== gpio ===

        +----------Local Count, excluding submodules.
        | 
      380 wires
     2084 wire bits
      302 public wires
     1929 public wire bits
        8 ports
      185 port bits
      224 cells
       53   $_AND_
        2   $_DFFE_PN0N_
       42   $_DFFE_PN0P_
       12   $_DFF_PN0_
        2   $_DFF_P_
       31   $_MUX_
       31   $_NOT_
       47   $_OR_
        4   $_XOR_

2.24. Executing CHECK pass (checking for obvious problems).
Checking module gpio...
Found and reported 0 problems.

3. Executing DFFLIBMAP pass (mapping DFF cells to sequential cells from liberty file).
  cell sky130_fd_sc_hd__dfxtp_1 (noninv, pins=3, area=20.02) is a direct match for cell type $_DFF_P_.
  cell sky130_fd_sc_hd__dfrtn_1 (noninv, pins=4, area=25.02) is a direct match for cell type $_DFF_NN0_.
  cell sky130_fd_sc_hd__dfrtp_1 (noninv, pins=4, area=25.02) is a direct match for cell type $_DFF_PN0_.
  cell sky130_fd_sc_hd__dfstp_2 (noninv, pins=4, area=26.28) is a direct match for cell type $_DFF_PN1_.
  cell sky130_fd_sc_hd__edfxtp_1 (noninv, pins=4, area=30.03) is a direct match for cell type $_DFFE_PP_.
  cell sky130_fd_sc_hd__dfbbn_1 (noninv, pins=6, area=32.53) is a direct match for cell type $_DFFSR_NNN_.
  cell sky130_fd_sc_hd__dfbbp_1 (noninv, pins=6, area=32.53) is a direct match for cell type $_DFFSR_PNN_.
  final dff cell mappings:
    unmapped dff cell: $_DFF_N_
    \sky130_fd_sc_hd__dfxtp_1 _DFF_P_ (.CLK( C), .D( D), .Q( Q));
    \sky130_fd_sc_hd__dfrtn_1 _DFF_NN0_ (.CLK_N( C), .D( D), .Q( Q), .RESET_B( R));
    unmapped dff cell: $_DFF_NN1_
    unmapped dff cell: $_DFF_NP0_
    unmapped dff cell: $_DFF_NP1_
    \sky130_fd_sc_hd__dfrtp_1 _DFF_PN0_ (.CLK( C), .D( D), .Q( Q), .RESET_B( R));
    \sky130_fd_sc_hd__dfstp_2 _DFF_PN1_ (.CLK( C), .D( D), .Q( Q), .SET_B( R));
    unmapped dff cell: $_DFF_PP0_
    unmapped dff cell: $_DFF_PP1_
    unmapped dff cell: $_DFFE_NN_
    unmapped dff cell: $_DFFE_NP_
    unmapped dff cell: $_DFFE_PN_
    \sky130_fd_sc_hd__edfxtp_1 _DFFE_PP_ (.CLK( C), .D( D), .DE( E), .Q( Q));
    \sky130_fd_sc_hd__dfbbn_1 _DFFSR_NNN_ (.CLK_N( C), .D( D), .Q( Q), .Q_N(~Q), .RESET_B( R), .SET_B( S));
    unmapped dff cell: $_DFFSR_NNP_
    unmapped dff cell: $_DFFSR_NPN_
    unmapped dff cell: $_DFFSR_NPP_
    \sky130_fd_sc_hd__dfbbp_1 _DFFSR_PNN_ (.CLK( C), .D( D), .Q( Q), .Q_N(~Q), .RESET_B( R), .SET_B( S));
    unmapped dff cell: $_DFFSR_PNP_
    unmapped dff cell: $_DFFSR_PPN_
    unmapped dff cell: $_DFFSR_PPP_

3.1. Executing DFFLEGALIZE pass (convert FFs to types supported by the target).
<suppressed ~24 debug messages>
Mapping DFF cells in module `\gpio':
  mapped 56 $_DFF_PN0_ cells to \sky130_fd_sc_hd__dfrtp_1 cells.
  mapped 2 $_DFF_P_ cells to \sky130_fd_sc_hd__dfxtp_1 cells.

4. Executing ABC pass (technology mapping using ABC).

4.1. Extracting gate netlist of module `\gpio' to `<abc-temp-dir>/input.blif'..

4.1.1. Executed ABC.
Extracted 210 gates and 299 wires to a netlist network with 87 inputs and 53 outputs.
Running ABC script: <abc-temp-dir>/abc.script
ABC: UC Berkeley, ABC 1.01 (compiled Nov 21 2025 00:25:22)
ABC: abc 01> empty
ABC: abc 01> source <abc-temp-dir>/abc.script
ABC: + read_blif <abc-temp-dir>/input.blif 
ABC: + read_lib -w /home/eneadim/github/flexsoc/lib/sky130_fd_sc_hd__tt_025C_1v80.lib 
ABC: Parsing finished successfully.  Parsing time =     0.06 sec
ABC: Scl_LibertyReadGenlib() skipped cell "sky130_fd_sc_hd__decap_12" without logic function.
ABC: Scl_LibertyReadGenlib() skipped cell "sky130_fd_sc_hd__decap_3" without logic function.
ABC: Scl_LibertyReadGenlib() skipped cell "sky130_fd_sc_hd__decap_4" without logic function.
ABC: Scl_LibertyReadGenlib() skipped cell "sky130_fd_sc_hd__decap_6" without logic function.
ABC: Scl_LibertyReadGenlib() skipped cell "sky130_fd_sc_hd__decap_8" without logic function.
ABC: Scl_LibertyReadGenlib() skipped sequential cell "sky130_fd_sc_hd__dfbbn_1".
ABC: Scl_LibertyReadGenlib() skipped sequential cell "sky130_fd_sc_hd__dfbbn_2".
ABC: Scl_LibertyReadGenlib() skipped sequential cell "sky130_fd_sc_hd__dfbbp_1".
ABC: Scl_LibertyReadGenlib() skipped sequential cell "sky130_fd_sc_hd__dfrbp_1".
ABC: Scl_LibertyReadGenlib() skipped sequential cell "sky130_fd_sc_hd__dfrbp_2".
ABC: Scl_LibertyReadGenlib() skipped sequential cell "sky130_fd_sc_hd__dfrtn_1".
ABC: Scl_LibertyReadGenlib() skipped sequential cell "sky130_fd_sc_hd__dfrtp_1".
ABC: Scl_LibertyReadGenlib() skipped sequential cell "sky130_fd_sc_hd__dfrtp_2".
ABC: Scl_LibertyReadGenlib() skipped sequential cell "sky130_fd_sc_hd__dfrtp_4".
ABC: Scl_LibertyReadGenlib() skipped sequential cell "sky130_fd_sc_hd__dfsbp_1".
ABC: Scl_LibertyReadGenlib() skipped sequential cell "sky130_fd_sc_hd__dfsbp_2".
ABC: Scl_LibertyReadGenlib() skipped sequential cell "sky130_fd_sc_hd__dfstp_1".
ABC: Scl_LibertyReadGenlib() skipped sequential cell "sky130_fd_sc_hd__dfstp_2".
ABC: Scl_LibertyReadGenlib() skipped sequential cell "sky130_fd_sc_hd__dfstp_4".
ABC: Scl_LibertyReadGenlib() skipped sequential cell "sky130_fd_sc_hd__dfxbp_1".
ABC: Scl_LibertyReadGenlib() skipped sequential cell "sky130_fd_sc_hd__dfxbp_2".
ABC: Scl_LibertyReadGenlib() skipped sequential cell "sky130_fd_sc_hd__dfxtp_1".
ABC: Scl_LibertyReadGenlib() skipped sequential cell "sky130_fd_sc_hd__dfxtp_2".
ABC: Scl_LibertyReadGenlib() skipped sequential cell "sky130_fd_sc_hd__dfxtp_4".
ABC: Scl_LibertyReadGenlib() skipped cell "sky130_fd_sc_hd__diode_2" without logic function.
ABC: Scl_LibertyReadGenlib() skipped cell "sky130_fd_sc_hd__dlclkp_1" without logic function.
ABC: Scl_LibertyReadGenlib() skipped cell "sky130_fd_sc_hd__dlclkp_2" without logic function.
ABC: Scl_LibertyReadGenlib() skipped cell "sky130_fd_sc_hd__dlclkp_4" without logic function.
ABC: Scl_LibertyReadGenlib() skipped sequential cell "sky130_fd_sc_hd__dlrbn_1".
ABC: Scl_LibertyReadGenlib() skipped sequential cell "sky130_fd_sc_hd__dlrbn_2".
ABC: Scl_LibertyReadGenlib() skipped sequential cell "sky130_fd_sc_hd__dlrbp_1".
ABC: Scl_LibertyReadGenlib() skipped sequential cell "sky130_fd_sc_hd__dlrbp_2".
ABC: Scl_LibertyReadGenlib() skipped sequential cell "sky130_fd_sc_hd__dlrtn_1".
ABC: Scl_LibertyReadGenlib() skipped sequential cell "sky130_fd_sc_hd__dlrtn_2".
ABC: Scl_LibertyReadGenlib() skipped sequential cell "sky130_fd_sc_hd__dlrtn_4".
ABC: Scl_LibertyReadGenlib() skipped sequential cell "sky130_fd_sc_hd__dlrtp_1".
ABC: Scl_LibertyReadGenlib() skipped sequential cell "sky130_fd_sc_hd__dlrtp_2".
ABC: Scl_LibertyReadGenlib() skipped sequential cell "sky130_fd_sc_hd__dlrtp_4".
ABC: Scl_LibertyReadGenlib() skipped sequential cell "sky130_fd_sc_hd__dlxbn_1".
ABC: Scl_LibertyReadGenlib() skipped sequential cell "sky130_fd_sc_hd__dlxbn_2".
ABC: Scl_LibertyReadGenlib() skipped sequential cell "sky130_fd_sc_hd__dlxbp_1".
ABC: Scl_LibertyReadGenlib() skipped sequential cell "sky130_fd_sc_hd__dlxtn_1".
ABC: Scl_LibertyReadGenlib() skipped sequential cell "sky130_fd_sc_hd__dlxtn_2".
ABC: Scl_LibertyReadGenlib() skipped sequential cell "sky130_fd_sc_hd__dlxtn_4".
ABC: Scl_LibertyReadGenlib() skipped sequential cell "sky130_fd_sc_hd__dlxtp_1".
ABC: Scl_LibertyReadGenlib() skipped three-state cell "sky130_fd_sc_hd__ebufn_1".
ABC: Scl_LibertyReadGenlib() skipped three-state cell "sky130_fd_sc_hd__ebufn_2".
ABC: Scl_LibertyReadGenlib() skipped three-state cell "sky130_fd_sc_hd__ebufn_4".
ABC: Scl_LibertyReadGenlib() skipped three-state cell "sky130_fd_sc_hd__ebufn_8".
ABC: Scl_LibertyReadGenlib() skipped sequential cell "sky130_fd_sc_hd__edfxbp_1".
ABC: Scl_LibertyReadGenlib() skipped sequential cell "sky130_fd_sc_hd__edfxtp_1".
ABC: Scl_LibertyReadGenlib() skipped three-state cell "sky130_fd_sc_hd__einvn_0".
ABC: Scl_LibertyReadGenlib() skipped three-state cell "sky130_fd_sc_hd__einvn_1".
ABC: Scl_LibertyReadGenlib() skipped three-state cell "sky130_fd_sc_hd__einvn_2".
ABC: Scl_LibertyReadGenlib() skipped three-state cell "sky130_fd_sc_hd__einvn_4".
ABC: Scl_LibertyReadGenlib() skipped three-state cell "sky130_fd_sc_hd__einvn_8".
ABC: Scl_LibertyReadGenlib() skipped three-state cell "sky130_fd_sc_hd__einvp_1".
ABC: Scl_LibertyReadGenlib() skipped three-state cell "sky130_fd_sc_hd__einvp_2".
ABC: Scl_LibertyReadGenlib() skipped three-state cell "sky130_fd_sc_hd__einvp_4".
ABC: Scl_LibertyReadGenlib() skipped three-state cell "sky130_fd_sc_hd__einvp_8".
ABC: Scl_LibertyReadGenlib() skipped cell "sky130_fd_sc_hd__lpflow_bleeder_1" without logic function.
ABC: Scl_LibertyReadGenlib() skipped cell "sky130_fd_sc_hd__lpflow_decapkapwr_12" without logic function.
ABC: Scl_LibertyReadGenlib() skipped cell "sky130_fd_sc_hd__lpflow_decapkapwr_3" without logic function.
ABC: Scl_LibertyReadGenlib() skipped cell "sky130_fd_sc_hd__lpflow_decapkapwr_4" without logic function.
ABC: Scl_LibertyReadGenlib() skipped cell "sky130_fd_sc_hd__lpflow_decapkapwr_6" without logic function.
ABC: Scl_LibertyReadGenlib() skipped cell "sky130_fd_sc_hd__lpflow_decapkapwr_8" without logic function.
ABC: Scl_LibertyReadGenlib() skipped sequential cell "sky130_fd_sc_hd__lpflow_inputisolatch_1".
ABC: Scl_LibertyReadGenlib() skipped sequential cell "sky130_fd_sc_hd__sdfbbn_1".
ABC: Scl_LibertyReadGenlib() skipped sequential cell "sky130_fd_sc_hd__sdfbbn_2".
ABC: Scl_LibertyReadGenlib() skipped sequential cell "sky130_fd_sc_hd__sdfbbp_1".
ABC: Scl_LibertyReadGenlib() skipped sequential cell "sky130_fd_sc_hd__sdfrbp_1".
ABC: Scl_LibertyReadGenlib() skipped sequential cell "sky130_fd_sc_hd__sdfrbp_2".
ABC: Scl_LibertyReadGenlib() skipped sequential cell "sky130_fd_sc_hd__sdfrtn_1".
ABC: Scl_LibertyReadGenlib() skipped sequential cell "sky130_fd_sc_hd__sdfrtp_1".
ABC: Scl_LibertyReadGenlib() skipped sequential cell "sky130_fd_sc_hd__sdfrtp_2".
ABC: Scl_LibertyReadGenlib() skipped sequential cell "sky130_fd_sc_hd__sdfrtp_4".
ABC: Scl_LibertyReadGenlib() skipped sequential cell "sky130_fd_sc_hd__sdfsbp_1".
ABC: Scl_LibertyReadGenlib() skipped sequential cell "sky130_fd_sc_hd__sdfsbp_2".
ABC: Scl_LibertyReadGenlib() skipped sequential cell "sky130_fd_sc_hd__sdfstp_1".
ABC: Scl_LibertyReadGenlib() skipped sequential cell "sky130_fd_sc_hd__sdfstp_2".
ABC: Scl_LibertyReadGenlib() skipped sequential cell "sky130_fd_sc_hd__sdfstp_4".
ABC: Scl_LibertyReadGenlib() skipped sequential cell "sky130_fd_sc_hd__sdfxbp_1".
ABC: Scl_LibertyReadGenlib() skipped sequential cell "sky130_fd_sc_hd__sdfxbp_2".
ABC: Scl_LibertyReadGenlib() skipped sequential cell "sky130_fd_sc_hd__sdfxtp_1".
ABC: Scl_LibertyReadGenlib() skipped sequential cell "sky130_fd_sc_hd__sdfxtp_2".
ABC: Scl_LibertyReadGenlib() skipped sequential cell "sky130_fd_sc_hd__sdfxtp_4".
ABC: Scl_LibertyReadGenlib() skipped cell "sky130_fd_sc_hd__sdlclkp_1" without logic function.
ABC: Scl_LibertyReadGenlib() skipped cell "sky130_fd_sc_hd__sdlclkp_2" without logic function.
ABC: Scl_LibertyReadGenlib() skipped cell "sky130_fd_sc_hd__sdlclkp_4" without logic function.
ABC: Scl_LibertyReadGenlib() skipped sequential cell "sky130_fd_sc_hd__sedfxbp_1".
ABC: Scl_LibertyReadGenlib() skipped sequential cell "sky130_fd_sc_hd__sedfxbp_2".
ABC: Scl_LibertyReadGenlib() skipped sequential cell "sky130_fd_sc_hd__sedfxtp_1".
ABC: Scl_LibertyReadGenlib() skipped sequential cell "sky130_fd_sc_hd__sedfxtp_2".
ABC: Scl_LibertyReadGenlib() skipped sequential cell "sky130_fd_sc_hd__sedfxtp_4".
ABC: Library "sky130_fd_sc_hd__tt_025C_1v80" from "/home/eneadim/github/flexsoc/lib/sky130_fd_sc_hd__tt_025C_1v80.lib" has 334 cells (94 skipped: 63 seq; 13 tri-state; 18 no func; 0 dont_use; 0 with 2 outputs; 0 with 3+ outputs).  Time =     0.08 sec
ABC: Memory =   19.85 MB. Time =     0.08 sec
ABC: Warning: Detected 9 multi-output cells (for example, "sky130_fd_sc_hd__fa_1").
ABC: + read_constr -v /home/eneadim/github/flexsoc/ors/gpio.sdc 
ABC: Unrecognized token "current_design".
ABC: Unrecognized token "set".
ABC: Unrecognized token "set".
ABC: Unrecognized token "set".
ABC: Unrecognized token "set".
ABC: Unrecognized token "set".
ABC: Unrecognized token "create_clock".
ABC: Unrecognized token "set".
ABC: Unrecognized token "set_input_delay".
ABC: Unrecognized token "set_output_delay".
ABC: + source /home/eneadim/github/flexsoc/syn/area.abc 
ABC: WireLoad = "none"  Gates =    154 (  9.1 %)   Cap =  3.5 ff (  1.3 %)   Area =      750.72 ( 90.9 %)   Delay =  1885.17 ps  (  9.7 %)               
ABC: Path  0 --      44 : 0    1 pi                        A =   0.00  Df =   0.0   -0.0 ps  S =   0.0 ps  Cin =  0.0 ff  Cout =   3.3 ff  Cmax =   0.0 ff  G =    0  
ABC: Path  1 --     142 : 1    3 sky130_fd_sc_hd__clkinv_1 A =   3.75  Df =  42.7  -14.5 ps  S =  39.9 ps  Cin =  3.1 ff  Cout =   4.2 ff  Cmax = 190.4 ff  G =  132  
ABC: Path  2 --     143 : 2   17 sky130_fd_sc_hd__nand2_1  A =   3.75  Df = 329.9  -82.8 ps  S = 375.3 ps  Cin =  2.3 ff  Cout =  40.9 ff  Cmax = 166.6 ff  G = 1704  
ABC: Path  3 --     144 : 1   21 sky130_fd_sc_hd__clkinv_1 A =   3.75  Df = 760.0 -187.4 ps  S = 384.1 ps  Cin =  3.1 ff  Cout =  51.1 ff  Cmax = 190.4 ff  G = 1591  
ABC: Path  4 --     147 : 3    3 sky130_fd_sc_hd__nand3_1  A =   5.00  Df = 976.1 -256.2 ps  S = 141.5 ps  Cin =  2.4 ff  Cout =   6.7 ff  Cmax = 146.5 ff  G =  271  
ABC: Path  5 --     148 : 3    3 sky130_fd_sc_hd__nor3_1   A =   5.00  Df =1058.4 -101.8 ps  S = 263.4 ps  Cin =  2.4 ff  Cout =   7.1 ff  Cmax =  52.2 ff  G =  290  
ABC: Path  6 --     248 : 2    3 sky130_fd_sc_hd__nand2_1  A =   3.75  Df =1138.8  -74.0 ps  S = 103.5 ps  Cin =  2.3 ff  Cout =   6.1 ff  Cmax = 166.6 ff  G =  248  
ABC: Path  7 --     249 : 2   10 sky130_fd_sc_hd__nor2_1   A =   3.75  Df =1520.1 -247.6 ps  S = 558.1 ps  Cin =  2.4 ff  Cout =  31.6 ff  Cmax =  86.1 ff  G = 1284  
ABC: Path  8 --     250 : 3    1 sky130_fd_sc_hd__mux2_2   A =  11.26  Df =1885.2 -281.3 ps  S =  36.1 ps  Cin =  2.3 ff  Cout =   0.0 ff  Cmax = 297.6 ff  G =    0  
ABC: Start-point = pi43 (\u_reg.u_reg_if.outstanding_q).  End-point = po29 ($auto$rtlil.cc:3381:MuxGate$804).
ABC: netlist                       : i/o =   87/   53  lat =    0  nd =   154  edge =    364  area =750.25  delay =877.29  lev = 9
ABC: + write_blif <abc-temp-dir>/output.blif 

4.1.2. Re-integrating ABC results.
ABC RESULTS:   sky130_fd_sc_hd__a211oi_1 cells:        2
ABC RESULTS:   sky130_fd_sc_hd__a21oi_1 cells:       13
ABC RESULTS:   sky130_fd_sc_hd__a22oi_1 cells:        5
ABC RESULTS:   sky130_fd_sc_hd__a31oi_1 cells:        3
ABC RESULTS:   sky130_fd_sc_hd__a41oi_1 cells:        1
ABC RESULTS:   sky130_fd_sc_hd__clkinv_1 cells:       14
ABC RESULTS:   sky130_fd_sc_hd__mux2_2 cells:       10
ABC RESULTS:   sky130_fd_sc_hd__nand2_1 cells:       58
ABC RESULTS:   sky130_fd_sc_hd__nand3_1 cells:        3
ABC RESULTS:   sky130_fd_sc_hd__nor2_1 cells:       25
ABC RESULTS:   sky130_fd_sc_hd__nor3_1 cells:        4
ABC RESULTS:   sky130_fd_sc_hd__o21ai_0 cells:       12
ABC RESULTS:   sky130_fd_sc_hd__o31ai_1 cells:        1
ABC RESULTS:   sky130_fd_sc_hd__o41ai_1 cells:        1
ABC RESULTS:   sky130_fd_sc_hd__xor2_1 cells:        2
ABC RESULTS:        internal signals:      159
ABC RESULTS:           input signals:       87
ABC RESULTS:          output signals:       53
Removing temp directory.
Removing global temp directory.

5. Executing OPT_CLEAN pass (remove unused cells and wires).
Finding unused cells or wires in module \gpio..
Removed 0 unused cells and 494 unused wires.
<suppressed ~277 debug messages>

6. Printing statistics.

=== gpio ===

        +----------Local Count, excluding submodules.
        |        +-Local Area, excluding submodules.
        |        | 
      171        - wires
      374        - wire bits
       26        - public wires
      229        - public wire bits
        8        - ports
      185        - port bits
      212 2.19E+03 cells
        2   15.014   sky130_fd_sc_hd__a211oi_1
       13   65.062   sky130_fd_sc_hd__a21oi_1
        5   37.536   sky130_fd_sc_hd__a22oi_1
        3   18.768   sky130_fd_sc_hd__a31oi_1
        1    8.758   sky130_fd_sc_hd__a41oi_1
       14    52.55   sky130_fd_sc_hd__clkinv_1
       56  1.4E+03   sky130_fd_sc_hd__dfrtp_1
        2   40.038   sky130_fd_sc_hd__dfxtp_1
       10  112.608   sky130_fd_sc_hd__mux2_2
       58  217.709   sky130_fd_sc_hd__nand2_1
        3   15.014   sky130_fd_sc_hd__nand3_1
       25    93.84   sky130_fd_sc_hd__nor2_1
        4   20.019   sky130_fd_sc_hd__nor3_1
       12   60.058   sky130_fd_sc_hd__o21ai_0
        1    7.507   sky130_fd_sc_hd__o31ai_1
        1    8.758   sky130_fd_sc_hd__o41ai_1
        2   17.517   sky130_fd_sc_hd__xor2_1

   Chip area for module '\gpio': 2192.102400
     of which used for sequential elements: 1441.382400 (65.75%)

7. Executing Verilog backend.

7.1. Executing BMUXMAP pass.

7.2. Executing DEMUXMAP pass.
Dumping module `\gpio'.

8. Executing JSON backend.

End of script. Logfile hash: 030b181cdb, CPU: user 0.22s system 0.07s, MEM: 61.02 MB peak
Yosys 0.58 (git sha1 157aabb58, g++ 13.3.0-6ubuntu2~24.04 -fPIC -O3)
Time spent: 39% 1x abc (0 sec), 17% 2x read_slang (0 sec), ...
