analysis=power_analysis corner=ff stage=post_syn
workload=auto_toggle_sv_ff
gls_report=/tmp/flexsoc-reference-uart/runs/uart/reference/dv/functional/sim/post_syn/ihp-sg13g2/uart_post_syn_auto_toggle_sv_ff.json
activity_file=/tmp/flexsoc-reference-uart/runs/uart/reference/signoff/ihp-sg13g2/power/activity/captures/uart_ihp-sg13g2_auto_toggle_sv_ff.vcd
activity_scope=uart_tb/u_uart
liberty=/home/eneadim/github/flexsoc/.flexsoc/pdks/ihp-sg13g2/ihp-sg13g2/libs.ref/sg13g2_stdcell/lib/sg13g2_stdcell_fast_1p65V_m40C.lib
netlist=/tmp/flexsoc-reference-uart/runs/uart/reference/syn/ihp-sg13g2/uart_synth.v
sdc=/tmp/flexsoc-reference-uart/runs/uart/reference/signoff/ihp-sg13g2/uart.sdc
spef=

=== Units ===
 time 1ns
 capacitance 1pF
 resistance 1kohm
 voltage 1v
 current 1uA
 power 1pW
 distance 1um

=== Constraint validation ===

=== Activity annotation ===
annotated_percent=100.00%
Unannotated pins: none

=== Power summary ===
Group                  Internal  Switching    Leakage      Total
                          Power      Power      Power      Power (Watts)
----------------------------------------------------------------
Sequential             3.43e-03   1.43e-05   1.59e-06   3.45e-03  96.5%
Combinational          6.49e-05   6.05e-05   1.53e-06   1.27e-04   3.5%
Clock                  0.00e+00   0.00e+00   0.00e+00   0.00e+00   0.0%
Macro                  0.00e+00   0.00e+00   0.00e+00   0.00e+00   0.0%
Pad                    0.00e+00   0.00e+00   0.00e+00   0.00e+00   0.0%
----------------------------------------------------------------
Total                  3.50e-03   7.48e-05   3.12e-06   3.58e-03 100.0%
                          97.8%       2.1%       0.1%

=== FlexSoC normalized power fields ===
dynamic_power_definition=internal_power+switching_power
power_unit=OpenSTA report unit; see Units section
internal_power=0.0035
switching_power=7.48e-05
dynamic_power=0.0035748
leakage_power=3.12e-06
total_power=0.00358
