analysis=power_analysis corner=tt stage=post_syn
workload=interrupt_levels_sv_tt
gls_report=/tmp/flexsoc-repack/gpio/runs/gpio/dev/dv/functional/sim/post_syn/ihp-sg13g2/gpio_post_syn_interrupt_levels_sv_tt.json
activity_file=/tmp/flexsoc-repack/gpio/runs/gpio/dev/signoff/ihp-sg13g2/power/activity/captures/gpio_ihp-sg13g2_interrupt_levels_sv_tt.vcd
activity_scope=gpio_tb/u_gpio
liberty=/home/eneadim/github/flexsoc/.flexsoc/pdks/ihp-sg13g2/ihp-sg13g2/libs.ref/sg13g2_stdcell/lib/sg13g2_stdcell_typ_1p50V_25C.lib
netlist=/tmp/flexsoc-repack/gpio/runs/gpio/dev/syn/ihp-sg13g2/gpio_synth.v
sdc=/tmp/flexsoc-repack/gpio/runs/gpio/dev/constraints/gpio.sdc
spef=

=== Units ===
 time 1ns
 capacitance 1pF
 resistance 1kohm
 voltage 1v
 current 1uA
 power 1pW
 distance 1um

=== Constraint validation ===

=== Activity annotation ===
annotated_percent=100.00%
Unannotated pins: none

=== Power summary ===
Group                  Internal  Switching    Leakage      Total
                          Power      Power      Power      Power (Watts)
----------------------------------------------------------------
Sequential             8.81e-04   8.71e-06   1.47e-07   8.90e-04  97.0%
Combinational          1.29e-05   1.42e-05   1.28e-07   2.72e-05   3.0%
Clock                  0.00e+00   0.00e+00   0.00e+00   0.00e+00   0.0%
Macro                  0.00e+00   0.00e+00   0.00e+00   0.00e+00   0.0%
Pad                    0.00e+00   0.00e+00   0.00e+00   0.00e+00   0.0%
----------------------------------------------------------------
Total                  8.94e-04   2.29e-05   2.75e-07   9.17e-04 100.0%
                          97.5%       2.5%       0.0%

=== FlexSoC normalized power fields ===
dynamic_power_definition=internal_power+switching_power
power_unit=OpenSTA report unit; see Units section
internal_power=0.000894
switching_power=2.29e-05
dynamic_power=0.0009169
leakage_power=2.75e-07
total_power=0.000917
