OpenSTA 2.7.0 65dc4e7a14 Copyright (c) 2025, Parallax Software, Inc.
License GPLv3: GNU GPL version 3 <http://gnu.org/licenses/gpl.html>

This is free software, and you are free to change and redistribute it
under certain conditions; type `show_copying' for details. 
This program comes with ABSOLUTELY NO WARRANTY; for details type `show_warranty'.

===========================================================================
Define corners Slowest Typical Fastest
===========================================================================

define_corners Slowest Typical Fastest

===========================================================================
Read liberty files
===========================================================================

read_liberty -corner Slowest lib/sky130_fd_sc_hd__ss_100C_1v40.lib
read_liberty -corner Typical lib/sky130_fd_sc_hd__tt_025C_1v80.lib
read_liberty -corner Fastest lib/sky130_fd_sc_hd__ff_n40C_1v95.lib

===========================================================================
Read verilog and link top module
===========================================================================

read_verilog syn/pwm_synth.v
link_design pwm

===========================================================================
Read SDC
===========================================================================

read_sdc ors/pwm.sdc


===========================================================================
(Probability Power Analysis) report_power
============================================================================
set_power_activity -input -activity .10
set_power_activity -input_port rst_ni -activity 0

======================= Fastest Corner ===================================
Group                  Internal  Switching    Leakage      Total
                          Power      Power      Power      Power (Watts)
----------------------------------------------------------------
Sequential             8.73e-04   1.13e-04   6.06e-07   9.86e-04  65.8%
Combinational          2.33e-04   2.80e-04   4.24e-09   5.13e-04  34.2%
Clock                  0.00e+00   0.00e+00   0.00e+00   0.00e+00   0.0%
Macro                  0.00e+00   0.00e+00   0.00e+00   0.00e+00   0.0%
Pad                    0.00e+00   0.00e+00   0.00e+00   0.00e+00   0.0%
----------------------------------------------------------------
Total                  1.11e-03   3.93e-04   6.10e-07   1.50e-03 100.0%
                          73.7%      26.2%       0.0%


======================= Slowest Corner ===================================
Group                  Internal  Switching    Leakage      Total
                          Power      Power      Power      Power (Watts)
----------------------------------------------------------------
Sequential             4.39e-04   5.53e-05   3.22e-06   4.97e-04  65.1%
Combinational          1.29e-04   1.35e-04   1.71e-06   2.66e-04  34.9%
Clock                  0.00e+00   0.00e+00   0.00e+00   0.00e+00   0.0%
Macro                  0.00e+00   0.00e+00   0.00e+00   0.00e+00   0.0%
Pad                    0.00e+00   0.00e+00   0.00e+00   0.00e+00   0.0%
----------------------------------------------------------------
Total                  5.68e-04   1.90e-04   4.93e-06   7.63e-04 100.0%
                          74.4%      24.9%       0.6%


======================= Typical Corner ===================================
Group                  Internal  Switching    Leakage      Total
                          Power      Power      Power      Power (Watts)
----------------------------------------------------------------
Sequential             7.52e-04   9.59e-05   6.05e-07   8.49e-04  65.2%
Combinational          2.18e-04   2.36e-04   1.77e-09   4.54e-04  34.8%
Clock                  0.00e+00   0.00e+00   0.00e+00   0.00e+00   0.0%
Macro                  0.00e+00   0.00e+00   0.00e+00   0.00e+00   0.0%
Pad                    0.00e+00   0.00e+00   0.00e+00   0.00e+00   0.0%
----------------------------------------------------------------
Total                  9.71e-04   3.31e-04   6.07e-07   1.30e-03 100.0%
                          74.5%      25.4%       0.0%

===========================================================================
(VCD Power Analysis) report_power
============================================================================
read_vcd -scope pwm_tb/u_pwm sim/pwm_tb.vcd
Warning: VCD max time is zero.
Annotated 0 pin activities.

======================= Fastest Corner ===================================
Group                  Internal  Switching    Leakage      Total
                          Power      Power      Power      Power (Watts)
----------------------------------------------------------------
Sequential             8.73e-04   1.13e-04   6.06e-07   9.86e-04  65.8%
Combinational          2.33e-04   2.80e-04   4.24e-09   5.13e-04  34.2%
Clock                  0.00e+00   0.00e+00   0.00e+00   0.00e+00   0.0%
Macro                  0.00e+00   0.00e+00   0.00e+00   0.00e+00   0.0%
Pad                    0.00e+00   0.00e+00   0.00e+00   0.00e+00   0.0%
----------------------------------------------------------------
Total                  1.11e-03   3.93e-04   6.10e-07   1.50e-03 100.0%
                          73.7%      26.2%       0.0%


======================= Slowest Corner ===================================
Group                  Internal  Switching    Leakage      Total
                          Power      Power      Power      Power (Watts)
----------------------------------------------------------------
Sequential             4.39e-04   5.53e-05   3.22e-06   4.97e-04  65.1%
Combinational          1.29e-04   1.35e-04   1.71e-06   2.66e-04  34.9%
Clock                  0.00e+00   0.00e+00   0.00e+00   0.00e+00   0.0%
Macro                  0.00e+00   0.00e+00   0.00e+00   0.00e+00   0.0%
Pad                    0.00e+00   0.00e+00   0.00e+00   0.00e+00   0.0%
----------------------------------------------------------------
Total                  5.68e-04   1.90e-04   4.93e-06   7.63e-04 100.0%
                          74.4%      24.9%       0.6%


======================= Typical Corner ===================================
Group                  Internal  Switching    Leakage      Total
                          Power      Power      Power      Power (Watts)
----------------------------------------------------------------
Sequential             7.52e-04   9.59e-05   6.05e-07   8.49e-04  65.2%
Combinational          2.18e-04   2.36e-04   1.77e-09   4.54e-04  34.8%
Clock                  0.00e+00   0.00e+00   0.00e+00   0.00e+00   0.0%
Macro                  0.00e+00   0.00e+00   0.00e+00   0.00e+00   0.0%
Pad                    0.00e+00   0.00e+00   0.00e+00   0.00e+00   0.0%
----------------------------------------------------------------
Total                  9.71e-04   3.31e-04   6.07e-07   1.30e-03 100.0%
                          74.5%      25.4%       0.0%

