analysis=power_analysis corner=ff stage=post_syn
workload=corners_sv_ff
gls_report=/home/eneadim/github/flexsoc/runs/cordic/refresh_tlul/dv/functional/sim/post_syn/ihp-sg13g2/cordic_post_syn_corners_sv_ff.json
activity_file=/home/eneadim/github/flexsoc/runs/cordic/refresh_tlul/signoff/ihp-sg13g2/power/activity/captures/cordic_ihp-sg13g2_corners_sv_ff.vcd
activity_scope=cordic_tb/u_cordic
liberty=/home/eneadim/github/flexsoc/.flexsoc/pdks/ihp-sg13g2/ihp-sg13g2/libs.ref/sg13g2_stdcell/lib/sg13g2_stdcell_fast_1p65V_m40C.lib
netlist=/home/eneadim/github/flexsoc/runs/cordic/refresh_tlul/syn/ihp-sg13g2/cordic_synth.v
sdc=/home/eneadim/github/flexsoc/runs/cordic/refresh_tlul/constraints/cordic.sdc
spef=

=== Units ===
 time 1ns
 capacitance 1pF
 resistance 1kohm
 voltage 1v
 current 1uA
 power 1pW
 distance 1um

=== Constraint validation ===

=== Activity annotation ===
annotated_percent=100.00%
Unannotated pins: none

=== Power summary ===
Group                  Internal  Switching    Leakage      Total
                          Power      Power      Power      Power (Watts)
----------------------------------------------------------------
Sequential             3.12e-03   1.62e-05   1.42e-06   3.14e-03  92.1%
Combinational          1.20e-04   1.48e-04   2.73e-06   2.70e-04   7.9%
Clock                  0.00e+00   0.00e+00   0.00e+00   0.00e+00   0.0%
Macro                  0.00e+00   0.00e+00   0.00e+00   0.00e+00   0.0%
Pad                    0.00e+00   0.00e+00   0.00e+00   0.00e+00   0.0%
----------------------------------------------------------------
Total                  3.24e-03   1.64e-04   4.16e-06   3.41e-03 100.0%
                          95.1%       4.8%       0.1%

=== FlexSoC normalized power fields ===
dynamic_power_definition=internal_power+switching_power
power_unit=OpenSTA report unit; see Units section
internal_power=0.00324
switching_power=0.000164
dynamic_power=0.003404
leakage_power=4.16e-06
total_power=0.00341
