analysis=power_analysis corner=tt stage=post_syn
workload=auto_toggle_sv_tt
gls_report=/home/eneadim/github/flexsoc/workspace/runs/cordic/dev/dv/functional/sim/post_syn/sky130/cordic_post_syn_auto_toggle_sv_tt.json
activity_file=/home/eneadim/github/flexsoc/workspace/runs/cordic/dev/signoff/sky130/power/activity/captures/cordic_sky130_auto_toggle_sv_tt.vcd
activity_scope=cordic_tb/u_cordic
liberty=/home/eneadim/github/flexsoc/.flexsoc/pdks/ciel/sky130/versions/f6eeac7dad085ffcc829ccfd721f7b4ce39edcf7/sky130A/libs.ref/sky130_fd_sc_hd/lib/sky130_fd_sc_hd__tt_100C_1v80.lib
netlist=/home/eneadim/github/flexsoc/workspace/runs/cordic/dev/syn/sky130/cordic_synth.v
sdc=/home/eneadim/github/flexsoc/workspace/runs/cordic/dev/signoff/sky130/cordic.sdc
spef=

=== Units ===
 time 1ns
 capacitance 1pF
 resistance 1kohm
 voltage 1v
 current 1mA
 power 1nW
 distance 1um

=== Constraint validation ===

=== Activity annotation ===
annotated_percent=100.00%
Unannotated pins: none

=== Power summary ===
Group                  Internal  Switching    Leakage      Total
                          Power      Power      Power      Power (Watts)
----------------------------------------------------------------
Sequential             1.23e-03   7.11e-07   1.13e-06   1.23e-03  98.2%
Combinational          7.14e-06   1.39e-05   1.16e-06   2.22e-05   1.8%
Clock                  0.00e+00   0.00e+00   0.00e+00   0.00e+00   0.0%
Macro                  0.00e+00   0.00e+00   0.00e+00   0.00e+00   0.0%
Pad                    0.00e+00   0.00e+00   0.00e+00   0.00e+00   0.0%
----------------------------------------------------------------
Total                  1.23e-03   1.46e-05   2.30e-06   1.25e-03 100.0%
                          98.6%       1.2%       0.2%

=== Highest-power instances ===
   Internal  Switching    Leakage      Total
      Power      Power      Power      Power (Watts)
--------------------------------------------
   4.35e-06   4.32e-08   3.93e-09   4.40e-06 _4592_
   4.20e-06   4.21e-08   3.91e-09   4.25e-06 _4429_
   4.20e-06   3.42e-08   3.91e-09   4.24e-06 _4484_
   4.20e-06   2.59e-08   3.91e-09   4.23e-06 _4488_
   4.20e-06   2.43e-08   3.91e-09   4.23e-06 _4489_
   4.20e-06   2.33e-08   3.91e-09   4.23e-06 _4441_
   4.20e-06   2.19e-08   3.91e-09   4.23e-06 _4491_
   4.20e-06   2.18e-08   3.91e-09   4.23e-06 _4490_
   4.20e-06   2.18e-08   3.91e-09   4.23e-06 _4492_
   4.20e-06   2.04e-08   3.91e-09   4.23e-06 _4517_
   4.20e-06   2.04e-08   3.91e-09   4.23e-06 _4518_
   4.20e-06   2.04e-08   3.91e-09   4.23e-06 _4522_
   4.20e-06   2.03e-08   3.91e-09   4.23e-06 _4443_
   4.20e-06   2.03e-08   3.91e-09   4.23e-06 _4519_
   4.20e-06   2.03e-08   3.91e-09   4.23e-06 _4438_
   4.20e-06   2.03e-08   3.91e-09   4.23e-06 _4437_
   4.20e-06   2.02e-08   3.91e-09   4.23e-06 _4487_
   4.20e-06   2.01e-08   3.91e-09   4.23e-06 _4523_
   4.20e-06   1.93e-08   3.91e-09   4.23e-06 _4520_
   4.20e-06   1.92e-08   3.91e-09   4.23e-06 _4436_

=== FlexSoC normalized power fields ===
dynamic_power_definition=internal_power+switching_power
power_unit=OpenSTA report unit; see Units section
internal_power=0.00123
switching_power=1.46e-05
dynamic_power=0.0012446
leakage_power=2.3e-06
total_power=0.00125
