analysis=power_analysis corner=ff stage=post_syn
workload=reconfig_sv_ff
gls_report=/home/eneadim/github/flexsoc/runs/cordic/refresh_tlul/dv/functional/sim/post_syn/ihp-sg13g2/cordic_post_syn_reconfig_sv_ff.json
activity_file=/home/eneadim/github/flexsoc/runs/cordic/refresh_tlul/signoff/ihp-sg13g2/power/activity/captures/cordic_ihp-sg13g2_reconfig_sv_ff.vcd
activity_scope=cordic_tb/u_cordic
liberty=/home/eneadim/github/flexsoc/.flexsoc/pdks/ihp-sg13g2/ihp-sg13g2/libs.ref/sg13g2_stdcell/lib/sg13g2_stdcell_fast_1p65V_m40C.lib
netlist=/home/eneadim/github/flexsoc/runs/cordic/refresh_tlul/syn/ihp-sg13g2/cordic_synth.v
sdc=/home/eneadim/github/flexsoc/runs/cordic/refresh_tlul/constraints/cordic.sdc
spef=

=== Units ===
 time 1ns
 capacitance 1pF
 resistance 1kohm
 voltage 1v
 current 1uA
 power 1pW
 distance 1um

=== Constraint validation ===

=== Activity annotation ===
annotated_percent=100.00%
Unannotated pins: none

=== Power summary ===
Group                  Internal  Switching    Leakage      Total
                          Power      Power      Power      Power (Watts)
----------------------------------------------------------------
Sequential             3.16e-03   1.15e-05   1.42e-06   3.17e-03  93.8%
Combinational          9.15e-05   1.14e-04   2.73e-06   2.08e-04   6.2%
Clock                  0.00e+00   0.00e+00   0.00e+00   0.00e+00   0.0%
Macro                  0.00e+00   0.00e+00   0.00e+00   0.00e+00   0.0%
Pad                    0.00e+00   0.00e+00   0.00e+00   0.00e+00   0.0%
----------------------------------------------------------------
Total                  3.25e-03   1.26e-04   4.15e-06   3.38e-03 100.0%
                          96.2%       3.7%       0.1%

=== FlexSoC normalized power fields ===
dynamic_power_definition=internal_power+switching_power
power_unit=OpenSTA report unit; see Units section
internal_power=0.00325
switching_power=0.000126
dynamic_power=0.0033759999999999997
leakage_power=4.15e-06
total_power=0.00338
