analysis=power_analysis corner=ff stage=post_syn
workload=auto_toggle_sv_ff
gls_report=/tmp/flexsoc-repack/gpio/runs/gpio/dev/dv/functional/sim/post_syn/sky130/gpio_post_syn_auto_toggle_sv_ff.json
activity_file=/tmp/flexsoc-repack/gpio/runs/gpio/dev/signoff/sky130/power/activity/captures/gpio_sky130_auto_toggle_sv_ff.vcd
activity_scope=gpio_tb/u_gpio
liberty=/home/eneadim/github/flexsoc/.flexsoc/pdks/ciel/sky130/versions/f6eeac7dad085ffcc829ccfd721f7b4ce39edcf7/sky130A/libs.ref/sky130_fd_sc_hd/lib/sky130_fd_sc_hd__ff_n40C_1v95_ccsnoise.lib
netlist=/tmp/flexsoc-repack/gpio/runs/gpio/dev/syn/sky130/gpio_synth.v
sdc=/tmp/flexsoc-repack/gpio/runs/gpio/dev/constraints/gpio.sdc
spef=

=== Units ===
 time 1ns
 capacitance 1pF
 resistance 1kohm
 voltage 1v
 current 1mA
 power 1nW
 distance 1um

=== Constraint validation ===

=== Activity annotation ===
annotated_percent=100.00%
Unannotated pins: none

=== Power summary ===
Group                  Internal  Switching    Leakage      Total
                          Power      Power      Power      Power (Watts)
----------------------------------------------------------------
Sequential             4.93e-04   9.56e-06   1.48e-09   5.03e-04  90.9%
Combinational          2.21e-05   2.84e-05   2.95e-09   5.06e-05   9.1%
Clock                  0.00e+00   0.00e+00   0.00e+00   0.00e+00   0.0%
Macro                  0.00e+00   0.00e+00   0.00e+00   0.00e+00   0.0%
Pad                    0.00e+00   0.00e+00   0.00e+00   0.00e+00   0.0%
----------------------------------------------------------------
Total                  5.15e-04   3.80e-05   4.43e-09   5.53e-04 100.0%
                          93.1%       6.9%       0.0%

=== FlexSoC normalized power fields ===
dynamic_power_definition=internal_power+switching_power
power_unit=OpenSTA report unit; see Units section
internal_power=0.000515
switching_power=3.8e-05
dynamic_power=0.0005530000000000001
leakage_power=4.43e-09
total_power=0.000553
