OpenSTA 2.6.0 ed9ea90a7d Copyright (c) 2025, Parallax Software, Inc.
License GPLv3: GNU GPL version 3 <http://gnu.org/licenses/gpl.html>

This is free software, and you are free to change and redistribute it
under certain conditions; type `show_copying' for details. 
This program comes with ABSOLUTELY NO WARRANTY; for details type `show_warranty'.

===========================================================================
Define corners Slowest Typical Fastest
===========================================================================

define_corners Slowest Typical Fastest

===========================================================================
Read liberty files
===========================================================================

read_liberty -corner Slowest lib/sky130_fd_sc_hd__ss_100C_1v40.lib
read_liberty -corner Typical lib/sky130_fd_sc_hd__tt_025C_1v80.lib
read_liberty -corner Fastest lib/sky130_fd_sc_hd__ff_n40C_1v95.lib

===========================================================================
Read verilog and link top module
===========================================================================

read_verilog syn/soc_synth.v
link_design soc

===========================================================================
Read SDC
===========================================================================

read_sdc ors/soc.sdc


===========================================================================
(Probability Power Analysis) report_power
============================================================================
set_power_activity -input -activity .10
set_power_activity -input_port rst_ni -activity 0

======================= Fastest Corner ===================================
Group                  Internal  Switching    Leakage      Total
                          Power      Power      Power      Power (Watts)
----------------------------------------------------------------
Sequential             4.23e-03   1.82e-07   1.06e-06   4.23e-03 100.0%
Combinational          2.19e-07   1.92e-07   1.91e-08   4.29e-07   0.0%
Clock                  0.00e+00   0.00e+00   0.00e+00   0.00e+00   0.0%
Macro                  0.00e+00   0.00e+00   0.00e+00   0.00e+00   0.0%
Pad                    0.00e+00   0.00e+00   0.00e+00   0.00e+00   0.0%
----------------------------------------------------------------
Total                  4.23e-03   3.73e-07   1.08e-06   4.23e-03 100.0%
                         100.0%       0.0%       0.0%


======================= Slowest Corner ===================================
Group                  Internal  Switching    Leakage      Total
                          Power      Power      Power      Power (Watts)
----------------------------------------------------------------
Sequential             2.06e-03   8.66e-08   1.92e-05   2.08e-03  99.6%
Combinational          1.31e-07   9.31e-08   8.52e-06   8.74e-06   0.4%
Clock                  0.00e+00   0.00e+00   0.00e+00   0.00e+00   0.0%
Macro                  0.00e+00   0.00e+00   0.00e+00   0.00e+00   0.0%
Pad                    0.00e+00   0.00e+00   0.00e+00   0.00e+00   0.0%
----------------------------------------------------------------
Total                  2.06e-03   1.80e-07   2.77e-05   2.09e-03 100.0%
                          98.7%       0.0%       1.3%


======================= Typical Corner ===================================
Group                  Internal  Switching    Leakage      Total
                          Power      Power      Power      Power (Watts)
----------------------------------------------------------------
Sequential             3.65e-03   1.53e-07   1.05e-06   3.65e-03 100.0%
Combinational          2.18e-07   1.62e-07   9.78e-09   3.89e-07   0.0%
Clock                  0.00e+00   0.00e+00   0.00e+00   0.00e+00   0.0%
Macro                  0.00e+00   0.00e+00   0.00e+00   0.00e+00   0.0%
Pad                    0.00e+00   0.00e+00   0.00e+00   0.00e+00   0.0%
----------------------------------------------------------------
Total                  3.65e-03   3.14e-07   1.06e-06   3.65e-03 100.0%
                         100.0%       0.0%       0.0%

===========================================================================
(VCD Power Analysis) report_power
============================================================================
read_vcd -scope soc_tb/u_soc sim/dump_soc.vcd
Annotated 21 pin activities.

======================= Fastest Corner ===================================
Group                  Internal  Switching    Leakage      Total
                          Power      Power      Power      Power (Watts)
----------------------------------------------------------------
Sequential             4.23e-03   6.92e-10   2.88e-08   4.23e-03 100.0%
Combinational          7.46e-10   6.13e-10   1.91e-08   2.04e-08   0.0%
Clock                  0.00e+00   0.00e+00   0.00e+00   0.00e+00   0.0%
Macro                  0.00e+00   0.00e+00   0.00e+00   0.00e+00   0.0%
Pad                    0.00e+00   0.00e+00   0.00e+00   0.00e+00   0.0%
----------------------------------------------------------------
Total                  4.23e-03   1.31e-09   4.79e-08   4.23e-03 100.0%
                         100.0%       0.0%       0.0%


======================= Slowest Corner ===================================
Group                  Internal  Switching    Leakage      Total
                          Power      Power      Power      Power (Watts)
----------------------------------------------------------------
Sequential             2.06e-03   3.30e-10   1.94e-05   2.08e-03  99.6%
Combinational          4.48e-10   2.98e-10   8.52e-06   8.52e-06   0.4%
Clock                  0.00e+00   0.00e+00   0.00e+00   0.00e+00   0.0%
Macro                  0.00e+00   0.00e+00   0.00e+00   0.00e+00   0.0%
Pad                    0.00e+00   0.00e+00   0.00e+00   0.00e+00   0.0%
----------------------------------------------------------------
Total                  2.06e-03   6.28e-10   2.79e-05   2.09e-03 100.0%
                          98.7%       0.0%       1.3%


======================= Typical Corner ===================================
Group                  Internal  Switching    Leakage      Total
                          Power      Power      Power      Power (Watts)
----------------------------------------------------------------
Sequential             3.65e-03   5.82e-10   1.76e-08   3.65e-03 100.0%
Combinational          7.41e-10   5.17e-10   9.77e-09   1.10e-08   0.0%
Clock                  0.00e+00   0.00e+00   0.00e+00   0.00e+00   0.0%
Macro                  0.00e+00   0.00e+00   0.00e+00   0.00e+00   0.0%
Pad                    0.00e+00   0.00e+00   0.00e+00   0.00e+00   0.0%
----------------------------------------------------------------
Total                  3.65e-03   1.10e-09   2.74e-08   3.65e-03 100.0%
                         100.0%       0.0%       0.0%

