Icarus Verilog Preprocessor version 13.0 (devel) (s20221226-533-g676b36e45)

Copyright (c) 1999-2024 Stephen Williams (steve@icarus.com)

  This program is free software; you can redistribute it and/or modify
  it under the terms of the GNU General Public License as published by
  the Free Software Foundation; either version 2 of the License, or
  (at your option) any later version.

  This program is distributed in the hope that it will be useful,
  but WITHOUT ANY WARRANTY; without even the implied warranty of
  MERCHANTABILITY or FITNESS FOR A PARTICULAR PURPOSE.  See the
  GNU General Public License for more details.

  You should have received a copy of the GNU General Public License along
  with this program; if not, write to the Free Software Foundation, Inc.,
  51 Franklin Street, Fifth Floor, Boston, MA 02110-1301, USA.
Using language generation: IEEE1800-2012,specify,no-interconnect,xtypes,icarus-misc
PARSING INPUT
verilog/sky130_fd_sc_hd.v:750: warning: Choosing typ expression.
verilog/sky130_fd_sc_hd.v:750: warning: Choosing typ expression.
verilog/sky130_fd_sc_hd.v:751: warning: Choosing typ expression.
verilog/sky130_fd_sc_hd.v:751: warning: Choosing typ expression.
verilog/sky130_fd_sc_hd.v:752: warning: Choosing typ expression.
verilog/sky130_fd_sc_hd.v:752: warning: Choosing typ expression.
verilog/sky130_fd_sc_hd.v:753: warning: Choosing typ expression.
verilog/sky130_fd_sc_hd.v:753: warning: Choosing typ expression.
verilog/sky130_fd_sc_hd.v:754: warning: Choosing typ expression.
verilog/sky130_fd_sc_hd.v:754: warning: Choosing typ expression.
verilog/sky130_fd_sc_hd.v:44573: warning: Timing checks are not supported. Delayed reference and data signals become copies of the original reference and data signals.
verilog/sky130_fd_sc_hd.v:44574: warning: Timing checks are not supported. Delayed reference and data signals become copies of the original reference and data signals.
verilog/sky130_fd_sc_hd.v:44575: warning: Timing checks are not supported. Delayed reference and data signals become copies of the original reference and data signals.
verilog/sky130_fd_sc_hd.v:44576: warning: Timing checks are not supported. Delayed reference and data signals become copies of the original reference and data signals.
verilog/sky130_fd_sc_hd.v:44577: warning: Timing checks are not supported. Delayed reference and data signals become copies of the original reference and data signals.
verilog/sky130_fd_sc_hd.v:44578: warning: Timing checks are not supported. Delayed reference and data signals become copies of the original reference and data signals.
verilog/sky130_fd_sc_hd.v:44579: warning: Timing checks are not supported.
verilog/sky130_fd_sc_hd.v:44580: warning: Timing checks are not supported.
verilog/sky130_fd_sc_hd.v:44581: warning: Timing checks are not supported.
verilog/sky130_fd_sc_hd.v:44582: warning: Timing checks are not supported.
verilog/sky130_fd_sc_hd.v:44994: warning: Timing checks are not supported. Delayed reference and data signals become copies of the original reference and data signals.
verilog/sky130_fd_sc_hd.v:44995: warning: Timing checks are not supported. Delayed reference and data signals become copies of the original reference and data signals.
verilog/sky130_fd_sc_hd.v:44996: warning: Timing checks are not supported. Delayed reference and data signals become copies of the original reference and data signals.
verilog/sky130_fd_sc_hd.v:44997: warning: Timing checks are not supported. Delayed reference and data signals become copies of the original reference and data signals.
verilog/sky130_fd_sc_hd.v:44998: warning: Timing checks are not supported. Delayed reference and data signals become copies of the original reference and data signals.
verilog/sky130_fd_sc_hd.v:44999: warning: Timing checks are not supported. Delayed reference and data signals become copies of the original reference and data signals.
verilog/sky130_fd_sc_hd.v:45000: warning: Timing checks are not supported.
verilog/sky130_fd_sc_hd.v:45001: warning: Timing checks are not supported.
verilog/sky130_fd_sc_hd.v:45002: warning: Timing checks are not supported.
verilog/sky130_fd_sc_hd.v:45003: warning: Timing checks are not supported.
verilog/sky130_fd_sc_hd.v:45407: warning: Timing checks are not supported. Delayed reference and data signals become copies of the original reference and data signals.
verilog/sky130_fd_sc_hd.v:45408: warning: Timing checks are not supported. Delayed reference and data signals become copies of the original reference and data signals.
verilog/sky130_fd_sc_hd.v:45409: warning: Timing checks are not supported. Delayed reference and data signals become copies of the original reference and data signals.
verilog/sky130_fd_sc_hd.v:45410: warning: Timing checks are not supported. Delayed reference and data signals become copies of the original reference and data signals.
verilog/sky130_fd_sc_hd.v:45411: warning: Timing checks are not supported. Delayed reference and data signals become copies of the original reference and data signals.
verilog/sky130_fd_sc_hd.v:45412: warning: Timing checks are not supported. Delayed reference and data signals become copies of the original reference and data signals.
verilog/sky130_fd_sc_hd.v:45413: warning: Timing checks are not supported.
verilog/sky130_fd_sc_hd.v:45414: warning: Timing checks are not supported.
verilog/sky130_fd_sc_hd.v:45415: warning: Timing checks are not supported.
verilog/sky130_fd_sc_hd.v:45416: warning: Timing checks are not supported.
verilog/sky130_fd_sc_hd.v:45783: warning: Timing checks are not supported. Delayed reference and data signals become copies of the original reference and data signals.
verilog/sky130_fd_sc_hd.v:45784: warning: Timing checks are not supported. Delayed reference and data signals become copies of the original reference and data signals.
verilog/sky130_fd_sc_hd.v:45785: warning: Timing checks are not supported. Delayed reference and data signals become copies of the original reference and data signals.
verilog/sky130_fd_sc_hd.v:45786: warning: Timing checks are not supported.
verilog/sky130_fd_sc_hd.v:45787: warning: Timing checks are not supported.
verilog/sky130_fd_sc_hd.v:45788: warning: Timing checks are not supported.
verilog/sky130_fd_sc_hd.v:46155: warning: Timing checks are not supported. Delayed reference and data signals become copies of the original reference and data signals.
verilog/sky130_fd_sc_hd.v:46156: warning: Timing checks are not supported. Delayed reference and data signals become copies of the original reference and data signals.
verilog/sky130_fd_sc_hd.v:46157: warning: Timing checks are not supported. Delayed reference and data signals become copies of the original reference and data signals.
verilog/sky130_fd_sc_hd.v:46158: warning: Timing checks are not supported.
verilog/sky130_fd_sc_hd.v:46159: warning: Timing checks are not supported.
verilog/sky130_fd_sc_hd.v:46160: warning: Timing checks are not supported.
verilog/sky130_fd_sc_hd.v:46526: warning: Timing checks are not supported. Delayed reference and data signals become copies of the original reference and data signals.
verilog/sky130_fd_sc_hd.v:46527: warning: Timing checks are not supported. Delayed reference and data signals become copies of the original reference and data signals.
verilog/sky130_fd_sc_hd.v:46528: warning: Timing checks are not supported. Delayed reference and data signals become copies of the original reference and data signals.
verilog/sky130_fd_sc_hd.v:46529: warning: Timing checks are not supported.
verilog/sky130_fd_sc_hd.v:46530: warning: Timing checks are not supported.
verilog/sky130_fd_sc_hd.v:46531: warning: Timing checks are not supported.
verilog/sky130_fd_sc_hd.v:46884: warning: Timing checks are not supported. Delayed reference and data signals become copies of the original reference and data signals.
verilog/sky130_fd_sc_hd.v:46885: warning: Timing checks are not supported. Delayed reference and data signals become copies of the original reference and data signals.
verilog/sky130_fd_sc_hd.v:46886: warning: Timing checks are not supported. Delayed reference and data signals become copies of the original reference and data signals.
verilog/sky130_fd_sc_hd.v:46887: warning: Timing checks are not supported.
verilog/sky130_fd_sc_hd.v:46888: warning: Timing checks are not supported.
verilog/sky130_fd_sc_hd.v:46889: warning: Timing checks are not supported.
verilog/sky130_fd_sc_hd.v:47242: warning: Timing checks are not supported. Delayed reference and data signals become copies of the original reference and data signals.
verilog/sky130_fd_sc_hd.v:47243: warning: Timing checks are not supported. Delayed reference and data signals become copies of the original reference and data signals.
verilog/sky130_fd_sc_hd.v:47244: warning: Timing checks are not supported. Delayed reference and data signals become copies of the original reference and data signals.
verilog/sky130_fd_sc_hd.v:47245: warning: Timing checks are not supported.
verilog/sky130_fd_sc_hd.v:47246: warning: Timing checks are not supported.
verilog/sky130_fd_sc_hd.v:47247: warning: Timing checks are not supported.
verilog/sky130_fd_sc_hd.v:47600: warning: Timing checks are not supported. Delayed reference and data signals become copies of the original reference and data signals.
verilog/sky130_fd_sc_hd.v:47601: warning: Timing checks are not supported. Delayed reference and data signals become copies of the original reference and data signals.
verilog/sky130_fd_sc_hd.v:47602: warning: Timing checks are not supported. Delayed reference and data signals become copies of the original reference and data signals.
verilog/sky130_fd_sc_hd.v:47603: warning: Timing checks are not supported.
verilog/sky130_fd_sc_hd.v:47604: warning: Timing checks are not supported.
verilog/sky130_fd_sc_hd.v:47605: warning: Timing checks are not supported.
verilog/sky130_fd_sc_hd.v:47974: warning: Timing checks are not supported. Delayed reference and data signals become copies of the original reference and data signals.
verilog/sky130_fd_sc_hd.v:47975: warning: Timing checks are not supported. Delayed reference and data signals become copies of the original reference and data signals.
verilog/sky130_fd_sc_hd.v:47976: warning: Timing checks are not supported. Delayed reference and data signals become copies of the original reference and data signals.
verilog/sky130_fd_sc_hd.v:47977: warning: Timing checks are not supported.
verilog/sky130_fd_sc_hd.v:47978: warning: Timing checks are not supported.
verilog/sky130_fd_sc_hd.v:47979: warning: Timing checks are not supported.
verilog/sky130_fd_sc_hd.v:48348: warning: Timing checks are not supported. Delayed reference and data signals become copies of the original reference and data signals.
verilog/sky130_fd_sc_hd.v:48349: warning: Timing checks are not supported. Delayed reference and data signals become copies of the original reference and data signals.
verilog/sky130_fd_sc_hd.v:48350: warning: Timing checks are not supported. Delayed reference and data signals become copies of the original reference and data signals.
verilog/sky130_fd_sc_hd.v:48351: warning: Timing checks are not supported.
verilog/sky130_fd_sc_hd.v:48352: warning: Timing checks are not supported.
verilog/sky130_fd_sc_hd.v:48353: warning: Timing checks are not supported.
verilog/sky130_fd_sc_hd.v:48706: warning: Timing checks are not supported. Delayed reference and data signals become copies of the original reference and data signals.
verilog/sky130_fd_sc_hd.v:48707: warning: Timing checks are not supported. Delayed reference and data signals become copies of the original reference and data signals.
verilog/sky130_fd_sc_hd.v:48708: warning: Timing checks are not supported. Delayed reference and data signals become copies of the original reference and data signals.
verilog/sky130_fd_sc_hd.v:48709: warning: Timing checks are not supported.
verilog/sky130_fd_sc_hd.v:48710: warning: Timing checks are not supported.
verilog/sky130_fd_sc_hd.v:48711: warning: Timing checks are not supported.
verilog/sky130_fd_sc_hd.v:49064: warning: Timing checks are not supported. Delayed reference and data signals become copies of the original reference and data signals.
verilog/sky130_fd_sc_hd.v:49065: warning: Timing checks are not supported. Delayed reference and data signals become copies of the original reference and data signals.
verilog/sky130_fd_sc_hd.v:49066: warning: Timing checks are not supported. Delayed reference and data signals become copies of the original reference and data signals.
verilog/sky130_fd_sc_hd.v:49067: warning: Timing checks are not supported.
verilog/sky130_fd_sc_hd.v:49068: warning: Timing checks are not supported.
verilog/sky130_fd_sc_hd.v:49069: warning: Timing checks are not supported.
verilog/sky130_fd_sc_hd.v:49422: warning: Timing checks are not supported. Delayed reference and data signals become copies of the original reference and data signals.
verilog/sky130_fd_sc_hd.v:49423: warning: Timing checks are not supported. Delayed reference and data signals become copies of the original reference and data signals.
verilog/sky130_fd_sc_hd.v:49424: warning: Timing checks are not supported. Delayed reference and data signals become copies of the original reference and data signals.
verilog/sky130_fd_sc_hd.v:49425: warning: Timing checks are not supported.
verilog/sky130_fd_sc_hd.v:49426: warning: Timing checks are not supported.
verilog/sky130_fd_sc_hd.v:49427: warning: Timing checks are not supported.
verilog/sky130_fd_sc_hd.v:49764: warning: Timing checks are not supported.
verilog/sky130_fd_sc_hd.v:49765: warning: Timing checks are not supported.
verilog/sky130_fd_sc_hd.v:49766: warning: Timing checks are not supported. Delayed reference and data signals become copies of the original reference and data signals.
verilog/sky130_fd_sc_hd.v:49767: warning: Timing checks are not supported. Delayed reference and data signals become copies of the original reference and data signals.
verilog/sky130_fd_sc_hd.v:50104: warning: Timing checks are not supported.
verilog/sky130_fd_sc_hd.v:50105: warning: Timing checks are not supported.
verilog/sky130_fd_sc_hd.v:50106: warning: Timing checks are not supported. Delayed reference and data signals become copies of the original reference and data signals.
verilog/sky130_fd_sc_hd.v:50107: warning: Timing checks are not supported. Delayed reference and data signals become copies of the original reference and data signals.
verilog/sky130_fd_sc_hd.v:50430: warning: Timing checks are not supported.
verilog/sky130_fd_sc_hd.v:50431: warning: Timing checks are not supported.
verilog/sky130_fd_sc_hd.v:50432: warning: Timing checks are not supported. Delayed reference and data signals become copies of the original reference and data signals.
verilog/sky130_fd_sc_hd.v:50433: warning: Timing checks are not supported. Delayed reference and data signals become copies of the original reference and data signals.
verilog/sky130_fd_sc_hd.v:50756: warning: Timing checks are not supported.
verilog/sky130_fd_sc_hd.v:50757: warning: Timing checks are not supported.
verilog/sky130_fd_sc_hd.v:50758: warning: Timing checks are not supported. Delayed reference and data signals become copies of the original reference and data signals.
verilog/sky130_fd_sc_hd.v:50759: warning: Timing checks are not supported. Delayed reference and data signals become copies of the original reference and data signals.
verilog/sky130_fd_sc_hd.v:51082: warning: Timing checks are not supported.
verilog/sky130_fd_sc_hd.v:51083: warning: Timing checks are not supported.
verilog/sky130_fd_sc_hd.v:51084: warning: Timing checks are not supported. Delayed reference and data signals become copies of the original reference and data signals.
verilog/sky130_fd_sc_hd.v:51085: warning: Timing checks are not supported. Delayed reference and data signals become copies of the original reference and data signals.
verilog/sky130_fd_sc_hd.v:51665: warning: Timing checks are not supported.
verilog/sky130_fd_sc_hd.v:51666: warning: Timing checks are not supported. Delayed reference and data signals become copies of the original reference and data signals.
verilog/sky130_fd_sc_hd.v:51667: warning: Timing checks are not supported. Delayed reference and data signals become copies of the original reference and data signals.
verilog/sky130_fd_sc_hd.v:51997: warning: Timing checks are not supported.
verilog/sky130_fd_sc_hd.v:51998: warning: Timing checks are not supported. Delayed reference and data signals become copies of the original reference and data signals.
verilog/sky130_fd_sc_hd.v:51999: warning: Timing checks are not supported. Delayed reference and data signals become copies of the original reference and data signals.
verilog/sky130_fd_sc_hd.v:52329: warning: Timing checks are not supported.
verilog/sky130_fd_sc_hd.v:52330: warning: Timing checks are not supported. Delayed reference and data signals become copies of the original reference and data signals.
verilog/sky130_fd_sc_hd.v:52331: warning: Timing checks are not supported. Delayed reference and data signals become copies of the original reference and data signals.
verilog/sky130_fd_sc_hd.v:52719: warning: Timing checks are not supported. Delayed reference and data signals become copies of the original reference and data signals.
verilog/sky130_fd_sc_hd.v:52720: warning: Timing checks are not supported. Delayed reference and data signals become copies of the original reference and data signals.
verilog/sky130_fd_sc_hd.v:52721: warning: Timing checks are not supported. Delayed reference and data signals become copies of the original reference and data signals.
verilog/sky130_fd_sc_hd.v:52722: warning: Timing checks are not supported.
verilog/sky130_fd_sc_hd.v:52723: warning: Timing checks are not supported.
verilog/sky130_fd_sc_hd.v:52724: warning: Timing checks are not supported.
verilog/sky130_fd_sc_hd.v:53112: warning: Timing checks are not supported. Delayed reference and data signals become copies of the original reference and data signals.
verilog/sky130_fd_sc_hd.v:53113: warning: Timing checks are not supported. Delayed reference and data signals become copies of the original reference and data signals.
verilog/sky130_fd_sc_hd.v:53114: warning: Timing checks are not supported. Delayed reference and data signals become copies of the original reference and data signals.
verilog/sky130_fd_sc_hd.v:53115: warning: Timing checks are not supported.
verilog/sky130_fd_sc_hd.v:53116: warning: Timing checks are not supported.
verilog/sky130_fd_sc_hd.v:53117: warning: Timing checks are not supported.
verilog/sky130_fd_sc_hd.v:53497: warning: Timing checks are not supported. Delayed reference and data signals become copies of the original reference and data signals.
verilog/sky130_fd_sc_hd.v:53498: warning: Timing checks are not supported. Delayed reference and data signals become copies of the original reference and data signals.
verilog/sky130_fd_sc_hd.v:53499: warning: Timing checks are not supported. Delayed reference and data signals become copies of the original reference and data signals.
verilog/sky130_fd_sc_hd.v:53500: warning: Timing checks are not supported.
verilog/sky130_fd_sc_hd.v:53501: warning: Timing checks are not supported.
verilog/sky130_fd_sc_hd.v:53502: warning: Timing checks are not supported.
verilog/sky130_fd_sc_hd.v:53882: warning: Timing checks are not supported. Delayed reference and data signals become copies of the original reference and data signals.
verilog/sky130_fd_sc_hd.v:53883: warning: Timing checks are not supported. Delayed reference and data signals become copies of the original reference and data signals.
verilog/sky130_fd_sc_hd.v:53884: warning: Timing checks are not supported. Delayed reference and data signals become copies of the original reference and data signals.
verilog/sky130_fd_sc_hd.v:53885: warning: Timing checks are not supported.
verilog/sky130_fd_sc_hd.v:53886: warning: Timing checks are not supported.
verilog/sky130_fd_sc_hd.v:53887: warning: Timing checks are not supported.
verilog/sky130_fd_sc_hd.v:54252: warning: Timing checks are not supported. Delayed reference and data signals become copies of the original reference and data signals.
verilog/sky130_fd_sc_hd.v:54253: warning: Timing checks are not supported. Delayed reference and data signals become copies of the original reference and data signals.
verilog/sky130_fd_sc_hd.v:54254: warning: Timing checks are not supported. Delayed reference and data signals become copies of the original reference and data signals.
verilog/sky130_fd_sc_hd.v:54255: warning: Timing checks are not supported.
verilog/sky130_fd_sc_hd.v:54256: warning: Timing checks are not supported.
verilog/sky130_fd_sc_hd.v:54257: warning: Timing checks are not supported.
verilog/sky130_fd_sc_hd.v:54622: warning: Timing checks are not supported. Delayed reference and data signals become copies of the original reference and data signals.
verilog/sky130_fd_sc_hd.v:54623: warning: Timing checks are not supported. Delayed reference and data signals become copies of the original reference and data signals.
verilog/sky130_fd_sc_hd.v:54624: warning: Timing checks are not supported. Delayed reference and data signals become copies of the original reference and data signals.
verilog/sky130_fd_sc_hd.v:54625: warning: Timing checks are not supported.
verilog/sky130_fd_sc_hd.v:54626: warning: Timing checks are not supported.
verilog/sky130_fd_sc_hd.v:54627: warning: Timing checks are not supported.
verilog/sky130_fd_sc_hd.v:54992: warning: Timing checks are not supported. Delayed reference and data signals become copies of the original reference and data signals.
verilog/sky130_fd_sc_hd.v:54993: warning: Timing checks are not supported. Delayed reference and data signals become copies of the original reference and data signals.
verilog/sky130_fd_sc_hd.v:54994: warning: Timing checks are not supported. Delayed reference and data signals become copies of the original reference and data signals.
verilog/sky130_fd_sc_hd.v:54995: warning: Timing checks are not supported.
verilog/sky130_fd_sc_hd.v:54996: warning: Timing checks are not supported.
verilog/sky130_fd_sc_hd.v:54997: warning: Timing checks are not supported.
verilog/sky130_fd_sc_hd.v:55359: warning: Timing checks are not supported. Delayed reference and data signals become copies of the original reference and data signals.
verilog/sky130_fd_sc_hd.v:55360: warning: Timing checks are not supported. Delayed reference and data signals become copies of the original reference and data signals.
verilog/sky130_fd_sc_hd.v:55361: warning: Timing checks are not supported. Delayed reference and data signals become copies of the original reference and data signals.
verilog/sky130_fd_sc_hd.v:55362: warning: Timing checks are not supported.
verilog/sky130_fd_sc_hd.v:55363: warning: Timing checks are not supported.
verilog/sky130_fd_sc_hd.v:55364: warning: Timing checks are not supported.
verilog/sky130_fd_sc_hd.v:55726: warning: Timing checks are not supported. Delayed reference and data signals become copies of the original reference and data signals.
verilog/sky130_fd_sc_hd.v:55727: warning: Timing checks are not supported. Delayed reference and data signals become copies of the original reference and data signals.
verilog/sky130_fd_sc_hd.v:55728: warning: Timing checks are not supported. Delayed reference and data signals become copies of the original reference and data signals.
verilog/sky130_fd_sc_hd.v:55729: warning: Timing checks are not supported.
verilog/sky130_fd_sc_hd.v:55730: warning: Timing checks are not supported.
verilog/sky130_fd_sc_hd.v:55731: warning: Timing checks are not supported.
verilog/sky130_fd_sc_hd.v:56093: warning: Timing checks are not supported. Delayed reference and data signals become copies of the original reference and data signals.
verilog/sky130_fd_sc_hd.v:56094: warning: Timing checks are not supported. Delayed reference and data signals become copies of the original reference and data signals.
verilog/sky130_fd_sc_hd.v:56095: warning: Timing checks are not supported. Delayed reference and data signals become copies of the original reference and data signals.
verilog/sky130_fd_sc_hd.v:56096: warning: Timing checks are not supported.
verilog/sky130_fd_sc_hd.v:56097: warning: Timing checks are not supported.
verilog/sky130_fd_sc_hd.v:56098: warning: Timing checks are not supported.
verilog/sky130_fd_sc_hd.v:56446: warning: Timing checks are not supported.
verilog/sky130_fd_sc_hd.v:56447: warning: Timing checks are not supported. Delayed reference and data signals become copies of the original reference and data signals.
verilog/sky130_fd_sc_hd.v:56448: warning: Timing checks are not supported. Delayed reference and data signals become copies of the original reference and data signals.
verilog/sky130_fd_sc_hd.v:56796: warning: Timing checks are not supported.
verilog/sky130_fd_sc_hd.v:56797: warning: Timing checks are not supported. Delayed reference and data signals become copies of the original reference and data signals.
verilog/sky130_fd_sc_hd.v:56798: warning: Timing checks are not supported. Delayed reference and data signals become copies of the original reference and data signals.
verilog/sky130_fd_sc_hd.v:57138: warning: Timing checks are not supported.
verilog/sky130_fd_sc_hd.v:57139: warning: Timing checks are not supported. Delayed reference and data signals become copies of the original reference and data signals.
verilog/sky130_fd_sc_hd.v:57140: warning: Timing checks are not supported. Delayed reference and data signals become copies of the original reference and data signals.
verilog/sky130_fd_sc_hd.v:57472: warning: Timing checks are not supported.
verilog/sky130_fd_sc_hd.v:57473: warning: Timing checks are not supported. Delayed reference and data signals become copies of the original reference and data signals.
verilog/sky130_fd_sc_hd.v:57474: warning: Timing checks are not supported. Delayed reference and data signals become copies of the original reference and data signals.
verilog/sky130_fd_sc_hd.v:57806: warning: Timing checks are not supported.
verilog/sky130_fd_sc_hd.v:57807: warning: Timing checks are not supported. Delayed reference and data signals become copies of the original reference and data signals.
verilog/sky130_fd_sc_hd.v:57808: warning: Timing checks are not supported. Delayed reference and data signals become copies of the original reference and data signals.
verilog/sky130_fd_sc_hd.v:58140: warning: Timing checks are not supported.
verilog/sky130_fd_sc_hd.v:58141: warning: Timing checks are not supported. Delayed reference and data signals become copies of the original reference and data signals.
verilog/sky130_fd_sc_hd.v:58142: warning: Timing checks are not supported. Delayed reference and data signals become copies of the original reference and data signals.
verilog/sky130_fd_sc_hd.v:58466: warning: Timing checks are not supported.
verilog/sky130_fd_sc_hd.v:58467: warning: Timing checks are not supported. Delayed reference and data signals become copies of the original reference and data signals.
verilog/sky130_fd_sc_hd.v:58468: warning: Timing checks are not supported. Delayed reference and data signals become copies of the original reference and data signals.
verilog/sky130_fd_sc_hd.v:61857: warning: Timing checks are not supported.
verilog/sky130_fd_sc_hd.v:61858: warning: Timing checks are not supported.
verilog/sky130_fd_sc_hd.v:61859: warning: Timing checks are not supported. Delayed reference and data signals become copies of the original reference and data signals.
verilog/sky130_fd_sc_hd.v:61860: warning: Timing checks are not supported. Delayed reference and data signals become copies of the original reference and data signals.
verilog/sky130_fd_sc_hd.v:61861: warning: Timing checks are not supported. Delayed reference and data signals become copies of the original reference and data signals.
verilog/sky130_fd_sc_hd.v:61862: warning: Timing checks are not supported. Delayed reference and data signals become copies of the original reference and data signals.
verilog/sky130_fd_sc_hd.v:62214: warning: Timing checks are not supported.
verilog/sky130_fd_sc_hd.v:62215: warning: Timing checks are not supported.
verilog/sky130_fd_sc_hd.v:62216: warning: Timing checks are not supported. Delayed reference and data signals become copies of the original reference and data signals.
verilog/sky130_fd_sc_hd.v:62217: warning: Timing checks are not supported. Delayed reference and data signals become copies of the original reference and data signals.
verilog/sky130_fd_sc_hd.v:62218: warning: Timing checks are not supported. Delayed reference and data signals become copies of the original reference and data signals.
verilog/sky130_fd_sc_hd.v:62219: warning: Timing checks are not supported. Delayed reference and data signals become copies of the original reference and data signals.
verilog/sky130_fd_sc_hd.v:77579: warning: Timing checks are not supported.
verilog/sky130_fd_sc_hd.v:77580: warning: Timing checks are not supported.
verilog/sky130_fd_sc_hd.v:77581: warning: Timing checks are not supported. Delayed reference and data signals become copies of the original reference and data signals.
verilog/sky130_fd_sc_hd.v:77582: warning: Timing checks are not supported. Delayed reference and data signals become copies of the original reference and data signals.
verilog/sky130_fd_sc_hd.v:134727: warning: Timing checks are not supported. Delayed reference and data signals become copies of the original reference and data signals.
verilog/sky130_fd_sc_hd.v:134728: warning: Timing checks are not supported. Delayed reference and data signals become copies of the original reference and data signals.
verilog/sky130_fd_sc_hd.v:134729: warning: Timing checks are not supported. Delayed reference and data signals become copies of the original reference and data signals.
verilog/sky130_fd_sc_hd.v:134730: warning: Timing checks are not supported. Delayed reference and data signals become copies of the original reference and data signals.
verilog/sky130_fd_sc_hd.v:134731: warning: Timing checks are not supported. Delayed reference and data signals become copies of the original reference and data signals.
verilog/sky130_fd_sc_hd.v:134732: warning: Timing checks are not supported. Delayed reference and data signals become copies of the original reference and data signals.
verilog/sky130_fd_sc_hd.v:134733: warning: Timing checks are not supported. Delayed reference and data signals become copies of the original reference and data signals.
verilog/sky130_fd_sc_hd.v:134734: warning: Timing checks are not supported. Delayed reference and data signals become copies of the original reference and data signals.
verilog/sky130_fd_sc_hd.v:134735: warning: Timing checks are not supported. Delayed reference and data signals become copies of the original reference and data signals.
verilog/sky130_fd_sc_hd.v:134736: warning: Timing checks are not supported. Delayed reference and data signals become copies of the original reference and data signals.
verilog/sky130_fd_sc_hd.v:134737: warning: Timing checks are not supported.
verilog/sky130_fd_sc_hd.v:134738: warning: Timing checks are not supported.
verilog/sky130_fd_sc_hd.v:134739: warning: Timing checks are not supported.
verilog/sky130_fd_sc_hd.v:134740: warning: Timing checks are not supported.
verilog/sky130_fd_sc_hd.v:135196: warning: Timing checks are not supported. Delayed reference and data signals become copies of the original reference and data signals.
verilog/sky130_fd_sc_hd.v:135197: warning: Timing checks are not supported. Delayed reference and data signals become copies of the original reference and data signals.
verilog/sky130_fd_sc_hd.v:135198: warning: Timing checks are not supported. Delayed reference and data signals become copies of the original reference and data signals.
verilog/sky130_fd_sc_hd.v:135199: warning: Timing checks are not supported. Delayed reference and data signals become copies of the original reference and data signals.
verilog/sky130_fd_sc_hd.v:135200: warning: Timing checks are not supported. Delayed reference and data signals become copies of the original reference and data signals.
verilog/sky130_fd_sc_hd.v:135201: warning: Timing checks are not supported. Delayed reference and data signals become copies of the original reference and data signals.
verilog/sky130_fd_sc_hd.v:135202: warning: Timing checks are not supported. Delayed reference and data signals become copies of the original reference and data signals.
verilog/sky130_fd_sc_hd.v:135203: warning: Timing checks are not supported. Delayed reference and data signals become copies of the original reference and data signals.
verilog/sky130_fd_sc_hd.v:135204: warning: Timing checks are not supported. Delayed reference and data signals become copies of the original reference and data signals.
verilog/sky130_fd_sc_hd.v:135205: warning: Timing checks are not supported. Delayed reference and data signals become copies of the original reference and data signals.
verilog/sky130_fd_sc_hd.v:135206: warning: Timing checks are not supported.
verilog/sky130_fd_sc_hd.v:135207: warning: Timing checks are not supported.
verilog/sky130_fd_sc_hd.v:135208: warning: Timing checks are not supported.
verilog/sky130_fd_sc_hd.v:135209: warning: Timing checks are not supported.
verilog/sky130_fd_sc_hd.v:135657: warning: Timing checks are not supported. Delayed reference and data signals become copies of the original reference and data signals.
verilog/sky130_fd_sc_hd.v:135658: warning: Timing checks are not supported. Delayed reference and data signals become copies of the original reference and data signals.
verilog/sky130_fd_sc_hd.v:135659: warning: Timing checks are not supported. Delayed reference and data signals become copies of the original reference and data signals.
verilog/sky130_fd_sc_hd.v:135660: warning: Timing checks are not supported. Delayed reference and data signals become copies of the original reference and data signals.
verilog/sky130_fd_sc_hd.v:135661: warning: Timing checks are not supported. Delayed reference and data signals become copies of the original reference and data signals.
verilog/sky130_fd_sc_hd.v:135662: warning: Timing checks are not supported. Delayed reference and data signals become copies of the original reference and data signals.
verilog/sky130_fd_sc_hd.v:135663: warning: Timing checks are not supported. Delayed reference and data signals become copies of the original reference and data signals.
verilog/sky130_fd_sc_hd.v:135664: warning: Timing checks are not supported. Delayed reference and data signals become copies of the original reference and data signals.
verilog/sky130_fd_sc_hd.v:135665: warning: Timing checks are not supported. Delayed reference and data signals become copies of the original reference and data signals.
verilog/sky130_fd_sc_hd.v:135666: warning: Timing checks are not supported. Delayed reference and data signals become copies of the original reference and data signals.
verilog/sky130_fd_sc_hd.v:135667: warning: Timing checks are not supported.
verilog/sky130_fd_sc_hd.v:135668: warning: Timing checks are not supported.
verilog/sky130_fd_sc_hd.v:135669: warning: Timing checks are not supported.
verilog/sky130_fd_sc_hd.v:135670: warning: Timing checks are not supported.
verilog/sky130_fd_sc_hd.v:136088: warning: Timing checks are not supported. Delayed reference and data signals become copies of the original reference and data signals.
verilog/sky130_fd_sc_hd.v:136089: warning: Timing checks are not supported. Delayed reference and data signals become copies of the original reference and data signals.
verilog/sky130_fd_sc_hd.v:136090: warning: Timing checks are not supported. Delayed reference and data signals become copies of the original reference and data signals.
verilog/sky130_fd_sc_hd.v:136091: warning: Timing checks are not supported. Delayed reference and data signals become copies of the original reference and data signals.
verilog/sky130_fd_sc_hd.v:136092: warning: Timing checks are not supported. Delayed reference and data signals become copies of the original reference and data signals.
verilog/sky130_fd_sc_hd.v:136093: warning: Timing checks are not supported. Delayed reference and data signals become copies of the original reference and data signals.
verilog/sky130_fd_sc_hd.v:136094: warning: Timing checks are not supported. Delayed reference and data signals become copies of the original reference and data signals.
verilog/sky130_fd_sc_hd.v:136095: warning: Timing checks are not supported.
verilog/sky130_fd_sc_hd.v:136096: warning: Timing checks are not supported.
verilog/sky130_fd_sc_hd.v:136097: warning: Timing checks are not supported.
verilog/sky130_fd_sc_hd.v:136515: warning: Timing checks are not supported. Delayed reference and data signals become copies of the original reference and data signals.
verilog/sky130_fd_sc_hd.v:136516: warning: Timing checks are not supported. Delayed reference and data signals become copies of the original reference and data signals.
verilog/sky130_fd_sc_hd.v:136517: warning: Timing checks are not supported. Delayed reference and data signals become copies of the original reference and data signals.
verilog/sky130_fd_sc_hd.v:136518: warning: Timing checks are not supported. Delayed reference and data signals become copies of the original reference and data signals.
verilog/sky130_fd_sc_hd.v:136519: warning: Timing checks are not supported. Delayed reference and data signals become copies of the original reference and data signals.
verilog/sky130_fd_sc_hd.v:136520: warning: Timing checks are not supported. Delayed reference and data signals become copies of the original reference and data signals.
verilog/sky130_fd_sc_hd.v:136521: warning: Timing checks are not supported. Delayed reference and data signals become copies of the original reference and data signals.
verilog/sky130_fd_sc_hd.v:136522: warning: Timing checks are not supported.
verilog/sky130_fd_sc_hd.v:136523: warning: Timing checks are not supported.
verilog/sky130_fd_sc_hd.v:136524: warning: Timing checks are not supported.
verilog/sky130_fd_sc_hd.v:136934: warning: Timing checks are not supported. Delayed reference and data signals become copies of the original reference and data signals.
verilog/sky130_fd_sc_hd.v:136935: warning: Timing checks are not supported. Delayed reference and data signals become copies of the original reference and data signals.
verilog/sky130_fd_sc_hd.v:136936: warning: Timing checks are not supported. Delayed reference and data signals become copies of the original reference and data signals.
verilog/sky130_fd_sc_hd.v:136937: warning: Timing checks are not supported. Delayed reference and data signals become copies of the original reference and data signals.
verilog/sky130_fd_sc_hd.v:136938: warning: Timing checks are not supported. Delayed reference and data signals become copies of the original reference and data signals.
verilog/sky130_fd_sc_hd.v:136939: warning: Timing checks are not supported. Delayed reference and data signals become copies of the original reference and data signals.
verilog/sky130_fd_sc_hd.v:136940: warning: Timing checks are not supported. Delayed reference and data signals become copies of the original reference and data signals.
verilog/sky130_fd_sc_hd.v:136941: warning: Timing checks are not supported.
verilog/sky130_fd_sc_hd.v:136942: warning: Timing checks are not supported.
verilog/sky130_fd_sc_hd.v:136943: warning: Timing checks are not supported.
verilog/sky130_fd_sc_hd.v:137345: warning: Timing checks are not supported. Delayed reference and data signals become copies of the original reference and data signals.
verilog/sky130_fd_sc_hd.v:137346: warning: Timing checks are not supported. Delayed reference and data signals become copies of the original reference and data signals.
verilog/sky130_fd_sc_hd.v:137347: warning: Timing checks are not supported. Delayed reference and data signals become copies of the original reference and data signals.
verilog/sky130_fd_sc_hd.v:137348: warning: Timing checks are not supported. Delayed reference and data signals become copies of the original reference and data signals.
verilog/sky130_fd_sc_hd.v:137349: warning: Timing checks are not supported. Delayed reference and data signals become copies of the original reference and data signals.
verilog/sky130_fd_sc_hd.v:137350: warning: Timing checks are not supported. Delayed reference and data signals become copies of the original reference and data signals.
verilog/sky130_fd_sc_hd.v:137351: warning: Timing checks are not supported. Delayed reference and data signals become copies of the original reference and data signals.
verilog/sky130_fd_sc_hd.v:137352: warning: Timing checks are not supported.
verilog/sky130_fd_sc_hd.v:137353: warning: Timing checks are not supported.
verilog/sky130_fd_sc_hd.v:137354: warning: Timing checks are not supported.
verilog/sky130_fd_sc_hd.v:137756: warning: Timing checks are not supported. Delayed reference and data signals become copies of the original reference and data signals.
verilog/sky130_fd_sc_hd.v:137757: warning: Timing checks are not supported. Delayed reference and data signals become copies of the original reference and data signals.
verilog/sky130_fd_sc_hd.v:137758: warning: Timing checks are not supported. Delayed reference and data signals become copies of the original reference and data signals.
verilog/sky130_fd_sc_hd.v:137759: warning: Timing checks are not supported. Delayed reference and data signals become copies of the original reference and data signals.
verilog/sky130_fd_sc_hd.v:137760: warning: Timing checks are not supported. Delayed reference and data signals become copies of the original reference and data signals.
verilog/sky130_fd_sc_hd.v:137761: warning: Timing checks are not supported. Delayed reference and data signals become copies of the original reference and data signals.
verilog/sky130_fd_sc_hd.v:137762: warning: Timing checks are not supported. Delayed reference and data signals become copies of the original reference and data signals.
verilog/sky130_fd_sc_hd.v:137763: warning: Timing checks are not supported.
verilog/sky130_fd_sc_hd.v:137764: warning: Timing checks are not supported.
verilog/sky130_fd_sc_hd.v:137765: warning: Timing checks are not supported.
verilog/sky130_fd_sc_hd.v:138167: warning: Timing checks are not supported. Delayed reference and data signals become copies of the original reference and data signals.
verilog/sky130_fd_sc_hd.v:138168: warning: Timing checks are not supported. Delayed reference and data signals become copies of the original reference and data signals.
verilog/sky130_fd_sc_hd.v:138169: warning: Timing checks are not supported. Delayed reference and data signals become copies of the original reference and data signals.
verilog/sky130_fd_sc_hd.v:138170: warning: Timing checks are not supported. Delayed reference and data signals become copies of the original reference and data signals.
verilog/sky130_fd_sc_hd.v:138171: warning: Timing checks are not supported. Delayed reference and data signals become copies of the original reference and data signals.
verilog/sky130_fd_sc_hd.v:138172: warning: Timing checks are not supported. Delayed reference and data signals become copies of the original reference and data signals.
verilog/sky130_fd_sc_hd.v:138173: warning: Timing checks are not supported. Delayed reference and data signals become copies of the original reference and data signals.
verilog/sky130_fd_sc_hd.v:138174: warning: Timing checks are not supported.
verilog/sky130_fd_sc_hd.v:138175: warning: Timing checks are not supported.
verilog/sky130_fd_sc_hd.v:138176: warning: Timing checks are not supported.
verilog/sky130_fd_sc_hd.v:138594: warning: Timing checks are not supported. Delayed reference and data signals become copies of the original reference and data signals.
verilog/sky130_fd_sc_hd.v:138595: warning: Timing checks are not supported. Delayed reference and data signals become copies of the original reference and data signals.
verilog/sky130_fd_sc_hd.v:138596: warning: Timing checks are not supported. Delayed reference and data signals become copies of the original reference and data signals.
verilog/sky130_fd_sc_hd.v:138597: warning: Timing checks are not supported. Delayed reference and data signals become copies of the original reference and data signals.
verilog/sky130_fd_sc_hd.v:138598: warning: Timing checks are not supported. Delayed reference and data signals become copies of the original reference and data signals.
verilog/sky130_fd_sc_hd.v:138599: warning: Timing checks are not supported. Delayed reference and data signals become copies of the original reference and data signals.
verilog/sky130_fd_sc_hd.v:138600: warning: Timing checks are not supported. Delayed reference and data signals become copies of the original reference and data signals.
verilog/sky130_fd_sc_hd.v:138601: warning: Timing checks are not supported.
verilog/sky130_fd_sc_hd.v:138602: warning: Timing checks are not supported.
verilog/sky130_fd_sc_hd.v:138603: warning: Timing checks are not supported.
verilog/sky130_fd_sc_hd.v:139021: warning: Timing checks are not supported. Delayed reference and data signals become copies of the original reference and data signals.
verilog/sky130_fd_sc_hd.v:139022: warning: Timing checks are not supported. Delayed reference and data signals become copies of the original reference and data signals.
verilog/sky130_fd_sc_hd.v:139023: warning: Timing checks are not supported. Delayed reference and data signals become copies of the original reference and data signals.
verilog/sky130_fd_sc_hd.v:139024: warning: Timing checks are not supported. Delayed reference and data signals become copies of the original reference and data signals.
verilog/sky130_fd_sc_hd.v:139025: warning: Timing checks are not supported. Delayed reference and data signals become copies of the original reference and data signals.
verilog/sky130_fd_sc_hd.v:139026: warning: Timing checks are not supported. Delayed reference and data signals become copies of the original reference and data signals.
verilog/sky130_fd_sc_hd.v:139027: warning: Timing checks are not supported. Delayed reference and data signals become copies of the original reference and data signals.
verilog/sky130_fd_sc_hd.v:139028: warning: Timing checks are not supported.
verilog/sky130_fd_sc_hd.v:139029: warning: Timing checks are not supported.
verilog/sky130_fd_sc_hd.v:139030: warning: Timing checks are not supported.
verilog/sky130_fd_sc_hd.v:139432: warning: Timing checks are not supported. Delayed reference and data signals become copies of the original reference and data signals.
verilog/sky130_fd_sc_hd.v:139433: warning: Timing checks are not supported. Delayed reference and data signals become copies of the original reference and data signals.
verilog/sky130_fd_sc_hd.v:139434: warning: Timing checks are not supported. Delayed reference and data signals become copies of the original reference and data signals.
verilog/sky130_fd_sc_hd.v:139435: warning: Timing checks are not supported. Delayed reference and data signals become copies of the original reference and data signals.
verilog/sky130_fd_sc_hd.v:139436: warning: Timing checks are not supported. Delayed reference and data signals become copies of the original reference and data signals.
verilog/sky130_fd_sc_hd.v:139437: warning: Timing checks are not supported. Delayed reference and data signals become copies of the original reference and data signals.
verilog/sky130_fd_sc_hd.v:139438: warning: Timing checks are not supported. Delayed reference and data signals become copies of the original reference and data signals.
verilog/sky130_fd_sc_hd.v:139439: warning: Timing checks are not supported.
verilog/sky130_fd_sc_hd.v:139440: warning: Timing checks are not supported.
verilog/sky130_fd_sc_hd.v:139441: warning: Timing checks are not supported.
verilog/sky130_fd_sc_hd.v:139843: warning: Timing checks are not supported. Delayed reference and data signals become copies of the original reference and data signals.
verilog/sky130_fd_sc_hd.v:139844: warning: Timing checks are not supported. Delayed reference and data signals become copies of the original reference and data signals.
verilog/sky130_fd_sc_hd.v:139845: warning: Timing checks are not supported. Delayed reference and data signals become copies of the original reference and data signals.
verilog/sky130_fd_sc_hd.v:139846: warning: Timing checks are not supported. Delayed reference and data signals become copies of the original reference and data signals.
verilog/sky130_fd_sc_hd.v:139847: warning: Timing checks are not supported. Delayed reference and data signals become copies of the original reference and data signals.
verilog/sky130_fd_sc_hd.v:139848: warning: Timing checks are not supported. Delayed reference and data signals become copies of the original reference and data signals.
verilog/sky130_fd_sc_hd.v:139849: warning: Timing checks are not supported. Delayed reference and data signals become copies of the original reference and data signals.
verilog/sky130_fd_sc_hd.v:139850: warning: Timing checks are not supported.
verilog/sky130_fd_sc_hd.v:139851: warning: Timing checks are not supported.
verilog/sky130_fd_sc_hd.v:139852: warning: Timing checks are not supported.
verilog/sky130_fd_sc_hd.v:140254: warning: Timing checks are not supported. Delayed reference and data signals become copies of the original reference and data signals.
verilog/sky130_fd_sc_hd.v:140255: warning: Timing checks are not supported. Delayed reference and data signals become copies of the original reference and data signals.
verilog/sky130_fd_sc_hd.v:140256: warning: Timing checks are not supported. Delayed reference and data signals become copies of the original reference and data signals.
verilog/sky130_fd_sc_hd.v:140257: warning: Timing checks are not supported. Delayed reference and data signals become copies of the original reference and data signals.
verilog/sky130_fd_sc_hd.v:140258: warning: Timing checks are not supported. Delayed reference and data signals become copies of the original reference and data signals.
verilog/sky130_fd_sc_hd.v:140259: warning: Timing checks are not supported. Delayed reference and data signals become copies of the original reference and data signals.
verilog/sky130_fd_sc_hd.v:140260: warning: Timing checks are not supported. Delayed reference and data signals become copies of the original reference and data signals.
verilog/sky130_fd_sc_hd.v:140261: warning: Timing checks are not supported.
verilog/sky130_fd_sc_hd.v:140262: warning: Timing checks are not supported.
verilog/sky130_fd_sc_hd.v:140263: warning: Timing checks are not supported.
verilog/sky130_fd_sc_hd.v:140644: warning: Timing checks are not supported. Delayed reference and data signals become copies of the original reference and data signals.
verilog/sky130_fd_sc_hd.v:140645: warning: Timing checks are not supported. Delayed reference and data signals become copies of the original reference and data signals.
verilog/sky130_fd_sc_hd.v:140646: warning: Timing checks are not supported. Delayed reference and data signals become copies of the original reference and data signals.
verilog/sky130_fd_sc_hd.v:140647: warning: Timing checks are not supported. Delayed reference and data signals become copies of the original reference and data signals.
verilog/sky130_fd_sc_hd.v:140648: warning: Timing checks are not supported. Delayed reference and data signals become copies of the original reference and data signals.
verilog/sky130_fd_sc_hd.v:140649: warning: Timing checks are not supported. Delayed reference and data signals become copies of the original reference and data signals.
verilog/sky130_fd_sc_hd.v:140650: warning: Timing checks are not supported.
verilog/sky130_fd_sc_hd.v:140651: warning: Timing checks are not supported.
verilog/sky130_fd_sc_hd.v:141032: warning: Timing checks are not supported. Delayed reference and data signals become copies of the original reference and data signals.
verilog/sky130_fd_sc_hd.v:141033: warning: Timing checks are not supported. Delayed reference and data signals become copies of the original reference and data signals.
verilog/sky130_fd_sc_hd.v:141034: warning: Timing checks are not supported. Delayed reference and data signals become copies of the original reference and data signals.
verilog/sky130_fd_sc_hd.v:141035: warning: Timing checks are not supported. Delayed reference and data signals become copies of the original reference and data signals.
verilog/sky130_fd_sc_hd.v:141036: warning: Timing checks are not supported. Delayed reference and data signals become copies of the original reference and data signals.
verilog/sky130_fd_sc_hd.v:141037: warning: Timing checks are not supported. Delayed reference and data signals become copies of the original reference and data signals.
verilog/sky130_fd_sc_hd.v:141038: warning: Timing checks are not supported.
verilog/sky130_fd_sc_hd.v:141039: warning: Timing checks are not supported.
verilog/sky130_fd_sc_hd.v:141406: warning: Timing checks are not supported. Delayed reference and data signals become copies of the original reference and data signals.
verilog/sky130_fd_sc_hd.v:141407: warning: Timing checks are not supported. Delayed reference and data signals become copies of the original reference and data signals.
verilog/sky130_fd_sc_hd.v:141408: warning: Timing checks are not supported. Delayed reference and data signals become copies of the original reference and data signals.
verilog/sky130_fd_sc_hd.v:141409: warning: Timing checks are not supported. Delayed reference and data signals become copies of the original reference and data signals.
verilog/sky130_fd_sc_hd.v:141410: warning: Timing checks are not supported. Delayed reference and data signals become copies of the original reference and data signals.
verilog/sky130_fd_sc_hd.v:141411: warning: Timing checks are not supported. Delayed reference and data signals become copies of the original reference and data signals.
verilog/sky130_fd_sc_hd.v:141412: warning: Timing checks are not supported.
verilog/sky130_fd_sc_hd.v:141413: warning: Timing checks are not supported.
verilog/sky130_fd_sc_hd.v:141780: warning: Timing checks are not supported. Delayed reference and data signals become copies of the original reference and data signals.
verilog/sky130_fd_sc_hd.v:141781: warning: Timing checks are not supported. Delayed reference and data signals become copies of the original reference and data signals.
verilog/sky130_fd_sc_hd.v:141782: warning: Timing checks are not supported. Delayed reference and data signals become copies of the original reference and data signals.
verilog/sky130_fd_sc_hd.v:141783: warning: Timing checks are not supported. Delayed reference and data signals become copies of the original reference and data signals.
verilog/sky130_fd_sc_hd.v:141784: warning: Timing checks are not supported. Delayed reference and data signals become copies of the original reference and data signals.
verilog/sky130_fd_sc_hd.v:141785: warning: Timing checks are not supported. Delayed reference and data signals become copies of the original reference and data signals.
verilog/sky130_fd_sc_hd.v:141786: warning: Timing checks are not supported.
verilog/sky130_fd_sc_hd.v:141787: warning: Timing checks are not supported.
verilog/sky130_fd_sc_hd.v:142154: warning: Timing checks are not supported. Delayed reference and data signals become copies of the original reference and data signals.
verilog/sky130_fd_sc_hd.v:142155: warning: Timing checks are not supported. Delayed reference and data signals become copies of the original reference and data signals.
verilog/sky130_fd_sc_hd.v:142156: warning: Timing checks are not supported. Delayed reference and data signals become copies of the original reference and data signals.
verilog/sky130_fd_sc_hd.v:142157: warning: Timing checks are not supported. Delayed reference and data signals become copies of the original reference and data signals.
verilog/sky130_fd_sc_hd.v:142158: warning: Timing checks are not supported. Delayed reference and data signals become copies of the original reference and data signals.
verilog/sky130_fd_sc_hd.v:142159: warning: Timing checks are not supported. Delayed reference and data signals become copies of the original reference and data signals.
verilog/sky130_fd_sc_hd.v:142160: warning: Timing checks are not supported.
verilog/sky130_fd_sc_hd.v:142161: warning: Timing checks are not supported.
verilog/sky130_fd_sc_hd.v:142527: warning: Timing checks are not supported. Delayed reference and data signals become copies of the original reference and data signals.
verilog/sky130_fd_sc_hd.v:142528: warning: Timing checks are not supported. Delayed reference and data signals become copies of the original reference and data signals.
verilog/sky130_fd_sc_hd.v:142529: warning: Timing checks are not supported. Delayed reference and data signals become copies of the original reference and data signals.
verilog/sky130_fd_sc_hd.v:142530: warning: Timing checks are not supported. Delayed reference and data signals become copies of the original reference and data signals.
verilog/sky130_fd_sc_hd.v:142531: warning: Timing checks are not supported.
verilog/sky130_fd_sc_hd.v:142897: warning: Timing checks are not supported. Delayed reference and data signals become copies of the original reference and data signals.
verilog/sky130_fd_sc_hd.v:142898: warning: Timing checks are not supported. Delayed reference and data signals become copies of the original reference and data signals.
verilog/sky130_fd_sc_hd.v:142899: warning: Timing checks are not supported. Delayed reference and data signals become copies of the original reference and data signals.
verilog/sky130_fd_sc_hd.v:142900: warning: Timing checks are not supported. Delayed reference and data signals become copies of the original reference and data signals.
verilog/sky130_fd_sc_hd.v:142901: warning: Timing checks are not supported.
verilog/sky130_fd_sc_hd.v:143267: warning: Timing checks are not supported. Delayed reference and data signals become copies of the original reference and data signals.
verilog/sky130_fd_sc_hd.v:143268: warning: Timing checks are not supported. Delayed reference and data signals become copies of the original reference and data signals.
verilog/sky130_fd_sc_hd.v:143269: warning: Timing checks are not supported. Delayed reference and data signals become copies of the original reference and data signals.
verilog/sky130_fd_sc_hd.v:143270: warning: Timing checks are not supported. Delayed reference and data signals become copies of the original reference and data signals.
verilog/sky130_fd_sc_hd.v:143271: warning: Timing checks are not supported.
verilog/sky130_fd_sc_hd.v:143677: warning: Timing checks are not supported. Delayed reference and data signals become copies of the original reference and data signals.
verilog/sky130_fd_sc_hd.v:143678: warning: Timing checks are not supported. Delayed reference and data signals become copies of the original reference and data signals.
verilog/sky130_fd_sc_hd.v:143679: warning: Timing checks are not supported. Delayed reference and data signals become copies of the original reference and data signals.
verilog/sky130_fd_sc_hd.v:143680: warning: Timing checks are not supported. Delayed reference and data signals become copies of the original reference and data signals.
verilog/sky130_fd_sc_hd.v:143681: warning: Timing checks are not supported. Delayed reference and data signals become copies of the original reference and data signals.
verilog/sky130_fd_sc_hd.v:143682: warning: Timing checks are not supported. Delayed reference and data signals become copies of the original reference and data signals.
verilog/sky130_fd_sc_hd.v:143683: warning: Timing checks are not supported. Delayed reference and data signals become copies of the original reference and data signals.
verilog/sky130_fd_sc_hd.v:143684: warning: Timing checks are not supported. Delayed reference and data signals become copies of the original reference and data signals.
verilog/sky130_fd_sc_hd.v:143685: warning: Timing checks are not supported.
verilog/sky130_fd_sc_hd.v:143686: warning: Timing checks are not supported.
verilog/sky130_fd_sc_hd.v:144092: warning: Timing checks are not supported. Delayed reference and data signals become copies of the original reference and data signals.
verilog/sky130_fd_sc_hd.v:144093: warning: Timing checks are not supported. Delayed reference and data signals become copies of the original reference and data signals.
verilog/sky130_fd_sc_hd.v:144094: warning: Timing checks are not supported. Delayed reference and data signals become copies of the original reference and data signals.
verilog/sky130_fd_sc_hd.v:144095: warning: Timing checks are not supported. Delayed reference and data signals become copies of the original reference and data signals.
verilog/sky130_fd_sc_hd.v:144096: warning: Timing checks are not supported. Delayed reference and data signals become copies of the original reference and data signals.
verilog/sky130_fd_sc_hd.v:144097: warning: Timing checks are not supported. Delayed reference and data signals become copies of the original reference and data signals.
verilog/sky130_fd_sc_hd.v:144098: warning: Timing checks are not supported. Delayed reference and data signals become copies of the original reference and data signals.
verilog/sky130_fd_sc_hd.v:144099: warning: Timing checks are not supported. Delayed reference and data signals become copies of the original reference and data signals.
verilog/sky130_fd_sc_hd.v:144100: warning: Timing checks are not supported.
verilog/sky130_fd_sc_hd.v:144101: warning: Timing checks are not supported.
verilog/sky130_fd_sc_hd.v:144493: warning: Timing checks are not supported. Delayed reference and data signals become copies of the original reference and data signals.
verilog/sky130_fd_sc_hd.v:144494: warning: Timing checks are not supported. Delayed reference and data signals become copies of the original reference and data signals.
verilog/sky130_fd_sc_hd.v:144495: warning: Timing checks are not supported. Delayed reference and data signals become copies of the original reference and data signals.
verilog/sky130_fd_sc_hd.v:144496: warning: Timing checks are not supported. Delayed reference and data signals become copies of the original reference and data signals.
verilog/sky130_fd_sc_hd.v:144497: warning: Timing checks are not supported. Delayed reference and data signals become copies of the original reference and data signals.
verilog/sky130_fd_sc_hd.v:144498: warning: Timing checks are not supported. Delayed reference and data signals become copies of the original reference and data signals.
verilog/sky130_fd_sc_hd.v:144499: warning: Timing checks are not supported. Delayed reference and data signals become copies of the original reference and data signals.
verilog/sky130_fd_sc_hd.v:144500: warning: Timing checks are not supported. Delayed reference and data signals become copies of the original reference and data signals.
verilog/sky130_fd_sc_hd.v:144501: warning: Timing checks are not supported.
verilog/sky130_fd_sc_hd.v:144502: warning: Timing checks are not supported.
verilog/sky130_fd_sc_hd.v:144894: warning: Timing checks are not supported. Delayed reference and data signals become copies of the original reference and data signals.
verilog/sky130_fd_sc_hd.v:144895: warning: Timing checks are not supported. Delayed reference and data signals become copies of the original reference and data signals.
verilog/sky130_fd_sc_hd.v:144896: warning: Timing checks are not supported. Delayed reference and data signals become copies of the original reference and data signals.
verilog/sky130_fd_sc_hd.v:144897: warning: Timing checks are not supported. Delayed reference and data signals become copies of the original reference and data signals.
verilog/sky130_fd_sc_hd.v:144898: warning: Timing checks are not supported. Delayed reference and data signals become copies of the original reference and data signals.
verilog/sky130_fd_sc_hd.v:144899: warning: Timing checks are not supported. Delayed reference and data signals become copies of the original reference and data signals.
verilog/sky130_fd_sc_hd.v:144900: warning: Timing checks are not supported. Delayed reference and data signals become copies of the original reference and data signals.
verilog/sky130_fd_sc_hd.v:144901: warning: Timing checks are not supported. Delayed reference and data signals become copies of the original reference and data signals.
verilog/sky130_fd_sc_hd.v:144902: warning: Timing checks are not supported.
verilog/sky130_fd_sc_hd.v:144903: warning: Timing checks are not supported.
verilog/sky130_fd_sc_hd.v:145295: warning: Timing checks are not supported. Delayed reference and data signals become copies of the original reference and data signals.
verilog/sky130_fd_sc_hd.v:145296: warning: Timing checks are not supported. Delayed reference and data signals become copies of the original reference and data signals.
verilog/sky130_fd_sc_hd.v:145297: warning: Timing checks are not supported. Delayed reference and data signals become copies of the original reference and data signals.
verilog/sky130_fd_sc_hd.v:145298: warning: Timing checks are not supported. Delayed reference and data signals become copies of the original reference and data signals.
verilog/sky130_fd_sc_hd.v:145299: warning: Timing checks are not supported. Delayed reference and data signals become copies of the original reference and data signals.
verilog/sky130_fd_sc_hd.v:145300: warning: Timing checks are not supported. Delayed reference and data signals become copies of the original reference and data signals.
verilog/sky130_fd_sc_hd.v:145301: warning: Timing checks are not supported. Delayed reference and data signals become copies of the original reference and data signals.
verilog/sky130_fd_sc_hd.v:145302: warning: Timing checks are not supported. Delayed reference and data signals become copies of the original reference and data signals.
verilog/sky130_fd_sc_hd.v:145303: warning: Timing checks are not supported.
verilog/sky130_fd_sc_hd.v:145304: warning: Timing checks are not supported.
tb/soc_tb.sv:57: warning: Static variable initialization requires explicit lifetime in this context.
 ... done, 0.08 seconds.
ELABORATING DESIGN
 ... done, 0.43 seconds.
RUNNING FUNCTORS
 -F cprop ...
 ... Iteration detected 13 optimizations.
 ... Iteration detected 0 optimizations.
 ... Look for dangling constants
 ... done
 -F nodangle ...
 ... scan for dangling signal and event nodes. (scomplete=F, ecomplete=F)
 ... 1 iterations deleted 13540 dangling signals and 0 events.
 ... done
CALCULATING ISLANDS
 ... done, 0.21 seconds.
CODE GENERATION
 ... invoking target_design
 ... done, 0.54 seconds.
STATISTICS
lex_string: add_count=56930 hit_count=681625
Icarus Verilog version 13.0 (devel) (s20221226-533-g676b36e45)

Copyright (c) 2000-2024 Stephen Williams (steve@icarus.com)

  This program is free software; you can redistribute it and/or modify
  it under the terms of the GNU General Public License as published by
  the Free Software Foundation; either version 2 of the License, or
  (at your option) any later version.

  This program is distributed in the hope that it will be useful,
  but WITHOUT ANY WARRANTY; without even the implied warranty of
  MERCHANTABILITY or FITNESS FOR A PARTICULAR PURPOSE.  See the
  GNU General Public License for more details.

  You should have received a copy of the GNU General Public License along
  with this program; if not, write to the Free Software Foundation, Inc.,
  51 Franklin Street, Fifth Floor, Boston, MA 02110-1301, USA.

translate: /usr/local/lib/ivl/ivlpp -v -L -F"/tmp/ivrlg24cdfde05" -f"/tmp/ivrlg4cdfde05" -p"/tmp/ivrli4cdfde05" |/usr/local/lib/ivl/ivl -v -C"/tmp/ivrlh4cdfde05" -C"/usr/local/lib/ivl/vvp.conf" -- -
