%Warning-MODDUP: ips/prim/prim_reg_pkg.sv:1:9: Duplicate declaration of module: 'prim_reg_pkg'
    1 | package prim_reg_pkg;
      |         ^~~~~~~~~~~~
                 ips/prim/prim_reg_pkg.sv:1:9: ... Location of original declaration
    1 | package prim_reg_pkg;
      |         ^~~~~~~~~~~~
                 ... For warning description see https://verilator.org/warn/MODDUP?v=5.036
                 ... Use "/* verilator lint_off MODDUP */" and lint_on around source to disable this message.
%Warning-MODDUP: rtl/soc.sv:1:8: Duplicate declaration of module: 'soc'
    1 | module soc #(
      |        ^~~
                 rtl/soc.sv:1:8: ... Location of original declaration
    1 | module soc #(
      |        ^~~
%Warning-DECLFILENAME: ips/prim/prim_cdc_2phase.sv:4:8: Filename 'prim_cdc_2phase' does not match MODULE name: 'cdc_2phase'
    4 | module cdc_2phase #(
      |        ^~~~~~~~~~
                       ... For warning description see https://verilator.org/warn/DECLFILENAME?v=5.036
                       ... Use "/* verilator lint_off DECLFILENAME */" and lint_on around source to disable this message.
%Warning-DECLFILENAME: ips/prim/prim_gray2bin.sv:1:8: Filename 'prim_gray2bin' does not match MODULE name: 'gray_to_binary'
    1 | module gray_to_binary #(
      |        ^~~~~~~~~~~~~~
%Warning-DECLFILENAME: ips/prim/prim_lzc.sv:19:8: Filename 'prim_lzc' does not match MODULE name: 'lzc'
   19 | module lzc #(
      |        ^~~
%Warning-DECLFILENAME: ips/prim/prim_reg_pkg.sv:1:9: Filename 'prim_reg_pkg' does not match PACKAGE name: 'prim_reg_pkg__Vdedup0'
    1 | package prim_reg_pkg;
      |         ^~~~~~~~~~~~
%Warning-DECLFILENAME: ips/prim/prim_rrarbiter.sv:36:8: Filename 'prim_rrarbiter' does not match MODULE name: 'rrarbiter'
   36 | module rrarbiter #(
      |        ^~~~~~~~~
%Warning-PINCONNECTEMPTY: ips/prim/prim_rrarbiter.sv:110:10: Cell pin connected by name with empty reference: 'empty_o'
  110 |         .empty_o (               )
      |          ^~~~~~~
                          ... For warning description see https://verilator.org/warn/PINCONNECTEMPTY?v=5.036
                          ... Use "/* verilator lint_off PINCONNECTEMPTY */" and lint_on around source to disable this message.
%Warning-PINCONNECTEMPTY: ips/prim_opentitan/prim_fifo_sync_cnt.sv:87:8: Cell pin connected by name with empty reference: 'cnt_after_commit_o'
   87 |       .cnt_after_commit_o(),
      |        ^~~~~~~~~~~~~~~~~~
%Warning-PINCONNECTEMPTY: ips/prim_opentitan/prim_fifo_sync_cnt.sv:105:8: Cell pin connected by name with empty reference: 'cnt_after_commit_o'
  105 |       .cnt_after_commit_o(),
      |        ^~~~~~~~~~~~~~~~~~
%Warning-PINCONNECTEMPTY: ips/tlul/tlul_adapter_sram.sv:563:6: Cell pin connected by name with empty reference: 'full_o'
  563 |     .full_o  (),
      |      ^~~~~~
%Warning-PINCONNECTEMPTY: ips/tlul/tlul_adapter_sram.sv:564:6: Cell pin connected by name with empty reference: 'depth_o'
  564 |     .depth_o (),
      |      ^~~~~~~
%Warning-PINCONNECTEMPTY: ips/tlul/tlul_adapter_sram.sv:584:6: Cell pin connected by name with empty reference: 'rvalid_o'
  584 |     .rvalid_o(),
      |      ^~~~~~~~
%Warning-PINCONNECTEMPTY: ips/tlul/tlul_adapter_sram.sv:587:6: Cell pin connected by name with empty reference: 'full_o'
  587 |     .full_o  (),
      |      ^~~~~~
%Warning-PINCONNECTEMPTY: ips/tlul/tlul_adapter_sram.sv:588:6: Cell pin connected by name with empty reference: 'depth_o'
  588 |     .depth_o (),
      |      ^~~~~~~
%Warning-PINCONNECTEMPTY: ips/tlul/tlul_adapter_sram.sv:607:8: Cell pin connected by name with empty reference: 'rvalid_o'
  607 |       .rvalid_o(),
      |        ^~~~~~~~
%Warning-PINCONNECTEMPTY: ips/tlul/tlul_adapter_sram.sv:610:8: Cell pin connected by name with empty reference: 'full_o'
  610 |       .full_o  (),
      |        ^~~~~~
%Warning-PINCONNECTEMPTY: ips/tlul/tlul_adapter_sram.sv:611:8: Cell pin connected by name with empty reference: 'depth_o'
  611 |       .depth_o (),
      |        ^~~~~~~
%Warning-PINCONNECTEMPTY: ips/tlul/tlul_adapter_sram.sv:612:8: Cell pin connected by name with empty reference: 'err_o'
  612 |       .err_o   ()
      |        ^~~~~
%Warning-PINCONNECTEMPTY: ips/tlul/tlul_adapter_sram.sv:644:6: Cell pin connected by name with empty reference: 'full_o'
  644 |     .full_o  (),
      |      ^~~~~~
%Warning-PINCONNECTEMPTY: ips/tlul/tlul_adapter_sram.sv:645:6: Cell pin connected by name with empty reference: 'depth_o'
  645 |     .depth_o (),
      |      ^~~~~~~
%Warning-PINCONNECTEMPTY: ips/tlul/tlul_cmd_intg_chk.sv:26:6: Cell pin connected by name with empty reference: 'data_o'
   26 |     .data_o(),
      |      ^~~~~~
%Warning-PINCONNECTEMPTY: ips/tlul/tlul_cmd_intg_chk.sv:27:6: Cell pin connected by name with empty reference: 'syndrome_o'
   27 |     .syndrome_o(),
      |      ^~~~~~~~~~
%Warning-PINCONNECTEMPTY: ips/tlul/tlul_data_integ_dec.sv:20:6: Cell pin connected by name with empty reference: 'data_o'
   20 |     .data_o(),
      |      ^~~~~~
%Warning-PINCONNECTEMPTY: ips/tlul/tlul_data_integ_dec.sv:21:6: Cell pin connected by name with empty reference: 'syndrome_o'
   21 |     .syndrome_o(),
      |      ^~~~~~~~~~
%Warning-PINCONNECTEMPTY: ips/tlul/tlul_fifo_async.sv:57:6: Cell pin connected by name with empty reference: 'wdepth_o'
   57 |     .wdepth_o      (),
      |      ^~~~~~~~
%Warning-PINCONNECTEMPTY: ips/tlul/tlul_fifo_async.sv:58:6: Cell pin connected by name with empty reference: 'rdepth_o'
   58 |     .rdepth_o      ()
      |      ^~~~~~~~
%Warning-PINCONNECTEMPTY: ips/tlul/tlul_fifo_async.sv:94:6: Cell pin connected by name with empty reference: 'wdepth_o'
   94 |     .wdepth_o      (),
      |      ^~~~~~~~
%Warning-PINCONNECTEMPTY: ips/tlul/tlul_fifo_async.sv:95:6: Cell pin connected by name with empty reference: 'rdepth_o'
   95 |     .rdepth_o      ()
      |      ^~~~~~~~
%Warning-PINCONNECTEMPTY: ips/tlul/tlul_fifo_sync.sv:58:6: Cell pin connected by name with empty reference: 'full_o'
   58 |     .full_o        (),
      |      ^~~~~~
%Warning-PINCONNECTEMPTY: ips/tlul/tlul_fifo_sync.sv:59:6: Cell pin connected by name with empty reference: 'depth_o'
   59 |     .depth_o       (),
      |      ^~~~~~~
%Warning-PINCONNECTEMPTY: ips/tlul/tlul_fifo_sync.sv:60:6: Cell pin connected by name with empty reference: 'err_o'
   60 |     .err_o         ());
      |      ^~~~~
%Warning-PINCONNECTEMPTY: ips/tlul/tlul_fifo_sync.sv:93:6: Cell pin connected by name with empty reference: 'full_o'
   93 |     .full_o        (),
      |      ^~~~~~
%Warning-PINCONNECTEMPTY: ips/tlul/tlul_fifo_sync.sv:94:6: Cell pin connected by name with empty reference: 'depth_o'
   94 |     .depth_o       (),
      |      ^~~~~~~
%Warning-PINCONNECTEMPTY: ips/tlul/tlul_fifo_sync.sv:95:6: Cell pin connected by name with empty reference: 'err_o'
   95 |     .err_o         ());
      |      ^~~~~
%Warning-PINCONNECTEMPTY: ips/tlul/tlul_rsp_intg_chk.sv:27:6: Cell pin connected by name with empty reference: 'data_o'
   27 |     .data_o(),
      |      ^~~~~~
%Warning-PINCONNECTEMPTY: ips/tlul/tlul_rsp_intg_chk.sv:28:6: Cell pin connected by name with empty reference: 'syndrome_o'
   28 |     .syndrome_o(),
      |      ^~~~~~~~~~
%Warning-PINCONNECTEMPTY: ips/tlul/tlul_socket_1n.sv:99:6: Cell pin connected by name with empty reference: 'spare_rsp_o'
   99 |     .spare_rsp_o ());
      |      ^~~~~~~~~~~
%Warning-PINCONNECTEMPTY: ips/tlul/tlul_socket_1n.sv:222:8: Cell pin connected by name with empty reference: 'spare_req_o'
  222 |       .spare_req_o (),
      |        ^~~~~~~~~~~
%Warning-PINCONNECTEMPTY: ips/tlul/tlul_socket_1n.sv:224:8: Cell pin connected by name with empty reference: 'spare_rsp_o'
  224 |       .spare_rsp_o ());
      |        ^~~~~~~~~~~
%Warning-PINCONNECTEMPTY: ips/tlul/tlul_socket_m1.sv:135:8: Cell pin connected by name with empty reference: 'spare_req_o'
  135 |       .spare_req_o (),
      |        ^~~~~~~~~~~
%Warning-PINCONNECTEMPTY: ips/tlul/tlul_socket_m1.sv:137:8: Cell pin connected by name with empty reference: 'spare_rsp_o'
  137 |       .spare_rsp_o ()
      |        ^~~~~~~~~~~
%Warning-PINCONNECTEMPTY: ips/tlul/tlul_socket_m1.sv:156:6: Cell pin connected by name with empty reference: 'spare_req_o'
  156 |     .spare_req_o (),
      |      ^~~~~~~~~~~
%Warning-PINCONNECTEMPTY: ips/tlul/tlul_socket_m1.sv:158:6: Cell pin connected by name with empty reference: 'spare_rsp_o'
  158 |     .spare_rsp_o ()
      |      ^~~~~~~~~~~
%Warning-PINCONNECTEMPTY: ips/tlul/tlul_socket_m1.sv:179:8: Cell pin connected by name with empty reference: 'idx_o'
  179 |       .idx_o     (             ),
      |        ^~~~~
%Warning-PINCONNECTEMPTY: ips/tlul/tlul_socket_m1.sv:195:8: Cell pin connected by name with empty reference: 'idx_o'
  195 |       .idx_o     (             ),
      |        ^~~~~
%Warning-PINCONNECTEMPTY: ips/tlul/tlul_sram_byte.sv:531:8: Cell pin connected by name with empty reference: 'rvalid_o'
  531 |       .rvalid_o(),
      |        ^~~~~~~~
%Warning-PINCONNECTEMPTY: ips/tlul/tlul_sram_byte.sv:534:8: Cell pin connected by name with empty reference: 'full_o'
  534 |       .full_o(),
      |        ^~~~~~
%Warning-PINCONNECTEMPTY: ips/tlul/tlul_sram_byte.sv:535:8: Cell pin connected by name with empty reference: 'depth_o'
  535 |       .depth_o(),
      |        ^~~~~~~
%Warning-PINCONNECTEMPTY: ips/tlul/tlul_sram_byte.sv:536:8: Cell pin connected by name with empty reference: 'err_o'
  536 |       .err_o()
      |        ^~~~~
%Warning-PINCONNECTEMPTY: ips/tlul/tlul_sram_byte.sv:649:8: Cell pin connected by name with empty reference: 'rvalid_o'
  649 |       .rvalid_o(),
      |        ^~~~~~~~
%Warning-PINCONNECTEMPTY: ips/tlul/tlul_sram_byte.sv:652:8: Cell pin connected by name with empty reference: 'full_o'
  652 |       .full_o(),
      |        ^~~~~~
%Warning-PINCONNECTEMPTY: ips/tlul/tlul_sram_byte.sv:654:8: Cell pin connected by name with empty reference: 'err_o'
  654 |       .err_o()
      |        ^~~~~
%Warning-PINCONNECTEMPTY: rtl/pwm_reg_top.sv:69:6: Cell pin connected by name with empty reference: 'intg_error_o'
   69 |     .intg_error_o(),
      |      ^~~~~~~~~~~~
%Warning-PINCONNECTEMPTY: rtl/pwm_reg_top.sv:196:6: Cell pin connected by name with empty reference: 'dst_re_o'
  196 |     .dst_re_o     (),
      |      ^~~~~~~~
%Warning-PINCONNECTEMPTY: rtl/pwm_reg_top.sv:245:6: Cell pin connected by name with empty reference: 'dst_re_o'
  245 |     .dst_re_o     (),
      |      ^~~~~~~~
%Warning-PINCONNECTEMPTY: rtl/pwm_reg_top.sv:294:6: Cell pin connected by name with empty reference: 'dst_re_o'
  294 |     .dst_re_o     (),
      |      ^~~~~~~~
%Warning-PINCONNECTEMPTY: rtl/pwm_reg_top.sv:337:6: Cell pin connected by name with empty reference: 'dst_re_o'
  337 |     .dst_re_o     (),
      |      ^~~~~~~~
%Warning-PINCONNECTEMPTY: rtl/pwm_reg_top.sv:380:6: Cell pin connected by name with empty reference: 'dst_re_o'
  380 |     .dst_re_o     (),
      |      ^~~~~~~~
%Warning-PINCONNECTEMPTY: rtl/pwm_reg_top.sv:423:6: Cell pin connected by name with empty reference: 'dst_re_o'
  423 |     .dst_re_o     (),
      |      ^~~~~~~~
%Warning-PINCONNECTEMPTY: rtl/pwm_reg_top.sv:466:6: Cell pin connected by name with empty reference: 'dst_re_o'
  466 |     .dst_re_o     (),
      |      ^~~~~~~~
%Warning-PINCONNECTEMPTY: rtl/pwm_reg_top.sv:509:6: Cell pin connected by name with empty reference: 'dst_re_o'
  509 |     .dst_re_o     (),
      |      ^~~~~~~~
%Warning-PINCONNECTEMPTY: rtl/pwm_reg_top.sv:552:6: Cell pin connected by name with empty reference: 'dst_re_o'
  552 |     .dst_re_o     (),
      |      ^~~~~~~~
%Warning-PINCONNECTEMPTY: rtl/pwm_reg_top.sv:593:6: Cell pin connected by name with empty reference: 'dst_re_o'
  593 |     .dst_re_o     (),
      |      ^~~~~~~~
%Warning-PINCONNECTEMPTY: rtl/pwm_reg_top.sv:634:6: Cell pin connected by name with empty reference: 'dst_re_o'
  634 |     .dst_re_o     (),
      |      ^~~~~~~~
%Warning-PINCONNECTEMPTY: rtl/pwm_reg_top.sv:675:6: Cell pin connected by name with empty reference: 'dst_re_o'
  675 |     .dst_re_o     (),
      |      ^~~~~~~~
%Warning-PINCONNECTEMPTY: rtl/pwm_reg_top.sv:716:6: Cell pin connected by name with empty reference: 'dst_re_o'
  716 |     .dst_re_o     (),
      |      ^~~~~~~~
%Warning-PINCONNECTEMPTY: rtl/pwm_reg_top.sv:757:6: Cell pin connected by name with empty reference: 'dst_re_o'
  757 |     .dst_re_o     (),
      |      ^~~~~~~~
%Warning-PINCONNECTEMPTY: rtl/pwm_reg_top.sv:798:6: Cell pin connected by name with empty reference: 'dst_re_o'
  798 |     .dst_re_o     (),
      |      ^~~~~~~~
%Warning-PINCONNECTEMPTY: rtl/pwm_reg_top.sv:839:6: Cell pin connected by name with empty reference: 'dst_re_o'
  839 |     .dst_re_o     (),
      |      ^~~~~~~~
%Warning-PINCONNECTEMPTY: rtl/pwm_reg_top.sv:880:6: Cell pin connected by name with empty reference: 'dst_re_o'
  880 |     .dst_re_o     (),
      |      ^~~~~~~~
%Warning-PINCONNECTEMPTY: rtl/pwm_reg_top.sv:921:6: Cell pin connected by name with empty reference: 'dst_re_o'
  921 |     .dst_re_o     (),
      |      ^~~~~~~~
%Warning-PINCONNECTEMPTY: rtl/pwm_reg_top.sv:962:6: Cell pin connected by name with empty reference: 'dst_re_o'
  962 |     .dst_re_o     (),
      |      ^~~~~~~~
%Warning-PINCONNECTEMPTY: rtl/pwm_reg_top.sv:1003:6: Cell pin connected by name with empty reference: 'dst_re_o'
 1003 |     .dst_re_o     (),
      |      ^~~~~~~~
%Warning-PINCONNECTEMPTY: rtl/pwm_reg_top.sv:1044:6: Cell pin connected by name with empty reference: 'dst_re_o'
 1044 |     .dst_re_o     (),
      |      ^~~~~~~~
%Warning-PINCONNECTEMPTY: rtl/pwm_reg_top.sv:1063:6: Cell pin connected by name with empty reference: 'qre'
 1063 |     .qre    (),
      |      ^~~
%Warning-PINCONNECTEMPTY: rtl/pwm_reg_top.sv:1066:6: Cell pin connected by name with empty reference: 'ds'
 1066 |     .ds     (),
      |      ^~
%Warning-PINCONNECTEMPTY: rtl/pwm_reg_top.sv:1067:6: Cell pin connected by name with empty reference: 'qs'
 1067 |     .qs     ()
      |      ^~
%Warning-PINCONNECTEMPTY: rtl/pwm_reg_top.sv:1091:6: Cell pin connected by name with empty reference: 'qe'
 1091 |     .qe     (),
      |      ^~
%Warning-PINCONNECTEMPTY: rtl/pwm_reg_top.sv:1092:6: Cell pin connected by name with empty reference: 'q'
 1092 |     .q      (),
      |      ^
%Warning-PINCONNECTEMPTY: rtl/pwm_reg_top.sv:1093:6: Cell pin connected by name with empty reference: 'ds'
 1093 |     .ds     (),
      |      ^~
%Warning-PINCONNECTEMPTY: rtl/pwm_reg_top.sv:1136:6: Cell pin connected by name with empty reference: 'ds'
 1136 |     .ds     (),
      |      ^~
%Warning-PINCONNECTEMPTY: rtl/pwm_reg_top.sv:1164:6: Cell pin connected by name with empty reference: 'ds'
 1164 |     .ds     (),
      |      ^~
%Warning-PINCONNECTEMPTY: rtl/pwm_reg_top.sv:1192:6: Cell pin connected by name with empty reference: 'ds'
 1192 |     .ds     (),
      |      ^~
%Warning-PINCONNECTEMPTY: rtl/pwm_reg_top.sv:1237:6: Cell pin connected by name with empty reference: 'ds'
 1237 |     .ds     (),
      |      ^~
%Warning-PINCONNECTEMPTY: rtl/pwm_reg_top.sv:1265:6: Cell pin connected by name with empty reference: 'ds'
 1265 |     .ds     (),
      |      ^~
%Warning-PINCONNECTEMPTY: rtl/pwm_reg_top.sv:1293:6: Cell pin connected by name with empty reference: 'ds'
 1293 |     .ds     (),
      |      ^~
%Warning-PINCONNECTEMPTY: rtl/pwm_reg_top.sv:1321:6: Cell pin connected by name with empty reference: 'ds'
 1321 |     .ds     (),
      |      ^~
%Warning-PINCONNECTEMPTY: rtl/pwm_reg_top.sv:1349:6: Cell pin connected by name with empty reference: 'ds'
 1349 |     .ds     (),
      |      ^~
%Warning-PINCONNECTEMPTY: rtl/pwm_reg_top.sv:1377:6: Cell pin connected by name with empty reference: 'ds'
 1377 |     .ds     (),
      |      ^~
%Warning-PINCONNECTEMPTY: rtl/pwm_reg_top.sv:1422:6: Cell pin connected by name with empty reference: 'ds'
 1422 |     .ds     (),
      |      ^~
%Warning-PINCONNECTEMPTY: rtl/pwm_reg_top.sv:1450:6: Cell pin connected by name with empty reference: 'ds'
 1450 |     .ds     (),
      |      ^~
%Warning-PINCONNECTEMPTY: rtl/pwm_reg_top.sv:1478:6: Cell pin connected by name with empty reference: 'ds'
 1478 |     .ds     (),
      |      ^~
%Warning-PINCONNECTEMPTY: rtl/pwm_reg_top.sv:1506:6: Cell pin connected by name with empty reference: 'ds'
 1506 |     .ds     (),
      |      ^~
%Warning-PINCONNECTEMPTY: rtl/pwm_reg_top.sv:1534:6: Cell pin connected by name with empty reference: 'ds'
 1534 |     .ds     (),
      |      ^~
%Warning-PINCONNECTEMPTY: rtl/pwm_reg_top.sv:1562:6: Cell pin connected by name with empty reference: 'ds'
 1562 |     .ds     (),
      |      ^~
%Warning-PINCONNECTEMPTY: rtl/pwm_reg_top.sv:1607:6: Cell pin connected by name with empty reference: 'ds'
 1607 |     .ds     (),
      |      ^~
%Warning-PINCONNECTEMPTY: rtl/pwm_reg_top.sv:1635:6: Cell pin connected by name with empty reference: 'ds'
 1635 |     .ds     (),
      |      ^~
%Warning-PINCONNECTEMPTY: rtl/pwm_reg_top.sv:1663:6: Cell pin connected by name with empty reference: 'ds'
 1663 |     .ds     (),
      |      ^~
%Warning-PINCONNECTEMPTY: rtl/pwm_reg_top.sv:1708:6: Cell pin connected by name with empty reference: 'ds'
 1708 |     .ds     (),
      |      ^~
%Warning-PINCONNECTEMPTY: rtl/pwm_reg_top.sv:1736:6: Cell pin connected by name with empty reference: 'ds'
 1736 |     .ds     (),
      |      ^~
%Warning-PINCONNECTEMPTY: rtl/pwm_reg_top.sv:1764:6: Cell pin connected by name with empty reference: 'ds'
 1764 |     .ds     (),
      |      ^~
%Warning-PINCONNECTEMPTY: rtl/pwm_reg_top.sv:1809:6: Cell pin connected by name with empty reference: 'ds'
 1809 |     .ds     (),
      |      ^~
%Warning-PINCONNECTEMPTY: rtl/pwm_reg_top.sv:1837:6: Cell pin connected by name with empty reference: 'ds'
 1837 |     .ds     (),
      |      ^~
%Warning-PINCONNECTEMPTY: rtl/pwm_reg_top.sv:1865:6: Cell pin connected by name with empty reference: 'ds'
 1865 |     .ds     (),
      |      ^~
%Warning-PINCONNECTEMPTY: rtl/pwm_reg_top.sv:1910:6: Cell pin connected by name with empty reference: 'ds'
 1910 |     .ds     (),
      |      ^~
%Warning-PINCONNECTEMPTY: rtl/pwm_reg_top.sv:1938:6: Cell pin connected by name with empty reference: 'ds'
 1938 |     .ds     (),
      |      ^~
%Warning-PINCONNECTEMPTY: rtl/pwm_reg_top.sv:1966:6: Cell pin connected by name with empty reference: 'ds'
 1966 |     .ds     (),
      |      ^~
%Warning-PINCONNECTEMPTY: rtl/pwm_reg_top.sv:2011:6: Cell pin connected by name with empty reference: 'ds'
 2011 |     .ds     (),
      |      ^~
%Warning-PINCONNECTEMPTY: rtl/pwm_reg_top.sv:2039:6: Cell pin connected by name with empty reference: 'ds'
 2039 |     .ds     (),
      |      ^~
%Warning-PINCONNECTEMPTY: rtl/pwm_reg_top.sv:2067:6: Cell pin connected by name with empty reference: 'ds'
 2067 |     .ds     (),
      |      ^~
%Warning-PINCONNECTEMPTY: rtl/pwm_reg_top.sv:2112:6: Cell pin connected by name with empty reference: 'ds'
 2112 |     .ds     (),
      |      ^~
%Warning-PINCONNECTEMPTY: rtl/pwm_reg_top.sv:2140:6: Cell pin connected by name with empty reference: 'ds'
 2140 |     .ds     (),
      |      ^~
%Warning-PINCONNECTEMPTY: rtl/pwm_reg_top.sv:2168:6: Cell pin connected by name with empty reference: 'ds'
 2168 |     .ds     (),
      |      ^~
%Warning-PINCONNECTEMPTY: rtl/pwm_reg_top.sv:2213:6: Cell pin connected by name with empty reference: 'ds'
 2213 |     .ds     (),
      |      ^~
%Warning-PINCONNECTEMPTY: rtl/pwm_reg_top.sv:2241:6: Cell pin connected by name with empty reference: 'ds'
 2241 |     .ds     (),
      |      ^~
%Warning-PINCONNECTEMPTY: rtl/pwm_reg_top.sv:2286:6: Cell pin connected by name with empty reference: 'ds'
 2286 |     .ds     (),
      |      ^~
%Warning-PINCONNECTEMPTY: rtl/pwm_reg_top.sv:2314:6: Cell pin connected by name with empty reference: 'ds'
 2314 |     .ds     (),
      |      ^~
%Warning-PINCONNECTEMPTY: rtl/pwm_reg_top.sv:2359:6: Cell pin connected by name with empty reference: 'ds'
 2359 |     .ds     (),
      |      ^~
%Warning-PINCONNECTEMPTY: rtl/pwm_reg_top.sv:2387:6: Cell pin connected by name with empty reference: 'ds'
 2387 |     .ds     (),
      |      ^~
%Warning-PINCONNECTEMPTY: rtl/pwm_reg_top.sv:2432:6: Cell pin connected by name with empty reference: 'ds'
 2432 |     .ds     (),
      |      ^~
%Warning-PINCONNECTEMPTY: rtl/pwm_reg_top.sv:2460:6: Cell pin connected by name with empty reference: 'ds'
 2460 |     .ds     (),
      |      ^~
%Warning-PINCONNECTEMPTY: rtl/pwm_reg_top.sv:2505:6: Cell pin connected by name with empty reference: 'ds'
 2505 |     .ds     (),
      |      ^~
%Warning-PINCONNECTEMPTY: rtl/pwm_reg_top.sv:2533:6: Cell pin connected by name with empty reference: 'ds'
 2533 |     .ds     (),
      |      ^~
%Warning-PINCONNECTEMPTY: rtl/pwm_reg_top.sv:2578:6: Cell pin connected by name with empty reference: 'ds'
 2578 |     .ds     (),
      |      ^~
%Warning-PINCONNECTEMPTY: rtl/pwm_reg_top.sv:2606:6: Cell pin connected by name with empty reference: 'ds'
 2606 |     .ds     (),
      |      ^~
%Warning-PINCONNECTEMPTY: rtl/pwm_reg_top.sv:2651:6: Cell pin connected by name with empty reference: 'ds'
 2651 |     .ds     (),
      |      ^~
%Warning-PINCONNECTEMPTY: rtl/pwm_reg_top.sv:2679:6: Cell pin connected by name with empty reference: 'ds'
 2679 |     .ds     (),
      |      ^~
%Warning-PINCONNECTEMPTY: rtl/pwm_reg_top.sv:2724:6: Cell pin connected by name with empty reference: 'ds'
 2724 |     .ds     (),
      |      ^~
%Warning-PINCONNECTEMPTY: rtl/pwm_reg_top.sv:2752:6: Cell pin connected by name with empty reference: 'ds'
 2752 |     .ds     (),
      |      ^~
%Warning-PINCONNECTEMPTY: rtl/pwm_reg_top.sv:2797:6: Cell pin connected by name with empty reference: 'ds'
 2797 |     .ds     (),
      |      ^~
%Warning-PINCONNECTEMPTY: rtl/pwm_reg_top.sv:2825:6: Cell pin connected by name with empty reference: 'ds'
 2825 |     .ds     (),
      |      ^~
%Warning-PINCONNECTEMPTY: rtl/pwm_reg_top.sv:2870:6: Cell pin connected by name with empty reference: 'ds'
 2870 |     .ds     (),
      |      ^~
%Warning-PINCONNECTEMPTY: rtl/pwm_reg_top.sv:2898:6: Cell pin connected by name with empty reference: 'ds'
 2898 |     .ds     (),
      |      ^~
%Warning-PINCONNECTEMPTY: rtl/pwm_reg_top.sv:2943:6: Cell pin connected by name with empty reference: 'ds'
 2943 |     .ds     (),
      |      ^~
%Warning-PINCONNECTEMPTY: rtl/pwm_reg_top.sv:2971:6: Cell pin connected by name with empty reference: 'ds'
 2971 |     .ds     (),
      |      ^~
%Warning-PINCONNECTEMPTY: rtl/pwm_reg_top.sv:3016:6: Cell pin connected by name with empty reference: 'ds'
 3016 |     .ds     (),
      |      ^~
%Warning-PINCONNECTEMPTY: rtl/pwm_reg_top.sv:3044:6: Cell pin connected by name with empty reference: 'ds'
 3044 |     .ds     (),
      |      ^~
%Warning-PINCONNECTEMPTY: rtl/spi_host_core.sv:128:6: Cell pin connected by name with empty reference: 'full_o'
  128 |     .full_o  (),
      |      ^~~~~~
%Warning-PINCONNECTEMPTY: rtl/spi_host_core.sv:132:6: Cell pin connected by name with empty reference: 'err_o'
  132 |     .err_o   ()
      |      ^~~~~
%Warning-PINCONNECTEMPTY: rtl/spi_host_core.sv:148:6: Cell pin connected by name with empty reference: 'full_o'
  148 |     .full_o  (),
      |      ^~~~~~
%Warning-PINCONNECTEMPTY: rtl/spi_host_core.sv:152:6: Cell pin connected by name with empty reference: 'err_o'
  152 |     .err_o   ()
      |      ^~~~~
%Warning-PINCONNECTEMPTY: rtl/spi_host_reg_top.sv:73:6: Cell pin connected by name with empty reference: 'intg_error_o'
   73 |     .intg_error_o(),
      |      ^~~~~~~~~~~~
%Warning-PINCONNECTEMPTY: rtl/spi_host_reg_top.sv:132:6: Cell pin connected by name with empty reference: 'qe'
  132 |     .qe     (),
      |      ^~
%Warning-PINCONNECTEMPTY: rtl/spi_host_reg_top.sv:134:6: Cell pin connected by name with empty reference: 'ds'
  134 |     .ds     (),
      |      ^~
%Warning-PINCONNECTEMPTY: rtl/spi_host_reg_top.sv:159:6: Cell pin connected by name with empty reference: 'qe'
  159 |     .qe     (),
      |      ^~
%Warning-PINCONNECTEMPTY: rtl/spi_host_reg_top.sv:161:6: Cell pin connected by name with empty reference: 'ds'
  161 |     .ds     (),
      |      ^~
%Warning-PINCONNECTEMPTY: rtl/spi_host_reg_top.sv:186:6: Cell pin connected by name with empty reference: 'qe'
  186 |     .qe     (),
      |      ^~
%Warning-PINCONNECTEMPTY: rtl/spi_host_reg_top.sv:188:6: Cell pin connected by name with empty reference: 'ds'
  188 |     .ds     (),
      |      ^~
%Warning-PINCONNECTEMPTY: rtl/spi_host_reg_top.sv:205:6: Cell pin connected by name with empty reference: 'qe'
  205 |     .qe     (),
      |      ^~
%Warning-PINCONNECTEMPTY: rtl/spi_host_reg_top.sv:207:6: Cell pin connected by name with empty reference: 'ds'
  207 |     .ds     (),
      |      ^~
%Warning-PINCONNECTEMPTY: rtl/spi_host_reg_top.sv:220:6: Cell pin connected by name with empty reference: 'qe'
  220 |     .qe     (),
      |      ^~
%Warning-PINCONNECTEMPTY: rtl/spi_host_reg_top.sv:222:6: Cell pin connected by name with empty reference: 'ds'
  222 |     .ds     (),
      |      ^~
%Warning-PINCONNECTEMPTY: rtl/spi_host_reg_top.sv:235:6: Cell pin connected by name with empty reference: 'qe'
  235 |     .qe     (),
      |      ^~
%Warning-PINCONNECTEMPTY: rtl/spi_host_reg_top.sv:237:6: Cell pin connected by name with empty reference: 'ds'
  237 |     .ds     (),
      |      ^~
%Warning-PINCONNECTEMPTY: rtl/spi_host_reg_top.sv:250:6: Cell pin connected by name with empty reference: 'qe'
  250 |     .qe     (),
      |      ^~
%Warning-PINCONNECTEMPTY: rtl/spi_host_reg_top.sv:252:6: Cell pin connected by name with empty reference: 'ds'
  252 |     .ds     (),
      |      ^~
%Warning-PINCONNECTEMPTY: rtl/spi_host_reg_top.sv:266:6: Cell pin connected by name with empty reference: 'qe'
  266 |     .qe     (),
      |      ^~
%Warning-PINCONNECTEMPTY: rtl/spi_host_reg_top.sv:268:6: Cell pin connected by name with empty reference: 'ds'
  268 |     .ds     (),
      |      ^~
%Warning-PINCONNECTEMPTY: rtl/spi_host_reg_top.sv:305:6: Cell pin connected by name with empty reference: 'ds'
  305 |     .ds     (),
      |      ^~
%Warning-PINCONNECTEMPTY: rtl/spi_host_reg_top.sv:308:6: Cell pin connected by name with empty reference: 'qs'
  308 |     .qs     ()
      |      ^~
%Warning-PINCONNECTEMPTY: rtl/uart_core.sv:190:6: Cell pin connected by name with empty reference: 'full_o'
  190 |     .full_o  (),
      |      ^~~~~~
%Warning-PINCONNECTEMPTY: rtl/uart_core.sv:194:6: Cell pin connected by name with empty reference: 'err_o'
  194 |     .err_o   ()
      |      ^~~~~
%Warning-PINCONNECTEMPTY: rtl/uart_core.sv:296:6: Cell pin connected by name with empty reference: 'full_o'
  296 |     .full_o  (),
      |      ^~~~~~
%Warning-PINCONNECTEMPTY: rtl/uart_core.sv:300:6: Cell pin connected by name with empty reference: 'err_o'
  300 |     .err_o   ()
      |      ^~~~~
%Warning-PINCONNECTEMPTY: rtl/uart_reg_top.sv:67:6: Cell pin connected by name with empty reference: 'intg_error_o'
   67 |     .intg_error_o(),
      |      ^~~~~~~~~~~~
%Warning-PINCONNECTEMPTY: rtl/uart_reg_top.sv:208:6: Cell pin connected by name with empty reference: 'qe'
  208 |     .qe     (),
      |      ^~
%Warning-PINCONNECTEMPTY: rtl/uart_reg_top.sv:210:6: Cell pin connected by name with empty reference: 'ds'
  210 |     .ds     (),
      |      ^~
%Warning-PINCONNECTEMPTY: rtl/uart_reg_top.sv:235:6: Cell pin connected by name with empty reference: 'qe'
  235 |     .qe     (),
      |      ^~
%Warning-PINCONNECTEMPTY: rtl/uart_reg_top.sv:237:6: Cell pin connected by name with empty reference: 'ds'
  237 |     .ds     (),
      |      ^~
%Warning-PINCONNECTEMPTY: rtl/uart_reg_top.sv:262:6: Cell pin connected by name with empty reference: 'qe'
  262 |     .qe     (),
      |      ^~
%Warning-PINCONNECTEMPTY: rtl/uart_reg_top.sv:264:6: Cell pin connected by name with empty reference: 'ds'
  264 |     .ds     (),
      |      ^~
%Warning-PINCONNECTEMPTY: rtl/uart_reg_top.sv:289:6: Cell pin connected by name with empty reference: 'qe'
  289 |     .qe     (),
      |      ^~
%Warning-PINCONNECTEMPTY: rtl/uart_reg_top.sv:291:6: Cell pin connected by name with empty reference: 'ds'
  291 |     .ds     (),
      |      ^~
%Warning-PINCONNECTEMPTY: rtl/uart_reg_top.sv:316:6: Cell pin connected by name with empty reference: 'qe'
  316 |     .qe     (),
      |      ^~
%Warning-PINCONNECTEMPTY: rtl/uart_reg_top.sv:318:6: Cell pin connected by name with empty reference: 'ds'
  318 |     .ds     (),
      |      ^~
%Warning-PINCONNECTEMPTY: rtl/uart_reg_top.sv:343:6: Cell pin connected by name with empty reference: 'qe'
  343 |     .qe     (),
      |      ^~
%Warning-PINCONNECTEMPTY: rtl/uart_reg_top.sv:345:6: Cell pin connected by name with empty reference: 'ds'
  345 |     .ds     (),
      |      ^~
%Warning-PINCONNECTEMPTY: rtl/uart_reg_top.sv:370:6: Cell pin connected by name with empty reference: 'qe'
  370 |     .qe     (),
      |      ^~
%Warning-PINCONNECTEMPTY: rtl/uart_reg_top.sv:372:6: Cell pin connected by name with empty reference: 'ds'
  372 |     .ds     (),
      |      ^~
%Warning-PINCONNECTEMPTY: rtl/uart_reg_top.sv:397:6: Cell pin connected by name with empty reference: 'qe'
  397 |     .qe     (),
      |      ^~
%Warning-PINCONNECTEMPTY: rtl/uart_reg_top.sv:399:6: Cell pin connected by name with empty reference: 'ds'
  399 |     .ds     (),
      |      ^~
%Warning-PINCONNECTEMPTY: rtl/uart_reg_top.sv:424:6: Cell pin connected by name with empty reference: 'qe'
  424 |     .qe     (),
      |      ^~
%Warning-PINCONNECTEMPTY: rtl/uart_reg_top.sv:426:6: Cell pin connected by name with empty reference: 'ds'
  426 |     .ds     (),
      |      ^~
%Warning-PINCONNECTEMPTY: rtl/uart_reg_top.sv:453:6: Cell pin connected by name with empty reference: 'qe'
  453 |     .qe     (),
      |      ^~
%Warning-PINCONNECTEMPTY: rtl/uart_reg_top.sv:455:6: Cell pin connected by name with empty reference: 'ds'
  455 |     .ds     (),
      |      ^~
%Warning-PINCONNECTEMPTY: rtl/uart_reg_top.sv:480:6: Cell pin connected by name with empty reference: 'qe'
  480 |     .qe     (),
      |      ^~
%Warning-PINCONNECTEMPTY: rtl/uart_reg_top.sv:482:6: Cell pin connected by name with empty reference: 'ds'
  482 |     .ds     (),
      |      ^~
%Warning-PINCONNECTEMPTY: rtl/uart_reg_top.sv:507:6: Cell pin connected by name with empty reference: 'qe'
  507 |     .qe     (),
      |      ^~
%Warning-PINCONNECTEMPTY: rtl/uart_reg_top.sv:509:6: Cell pin connected by name with empty reference: 'ds'
  509 |     .ds     (),
      |      ^~
%Warning-PINCONNECTEMPTY: rtl/uart_reg_top.sv:534:6: Cell pin connected by name with empty reference: 'qe'
  534 |     .qe     (),
      |      ^~
%Warning-PINCONNECTEMPTY: rtl/uart_reg_top.sv:536:6: Cell pin connected by name with empty reference: 'ds'
  536 |     .ds     (),
      |      ^~
%Warning-PINCONNECTEMPTY: rtl/uart_reg_top.sv:561:6: Cell pin connected by name with empty reference: 'qe'
  561 |     .qe     (),
      |      ^~
%Warning-PINCONNECTEMPTY: rtl/uart_reg_top.sv:563:6: Cell pin connected by name with empty reference: 'ds'
  563 |     .ds     (),
      |      ^~
%Warning-PINCONNECTEMPTY: rtl/uart_reg_top.sv:588:6: Cell pin connected by name with empty reference: 'qe'
  588 |     .qe     (),
      |      ^~
%Warning-PINCONNECTEMPTY: rtl/uart_reg_top.sv:590:6: Cell pin connected by name with empty reference: 'ds'
  590 |     .ds     (),
      |      ^~
%Warning-PINCONNECTEMPTY: rtl/uart_reg_top.sv:615:6: Cell pin connected by name with empty reference: 'qe'
  615 |     .qe     (),
      |      ^~
%Warning-PINCONNECTEMPTY: rtl/uart_reg_top.sv:617:6: Cell pin connected by name with empty reference: 'ds'
  617 |     .ds     (),
      |      ^~
%Warning-PINCONNECTEMPTY: rtl/uart_reg_top.sv:642:6: Cell pin connected by name with empty reference: 'qe'
  642 |     .qe     (),
      |      ^~
%Warning-PINCONNECTEMPTY: rtl/uart_reg_top.sv:644:6: Cell pin connected by name with empty reference: 'ds'
  644 |     .ds     (),
      |      ^~
%Warning-PINCONNECTEMPTY: rtl/uart_reg_top.sv:669:6: Cell pin connected by name with empty reference: 'qe'
  669 |     .qe     (),
      |      ^~
%Warning-PINCONNECTEMPTY: rtl/uart_reg_top.sv:671:6: Cell pin connected by name with empty reference: 'ds'
  671 |     .ds     (),
      |      ^~
%Warning-PINCONNECTEMPTY: rtl/uart_reg_top.sv:690:6: Cell pin connected by name with empty reference: 'qre'
  690 |     .qre    (),
      |      ^~~
%Warning-PINCONNECTEMPTY: rtl/uart_reg_top.sv:693:6: Cell pin connected by name with empty reference: 'ds'
  693 |     .ds     (),
      |      ^~
%Warning-PINCONNECTEMPTY: rtl/uart_reg_top.sv:694:6: Cell pin connected by name with empty reference: 'qs'
  694 |     .qs     ()
      |      ^~
%Warning-PINCONNECTEMPTY: rtl/uart_reg_top.sv:706:6: Cell pin connected by name with empty reference: 'qre'
  706 |     .qre    (),
      |      ^~~
%Warning-PINCONNECTEMPTY: rtl/uart_reg_top.sv:709:6: Cell pin connected by name with empty reference: 'ds'
  709 |     .ds     (),
      |      ^~
%Warning-PINCONNECTEMPTY: rtl/uart_reg_top.sv:710:6: Cell pin connected by name with empty reference: 'qs'
  710 |     .qs     ()
      |      ^~
%Warning-PINCONNECTEMPTY: rtl/uart_reg_top.sv:722:6: Cell pin connected by name with empty reference: 'qre'
  722 |     .qre    (),
      |      ^~~
%Warning-PINCONNECTEMPTY: rtl/uart_reg_top.sv:725:6: Cell pin connected by name with empty reference: 'ds'
  725 |     .ds     (),
      |      ^~
%Warning-PINCONNECTEMPTY: rtl/uart_reg_top.sv:726:6: Cell pin connected by name with empty reference: 'qs'
  726 |     .qs     ()
      |      ^~
%Warning-PINCONNECTEMPTY: rtl/uart_reg_top.sv:738:6: Cell pin connected by name with empty reference: 'qre'
  738 |     .qre    (),
      |      ^~~
%Warning-PINCONNECTEMPTY: rtl/uart_reg_top.sv:741:6: Cell pin connected by name with empty reference: 'ds'
  741 |     .ds     (),
      |      ^~
%Warning-PINCONNECTEMPTY: rtl/uart_reg_top.sv:742:6: Cell pin connected by name with empty reference: 'qs'
  742 |     .qs     ()
      |      ^~
%Warning-PINCONNECTEMPTY: rtl/uart_reg_top.sv:754:6: Cell pin connected by name with empty reference: 'qre'
  754 |     .qre    (),
      |      ^~~
%Warning-PINCONNECTEMPTY: rtl/uart_reg_top.sv:757:6: Cell pin connected by name with empty reference: 'ds'
  757 |     .ds     (),
      |      ^~
%Warning-PINCONNECTEMPTY: rtl/uart_reg_top.sv:758:6: Cell pin connected by name with empty reference: 'qs'
  758 |     .qs     ()
      |      ^~
%Warning-PINCONNECTEMPTY: rtl/uart_reg_top.sv:770:6: Cell pin connected by name with empty reference: 'qre'
  770 |     .qre    (),
      |      ^~~
%Warning-PINCONNECTEMPTY: rtl/uart_reg_top.sv:773:6: Cell pin connected by name with empty reference: 'ds'
  773 |     .ds     (),
      |      ^~
%Warning-PINCONNECTEMPTY: rtl/uart_reg_top.sv:774:6: Cell pin connected by name with empty reference: 'qs'
  774 |     .qs     ()
      |      ^~
%Warning-PINCONNECTEMPTY: rtl/uart_reg_top.sv:786:6: Cell pin connected by name with empty reference: 'qre'
  786 |     .qre    (),
      |      ^~~
%Warning-PINCONNECTEMPTY: rtl/uart_reg_top.sv:789:6: Cell pin connected by name with empty reference: 'ds'
  789 |     .ds     (),
      |      ^~
%Warning-PINCONNECTEMPTY: rtl/uart_reg_top.sv:790:6: Cell pin connected by name with empty reference: 'qs'
  790 |     .qs     ()
      |      ^~
%Warning-PINCONNECTEMPTY: rtl/uart_reg_top.sv:802:6: Cell pin connected by name with empty reference: 'qre'
  802 |     .qre    (),
      |      ^~~
%Warning-PINCONNECTEMPTY: rtl/uart_reg_top.sv:805:6: Cell pin connected by name with empty reference: 'ds'
  805 |     .ds     (),
      |      ^~
%Warning-PINCONNECTEMPTY: rtl/uart_reg_top.sv:806:6: Cell pin connected by name with empty reference: 'qs'
  806 |     .qs     ()
      |      ^~
%Warning-PINCONNECTEMPTY: rtl/uart_reg_top.sv:818:6: Cell pin connected by name with empty reference: 'qre'
  818 |     .qre    (),
      |      ^~~
%Warning-PINCONNECTEMPTY: rtl/uart_reg_top.sv:821:6: Cell pin connected by name with empty reference: 'ds'
  821 |     .ds     (),
      |      ^~
%Warning-PINCONNECTEMPTY: rtl/uart_reg_top.sv:822:6: Cell pin connected by name with empty reference: 'qs'
  822 |     .qs     ()
      |      ^~
%Warning-PINCONNECTEMPTY: rtl/uart_reg_top.sv:838:6: Cell pin connected by name with empty reference: 'qre'
  838 |     .qre    (),
      |      ^~~
%Warning-PINCONNECTEMPTY: rtl/uart_reg_top.sv:841:6: Cell pin connected by name with empty reference: 'ds'
  841 |     .ds     (),
      |      ^~
%Warning-PINCONNECTEMPTY: rtl/uart_reg_top.sv:842:6: Cell pin connected by name with empty reference: 'qs'
  842 |     .qs     ()
      |      ^~
%Warning-PINCONNECTEMPTY: rtl/uart_reg_top.sv:867:6: Cell pin connected by name with empty reference: 'qe'
  867 |     .qe     (),
      |      ^~
%Warning-PINCONNECTEMPTY: rtl/uart_reg_top.sv:869:6: Cell pin connected by name with empty reference: 'ds'
  869 |     .ds     (),
      |      ^~
%Warning-PINCONNECTEMPTY: rtl/uart_reg_top.sv:894:6: Cell pin connected by name with empty reference: 'qe'
  894 |     .qe     (),
      |      ^~
%Warning-PINCONNECTEMPTY: rtl/uart_reg_top.sv:896:6: Cell pin connected by name with empty reference: 'ds'
  896 |     .ds     (),
      |      ^~
%Warning-PINCONNECTEMPTY: rtl/uart_reg_top.sv:921:6: Cell pin connected by name with empty reference: 'qe'
  921 |     .qe     (),
      |      ^~
%Warning-PINCONNECTEMPTY: rtl/uart_reg_top.sv:923:6: Cell pin connected by name with empty reference: 'ds'
  923 |     .ds     (),
      |      ^~
%Warning-PINCONNECTEMPTY: rtl/uart_reg_top.sv:948:6: Cell pin connected by name with empty reference: 'qe'
  948 |     .qe     (),
      |      ^~
%Warning-PINCONNECTEMPTY: rtl/uart_reg_top.sv:950:6: Cell pin connected by name with empty reference: 'ds'
  950 |     .ds     (),
      |      ^~
%Warning-PINCONNECTEMPTY: rtl/uart_reg_top.sv:975:6: Cell pin connected by name with empty reference: 'qe'
  975 |     .qe     (),
      |      ^~
%Warning-PINCONNECTEMPTY: rtl/uart_reg_top.sv:977:6: Cell pin connected by name with empty reference: 'ds'
  977 |     .ds     (),
      |      ^~
%Warning-PINCONNECTEMPTY: rtl/uart_reg_top.sv:1002:6: Cell pin connected by name with empty reference: 'qe'
 1002 |     .qe     (),
      |      ^~
%Warning-PINCONNECTEMPTY: rtl/uart_reg_top.sv:1004:6: Cell pin connected by name with empty reference: 'ds'
 1004 |     .ds     (),
      |      ^~
%Warning-PINCONNECTEMPTY: rtl/uart_reg_top.sv:1029:6: Cell pin connected by name with empty reference: 'qe'
 1029 |     .qe     (),
      |      ^~
%Warning-PINCONNECTEMPTY: rtl/uart_reg_top.sv:1031:6: Cell pin connected by name with empty reference: 'ds'
 1031 |     .ds     (),
      |      ^~
%Warning-PINCONNECTEMPTY: rtl/uart_reg_top.sv:1056:6: Cell pin connected by name with empty reference: 'qe'
 1056 |     .qe     (),
      |      ^~
%Warning-PINCONNECTEMPTY: rtl/uart_reg_top.sv:1058:6: Cell pin connected by name with empty reference: 'ds'
 1058 |     .ds     (),
      |      ^~
%Warning-PINCONNECTEMPTY: rtl/uart_reg_top.sv:1083:6: Cell pin connected by name with empty reference: 'qe'
 1083 |     .qe     (),
      |      ^~
%Warning-PINCONNECTEMPTY: rtl/uart_reg_top.sv:1085:6: Cell pin connected by name with empty reference: 'ds'
 1085 |     .ds     (),
      |      ^~
%Warning-PINCONNECTEMPTY: rtl/uart_reg_top.sv:1102:6: Cell pin connected by name with empty reference: 'qe'
 1102 |     .qe     (),
      |      ^~
%Warning-PINCONNECTEMPTY: rtl/uart_reg_top.sv:1104:6: Cell pin connected by name with empty reference: 'ds'
 1104 |     .ds     (),
      |      ^~
%Warning-PINCONNECTEMPTY: rtl/uart_reg_top.sv:1117:6: Cell pin connected by name with empty reference: 'qe'
 1117 |     .qe     (),
      |      ^~
%Warning-PINCONNECTEMPTY: rtl/uart_reg_top.sv:1119:6: Cell pin connected by name with empty reference: 'ds'
 1119 |     .ds     (),
      |      ^~
%Warning-PINCONNECTEMPTY: rtl/uart_reg_top.sv:1132:6: Cell pin connected by name with empty reference: 'qe'
 1132 |     .qe     (),
      |      ^~
%Warning-PINCONNECTEMPTY: rtl/uart_reg_top.sv:1134:6: Cell pin connected by name with empty reference: 'ds'
 1134 |     .ds     (),
      |      ^~
%Warning-PINCONNECTEMPTY: rtl/uart_reg_top.sv:1147:6: Cell pin connected by name with empty reference: 'qe'
 1147 |     .qe     (),
      |      ^~
%Warning-PINCONNECTEMPTY: rtl/uart_reg_top.sv:1149:6: Cell pin connected by name with empty reference: 'ds'
 1149 |     .ds     (),
      |      ^~
%Warning-PINCONNECTEMPTY: rtl/uart_reg_top.sv:1162:6: Cell pin connected by name with empty reference: 'qe'
 1162 |     .qe     (),
      |      ^~
%Warning-PINCONNECTEMPTY: rtl/uart_reg_top.sv:1164:6: Cell pin connected by name with empty reference: 'ds'
 1164 |     .ds     (),
      |      ^~
%Warning-PINCONNECTEMPTY: rtl/uart_reg_top.sv:1177:6: Cell pin connected by name with empty reference: 'qe'
 1177 |     .qe     (),
      |      ^~
%Warning-PINCONNECTEMPTY: rtl/uart_reg_top.sv:1179:6: Cell pin connected by name with empty reference: 'ds'
 1179 |     .ds     (),
      |      ^~
%Warning-PINCONNECTEMPTY: rtl/uart_reg_top.sv:1193:6: Cell pin connected by name with empty reference: 'qe'
 1193 |     .qe     (),
      |      ^~
%Warning-PINCONNECTEMPTY: rtl/uart_reg_top.sv:1195:6: Cell pin connected by name with empty reference: 'ds'
 1195 |     .ds     (),
      |      ^~
%Warning-PINCONNECTEMPTY: rtl/uart_reg_top.sv:1232:6: Cell pin connected by name with empty reference: 'ds'
 1232 |     .ds     (),
      |      ^~
%Warning-PINCONNECTEMPTY: rtl/uart_reg_top.sv:1235:6: Cell pin connected by name with empty reference: 'qs'
 1235 |     .qs     ()
      |      ^~
%Warning-PINCONNECTEMPTY: rtl/uart_reg_top.sv:1273:6: Cell pin connected by name with empty reference: 'ds'
 1273 |     .ds     (),
      |      ^~
%Warning-PINCONNECTEMPTY: rtl/uart_reg_top.sv:1276:6: Cell pin connected by name with empty reference: 'qs'
 1276 |     .qs     ()
      |      ^~
%Warning-PINCONNECTEMPTY: rtl/uart_reg_top.sv:1301:6: Cell pin connected by name with empty reference: 'ds'
 1301 |     .ds     (),
      |      ^~
%Warning-PINCONNECTEMPTY: rtl/uart_reg_top.sv:1304:6: Cell pin connected by name with empty reference: 'qs'
 1304 |     .qs     ()
      |      ^~
%Warning-PINCONNECTEMPTY: rtl/uart_reg_top.sv:1329:6: Cell pin connected by name with empty reference: 'ds'
 1329 |     .ds     (),
      |      ^~
%Warning-PINCONNECTEMPTY: rtl/uart_reg_top.sv:1357:6: Cell pin connected by name with empty reference: 'ds'
 1357 |     .ds     (),
      |      ^~
%Warning-PINCONNECTEMPTY: rtl/uart_reg_top.sv:1374:6: Cell pin connected by name with empty reference: 'qre'
 1374 |     .qre    (),
      |      ^~~
%Warning-PINCONNECTEMPTY: rtl/uart_reg_top.sv:1375:6: Cell pin connected by name with empty reference: 'qe'
 1375 |     .qe     (),
      |      ^~
%Warning-PINCONNECTEMPTY: rtl/uart_reg_top.sv:1376:6: Cell pin connected by name with empty reference: 'q'
 1376 |     .q      (),
      |      ^
%Warning-PINCONNECTEMPTY: rtl/uart_reg_top.sv:1377:6: Cell pin connected by name with empty reference: 'ds'
 1377 |     .ds     (),
      |      ^~
%Warning-PINCONNECTEMPTY: rtl/uart_reg_top.sv:1389:6: Cell pin connected by name with empty reference: 'qre'
 1389 |     .qre    (),
      |      ^~~
%Warning-PINCONNECTEMPTY: rtl/uart_reg_top.sv:1390:6: Cell pin connected by name with empty reference: 'qe'
 1390 |     .qe     (),
      |      ^~
%Warning-PINCONNECTEMPTY: rtl/uart_reg_top.sv:1391:6: Cell pin connected by name with empty reference: 'q'
 1391 |     .q      (),
      |      ^
%Warning-PINCONNECTEMPTY: rtl/uart_reg_top.sv:1392:6: Cell pin connected by name with empty reference: 'ds'
 1392 |     .ds     (),
      |      ^~
%Warning-PINCONNECTEMPTY: rtl/uart_reg_top.sv:1417:6: Cell pin connected by name with empty reference: 'qe'
 1417 |     .qe     (),
      |      ^~
%Warning-PINCONNECTEMPTY: rtl/uart_reg_top.sv:1419:6: Cell pin connected by name with empty reference: 'ds'
 1419 |     .ds     (),
      |      ^~
%Warning-PINCONNECTEMPTY: rtl/uart_reg_top.sv:1444:6: Cell pin connected by name with empty reference: 'qe'
 1444 |     .qe     (),
      |      ^~
%Warning-PINCONNECTEMPTY: rtl/uart_reg_top.sv:1446:6: Cell pin connected by name with empty reference: 'ds'
 1446 |     .ds     (),
      |      ^~
%Warning-PINCONNECTEMPTY: rtl/uart_reg_top.sv:1461:6: Cell pin connected by name with empty reference: 'qre'
 1461 |     .qre    (),
      |      ^~~
%Warning-PINCONNECTEMPTY: rtl/uart_reg_top.sv:1462:6: Cell pin connected by name with empty reference: 'qe'
 1462 |     .qe     (),
      |      ^~
%Warning-PINCONNECTEMPTY: rtl/uart_reg_top.sv:1463:6: Cell pin connected by name with empty reference: 'q'
 1463 |     .q      (),
      |      ^
%Warning-PINCONNECTEMPTY: rtl/uart_reg_top.sv:1464:6: Cell pin connected by name with empty reference: 'ds'
 1464 |     .ds     (),
      |      ^~
%Warning-PINCONNECTEMPTY: rtl/uart_reg_top.sv:1489:6: Cell pin connected by name with empty reference: 'qe'
 1489 |     .qe     (),
      |      ^~
%Warning-PINCONNECTEMPTY: rtl/uart_reg_top.sv:1491:6: Cell pin connected by name with empty reference: 'ds'
 1491 |     .ds     (),
      |      ^~
%Warning-PINCONNECTEMPTY: rtl/uart_reg_top.sv:1516:6: Cell pin connected by name with empty reference: 'qe'
 1516 |     .qe     (),
      |      ^~
%Warning-PINCONNECTEMPTY: rtl/uart_reg_top.sv:1518:6: Cell pin connected by name with empty reference: 'ds'
 1518 |     .ds     (),
      |      ^~
%Warning-PINCONNECTEMPTY: rtl/soc.sv:83:6: Cell pin connected by name with empty reference: 'intg_err_o'
   83 |     .intg_err_o(),
      |      ^~~~~~~~~~
%Warning-PINCONNECTEMPTY: rtl/soc.sv:87:6: Cell pin connected by name with empty reference: 'intr_tx_watermark_o'
   87 |     .intr_tx_watermark_o(),
      |      ^~~~~~~~~~~~~~~~~~~
%Warning-PINCONNECTEMPTY: rtl/soc.sv:88:6: Cell pin connected by name with empty reference: 'intr_tx_empty_o'
   88 |     .intr_tx_empty_o(),
      |      ^~~~~~~~~~~~~~~
%Warning-PINCONNECTEMPTY: rtl/soc.sv:89:6: Cell pin connected by name with empty reference: 'intr_rx_watermark_o'
   89 |     .intr_rx_watermark_o(),
      |      ^~~~~~~~~~~~~~~~~~~
%Warning-PINCONNECTEMPTY: rtl/soc.sv:90:6: Cell pin connected by name with empty reference: 'intr_tx_done_o'
   90 |     .intr_tx_done_o(),
      |      ^~~~~~~~~~~~~~
%Warning-PINCONNECTEMPTY: rtl/soc.sv:91:6: Cell pin connected by name with empty reference: 'intr_rx_overflow_o'
   91 |     .intr_rx_overflow_o(),
      |      ^~~~~~~~~~~~~~~~~~
%Warning-PINCONNECTEMPTY: rtl/soc.sv:92:6: Cell pin connected by name with empty reference: 'intr_rx_frame_err_o'
   92 |     .intr_rx_frame_err_o(),
      |      ^~~~~~~~~~~~~~~~~~~
%Warning-PINCONNECTEMPTY: rtl/soc.sv:93:6: Cell pin connected by name with empty reference: 'intr_rx_break_err_o'
   93 |     .intr_rx_break_err_o(),
      |      ^~~~~~~~~~~~~~~~~~~
%Warning-PINCONNECTEMPTY: rtl/soc.sv:94:6: Cell pin connected by name with empty reference: 'intr_rx_timeout_o'
   94 |     .intr_rx_timeout_o(),
      |      ^~~~~~~~~~~~~~~~~
%Warning-PINCONNECTEMPTY: rtl/soc.sv:95:6: Cell pin connected by name with empty reference: 'intr_rx_parity_err_o'
   95 |     .intr_rx_parity_err_o()
      |      ^~~~~~~~~~~~~~~~~~~~
%Warning-PINCONNECTEMPTY: rtl/soc.sv:112:6: Cell pin connected by name with empty reference: 'rdata_intg_o'
  112 |     .rdata_intg_o (),
      |      ^~~~~~~~~~~~
%Warning-PINCONNECTEMPTY: rtl/soc.sv:114:6: Cell pin connected by name with empty reference: 'intg_err_o'
  114 |     .intg_err_o   (),
      |      ^~~~~~~~~~
%Warning-GENUNNAMED: ips/prim/prim_gray2bin.sv:7:5: Unnamed generate block 'genblk1' (IEEE 1800-2023 27.6)
                                                  : ... Suggest assign a label with 'begin : gen_<label_name>'
    7 |     for (genvar i = 0; i < N; i++)
      |     ^~~
                     ... For warning description see https://verilator.org/warn/GENUNNAMED?v=5.036
                     ... Use "/* verilator lint_off GENUNNAMED */" and lint_on around source to disable this message.
%Warning-GENUNNAMED: ips/prim/prim_rrarbiter.sv:77:12: Unnamed generate block 'genblk1' (IEEE 1800-2023 27.6)
                                                     : ... Suggest assign a label with 'begin : gen_<label_name>'
   77 |   end else begin
      |            ^~~~~
%Warning-GENUNNAMED: ips/prim/prim_rrarbiter.sv:90:12: Unnamed generate block 'genblk2' (IEEE 1800-2023 27.6)
                                                     : ... Suggest assign a label with 'begin : gen_<label_name>'
   90 |   end else begin
      |            ^~~~~
%Warning-GENUNNAMED: ips/prim/prim_lzc.sv:54:30: Unnamed generate block 'genblk1' (IEEE 1800-2023 27.6)
                                               : ... Suggest assign a label with 'begin : gen_<label_name>'
   54 |         if (k * 2 < WIDTH-1) begin
      |                              ^~~~~
%Warning-GENUNNAMED: ips/prim/prim_lzc.sv:60:31: Unnamed generate block 'genblk2' (IEEE 1800-2023 27.6)
                                               : ... Suggest assign a label with 'begin : gen_<label_name>'
   60 |         if (k * 2 == WIDTH-1) begin
      |                               ^~~~~
%Warning-GENUNNAMED: ips/prim/prim_lzc.sv:65:30: Unnamed generate block 'genblk3' (IEEE 1800-2023 27.6)
                                               : ... Suggest assign a label with 'begin : gen_<label_name>'
   65 |         if (k * 2 > WIDTH-1) begin
      |                              ^~~~~
%Warning-GENUNNAMED: ips/prim/prim_lzc.sv:70:14: Unnamed generate block 'genblk1' (IEEE 1800-2023 27.6)
                                               : ... Suggest assign a label with 'begin : gen_<label_name>'
   70 |     end else begin
      |              ^~~~~
%Warning-VARHIDDEN: rtl/spi_host_reg_top.sv:26:18: Declaration of signal hides declaration in upper scope: 'AW'
   26 |   localparam int AW = 4;
      |                  ^~
                    rtl/spi_host_reg_pkg.sv:11:17: ... Location of original declaration
   11 |   parameter int AW = BlockAw;
      |                 ^~
                    ... For warning description see https://verilator.org/warn/VARHIDDEN?v=5.036
                    ... Use "/* verilator lint_off VARHIDDEN */" and lint_on around source to disable this message.
%Warning-VARHIDDEN: rtl/spi_host_reg_top.sv:27:18: Declaration of signal hides declaration in upper scope: 'DW'
   27 |   localparam int DW = 32;
      |                  ^~
                    rtl/spi_host_reg_pkg.sv:12:17: ... Location of original declaration
   12 |   parameter int DW = 32;
      |                 ^~
%Warning-VARHIDDEN: rtl/spi_host_reg_top.sv:28:18: Declaration of signal hides declaration in upper scope: 'DBW'
   28 |   localparam int DBW = DW/8;                     
      |                  ^~~
                    rtl/spi_host_reg_pkg.sv:13:17: ... Location of original declaration
   13 |   parameter int DBW = DW/8;                     
      |                 ^~~
%Warning-WIDTHTRUNC: ips/tlul/tlul_socket_1n.sv:52:27: Operator VAR 'DReqDepth' expects 12 bits on the Initial value, but Initial value's CONST '16'h0' generates 16 bits.
                                                     : ... note: In instance 'soc.xbar.u_s1n_5'
   52 |   parameter bit [N*4-1:0] DReqDepth    = {N{4'h1}},
      |                           ^~~~~~~~~
                     ... For warning description see https://verilator.org/warn/WIDTHTRUNC?v=5.036
                     ... Use "/* verilator lint_off WIDTHTRUNC */" and lint_on around source to disable this message.
%Warning-WIDTHTRUNC: ips/tlul/tlul_socket_1n.sv:53:27: Operator VAR 'DRspDepth' expects 12 bits on the Initial value, but Initial value's CONST '16'h0' generates 16 bits.
                                                     : ... note: In instance 'soc.xbar.u_s1n_5'
   53 |   parameter bit [N*4-1:0] DRspDepth    = {N{4'h1}},
      |                           ^~~~~~~~~
%Warning-WIDTHEXPAND: ips/tlul/tlul_fifo_sync.sv:12:26: Operator VAR 'ReqDepth' expects 32 bits on the Initial value, but Initial value's CONST '4'h0' generates 4 bits.
                                                      : ... note: In instance 'soc.xbar.u_s1n_5.fifo_h'
   12 |   parameter int unsigned ReqDepth = 2,
      |                          ^~~~~~~~
                      ... For warning description see https://verilator.org/warn/WIDTHEXPAND?v=5.036
                      ... Use "/* verilator lint_off WIDTHEXPAND */" and lint_on around source to disable this message.
%Warning-WIDTHEXPAND: ips/tlul/tlul_fifo_sync.sv:13:26: Operator VAR 'RspDepth' expects 32 bits on the Initial value, but Initial value's CONST '4'h0' generates 4 bits.
                                                      : ... note: In instance 'soc.xbar.u_s1n_5.fifo_h'
   13 |   parameter int unsigned RspDepth = 2,
      |                          ^~~~~~~~
%Warning-WIDTHEXPAND: rtl/uart_core.sv:320:26: Operator GTE expects 32 bits on the LHS, but LHS's VARREF 'uart_fifo_txilvl' generates 3 bits.
                                             : ... note: In instance 'soc.u_uart.u_uart_core'
  320 |     if (uart_fifo_txilvl >= (TxFifoDepthW-2)) begin
      |                          ^~
%Warning-WIDTHEXPAND: rtl/uart_core.sv:343:35: Operator EQ expects 32 bits on the LHS, but LHS's VARREF 'uart_fifo_rxilvl' generates 3 bits.
                                             : ... note: In instance 'soc.u_uart.u_uart_core'
  343 |     end else if (uart_fifo_rxilvl == (RxFifoDepthW-1)) begin
      |                                   ^~
%Warning-WIDTHEXPAND: rtl/uart_core.sv:341:26: Operator GT expects 32 bits on the LHS, but LHS's VARREF 'uart_fifo_rxilvl' generates 3 bits.
                                             : ... note: In instance 'soc.u_uart.u_uart_core'
  341 |     if (uart_fifo_rxilvl > (RxFifoDepthW-1)) begin
      |                          ^
%Warning-WIDTHTRUNC: rtl/xbar_main.sv:68:19: Operator ASSIGN expects 2 bits on the Assign RHS, but Assign RHS's CONST '3'h3' generates 3 bits.
                                           : ... note: In instance 'soc.xbar'
   68 |     dev_sel_s1n_5 = 3'd3;
      |                   ^
%Warning-WIDTHTRUNC: rtl/xbar_main.sv:71:21: Operator ASSIGN expects 2 bits on the Assign RHS, but Assign RHS's CONST '3'h0' generates 3 bits.
                                           : ... note: In instance 'soc.xbar'
   71 |       dev_sel_s1n_5 = 3'd0;
      |                     ^
%Warning-WIDTHTRUNC: rtl/xbar_main.sv:75:21: Operator ASSIGN expects 2 bits on the Assign RHS, but Assign RHS's CONST '3'h1' generates 3 bits.
                                           : ... note: In instance 'soc.xbar'
   75 |       dev_sel_s1n_5 = 3'd1;
      |                     ^
%Warning-WIDTHTRUNC: rtl/xbar_main.sv:79:21: Operator ASSIGN expects 2 bits on the Assign RHS, but Assign RHS's CONST '3'h2' generates 3 bits.
                                           : ... note: In instance 'soc.xbar'
   79 |       dev_sel_s1n_5 = 3'd2;
      |                     ^
%Warning-UNUSEDPARAM: rtl/soc.sv:2:3: Parameter is not used: 'SramInitFile'
                                    : ... note: In instance 'soc'
    2 |   SramInitFile = ""
      |   ^~~~~~~~~~~~
                      ... For warning description see https://verilator.org/warn/UNUSEDPARAM?v=5.036
                      ... Use "/* verilator lint_off UNUSEDPARAM */" and lint_on around source to disable this message.
%Warning-UNUSEDPARAM: ips/pkgs/top_pkg.sv:13:16: Parameter is not used: 'TL_AUW'
                                               : ... note: In instance 'soc'
   13 | localparam int TL_AUW=21;    
      |                ^~~~~~
%Warning-UNUSEDPARAM: ips/pkgs/top_pkg.sv:14:16: Parameter is not used: 'TL_DUW'
                                               : ... note: In instance 'soc'
   14 | localparam int TL_DUW=14;    
      |                ^~~~~~
%Warning-UNUSEDPARAM: ips/pkgs/top_pkg.sv:21:16: Parameter is not used: 'SecVolatileRawUnlockEn'
                                               : ... note: In instance 'soc'
   21 | localparam int SecVolatileRawUnlockEn = 0;
      |                ^~~~~~~~~~~~~~~~~~~~~~
%Warning-UNUSEDPARAM: ips/pkgs/prim_secded_pkg.sv:81:25: Parameter is not used: 'Secded2216ZeroEcc'
                                                       : ... note: In instance 'soc'
   81 |   parameter logic [5:0] Secded2216ZeroEcc = 6'h0;
      |                         ^~~~~~~~~~~~~~~~~
%Warning-UNUSEDPARAM: ips/pkgs/prim_secded_pkg.sv:82:26: Parameter is not used: 'Secded2216ZeroWord'
                                                       : ... note: In instance 'soc'
   82 |   parameter logic [21:0] Secded2216ZeroWord = 22'h0;
      |                          ^~~~~~~~~~~~~~~~~~
%Warning-UNUSEDPARAM: ips/pkgs/prim_secded_pkg.sv:90:25: Parameter is not used: 'Secded2822ZeroEcc'
                                                       : ... note: In instance 'soc'
   90 |   parameter logic [5:0] Secded2822ZeroEcc = 6'h0;
      |                         ^~~~~~~~~~~~~~~~~
%Warning-UNUSEDPARAM: ips/pkgs/prim_secded_pkg.sv:91:26: Parameter is not used: 'Secded2822ZeroWord'
                                                       : ... note: In instance 'soc'
   91 |   parameter logic [27:0] Secded2822ZeroWord = 28'h0;
      |                          ^~~~~~~~~~~~~~~~~~
%Warning-UNUSEDPARAM: ips/pkgs/prim_secded_pkg.sv:99:25: Parameter is not used: 'Secded3932ZeroEcc'
                                                       : ... note: In instance 'soc'
   99 |   parameter logic [6:0] Secded3932ZeroEcc = 7'h0;
      |                         ^~~~~~~~~~~~~~~~~
%Warning-UNUSEDPARAM: ips/pkgs/prim_secded_pkg.sv:100:26: Parameter is not used: 'Secded3932ZeroWord'
                                                        : ... note: In instance 'soc'
  100 |   parameter logic [38:0] Secded3932ZeroWord = 39'h0;
      |                          ^~~~~~~~~~~~~~~~~~
%Warning-UNUSEDPARAM: ips/pkgs/prim_secded_pkg.sv:108:25: Parameter is not used: 'Secded6457ZeroEcc'
                                                        : ... note: In instance 'soc'
  108 |   parameter logic [6:0] Secded6457ZeroEcc = 7'h0;
      |                         ^~~~~~~~~~~~~~~~~
%Warning-UNUSEDPARAM: ips/pkgs/prim_secded_pkg.sv:109:26: Parameter is not used: 'Secded6457ZeroWord'
                                                        : ... note: In instance 'soc'
  109 |   parameter logic [63:0] Secded6457ZeroWord = 64'h0;
      |                          ^~~~~~~~~~~~~~~~~~
%Warning-UNUSEDPARAM: ips/pkgs/prim_secded_pkg.sv:117:25: Parameter is not used: 'Secded7264ZeroEcc'
                                                        : ... note: In instance 'soc'
  117 |   parameter logic [7:0] Secded7264ZeroEcc = 8'h0;
      |                         ^~~~~~~~~~~~~~~~~
%Warning-UNUSEDPARAM: ips/pkgs/prim_secded_pkg.sv:118:26: Parameter is not used: 'Secded7264ZeroWord'
                                                        : ... note: In instance 'soc'
  118 |   parameter logic [71:0] Secded7264ZeroWord = 72'h0;
      |                          ^~~~~~~~~~~~~~~~~~
%Warning-UNUSEDPARAM: ips/pkgs/prim_secded_pkg.sv:126:25: Parameter is not used: 'SecdedHamming2216ZeroEcc'
                                                        : ... note: In instance 'soc'
  126 |   parameter logic [5:0] SecdedHamming2216ZeroEcc = 6'h0;
      |                         ^~~~~~~~~~~~~~~~~~~~~~~~
%Warning-UNUSEDPARAM: ips/pkgs/prim_secded_pkg.sv:127:26: Parameter is not used: 'SecdedHamming2216ZeroWord'
                                                        : ... note: In instance 'soc'
  127 |   parameter logic [21:0] SecdedHamming2216ZeroWord = 22'h0;
      |                          ^~~~~~~~~~~~~~~~~~~~~~~~~
%Warning-UNUSEDPARAM: ips/pkgs/prim_secded_pkg.sv:135:25: Parameter is not used: 'SecdedHamming3932ZeroEcc'
                                                        : ... note: In instance 'soc'
  135 |   parameter logic [6:0] SecdedHamming3932ZeroEcc = 7'h0;
      |                         ^~~~~~~~~~~~~~~~~~~~~~~~
%Warning-UNUSEDPARAM: ips/pkgs/prim_secded_pkg.sv:136:26: Parameter is not used: 'SecdedHamming3932ZeroWord'
                                                        : ... note: In instance 'soc'
  136 |   parameter logic [38:0] SecdedHamming3932ZeroWord = 39'h0;
      |                          ^~~~~~~~~~~~~~~~~~~~~~~~~
%Warning-UNUSEDPARAM: ips/pkgs/prim_secded_pkg.sv:144:25: Parameter is not used: 'SecdedHamming7264ZeroEcc'
                                                        : ... note: In instance 'soc'
  144 |   parameter logic [7:0] SecdedHamming7264ZeroEcc = 8'h0;
      |                         ^~~~~~~~~~~~~~~~~~~~~~~~
%Warning-UNUSEDPARAM: ips/pkgs/prim_secded_pkg.sv:145:26: Parameter is not used: 'SecdedHamming7264ZeroWord'
                                                        : ... note: In instance 'soc'
  145 |   parameter logic [71:0] SecdedHamming7264ZeroWord = 72'h0;
      |                          ^~~~~~~~~~~~~~~~~~~~~~~~~
%Warning-UNUSEDPARAM: ips/pkgs/prim_secded_pkg.sv:153:25: Parameter is not used: 'SecdedHamming7668ZeroEcc'
                                                        : ... note: In instance 'soc'
  153 |   parameter logic [7:0] SecdedHamming7668ZeroEcc = 8'h0;
      |                         ^~~~~~~~~~~~~~~~~~~~~~~~
%Warning-UNUSEDPARAM: ips/pkgs/prim_secded_pkg.sv:154:26: Parameter is not used: 'SecdedHamming7668ZeroWord'
                                                        : ... note: In instance 'soc'
  154 |   parameter logic [75:0] SecdedHamming7668ZeroWord = 76'h0;
      |                          ^~~~~~~~~~~~~~~~~~~~~~~~~
%Warning-UNUSEDPARAM: ips/pkgs/prim_secded_pkg.sv:162:25: Parameter is not used: 'SecdedInv2216ZeroEcc'
                                                        : ... note: In instance 'soc'
  162 |   parameter logic [5:0] SecdedInv2216ZeroEcc = 6'h2A;
      |                         ^~~~~~~~~~~~~~~~~~~~
%Warning-UNUSEDPARAM: ips/pkgs/prim_secded_pkg.sv:163:26: Parameter is not used: 'SecdedInv2216ZeroWord'
                                                        : ... note: In instance 'soc'
  163 |   parameter logic [21:0] SecdedInv2216ZeroWord = 22'h2A0000;
      |                          ^~~~~~~~~~~~~~~~~~~~~
%Warning-UNUSEDPARAM: ips/pkgs/prim_secded_pkg.sv:171:25: Parameter is not used: 'SecdedInv2822ZeroEcc'
                                                        : ... note: In instance 'soc'
  171 |   parameter logic [5:0] SecdedInv2822ZeroEcc = 6'h2A;
      |                         ^~~~~~~~~~~~~~~~~~~~
%Warning-UNUSEDPARAM: ips/pkgs/prim_secded_pkg.sv:172:26: Parameter is not used: 'SecdedInv2822ZeroWord'
                                                        : ... note: In instance 'soc'
  172 |   parameter logic [27:0] SecdedInv2822ZeroWord = 28'hA800000;
      |                          ^~~~~~~~~~~~~~~~~~~~~
%Warning-UNUSEDPARAM: ips/pkgs/prim_secded_pkg.sv:180:25: Parameter is not used: 'SecdedInv3932ZeroEcc'
                                                        : ... note: In instance 'soc'
  180 |   parameter logic [6:0] SecdedInv3932ZeroEcc = 7'h2A;
      |                         ^~~~~~~~~~~~~~~~~~~~
%Warning-UNUSEDPARAM: ips/pkgs/prim_secded_pkg.sv:181:26: Parameter is not used: 'SecdedInv3932ZeroWord'
                                                        : ... note: In instance 'soc'
  181 |   parameter logic [38:0] SecdedInv3932ZeroWord = 39'h2A00000000;
      |                          ^~~~~~~~~~~~~~~~~~~~~
%Warning-UNUSEDPARAM: ips/pkgs/prim_secded_pkg.sv:189:25: Parameter is not used: 'SecdedInv6457ZeroEcc'
                                                        : ... note: In instance 'soc'
  189 |   parameter logic [6:0] SecdedInv6457ZeroEcc = 7'h2A;
      |                         ^~~~~~~~~~~~~~~~~~~~
%Warning-UNUSEDPARAM: ips/pkgs/prim_secded_pkg.sv:190:26: Parameter is not used: 'SecdedInv6457ZeroWord'
                                                        : ... note: In instance 'soc'
  190 |   parameter logic [63:0] SecdedInv6457ZeroWord = 64'h5400000000000000;
      |                          ^~~~~~~~~~~~~~~~~~~~~
%Warning-UNUSEDPARAM: ips/pkgs/prim_secded_pkg.sv:198:25: Parameter is not used: 'SecdedInv7264ZeroEcc'
                                                        : ... note: In instance 'soc'
  198 |   parameter logic [7:0] SecdedInv7264ZeroEcc = 8'hAA;
      |                         ^~~~~~~~~~~~~~~~~~~~
%Warning-UNUSEDPARAM: ips/pkgs/prim_secded_pkg.sv:199:26: Parameter is not used: 'SecdedInv7264ZeroWord'
                                                        : ... note: In instance 'soc'
  199 |   parameter logic [71:0] SecdedInv7264ZeroWord = 72'hAA0000000000000000;
      |                          ^~~~~~~~~~~~~~~~~~~~~
%Warning-UNUSEDPARAM: ips/pkgs/prim_secded_pkg.sv:207:25: Parameter is not used: 'SecdedInvHamming2216ZeroEcc'
                                                        : ... note: In instance 'soc'
  207 |   parameter logic [5:0] SecdedInvHamming2216ZeroEcc = 6'h2A;
      |                         ^~~~~~~~~~~~~~~~~~~~~~~~~~~
%Warning-UNUSEDPARAM: ips/pkgs/prim_secded_pkg.sv:208:26: Parameter is not used: 'SecdedInvHamming2216ZeroWord'
                                                        : ... note: In instance 'soc'
  208 |   parameter logic [21:0] SecdedInvHamming2216ZeroWord = 22'h2A0000;
      |                          ^~~~~~~~~~~~~~~~~~~~~~~~~~~~
%Warning-UNUSEDPARAM: ips/pkgs/prim_secded_pkg.sv:216:25: Parameter is not used: 'SecdedInvHamming3932ZeroEcc'
                                                        : ... note: In instance 'soc'
  216 |   parameter logic [6:0] SecdedInvHamming3932ZeroEcc = 7'h2A;
      |                         ^~~~~~~~~~~~~~~~~~~~~~~~~~~
%Warning-UNUSEDPARAM: ips/pkgs/prim_secded_pkg.sv:217:26: Parameter is not used: 'SecdedInvHamming3932ZeroWord'
                                                        : ... note: In instance 'soc'
  217 |   parameter logic [38:0] SecdedInvHamming3932ZeroWord = 39'h2A00000000;
      |                          ^~~~~~~~~~~~~~~~~~~~~~~~~~~~
%Warning-UNUSEDPARAM: ips/pkgs/prim_secded_pkg.sv:225:25: Parameter is not used: 'SecdedInvHamming7264ZeroEcc'
                                                        : ... note: In instance 'soc'
  225 |   parameter logic [7:0] SecdedInvHamming7264ZeroEcc = 8'hAA;
      |                         ^~~~~~~~~~~~~~~~~~~~~~~~~~~
%Warning-UNUSEDPARAM: ips/pkgs/prim_secded_pkg.sv:226:26: Parameter is not used: 'SecdedInvHamming7264ZeroWord'
                                                        : ... note: In instance 'soc'
  226 |   parameter logic [71:0] SecdedInvHamming7264ZeroWord = 72'hAA0000000000000000;
      |                          ^~~~~~~~~~~~~~~~~~~~~~~~~~~~
%Warning-UNUSEDPARAM: ips/pkgs/prim_secded_pkg.sv:234:25: Parameter is not used: 'SecdedInvHamming7668ZeroEcc'
                                                        : ... note: In instance 'soc'
  234 |   parameter logic [7:0] SecdedInvHamming7668ZeroEcc = 8'hAA;
      |                         ^~~~~~~~~~~~~~~~~~~~~~~~~~~
%Warning-UNUSEDPARAM: ips/pkgs/prim_secded_pkg.sv:235:26: Parameter is not used: 'SecdedInvHamming7668ZeroWord'
                                                        : ... note: In instance 'soc'
  235 |   parameter logic [75:0] SecdedInvHamming7668ZeroWord = 76'hAA00000000000000000;
      |                          ^~~~~~~~~~~~~~~~~~~~~~~~~~~~
%Warning-UNUSEDSIGNAL: rtl/uart.sv:65:15: Signal is not driven, nor used: 'tx_valid_i'
                                        : ... note: In instance 'soc.u_uart'
   65 |   logic       tx_valid_i;
      |               ^~~~~~~~~~
                       ... For warning description see https://verilator.org/warn/UNUSEDSIGNAL?v=5.036
                       ... Use "/* verilator lint_off UNUSEDSIGNAL */" and lint_on around source to disable this message.
%Warning-UNUSEDSIGNAL: rtl/uart.sv:66:15: Signal is not driven, nor used: 'tx_data_i'
                                        : ... note: In instance 'soc.u_uart'
   66 |   logic [7:0] tx_data_i;
      |               ^~~~~~~~~
%Warning-UNUSEDSIGNAL: rtl/uart.sv:67:15: Signal is not driven, nor used: 'tx_ready_o'
                                        : ... note: In instance 'soc.u_uart'
   67 |   logic       tx_ready_o;
      |               ^~~~~~~~~~
%Warning-UNUSEDPARAM: rtl/tl_main_pkg.sv:17:18: Parameter is not used: 'N_HOST'
                                              : ... note: In instance 'soc.xbar'
   17 |   localparam int N_HOST   = 1;
      |                  ^~~~~~
%Warning-UNUSEDPARAM: rtl/tl_main_pkg.sv:18:18: Parameter is not used: 'N_DEVICE'
                                              : ... note: In instance 'soc.xbar'
   18 |   localparam int N_DEVICE = 3;
      |                  ^~~~~~~~
%Warning-UNUSEDSIGNAL: rtl/uart_core.sv:14:38: Bits of signal are not used: 'reg2hw'[68:57]
                                             : ... note: In instance 'soc.u_uart.u_uart_core'
   14 |   input  uart_reg_pkg::uart_reg2hw_t reg2hw,
      |                                      ^~~~~~
%Warning-UNUSEDSIGNAL: rtl/uart_host_bridge.sv:23:23: Signal is not used: 'valid_i'
                                                    : ... note: In instance 'soc.u_uart.u_bridge'
   23 |   input  logic        valid_i,
      |                       ^~~~~~~
%Warning-UNUSEDSIGNAL: rtl/uart_host_bridge.sv:24:23: Signal is not used: 'rdata_i'
                                                    : ... note: In instance 'soc.u_uart.u_bridge'
   24 |   input  logic [31:0] rdata_i,
      |                       ^~~~~~~
%Warning-UNUSEDSIGNAL: rtl/uart_host_bridge.sv:25:23: Signal is not used: 'err_i'
                                                    : ... note: In instance 'soc.u_uart.u_bridge'
   25 |   input  logic        err_i,
      |                       ^~~~~
%Warning-UNUSEDSIGNAL: rtl/uart_host_bridge.sv:26:23: Signal is not used: 'intg_err_i'
                                                    : ... note: In instance 'soc.u_uart.u_bridge'
   26 |   input  logic        intg_err_i
      |                       ^~~~~~~~~~
%Warning-UNUSEDSIGNAL: rtl/uart_host_bridge.sv:37:22: Bits of signal are not used: 'bebyte_q'[7:4]
                                                    : ... note: In instance 'soc.u_uart.u_bridge'
   37 |   logic [7:0]  op_q, bebyte_q, op_d, bebyte_d;
      |                      ^~~~~~~~
%Warning-UNUSEDSIGNAL: ips/tlul/tlul_socket_1n.sv:175:22: Bits of signal are not used: 'tl_t_p'[0]
                                                        : ... note: In instance 'soc.xbar.u_s1n_5'
  175 |   tlul_pkg::tl_d2h_t tl_t_p ;
      |                      ^~~~~~
%Warning-UNUSEDSIGNAL: rtl/spi_host_core.sv:9:28: Bits of signal are not used: 'reg2hw'[25:18]
                                                : ... note: In instance 'soc.u_spi_host.u_spi_host_core'
    9 |   input  spi_host_reg2hw_t reg2hw,
      |                            ^~~~~~
%Warning-UNUSEDSIGNAL: rtl/spi_host_core.sv:45:26: Signal is not used: 'rx_fifo_depth'
                                                 : ... note: In instance 'soc.u_spi_host.u_spi_host_core'
   45 |   logic [FifoDepthW-1:0] rx_fifo_depth, tx_fifo_depth;
      |                          ^~~~~~~~~~~~~
%Warning-UNUSEDSIGNAL: rtl/spi_host_core.sv:45:41: Signal is not used: 'tx_fifo_depth'
                                                 : ... note: In instance 'soc.u_spi_host.u_spi_host_core'
   45 |   logic [FifoDepthW-1:0] rx_fifo_depth, tx_fifo_depth;
      |                                         ^~~~~~~~~~~~~
%Warning-UNUSEDPARAM: rtl/pwm_reg_pkg.sv:10:17: Parameter is not used: 'NOutputs'
                                              : ... note: In instance 'soc.xbar.u_s1n_5.gen_err_resp.err_resp'
   10 |   parameter int NOutputs = 6;
      |                 ^~~~~~~~
%Warning-UNUSEDPARAM: rtl/pwm_reg_pkg.sv:11:17: Parameter is not used: 'NumAlerts'
                                              : ... note: In instance 'soc.xbar.u_s1n_5.gen_err_resp.err_resp'
   11 |   parameter int NumAlerts = 1;
      |                 ^~~~~~~~~
%Warning-UNUSEDPARAM: rtl/pwm_reg_pkg.sv:124:25: Parameter is not used: 'PWM_ALERT_TEST_RESVAL'
                                               : ... note: In instance 'soc.xbar.u_s1n_5.gen_err_resp.err_resp'
  124 |   parameter logic [0:0] PWM_ALERT_TEST_RESVAL = 1'h 0;
      |                         ^~~~~~~~~~~~~~~~~~~~~
%Warning-UNUSEDPARAM: rtl/pwm_reg_pkg.sv:125:25: Parameter is not used: 'PWM_ALERT_TEST_FATAL_FAULT_RESVAL'
                                               : ... note: In instance 'soc.xbar.u_s1n_5.gen_err_resp.err_resp'
  125 |   parameter logic [0:0] PWM_ALERT_TEST_FATAL_FAULT_RESVAL = 1'h 0;
      |                         ^~~~~~~~~~~~~~~~~~~~~~~~~~~~~~~~~
%Warning-UNUSEDPARAM: rtl/spi_host_reg_pkg.sv:100:25: Parameter is not used: 'SPI_HOST_STATUS_RESVAL'
                                                    : ... note: In instance 'soc.xbar.u_s1n_5.gen_err_resp.err_resp'
  100 |   parameter logic [3:0] SPI_HOST_STATUS_RESVAL = 4'h 0;
      |                         ^~~~~~~~~~~~~~~~~~~~~~
%Warning-UNUSEDPARAM: rtl/spi_host_reg_pkg.sv:101:25: Parameter is not used: 'SPI_HOST_RDATA_RESVAL'
                                                    : ... note: In instance 'soc.xbar.u_s1n_5.gen_err_resp.err_resp'
  101 |   parameter logic [7:0] SPI_HOST_RDATA_RESVAL = 8'h 0;
      |                         ^~~~~~~~~~~~~~~~~~~~~
%Warning-UNUSEDPARAM: rtl/uart_reg_pkg.sv:12:17: Parameter is not used: 'NumAlerts'
                                               : ... note: In instance 'soc.xbar.u_s1n_5.gen_err_resp.err_resp'
   12 |   parameter int NumAlerts = 1;
      |                 ^~~~~~~~~
%Warning-UNUSEDPARAM: rtl/uart_reg_pkg.sv:358:25: Parameter is not used: 'UART_INTR_TEST_RESVAL'
                                                : ... note: In instance 'soc.xbar.u_s1n_5.gen_err_resp.err_resp'
  358 |   parameter logic [8:0] UART_INTR_TEST_RESVAL = 9'h 0;
      |                         ^~~~~~~~~~~~~~~~~~~~~
%Warning-UNUSEDPARAM: rtl/uart_reg_pkg.sv:359:25: Parameter is not used: 'UART_INTR_TEST_TX_WATERMARK_RESVAL'
                                                : ... note: In instance 'soc.xbar.u_s1n_5.gen_err_resp.err_resp'
  359 |   parameter logic [0:0] UART_INTR_TEST_TX_WATERMARK_RESVAL = 1'h 0;
      |                         ^~~~~~~~~~~~~~~~~~~~~~~~~~~~~~~~~~
%Warning-UNUSEDPARAM: rtl/uart_reg_pkg.sv:360:25: Parameter is not used: 'UART_INTR_TEST_RX_WATERMARK_RESVAL'
                                                : ... note: In instance 'soc.xbar.u_s1n_5.gen_err_resp.err_resp'
  360 |   parameter logic [0:0] UART_INTR_TEST_RX_WATERMARK_RESVAL = 1'h 0;
      |                         ^~~~~~~~~~~~~~~~~~~~~~~~~~~~~~~~~~
%Warning-UNUSEDPARAM: rtl/uart_reg_pkg.sv:361:25: Parameter is not used: 'UART_INTR_TEST_TX_DONE_RESVAL'
                                                : ... note: In instance 'soc.xbar.u_s1n_5.gen_err_resp.err_resp'
  361 |   parameter logic [0:0] UART_INTR_TEST_TX_DONE_RESVAL = 1'h 0;
      |                         ^~~~~~~~~~~~~~~~~~~~~~~~~~~~~
%Warning-UNUSEDPARAM: rtl/uart_reg_pkg.sv:362:25: Parameter is not used: 'UART_INTR_TEST_RX_OVERFLOW_RESVAL'
                                                : ... note: In instance 'soc.xbar.u_s1n_5.gen_err_resp.err_resp'
  362 |   parameter logic [0:0] UART_INTR_TEST_RX_OVERFLOW_RESVAL = 1'h 0;
      |                         ^~~~~~~~~~~~~~~~~~~~~~~~~~~~~~~~~
%Warning-UNUSEDPARAM: rtl/uart_reg_pkg.sv:363:25: Parameter is not used: 'UART_INTR_TEST_RX_FRAME_ERR_RESVAL'
                                                : ... note: In instance 'soc.xbar.u_s1n_5.gen_err_resp.err_resp'
  363 |   parameter logic [0:0] UART_INTR_TEST_RX_FRAME_ERR_RESVAL = 1'h 0;
      |                         ^~~~~~~~~~~~~~~~~~~~~~~~~~~~~~~~~~
%Warning-UNUSEDPARAM: rtl/uart_reg_pkg.sv:364:25: Parameter is not used: 'UART_INTR_TEST_RX_BREAK_ERR_RESVAL'
                                                : ... note: In instance 'soc.xbar.u_s1n_5.gen_err_resp.err_resp'
  364 |   parameter logic [0:0] UART_INTR_TEST_RX_BREAK_ERR_RESVAL = 1'h 0;
      |                         ^~~~~~~~~~~~~~~~~~~~~~~~~~~~~~~~~~
%Warning-UNUSEDPARAM: rtl/uart_reg_pkg.sv:365:25: Parameter is not used: 'UART_INTR_TEST_RX_TIMEOUT_RESVAL'
                                                : ... note: In instance 'soc.xbar.u_s1n_5.gen_err_resp.err_resp'
  365 |   parameter logic [0:0] UART_INTR_TEST_RX_TIMEOUT_RESVAL = 1'h 0;
      |                         ^~~~~~~~~~~~~~~~~~~~~~~~~~~~~~~~
%Warning-UNUSEDPARAM: rtl/uart_reg_pkg.sv:366:25: Parameter is not used: 'UART_INTR_TEST_RX_PARITY_ERR_RESVAL'
                                                : ... note: In instance 'soc.xbar.u_s1n_5.gen_err_resp.err_resp'
  366 |   parameter logic [0:0] UART_INTR_TEST_RX_PARITY_ERR_RESVAL = 1'h 0;
      |                         ^~~~~~~~~~~~~~~~~~~~~~~~~~~~~~~~~~~
%Warning-UNUSEDPARAM: rtl/uart_reg_pkg.sv:367:25: Parameter is not used: 'UART_INTR_TEST_TX_EMPTY_RESVAL'
                                                : ... note: In instance 'soc.xbar.u_s1n_5.gen_err_resp.err_resp'
  367 |   parameter logic [0:0] UART_INTR_TEST_TX_EMPTY_RESVAL = 1'h 0;
      |                         ^~~~~~~~~~~~~~~~~~~~~~~~~~~~~~
%Warning-UNUSEDPARAM: rtl/uart_reg_pkg.sv:368:25: Parameter is not used: 'UART_ALERT_TEST_RESVAL'
                                                : ... note: In instance 'soc.xbar.u_s1n_5.gen_err_resp.err_resp'
  368 |   parameter logic [0:0] UART_ALERT_TEST_RESVAL = 1'h 0;
      |                         ^~~~~~~~~~~~~~~~~~~~~~
%Warning-UNUSEDPARAM: rtl/uart_reg_pkg.sv:369:25: Parameter is not used: 'UART_ALERT_TEST_FATAL_FAULT_RESVAL'
                                                : ... note: In instance 'soc.xbar.u_s1n_5.gen_err_resp.err_resp'
  369 |   parameter logic [0:0] UART_ALERT_TEST_FATAL_FAULT_RESVAL = 1'h 0;
      |                         ^~~~~~~~~~~~~~~~~~~~~~~~~~~~~~~~~~
%Warning-UNUSEDPARAM: rtl/uart_reg_pkg.sv:370:25: Parameter is not used: 'UART_STATUS_RESVAL'
                                                : ... note: In instance 'soc.xbar.u_s1n_5.gen_err_resp.err_resp'
  370 |   parameter logic [5:0] UART_STATUS_RESVAL = 6'h 3c;
      |                         ^~~~~~~~~~~~~~~~~~
%Warning-UNUSEDPARAM: rtl/uart_reg_pkg.sv:371:25: Parameter is not used: 'UART_STATUS_TXEMPTY_RESVAL'
                                                : ... note: In instance 'soc.xbar.u_s1n_5.gen_err_resp.err_resp'
  371 |   parameter logic [0:0] UART_STATUS_TXEMPTY_RESVAL = 1'h 1;
      |                         ^~~~~~~~~~~~~~~~~~~~~~~~~~
%Warning-UNUSEDPARAM: rtl/uart_reg_pkg.sv:372:25: Parameter is not used: 'UART_STATUS_TXIDLE_RESVAL'
                                                : ... note: In instance 'soc.xbar.u_s1n_5.gen_err_resp.err_resp'
  372 |   parameter logic [0:0] UART_STATUS_TXIDLE_RESVAL = 1'h 1;
      |                         ^~~~~~~~~~~~~~~~~~~~~~~~~
%Warning-UNUSEDPARAM: rtl/uart_reg_pkg.sv:373:25: Parameter is not used: 'UART_STATUS_RXIDLE_RESVAL'
                                                : ... note: In instance 'soc.xbar.u_s1n_5.gen_err_resp.err_resp'
  373 |   parameter logic [0:0] UART_STATUS_RXIDLE_RESVAL = 1'h 1;
      |                         ^~~~~~~~~~~~~~~~~~~~~~~~~
%Warning-UNUSEDPARAM: rtl/uart_reg_pkg.sv:374:25: Parameter is not used: 'UART_STATUS_RXEMPTY_RESVAL'
                                                : ... note: In instance 'soc.xbar.u_s1n_5.gen_err_resp.err_resp'
  374 |   parameter logic [0:0] UART_STATUS_RXEMPTY_RESVAL = 1'h 1;
      |                         ^~~~~~~~~~~~~~~~~~~~~~~~~~
%Warning-UNUSEDPARAM: rtl/uart_reg_pkg.sv:375:25: Parameter is not used: 'UART_RDATA_RESVAL'
                                                : ... note: In instance 'soc.xbar.u_s1n_5.gen_err_resp.err_resp'
  375 |   parameter logic [7:0] UART_RDATA_RESVAL = 8'h 0;
      |                         ^~~~~~~~~~~~~~~~~
%Warning-UNUSEDPARAM: rtl/uart_reg_pkg.sv:376:26: Parameter is not used: 'UART_FIFO_STATUS_RESVAL'
                                                : ... note: In instance 'soc.xbar.u_s1n_5.gen_err_resp.err_resp'
  376 |   parameter logic [23:0] UART_FIFO_STATUS_RESVAL = 24'h 0;
      |                          ^~~~~~~~~~~~~~~~~~~~~~~
%Warning-UNUSEDPARAM: rtl/uart_reg_pkg.sv:377:26: Parameter is not used: 'UART_VAL_RESVAL'
                                                : ... note: In instance 'soc.xbar.u_s1n_5.gen_err_resp.err_resp'
  377 |   parameter logic [15:0] UART_VAL_RESVAL = 16'h 0;
      |                          ^~~~~~~~~~~~~~~
%Warning-UNUSEDSIGNAL: ips/tlul/tlul_adapter_reg.sv:65:51: Signal is not used: 'instr_error'
                                                         : ... note: In instance 'soc.u_uart.u_reg.u_reg_if'
   65 |   logic             error_q, error, err_internal, instr_error, intg_error;
      |                                                   ^~~~~~~~~~~
%Warning-UNUSEDSIGNAL: ips/tlul/tlul_adapter_reg.sv:65:64: Signal is not used: 'intg_error'
                                                         : ... note: In instance 'soc.u_uart.u_reg.u_reg_if'
   65 |   logic             error_q, error, err_internal, instr_error, intg_error;
      |                                                                ^~~~~~~~~~
%Warning-UNUSEDSIGNAL: ips/tlul/tlul_adapter_reg.sv:68:9: Signal is not used: 'malformed_meta_err'
                                                        : ... note: In instance 'soc.u_uart.u_reg.u_reg_if'
   68 |   logic malformed_meta_err;  
      |         ^~~~~~~~~~~~~~~~~~
%Warning-UNUSEDSIGNAL: ips/tlul/tlul_adapter_reg.sv:69:9: Signal is not used: 'tl_err'
                                                        : ... note: In instance 'soc.u_uart.u_reg.u_reg_if'
   69 |   logic tl_err;              
      |         ^~~~~~
%Warning-UNUSEDSIGNAL: ips/tlul/tlul_err.sv:9:9: Signal is not used: 'clk_i'
                                               : ... note: In instance 'soc.u_spi_host.u_spi_host_reg.u_reg_if.u_err'
    9 |   input clk_i,
      |         ^~~~~
%Warning-UNUSEDSIGNAL: ips/tlul/tlul_err.sv:10:9: Signal is not used: 'rst_ni'
                                                : ... note: In instance 'soc.u_spi_host.u_spi_host_reg.u_reg_if.u_err'
   10 |   input rst_ni,
      |         ^~~~~~
%Warning-UNUSEDSIGNAL: ips/tlul/tlul_err.sv:12:18: Bits of signal are not used: 'tl_i'[104:102,99:92,55:24,0]
                                                 : ... note: In instance 'soc.u_spi_host.u_spi_host_reg.u_reg_if.u_err'
   12 |   input tl_h2d_t tl_i,
      |                  ^~~~
%Warning-UNUSEDPARAM: ips/tlul/tlul_err.sv:17:18: Parameter is not used: 'IW'
                                                : ... note: In instance 'soc.u_spi_host.u_spi_host_reg.u_reg_if.u_err'
   17 |   localparam int IW  = $bits(tl_i.a_source);
      |                  ^~
%Warning-UNUSEDPARAM: ips/tlul/tlul_err.sv:18:18: Parameter is not used: 'SZW'
                                                : ... note: In instance 'soc.u_spi_host.u_spi_host_reg.u_reg_if.u_err'
   18 |   localparam int SZW = $bits(tl_i.a_size);
      |                  ^~~
%Warning-UNUSEDSIGNAL: ips/prim_opentitan/prim_fifo_sync.sv:18:27: Signal is not used: 'clk_i'
                                                                 : ... note: In instance 'soc.xbar.u_s1n_5.fifo_h.reqfifo'
   18 |   input                   clk_i,
      |                           ^~~~~
%Warning-UNUSEDSIGNAL: ips/prim_opentitan/prim_fifo_sync.sv:19:27: Signal is not used: 'rst_ni'
                                                                 : ... note: In instance 'soc.xbar.u_s1n_5.fifo_h.reqfifo'
   19 |   input                   rst_ni,
      |                           ^~~~~~
%Warning-UNUSEDPARAM: ips/pkgs/tlul_pkg.sv:14:13: Parameter is not used: 'ArbiterImpl'
                                                : ... note: In instance 'soc.u_spi_host.u_spi_host_core.u_spi_rxfifo.gen_normal_fifo.u_fifo_cnt'
   14 |   parameter ArbiterImpl = "PPC";
      |             ^~~~~~~~~~~
%Warning-UNUSEDPARAM: ips/pkgs/tlul_pkg.sv:29:17: Parameter is not used: 'H2DCmdFullWidth'
                                                : ... note: In instance 'soc.u_spi_host.u_spi_host_core.u_spi_rxfifo.gen_normal_fifo.u_fifo_cnt'
   29 |   parameter int H2DCmdFullWidth = H2DCmdMaxWidth + H2DCmdIntgWidth;
      |                 ^~~~~~~~~~~~~~~
%Warning-UNUSEDPARAM: ips/pkgs/tlul_pkg.sv:32:17: Parameter is not used: 'D2HRspFullWidth'
                                                : ... note: In instance 'soc.u_spi_host.u_spi_host_core.u_spi_rxfifo.gen_normal_fifo.u_fifo_cnt'
   32 |   parameter int D2HRspFullWidth = D2HRspMaxWidth + D2HRspIntgWidth;
      |                 ^~~~~~~~~~~~~~~
%Warning-UNUSEDPARAM: ips/pkgs/tlul_pkg.sv:35:17: Parameter is not used: 'DataFullWidth'
                                                : ... note: In instance 'soc.u_spi_host.u_spi_host_core.u_spi_rxfifo.gen_normal_fifo.u_fifo_cnt'
   35 |   parameter int DataFullWidth   = DataMaxWidth + DataIntgWidth;
      |                 ^~~~~~~~~~~~~
%Warning-UNUSEDPARAM: ips/pkgs/tlul_pkg.sv:87:23: Parameter is not used: 'TL_H2D_DEFAULT'
                                                : ... note: In instance 'soc.u_spi_host.u_spi_host_core.u_spi_rxfifo.gen_normal_fifo.u_fifo_cnt'
   87 |   localparam tl_h2d_t TL_H2D_DEFAULT = '{
      |                       ^~~~~~~~~~~~~~
%Warning-UNUSEDPARAM: ips/pkgs/tlul_pkg.sv:131:23: Parameter is not used: 'TL_D2H_DEFAULT'
                                                 : ... note: In instance 'soc.u_spi_host.u_spi_host_core.u_spi_rxfifo.gen_normal_fifo.u_fifo_cnt'
  131 |   localparam tl_d2h_t TL_D2H_DEFAULT = '{
      |                       ^~~~~~~~~~~~~~
%Warning-CASEINCOMPLETE: rtl/uart_host_bridge.sv:97:11: Case values incompletely covered (example pattern 0x4)
   97 |           case (idx_q)
      |           ^~~~
                         ... For warning description see https://verilator.org/warn/CASEINCOMPLETE?v=5.036
                         ... Use "/* verilator lint_off CASEINCOMPLETE */" and lint_on around source to disable this message.
- V e r i l a t i o n   R e p o r t: Verilator 5.036 2025-04-27 rev v5.036-48-g0dc93c1d5
- Verilator: Built from 25.513 MB sources in 94 modules, into 0.929 MB in 5 C++ files needing 0.000 MB
- Verilator: Walltime 0.238 s (elab=0.046, cvt=0.123, bld=0.000); cpu 0.238 s on 1 threads; alloced 59.156 MB
