analysis=power_analysis corner=tt stage=post_syn
workload=smoke_sv_tt
gls_report=/home/eneadim/github/flexsoc/workspace/runs/cordic/dev/dv/functional/sim/post_syn/ihp-sg13g2/cordic_post_syn_smoke_sv_tt.json
activity_file=/home/eneadim/github/flexsoc/workspace/runs/cordic/dev/signoff/ihp-sg13g2/power/activity/captures/cordic_ihp-sg13g2_smoke_sv_tt.vcd
activity_scope=cordic_tb/u_cordic
liberty=/home/eneadim/github/flexsoc/.flexsoc/pdks/ihp-sg13g2/ihp-sg13g2/libs.ref/sg13g2_stdcell/lib/sg13g2_stdcell_typ_1p50V_25C.lib
netlist=/home/eneadim/github/flexsoc/workspace/runs/cordic/dev/syn/ihp-sg13g2/cordic_synth.v
sdc=/home/eneadim/github/flexsoc/workspace/runs/cordic/dev/signoff/ihp-sg13g2/cordic.sdc
spef=

=== Units ===
 time 1ns
 capacitance 1pF
 resistance 1kohm
 voltage 1v
 current 1uA
 power 1pW
 distance 1um

=== Constraint validation ===

=== Activity annotation ===
annotated_percent=100.00%
Unannotated pins: none

=== Power summary ===
Group                  Internal  Switching    Leakage      Total
                          Power      Power      Power      Power (Watts)
----------------------------------------------------------------
Sequential             2.45e-03   3.80e-06   4.27e-07   2.46e-03  96.9%
Combinational          3.87e-05   4.01e-05   7.39e-07   7.96e-05   3.1%
Clock                  0.00e+00   0.00e+00   0.00e+00   0.00e+00   0.0%
Macro                  0.00e+00   0.00e+00   0.00e+00   0.00e+00   0.0%
Pad                    0.00e+00   0.00e+00   0.00e+00   0.00e+00   0.0%
----------------------------------------------------------------
Total                  2.49e-03   4.39e-05   1.17e-06   2.53e-03 100.0%
                          98.2%       1.7%       0.0%

=== Highest-power instances ===
   Internal  Switching    Leakage      Total
      Power      Power      Power      Power (Watts)
--------------------------------------------
   8.59e-06   1.93e-06   1.46e-09   1.05e-05 _4789_
   9.69e-06   7.53e-10   1.56e-09   9.69e-06 _4770_
   9.59e-06   2.83e-09   1.56e-09   9.59e-06 _4612_
   9.43e-06   2.32e-09   1.55e-09   9.44e-06 _4896_
   9.36e-06   4.63e-09   1.55e-09   9.36e-06 _4741_
   9.36e-06   4.63e-09   1.55e-09   9.36e-06 _4748_
   9.36e-06   4.63e-09   1.55e-09   9.36e-06 _4746_
   9.34e-06   4.63e-09   1.55e-09   9.35e-06 _4738_
   9.34e-06   6.17e-09   1.54e-09   9.35e-06 _4740_
   9.34e-06   6.17e-09   1.54e-09   9.35e-06 _4743_
   9.33e-06   6.17e-09   1.54e-09   9.34e-06 _4749_
   9.31e-06   3.09e-09   1.54e-09   9.32e-06 _4747_
   9.31e-06   3.09e-09   1.54e-09   9.32e-06 _4757_
   9.30e-06   6.17e-09   1.54e-09   9.31e-06 _4737_
   9.29e-06   4.63e-09   1.54e-09   9.30e-06 _4756_
   9.29e-06   4.63e-09   1.54e-09   9.30e-06 _4753_
   9.29e-06   4.63e-09   1.54e-09   9.30e-06 _4754_
   9.29e-06   4.63e-09   1.54e-09   9.30e-06 _4755_
   9.29e-06   4.63e-09   1.54e-09   9.30e-06 _4758_
   9.29e-06   4.63e-09   1.54e-09   9.30e-06 _4760_

=== FlexSoC normalized power fields ===
dynamic_power_definition=internal_power+switching_power
power_unit=OpenSTA report unit; see Units section
internal_power=0.00249
switching_power=4.39e-05
dynamic_power=0.0025339
leakage_power=1.17e-06
total_power=0.00253
