analysis=power_estimate activity_source=input_assumption
activity_model=input
activity=0.1
duty=0.5
corner=tt stage=post_syn
liberty=/home/eneadim/github/flexsoc/.flexsoc/pdks/ciel/sky130/versions/f6eeac7dad085ffcc829ccfd721f7b4ce39edcf7/sky130A/libs.ref/sky130_fd_sc_hd/lib/sky130_fd_sc_hd__tt_100C_1v80.lib
netlist=/home/eneadim/github/flexsoc/runs/uart/refresh_tlul_repo/syn/sky130/uart_synth.v
sdc=/home/eneadim/github/flexsoc/runs/uart/refresh_tlul_repo/constraints/uart.sdc
spef=

=== Units ===
 time 1ns
 capacitance 1pF
 resistance 1kohm
 voltage 1v
 current 1mA
 power 1nW
 distance 1um

=== Constraint validation ===

=== Power summary ===
Group                  Internal  Switching    Leakage      Total
                          Power      Power      Power      Power (Watts)
----------------------------------------------------------------
Sequential             1.74e-03   7.63e-05   1.15e-06   1.82e-03  78.5%
Combinational          2.51e-04   2.47e-04   7.74e-07   4.98e-04  21.5%
Clock                  0.00e+00   0.00e+00   0.00e+00   0.00e+00   0.0%
Macro                  0.00e+00   0.00e+00   0.00e+00   0.00e+00   0.0%
Pad                    0.00e+00   0.00e+00   0.00e+00   0.00e+00   0.0%
----------------------------------------------------------------
Total                  1.99e-03   3.23e-04   1.93e-06   2.32e-03 100.0%
                          86.0%      13.9%       0.1%

=== FlexSoC normalized power fields ===
dynamic_power_definition=internal_power+switching_power
power_unit=OpenSTA report unit; see Units section
internal_power=0.00199
switching_power=0.000323
dynamic_power=0.002313
leakage_power=1.93e-06
total_power=0.00232
