analysis=power_analysis corner=ss stage=post_syn
workload=auto_toggle_sv_ss
gls_report=/tmp/flexsoc-reference-uart/runs/uart/reference/dv/functional/sim/post_syn/sky130/uart_post_syn_auto_toggle_sv_ss.json
activity_file=/tmp/flexsoc-reference-uart/runs/uart/reference/signoff/sky130/power/activity/captures/uart_sky130_auto_toggle_sv_ss.vcd
activity_scope=uart_tb/u_uart
liberty=/home/eneadim/github/flexsoc/.flexsoc/pdks/ciel/sky130/versions/f6eeac7dad085ffcc829ccfd721f7b4ce39edcf7/sky130A/libs.ref/sky130_fd_sc_hd/lib/sky130_fd_sc_hd__ss_n40C_1v76.lib
netlist=/tmp/flexsoc-reference-uart/runs/uart/reference/syn/sky130/uart_synth.v
sdc=/tmp/flexsoc-reference-uart/runs/uart/reference/signoff/sky130/uart.sdc
spef=

=== Units ===
 time 1ns
 capacitance 1pF
 resistance 1kohm
 voltage 1v
 current 1mA
 power 1nW
 distance 1um

=== Constraint validation ===

=== Activity annotation ===
annotated_percent=100.00%
Unannotated pins: none

=== Power summary ===
Group                  Internal  Switching    Leakage      Total
                          Power      Power      Power      Power (Watts)
----------------------------------------------------------------
Sequential             1.47e-03   1.11e-05   2.02e-09   1.49e-03  95.0%
Combinational          3.68e-05   4.12e-05   1.37e-09   7.80e-05   5.0%
Clock                  0.00e+00   0.00e+00   0.00e+00   0.00e+00   0.0%
Macro                  0.00e+00   0.00e+00   0.00e+00   0.00e+00   0.0%
Pad                    0.00e+00   0.00e+00   0.00e+00   0.00e+00   0.0%
----------------------------------------------------------------
Total                  1.51e-03   5.23e-05   3.40e-09   1.56e-03 100.0%
                          96.7%       3.3%       0.0%

=== FlexSoC normalized power fields ===
dynamic_power_definition=internal_power+switching_power
power_unit=OpenSTA report unit; see Units section
internal_power=0.00151
switching_power=5.23e-05
dynamic_power=0.0015623
leakage_power=3.4e-09
total_power=0.00156
