analysis=power_analysis corner=ss stage=post_syn
workload=auto_toggle_sv_ss
gls_report=/home/eneadim/github/flexsoc/workspace/runs/cordic/dev/dv/functional/sim/post_syn/sky130/cordic_post_syn_auto_toggle_sv_ss.json
activity_file=/home/eneadim/github/flexsoc/workspace/runs/cordic/dev/signoff/sky130/power/activity/captures/cordic_sky130_auto_toggle_sv_ss.vcd
activity_scope=cordic_tb/u_cordic
liberty=/home/eneadim/github/flexsoc/.flexsoc/pdks/ciel/sky130/versions/f6eeac7dad085ffcc829ccfd721f7b4ce39edcf7/sky130A/libs.ref/sky130_fd_sc_hd/lib/sky130_fd_sc_hd__ss_n40C_1v76.lib
netlist=/home/eneadim/github/flexsoc/workspace/runs/cordic/dev/syn/sky130/cordic_synth.v
sdc=/home/eneadim/github/flexsoc/workspace/runs/cordic/dev/signoff/sky130/cordic.sdc
spef=

=== Units ===
 time 1ns
 capacitance 1pF
 resistance 1kohm
 voltage 1v
 current 1mA
 power 1nW
 distance 1um

=== Constraint validation ===

=== Activity annotation ===
annotated_percent=100.00%
Unannotated pins: none

=== Power summary ===
Group                  Internal  Switching    Leakage      Total
                          Power      Power      Power      Power (Watts)
----------------------------------------------------------------
Sequential             1.15e-03   6.36e-07   1.41e-09   1.15e-03  98.4%
Combinational          5.91e-06   1.25e-05   2.66e-09   1.84e-05   1.6%
Clock                  0.00e+00   0.00e+00   0.00e+00   0.00e+00   0.0%
Macro                  0.00e+00   0.00e+00   0.00e+00   0.00e+00   0.0%
Pad                    0.00e+00   0.00e+00   0.00e+00   0.00e+00   0.0%
----------------------------------------------------------------
Total                  1.16e-03   1.31e-05   4.07e-09   1.17e-03 100.0%
                          98.9%       1.1%       0.0%

=== Highest-power instances ===
   Internal  Switching    Leakage      Total
      Power      Power      Power      Power (Watts)
--------------------------------------------
   4.08e-06   3.84e-08   4.85e-12   4.11e-06 _4592_
   3.94e-06   3.77e-08   4.81e-12   3.98e-06 _4429_
   3.94e-06   3.07e-08   4.81e-12   3.97e-06 _4484_
   3.94e-06   2.32e-08   4.81e-12   3.96e-06 _4488_
   3.94e-06   2.17e-08   4.81e-12   3.96e-06 _4489_
   3.94e-06   2.07e-08   4.81e-12   3.96e-06 _4441_
   3.94e-06   1.96e-08   4.81e-12   3.96e-06 _4490_
   3.94e-06   1.95e-08   4.81e-12   3.96e-06 _4491_
   3.94e-06   1.94e-08   4.81e-12   3.96e-06 _4492_
   3.94e-06   1.83e-08   4.81e-12   3.96e-06 _4518_
   3.94e-06   1.82e-08   4.81e-12   3.96e-06 _4522_
   3.94e-06   1.82e-08   4.81e-12   3.96e-06 _4519_
   3.94e-06   1.82e-08   4.81e-12   3.96e-06 _4517_
   3.94e-06   1.82e-08   4.81e-12   3.96e-06 _4443_
   3.94e-06   1.81e-08   4.81e-12   3.96e-06 _4437_
   3.94e-06   1.81e-08   4.81e-12   3.96e-06 _4438_
   3.94e-06   1.81e-08   4.81e-12   3.96e-06 _4487_
   3.94e-06   1.80e-08   4.81e-12   3.96e-06 _4523_
   3.94e-06   1.72e-08   4.81e-12   3.96e-06 _4520_
   3.94e-06   1.72e-08   4.81e-12   3.96e-06 _4436_

=== FlexSoC normalized power fields ===
dynamic_power_definition=internal_power+switching_power
power_unit=OpenSTA report unit; see Units section
internal_power=0.00116
switching_power=1.31e-05
dynamic_power=0.0011731
leakage_power=4.07e-09
total_power=0.00117
