FlexSoC run check · cordic
Technical FAIL · Provenance STALE

Flow
Main step                    Status    
RTL lint                     PASS      
CDC / RDC                    FAIL      
Functional verification      PASS      
Formal verification          PASS      
Synthesis                    PASS      
RTL ↔ synthesis equivalence  MISSING   
Pre-implementation sign-off  PASS      
Implementation / PnR         MISSING   
Post Sign-Off                INCOMPLETE
Run status: FAIL

Provenance
Setup                   State     Action                                   
cdc_rdc                 CLEAN     -                                        
cdc_rdc.setup           CLEAN     -                                        
cocotb.setup            CLEAN     -                                        
eqy.setup               CLEAN     -                                        
formal.cover.setup      CLEAN     -                                        
formal.csr_cover.setup  CLEAN     -                                        
formal.csr_prove.setup  CLEAN     -                                        
formal.prove.setup      CLEAN     -                                        
formal_bmc              CLEAN     -                                        
formal_cover            CLEAN     -                                        
formal_csr_bmc          CLEAN     -                                        
formal_csr_cover        CLEAN     -                                        
formal_csr_prove        CLEAN     -                                        
formal_prove            CLEAN     -                                        
lint_slang_suite        CLEAN     -                                        
lint_verilator_suite    CLEAN     -                                        
power_estimate          CLEAN     -                                        
regression              STALE     fx regression                            
sdf                     CLEAN     -                                        
signoff.setup           CLEAN     -                                        
sim_post_syn_all        STALE     fx sim_post_syn_all                      
sta                     CLEAN     -                                        
syn                     CLEAN     -                                        
syn.setup               CLEAN     -                                        
tb.setup                MODIFIED  fx validate_override --set STAGE=tb.setup

RTL lint  Slang → Verilator
Tool       Status  Errors  Warnings  Latch  Width  Unused
slang      PASS         0         1      0      0       0
verilator  PASS         0       130      0      3      12

CDC / RDC  post-lint structural analysis
Status       FAIL                                            
Domains      clocks=1 · resets=4 · sequential=33             
CDC          raw=0 · safe=0 · review=0 · warn=0 · error=0    
RDC          raw=4574 · safe=1 · review=1 · warn=0 · error=45
Obligations  1                                               
Report       analysis/cdc_rdc/cdc_rdc.rpt                    

Functional verification
Status           PASS              
Generated tests  10                
sv logs          10                
cocotb logs      10                
Coverage all     7757/16515  46.97%
Coverage design  3479/4405  78.98% 

Formal verification
Suite       Stage  Status  Time  Traces
csr         bmc    PASS      4s       0
csr         prove  PASS      0s       0
csr         cover  PASS      0s       8
properties  bmc    PASS      3s       0
properties  prove  PASS      0s       0
properties  cover  PASS      0s       8

Synthesis
Strategy         delay1                   
Netlist          syn/sky130/cordic_synth.v
Cells            2713                     
Area             20032.9632               
Sequential area  7758.6912                
Errors           0                        
Warnings         1                        

Pre-implementation sign-off
SDF                    PASS · corners=3               
STA                    PASS · ideal clock · none      
Gate-level simulation  50/50  PASS · interconnect none
Power estimate         PASS                           
Activity power         30/30  PASS                    
Timing / power fusion  30/30  PASS                    
STA QoR
Corner  Mode   Status   WNS (ns)   TNS (ns)  Viol  Unconstr
ss      setup  PASS    +0.000000  +0.000000     0         0
ss      hold   WARN    -0.480000  -1.000000     3         0
tt      setup  PASS    +0.000000  +0.000000     0         0
tt      hold   WARN    -0.290000  -0.590000     2         0
ff      setup  PASS    +0.000000  +0.000000     0         0
ff      hold   WARN    -0.180000  -0.370000     3         0
GLS matrix
Test             zero     unit      min      typ      max  
auto_toggle     PASS sv  PASS sv  PASS sv  PASS sv  PASS sv
corners         PASS sv  PASS sv  PASS sv  PASS sv  PASS sv
quadrant_sweep  PASS sv  PASS sv  PASS sv  PASS sv  PASS sv
random_seed_1   PASS sv  PASS sv  PASS sv  PASS sv  PASS sv
random_seed_2   PASS sv  PASS sv  PASS sv  PASS sv  PASS sv
random_small    PASS sv  PASS sv  PASS sv  PASS sv  PASS sv
reconfig        PASS sv  PASS sv  PASS sv  PASS sv  PASS sv
rotate_45deg    PASS sv  PASS sv  PASS sv  PASS sv  PASS sv
smoke           PASS sv  PASS sv  PASS sv  PASS sv  PASS sv
smoke_zero      PASS sv  PASS sv  PASS sv  PASS sv  PASS sv
Power estimate
Corner  Internal (mW)  Switching (mW)  Leakage (µW)  Total (mW)
ss             +3.230          +2.500        +0.005      +5.740
tt             +3.710          +2.790        +2.830      +6.510
ff             +3.920          +3.240        +0.017      +7.160
Activity power workloads
Workload              Test            Backend  Timing  Status
auto_toggle_sv_ff     auto_toggle       sv      min    PASS  
corners_sv_ff         corners           sv      min    PASS  
quadrant_sweep_sv_ff  quadrant_sweep    sv      min    PASS  
random_seed_1_sv_ff   random_seed_1     sv      min    PASS  
random_seed_2_sv_ff   random_seed_2     sv      min    PASS  
random_small_sv_ff    random_small      sv      min    PASS  
reconfig_sv_ff        reconfig          sv      min    PASS  
rotate_45deg_sv_ff    rotate_45deg      sv      min    PASS  
smoke_sv_ff           smoke             sv      min    PASS  
smoke_zero_sv_ff      smoke_zero        sv      min    PASS  
auto_toggle_sv_tt     auto_toggle       sv      typ    PASS  
corners_sv_tt         corners           sv      typ    PASS  
quadrant_sweep_sv_tt  quadrant_sweep    sv      typ    PASS  
random_seed_1_sv_tt   random_seed_1     sv      typ    PASS  
random_seed_2_sv_tt   random_seed_2     sv      typ    PASS  
random_small_sv_tt    random_small      sv      typ    PASS  
reconfig_sv_tt        reconfig          sv      typ    PASS  
rotate_45deg_sv_tt    rotate_45deg      sv      typ    PASS  
smoke_sv_tt           smoke             sv      typ    PASS  
smoke_zero_sv_tt      smoke_zero        sv      typ    PASS  
auto_toggle_sv_ss     auto_toggle       sv      max    PASS  
corners_sv_ss         corners           sv      max    PASS  
quadrant_sweep_sv_ss  quadrant_sweep    sv      max    PASS  
random_seed_1_sv_ss   random_seed_1     sv      max    PASS  
random_seed_2_sv_ss   random_seed_2     sv      max    PASS  
random_small_sv_ss    random_small      sv      max    PASS  
reconfig_sv_ss        reconfig          sv      max    PASS  
rotate_45deg_sv_ss    rotate_45deg      sv      max    PASS  
smoke_sv_ss           smoke             sv      max    PASS  
smoke_zero_sv_ss      smoke_zero        sv      max    PASS  
Timing / power fusion workloads
Workload              Test            Backend  Timing  Status
auto_toggle_sv_ff     auto_toggle       sv      min    PASS  
corners_sv_ff         corners           sv      min    PASS  
quadrant_sweep_sv_ff  quadrant_sweep    sv      min    PASS  
random_seed_1_sv_ff   random_seed_1     sv      min    PASS  
random_seed_2_sv_ff   random_seed_2     sv      min    PASS  
random_small_sv_ff    random_small      sv      min    PASS  
reconfig_sv_ff        reconfig          sv      min    PASS  
rotate_45deg_sv_ff    rotate_45deg      sv      min    PASS  
smoke_sv_ff           smoke             sv      min    PASS  
smoke_zero_sv_ff      smoke_zero        sv      min    PASS  
auto_toggle_sv_tt     auto_toggle       sv      typ    PASS  
corners_sv_tt         corners           sv      typ    PASS  
quadrant_sweep_sv_tt  quadrant_sweep    sv      typ    PASS  
random_seed_1_sv_tt   random_seed_1     sv      typ    PASS  
random_seed_2_sv_tt   random_seed_2     sv      typ    PASS  
random_small_sv_tt    random_small      sv      typ    PASS  
reconfig_sv_tt        reconfig          sv      typ    PASS  
rotate_45deg_sv_tt    rotate_45deg      sv      typ    PASS  
smoke_sv_tt           smoke             sv      typ    PASS  
smoke_zero_sv_tt      smoke_zero        sv      typ    PASS  
auto_toggle_sv_ss     auto_toggle       sv      max    PASS  
corners_sv_ss         corners           sv      max    PASS  
quadrant_sweep_sv_ss  quadrant_sweep    sv      max    PASS  
random_seed_1_sv_ss   random_seed_1     sv      max    PASS  
random_seed_2_sv_ss   random_seed_2     sv      max    PASS  
random_small_sv_ss    random_small      sv      max    PASS  
reconfig_sv_ss        reconfig          sv      max    PASS  
rotate_45deg_sv_ss    rotate_45deg      sv      max    PASS  
smoke_sv_ss           smoke             sv      max    PASS  
smoke_zero_sv_ss      smoke_zero        sv      max    PASS  

Detailed metrics: /home/eneadim/github/flexsoc/.flexsoc/ip_refresh_stage/cordic/profiles/.ip-save.cordic.tlul.9yzw8q5i/tlul/meta/sky130/metrics.json
