analysis=power_analysis corner=ff stage=post_syn
workload=host_read_sv_ff
gls_report=/tmp/flexsoc-repack/uart_master/runs/uart_master/dev/dv/functional/sim/post_syn/sky130/uart_master_post_syn_host_read_sv_ff.json
activity_file=/tmp/flexsoc-repack/uart_master/runs/uart_master/dev/signoff/sky130/power/activity/captures/uart_master_sky130_host_read_sv_ff.vcd
activity_scope=uart_master_tb/u_uart_master
liberty=/home/eneadim/github/flexsoc/.flexsoc/pdks/ciel/sky130/versions/f6eeac7dad085ffcc829ccfd721f7b4ce39edcf7/sky130A/libs.ref/sky130_fd_sc_hd/lib/sky130_fd_sc_hd__ff_n40C_1v95_ccsnoise.lib
netlist=/tmp/flexsoc-repack/uart_master/runs/uart_master/dev/syn/sky130/uart_master_synth.v
sdc=/tmp/flexsoc-repack/uart_master/runs/uart_master/dev/constraints/uart_master.sdc
spef=

=== Units ===
 time 1ns
 capacitance 1pF
 resistance 1kohm
 voltage 1v
 current 1mA
 power 1nW
 distance 1um

=== Constraint validation ===

=== Activity annotation ===
annotated_percent=100.00%
Unannotated pins: none

=== Power summary ===
Group                  Internal  Switching    Leakage      Total
                          Power      Power      Power      Power (Watts)
----------------------------------------------------------------
Sequential             2.51e-03   6.36e-06   9.13e-09   2.52e-03  98.9%
Combinational          1.33e-05   1.48e-05   8.93e-09   2.81e-05   1.1%
Clock                  0.00e+00   0.00e+00   0.00e+00   0.00e+00   0.0%
Macro                  0.00e+00   0.00e+00   0.00e+00   0.00e+00   0.0%
Pad                    0.00e+00   0.00e+00   0.00e+00   0.00e+00   0.0%
----------------------------------------------------------------
Total                  2.52e-03   2.12e-05   1.81e-08   2.55e-03 100.0%
                          99.2%       0.8%       0.0%

=== FlexSoC normalized power fields ===
dynamic_power_definition=internal_power+switching_power
power_unit=OpenSTA report unit; see Units section
internal_power=0.00252
switching_power=2.12e-05
dynamic_power=0.0025412
leakage_power=1.81e-08
total_power=0.00255
