analysis=power_analysis corner=tt stage=post_syn
workload=noise_filter_sv_tt
gls_report=/home/eneadim/github/flexsoc/runs/uart/refresh_tlul_repo/dv/functional/sim/post_syn/sky130/uart_post_syn_noise_filter_sv_tt.json
activity_file=/home/eneadim/github/flexsoc/runs/uart/refresh_tlul_repo/signoff/sky130/power/activity/captures/uart_sky130_noise_filter_sv_tt.vcd
activity_scope=uart_tb/u_uart
liberty=/home/eneadim/github/flexsoc/.flexsoc/pdks/ciel/sky130/versions/f6eeac7dad085ffcc829ccfd721f7b4ce39edcf7/sky130A/libs.ref/sky130_fd_sc_hd/lib/sky130_fd_sc_hd__tt_100C_1v80.lib
netlist=/home/eneadim/github/flexsoc/runs/uart/refresh_tlul_repo/syn/sky130/uart_synth.v
sdc=/home/eneadim/github/flexsoc/runs/uart/refresh_tlul_repo/constraints/uart.sdc
spef=

=== Units ===
 time 1ns
 capacitance 1pF
 resistance 1kohm
 voltage 1v
 current 1mA
 power 1nW
 distance 1um

=== Constraint validation ===

=== Activity annotation ===
annotated_percent=100.00%
Unannotated pins: none

=== Power summary ===
Group                  Internal  Switching    Leakage      Total
                          Power      Power      Power      Power (Watts)
----------------------------------------------------------------
Sequential             1.57e-03   5.55e-06   1.17e-06   1.58e-03  98.4%
Combinational          1.17e-05   1.35e-05   7.49e-07   2.60e-05   1.6%
Clock                  0.00e+00   0.00e+00   0.00e+00   0.00e+00   0.0%
Macro                  0.00e+00   0.00e+00   0.00e+00   0.00e+00   0.0%
Pad                    0.00e+00   0.00e+00   0.00e+00   0.00e+00   0.0%
----------------------------------------------------------------
Total                  1.58e-03   1.90e-05   1.92e-06   1.60e-03 100.0%
                          98.7%       1.2%       0.1%

=== FlexSoC normalized power fields ===
dynamic_power_definition=internal_power+switching_power
power_unit=OpenSTA report unit; see Units section
internal_power=0.00158
switching_power=1.9e-05
dynamic_power=0.001599
leakage_power=1.92e-06
total_power=0.0016
