analysis=power_analysis corner=ff stage=post_syn
workload=auto_toggle_sv_ff
gls_report=/tmp/flexsoc-migrate-uart-master/runs/uart_master/migrate/dv/functional/sim/post_syn/sky130/uart_master_post_syn_auto_toggle_sv_ff.json
activity_file=/tmp/flexsoc-migrate-uart-master/runs/uart_master/migrate/signoff/sky130/power/activity/captures/uart_master_sky130_auto_toggle_sv_ff.vcd
activity_scope=uart_master_tb/u_uart_master
liberty=/home/eneadim/github/flexsoc/.flexsoc/pdks/ciel/sky130/versions/f6eeac7dad085ffcc829ccfd721f7b4ce39edcf7/sky130A/libs.ref/sky130_fd_sc_hd/lib/sky130_fd_sc_hd__ff_n40C_1v95_ccsnoise.lib
netlist=/tmp/flexsoc-migrate-uart-master/runs/uart_master/migrate/syn/sky130/uart_master_synth.v
sdc=/tmp/flexsoc-migrate-uart-master/runs/uart_master/migrate/signoff/sky130/uart_master.sdc
spef=

=== Units ===
 time 1ns
 capacitance 1pF
 resistance 1kohm
 voltage 1v
 current 1mA
 power 1nW
 distance 1um

=== Constraint validation ===

=== Activity annotation ===
annotated_percent=100.00%
Unannotated pins: none

=== Power summary ===
Group                  Internal  Switching    Leakage      Total
                          Power      Power      Power      Power (Watts)
----------------------------------------------------------------
Sequential             2.51e-03   2.14e-05   9.32e-09   2.53e-03  94.9%
Combinational          6.34e-05   7.25e-05   8.48e-09   1.36e-04   5.1%
Clock                  0.00e+00   0.00e+00   0.00e+00   0.00e+00   0.0%
Macro                  0.00e+00   0.00e+00   0.00e+00   0.00e+00   0.0%
Pad                    0.00e+00   0.00e+00   0.00e+00   0.00e+00   0.0%
----------------------------------------------------------------
Total                  2.57e-03   9.39e-05   1.78e-08   2.66e-03 100.0%
                          96.5%       3.5%       0.0%

=== FlexSoC normalized power fields ===
dynamic_power_definition=internal_power+switching_power
power_unit=OpenSTA report unit; see Units section
internal_power=0.00257
switching_power=9.39e-05
dynamic_power=0.0026639
leakage_power=1.78e-08
total_power=0.00266
