Icarus Verilog Preprocessor version 12.0 (stable) ()

Copyright (c) 1999-2021 Stephen Williams (steve@icarus.com)

  This program is free software; you can redistribute it and/or modify
  it under the terms of the GNU General Public License as published by
  the Free Software Foundation; either version 2 of the License, or
  (at your option) any later version.

  This program is distributed in the hope that it will be useful,
  but WITHOUT ANY WARRANTY; without even the implied warranty of
  MERCHANTABILITY or FITNESS FOR A PARTICULAR PURPOSE.  See the
  GNU General Public License for more details.

  You should have received a copy of the GNU General Public License along
  with this program; if not, write to the Free Software Foundation, Inc.,
  51 Franklin Street, Fifth Floor, Boston, MA 02110-1301, USA.
Using language generation: IEEE1800-2012,specify,xtypes,icarus-misc
PARSING INPUT
verilog/sky130_fd_sc_hd.no_tc.v:675: warning: Choosing typ expression.
verilog/sky130_fd_sc_hd.no_tc.v:675: warning: Choosing typ expression.
verilog/sky130_fd_sc_hd.no_tc.v:676: warning: Choosing typ expression.
verilog/sky130_fd_sc_hd.no_tc.v:676: warning: Choosing typ expression.
verilog/sky130_fd_sc_hd.no_tc.v:677: warning: Choosing typ expression.
verilog/sky130_fd_sc_hd.no_tc.v:677: warning: Choosing typ expression.
verilog/sky130_fd_sc_hd.no_tc.v:678: warning: Choosing typ expression.
verilog/sky130_fd_sc_hd.no_tc.v:678: warning: Choosing typ expression.
verilog/sky130_fd_sc_hd.no_tc.v:679: warning: Choosing typ expression.
verilog/sky130_fd_sc_hd.no_tc.v:679: warning: Choosing typ expression.
 ... done, 0.02 seconds.
ELABORATING DESIGN
tb/pwm_ramp_tb.sv:47: warning: Port 5 (step_i) of pwm_ramp expects 8 bits, got 6.
tb/pwm_ramp_tb.sv:47:        : Padding 2 high bits of the port.
tb/pwm_ramp_tb.sv:47: warning: Port 8 (adc_value_o) of pwm_ramp expects 8 bits, got 6.
tb/pwm_ramp_tb.sv:47:        : Padding 2 high bits of the port.
./model/rc_filter.sv:16: warning: Assinging to a non-integral variable (y_prev) cannot be synthesized in an always_ff process.
./model/rc_filter.sv:18: warning: Assinging to a non-integral variable (y_prev) cannot be synthesized in an always_ff process.
 ... done, 0 seconds.
RUNNING FUNCTORS
 -F cprop ...
 ... Iteration detected 0 optimizations.
 ... Look for dangling constants
 ... done
 -F nodangle ...
 ... scan for dangling signal and event nodes. (scomplete=F, ecomplete=F)
 ... 1 iterations deleted 285 dangling signals and 0 events.
 ... scan for dangling signal and event nodes. (scomplete=T, ecomplete=F)
 ... 2 iterations deleted 285 dangling signals and 0 events.
 ... done
CALCULATING ISLANDS
 ... done, 0 seconds.
CODE GENERATION
 ... invoking target_design
 ... done, 0.01 seconds.
STATISTICS
lex_string: add_count=2782 hit_count=89160
Icarus Verilog version 12.0 (stable) ()

Copyright (c) 2000-2021 Stephen Williams (steve@icarus.com)

  This program is free software; you can redistribute it and/or modify
  it under the terms of the GNU General Public License as published by
  the Free Software Foundation; either version 2 of the License, or
  (at your option) any later version.

  This program is distributed in the hope that it will be useful,
  but WITHOUT ANY WARRANTY; without even the implied warranty of
  MERCHANTABILITY or FITNESS FOR A PARTICULAR PURPOSE.  See the
  GNU General Public License for more details.

  You should have received a copy of the GNU General Public License along
  with this program; if not, write to the Free Software Foundation, Inc.,
  51 Franklin Street, Fifth Floor, Boston, MA 02110-1301, USA.

translate: /usr/lib/x86_64-linux-gnu/ivl/ivlpp -v -L -F"/tmp/ivrlg2251a45f" -f"/tmp/ivrlg251a45f" -p"/tmp/ivrli251a45f" |/usr/lib/x86_64-linux-gnu/ivl/ivl -v -C"/tmp/ivrlh251a45f" -C"/usr/lib/x86_64-linux-gnu/ivl/vvp.conf" -- -
