%Warning-MODDUP: rtl/uart.sv:9:8: Duplicate declaration of module: 'uart'
    9 | module uart import uart_reg_pkg::*; (
      |        ^~~~
                 rtl/uart.sv:9:8: ... Location of original declaration
    9 | module uart import uart_reg_pkg::*; (
      |        ^~~~
                 ... For warning description see https://verilator.org/warn/MODDUP?v=5.043
                 ... Use "/* verilator lint_off MODDUP */" and lint_on around source to disable this message.
%Warning-PINCONNECTEMPTY: ips/prim_opentitan/prim_fifo_sync_cnt.sv:87:8: Instance pin connected by name with empty reference: 'cnt_after_commit_o'
   87 |       .cnt_after_commit_o(),
      |        ^~~~~~~~~~~~~~~~~~
                          ... For warning description see https://verilator.org/warn/PINCONNECTEMPTY?v=5.043
                          ... Use "/* verilator lint_off PINCONNECTEMPTY */" and lint_on around source to disable this message.
%Warning-PINCONNECTEMPTY: ips/prim_opentitan/prim_fifo_sync_cnt.sv:105:8: Instance pin connected by name with empty reference: 'cnt_after_commit_o'
  105 |       .cnt_after_commit_o(),
      |        ^~~~~~~~~~~~~~~~~~
%Warning-PINCONNECTEMPTY: ips/tlul/tlul_cmd_intg_chk.sv:26:6: Instance pin connected by name with empty reference: 'data_o'
   26 |     .data_o(),
      |      ^~~~~~
%Warning-PINCONNECTEMPTY: ips/tlul/tlul_cmd_intg_chk.sv:27:6: Instance pin connected by name with empty reference: 'syndrome_o'
   27 |     .syndrome_o(),
      |      ^~~~~~~~~~
%Warning-PINCONNECTEMPTY: ips/tlul/tlul_data_integ_dec.sv:20:6: Instance pin connected by name with empty reference: 'data_o'
   20 |     .data_o(),
      |      ^~~~~~
%Warning-PINCONNECTEMPTY: ips/tlul/tlul_data_integ_dec.sv:21:6: Instance pin connected by name with empty reference: 'syndrome_o'
   21 |     .syndrome_o(),
      |      ^~~~~~~~~~
%Warning-PINCONNECTEMPTY: ips/prim_opentitan/prim_alert_sender.sv:91:6: Instance pin connected by name with empty reference: 'level_o'
   91 |     .level_o  (             ),
      |      ^~~~~~~
%Warning-PINCONNECTEMPTY: ips/prim_opentitan/prim_alert_sender.sv:92:6: Instance pin connected by name with empty reference: 'rise_o'
   92 |     .rise_o   (             ),
      |      ^~~~~~
%Warning-PINCONNECTEMPTY: ips/prim_opentitan/prim_alert_sender.sv:93:6: Instance pin connected by name with empty reference: 'fall_o'
   93 |     .fall_o   (             ),
      |      ^~~~~~
%Warning-PINCONNECTEMPTY: ips/prim_opentitan/prim_alert_sender.sv:118:6: Instance pin connected by name with empty reference: 'rise_o'
  118 |     .rise_o   (            ),
      |      ^~~~~~
%Warning-PINCONNECTEMPTY: ips/prim_opentitan/prim_alert_sender.sv:119:6: Instance pin connected by name with empty reference: 'fall_o'
  119 |     .fall_o   (            ),
      |      ^~~~~~
%Warning-PINCONNECTEMPTY: ips/prim_opentitan/prim_alert_sender.sv:120:6: Instance pin connected by name with empty reference: 'event_o'
  120 |     .event_o  (            ),
      |      ^~~~~~~
%Warning-PINCONNECTEMPTY: ips/tlul/tlul_adapter_sram.sv:563:6: Instance pin connected by name with empty reference: 'full_o'
  563 |     .full_o  (),
      |      ^~~~~~
%Warning-PINCONNECTEMPTY: ips/tlul/tlul_adapter_sram.sv:564:6: Instance pin connected by name with empty reference: 'depth_o'
  564 |     .depth_o (),
      |      ^~~~~~~
%Warning-PINCONNECTEMPTY: ips/tlul/tlul_adapter_sram.sv:584:6: Instance pin connected by name with empty reference: 'rvalid_o'
  584 |     .rvalid_o(),
      |      ^~~~~~~~
%Warning-PINCONNECTEMPTY: ips/tlul/tlul_adapter_sram.sv:587:6: Instance pin connected by name with empty reference: 'full_o'
  587 |     .full_o  (),
      |      ^~~~~~
%Warning-PINCONNECTEMPTY: ips/tlul/tlul_adapter_sram.sv:588:6: Instance pin connected by name with empty reference: 'depth_o'
  588 |     .depth_o (),
      |      ^~~~~~~
%Warning-PINCONNECTEMPTY: ips/tlul/tlul_adapter_sram.sv:607:8: Instance pin connected by name with empty reference: 'rvalid_o'
  607 |       .rvalid_o(),
      |        ^~~~~~~~
%Warning-PINCONNECTEMPTY: ips/tlul/tlul_adapter_sram.sv:610:8: Instance pin connected by name with empty reference: 'full_o'
  610 |       .full_o  (),
      |        ^~~~~~
%Warning-PINCONNECTEMPTY: ips/tlul/tlul_adapter_sram.sv:611:8: Instance pin connected by name with empty reference: 'depth_o'
  611 |       .depth_o (),
      |        ^~~~~~~
%Warning-PINCONNECTEMPTY: ips/tlul/tlul_adapter_sram.sv:612:8: Instance pin connected by name with empty reference: 'err_o'
  612 |       .err_o   ()
      |        ^~~~~
%Warning-PINCONNECTEMPTY: ips/tlul/tlul_adapter_sram.sv:644:6: Instance pin connected by name with empty reference: 'full_o'
  644 |     .full_o  (),
      |      ^~~~~~
%Warning-PINCONNECTEMPTY: ips/tlul/tlul_adapter_sram.sv:645:6: Instance pin connected by name with empty reference: 'depth_o'
  645 |     .depth_o (),
      |      ^~~~~~~
%Warning-PINCONNECTEMPTY: ips/tlul/tlul_fifo_async.sv:57:6: Instance pin connected by name with empty reference: 'wdepth_o'
   57 |     .wdepth_o      (),
      |      ^~~~~~~~
%Warning-PINCONNECTEMPTY: ips/tlul/tlul_fifo_async.sv:58:6: Instance pin connected by name with empty reference: 'rdepth_o'
   58 |     .rdepth_o      ()
      |      ^~~~~~~~
%Warning-PINCONNECTEMPTY: ips/tlul/tlul_fifo_async.sv:94:6: Instance pin connected by name with empty reference: 'wdepth_o'
   94 |     .wdepth_o      (),
      |      ^~~~~~~~
%Warning-PINCONNECTEMPTY: ips/tlul/tlul_fifo_async.sv:95:6: Instance pin connected by name with empty reference: 'rdepth_o'
   95 |     .rdepth_o      ()
      |      ^~~~~~~~
%Warning-PINCONNECTEMPTY: ips/tlul/tlul_fifo_sync.sv:58:6: Instance pin connected by name with empty reference: 'full_o'
   58 |     .full_o        (),
      |      ^~~~~~
%Warning-PINCONNECTEMPTY: ips/tlul/tlul_fifo_sync.sv:59:6: Instance pin connected by name with empty reference: 'depth_o'
   59 |     .depth_o       (),
      |      ^~~~~~~
%Warning-PINCONNECTEMPTY: ips/tlul/tlul_fifo_sync.sv:60:6: Instance pin connected by name with empty reference: 'err_o'
   60 |     .err_o         ());
      |      ^~~~~
%Warning-PINCONNECTEMPTY: ips/tlul/tlul_fifo_sync.sv:93:6: Instance pin connected by name with empty reference: 'full_o'
   93 |     .full_o        (),
      |      ^~~~~~
%Warning-PINCONNECTEMPTY: ips/tlul/tlul_fifo_sync.sv:94:6: Instance pin connected by name with empty reference: 'depth_o'
   94 |     .depth_o       (),
      |      ^~~~~~~
%Warning-PINCONNECTEMPTY: ips/tlul/tlul_fifo_sync.sv:95:6: Instance pin connected by name with empty reference: 'err_o'
   95 |     .err_o         ());
      |      ^~~~~
%Warning-PINCONNECTEMPTY: ips/tlul/tlul_rsp_intg_chk.sv:27:6: Instance pin connected by name with empty reference: 'data_o'
   27 |     .data_o(),
      |      ^~~~~~
%Warning-PINCONNECTEMPTY: ips/tlul/tlul_rsp_intg_chk.sv:28:6: Instance pin connected by name with empty reference: 'syndrome_o'
   28 |     .syndrome_o(),
      |      ^~~~~~~~~~
%Warning-PINCONNECTEMPTY: ips/tlul/tlul_socket_1n.sv:99:6: Instance pin connected by name with empty reference: 'spare_rsp_o'
   99 |     .spare_rsp_o ());
      |      ^~~~~~~~~~~
%Warning-PINCONNECTEMPTY: ips/tlul/tlul_socket_1n.sv:222:8: Instance pin connected by name with empty reference: 'spare_req_o'
  222 |       .spare_req_o (),
      |        ^~~~~~~~~~~
%Warning-PINCONNECTEMPTY: ips/tlul/tlul_socket_1n.sv:224:8: Instance pin connected by name with empty reference: 'spare_rsp_o'
  224 |       .spare_rsp_o ());
      |        ^~~~~~~~~~~
%Warning-PINCONNECTEMPTY: ips/tlul/tlul_socket_m1.sv:135:8: Instance pin connected by name with empty reference: 'spare_req_o'
  135 |       .spare_req_o (),
      |        ^~~~~~~~~~~
%Warning-PINCONNECTEMPTY: ips/tlul/tlul_socket_m1.sv:137:8: Instance pin connected by name with empty reference: 'spare_rsp_o'
  137 |       .spare_rsp_o ()
      |        ^~~~~~~~~~~
%Warning-PINCONNECTEMPTY: ips/tlul/tlul_socket_m1.sv:156:6: Instance pin connected by name with empty reference: 'spare_req_o'
  156 |     .spare_req_o (),
      |      ^~~~~~~~~~~
%Warning-PINCONNECTEMPTY: ips/tlul/tlul_socket_m1.sv:158:6: Instance pin connected by name with empty reference: 'spare_rsp_o'
  158 |     .spare_rsp_o ()
      |      ^~~~~~~~~~~
%Warning-PINCONNECTEMPTY: ips/tlul/tlul_socket_m1.sv:179:8: Instance pin connected by name with empty reference: 'idx_o'
  179 |       .idx_o     (             ),
      |        ^~~~~
%Warning-PINCONNECTEMPTY: ips/tlul/tlul_socket_m1.sv:195:8: Instance pin connected by name with empty reference: 'idx_o'
  195 |       .idx_o     (             ),
      |        ^~~~~
%Warning-PINCONNECTEMPTY: ips/tlul/tlul_sram_byte.sv:531:8: Instance pin connected by name with empty reference: 'rvalid_o'
  531 |       .rvalid_o(),
      |        ^~~~~~~~
%Warning-PINCONNECTEMPTY: ips/tlul/tlul_sram_byte.sv:534:8: Instance pin connected by name with empty reference: 'full_o'
  534 |       .full_o(),
      |        ^~~~~~
%Warning-PINCONNECTEMPTY: ips/tlul/tlul_sram_byte.sv:535:8: Instance pin connected by name with empty reference: 'depth_o'
  535 |       .depth_o(),
      |        ^~~~~~~
%Warning-PINCONNECTEMPTY: ips/tlul/tlul_sram_byte.sv:536:8: Instance pin connected by name with empty reference: 'err_o'
  536 |       .err_o()
      |        ^~~~~
%Warning-PINCONNECTEMPTY: ips/tlul/tlul_sram_byte.sv:649:8: Instance pin connected by name with empty reference: 'rvalid_o'
  649 |       .rvalid_o(),
      |        ^~~~~~~~
%Warning-PINCONNECTEMPTY: ips/tlul/tlul_sram_byte.sv:652:8: Instance pin connected by name with empty reference: 'full_o'
  652 |       .full_o(),
      |        ^~~~~~
%Warning-PINCONNECTEMPTY: ips/tlul/tlul_sram_byte.sv:654:8: Instance pin connected by name with empty reference: 'err_o'
  654 |       .err_o()
      |        ^~~~~
%Warning-PINCONNECTEMPTY: rtl/uart_reg_top.sv:73:6: Instance pin connected by name with empty reference: 'intg_error_o'
   73 |     .intg_error_o(),
      |      ^~~~~~~~~~~~
%Warning-PINCONNECTEMPTY: rtl/uart_reg_top.sv:150:6: Instance pin connected by name with empty reference: 'qe'
  150 |     .qe     (),
      |      ^~
%Warning-PINCONNECTEMPTY: rtl/uart_reg_top.sv:152:6: Instance pin connected by name with empty reference: 'ds'
  152 |     .ds     (),
      |      ^~
%Warning-PINCONNECTEMPTY: rtl/uart_reg_top.sv:177:6: Instance pin connected by name with empty reference: 'qe'
  177 |     .qe     (),
      |      ^~
%Warning-PINCONNECTEMPTY: rtl/uart_reg_top.sv:179:6: Instance pin connected by name with empty reference: 'ds'
  179 |     .ds     (),
      |      ^~
%Warning-PINCONNECTEMPTY: rtl/uart_reg_top.sv:204:6: Instance pin connected by name with empty reference: 'qe'
  204 |     .qe     (),
      |      ^~
%Warning-PINCONNECTEMPTY: rtl/uart_reg_top.sv:206:6: Instance pin connected by name with empty reference: 'ds'
  206 |     .ds     (),
      |      ^~
%Warning-PINCONNECTEMPTY: rtl/uart_reg_top.sv:231:6: Instance pin connected by name with empty reference: 'qe'
  231 |     .qe     (),
      |      ^~
%Warning-PINCONNECTEMPTY: rtl/uart_reg_top.sv:233:6: Instance pin connected by name with empty reference: 'ds'
  233 |     .ds     (),
      |      ^~
%Warning-PINCONNECTEMPTY: rtl/uart_reg_top.sv:258:6: Instance pin connected by name with empty reference: 'qe'
  258 |     .qe     (),
      |      ^~
%Warning-PINCONNECTEMPTY: rtl/uart_reg_top.sv:260:6: Instance pin connected by name with empty reference: 'ds'
  260 |     .ds     (),
      |      ^~
%Warning-PINCONNECTEMPTY: rtl/uart_reg_top.sv:285:6: Instance pin connected by name with empty reference: 'qe'
  285 |     .qe     (),
      |      ^~
%Warning-PINCONNECTEMPTY: rtl/uart_reg_top.sv:287:6: Instance pin connected by name with empty reference: 'ds'
  287 |     .ds     (),
      |      ^~
%Warning-PINCONNECTEMPTY: rtl/uart_reg_top.sv:312:6: Instance pin connected by name with empty reference: 'qe'
  312 |     .qe     (),
      |      ^~
%Warning-PINCONNECTEMPTY: rtl/uart_reg_top.sv:314:6: Instance pin connected by name with empty reference: 'ds'
  314 |     .ds     (),
      |      ^~
%Warning-PINCONNECTEMPTY: rtl/uart_reg_top.sv:339:6: Instance pin connected by name with empty reference: 'qe'
  339 |     .qe     (),
      |      ^~
%Warning-PINCONNECTEMPTY: rtl/uart_reg_top.sv:341:6: Instance pin connected by name with empty reference: 'ds'
  341 |     .ds     (),
      |      ^~
%Warning-PINCONNECTEMPTY: rtl/uart_reg_top.sv:358:6: Instance pin connected by name with empty reference: 'qe'
  358 |     .qe     (),
      |      ^~
%Warning-PINCONNECTEMPTY: rtl/uart_reg_top.sv:360:6: Instance pin connected by name with empty reference: 'ds'
  360 |     .ds     (),
      |      ^~
%Warning-PINCONNECTEMPTY: rtl/uart_reg_top.sv:373:6: Instance pin connected by name with empty reference: 'qe'
  373 |     .qe     (),
      |      ^~
%Warning-PINCONNECTEMPTY: rtl/uart_reg_top.sv:375:6: Instance pin connected by name with empty reference: 'ds'
  375 |     .ds     (),
      |      ^~
%Warning-PINCONNECTEMPTY: rtl/uart_reg_top.sv:388:6: Instance pin connected by name with empty reference: 'qe'
  388 |     .qe     (),
      |      ^~
%Warning-PINCONNECTEMPTY: rtl/uart_reg_top.sv:390:6: Instance pin connected by name with empty reference: 'ds'
  390 |     .ds     (),
      |      ^~
%Warning-PINCONNECTEMPTY: rtl/uart_reg_top.sv:403:6: Instance pin connected by name with empty reference: 'qe'
  403 |     .qe     (),
      |      ^~
%Warning-PINCONNECTEMPTY: rtl/uart_reg_top.sv:405:6: Instance pin connected by name with empty reference: 'ds'
  405 |     .ds     (),
      |      ^~
%Warning-PINCONNECTEMPTY: rtl/uart_reg_top.sv:418:6: Instance pin connected by name with empty reference: 'qe'
  418 |     .qe     (),
      |      ^~
%Warning-PINCONNECTEMPTY: rtl/uart_reg_top.sv:420:6: Instance pin connected by name with empty reference: 'ds'
  420 |     .ds     (),
      |      ^~
%Warning-PINCONNECTEMPTY: rtl/uart_reg_top.sv:433:6: Instance pin connected by name with empty reference: 'qe'
  433 |     .qe     (),
      |      ^~
%Warning-PINCONNECTEMPTY: rtl/uart_reg_top.sv:435:6: Instance pin connected by name with empty reference: 'ds'
  435 |     .ds     (),
      |      ^~
%Warning-PINCONNECTEMPTY: rtl/uart_reg_top.sv:449:6: Instance pin connected by name with empty reference: 'qe'
  449 |     .qe     (),
      |      ^~
%Warning-PINCONNECTEMPTY: rtl/uart_reg_top.sv:451:6: Instance pin connected by name with empty reference: 'ds'
  451 |     .ds     (),
      |      ^~
%Warning-PINCONNECTEMPTY: rtl/uart_reg_top.sv:488:6: Instance pin connected by name with empty reference: 'ds'
  488 |     .ds     (),
      |      ^~
%Warning-PINCONNECTEMPTY: rtl/uart_reg_top.sv:491:6: Instance pin connected by name with empty reference: 'qs'
  491 |     .qs     ()
      |      ^~
%Warning-PINCONNECTEMPTY: rtl/uart_reg_top.sv:529:6: Instance pin connected by name with empty reference: 'ds'
  529 |     .ds     (),
      |      ^~
%Warning-PINCONNECTEMPTY: rtl/uart_reg_top.sv:532:6: Instance pin connected by name with empty reference: 'qs'
  532 |     .qs     ()
      |      ^~
%Warning-PINCONNECTEMPTY: rtl/uart_reg_top.sv:557:6: Instance pin connected by name with empty reference: 'ds'
  557 |     .ds     (),
      |      ^~
%Warning-PINCONNECTEMPTY: rtl/uart_reg_top.sv:560:6: Instance pin connected by name with empty reference: 'qs'
  560 |     .qs     ()
      |      ^~
%Warning-PINCONNECTEMPTY: rtl/uart_reg_top.sv:574:6: Instance pin connected by name with empty reference: 'qre'
  574 |     .qre    (),
      |      ^~~
%Warning-PINCONNECTEMPTY: rtl/uart_reg_top.sv:575:6: Instance pin connected by name with empty reference: 'qe'
  575 |     .qe     (),
      |      ^~
%Warning-PINCONNECTEMPTY: rtl/uart_reg_top.sv:576:6: Instance pin connected by name with empty reference: 'q'
  576 |     .q      (),
      |      ^
%Warning-PINCONNECTEMPTY: rtl/uart_reg_top.sv:577:6: Instance pin connected by name with empty reference: 'ds'
  577 |     .ds     (),
      |      ^~
%Warning-PINCONNECTEMPTY: rtl/uart_reg_top.sv:589:6: Instance pin connected by name with empty reference: 'qre'
  589 |     .qre    (),
      |      ^~~
%Warning-PINCONNECTEMPTY: rtl/uart_reg_top.sv:590:6: Instance pin connected by name with empty reference: 'qe'
  590 |     .qe     (),
      |      ^~
%Warning-PINCONNECTEMPTY: rtl/uart_reg_top.sv:591:6: Instance pin connected by name with empty reference: 'q'
  591 |     .q      (),
      |      ^
%Warning-PINCONNECTEMPTY: rtl/uart_reg_top.sv:592:6: Instance pin connected by name with empty reference: 'ds'
  592 |     .ds     (),
      |      ^~
%Warning-PINCONNECTEMPTY: rtl/uart_core.sv:122:6: Instance pin connected by name with empty reference: 'full_o'
  122 |     .full_o  (),
      |      ^~~~~~
%Warning-PINCONNECTEMPTY: rtl/uart_core.sv:126:6: Instance pin connected by name with empty reference: 'err_o'
  126 |     .err_o   ()
      |      ^~~~~
%Warning-PINCONNECTEMPTY: rtl/uart_core.sv:222:6: Instance pin connected by name with empty reference: 'full_o'
  222 |     .full_o  (),
      |      ^~~~~~
%Warning-PINCONNECTEMPTY: rtl/uart_core.sv:226:6: Instance pin connected by name with empty reference: 'err_o'
  226 |     .err_o   ()
      |      ^~~~~
%Warning-VARHIDDEN: rtl/uart_reg_top.sv:26:18: Declaration of signal hides declaration in upper scope: 'AW'
   26 |   localparam int AW = 5;
      |                  ^~
                    rtl/uart_reg_pkg.sv:15:17: ... Location of original declaration
   15 |   parameter int AW = BlockAw;
      |                 ^~
                    ... For warning description see https://verilator.org/warn/VARHIDDEN?v=5.043
                    ... Use "/* verilator lint_off VARHIDDEN */" and lint_on around source to disable this message.
%Warning-VARHIDDEN: rtl/uart_reg_top.sv:27:18: Declaration of signal hides declaration in upper scope: 'DW'
   27 |   localparam int DW = 32;
      |                  ^~
                    rtl/uart_reg_pkg.sv:16:17: ... Location of original declaration
   16 |   parameter int DW = 32;
      |                 ^~
%Warning-VARHIDDEN: rtl/uart_reg_top.sv:28:18: Declaration of signal hides declaration in upper scope: 'DBW'
   28 |   localparam int DBW = DW/8;                     
      |                  ^~~
                    rtl/uart_reg_pkg.sv:17:17: ... Location of original declaration
   17 |   parameter int DBW = DW/8;                     
      |                 ^~~
%Warning-UNUSEDPARAM: ips/pkgs/top_pkg.sv:13:16: Parameter is not used: 'TL_AUW'
                                               : ... note: In instance 'uart'
   13 | localparam int TL_AUW=21;    
      |                ^~~~~~
                      ... For warning description see https://verilator.org/warn/UNUSEDPARAM?v=5.043
                      ... Use "/* verilator lint_off UNUSEDPARAM */" and lint_on around source to disable this message.
%Warning-UNUSEDPARAM: ips/pkgs/top_pkg.sv:14:16: Parameter is not used: 'TL_DUW'
                                               : ... note: In instance 'uart'
   14 | localparam int TL_DUW=14;    
      |                ^~~~~~
%Warning-UNUSEDPARAM: ips/pkgs/top_pkg.sv:21:16: Parameter is not used: 'SecVolatileRawUnlockEn'
                                               : ... note: In instance 'uart'
   21 | localparam int SecVolatileRawUnlockEn = 0;
      |                ^~~~~~~~~~~~~~~~~~~~~~
%Warning-UNUSEDPARAM: ips/pkgs/prim_secded_pkg.sv:81:25: Parameter is not used: 'Secded2216ZeroEcc'
                                                       : ... note: In instance 'uart'
   81 |   parameter logic [5:0] Secded2216ZeroEcc = 6'h0;
      |                         ^~~~~~~~~~~~~~~~~
%Warning-UNUSEDPARAM: ips/pkgs/prim_secded_pkg.sv:82:26: Parameter is not used: 'Secded2216ZeroWord'
                                                       : ... note: In instance 'uart'
   82 |   parameter logic [21:0] Secded2216ZeroWord = 22'h0;
      |                          ^~~~~~~~~~~~~~~~~~
%Warning-UNUSEDPARAM: ips/pkgs/prim_secded_pkg.sv:90:25: Parameter is not used: 'Secded2822ZeroEcc'
                                                       : ... note: In instance 'uart'
   90 |   parameter logic [5:0] Secded2822ZeroEcc = 6'h0;
      |                         ^~~~~~~~~~~~~~~~~
%Warning-UNUSEDPARAM: ips/pkgs/prim_secded_pkg.sv:91:26: Parameter is not used: 'Secded2822ZeroWord'
                                                       : ... note: In instance 'uart'
   91 |   parameter logic [27:0] Secded2822ZeroWord = 28'h0;
      |                          ^~~~~~~~~~~~~~~~~~
%Warning-UNUSEDPARAM: ips/pkgs/prim_secded_pkg.sv:99:25: Parameter is not used: 'Secded3932ZeroEcc'
                                                       : ... note: In instance 'uart'
   99 |   parameter logic [6:0] Secded3932ZeroEcc = 7'h0;
      |                         ^~~~~~~~~~~~~~~~~
%Warning-UNUSEDPARAM: ips/pkgs/prim_secded_pkg.sv:100:26: Parameter is not used: 'Secded3932ZeroWord'
                                                        : ... note: In instance 'uart'
  100 |   parameter logic [38:0] Secded3932ZeroWord = 39'h0;
      |                          ^~~~~~~~~~~~~~~~~~
%Warning-UNUSEDPARAM: ips/pkgs/prim_secded_pkg.sv:108:25: Parameter is not used: 'Secded6457ZeroEcc'
                                                        : ... note: In instance 'uart'
  108 |   parameter logic [6:0] Secded6457ZeroEcc = 7'h0;
      |                         ^~~~~~~~~~~~~~~~~
%Warning-UNUSEDPARAM: ips/pkgs/prim_secded_pkg.sv:109:26: Parameter is not used: 'Secded6457ZeroWord'
                                                        : ... note: In instance 'uart'
  109 |   parameter logic [63:0] Secded6457ZeroWord = 64'h0;
      |                          ^~~~~~~~~~~~~~~~~~
%Warning-UNUSEDPARAM: ips/pkgs/prim_secded_pkg.sv:117:25: Parameter is not used: 'Secded7264ZeroEcc'
                                                        : ... note: In instance 'uart'
  117 |   parameter logic [7:0] Secded7264ZeroEcc = 8'h0;
      |                         ^~~~~~~~~~~~~~~~~
%Warning-UNUSEDPARAM: ips/pkgs/prim_secded_pkg.sv:118:26: Parameter is not used: 'Secded7264ZeroWord'
                                                        : ... note: In instance 'uart'
  118 |   parameter logic [71:0] Secded7264ZeroWord = 72'h0;
      |                          ^~~~~~~~~~~~~~~~~~
%Warning-UNUSEDPARAM: ips/pkgs/prim_secded_pkg.sv:126:25: Parameter is not used: 'SecdedHamming2216ZeroEcc'
                                                        : ... note: In instance 'uart'
  126 |   parameter logic [5:0] SecdedHamming2216ZeroEcc = 6'h0;
      |                         ^~~~~~~~~~~~~~~~~~~~~~~~
%Warning-UNUSEDPARAM: ips/pkgs/prim_secded_pkg.sv:127:26: Parameter is not used: 'SecdedHamming2216ZeroWord'
                                                        : ... note: In instance 'uart'
  127 |   parameter logic [21:0] SecdedHamming2216ZeroWord = 22'h0;
      |                          ^~~~~~~~~~~~~~~~~~~~~~~~~
%Warning-UNUSEDPARAM: ips/pkgs/prim_secded_pkg.sv:135:25: Parameter is not used: 'SecdedHamming3932ZeroEcc'
                                                        : ... note: In instance 'uart'
  135 |   parameter logic [6:0] SecdedHamming3932ZeroEcc = 7'h0;
      |                         ^~~~~~~~~~~~~~~~~~~~~~~~
%Warning-UNUSEDPARAM: ips/pkgs/prim_secded_pkg.sv:136:26: Parameter is not used: 'SecdedHamming3932ZeroWord'
                                                        : ... note: In instance 'uart'
  136 |   parameter logic [38:0] SecdedHamming3932ZeroWord = 39'h0;
      |                          ^~~~~~~~~~~~~~~~~~~~~~~~~
%Warning-UNUSEDPARAM: ips/pkgs/prim_secded_pkg.sv:144:25: Parameter is not used: 'SecdedHamming7264ZeroEcc'
                                                        : ... note: In instance 'uart'
  144 |   parameter logic [7:0] SecdedHamming7264ZeroEcc = 8'h0;
      |                         ^~~~~~~~~~~~~~~~~~~~~~~~
%Warning-UNUSEDPARAM: ips/pkgs/prim_secded_pkg.sv:145:26: Parameter is not used: 'SecdedHamming7264ZeroWord'
                                                        : ... note: In instance 'uart'
  145 |   parameter logic [71:0] SecdedHamming7264ZeroWord = 72'h0;
      |                          ^~~~~~~~~~~~~~~~~~~~~~~~~
%Warning-UNUSEDPARAM: ips/pkgs/prim_secded_pkg.sv:153:25: Parameter is not used: 'SecdedHamming7668ZeroEcc'
                                                        : ... note: In instance 'uart'
  153 |   parameter logic [7:0] SecdedHamming7668ZeroEcc = 8'h0;
      |                         ^~~~~~~~~~~~~~~~~~~~~~~~
%Warning-UNUSEDPARAM: ips/pkgs/prim_secded_pkg.sv:154:26: Parameter is not used: 'SecdedHamming7668ZeroWord'
                                                        : ... note: In instance 'uart'
  154 |   parameter logic [75:0] SecdedHamming7668ZeroWord = 76'h0;
      |                          ^~~~~~~~~~~~~~~~~~~~~~~~~
%Warning-UNUSEDPARAM: ips/pkgs/prim_secded_pkg.sv:162:25: Parameter is not used: 'SecdedInv2216ZeroEcc'
                                                        : ... note: In instance 'uart'
  162 |   parameter logic [5:0] SecdedInv2216ZeroEcc = 6'h2A;
      |                         ^~~~~~~~~~~~~~~~~~~~
%Warning-UNUSEDPARAM: ips/pkgs/prim_secded_pkg.sv:163:26: Parameter is not used: 'SecdedInv2216ZeroWord'
                                                        : ... note: In instance 'uart'
  163 |   parameter logic [21:0] SecdedInv2216ZeroWord = 22'h2A0000;
      |                          ^~~~~~~~~~~~~~~~~~~~~
%Warning-UNUSEDPARAM: ips/pkgs/prim_secded_pkg.sv:171:25: Parameter is not used: 'SecdedInv2822ZeroEcc'
                                                        : ... note: In instance 'uart'
  171 |   parameter logic [5:0] SecdedInv2822ZeroEcc = 6'h2A;
      |                         ^~~~~~~~~~~~~~~~~~~~
%Warning-UNUSEDPARAM: ips/pkgs/prim_secded_pkg.sv:172:26: Parameter is not used: 'SecdedInv2822ZeroWord'
                                                        : ... note: In instance 'uart'
  172 |   parameter logic [27:0] SecdedInv2822ZeroWord = 28'hA800000;
      |                          ^~~~~~~~~~~~~~~~~~~~~
%Warning-UNUSEDPARAM: ips/pkgs/prim_secded_pkg.sv:180:25: Parameter is not used: 'SecdedInv3932ZeroEcc'
                                                        : ... note: In instance 'uart'
  180 |   parameter logic [6:0] SecdedInv3932ZeroEcc = 7'h2A;
      |                         ^~~~~~~~~~~~~~~~~~~~
%Warning-UNUSEDPARAM: ips/pkgs/prim_secded_pkg.sv:181:26: Parameter is not used: 'SecdedInv3932ZeroWord'
                                                        : ... note: In instance 'uart'
  181 |   parameter logic [38:0] SecdedInv3932ZeroWord = 39'h2A00000000;
      |                          ^~~~~~~~~~~~~~~~~~~~~
%Warning-UNUSEDPARAM: ips/pkgs/prim_secded_pkg.sv:189:25: Parameter is not used: 'SecdedInv6457ZeroEcc'
                                                        : ... note: In instance 'uart'
  189 |   parameter logic [6:0] SecdedInv6457ZeroEcc = 7'h2A;
      |                         ^~~~~~~~~~~~~~~~~~~~
%Warning-UNUSEDPARAM: ips/pkgs/prim_secded_pkg.sv:190:26: Parameter is not used: 'SecdedInv6457ZeroWord'
                                                        : ... note: In instance 'uart'
  190 |   parameter logic [63:0] SecdedInv6457ZeroWord = 64'h5400000000000000;
      |                          ^~~~~~~~~~~~~~~~~~~~~
%Warning-UNUSEDPARAM: ips/pkgs/prim_secded_pkg.sv:198:25: Parameter is not used: 'SecdedInv7264ZeroEcc'
                                                        : ... note: In instance 'uart'
  198 |   parameter logic [7:0] SecdedInv7264ZeroEcc = 8'hAA;
      |                         ^~~~~~~~~~~~~~~~~~~~
%Warning-UNUSEDPARAM: ips/pkgs/prim_secded_pkg.sv:199:26: Parameter is not used: 'SecdedInv7264ZeroWord'
                                                        : ... note: In instance 'uart'
  199 |   parameter logic [71:0] SecdedInv7264ZeroWord = 72'hAA0000000000000000;
      |                          ^~~~~~~~~~~~~~~~~~~~~
%Warning-UNUSEDPARAM: ips/pkgs/prim_secded_pkg.sv:207:25: Parameter is not used: 'SecdedInvHamming2216ZeroEcc'
                                                        : ... note: In instance 'uart'
  207 |   parameter logic [5:0] SecdedInvHamming2216ZeroEcc = 6'h2A;
      |                         ^~~~~~~~~~~~~~~~~~~~~~~~~~~
%Warning-UNUSEDPARAM: ips/pkgs/prim_secded_pkg.sv:208:26: Parameter is not used: 'SecdedInvHamming2216ZeroWord'
                                                        : ... note: In instance 'uart'
  208 |   parameter logic [21:0] SecdedInvHamming2216ZeroWord = 22'h2A0000;
      |                          ^~~~~~~~~~~~~~~~~~~~~~~~~~~~
%Warning-UNUSEDPARAM: ips/pkgs/prim_secded_pkg.sv:216:25: Parameter is not used: 'SecdedInvHamming3932ZeroEcc'
                                                        : ... note: In instance 'uart'
  216 |   parameter logic [6:0] SecdedInvHamming3932ZeroEcc = 7'h2A;
      |                         ^~~~~~~~~~~~~~~~~~~~~~~~~~~
%Warning-UNUSEDPARAM: ips/pkgs/prim_secded_pkg.sv:217:26: Parameter is not used: 'SecdedInvHamming3932ZeroWord'
                                                        : ... note: In instance 'uart'
  217 |   parameter logic [38:0] SecdedInvHamming3932ZeroWord = 39'h2A00000000;
      |                          ^~~~~~~~~~~~~~~~~~~~~~~~~~~~
%Warning-UNUSEDPARAM: ips/pkgs/prim_secded_pkg.sv:225:25: Parameter is not used: 'SecdedInvHamming7264ZeroEcc'
                                                        : ... note: In instance 'uart'
  225 |   parameter logic [7:0] SecdedInvHamming7264ZeroEcc = 8'hAA;
      |                         ^~~~~~~~~~~~~~~~~~~~~~~~~~~
%Warning-UNUSEDPARAM: ips/pkgs/prim_secded_pkg.sv:226:26: Parameter is not used: 'SecdedInvHamming7264ZeroWord'
                                                        : ... note: In instance 'uart'
  226 |   parameter logic [71:0] SecdedInvHamming7264ZeroWord = 72'hAA0000000000000000;
      |                          ^~~~~~~~~~~~~~~~~~~~~~~~~~~~
%Warning-UNUSEDPARAM: ips/pkgs/prim_secded_pkg.sv:234:25: Parameter is not used: 'SecdedInvHamming7668ZeroEcc'
                                                        : ... note: In instance 'uart'
  234 |   parameter logic [7:0] SecdedInvHamming7668ZeroEcc = 8'hAA;
      |                         ^~~~~~~~~~~~~~~~~~~~~~~~~~~
%Warning-UNUSEDPARAM: ips/pkgs/prim_secded_pkg.sv:235:26: Parameter is not used: 'SecdedInvHamming7668ZeroWord'
                                                        : ... note: In instance 'uart'
  235 |   parameter logic [75:0] SecdedInvHamming7668ZeroWord = 76'hAA00000000000000000;
      |                          ^~~~~~~~~~~~~~~~~~~~~~~~~~~~
%Warning-UNUSEDSIGNAL: rtl/uart_core.sv:14:38: Bits of signal are not used: 'reg2hw'[33:22]
                                             : ... note: In instance 'uart.u_uart_core'
   14 |   input  uart_reg_pkg::uart_reg2hw_t reg2hw,
      |                                      ^~~~~~
                       ... For warning description see https://verilator.org/warn/UNUSEDSIGNAL?v=5.043
                       ... Use "/* verilator lint_off UNUSEDSIGNAL */" and lint_on around source to disable this message.
%Warning-UNUSEDSIGNAL: rtl/uart_core.sv:32:19: Signal is not driven, nor used: 'rx_val_q'
                                             : ... note: In instance 'uart.u_uart_core'
   32 |   logic   [15:0]  rx_val_q;
      |                   ^~~~~~~~
%Warning-UNUSEDSIGNAL: rtl/uart_core.sv:34:34: Signal is not used: 'rx_tick_baud'
                                             : ... note: In instance 'uart.u_uart_core'
   34 |   logic           tick_baud_x16, rx_tick_baud;
      |                                  ^~~~~~~~~~~~
%Warning-UNUSEDSIGNAL: rtl/uart_core.sv:38:30: Signal is not driven, nor used: 'rx_fifo_depth_prev_q'
                                             : ... note: In instance 'uart.u_uart_core'
   38 |   logic   [RxFifoDepthW-1:0] rx_fifo_depth_prev_q;
      |                              ^~~~~~~~~~~~~~~~~~~~
%Warning-UNUSEDSIGNAL: rtl/uart_core.sv:40:19: Signal is not driven, nor used: 'rx_timeout_count_d'
                                             : ... note: In instance 'uart.u_uart_core'
   40 |   logic   [23:0]  rx_timeout_count_d, rx_timeout_count_q, uart_rxto_val;
      |                   ^~~~~~~~~~~~~~~~~~
%Warning-UNUSEDSIGNAL: rtl/uart_core.sv:40:39: Signal is not driven, nor used: 'rx_timeout_count_q'
                                             : ... note: In instance 'uart.u_uart_core'
   40 |   logic   [23:0]  rx_timeout_count_d, rx_timeout_count_q, uart_rxto_val;
      |                                       ^~~~~~~~~~~~~~~~~~
%Warning-UNUSEDSIGNAL: rtl/uart_core.sv:40:59: Signal is not driven, nor used: 'uart_rxto_val'
                                             : ... note: In instance 'uart.u_uart_core'
   40 |   logic   [23:0]  rx_timeout_count_d, rx_timeout_count_q, uart_rxto_val;
      |                                                           ^~~~~~~~~~~~~
%Warning-UNUSEDSIGNAL: rtl/uart_core.sv:41:19: Signal is not driven, nor used: 'rx_fifo_depth_changed'
                                             : ... note: In instance 'uart.u_uart_core'
   41 |   logic           rx_fifo_depth_changed, uart_rxto_en;
      |                   ^~~~~~~~~~~~~~~~~~~~~
%Warning-UNUSEDSIGNAL: rtl/uart_core.sv:41:42: Signal is not driven, nor used: 'uart_rxto_en'
                                             : ... note: In instance 'uart.u_uart_core'
   41 |   logic           rx_fifo_depth_changed, uart_rxto_en;
      |                                          ^~~~~~~~~~~~
%Warning-UNUSEDSIGNAL: rtl/uart_core.sv:55:19: Signal is not driven, nor used: 'break_err'
                                             : ... note: In instance 'uart.u_uart_core'
   55 |   logic           break_err;
      |                   ^~~~~~~~~
%Warning-UNUSEDSIGNAL: rtl/uart_core.sv:56:19: Signal is not driven, nor used: 'allzero_cnt_d'
                                             : ... note: In instance 'uart.u_uart_core'
   56 |   logic   [4:0]   allzero_cnt_d, allzero_cnt_q;
      |                   ^~~~~~~~~~~~~
%Warning-UNUSEDSIGNAL: rtl/uart_core.sv:56:34: Signal is not driven, nor used: 'allzero_cnt_q'
                                             : ... note: In instance 'uart.u_uart_core'
   56 |   logic   [4:0]   allzero_cnt_d, allzero_cnt_q;
      |                                  ^~~~~~~~~~~~~
%Warning-UNUSEDSIGNAL: rtl/uart_core.sv:57:19: Signal is not driven, nor used: 'allzero_err'
                                             : ... note: In instance 'uart.u_uart_core'
   57 |   logic           allzero_err, not_allzero_char;
      |                   ^~~~~~~~~~~
%Warning-UNUSEDSIGNAL: rtl/uart_core.sv:57:32: Signal is not driven, nor used: 'not_allzero_char'
                                             : ... note: In instance 'uart.u_uart_core'
   57 |   logic           allzero_err, not_allzero_char;
      |                                ^~~~~~~~~~~~~~~~
%Warning-UNUSEDSIGNAL: rtl/uart_core.sv:58:19: Signal is not driven, nor used: 'event_tx_watermark'
                                             : ... note: In instance 'uart.u_uart_core'
   58 |   logic           event_tx_watermark, event_tx_empty, event_rx_watermark, event_tx_done;
      |                   ^~~~~~~~~~~~~~~~~~
%Warning-UNUSEDSIGNAL: rtl/uart_core.sv:58:39: Signal is not driven, nor used: 'event_tx_empty'
                                             : ... note: In instance 'uart.u_uart_core'
   58 |   logic           event_tx_watermark, event_tx_empty, event_rx_watermark, event_tx_done;
      |                                       ^~~~~~~~~~~~~~
%Warning-UNUSEDSIGNAL: rtl/uart_core.sv:58:55: Signal is not driven, nor used: 'event_rx_watermark'
                                             : ... note: In instance 'uart.u_uart_core'
   58 |   logic           event_tx_watermark, event_tx_empty, event_rx_watermark, event_tx_done;
      |                                                       ^~~~~~~~~~~~~~~~~~
%Warning-UNUSEDSIGNAL: rtl/uart_core.sv:58:75: Signal is not driven, nor used: 'event_tx_done'
                                             : ... note: In instance 'uart.u_uart_core'
   58 |   logic           event_tx_watermark, event_tx_empty, event_rx_watermark, event_tx_done;
      |                                                                           ^~~~~~~~~~~~~
%Warning-UNUSEDSIGNAL: rtl/uart_core.sv:59:19: Signal is not driven, nor used: 'event_rx_overflow'
                                             : ... note: In instance 'uart.u_uart_core'
   59 |   logic           event_rx_overflow, event_rx_frame_err, event_rx_break_err, event_rx_timeout;
      |                   ^~~~~~~~~~~~~~~~~
%Warning-UNUSEDSIGNAL: rtl/uart_core.sv:59:58: Signal is not driven, nor used: 'event_rx_break_err'
                                             : ... note: In instance 'uart.u_uart_core'
   59 |   logic           event_rx_overflow, event_rx_frame_err, event_rx_break_err, event_rx_timeout;
      |                                                          ^~~~~~~~~~~~~~~~~~
%Warning-UNUSEDSIGNAL: rtl/uart_core.sv:59:78: Signal is not driven, nor used: 'event_rx_timeout'
                                             : ... note: In instance 'uart.u_uart_core'
   59 |   logic           event_rx_overflow, event_rx_frame_err, event_rx_break_err, event_rx_timeout;
      |                                                                              ^~~~~~~~~~~~~~~~
%Warning-UNUSEDSIGNAL: rtl/uart_core.sv:61:19: Signal is not driven, nor used: 'tx_uart_idle_q'
                                             : ... note: In instance 'uart.u_uart_core'
   61 |   logic           tx_uart_idle_q;
      |                   ^~~~~~~~~~~~~~
%Warning-UNUSEDPARAM: ips/pkgs/prim_alert_pkg.sv:19:24: Parameter is not used: 'ALERT_TX_DEFAULT'
                                                      : ... note: In instance 'uart.u_uart_core'
   19 |   parameter alert_tx_t ALERT_TX_DEFAULT = '{alert_p:  1'b0,
      |                        ^~~~~~~~~~~~~~~~
%Warning-UNUSEDPARAM: ips/pkgs/prim_alert_pkg.sv:22:24: Parameter is not used: 'ALERT_RX_DEFAULT'
                                                      : ... note: In instance 'uart.u_uart_core'
   22 |   parameter alert_rx_t ALERT_RX_DEFAULT = '{ping_p: 1'b0,
      |                        ^~~~~~~~~~~~~~~~
%Warning-UNUSEDPARAM: rtl/uart_reg_pkg.sv:157:25: Parameter is not used: 'UART_STATUS_RESVAL'
                                                : ... note: In instance 'uart.u_uart_core.uart_tx'
  157 |   parameter logic [5:0] UART_STATUS_RESVAL = 6'h 3c;
      |                         ^~~~~~~~~~~~~~~~~~
%Warning-UNUSEDPARAM: rtl/uart_reg_pkg.sv:158:25: Parameter is not used: 'UART_STATUS_TXEMPTY_RESVAL'
                                                : ... note: In instance 'uart.u_uart_core.uart_tx'
  158 |   parameter logic [0:0] UART_STATUS_TXEMPTY_RESVAL = 1'h 1;
      |                         ^~~~~~~~~~~~~~~~~~~~~~~~~~
%Warning-UNUSEDPARAM: rtl/uart_reg_pkg.sv:159:25: Parameter is not used: 'UART_STATUS_TXIDLE_RESVAL'
                                                : ... note: In instance 'uart.u_uart_core.uart_tx'
  159 |   parameter logic [0:0] UART_STATUS_TXIDLE_RESVAL = 1'h 1;
      |                         ^~~~~~~~~~~~~~~~~~~~~~~~~
%Warning-UNUSEDPARAM: rtl/uart_reg_pkg.sv:160:25: Parameter is not used: 'UART_STATUS_RXIDLE_RESVAL'
                                                : ... note: In instance 'uart.u_uart_core.uart_tx'
  160 |   parameter logic [0:0] UART_STATUS_RXIDLE_RESVAL = 1'h 1;
      |                         ^~~~~~~~~~~~~~~~~~~~~~~~~
%Warning-UNUSEDPARAM: rtl/uart_reg_pkg.sv:161:25: Parameter is not used: 'UART_STATUS_RXEMPTY_RESVAL'
                                                : ... note: In instance 'uart.u_uart_core.uart_tx'
  161 |   parameter logic [0:0] UART_STATUS_RXEMPTY_RESVAL = 1'h 1;
      |                         ^~~~~~~~~~~~~~~~~~~~~~~~~~
%Warning-UNUSEDPARAM: rtl/uart_reg_pkg.sv:162:25: Parameter is not used: 'UART_RDATA_RESVAL'
                                                : ... note: In instance 'uart.u_uart_core.uart_tx'
  162 |   parameter logic [7:0] UART_RDATA_RESVAL = 8'h 0;
      |                         ^~~~~~~~~~~~~~~~~
%Warning-UNUSEDPARAM: rtl/uart_reg_pkg.sv:163:26: Parameter is not used: 'UART_FIFO_STATUS_RESVAL'
                                                : ... note: In instance 'uart.u_uart_core.uart_tx'
  163 |   parameter logic [23:0] UART_FIFO_STATUS_RESVAL = 24'h 0;
      |                          ^~~~~~~~~~~~~~~~~~~~~~~
%Warning-UNUSEDSIGNAL: ips/tlul/tlul_adapter_reg.sv:65:51: Signal is not used: 'instr_error'
                                                         : ... note: In instance 'uart.u_reg.u_reg_if'
   65 |   logic             error_q, error, err_internal, instr_error, intg_error;
      |                                                   ^~~~~~~~~~~
%Warning-UNUSEDSIGNAL: ips/tlul/tlul_adapter_reg.sv:65:64: Signal is not used: 'intg_error'
                                                         : ... note: In instance 'uart.u_reg.u_reg_if'
   65 |   logic             error_q, error, err_internal, instr_error, intg_error;
      |                                                                ^~~~~~~~~~
%Warning-UNUSEDSIGNAL: ips/tlul/tlul_adapter_reg.sv:68:9: Signal is not used: 'malformed_meta_err'
                                                        : ... note: In instance 'uart.u_reg.u_reg_if'
   68 |   logic malformed_meta_err;  
      |         ^~~~~~~~~~~~~~~~~~
%Warning-UNUSEDSIGNAL: ips/tlul/tlul_adapter_reg.sv:69:9: Signal is not used: 'tl_err'
                                                        : ... note: In instance 'uart.u_reg.u_reg_if'
   69 |   logic tl_err;              
      |         ^~~~~~
%Warning-UNUSEDSIGNAL: ips/tlul/tlul_err.sv:9:9: Signal is not used: 'clk_i'
                                               : ... note: In instance 'uart.u_reg.u_reg_if.u_err'
    9 |   input clk_i,
      |         ^~~~~
%Warning-UNUSEDSIGNAL: ips/tlul/tlul_err.sv:10:9: Signal is not used: 'rst_ni'
                                                : ... note: In instance 'uart.u_reg.u_reg_if.u_err'
   10 |   input rst_ni,
      |         ^~~~~~
%Warning-UNUSEDSIGNAL: ips/tlul/tlul_err.sv:12:18: Bits of signal are not used: 'tl_i'[104:102,99:92,55:24,0]
                                                 : ... note: In instance 'uart.u_reg.u_reg_if.u_err'
   12 |   input tl_h2d_t tl_i,
      |                  ^~~~
%Warning-UNUSEDPARAM: ips/tlul/tlul_err.sv:17:18: Parameter is not used: 'IW'
                                                : ... note: In instance 'uart.u_reg.u_reg_if.u_err'
   17 |   localparam int IW  = $bits(tl_i.a_source);
      |                  ^~
%Warning-UNUSEDPARAM: ips/tlul/tlul_err.sv:18:18: Parameter is not used: 'SZW'
                                                : ... note: In instance 'uart.u_reg.u_reg_if.u_err'
   18 |   localparam int SZW = $bits(tl_i.a_size);
      |                  ^~~
%Warning-UNUSEDPARAM: ips/pkgs/tlul_pkg.sv:14:13: Parameter is not used: 'ArbiterImpl'
                                                : ... note: In instance 'uart.u_uart_core.u_uart_rxfifo.gen_normal_fifo.u_fifo_cnt'
   14 |   parameter ArbiterImpl = "PPC";
      |             ^~~~~~~~~~~
%Warning-UNUSEDPARAM: ips/pkgs/tlul_pkg.sv:29:17: Parameter is not used: 'H2DCmdFullWidth'
                                                : ... note: In instance 'uart.u_uart_core.u_uart_rxfifo.gen_normal_fifo.u_fifo_cnt'
   29 |   parameter int H2DCmdFullWidth = H2DCmdMaxWidth + H2DCmdIntgWidth;
      |                 ^~~~~~~~~~~~~~~
%Warning-UNUSEDPARAM: ips/pkgs/tlul_pkg.sv:32:17: Parameter is not used: 'D2HRspFullWidth'
                                                : ... note: In instance 'uart.u_uart_core.u_uart_rxfifo.gen_normal_fifo.u_fifo_cnt'
   32 |   parameter int D2HRspFullWidth = D2HRspMaxWidth + D2HRspIntgWidth;
      |                 ^~~~~~~~~~~~~~~
%Warning-UNUSEDPARAM: ips/pkgs/tlul_pkg.sv:35:17: Parameter is not used: 'DataFullWidth'
                                                : ... note: In instance 'uart.u_uart_core.u_uart_rxfifo.gen_normal_fifo.u_fifo_cnt'
   35 |   parameter int DataFullWidth   = DataMaxWidth + DataIntgWidth;
      |                 ^~~~~~~~~~~~~
%Warning-UNUSEDPARAM: ips/pkgs/tlul_pkg.sv:39:40: Parameter is not used: 'DataWhenInstrError'
                                                : ... note: In instance 'uart.u_uart_core.u_uart_rxfifo.gen_normal_fifo.u_fifo_cnt'
   39 |   parameter logic [top_pkg::TL_DW-1:0] DataWhenInstrError = '0;
      |                                        ^~~~~~~~~~~~~~~~~~
%Warning-UNUSEDPARAM: ips/pkgs/tlul_pkg.sv:42:40: Parameter is not used: 'DataWhenError'
                                                : ... note: In instance 'uart.u_uart_core.u_uart_rxfifo.gen_normal_fifo.u_fifo_cnt'
   42 |   parameter logic [top_pkg::TL_DW-1:0] DataWhenError      = {top_pkg::TL_DW{1'b1}};
      |                                        ^~~~~~~~~~~~~
%Warning-UNUSEDPARAM: ips/pkgs/tlul_pkg.sv:87:23: Parameter is not used: 'TL_H2D_DEFAULT'
                                                : ... note: In instance 'uart.u_uart_core.u_uart_rxfifo.gen_normal_fifo.u_fifo_cnt'
   87 |   localparam tl_h2d_t TL_H2D_DEFAULT = '{
      |                       ^~~~~~~~~~~~~~
%Warning-UNUSEDPARAM: ips/pkgs/tlul_pkg.sv:131:23: Parameter is not used: 'TL_D2H_DEFAULT'
                                                 : ... note: In instance 'uart.u_uart_core.u_uart_rxfifo.gen_normal_fifo.u_fifo_cnt'
  131 |   localparam tl_d2h_t TL_D2H_DEFAULT = '{
      |                       ^~~~~~~~~~~~~~
- V e r i l a t i o n   R e p o r t: Verilator 5.043 devel rev v5.042-75-g0b8c36974
- Verilator: Built from 15.879 MB sources in 68 modules, into 0.136 MB in 3 C++ files needing 0.000 MB
- Verilator: Walltime 0.125 s (elab=0.033, cvt=0.041, bld=0.000); cpu 0.123 s on 1 threads; alloced 38.617 MB
