analysis=power_analysis corner=ff stage=post_syn
workload=smoke_sv_ff
gls_report=/tmp/flexsoc-ip-v1-release-20260914/uart-axi_lite/runs/uart/release/dv/functional/sim/post_syn/sky130/uart_post_syn_smoke_sv_ff.json
activity_file=/tmp/flexsoc-ip-v1-release-20260914/uart-axi_lite/runs/uart/release/signoff/sky130/power/activity/captures/uart_sky130_smoke_sv_ff.vcd
activity_scope=uart_tb/u_uart
liberty=/home/eneadim/github/flexsoc/.flexsoc/pdks/ciel/sky130/versions/f6eeac7dad085ffcc829ccfd721f7b4ce39edcf7/sky130A/libs.ref/sky130_fd_sc_hd/lib/sky130_fd_sc_hd__ff_n40C_1v95_ccsnoise.lib
netlist=/tmp/flexsoc-ip-v1-release-20260914/uart-axi_lite/runs/uart/release/syn/sky130/uart_synth.v
sdc=/tmp/flexsoc-ip-v1-release-20260914/uart-axi_lite/runs/uart/release/constraints/uart.sdc
spef=

=== Units ===
 time 1ns
 capacitance 1pF
 resistance 1kohm
 voltage 1v
 current 1mA
 power 1nW
 distance 1um

=== Constraint validation ===

=== Activity annotation ===
annotated_percent=100.00%
Unannotated pins: none

=== Power summary ===
Group                  Internal  Switching    Leakage      Total
                          Power      Power      Power      Power (Watts)
----------------------------------------------------------------
Sequential             2.41e-03   6.14e-06   8.94e-09   2.42e-03  96.1%
Combinational          4.25e-05   5.67e-05   1.08e-08   9.92e-05   3.9%
Clock                  0.00e+00   0.00e+00   0.00e+00   0.00e+00   0.0%
Macro                  0.00e+00   0.00e+00   0.00e+00   0.00e+00   0.0%
Pad                    0.00e+00   0.00e+00   0.00e+00   0.00e+00   0.0%
----------------------------------------------------------------
Total                  2.45e-03   6.28e-05   1.98e-08   2.52e-03 100.0%
                          97.5%       2.5%       0.0%

=== FlexSoC normalized power fields ===
dynamic_power_definition=internal_power+switching_power
power_unit=OpenSTA report unit; see Units section
internal_power=0.00245
switching_power=6.28e-05
dynamic_power=0.0025128
leakage_power=1.98e-08
total_power=0.00252
