analysis=power_estimate activity_source=input_assumption
activity_model=input
activity=0.1
duty=0.5
corner=ss stage=post_syn
liberty=/home/eneadim/github/flexsoc/.flexsoc/pdks/ciel/sky130/versions/f6eeac7dad085ffcc829ccfd721f7b4ce39edcf7/sky130A/libs.ref/sky130_fd_sc_hd/lib/sky130_fd_sc_hd__ss_n40C_1v76.lib
netlist=/tmp/flexsoc-ip-v1-release-20260914/uart-tlul/runs/uart/release/syn/sky130/uart_synth.v
sdc=/tmp/flexsoc-ip-v1-release-20260914/uart-tlul/runs/uart/release/constraints/uart.sdc
spef=

=== Units ===
 time 1ns
 capacitance 1pF
 resistance 1kohm
 voltage 1v
 current 1mA
 power 1nW
 distance 1um

=== Constraint validation ===

=== Power summary ===
Group                  Internal  Switching    Leakage      Total
                          Power      Power      Power      Power (Watts)
----------------------------------------------------------------
Sequential             1.57e-03   2.01e-05   1.81e-09   1.59e-03  86.5%
Combinational          1.24e-04   1.26e-04   2.65e-09   2.49e-04  13.5%
Clock                  0.00e+00   0.00e+00   0.00e+00   0.00e+00   0.0%
Macro                  0.00e+00   0.00e+00   0.00e+00   0.00e+00   0.0%
Pad                    0.00e+00   0.00e+00   0.00e+00   0.00e+00   0.0%
----------------------------------------------------------------
Total                  1.70e-03   1.46e-04   4.46e-09   1.84e-03 100.0%
                          92.1%       7.9%       0.0%

=== FlexSoC normalized power fields ===
dynamic_power_definition=internal_power+switching_power
power_unit=OpenSTA report unit; see Units section
internal_power=0.0017
switching_power=0.000146
dynamic_power=0.001846
leakage_power=4.46e-09
total_power=0.00184
