analysis=fusion_analysis corner=ff mode=hold stage=post_syn
workload=random_small_sv_ff
methodology=staged_public_opensta
path_power_semantics=average_instance_power_in_same_analysis_context
activity_file=/home/eneadim/github/flexsoc/workspace/runs/cordic/dev/signoff/sky130/power/activity/captures/cordic_sky130_random_small_sv_ff.vcd
activity_scope=cordic_tb/u_cordic
liberty=/home/eneadim/github/flexsoc/.flexsoc/pdks/ciel/sky130/versions/f6eeac7dad085ffcc829ccfd721f7b4ce39edcf7/sky130A/libs.ref/sky130_fd_sc_hd/lib/sky130_fd_sc_hd__ff_n40C_1v95_ccsnoise.lib
netlist=/home/eneadim/github/flexsoc/workspace/runs/cordic/dev/syn/sky130/cordic_synth.v
sdc=/home/eneadim/github/flexsoc/workspace/runs/cordic/dev/signoff/sky130/cordic.sdc
spef=

=== Units ===
 time 1ns
 capacitance 1pF
 resistance 1kohm
 voltage 1v
 current 1mA
 power 1nW
 distance 1um

=== Constraint validation ===

=== Timing summary ===
wns min wns min 0.00
tns min tns min 0.00

=== Power summary ===
Group                  Internal  Switching    Leakage      Total
                          Power      Power      Power      Power (Watts)
----------------------------------------------------------------
Sequential             1.41e-03   4.74e-06   3.89e-09   1.41e-03  94.0%
Combinational          3.79e-05   5.17e-05   8.36e-09   8.96e-05   6.0%
Clock                  0.00e+00   0.00e+00   0.00e+00   0.00e+00   0.0%
Macro                  0.00e+00   0.00e+00   0.00e+00   0.00e+00   0.0%
Pad                    0.00e+00   0.00e+00   0.00e+00   0.00e+00   0.0%
----------------------------------------------------------------
Total                  1.45e-03   5.64e-05   1.22e-08   1.50e-03 100.0%
                          96.2%       3.8%       0.0%

=== Worst timing paths (violated or met) ===
Startpoint: _4430_ (rising edge-triggered flip-flop clocked by core)
Endpoint: _4710_ (rising edge-triggered flip-flop clocked by core)
Path Group: core
Path Type: min

Fanout         Cap        Slew       Delay        Time   Description
---------------------------------------------------------------------------------------------
                      0.000000    0.000000    0.000000   clock core (rise edge)
                                  0.000000    0.000000   clock network delay (ideal)
                      0.000000    0.000000    0.000000 ^ _4430_/CLK (sky130_fd_sc_hd__dfrtp_1)
     4    0.009387    0.072484    0.220276    0.220276 ^ _4430_/Q (sky130_fd_sc_hd__dfrtp_1)
                                                         u_cordic_reg.u_ctrl_start.q (net)
                      0.072484    0.000000    0.220276 ^ _4710_/D (sky130_fd_sc_hd__dfrtp_1)
                                              0.220276   data arrival time

                      0.000000    0.000000    0.000000   clock core (rise edge)
                                  0.000000    0.000000   clock network delay (ideal)
                                  0.000000    0.000000   clock reconvergence pessimism
                                              0.000000 ^ _4710_/CLK (sky130_fd_sc_hd__dfrtp_1)
                                 -0.023770   -0.023770   library hold time
                                             -0.023770   data required time
---------------------------------------------------------------------------------------------
                                             -0.023770   data required time
                                             -0.220276   data arrival time
---------------------------------------------------------------------------------------------
                                              0.244046   slack (MET)


Startpoint: _4582_ (rising edge-triggered flip-flop clocked by core)
Endpoint: _4582_ (rising edge-triggered flip-flop clocked by core)
Path Group: core
Path Type: min

Fanout         Cap        Slew       Delay        Time   Description
---------------------------------------------------------------------------------------------
                      0.000000    0.000000    0.000000   clock core (rise edge)
                                  0.000000    0.000000   clock network delay (ideal)
                      0.000000    0.000000    0.000000 ^ _4582_/CLK (sky130_fd_sc_hd__dfrtp_1)
     2    0.002422    0.030608    0.185564    0.185564 ^ _4582_/Q (sky130_fd_sc_hd__dfrtp_1)
                                                         u_cordic_reg.u_reg_if.reqsz_q[0] (net)
                      0.030608    0.000000    0.185564 ^ _4339_/B (sky130_fd_sc_hd__nand2_1)
     1    0.002219    0.017207    0.025845    0.211409 v _4339_/Y (sky130_fd_sc_hd__nand2_1)
                                                         _1471_ (net)
                      0.017207    0.000000    0.211409 v _4340_/B (sky130_fd_sc_hd__nand2_1)
     1    0.002086    0.023229    0.033813    0.245221 ^ _4340_/Y (sky130_fd_sc_hd__nand2_1)
                                                         _0114_ (net)
                      0.023229    0.000000    0.245221 ^ _4582_/D (sky130_fd_sc_hd__dfrtp_1)
                                              0.245221   data arrival time

                      0.000000    0.000000    0.000000   clock core (rise edge)
                                  0.000000    0.000000   clock network delay (ideal)
                                  0.000000    0.000000   clock reconvergence pessimism
                                              0.000000 ^ _4582_/CLK (sky130_fd_sc_hd__dfrtp_1)
                                 -0.020020   -0.020020   library hold time
                                             -0.020020   data required time
---------------------------------------------------------------------------------------------
                                             -0.020020   data required time
                                             -0.245221   data arrival time
---------------------------------------------------------------------------------------------
                                              0.265242   slack (MET)


Startpoint: _4583_ (rising edge-triggered flip-flop clocked by core)
Endpoint: _4583_ (rising edge-triggered flip-flop clocked by core)
Path Group: core
Path Type: min

Fanout         Cap        Slew       Delay        Time   Description
---------------------------------------------------------------------------------------------
                      0.000000    0.000000    0.000000   clock core (rise edge)
                                  0.000000    0.000000   clock network delay (ideal)
                      0.000000    0.000000    0.000000 ^ _4583_/CLK (sky130_fd_sc_hd__dfrtp_1)
     2    0.002422    0.030608    0.185564    0.185564 ^ _4583_/Q (sky130_fd_sc_hd__dfrtp_1)
                                                         u_cordic_reg.u_reg_if.reqsz_q[1] (net)
                      0.030608    0.000000    0.185564 ^ _2651_/B (sky130_fd_sc_hd__nand2_1)
     1    0.002219    0.017207    0.025845    0.211409 v _2651_/Y (sky130_fd_sc_hd__nand2_1)
                                                         _1830_ (net)
                      0.017207    0.000000    0.211409 v _2652_/B (sky130_fd_sc_hd__nand2_1)
     1    0.002086    0.023229    0.033813    0.245221 ^ _2652_/Y (sky130_fd_sc_hd__nand2_1)
                                                         _0277_ (net)
                      0.023229    0.000000    0.245221 ^ _4583_/D (sky130_fd_sc_hd__dfrtp_1)
                                              0.245221   data arrival time

                      0.000000    0.000000    0.000000   clock core (rise edge)
                                  0.000000    0.000000   clock network delay (ideal)
                                  0.000000    0.000000   clock reconvergence pessimism
                                              0.000000 ^ _4583_/CLK (sky130_fd_sc_hd__dfrtp_1)
                                 -0.020020   -0.020020   library hold time
                                             -0.020020   data required time
---------------------------------------------------------------------------------------------
                                             -0.020020   data required time
                                             -0.245221   data arrival time
---------------------------------------------------------------------------------------------
                                              0.265242   slack (MET)


Startpoint: _4584_ (rising edge-triggered flip-flop clocked by core)
Endpoint: _4584_ (rising edge-triggered flip-flop clocked by core)
Path Group: core
Path Type: min

Fanout         Cap        Slew       Delay        Time   Description
---------------------------------------------------------------------------------------------
                      0.000000    0.000000    0.000000   clock core (rise edge)
                                  0.000000    0.000000   clock network delay (ideal)
                      0.000000    0.000000    0.000000 ^ _4584_/CLK (sky130_fd_sc_hd__dfrtp_1)
     2    0.002422    0.030608    0.185564    0.185564 ^ _4584_/Q (sky130_fd_sc_hd__dfrtp_1)
                                                         u_cordic_reg.u_reg_if.reqid_q[0] (net)
                      0.030608    0.000000    0.185564 ^ _4336_/B (sky130_fd_sc_hd__nand2_1)
     1    0.002219    0.017207    0.025845    0.211409 v _4336_/Y (sky130_fd_sc_hd__nand2_1)
                                                         _1469_ (net)
                      0.017207    0.000000    0.211409 v _4337_/B (sky130_fd_sc_hd__nand2_1)
     1    0.002086    0.023229    0.033813    0.245221 ^ _4337_/Y (sky130_fd_sc_hd__nand2_1)
                                                         _0113_ (net)
                      0.023229    0.000000    0.245221 ^ _4584_/D (sky130_fd_sc_hd__dfrtp_1)
                                              0.245221   data arrival time

                      0.000000    0.000000    0.000000   clock core (rise edge)
                                  0.000000    0.000000   clock network delay (ideal)
                                  0.000000    0.000000   clock reconvergence pessimism
                                              0.000000 ^ _4584_/CLK (sky130_fd_sc_hd__dfrtp_1)
                                 -0.020020   -0.020020   library hold time
                                             -0.020020   data required time
---------------------------------------------------------------------------------------------
                                             -0.020020   data required time
                                             -0.245221   data arrival time
---------------------------------------------------------------------------------------------
                                              0.265242   slack (MET)


Startpoint: _4585_ (rising edge-triggered flip-flop clocked by core)
Endpoint: _4585_ (rising edge-triggered flip-flop clocked by core)
Path Group: core
Path Type: min

Fanout         Cap        Slew       Delay        Time   Description
---------------------------------------------------------------------------------------------
                      0.000000    0.000000    0.000000   clock core (rise edge)
                                  0.000000    0.000000   clock network delay (ideal)
                      0.000000    0.000000    0.000000 ^ _4585_/CLK (sky130_fd_sc_hd__dfrtp_1)
     2    0.002422    0.030608    0.185564    0.185564 ^ _4585_/Q (sky130_fd_sc_hd__dfrtp_1)
                                                         u_cordic_reg.u_reg_if.reqid_q[1] (net)
                      0.030608    0.000000    0.185564 ^ _4333_/B (sky130_fd_sc_hd__nand2_1)
     1    0.002219    0.017207    0.025845    0.211409 v _4333_/Y (sky130_fd_sc_hd__nand2_1)
                                                         _1467_ (net)
                      0.017207    0.000000    0.211409 v _4334_/B (sky130_fd_sc_hd__nand2_1)
     1    0.002086    0.023229    0.033813    0.245221 ^ _4334_/Y (sky130_fd_sc_hd__nand2_1)
                                                         _0112_ (net)
                      0.023229    0.000000    0.245221 ^ _4585_/D (sky130_fd_sc_hd__dfrtp_1)
                                              0.245221   data arrival time

                      0.000000    0.000000    0.000000   clock core (rise edge)
                                  0.000000    0.000000   clock network delay (ideal)
                                  0.000000    0.000000   clock reconvergence pessimism
                                              0.000000 ^ _4585_/CLK (sky130_fd_sc_hd__dfrtp_1)
                                 -0.020020   -0.020020   library hold time
                                             -0.020020   data required time
---------------------------------------------------------------------------------------------
                                             -0.020020   data required time
                                             -0.245221   data arrival time
---------------------------------------------------------------------------------------------
                                              0.265242   slack (MET)


Startpoint: _4586_ (rising edge-triggered flip-flop clocked by core)
Endpoint: _4586_ (rising edge-triggered flip-flop clocked by core)
Path Group: core
Path Type: min

Fanout         Cap        Slew       Delay        Time   Description
---------------------------------------------------------------------------------------------
                      0.000000    0.000000    0.000000   clock core (rise edge)
                                  0.000000    0.000000   clock network delay (ideal)
                      0.000000    0.000000    0.000000 ^ _4586_/CLK (sky130_fd_sc_hd__dfrtp_1)
     2    0.002422    0.030608    0.185564    0.185564 ^ _4586_/Q (sky130_fd_sc_hd__dfrtp_1)
                                                         u_cordic_reg.u_reg_if.reqid_q[2] (net)
                      0.030608    0.000000    0.185564 ^ _4330_/B (sky130_fd_sc_hd__nand2_1)
     1    0.002219    0.017207    0.025845    0.211409 v _4330_/Y (sky130_fd_sc_hd__nand2_1)
                                                         _1465_ (net)
                      0.017207    0.000000    0.211409 v _4331_/B (sky130_fd_sc_hd__nand2_1)
     1    0.002086    0.023229    0.033813    0.245221 ^ _4331_/Y (sky130_fd_sc_hd__nand2_1)
                                                         _0111_ (net)
                      0.023229    0.000000    0.245221 ^ _4586_/D (sky130_fd_sc_hd__dfrtp_1)
                                              0.245221   data arrival time

                      0.000000    0.000000    0.000000   clock core (rise edge)
                                  0.000000    0.000000   clock network delay (ideal)
                                  0.000000    0.000000   clock reconvergence pessimism
                                              0.000000 ^ _4586_/CLK (sky130_fd_sc_hd__dfrtp_1)
                                 -0.020020   -0.020020   library hold time
                                             -0.020020   data required time
---------------------------------------------------------------------------------------------
                                             -0.020020   data required time
                                             -0.245221   data arrival time
---------------------------------------------------------------------------------------------
                                              0.265242   slack (MET)


Startpoint: _4587_ (rising edge-triggered flip-flop clocked by core)
Endpoint: _4587_ (rising edge-triggered flip-flop clocked by core)
Path Group: core
Path Type: min

Fanout         Cap        Slew       Delay        Time   Description
---------------------------------------------------------------------------------------------
                      0.000000    0.000000    0.000000   clock core (rise edge)
                                  0.000000    0.000000   clock network delay (ideal)
                      0.000000    0.000000    0.000000 ^ _4587_/CLK (sky130_fd_sc_hd__dfrtp_1)
     2    0.002422    0.030608    0.185564    0.185564 ^ _4587_/Q (sky130_fd_sc_hd__dfrtp_1)
                                                         u_cordic_reg.u_reg_if.reqid_q[3] (net)
                      0.030608    0.000000    0.185564 ^ _4327_/B (sky130_fd_sc_hd__nand2_1)
     1    0.002219    0.017207    0.025845    0.211409 v _4327_/Y (sky130_fd_sc_hd__nand2_1)
                                                         _1463_ (net)
                      0.017207    0.000000    0.211409 v _4328_/B (sky130_fd_sc_hd__nand2_1)
     1    0.002086    0.023229    0.033813    0.245221 ^ _4328_/Y (sky130_fd_sc_hd__nand2_1)
                                                         _0110_ (net)
                      0.023229    0.000000    0.245221 ^ _4587_/D (sky130_fd_sc_hd__dfrtp_1)
                                              0.245221   data arrival time

                      0.000000    0.000000    0.000000   clock core (rise edge)
                                  0.000000    0.000000   clock network delay (ideal)
                                  0.000000    0.000000   clock reconvergence pessimism
                                              0.000000 ^ _4587_/CLK (sky130_fd_sc_hd__dfrtp_1)
                                 -0.020020   -0.020020   library hold time
                                             -0.020020   data required time
---------------------------------------------------------------------------------------------
                                             -0.020020   data required time
                                             -0.245221   data arrival time
---------------------------------------------------------------------------------------------
                                              0.265242   slack (MET)


Startpoint: _4588_ (rising edge-triggered flip-flop clocked by core)
Endpoint: _4588_ (rising edge-triggered flip-flop clocked by core)
Path Group: core
Path Type: min

Fanout         Cap        Slew       Delay        Time   Description
---------------------------------------------------------------------------------------------
                      0.000000    0.000000    0.000000   clock core (rise edge)
                                  0.000000    0.000000   clock network delay (ideal)
                      0.000000    0.000000    0.000000 ^ _4588_/CLK (sky130_fd_sc_hd__dfrtp_1)
     2    0.002422    0.030608    0.185564    0.185564 ^ _4588_/Q (sky130_fd_sc_hd__dfrtp_1)
                                                         u_cordic_reg.u_reg_if.reqid_q[4] (net)
                      0.030608    0.000000    0.185564 ^ _4324_/B (sky130_fd_sc_hd__nand2_1)
     1    0.002219    0.017207    0.025845    0.211409 v _4324_/Y (sky130_fd_sc_hd__nand2_1)
                                                         _1461_ (net)
                      0.017207    0.000000    0.211409 v _4325_/B (sky130_fd_sc_hd__nand2_1)
     1    0.002086    0.023229    0.033813    0.245221 ^ _4325_/Y (sky130_fd_sc_hd__nand2_1)
                                                         _0109_ (net)
                      0.023229    0.000000    0.245221 ^ _4588_/D (sky130_fd_sc_hd__dfrtp_1)
                                              0.245221   data arrival time

                      0.000000    0.000000    0.000000   clock core (rise edge)
                                  0.000000    0.000000   clock network delay (ideal)
                                  0.000000    0.000000   clock reconvergence pessimism
                                              0.000000 ^ _4588_/CLK (sky130_fd_sc_hd__dfrtp_1)
                                 -0.020020   -0.020020   library hold time
                                             -0.020020   data required time
---------------------------------------------------------------------------------------------
                                             -0.020020   data required time
                                             -0.245221   data arrival time
---------------------------------------------------------------------------------------------
                                              0.265242   slack (MET)


Startpoint: _4589_ (rising edge-triggered flip-flop clocked by core)
Endpoint: _4589_ (rising edge-triggered flip-flop clocked by core)
Path Group: core
Path Type: min

Fanout         Cap        Slew       Delay        Time   Description
---------------------------------------------------------------------------------------------
                      0.000000    0.000000    0.000000   clock core (rise edge)
                                  0.000000    0.000000   clock network delay (ideal)
                      0.000000    0.000000    0.000000 ^ _4589_/CLK (sky130_fd_sc_hd__dfrtp_1)
     2    0.002422    0.030608    0.185564    0.185564 ^ _4589_/Q (sky130_fd_sc_hd__dfrtp_1)
                                                         u_cordic_reg.u_reg_if.reqid_q[5] (net)
                      0.030608    0.000000    0.185564 ^ _4321_/B (sky130_fd_sc_hd__nand2_1)
     1    0.002219    0.017207    0.025845    0.211409 v _4321_/Y (sky130_fd_sc_hd__nand2_1)
                                                         _1459_ (net)
                      0.017207    0.000000    0.211409 v _4322_/B (sky130_fd_sc_hd__nand2_1)
     1    0.002086    0.023229    0.033813    0.245221 ^ _4322_/Y (sky130_fd_sc_hd__nand2_1)
                                                         _0108_ (net)
                      0.023229    0.000000    0.245221 ^ _4589_/D (sky130_fd_sc_hd__dfrtp_1)
                                              0.245221   data arrival time

                      0.000000    0.000000    0.000000   clock core (rise edge)
                                  0.000000    0.000000   clock network delay (ideal)
                                  0.000000    0.000000   clock reconvergence pessimism
                                              0.000000 ^ _4589_/CLK (sky130_fd_sc_hd__dfrtp_1)
                                 -0.020020   -0.020020   library hold time
                                             -0.020020   data required time
---------------------------------------------------------------------------------------------
                                             -0.020020   data required time
                                             -0.245221   data arrival time
---------------------------------------------------------------------------------------------
                                              0.265242   slack (MET)


Startpoint: _4590_ (rising edge-triggered flip-flop clocked by core)
Endpoint: _4590_ (rising edge-triggered flip-flop clocked by core)
Path Group: core
Path Type: min

Fanout         Cap        Slew       Delay        Time   Description
---------------------------------------------------------------------------------------------
                      0.000000    0.000000    0.000000   clock core (rise edge)
                                  0.000000    0.000000   clock network delay (ideal)
                      0.000000    0.000000    0.000000 ^ _4590_/CLK (sky130_fd_sc_hd__dfrtp_1)
     2    0.002422    0.030608    0.185564    0.185564 ^ _4590_/Q (sky130_fd_sc_hd__dfrtp_1)
                                                         u_cordic_reg.u_reg_if.reqid_q[6] (net)
                      0.030608    0.000000    0.185564 ^ _4318_/B (sky130_fd_sc_hd__nand2_1)
     1    0.002219    0.017207    0.025845    0.211409 v _4318_/Y (sky130_fd_sc_hd__nand2_1)
                                                         _1457_ (net)
                      0.017207    0.000000    0.211409 v _4319_/B (sky130_fd_sc_hd__nand2_1)
     1    0.002086    0.023229    0.033813    0.245221 ^ _4319_/Y (sky130_fd_sc_hd__nand2_1)
                                                         _0107_ (net)
                      0.023229    0.000000    0.245221 ^ _4590_/D (sky130_fd_sc_hd__dfrtp_1)
                                              0.245221   data arrival time

                      0.000000    0.000000    0.000000   clock core (rise edge)
                                  0.000000    0.000000   clock network delay (ideal)
                                  0.000000    0.000000   clock reconvergence pessimism
                                              0.000000 ^ _4590_/CLK (sky130_fd_sc_hd__dfrtp_1)
                                 -0.020020   -0.020020   library hold time
                                             -0.020020   data required time
---------------------------------------------------------------------------------------------
                                             -0.020020   data required time
                                             -0.245221   data arrival time
---------------------------------------------------------------------------------------------
                                              0.265242   slack (MET)


Startpoint: rst_ni (input port clocked by core)
Endpoint: _4421_ (removal check against rising-edge clock core)
Path Group: asynchronous
Path Type: min

Fanout         Cap        Slew       Delay        Time   Description
---------------------------------------------------------------------------------------------
                      0.000000    0.000000    0.000000   clock core (rise edge)
                                  0.000000    0.000000   clock network delay (ideal)
                                  2.000000    2.000000 ^ input external delay
   293    1.060897    0.000000    0.000000    2.000000 ^ rst_ni (in)
                                                         rst_ni (net)
                      0.000000    0.000000    2.000000 ^ _4421_/RESET_B (sky130_fd_sc_hd__dfrtp_1)
                                              2.000000   data arrival time

                      0.000000    0.000000    0.000000   clock core (rise edge)
                                  0.000000    0.000000   clock network delay (ideal)
                                  0.000000    0.000000   clock reconvergence pessimism
                                              0.000000 ^ _4421_/CLK (sky130_fd_sc_hd__dfrtp_1)
                                  0.184780    0.184780   library removal time
                                              0.184780   data required time
---------------------------------------------------------------------------------------------
                                              0.184780   data required time
                                             -2.000000   data arrival time
---------------------------------------------------------------------------------------------
                                              1.815220   slack (MET)


Startpoint: rst_ni (input port clocked by core)
Endpoint: _4422_ (removal check against rising-edge clock core)
Path Group: asynchronous
Path Type: min

Fanout         Cap        Slew       Delay        Time   Description
---------------------------------------------------------------------------------------------
                      0.000000    0.000000    0.000000   clock core (rise edge)
                                  0.000000    0.000000   clock network delay (ideal)
                                  2.000000    2.000000 ^ input external delay
   293    1.060897    0.000000    0.000000    2.000000 ^ rst_ni (in)
                                                         rst_ni (net)
                      0.000000    0.000000    2.000000 ^ _4422_/RESET_B (sky130_fd_sc_hd__dfrtp_1)
                                              2.000000   data arrival time

                      0.000000    0.000000    0.000000   clock core (rise edge)
                                  0.000000    0.000000   clock network delay (ideal)
                                  0.000000    0.000000   clock reconvergence pessimism
                                              0.000000 ^ _4422_/CLK (sky130_fd_sc_hd__dfrtp_1)
                                  0.184780    0.184780   library removal time
                                              0.184780   data required time
---------------------------------------------------------------------------------------------
                                              0.184780   data required time
                                             -2.000000   data arrival time
---------------------------------------------------------------------------------------------
                                              1.815220   slack (MET)


Startpoint: rst_ni (input port clocked by core)
Endpoint: _4423_ (removal check against rising-edge clock core)
Path Group: asynchronous
Path Type: min

Fanout         Cap        Slew       Delay        Time   Description
---------------------------------------------------------------------------------------------
                      0.000000    0.000000    0.000000   clock core (rise edge)
                                  0.000000    0.000000   clock network delay (ideal)
                                  2.000000    2.000000 ^ input external delay
   293    1.060897    0.000000    0.000000    2.000000 ^ rst_ni (in)
                                                         rst_ni (net)
                      0.000000    0.000000    2.000000 ^ _4423_/RESET_B (sky130_fd_sc_hd__dfrtp_1)
                                              2.000000   data arrival time

                      0.000000    0.000000    0.000000   clock core (rise edge)
                                  0.000000    0.000000   clock network delay (ideal)
                                  0.000000    0.000000   clock reconvergence pessimism
                                              0.000000 ^ _4423_/CLK (sky130_fd_sc_hd__dfrtp_1)
                                  0.184780    0.184780   library removal time
                                              0.184780   data required time
---------------------------------------------------------------------------------------------
                                              0.184780   data required time
                                             -2.000000   data arrival time
---------------------------------------------------------------------------------------------
                                              1.815220   slack (MET)


Startpoint: rst_ni (input port clocked by core)
Endpoint: _4424_ (removal check against rising-edge clock core)
Path Group: asynchronous
Path Type: min

Fanout         Cap        Slew       Delay        Time   Description
---------------------------------------------------------------------------------------------
                      0.000000    0.000000    0.000000   clock core (rise edge)
                                  0.000000    0.000000   clock network delay (ideal)
                                  2.000000    2.000000 ^ input external delay
   293    1.060897    0.000000    0.000000    2.000000 ^ rst_ni (in)
                                                         rst_ni (net)
                      0.000000    0.000000    2.000000 ^ _4424_/RESET_B (sky130_fd_sc_hd__dfrtp_1)
                                              2.000000   data arrival time

                      0.000000    0.000000    0.000000   clock core (rise edge)
                                  0.000000    0.000000   clock network delay (ideal)
                                  0.000000    0.000000   clock reconvergence pessimism
                                              0.000000 ^ _4424_/CLK (sky130_fd_sc_hd__dfrtp_1)
                                  0.184780    0.184780   library removal time
                                              0.184780   data required time
---------------------------------------------------------------------------------------------
                                              0.184780   data required time
                                             -2.000000   data arrival time
---------------------------------------------------------------------------------------------
                                              1.815220   slack (MET)


Startpoint: rst_ni (input port clocked by core)
Endpoint: _4425_ (removal check against rising-edge clock core)
Path Group: asynchronous
Path Type: min

Fanout         Cap        Slew       Delay        Time   Description
---------------------------------------------------------------------------------------------
                      0.000000    0.000000    0.000000   clock core (rise edge)
                                  0.000000    0.000000   clock network delay (ideal)
                                  2.000000    2.000000 ^ input external delay
   293    1.060897    0.000000    0.000000    2.000000 ^ rst_ni (in)
                                                         rst_ni (net)
                      0.000000    0.000000    2.000000 ^ _4425_/RESET_B (sky130_fd_sc_hd__dfrtp_1)
                                              2.000000   data arrival time

                      0.000000    0.000000    0.000000   clock core (rise edge)
                                  0.000000    0.000000   clock network delay (ideal)
                                  0.000000    0.000000   clock reconvergence pessimism
                                              0.000000 ^ _4425_/CLK (sky130_fd_sc_hd__dfrtp_1)
                                  0.184780    0.184780   library removal time
                                              0.184780   data required time
---------------------------------------------------------------------------------------------
                                              0.184780   data required time
                                             -2.000000   data arrival time
---------------------------------------------------------------------------------------------
                                              1.815220   slack (MET)


Startpoint: rst_ni (input port clocked by core)
Endpoint: _4426_ (removal check against rising-edge clock core)
Path Group: asynchronous
Path Type: min

Fanout         Cap        Slew       Delay        Time   Description
---------------------------------------------------------------------------------------------
                      0.000000    0.000000    0.000000   clock core (rise edge)
                                  0.000000    0.000000   clock network delay (ideal)
                                  2.000000    2.000000 ^ input external delay
   293    1.060897    0.000000    0.000000    2.000000 ^ rst_ni (in)
                                                         rst_ni (net)
                      0.000000    0.000000    2.000000 ^ _4426_/RESET_B (sky130_fd_sc_hd__dfrtp_1)
                                              2.000000   data arrival time

                      0.000000    0.000000    0.000000   clock core (rise edge)
                                  0.000000    0.000000   clock network delay (ideal)
                                  0.000000    0.000000   clock reconvergence pessimism
                                              0.000000 ^ _4426_/CLK (sky130_fd_sc_hd__dfrtp_1)
                                  0.184780    0.184780   library removal time
                                              0.184780   data required time
---------------------------------------------------------------------------------------------
                                              0.184780   data required time
                                             -2.000000   data arrival time
---------------------------------------------------------------------------------------------
                                              1.815220   slack (MET)


Startpoint: rst_ni (input port clocked by core)
Endpoint: _4427_ (removal check against rising-edge clock core)
Path Group: asynchronous
Path Type: min

Fanout         Cap        Slew       Delay        Time   Description
---------------------------------------------------------------------------------------------
                      0.000000    0.000000    0.000000   clock core (rise edge)
                                  0.000000    0.000000   clock network delay (ideal)
                                  2.000000    2.000000 ^ input external delay
   293    1.060897    0.000000    0.000000    2.000000 ^ rst_ni (in)
                                                         rst_ni (net)
                      0.000000    0.000000    2.000000 ^ _4427_/RESET_B (sky130_fd_sc_hd__dfrtp_1)
                                              2.000000   data arrival time

                      0.000000    0.000000    0.000000   clock core (rise edge)
                                  0.000000    0.000000   clock network delay (ideal)
                                  0.000000    0.000000   clock reconvergence pessimism
                                              0.000000 ^ _4427_/CLK (sky130_fd_sc_hd__dfrtp_1)
                                  0.184780    0.184780   library removal time
                                              0.184780   data required time
---------------------------------------------------------------------------------------------
                                              0.184780   data required time
                                             -2.000000   data arrival time
---------------------------------------------------------------------------------------------
                                              1.815220   slack (MET)


Startpoint: rst_ni (input port clocked by core)
Endpoint: _4428_ (removal check against rising-edge clock core)
Path Group: asynchronous
Path Type: min

Fanout         Cap        Slew       Delay        Time   Description
---------------------------------------------------------------------------------------------
                      0.000000    0.000000    0.000000   clock core (rise edge)
                                  0.000000    0.000000   clock network delay (ideal)
                                  2.000000    2.000000 ^ input external delay
   293    1.060897    0.000000    0.000000    2.000000 ^ rst_ni (in)
                                                         rst_ni (net)
                      0.000000    0.000000    2.000000 ^ _4428_/RESET_B (sky130_fd_sc_hd__dfrtp_1)
                                              2.000000   data arrival time

                      0.000000    0.000000    0.000000   clock core (rise edge)
                                  0.000000    0.000000   clock network delay (ideal)
                                  0.000000    0.000000   clock reconvergence pessimism
                                              0.000000 ^ _4428_/CLK (sky130_fd_sc_hd__dfrtp_1)
                                  0.184780    0.184780   library removal time
                                              0.184780   data required time
---------------------------------------------------------------------------------------------
                                              0.184780   data required time
                                             -2.000000   data arrival time
---------------------------------------------------------------------------------------------
                                              1.815220   slack (MET)


Startpoint: rst_ni (input port clocked by core)
Endpoint: _4429_ (removal check against rising-edge clock core)
Path Group: asynchronous
Path Type: min

Fanout         Cap        Slew       Delay        Time   Description
---------------------------------------------------------------------------------------------
                      0.000000    0.000000    0.000000   clock core (rise edge)
                                  0.000000    0.000000   clock network delay (ideal)
                                  2.000000    2.000000 ^ input external delay
   293    1.060897    0.000000    0.000000    2.000000 ^ rst_ni (in)
                                                         rst_ni (net)
                      0.000000    0.000000    2.000000 ^ _4429_/RESET_B (sky130_fd_sc_hd__dfrtp_1)
                                              2.000000   data arrival time

                      0.000000    0.000000    0.000000   clock core (rise edge)
                                  0.000000    0.000000   clock network delay (ideal)
                                  0.000000    0.000000   clock reconvergence pessimism
                                              0.000000 ^ _4429_/CLK (sky130_fd_sc_hd__dfrtp_1)
                                  0.184780    0.184780   library removal time
                                              0.184780   data required time
---------------------------------------------------------------------------------------------
                                              0.184780   data required time
                                             -2.000000   data arrival time
---------------------------------------------------------------------------------------------
                                              1.815220   slack (MET)


Startpoint: rst_ni (input port clocked by core)
Endpoint: _4430_ (removal check against rising-edge clock core)
Path Group: asynchronous
Path Type: min

Fanout         Cap        Slew       Delay        Time   Description
---------------------------------------------------------------------------------------------
                      0.000000    0.000000    0.000000   clock core (rise edge)
                                  0.000000    0.000000   clock network delay (ideal)
                                  2.000000    2.000000 ^ input external delay
   293    1.060897    0.000000    0.000000    2.000000 ^ rst_ni (in)
                                                         rst_ni (net)
                      0.000000    0.000000    2.000000 ^ _4430_/RESET_B (sky130_fd_sc_hd__dfrtp_1)
                                              2.000000   data arrival time

                      0.000000    0.000000    0.000000   clock core (rise edge)
                                  0.000000    0.000000   clock network delay (ideal)
                                  0.000000    0.000000   clock reconvergence pessimism
                                              0.000000 ^ _4430_/CLK (sky130_fd_sc_hd__dfrtp_1)
                                  0.184780    0.184780   library removal time
                                              0.184780   data required time
---------------------------------------------------------------------------------------------
                                              0.184780   data required time
                                             -2.000000   data arrival time
---------------------------------------------------------------------------------------------
                                              1.815220   slack (MET)

=== FlexSoC normalized power fields ===
dynamic_power_definition=internal_power+switching_power
power_unit=OpenSTA report unit; see Units section
internal_power=0.00145
switching_power=5.64e-05
dynamic_power=0.0015064
leakage_power=1.22e-08
total_power=0.0015

=== Gate-level timing/power fusion ===
power_semantics=average_instance_power_from_the_same_VCD_SAIF_context
path_power_sum=unique_instance_average_power_sum_not_incremental_path_energy
fanout_capacitance_source=OpenSTA_report_checks_output_pin_fields

Worst path 1: status=met slack=0.244046 type=min group=core
startpoint=_4430_ (rising edge-triggered flip-flop clocked by core)
endpoint=_4710_ (rising edge-triggered flip-flop clocked by core)
path_power_complete=false missing_power_instances=_4430_,_4710_
path_average_power_sum internal=0 switching=0 dynamic=0 leakage=0 total=0
stage instance cell pins fanout capacitance slew delay arrival internal switching dynamic leakage total
1 _4430_ sky130_fd_sc_hd__dfrtp_1 CLK,Q 4 0.009387 0.072484 0.220276 0.220276 - - - - -
2 _4710_ sky130_fd_sc_hd__dfrtp_1 D - - 0.072484 0 0.220276 - - - - -

Worst path 2: status=met slack=0.265242 type=min group=core
startpoint=_4582_ (rising edge-triggered flip-flop clocked by core)
endpoint=_4582_ (rising edge-triggered flip-flop clocked by core)
path_power_complete=false missing_power_instances=_4339_,_4340_,_4582_
path_average_power_sum internal=0 switching=0 dynamic=0 leakage=0 total=0
stage instance cell pins fanout capacitance slew delay arrival internal switching dynamic leakage total
1 _4582_ sky130_fd_sc_hd__dfrtp_1 CLK,Q 2 0.002422 0.030608 0.185564 0.185564 - - - - -
2 _4339_ sky130_fd_sc_hd__nand2_1 B,Y 1 0.002219 0.017207 0.025845 0.211409 - - - - -
3 _4340_ sky130_fd_sc_hd__nand2_1 B,Y 1 0.002086 0.023229 0.033813 0.245221 - - - - -
4 _4582_ sky130_fd_sc_hd__dfrtp_1 D - - 0.023229 0 0.245221 - - - - -

Worst path 3: status=met slack=0.265242 type=min group=core
startpoint=_4583_ (rising edge-triggered flip-flop clocked by core)
endpoint=_4583_ (rising edge-triggered flip-flop clocked by core)
path_power_complete=false missing_power_instances=_2651_,_2652_,_4583_
path_average_power_sum internal=0 switching=0 dynamic=0 leakage=0 total=0
stage instance cell pins fanout capacitance slew delay arrival internal switching dynamic leakage total
1 _4583_ sky130_fd_sc_hd__dfrtp_1 CLK,Q 2 0.002422 0.030608 0.185564 0.185564 - - - - -
2 _2651_ sky130_fd_sc_hd__nand2_1 B,Y 1 0.002219 0.017207 0.025845 0.211409 - - - - -
3 _2652_ sky130_fd_sc_hd__nand2_1 B,Y 1 0.002086 0.023229 0.033813 0.245221 - - - - -
4 _4583_ sky130_fd_sc_hd__dfrtp_1 D - - 0.023229 0 0.245221 - - - - -

Worst path 4: status=met slack=0.265242 type=min group=core
startpoint=_4584_ (rising edge-triggered flip-flop clocked by core)
endpoint=_4584_ (rising edge-triggered flip-flop clocked by core)
path_power_complete=false missing_power_instances=_4336_,_4337_,_4584_
path_average_power_sum internal=0 switching=0 dynamic=0 leakage=0 total=0
stage instance cell pins fanout capacitance slew delay arrival internal switching dynamic leakage total
1 _4584_ sky130_fd_sc_hd__dfrtp_1 CLK,Q 2 0.002422 0.030608 0.185564 0.185564 - - - - -
2 _4336_ sky130_fd_sc_hd__nand2_1 B,Y 1 0.002219 0.017207 0.025845 0.211409 - - - - -
3 _4337_ sky130_fd_sc_hd__nand2_1 B,Y 1 0.002086 0.023229 0.033813 0.245221 - - - - -
4 _4584_ sky130_fd_sc_hd__dfrtp_1 D - - 0.023229 0 0.245221 - - - - -

Worst path 5: status=met slack=0.265242 type=min group=core
startpoint=_4585_ (rising edge-triggered flip-flop clocked by core)
endpoint=_4585_ (rising edge-triggered flip-flop clocked by core)
path_power_complete=false missing_power_instances=_4333_,_4334_,_4585_
path_average_power_sum internal=0 switching=0 dynamic=0 leakage=0 total=0
stage instance cell pins fanout capacitance slew delay arrival internal switching dynamic leakage total
1 _4585_ sky130_fd_sc_hd__dfrtp_1 CLK,Q 2 0.002422 0.030608 0.185564 0.185564 - - - - -
2 _4333_ sky130_fd_sc_hd__nand2_1 B,Y 1 0.002219 0.017207 0.025845 0.211409 - - - - -
3 _4334_ sky130_fd_sc_hd__nand2_1 B,Y 1 0.002086 0.023229 0.033813 0.245221 - - - - -
4 _4585_ sky130_fd_sc_hd__dfrtp_1 D - - 0.023229 0 0.245221 - - - - -

Worst path 6: status=met slack=0.265242 type=min group=core
startpoint=_4586_ (rising edge-triggered flip-flop clocked by core)
endpoint=_4586_ (rising edge-triggered flip-flop clocked by core)
path_power_complete=false missing_power_instances=_4330_,_4331_,_4586_
path_average_power_sum internal=0 switching=0 dynamic=0 leakage=0 total=0
stage instance cell pins fanout capacitance slew delay arrival internal switching dynamic leakage total
1 _4586_ sky130_fd_sc_hd__dfrtp_1 CLK,Q 2 0.002422 0.030608 0.185564 0.185564 - - - - -
2 _4330_ sky130_fd_sc_hd__nand2_1 B,Y 1 0.002219 0.017207 0.025845 0.211409 - - - - -
3 _4331_ sky130_fd_sc_hd__nand2_1 B,Y 1 0.002086 0.023229 0.033813 0.245221 - - - - -
4 _4586_ sky130_fd_sc_hd__dfrtp_1 D - - 0.023229 0 0.245221 - - - - -

Worst path 7: status=met slack=0.265242 type=min group=core
startpoint=_4587_ (rising edge-triggered flip-flop clocked by core)
endpoint=_4587_ (rising edge-triggered flip-flop clocked by core)
path_power_complete=false missing_power_instances=_4327_,_4328_,_4587_
path_average_power_sum internal=0 switching=0 dynamic=0 leakage=0 total=0
stage instance cell pins fanout capacitance slew delay arrival internal switching dynamic leakage total
1 _4587_ sky130_fd_sc_hd__dfrtp_1 CLK,Q 2 0.002422 0.030608 0.185564 0.185564 - - - - -
2 _4327_ sky130_fd_sc_hd__nand2_1 B,Y 1 0.002219 0.017207 0.025845 0.211409 - - - - -
3 _4328_ sky130_fd_sc_hd__nand2_1 B,Y 1 0.002086 0.023229 0.033813 0.245221 - - - - -
4 _4587_ sky130_fd_sc_hd__dfrtp_1 D - - 0.023229 0 0.245221 - - - - -

Worst path 8: status=met slack=0.265242 type=min group=core
startpoint=_4588_ (rising edge-triggered flip-flop clocked by core)
endpoint=_4588_ (rising edge-triggered flip-flop clocked by core)
path_power_complete=false missing_power_instances=_4324_,_4325_,_4588_
path_average_power_sum internal=0 switching=0 dynamic=0 leakage=0 total=0
stage instance cell pins fanout capacitance slew delay arrival internal switching dynamic leakage total
1 _4588_ sky130_fd_sc_hd__dfrtp_1 CLK,Q 2 0.002422 0.030608 0.185564 0.185564 - - - - -
2 _4324_ sky130_fd_sc_hd__nand2_1 B,Y 1 0.002219 0.017207 0.025845 0.211409 - - - - -
3 _4325_ sky130_fd_sc_hd__nand2_1 B,Y 1 0.002086 0.023229 0.033813 0.245221 - - - - -
4 _4588_ sky130_fd_sc_hd__dfrtp_1 D - - 0.023229 0 0.245221 - - - - -

Worst path 9: status=met slack=0.265242 type=min group=core
startpoint=_4589_ (rising edge-triggered flip-flop clocked by core)
endpoint=_4589_ (rising edge-triggered flip-flop clocked by core)
path_power_complete=false missing_power_instances=_4321_,_4322_,_4589_
path_average_power_sum internal=0 switching=0 dynamic=0 leakage=0 total=0
stage instance cell pins fanout capacitance slew delay arrival internal switching dynamic leakage total
1 _4589_ sky130_fd_sc_hd__dfrtp_1 CLK,Q 2 0.002422 0.030608 0.185564 0.185564 - - - - -
2 _4321_ sky130_fd_sc_hd__nand2_1 B,Y 1 0.002219 0.017207 0.025845 0.211409 - - - - -
3 _4322_ sky130_fd_sc_hd__nand2_1 B,Y 1 0.002086 0.023229 0.033813 0.245221 - - - - -
4 _4589_ sky130_fd_sc_hd__dfrtp_1 D - - 0.023229 0 0.245221 - - - - -

Worst path 10: status=met slack=0.265242 type=min group=core
startpoint=_4590_ (rising edge-triggered flip-flop clocked by core)
endpoint=_4590_ (rising edge-triggered flip-flop clocked by core)
path_power_complete=false missing_power_instances=_4318_,_4319_,_4590_
path_average_power_sum internal=0 switching=0 dynamic=0 leakage=0 total=0
stage instance cell pins fanout capacitance slew delay arrival internal switching dynamic leakage total
1 _4590_ sky130_fd_sc_hd__dfrtp_1 CLK,Q 2 0.002422 0.030608 0.185564 0.185564 - - - - -
2 _4318_ sky130_fd_sc_hd__nand2_1 B,Y 1 0.002219 0.017207 0.025845 0.211409 - - - - -
3 _4319_ sky130_fd_sc_hd__nand2_1 B,Y 1 0.002086 0.023229 0.033813 0.245221 - - - - -
4 _4590_ sky130_fd_sc_hd__dfrtp_1 D - - 0.023229 0 0.245221 - - - - -

Worst path 11: status=met slack=1.81522 type=min group=asynchronous
startpoint=rst_ni (input port clocked by core)
endpoint=_4421_ (removal check against rising-edge clock core)
path_power_complete=false missing_power_instances=_4421_
path_average_power_sum internal=0 switching=0 dynamic=0 leakage=0 total=0
stage instance cell pins fanout capacitance slew delay arrival internal switching dynamic leakage total
1 _4421_ sky130_fd_sc_hd__dfrtp_1 RESET_B - - 0 0 2 - - - - -

Worst path 12: status=met slack=1.81522 type=min group=asynchronous
startpoint=rst_ni (input port clocked by core)
endpoint=_4422_ (removal check against rising-edge clock core)
path_power_complete=false missing_power_instances=_4422_
path_average_power_sum internal=0 switching=0 dynamic=0 leakage=0 total=0
stage instance cell pins fanout capacitance slew delay arrival internal switching dynamic leakage total
1 _4422_ sky130_fd_sc_hd__dfrtp_1 RESET_B - - 0 0 2 - - - - -

Worst path 13: status=met slack=1.81522 type=min group=asynchronous
startpoint=rst_ni (input port clocked by core)
endpoint=_4423_ (removal check against rising-edge clock core)
path_power_complete=false missing_power_instances=_4423_
path_average_power_sum internal=0 switching=0 dynamic=0 leakage=0 total=0
stage instance cell pins fanout capacitance slew delay arrival internal switching dynamic leakage total
1 _4423_ sky130_fd_sc_hd__dfrtp_1 RESET_B - - 0 0 2 - - - - -

Worst path 14: status=met slack=1.81522 type=min group=asynchronous
startpoint=rst_ni (input port clocked by core)
endpoint=_4424_ (removal check against rising-edge clock core)
path_power_complete=false missing_power_instances=_4424_
path_average_power_sum internal=0 switching=0 dynamic=0 leakage=0 total=0
stage instance cell pins fanout capacitance slew delay arrival internal switching dynamic leakage total
1 _4424_ sky130_fd_sc_hd__dfrtp_1 RESET_B - - 0 0 2 - - - - -

Worst path 15: status=met slack=1.81522 type=min group=asynchronous
startpoint=rst_ni (input port clocked by core)
endpoint=_4425_ (removal check against rising-edge clock core)
path_power_complete=false missing_power_instances=_4425_
path_average_power_sum internal=0 switching=0 dynamic=0 leakage=0 total=0
stage instance cell pins fanout capacitance slew delay arrival internal switching dynamic leakage total
1 _4425_ sky130_fd_sc_hd__dfrtp_1 RESET_B - - 0 0 2 - - - - -

Worst path 16: status=met slack=1.81522 type=min group=asynchronous
startpoint=rst_ni (input port clocked by core)
endpoint=_4426_ (removal check against rising-edge clock core)
path_power_complete=false missing_power_instances=_4426_
path_average_power_sum internal=0 switching=0 dynamic=0 leakage=0 total=0
stage instance cell pins fanout capacitance slew delay arrival internal switching dynamic leakage total
1 _4426_ sky130_fd_sc_hd__dfrtp_1 RESET_B - - 0 0 2 - - - - -

Worst path 17: status=met slack=1.81522 type=min group=asynchronous
startpoint=rst_ni (input port clocked by core)
endpoint=_4427_ (removal check against rising-edge clock core)
path_power_complete=false missing_power_instances=_4427_
path_average_power_sum internal=0 switching=0 dynamic=0 leakage=0 total=0
stage instance cell pins fanout capacitance slew delay arrival internal switching dynamic leakage total
1 _4427_ sky130_fd_sc_hd__dfrtp_1 RESET_B - - 0 0 2 - - - - -

Worst path 18: status=met slack=1.81522 type=min group=asynchronous
startpoint=rst_ni (input port clocked by core)
endpoint=_4428_ (removal check against rising-edge clock core)
path_power_complete=false missing_power_instances=_4428_
path_average_power_sum internal=0 switching=0 dynamic=0 leakage=0 total=0
stage instance cell pins fanout capacitance slew delay arrival internal switching dynamic leakage total
1 _4428_ sky130_fd_sc_hd__dfrtp_1 RESET_B - - 0 0 2 - - - - -

Worst path 19: status=met slack=1.81522 type=min group=asynchronous
startpoint=rst_ni (input port clocked by core)
endpoint=_4429_ (removal check against rising-edge clock core)
path_power_complete=false missing_power_instances=_4429_
path_average_power_sum internal=0 switching=0 dynamic=0 leakage=0 total=0
stage instance cell pins fanout capacitance slew delay arrival internal switching dynamic leakage total
1 _4429_ sky130_fd_sc_hd__dfrtp_1 RESET_B - - 0 0 2 - - - - -

Worst path 20: status=met slack=1.81522 type=min group=asynchronous
startpoint=rst_ni (input port clocked by core)
endpoint=_4430_ (removal check against rising-edge clock core)
path_power_complete=false missing_power_instances=_4430_
path_average_power_sum internal=0 switching=0 dynamic=0 leakage=0 total=0
stage instance cell pins fanout capacitance slew delay arrival internal switching dynamic leakage total
1 _4430_ sky130_fd_sc_hd__dfrtp_1 RESET_B - - 0 0 2 - - - - -

=== Highest-power instances and worst path through each ===

Hotspot 1: instance=4.938354777551e-06 selected_worst_paths=none internal=1.70681e-06 switching=1.64065e-11 dynamic=1.70683e-06 leakage=6.64518e-06 total=4602
targeted_timing_path=not_found_or_unconstrained

Hotspot 2: instance=4.863435606239e-06 selected_worst_paths=none internal=4.6157e-07 switching=1.6402e-11 dynamic=4.61587e-07 leakage=5.32502e-06 total=4603
targeted_timing_path=not_found_or_unconstrained

Hotspot 3: instance=4.834514584218e-06 selected_worst_paths=none internal=1.82398e-07 switching=1.64016e-11 dynamic=1.82414e-07 leakage=5.01693e-06 total=4604
targeted_timing_path=not_found_or_unconstrained

Hotspot 4: instance=4.951636583428e-06 selected_worst_paths=none internal=4.21245e-08 switching=1.6333e-11 dynamic=4.21409e-08 leakage=4.99378e-06 total=4592
targeted_timing_path=not_found_or_unconstrained

Hotspot 5: instance=4.900420663034e-06 selected_worst_paths=none internal=8.96053e-08 switching=1.4139e-11 dynamic=8.96194e-08 leakage=4.99004e-06 total=4623
targeted_timing_path=not_found_or_unconstrained

Hotspot 6: instance=4.901438842353e-06 selected_worst_paths=none internal=7.30267e-08 switching=1.1396e-11 dynamic=7.30381e-08 leakage=4.97448e-06 total=4622
targeted_timing_path=not_found_or_unconstrained

Hotspot 7: instance=4.911505584460e-06 selected_worst_paths=none internal=6.09917e-08 switching=1.13956e-11 dynamic=6.10031e-08 leakage=4.97251e-06 total=4621
targeted_timing_path=not_found_or_unconstrained

Hotspot 8: instance=4.811256076209e-06 selected_worst_paths=none internal=1.5865e-07 switching=1.59232e-11 dynamic=1.58666e-07 leakage=4.96992e-06 total=4712
targeted_timing_path=not_found_or_unconstrained

Hotspot 9: instance=4.901438387606e-06 selected_worst_paths=none internal=4.99331e-08 switching=1.14036e-11 dynamic=4.99445e-08 leakage=4.95138e-06 total=4618
targeted_timing_path=not_found_or_unconstrained

Hotspot 10: instance=4.893345703749e-06 selected_worst_paths=none internal=5.25717e-08 switching=1.28158e-11 dynamic=5.25845e-08 leakage=4.94593e-06 total=4642
targeted_timing_path=not_found_or_unconstrained

Hotspot 11: instance=4.889633146377e-06 selected_worst_paths=none internal=5.44699e-08 switching=1.10408e-11 dynamic=5.4481e-08 leakage=4.94411e-06 total=4625
targeted_timing_path=not_found_or_unconstrained

Hotspot 12: instance=4.905612513539e-06 selected_worst_paths=none internal=3.37684e-08 switching=1.14102e-11 dynamic=3.37798e-08 leakage=4.93939e-06 total=4619
targeted_timing_path=not_found_or_unconstrained

Hotspot 13: instance=4.889949650533e-06 selected_worst_paths=none internal=4.60357e-08 switching=1.55858e-11 dynamic=4.60513e-08 leakage=4.936e-06 total=4643
targeted_timing_path=not_found_or_unconstrained

Hotspot 14: instance=4.901175088889e-06 selected_worst_paths=none internal=3.43823e-08 switching=1.14031e-11 dynamic=3.43937e-08 leakage=4.93557e-06 total=4620
targeted_timing_path=not_found_or_unconstrained

Hotspot 15: instance=4.881824224867e-06 selected_worst_paths=none internal=4.99965e-08 switching=1.14037e-11 dynamic=5.00079e-08 leakage=4.93183e-06 total=4612
targeted_timing_path=not_found_or_unconstrained

Hotspot 16: instance=4.878653726337e-06 selected_worst_paths=none internal=5.27276e-08 switching=1.28991e-11 dynamic=5.27405e-08 leakage=4.93139e-06 total=4626
targeted_timing_path=not_found_or_unconstrained

Hotspot 17: instance=4.881310360361e-06 selected_worst_paths=none internal=4.9892e-08 switching=1.38013e-11 dynamic=4.99058e-08 leakage=4.93122e-06 total=4644
targeted_timing_path=not_found_or_unconstrained

Hotspot 18: instance=4.886507213087e-06 selected_worst_paths=none internal=4.42469e-08 switching=1.14188e-11 dynamic=4.42583e-08 leakage=4.93077e-06 total=4616
targeted_timing_path=not_found_or_unconstrained

Hotspot 19: instance=4.881312179350e-06 selected_worst_paths=none internal=4.88738e-08 switching=1.23781e-11 dynamic=4.88862e-08 leakage=4.9302e-06 total=4646
targeted_timing_path=not_found_or_unconstrained

Hotspot 20: instance=4.885565431323e-06 selected_worst_paths=none internal=3.61234e-08 switching=1.37866e-11 dynamic=3.61372e-08 leakage=4.9217e-06 total=4645
targeted_timing_path=not_found_or_unconstrained
