analysis=power_analysis corner=ff stage=post_syn
workload=noise_filter_sv_ff
gls_report=/home/eneadim/github/flexsoc/workspace/runs/uart/dev/dv/functional/sim/post_syn/ihp-sg13g2/uart_post_syn_noise_filter_sv_ff.json
activity_file=/home/eneadim/github/flexsoc/workspace/runs/uart/dev/signoff/ihp-sg13g2/power/activity/captures/uart_ihp-sg13g2_noise_filter_sv_ff.vcd
activity_scope=uart_tb/u_uart
liberty=/home/eneadim/github/flexsoc/.flexsoc/pdks/ihp-sg13g2/ihp-sg13g2/libs.ref/sg13g2_stdcell/lib/sg13g2_stdcell_fast_1p65V_m40C.lib
netlist=/home/eneadim/github/flexsoc/workspace/runs/uart/dev/syn/ihp-sg13g2/uart_synth.v
sdc=/home/eneadim/github/flexsoc/workspace/runs/uart/dev/signoff/ihp-sg13g2/uart.sdc
spef=

=== Units ===
 time 1ns
 capacitance 1pF
 resistance 1kohm
 voltage 1v
 current 1uA
 power 1pW
 distance 1um

=== Constraint validation ===

=== Activity annotation ===
annotated_percent=100.00%
Unannotated pins: none

=== Power summary ===
Group                  Internal  Switching    Leakage      Total
                          Power      Power      Power      Power (Watts)
----------------------------------------------------------------
Sequential             3.44e-03   3.36e-06   1.46e-06   3.44e-03  99.6%
Combinational          6.52e-06   6.36e-06   1.46e-06   1.43e-05   0.4%
Clock                  0.00e+00   0.00e+00   0.00e+00   0.00e+00   0.0%
Macro                  0.00e+00   0.00e+00   0.00e+00   0.00e+00   0.0%
Pad                    0.00e+00   0.00e+00   0.00e+00   0.00e+00   0.0%
----------------------------------------------------------------
Total                  3.44e-03   9.71e-06   2.92e-06   3.46e-03 100.0%
                          99.6%       0.3%       0.1%

=== Highest-power instances ===
   Internal  Switching    Leakage      Total
      Power      Power      Power      Power (Watts)
--------------------------------------------
   1.40e-05   1.27e-06   4.61e-09   1.53e-05 _2868_
   1.40e-05   5.80e-07   4.61e-09   1.46e-05 _2867_
   1.29e-05   2.87e-09   4.34e-09   1.29e-05 _2877_
   1.24e-05   3.64e-07   4.61e-09   1.28e-05 _2808_
   1.24e-05   2.38e-07   4.61e-09   1.27e-05 _2803_
   1.18e-05   1.32e-07   4.61e-09   1.19e-05 _2804_
   1.17e-05   1.73e-07   4.61e-09   1.18e-05 _2809_
   1.17e-05   5.50e-09   4.58e-09   1.17e-05 _2862_
   1.16e-05   6.96e-09   4.58e-09   1.17e-05 _2852_
   1.16e-05   4.66e-09   4.58e-09   1.17e-05 _2864_
   1.16e-05   5.44e-09   4.58e-09   1.17e-05 _2866_
   1.16e-05   4.17e-09   4.58e-09   1.17e-05 _2860_
   1.16e-05   2.66e-09   4.58e-09   1.16e-05 _2853_
   1.16e-05   1.26e-09   4.58e-09   1.16e-05 _2856_
   1.16e-05   1.39e-09   4.58e-09   1.16e-05 _2858_
   1.16e-05   1.02e-09   4.58e-09   1.16e-05 _2857_
   1.16e-05   6.94e-10   4.58e-09   1.16e-05 _3103_
   1.16e-05   6.94e-10   4.58e-09   1.16e-05 _3113_
   1.16e-05   6.72e-10   4.58e-09   1.16e-05 _3121_
   1.16e-05   5.11e-10   4.58e-09   1.16e-05 _3110_

=== FlexSoC normalized power fields ===
dynamic_power_definition=internal_power+switching_power
power_unit=OpenSTA report unit; see Units section
internal_power=0.00344
switching_power=9.71e-06
dynamic_power=0.00344971
leakage_power=2.92e-06
total_power=0.00346
