FlexSoC CDC/RDC structural analysis
top=uart_master
status=fail
clock_domains=1
reset_domains=5
sequential_elements=85
dependencies=49517
verification_obligations=1

[CDC]

[RDC]
RDC-0001 ERROR uncontrolled_rdc $auto$ff.cc:337:slice$1090[0] -> $auto$ff.cc:337:slice$1109[0] issues=different_reset_domains_without_recognized_protection obligations=- evidence=width=5
RDC-0002 ERROR uncontrolled_rdc $auto$ff.cc:337:slice$1090[0] -> $auto$ff.cc:337:slice$1265[0] issues=different_reset_domains_without_recognized_protection obligations=- evidence=width=5
RDC-0003 ERROR uncontrolled_rdc $auto$ff.cc:337:slice$1097[0] -> $auto$ff.cc:337:slice$1265[0] issues=different_reset_domains_without_recognized_protection obligations=- evidence=width=5
RDC-0004 ERROR uncontrolled_rdc $auto$ff.cc:337:slice$1105[0] -> $auto$ff.cc:337:slice$1103[0] issues=different_reset_domains_without_recognized_protection obligations=- evidence=width=128
RDC-0005 ERROR uncontrolled_rdc $auto$ff.cc:337:slice$1105[0] -> $driver$u_uart_master_core.u_host_bridge.tx_idx_q[0] issues=different_reset_domains_without_recognized_protection obligations=- evidence=width=16
RDC-0006 ERROR uncontrolled_rdc $auto$ff.cc:337:slice$1105[0] -> $driver$u_uart_master_core.u_host_bridge.tx_st_q[0] issues=different_reset_domains_without_recognized_protection obligations=- evidence=width=8
RDC-0007 ERROR uncontrolled_rdc $auto$ff.cc:337:slice$1109[0] -> $auto$ff.cc:337:slice$1094[0] issues=different_reset_domains_without_recognized_protection obligations=- evidence=width=40
RDC-0008 ERROR uncontrolled_rdc $auto$ff.cc:337:slice$1109[0] -> $auto$ff.cc:337:slice$1103[0] issues=different_reset_domains_without_recognized_protection obligations=- evidence=width=160
RDC-0009 ERROR uncontrolled_rdc $auto$ff.cc:337:slice$1109[0] -> $auto$ff.cc:337:slice$1120[0] issues=different_reset_domains_without_recognized_protection obligations=- evidence=width=40
RDC-0010 ERROR uncontrolled_rdc $auto$ff.cc:337:slice$1109[0] -> $auto$ff.cc:337:slice$1127[24] issues=different_reset_domains_without_recognized_protection obligations=- evidence=width=40
RDC-0011 ERROR uncontrolled_rdc $auto$ff.cc:337:slice$1109[0] -> $auto$ff.cc:337:slice$1136[0] issues=different_reset_domains_without_recognized_protection obligations=- evidence=width=160
RDC-0012 ERROR uncontrolled_rdc $auto$ff.cc:337:slice$1109[0] -> $auto$ff.cc:337:slice$1163[0] issues=different_reset_domains_without_recognized_protection obligations=- evidence=width=20
RDC-0013 ERROR uncontrolled_rdc $auto$ff.cc:337:slice$1109[0] -> $auto$ff.cc:337:slice$1180[0] issues=different_reset_domains_without_recognized_protection obligations=- evidence=width=5
RDC-0014 ERROR uncontrolled_rdc $auto$ff.cc:337:slice$1109[0] -> $auto$ff.cc:337:slice$1197[0] issues=different_reset_domains_without_recognized_protection obligations=- evidence=width=15
RDC-0015 ERROR uncontrolled_rdc $auto$ff.cc:337:slice$1109[0] -> $auto$ff.cc:337:slice$1232[0] issues=different_reset_domains_without_recognized_protection obligations=- evidence=width=10
RDC-0016 ERROR uncontrolled_rdc $auto$ff.cc:337:slice$1109[0] -> $auto$ff.cc:337:slice$1258[0] issues=different_reset_domains_without_recognized_protection obligations=- evidence=width=160
RDC-0017 ERROR uncontrolled_rdc $auto$ff.cc:337:slice$1124[0] -> $auto$ff.cc:337:slice$1151[0] issues=different_reset_domains_without_recognized_protection obligations=- evidence=width=1
RDC-0018 ERROR uncontrolled_rdc $auto$ff.cc:337:slice$1124[0] -> $auto$ff.cc:337:slice$1227[0] issues=different_reset_domains_without_recognized_protection obligations=- evidence=width=4
RDC-0019 ERROR uncontrolled_rdc $auto$ff.cc:337:slice$1124[0] -> $auto$ff.cc:337:slice$1252[0] issues=different_reset_domains_without_recognized_protection obligations=- evidence=width=4
RDC-0020 ERROR uncontrolled_rdc $auto$ff.cc:337:slice$1124[0] -> $auto$ff.cc:337:slice$1255[0] issues=different_reset_domains_without_recognized_protection obligations=- evidence=width=11
RDC-0021 ERROR uncontrolled_rdc $auto$ff.cc:337:slice$1161[0] -> $auto$ff.cc:337:slice$1269[0] issues=different_reset_domains_without_recognized_protection obligations=- evidence=width=1
RDC-0022 ERROR uncontrolled_rdc $auto$ff.cc:337:slice$1161[0] -> $auto$ff.cc:337:slice$1272[0] issues=different_reset_domains_without_recognized_protection obligations=- evidence=width=11
RDC-0023 ERROR uncontrolled_rdc $auto$ff.cc:337:slice$1161[0] -> $auto$ff.cc:337:slice$1279[0] issues=different_reset_domains_without_recognized_protection obligations=- evidence=width=4
RDC-0024 ERROR uncontrolled_rdc $auto$ff.cc:337:slice$1161[0] -> $auto$ff.cc:337:slice$1282[0] issues=different_reset_domains_without_recognized_protection obligations=- evidence=width=4
RDC-0025 ERROR uncontrolled_rdc $auto$ff.cc:337:slice$1161[0] -> $driver$u_uart_master_core.u_uart_core.uart_rx.tick_baud_q[0] issues=different_reset_domains_without_recognized_protection obligations=- evidence=width=1
RDC-0026 ERROR uncontrolled_rdc $auto$ff.cc:337:slice$1179[0] -> $auto$ff.cc:337:slice$1269[0] issues=different_reset_domains_without_recognized_protection obligations=- evidence=width=1
RDC-0027 ERROR uncontrolled_rdc $auto$ff.cc:337:slice$1179[0] -> $auto$ff.cc:337:slice$1272[0] issues=different_reset_domains_without_recognized_protection obligations=- evidence=width=11
RDC-0028 ERROR uncontrolled_rdc $auto$ff.cc:337:slice$1179[0] -> $auto$ff.cc:337:slice$1279[0] issues=different_reset_domains_without_recognized_protection obligations=- evidence=width=4
RDC-0029 ERROR uncontrolled_rdc $auto$ff.cc:337:slice$1179[0] -> $auto$ff.cc:337:slice$1282[0] issues=different_reset_domains_without_recognized_protection obligations=- evidence=width=4
RDC-0030 ERROR uncontrolled_rdc $auto$ff.cc:337:slice$1179[0] -> $driver$u_uart_master_core.u_uart_core.tx_out_q[0] issues=different_reset_domains_without_recognized_protection obligations=- evidence=width=1
RDC-0031 ERROR uncontrolled_rdc $auto$ff.cc:337:slice$1179[0] -> $driver$u_uart_master_core.u_uart_core.uart_rx.tick_baud_q[0] issues=different_reset_domains_without_recognized_protection obligations=- evidence=width=1
RDC-0032 ERROR uncontrolled_rdc $auto$ff.cc:337:slice$1195[0] -> $auto$ff.cc:337:slice$1269[0] issues=different_reset_domains_without_recognized_protection obligations=- evidence=width=1
RDC-0033 ERROR uncontrolled_rdc $auto$ff.cc:337:slice$1195[0] -> $auto$ff.cc:337:slice$1272[0] issues=different_reset_domains_without_recognized_protection obligations=- evidence=width=11
RDC-0034 ERROR uncontrolled_rdc $auto$ff.cc:337:slice$1195[0] -> $auto$ff.cc:337:slice$1279[0] issues=different_reset_domains_without_recognized_protection obligations=- evidence=width=4
RDC-0035 ERROR uncontrolled_rdc $auto$ff.cc:337:slice$1195[0] -> $auto$ff.cc:337:slice$1282[0] issues=different_reset_domains_without_recognized_protection obligations=- evidence=width=4
RDC-0036 ERROR uncontrolled_rdc $auto$ff.cc:337:slice$1195[0] -> $driver$u_uart_master_core.u_uart_core.uart_rx.tick_baud_q[0] issues=different_reset_domains_without_recognized_protection obligations=- evidence=width=1
RDC-0037 ERROR uncontrolled_rdc $auto$ff.cc:337:slice$1197[0] -> $auto$ff.cc:337:slice$1265[0] issues=different_reset_domains_without_recognized_protection obligations=- evidence=width=15
RDC-0038 ERROR uncontrolled_rdc $auto$ff.cc:337:slice$1225[0] -> $auto$ff.cc:337:slice$1109[0] issues=different_reset_domains_without_recognized_protection obligations=- evidence=width=5
RDC-0039 ERROR uncontrolled_rdc $auto$ff.cc:337:slice$1225[0] -> $auto$ff.cc:337:slice$1252[0] issues=different_reset_domains_without_recognized_protection obligations=- evidence=width=4
RDC-0040 ERROR uncontrolled_rdc $auto$ff.cc:337:slice$1225[0] -> $auto$ff.cc:337:slice$1255[0] issues=different_reset_domains_without_recognized_protection obligations=- evidence=width=11
RDC-0041 ERROR uncontrolled_rdc $auto$ff.cc:337:slice$1225[0] -> $auto$ff.cc:337:slice$1269[0] issues=different_reset_domains_without_recognized_protection obligations=- evidence=width=1
RDC-0042 ERROR uncontrolled_rdc $auto$ff.cc:337:slice$1225[0] -> $auto$ff.cc:337:slice$1272[0] issues=different_reset_domains_without_recognized_protection obligations=- evidence=width=11
RDC-0043 ERROR uncontrolled_rdc $auto$ff.cc:337:slice$1225[0] -> $auto$ff.cc:337:slice$1279[0] issues=different_reset_domains_without_recognized_protection obligations=- evidence=width=4
RDC-0044 ERROR uncontrolled_rdc $auto$ff.cc:337:slice$1227[0] -> $auto$ff.cc:337:slice$1103[0] issues=different_reset_domains_without_recognized_protection obligations=- evidence=width=128
RDC-0045 ERROR uncontrolled_rdc $auto$ff.cc:337:slice$1227[0] -> $driver$u_uart_master_core.u_host_bridge.tx_idx_q[0] issues=different_reset_domains_without_recognized_protection obligations=- evidence=width=16
RDC-0046 ERROR uncontrolled_rdc $auto$ff.cc:337:slice$1227[0] -> $driver$u_uart_master_core.u_host_bridge.tx_st_q[0] issues=different_reset_domains_without_recognized_protection obligations=- evidence=width=8
RDC-0047 ERROR uncontrolled_rdc $auto$ff.cc:337:slice$1247[0] -> $auto$ff.cc:337:slice$1105[0] issues=different_reset_domains_without_recognized_protection obligations=- evidence=width=4
RDC-0048 ERROR uncontrolled_rdc $auto$ff.cc:337:slice$1247[0] -> $auto$ff.cc:337:slice$1227[0] issues=different_reset_domains_without_recognized_protection obligations=- evidence=width=4
RDC-0049 ERROR uncontrolled_rdc $auto$ff.cc:337:slice$1251[0] -> $auto$ff.cc:337:slice$1109[0] issues=different_reset_domains_without_recognized_protection obligations=- evidence=width=5
RDC-0050 ERROR uncontrolled_rdc $auto$ff.cc:337:slice$1251[0] -> $auto$ff.cc:337:slice$1255[0] issues=different_reset_domains_without_recognized_protection obligations=- evidence=width=11
RDC-0051 ERROR uncontrolled_rdc $auto$ff.cc:337:slice$1252[0] -> $auto$ff.cc:337:slice$1103[0] issues=different_reset_domains_without_recognized_protection obligations=- evidence=width=128
RDC-0052 ERROR uncontrolled_rdc $auto$ff.cc:337:slice$1265[0] -> $auto$ff.cc:337:slice$1094[0] issues=different_reset_domains_without_recognized_protection obligations=- evidence=width=40
RDC-0053 ERROR uncontrolled_rdc $auto$ff.cc:337:slice$1265[0] -> $auto$ff.cc:337:slice$1103[0] issues=different_reset_domains_without_recognized_protection obligations=- evidence=width=160
RDC-0054 ERROR uncontrolled_rdc $auto$ff.cc:337:slice$1265[0] -> $auto$ff.cc:337:slice$1120[0] issues=different_reset_domains_without_recognized_protection obligations=- evidence=width=40
RDC-0055 ERROR uncontrolled_rdc $auto$ff.cc:337:slice$1265[0] -> $auto$ff.cc:337:slice$1127[24] issues=different_reset_domains_without_recognized_protection obligations=- evidence=width=40
RDC-0056 ERROR uncontrolled_rdc $auto$ff.cc:337:slice$1265[0] -> $auto$ff.cc:337:slice$1136[0] issues=different_reset_domains_without_recognized_protection obligations=- evidence=width=160
RDC-0057 ERROR uncontrolled_rdc $auto$ff.cc:337:slice$1265[0] -> $auto$ff.cc:337:slice$1163[0] issues=different_reset_domains_without_recognized_protection obligations=- evidence=width=20
RDC-0058 ERROR uncontrolled_rdc $auto$ff.cc:337:slice$1265[0] -> $auto$ff.cc:337:slice$1180[0] issues=different_reset_domains_without_recognized_protection obligations=- evidence=width=5
RDC-0059 ERROR uncontrolled_rdc $auto$ff.cc:337:slice$1265[0] -> $auto$ff.cc:337:slice$1197[0] issues=different_reset_domains_without_recognized_protection obligations=- evidence=width=15
RDC-0060 ERROR uncontrolled_rdc $auto$ff.cc:337:slice$1265[0] -> $auto$ff.cc:337:slice$1232[0] issues=different_reset_domains_without_recognized_protection obligations=- evidence=width=10
RDC-0061 ERROR uncontrolled_rdc $auto$ff.cc:337:slice$1265[0] -> $auto$ff.cc:337:slice$1258[0] issues=different_reset_domains_without_recognized_protection obligations=- evidence=width=160
RDC-0062 ERROR uncontrolled_rdc $auto$ff.cc:337:slice$1268[0] -> $driver$u_uart_master_core.u_uart_core.nco_sum_q[0] issues=different_reset_domains_without_recognized_protection obligations=- evidence=width=272
RDC-0063 ERROR uncontrolled_rdc $auto$ff.cc:337:slice$1269[0] -> $auto$ff.cc:337:slice$1103[0] issues=different_reset_domains_without_recognized_protection obligations=- evidence=width=32
RDC-0064 ERROR uncontrolled_rdc $driver$u_uart_master_core.u_host_bridge.tx_st_q[0] -> $auto$ff.cc:337:slice$1105[0] issues=different_reset_domains_without_recognized_protection obligations=- evidence=width=8
RDC-0065 ERROR uncontrolled_rdc $driver$u_uart_master_core.u_uart_core.u_uart_rxfifo.gen_normal_fifo.under_rst[0] -> $auto$ff.cc:337:slice$1103[0] issues=different_reset_domains_without_recognized_protection obligations=- evidence=width=32
RDC-0066 ERROR uncontrolled_rdc $driver$u_uart_master_core.u_uart_core.u_uart_rxfifo.gen_normal_fifo.under_rst[0] -> $auto$ff.cc:337:slice$1136[0] issues=different_reset_domains_without_recognized_protection obligations=- evidence=width=32
RDC-0067 ERROR uncontrolled_rdc $driver$u_uart_master_core.u_uart_core.u_uart_rxfifo.gen_normal_fifo.under_rst[0] -> $auto$ff.cc:337:slice$1163[0] issues=different_reset_domains_without_recognized_protection obligations=- evidence=width=4
RDC-0068 ERROR uncontrolled_rdc $driver$u_uart_master_core.u_uart_core.u_uart_rxfifo.gen_normal_fifo.under_rst[0] -> $auto$ff.cc:337:slice$1180[0] issues=different_reset_domains_without_recognized_protection obligations=- evidence=width=1
RDC-0069 ERROR uncontrolled_rdc $driver$u_uart_master_core.u_uart_core.u_uart_rxfifo.gen_normal_fifo.under_rst[0] -> $auto$ff.cc:337:slice$1197[0] issues=different_reset_domains_without_recognized_protection obligations=- evidence=width=3
RDC-0070 ERROR uncontrolled_rdc $driver$u_uart_master_core.u_uart_core.u_uart_rxfifo.gen_normal_fifo.under_rst[0] -> $auto$ff.cc:337:slice$1232[0] issues=different_reset_domains_without_recognized_protection obligations=- evidence=width=2
RDC-0071 ERROR uncontrolled_rdc $driver$u_uart_master_core.u_uart_core.u_uart_rxfifo.gen_normal_fifo.under_rst[0] -> $auto$ff.cc:337:slice$1258[0] issues=different_reset_domains_without_recognized_protection obligations=- evidence=width=32
RDC-0072 ERROR uncontrolled_rdc $driver$u_uart_master_core.u_uart_core.u_uart_txfifo.gen_normal_fifo.under_rst[0] -> $auto$ff.cc:337:slice$1103[0] issues=different_reset_domains_without_recognized_protection obligations=- evidence=width=32
RDC-0073 ERROR uncontrolled_rdc $driver$u_uart_master_core.u_uart_core.u_uart_txfifo.gen_normal_fifo.under_rst[0] -> $driver$u_uart_master_core.u_host_bridge.tx_idx_q[0] issues=different_reset_domains_without_recognized_protection obligations=- evidence=width=4
RDC-0074 ERROR uncontrolled_rdc $driver$u_uart_master_core.u_uart_core.u_uart_txfifo.gen_normal_fifo.under_rst[0] -> $driver$u_uart_master_core.u_host_bridge.tx_st_q[0] issues=different_reset_domains_without_recognized_protection obligations=- evidence=width=2
RDC-0075 ERROR uncontrolled_rdc $driver$u_uart_master_reg.u_fifo_ctrl0_qe.q_o[0] -> $auto$ff.cc:337:slice$1105[0] issues=different_reset_domains_without_recognized_protection obligations=- evidence=width=4
RDC-0076 ERROR uncontrolled_rdc $driver$u_uart_master_reg.u_fifo_ctrl0_qe.q_o[0] -> $auto$ff.cc:337:slice$1109[0] issues=different_reset_domains_without_recognized_protection obligations=- evidence=width=5
RDC-0077 ERROR uncontrolled_rdc $driver$u_uart_master_reg.u_fifo_ctrl0_qe.q_o[0] -> $auto$ff.cc:337:slice$1227[0] issues=different_reset_domains_without_recognized_protection obligations=- evidence=width=4
RDC-0078 ERROR uncontrolled_rdc $driver$u_uart_master_reg.u_fifo_ctrl0_qe.q_o[0] -> $auto$ff.cc:337:slice$1265[0] issues=different_reset_domains_without_recognized_protection obligations=- evidence=width=5
RDC-0079 ERROR uncontrolled_rdc $driver$u_uart_master_reg.u_wdata0_qe.q_o[0] -> $auto$ff.cc:337:slice$1105[0] issues=different_reset_domains_without_recognized_protection obligations=- evidence=width=4
RDC-0080 SAFE reset_synchronizer issues=- obligations=- evidence=clock_domain=core,reset=rst_ni,stages=3,consumers=2
RDC-0081 SAFE reset_synchronizer issues=- obligations=- evidence=clock_domain=core,reset=core_rst_sync_ni,stages=2,consumers=14
RDC-0082 REVIEW reset_sequence_or_control_required issues=- obligations=specify_reset_assertion_sequence_or_rdc_blocking_control evidence=-

[setup]
SETUP-0001 REVIEW multiple_reset_domains_on_clock issues=clock_domain=core obligations=- evidence=core_rst_sync_ni,reg_rst_sync_ni,rst_ni,u_uart_master_core.host_rst_ni,u_uart_master_core.uart_rst_ni

[glitch]
