%Warning-PINCONNECTEMPTY: /tmp/flexsoc-repack/rv_timer/runs/rv_timer/dev/rtl/rv_timer_reg_top.sv:73:6: Instance pin connected by name with empty reference: 'intg_error_o'
%Warning-PINCONNECTEMPTY: /tmp/flexsoc-repack/rv_timer/runs/rv_timer/dev/rtl/rv_timer_reg_top.sv:143:6: Instance pin connected by name with empty reference: 'qe'
%Warning-PINCONNECTEMPTY: /tmp/flexsoc-repack/rv_timer/runs/rv_timer/dev/rtl/rv_timer_reg_top.sv:145:6: Instance pin connected by name with empty reference: 'ds'
%Warning-PINCONNECTEMPTY: /tmp/flexsoc-repack/rv_timer/runs/rv_timer/dev/rtl/rv_timer_reg_top.sv:170:6: Instance pin connected by name with empty reference: 'qe'
%Warning-PINCONNECTEMPTY: /tmp/flexsoc-repack/rv_timer/runs/rv_timer/dev/rtl/rv_timer_reg_top.sv:172:6: Instance pin connected by name with empty reference: 'ds'
%Warning-PINCONNECTEMPTY: /tmp/flexsoc-repack/rv_timer/runs/rv_timer/dev/rtl/rv_timer_reg_top.sv:197:6: Instance pin connected by name with empty reference: 'qe'
%Warning-PINCONNECTEMPTY: /tmp/flexsoc-repack/rv_timer/runs/rv_timer/dev/rtl/rv_timer_reg_top.sv:199:6: Instance pin connected by name with empty reference: 'ds'
%Warning-PINCONNECTEMPTY: /tmp/flexsoc-repack/rv_timer/runs/rv_timer/dev/rtl/rv_timer_reg_top.sv:226:6: Instance pin connected by name with empty reference: 'qe'
%Warning-PINCONNECTEMPTY: /tmp/flexsoc-repack/rv_timer/runs/rv_timer/dev/rtl/rv_timer_reg_top.sv:228:6: Instance pin connected by name with empty reference: 'ds'
%Warning-PINCONNECTEMPTY: /tmp/flexsoc-repack/rv_timer/runs/rv_timer/dev/rtl/rv_timer_reg_top.sv:255:6: Instance pin connected by name with empty reference: 'qe'
%Warning-PINCONNECTEMPTY: /tmp/flexsoc-repack/rv_timer/runs/rv_timer/dev/rtl/rv_timer_reg_top.sv:257:6: Instance pin connected by name with empty reference: 'ds'
%Warning-PINCONNECTEMPTY: /tmp/flexsoc-repack/rv_timer/runs/rv_timer/dev/rtl/rv_timer_reg_top.sv:276:6: Instance pin connected by name with empty reference: 'qre'
%Warning-PINCONNECTEMPTY: /tmp/flexsoc-repack/rv_timer/runs/rv_timer/dev/rtl/rv_timer_reg_top.sv:279:6: Instance pin connected by name with empty reference: 'ds'
%Warning-PINCONNECTEMPTY: /tmp/flexsoc-repack/rv_timer/runs/rv_timer/dev/rtl/rv_timer_reg_top.sv:280:6: Instance pin connected by name with empty reference: 'qs'
%Warning-PINCONNECTEMPTY: /tmp/flexsoc-repack/rv_timer/runs/rv_timer/dev/rtl/rv_timer_reg_top.sv:305:6: Instance pin connected by name with empty reference: 'qe'
%Warning-PINCONNECTEMPTY: /tmp/flexsoc-repack/rv_timer/runs/rv_timer/dev/rtl/rv_timer_reg_top.sv:307:6: Instance pin connected by name with empty reference: 'ds'
%Warning-PINCONNECTEMPTY: /tmp/flexsoc-repack/rv_timer/runs/rv_timer/dev/rtl/rv_timer_reg_top.sv:332:6: Instance pin connected by name with empty reference: 'qe'
%Warning-PINCONNECTEMPTY: /tmp/flexsoc-repack/rv_timer/runs/rv_timer/dev/rtl/rv_timer_reg_top.sv:334:6: Instance pin connected by name with empty reference: 'ds'
%Warning-PINCONNECTEMPTY: /tmp/flexsoc-repack/rv_timer/runs/rv_timer/dev/rtl/rv_timer_reg_top.sv:360:6: Instance pin connected by name with empty reference: 'qe'
%Warning-PINCONNECTEMPTY: /tmp/flexsoc-repack/rv_timer/runs/rv_timer/dev/rtl/rv_timer_reg_top.sv:362:6: Instance pin connected by name with empty reference: 'ds'
%Warning-PINCONNECTEMPTY: /tmp/flexsoc-repack/rv_timer/runs/rv_timer/dev/rtl/rv_timer_reg_top.sv:401:6: Instance pin connected by name with empty reference: 'ds'
