analysis=power_analysis corner=ff stage=post_syn
workload=auto_toggle_sv_ff
gls_report=/home/eneadim/github/flexsoc/workspace/runs/uart/dev/dv/functional/sim/post_syn/sky130/uart_post_syn_auto_toggle_sv_ff.json
activity_file=/home/eneadim/github/flexsoc/workspace/runs/uart/dev/signoff/sky130/power/activity/captures/uart_sky130_auto_toggle_sv_ff.vcd
activity_scope=uart_tb/u_uart
liberty=/home/eneadim/github/flexsoc/.flexsoc/pdks/ciel/sky130/versions/f6eeac7dad085ffcc829ccfd721f7b4ce39edcf7/sky130A/libs.ref/sky130_fd_sc_hd/lib/sky130_fd_sc_hd__ff_n40C_1v95_ccsnoise.lib
netlist=/home/eneadim/github/flexsoc/workspace/runs/uart/dev/syn/sky130/uart_synth.v
sdc=/home/eneadim/github/flexsoc/workspace/runs/uart/dev/signoff/sky130/uart.sdc
spef=

=== Units ===
 time 1ns
 capacitance 1pF
 resistance 1kohm
 voltage 1v
 current 1mA
 power 1nW
 distance 1um

=== Constraint validation ===

=== Activity annotation ===
annotated_percent=100.00%
Unannotated pins: none

=== Power summary ===
Group                  Internal  Switching    Leakage      Total
                          Power      Power      Power      Power (Watts)
----------------------------------------------------------------
Sequential             1.77e-03   2.15e-06   6.74e-09   1.77e-03  99.0%
Combinational          6.55e-06   1.11e-05   3.15e-09   1.76e-05   1.0%
Clock                  0.00e+00   0.00e+00   0.00e+00   0.00e+00   0.0%
Macro                  0.00e+00   0.00e+00   0.00e+00   0.00e+00   0.0%
Pad                    0.00e+00   0.00e+00   0.00e+00   0.00e+00   0.0%
----------------------------------------------------------------
Total                  1.78e-03   1.32e-05   9.89e-09   1.79e-03 100.0%
                          99.3%       0.7%       0.0%

=== Highest-power instances ===
   Internal  Switching    Leakage      Total
      Power      Power      Power      Power (Watts)
--------------------------------------------
   5.36e-06   6.80e-10   2.00e-11   5.36e-06 _2161_
   5.36e-06   6.69e-10   2.26e-11   5.36e-06 _2105_
   5.36e-06   6.69e-10   2.26e-11   5.36e-06 _2109_
   5.36e-06   6.69e-10   2.26e-11   5.36e-06 _2108_
   5.36e-06   6.69e-10   2.26e-11   5.36e-06 _2107_
   5.36e-06   6.69e-10   2.26e-11   5.36e-06 _2106_
   5.36e-06   6.69e-10   2.26e-11   5.36e-06 _2104_
   5.36e-06   6.69e-10   2.26e-11   5.36e-06 _2103_
   5.36e-06   6.69e-10   2.26e-11   5.36e-06 _2008_
   5.36e-06   5.02e-10   2.00e-11   5.36e-06 _2159_
   5.36e-06   5.02e-10   2.00e-11   5.36e-06 _2160_
   5.36e-06   5.02e-10   2.00e-11   5.36e-06 _2162_
   5.36e-06   5.02e-10   2.00e-11   5.36e-06 _2163_
   5.36e-06   5.02e-10   2.00e-11   5.36e-06 _2164_
   5.36e-06   5.02e-10   2.00e-11   5.36e-06 _2165_
   5.36e-06   5.02e-10   2.00e-11   5.36e-06 _1999_
   5.36e-06   5.02e-10   1.94e-11   5.36e-06 _2102_
   5.36e-06   5.02e-10   1.94e-11   5.36e-06 _2101_
   5.36e-06   5.02e-10   1.94e-11   5.36e-06 _2100_
   5.36e-06   5.02e-10   1.94e-11   5.36e-06 _2096_

=== FlexSoC normalized power fields ===
dynamic_power_definition=internal_power+switching_power
power_unit=OpenSTA report unit; see Units section
internal_power=0.00178
switching_power=1.32e-05
dynamic_power=0.0017932
leakage_power=9.89e-09
total_power=0.00179
