
==========================================================================
floorplan final report_tns
--------------------------------------------------------------------------
tns max 0.00

==========================================================================
floorplan final report_wns
--------------------------------------------------------------------------
wns max 0.00

==========================================================================
floorplan final report_worst_slack
--------------------------------------------------------------------------
worst slack max 5.61

==========================================================================
floorplan final report_clock_min_period
--------------------------------------------------------------------------
core period_min = 4.39 fmax = 227.84

==========================================================================
floorplan final report_checks -path_delay min
--------------------------------------------------------------------------
Startpoint: rst_ni (input port clocked by core)
Endpoint: _1449_ (removal check against rising-edge clock core)
Path Group: asynchronous
Path Type: min

Fanout     Cap    Slew   Delay    Time   Description
-----------------------------------------------------------------------------
                  0.00    0.05    0.05   clock core (rise edge)
                          0.05    0.10   clock network delay (ideal)
                          0.00    0.10 ^ input external delay
     4    0.02    0.00    0.00    0.10 ^ rst_ni (in)
                                         rst_ni (net)
                  0.00    0.00    0.10 ^ _1449_/RESET_B (sg13g2_dfrbpq_1)
                                  0.10   data arrival time

                  0.00    0.05    0.05   clock core (rise edge)
                          0.05    0.10   clock network delay (ideal)
                          0.01    0.11   clock uncertainty
                          0.00    0.11   clock reconvergence pessimism
                                  0.11 ^ _1449_/CLK (sg13g2_dfrbpq_1)
                         -0.10    0.01   library removal time
                                  0.01   data required time
-----------------------------------------------------------------------------
                                  0.01   data required time
                                 -0.10   data arrival time
-----------------------------------------------------------------------------
                                  0.09   slack (MET)


Startpoint: cio_gpio_i[3] (input port clocked by core)
Endpoint: _1458_ (rising edge-triggered flip-flop clocked by core)
Path Group: core
Path Type: min

Fanout     Cap    Slew   Delay    Time   Description
-----------------------------------------------------------------------------
                  0.00    0.05    0.05   clock core (rise edge)
                          0.05    0.10   clock network delay (ideal)
                          0.00    0.10 v input external delay
     1    0.00    0.00    0.00    0.10 v cio_gpio_i[3] (in)
                                         cio_gpio_i[3] (net)
                  0.00    0.00    0.10 v _1458_/D (sg13g2_dfrbpq_1)
                                  0.10   data arrival time

                  0.00    0.05    0.05   clock core (rise edge)
                          0.05    0.10   clock network delay (ideal)
                          0.01    0.11   clock uncertainty
                          0.00    0.11   clock reconvergence pessimism
                                  0.11 ^ _1458_/CLK (sg13g2_dfrbpq_1)
                         -0.03    0.08   library hold time
                                  0.08   data required time
-----------------------------------------------------------------------------
                                  0.08   data required time
                                 -0.10   data arrival time
-----------------------------------------------------------------------------
                                  0.02   slack (MET)



==========================================================================
floorplan final report_checks -path_delay max
--------------------------------------------------------------------------
Startpoint: _1449_ (rising edge-triggered flip-flop clocked by core)
Endpoint: _1270_ (recovery check against rising-edge clock core)
Path Group: asynchronous
Path Type: max

Fanout     Cap    Slew   Delay    Time   Description
-----------------------------------------------------------------------------
                  0.00    0.05    0.05   clock core (rise edge)
                          0.05    0.10   clock network delay (ideal)
                  0.00    0.00    0.10 ^ _1449_/CLK (sg13g2_dfrbpq_1)
   171    0.87    3.51    2.56    2.66 ^ _1449_/Q (sg13g2_dfrbpq_1)
                                         reg_rst_ni (net)
                  3.51    0.00    2.66 ^ _1270_/RESET_B (sg13g2_dfrbpq_1)
                                  2.66   data arrival time

                  0.00   10.05   10.05   clock core (rise edge)
                          0.05   10.10   clock network delay (ideal)
                         -0.02   10.08   clock uncertainty
                          0.00   10.08   clock reconvergence pessimism
                                 10.08 ^ _1270_/CLK (sg13g2_dfrbpq_1)
                         -0.70    9.38   library recovery time
                                  9.38   data required time
-----------------------------------------------------------------------------
                                  9.38   data required time
                                 -2.66   data arrival time
-----------------------------------------------------------------------------
                                  6.72   slack (MET)


Startpoint: axi_lite_i[10] (input port clocked by core)
Endpoint: axi_lite_o[39] (output port clocked by core)
Path Group: core
Path Type: max

Fanout     Cap    Slew   Delay    Time   Description
-----------------------------------------------------------------------------
                  0.00    0.05    0.05   clock core (rise edge)
                          0.05    0.10   clock network delay (ideal)
                          2.00    2.10 ^ input external delay
     1    0.00    0.00    0.00    2.10 ^ axi_lite_i[10] (in)
                                         axi_lite_i[10] (net)
                  0.00    0.00    2.10 ^ _0788_/B (sg13g2_nand2_1)
     1    0.00    0.03    0.04    2.14 v _0788_/Y (sg13g2_nand2_1)
                                         _0469_ (net)
                  0.03    0.00    2.14 v _0789_/B1 (sg13g2_a21oi_1)
     7    0.02    0.23    0.19    2.32 ^ _0789_/Y (sg13g2_a21oi_1)
                                         u_gpio_reg_axi_lite_o_39_ (net)
                  0.23    0.00    2.32 ^ _1544_/A (sg13g2_buf_1)
     1    0.01    0.06    0.14    2.46 ^ _1544_/X (sg13g2_buf_1)
                                         axi_lite_o[39] (net)
                  0.06    0.00    2.46 ^ axi_lite_o[39] (out)
                                  2.46   data arrival time

                  0.00   10.05   10.05   clock core (rise edge)
                          0.05   10.10   clock network delay (ideal)
                         -0.02   10.08   clock uncertainty
                          0.00   10.08   clock reconvergence pessimism
                         -2.00    8.08   output external delay
                                  8.08   data required time
-----------------------------------------------------------------------------
                                  8.08   data required time
                                 -2.46   data arrival time
-----------------------------------------------------------------------------
                                  5.61   slack (MET)



==========================================================================
floorplan final report_checks -unconstrained
--------------------------------------------------------------------------
Startpoint: _1449_ (rising edge-triggered flip-flop clocked by core)
Endpoint: _1270_ (recovery check against rising-edge clock core)
Path Group: asynchronous
Path Type: max

Fanout     Cap    Slew   Delay    Time   Description
-----------------------------------------------------------------------------
                  0.00    0.05    0.05   clock core (rise edge)
                          0.05    0.10   clock network delay (ideal)
                  0.00    0.00    0.10 ^ _1449_/CLK (sg13g2_dfrbpq_1)
   171    0.87    3.51    2.56    2.66 ^ _1449_/Q (sg13g2_dfrbpq_1)
                                         reg_rst_ni (net)
                  3.51    0.00    2.66 ^ _1270_/RESET_B (sg13g2_dfrbpq_1)
                                  2.66   data arrival time

                  0.00   10.05   10.05   clock core (rise edge)
                          0.05   10.10   clock network delay (ideal)
                         -0.02   10.08   clock uncertainty
                          0.00   10.08   clock reconvergence pessimism
                                 10.08 ^ _1270_/CLK (sg13g2_dfrbpq_1)
                         -0.70    9.38   library recovery time
                                  9.38   data required time
-----------------------------------------------------------------------------
                                  9.38   data required time
                                 -2.66   data arrival time
-----------------------------------------------------------------------------
                                  6.72   slack (MET)


Startpoint: axi_lite_i[10] (input port clocked by core)
Endpoint: axi_lite_o[39] (output port clocked by core)
Path Group: core
Path Type: max

Fanout     Cap    Slew   Delay    Time   Description
-----------------------------------------------------------------------------
                  0.00    0.05    0.05   clock core (rise edge)
                          0.05    0.10   clock network delay (ideal)
                          2.00    2.10 ^ input external delay
     1    0.00    0.00    0.00    2.10 ^ axi_lite_i[10] (in)
                                         axi_lite_i[10] (net)
                  0.00    0.00    2.10 ^ _0788_/B (sg13g2_nand2_1)
     1    0.00    0.03    0.04    2.14 v _0788_/Y (sg13g2_nand2_1)
                                         _0469_ (net)
                  0.03    0.00    2.14 v _0789_/B1 (sg13g2_a21oi_1)
     7    0.02    0.23    0.19    2.32 ^ _0789_/Y (sg13g2_a21oi_1)
                                         u_gpio_reg_axi_lite_o_39_ (net)
                  0.23    0.00    2.32 ^ _1544_/A (sg13g2_buf_1)
     1    0.01    0.06    0.14    2.46 ^ _1544_/X (sg13g2_buf_1)
                                         axi_lite_o[39] (net)
                  0.06    0.00    2.46 ^ axi_lite_o[39] (out)
                                  2.46   data arrival time

                  0.00   10.05   10.05   clock core (rise edge)
                          0.05   10.10   clock network delay (ideal)
                         -0.02   10.08   clock uncertainty
                          0.00   10.08   clock reconvergence pessimism
                         -2.00    8.08   output external delay
                                  8.08   data required time
-----------------------------------------------------------------------------
                                  8.08   data required time
                                 -2.46   data arrival time
-----------------------------------------------------------------------------
                                  5.61   slack (MET)



==========================================================================
floorplan final report_power
--------------------------------------------------------------------------
Group                  Internal  Switching    Leakage      Total
                          Power      Power      Power      Power (Watts)
----------------------------------------------------------------
Sequential             1.69e-03   1.05e-04   1.12e-07   1.80e-03  72.0%
Combinational          3.67e-04   3.33e-04   8.92e-08   7.00e-04  28.0%
Clock                  0.00e+00   0.00e+00   0.00e+00   0.00e+00   0.0%
Macro                  0.00e+00   0.00e+00   0.00e+00   0.00e+00   0.0%
Pad                    0.00e+00   0.00e+00   0.00e+00   0.00e+00   0.0%
----------------------------------------------------------------
Total                  2.06e-03   4.38e-04   2.02e-07   2.50e-03 100.0%
                          82.5%      17.5%       0.0%
