FlexSoC run check · gpio
Technical FAIL · Provenance STALE

Flow
Main step                    Status    
RTL lint                     PASS      
CDC / RDC                    FAIL      
Functional verification      PASS      
Formal verification          PASS      
Synthesis                    PASS      
RTL ↔ synthesis equivalence  PARTIAL   
Pre-implementation sign-off  PASS      
Implementation / PnR         MISSING   
Post Sign-Off                INCOMPLETE
Run status: FAIL

Provenance
Setup                   State  Action             
cdc_rdc                 CLEAN  -                  
cdc_rdc.setup           CLEAN  -                  
cocotb.setup            CLEAN  -                  
eqy.setup               CLEAN  -                  
formal.cover.setup      CLEAN  -                  
formal.csr_cover.setup  CLEAN  -                  
formal.csr_prove.setup  CLEAN  -                  
formal.prove.setup      CLEAN  -                  
formal_bmc              CLEAN  -                  
formal_cover            CLEAN  -                  
formal_csr_bmc          CLEAN  -                  
formal_csr_cover        CLEAN  -                  
formal_csr_prove        CLEAN  -                  
formal_prove            CLEAN  -                  
lint_slang_suite        CLEAN  -                  
lint_verilator_suite    CLEAN  -                  
power_estimate          CLEAN  -                  
regression              STALE  fx regression      
sdf                     CLEAN  -                  
signoff.setup           CLEAN  -                  
sim_post_syn_all        STALE  fx sim_post_syn_all
sta                     CLEAN  -                  
syn                     CLEAN  -                  
syn.setup               CLEAN  -                  
tb.setup                CLEAN  -                  

RTL lint  Slang → Verilator
Tool       Status  Errors  Warnings  Latch  Width  Unused
slang      PASS         0         0      0      0       0
verilator  PASS         0        83      0      0       1

CDC / RDC  post-lint structural analysis
Status       FAIL                                           
Domains      clocks=1 · resets=4 · sequential=39            
CDC          raw=0 · safe=0 · review=0 · warn=0 · error=0   
RDC          raw=268 · safe=1 · review=1 · warn=0 · error=11
Obligations  1                                              
Report       analysis/cdc_rdc/cdc_rdc.rpt                   

Functional verification
Status           PASS              
Generated tests  8                 
sv logs          8                 
cocotb logs      8                 
Coverage all     3543/11034  32.11%
Coverage design  454/692  65.61%   

Formal verification
Suite       Stage  Status  Time  Traces
csr         bmc    PASS      1s       0
csr         prove  PASS      0s       0
csr         cover  PASS      0s       2
properties  bmc    PASS      1s       0
properties  prove  PASS      0s       0
properties  cover  PASS      0s       8

Synthesis
Strategy         delay1                 
Netlist          syn/sky130/gpio_synth.v
Cells            483                    
Area             4753.3088              
Sequential area  2652.544               
Errors           0                      
Warnings         0                      

RTL ↔ synthesis equivalence
Status             PARTIAL   
Partitions proven  0/2  0.00%
Partitions failed  0         
Engine errors      0         
Timeouts           0         
Unknown            2         
Log                None      

Pre-implementation sign-off
SDF                    PASS · corners=3               
STA                    PASS · ideal clock · none      
Gate-level simulation  40/40  PASS · interconnect none
Power estimate         PASS                           
Activity power         24/24  PASS                    
Timing / power fusion  24/24  PASS                    
STA QoR
Corner  Mode   Status   WNS (ns)   TNS (ns)  Viol  Unconstr
ss      setup  PASS    +0.000000  +0.000000     0         0
ss      hold   WARN    -0.480000  -1.000000     3         0
tt      setup  PASS    +0.000000  +0.000000     0         0
tt      hold   WARN    -0.290000  -0.590000     2         0
ff      setup  PASS    +0.000000  +0.000000     0         0
ff      hold   WARN    -0.180000  -0.370000     3         0
GLS matrix
Test               zero     unit      min      typ      max  
auto_toggle       PASS sv  PASS sv  PASS sv  PASS sv  PASS sv
corners           PASS sv  PASS sv  PASS sv  PASS sv  PASS sv
input_filter      PASS sv  PASS sv  PASS sv  PASS sv  PASS sv
interrupt_levels  PASS sv  PASS sv  PASS sv  PASS sv  PASS sv
random_seed_1     PASS sv  PASS sv  PASS sv  PASS sv  PASS sv
random_seed_2     PASS sv  PASS sv  PASS sv  PASS sv  PASS sv
reconfig          PASS sv  PASS sv  PASS sv  PASS sv  PASS sv
smoke             PASS sv  PASS sv  PASS sv  PASS sv  PASS sv
Power estimate
Corner  Internal (mW)  Switching (mW)  Leakage (µW)  Total (mW)
ss             +0.558          +0.101        +0.001      +0.659
tt             +0.601          +0.110        +0.751      +0.712
ff             +0.676          +0.129        +0.004      +0.804
Activity power workloads
Workload                Test              Backend  Timing  Status
auto_toggle_sv_ff       auto_toggle         sv      min    PASS  
corners_sv_ff           corners             sv      min    PASS  
input_filter_sv_ff      input_filter        sv      min    PASS  
interrupt_levels_sv_ff  interrupt_levels    sv      min    PASS  
random_seed_1_sv_ff     random_seed_1       sv      min    PASS  
random_seed_2_sv_ff     random_seed_2       sv      min    PASS  
reconfig_sv_ff          reconfig            sv      min    PASS  
smoke_sv_ff             smoke               sv      min    PASS  
auto_toggle_sv_tt       auto_toggle         sv      typ    PASS  
corners_sv_tt           corners             sv      typ    PASS  
input_filter_sv_tt      input_filter        sv      typ    PASS  
interrupt_levels_sv_tt  interrupt_levels    sv      typ    PASS  
random_seed_1_sv_tt     random_seed_1       sv      typ    PASS  
random_seed_2_sv_tt     random_seed_2       sv      typ    PASS  
reconfig_sv_tt          reconfig            sv      typ    PASS  
smoke_sv_tt             smoke               sv      typ    PASS  
auto_toggle_sv_ss       auto_toggle         sv      max    PASS  
corners_sv_ss           corners             sv      max    PASS  
input_filter_sv_ss      input_filter        sv      max    PASS  
interrupt_levels_sv_ss  interrupt_levels    sv      max    PASS  
random_seed_1_sv_ss     random_seed_1       sv      max    PASS  
random_seed_2_sv_ss     random_seed_2       sv      max    PASS  
reconfig_sv_ss          reconfig            sv      max    PASS  
smoke_sv_ss             smoke               sv      max    PASS  
Timing / power fusion workloads
Workload                Test              Backend  Timing  Status
auto_toggle_sv_ff       auto_toggle         sv      min    PASS  
corners_sv_ff           corners             sv      min    PASS  
input_filter_sv_ff      input_filter        sv      min    PASS  
interrupt_levels_sv_ff  interrupt_levels    sv      min    PASS  
random_seed_1_sv_ff     random_seed_1       sv      min    PASS  
random_seed_2_sv_ff     random_seed_2       sv      min    PASS  
reconfig_sv_ff          reconfig            sv      min    PASS  
smoke_sv_ff             smoke               sv      min    PASS  
auto_toggle_sv_tt       auto_toggle         sv      typ    PASS  
corners_sv_tt           corners             sv      typ    PASS  
input_filter_sv_tt      input_filter        sv      typ    PASS  
interrupt_levels_sv_tt  interrupt_levels    sv      typ    PASS  
random_seed_1_sv_tt     random_seed_1       sv      typ    PASS  
random_seed_2_sv_tt     random_seed_2       sv      typ    PASS  
reconfig_sv_tt          reconfig            sv      typ    PASS  
smoke_sv_tt             smoke               sv      typ    PASS  
auto_toggle_sv_ss       auto_toggle         sv      max    PASS  
corners_sv_ss           corners             sv      max    PASS  
input_filter_sv_ss      input_filter        sv      max    PASS  
interrupt_levels_sv_ss  interrupt_levels    sv      max    PASS  
random_seed_1_sv_ss     random_seed_1       sv      max    PASS  
random_seed_2_sv_ss     random_seed_2       sv      max    PASS  
reconfig_sv_ss          reconfig            sv      max    PASS  
smoke_sv_ss             smoke               sv      max    PASS  

Detailed metrics: /home/eneadim/github/flexsoc/hw/ips/gpio/profiles/.ip-save.gpio.tlul.tammzlgq/tlul/meta/sky130/metrics.json
