analysis=power_analysis corner=tt stage=post_syn
workload=reconfig_sv_tt
gls_report=/tmp/flexsoc-repack/gpio/runs/gpio/dev/dv/functional/sim/post_syn/sky130/gpio_post_syn_reconfig_sv_tt.json
activity_file=/tmp/flexsoc-repack/gpio/runs/gpio/dev/signoff/sky130/power/activity/captures/gpio_sky130_reconfig_sv_tt.vcd
activity_scope=gpio_tb/u_gpio
liberty=/home/eneadim/github/flexsoc/.flexsoc/pdks/ciel/sky130/versions/f6eeac7dad085ffcc829ccfd721f7b4ce39edcf7/sky130A/libs.ref/sky130_fd_sc_hd/lib/sky130_fd_sc_hd__tt_100C_1v80.lib
netlist=/tmp/flexsoc-repack/gpio/runs/gpio/dev/syn/sky130/gpio_synth.v
sdc=/tmp/flexsoc-repack/gpio/runs/gpio/dev/constraints/gpio.sdc
spef=

=== Units ===
 time 1ns
 capacitance 1pF
 resistance 1kohm
 voltage 1v
 current 1mA
 power 1nW
 distance 1um

=== Constraint validation ===

=== Activity annotation ===
annotated_percent=100.00%
Unannotated pins: none

=== Power summary ===
Group                  Internal  Switching    Leakage      Total
                          Power      Power      Power      Power (Watts)
----------------------------------------------------------------
Sequential             4.24e-04   4.39e-06   3.60e-07   4.29e-04  94.1%
Combinational          1.21e-05   1.45e-05   3.81e-07   2.70e-05   5.9%
Clock                  0.00e+00   0.00e+00   0.00e+00   0.00e+00   0.0%
Macro                  0.00e+00   0.00e+00   0.00e+00   0.00e+00   0.0%
Pad                    0.00e+00   0.00e+00   0.00e+00   0.00e+00   0.0%
----------------------------------------------------------------
Total                  4.36e-04   1.89e-05   7.41e-07   4.56e-04 100.0%
                          95.7%       4.1%       0.2%

=== FlexSoC normalized power fields ===
dynamic_power_definition=internal_power+switching_power
power_unit=OpenSTA report unit; see Units section
internal_power=0.000436
switching_power=1.89e-05
dynamic_power=0.00045490000000000005
leakage_power=7.41e-07
total_power=0.000456
