analysis=power_analysis corner=ff stage=post_syn
workload=corners_sv_ff
gls_report=/tmp/flexsoc-uart-interface-contract-20260914/tlul/runs/uart/contract/dv/functional/sim/post_syn/sky130/uart_post_syn_corners_sv_ff.json
activity_file=/tmp/flexsoc-uart-interface-contract-20260914/tlul/runs/uart/contract/signoff/sky130/power/activity/captures/uart_sky130_corners_sv_ff.vcd
activity_scope=uart_tb/u_uart
liberty=/home/eneadim/github/flexsoc/.flexsoc/pdks/ciel/sky130/versions/f6eeac7dad085ffcc829ccfd721f7b4ce39edcf7/sky130A/libs.ref/sky130_fd_sc_hd/lib/sky130_fd_sc_hd__ff_n40C_1v95_ccsnoise.lib
netlist=/tmp/flexsoc-uart-interface-contract-20260914/tlul/runs/uart/contract/syn/sky130/uart_synth.v
sdc=/tmp/flexsoc-uart-interface-contract-20260914/tlul/runs/uart/contract/constraints/uart.sdc
spef=

=== Units ===
 time 1ns
 capacitance 1pF
 resistance 1kohm
 voltage 1v
 current 1mA
 power 1nW
 distance 1um

=== Constraint validation ===

=== Activity annotation ===
annotated_percent=100.00%
Unannotated pins: none

=== Power summary ===
Group                  Internal  Switching    Leakage      Total
                          Power      Power      Power      Power (Watts)
----------------------------------------------------------------
Sequential             1.85e-03   3.99e-06   6.69e-09   1.85e-03  98.0%
Combinational          1.74e-05   2.00e-05   7.72e-09   3.73e-05   2.0%
Clock                  0.00e+00   0.00e+00   0.00e+00   0.00e+00   0.0%
Macro                  0.00e+00   0.00e+00   0.00e+00   0.00e+00   0.0%
Pad                    0.00e+00   0.00e+00   0.00e+00   0.00e+00   0.0%
----------------------------------------------------------------
Total                  1.87e-03   2.40e-05   1.44e-08   1.89e-03 100.0%
                          98.7%       1.3%       0.0%

=== FlexSoC normalized power fields ===
dynamic_power_definition=internal_power+switching_power
power_unit=OpenSTA report unit; see Units section
internal_power=0.00187
switching_power=2.4e-05
dynamic_power=0.0018939999999999999
leakage_power=1.44e-08
total_power=0.00189
