%Warning-PINCONNECTEMPTY: /tmp/flexsoc-repack/uart/runs/uart/dev/rtl/uart_reg_top.sv:73:6: Instance pin connected by name with empty reference: 'intg_error_o'
%Warning-PINCONNECTEMPTY: /tmp/flexsoc-repack/uart/runs/uart/dev/rtl/uart_reg_top.sv:150:6: Instance pin connected by name with empty reference: 'qe'
%Warning-PINCONNECTEMPTY: /tmp/flexsoc-repack/uart/runs/uart/dev/rtl/uart_reg_top.sv:152:6: Instance pin connected by name with empty reference: 'ds'
%Warning-PINCONNECTEMPTY: /tmp/flexsoc-repack/uart/runs/uart/dev/rtl/uart_reg_top.sv:177:6: Instance pin connected by name with empty reference: 'qe'
%Warning-PINCONNECTEMPTY: /tmp/flexsoc-repack/uart/runs/uart/dev/rtl/uart_reg_top.sv:179:6: Instance pin connected by name with empty reference: 'ds'
%Warning-PINCONNECTEMPTY: /tmp/flexsoc-repack/uart/runs/uart/dev/rtl/uart_reg_top.sv:204:6: Instance pin connected by name with empty reference: 'qe'
%Warning-PINCONNECTEMPTY: /tmp/flexsoc-repack/uart/runs/uart/dev/rtl/uart_reg_top.sv:206:6: Instance pin connected by name with empty reference: 'ds'
%Warning-PINCONNECTEMPTY: /tmp/flexsoc-repack/uart/runs/uart/dev/rtl/uart_reg_top.sv:231:6: Instance pin connected by name with empty reference: 'qe'
%Warning-PINCONNECTEMPTY: /tmp/flexsoc-repack/uart/runs/uart/dev/rtl/uart_reg_top.sv:233:6: Instance pin connected by name with empty reference: 'ds'
%Warning-PINCONNECTEMPTY: /tmp/flexsoc-repack/uart/runs/uart/dev/rtl/uart_reg_top.sv:258:6: Instance pin connected by name with empty reference: 'qe'
%Warning-PINCONNECTEMPTY: /tmp/flexsoc-repack/uart/runs/uart/dev/rtl/uart_reg_top.sv:260:6: Instance pin connected by name with empty reference: 'ds'
%Warning-PINCONNECTEMPTY: /tmp/flexsoc-repack/uart/runs/uart/dev/rtl/uart_reg_top.sv:285:6: Instance pin connected by name with empty reference: 'qe'
%Warning-PINCONNECTEMPTY: /tmp/flexsoc-repack/uart/runs/uart/dev/rtl/uart_reg_top.sv:287:6: Instance pin connected by name with empty reference: 'ds'
%Warning-PINCONNECTEMPTY: /tmp/flexsoc-repack/uart/runs/uart/dev/rtl/uart_reg_top.sv:312:6: Instance pin connected by name with empty reference: 'qe'
%Warning-PINCONNECTEMPTY: /tmp/flexsoc-repack/uart/runs/uart/dev/rtl/uart_reg_top.sv:314:6: Instance pin connected by name with empty reference: 'ds'
%Warning-PINCONNECTEMPTY: /tmp/flexsoc-repack/uart/runs/uart/dev/rtl/uart_reg_top.sv:339:6: Instance pin connected by name with empty reference: 'qe'
%Warning-PINCONNECTEMPTY: /tmp/flexsoc-repack/uart/runs/uart/dev/rtl/uart_reg_top.sv:341:6: Instance pin connected by name with empty reference: 'ds'
%Warning-PINCONNECTEMPTY: /tmp/flexsoc-repack/uart/runs/uart/dev/rtl/uart_reg_top.sv:358:6: Instance pin connected by name with empty reference: 'qe'
%Warning-PINCONNECTEMPTY: /tmp/flexsoc-repack/uart/runs/uart/dev/rtl/uart_reg_top.sv:360:6: Instance pin connected by name with empty reference: 'ds'
%Warning-PINCONNECTEMPTY: /tmp/flexsoc-repack/uart/runs/uart/dev/rtl/uart_reg_top.sv:373:6: Instance pin connected by name with empty reference: 'qe'
%Warning-PINCONNECTEMPTY: /tmp/flexsoc-repack/uart/runs/uart/dev/rtl/uart_reg_top.sv:375:6: Instance pin connected by name with empty reference: 'ds'
%Warning-PINCONNECTEMPTY: /tmp/flexsoc-repack/uart/runs/uart/dev/rtl/uart_reg_top.sv:388:6: Instance pin connected by name with empty reference: 'qe'
%Warning-PINCONNECTEMPTY: /tmp/flexsoc-repack/uart/runs/uart/dev/rtl/uart_reg_top.sv:390:6: Instance pin connected by name with empty reference: 'ds'
%Warning-PINCONNECTEMPTY: /tmp/flexsoc-repack/uart/runs/uart/dev/rtl/uart_reg_top.sv:403:6: Instance pin connected by name with empty reference: 'qe'
%Warning-PINCONNECTEMPTY: /tmp/flexsoc-repack/uart/runs/uart/dev/rtl/uart_reg_top.sv:405:6: Instance pin connected by name with empty reference: 'ds'
%Warning-PINCONNECTEMPTY: /tmp/flexsoc-repack/uart/runs/uart/dev/rtl/uart_reg_top.sv:418:6: Instance pin connected by name with empty reference: 'qe'
%Warning-PINCONNECTEMPTY: /tmp/flexsoc-repack/uart/runs/uart/dev/rtl/uart_reg_top.sv:420:6: Instance pin connected by name with empty reference: 'ds'
%Warning-PINCONNECTEMPTY: /tmp/flexsoc-repack/uart/runs/uart/dev/rtl/uart_reg_top.sv:433:6: Instance pin connected by name with empty reference: 'qe'
%Warning-PINCONNECTEMPTY: /tmp/flexsoc-repack/uart/runs/uart/dev/rtl/uart_reg_top.sv:435:6: Instance pin connected by name with empty reference: 'ds'
%Warning-PINCONNECTEMPTY: /tmp/flexsoc-repack/uart/runs/uart/dev/rtl/uart_reg_top.sv:449:6: Instance pin connected by name with empty reference: 'qe'
%Warning-PINCONNECTEMPTY: /tmp/flexsoc-repack/uart/runs/uart/dev/rtl/uart_reg_top.sv:451:6: Instance pin connected by name with empty reference: 'ds'
%Warning-PINCONNECTEMPTY: /tmp/flexsoc-repack/uart/runs/uart/dev/rtl/uart_reg_top.sv:488:6: Instance pin connected by name with empty reference: 'ds'
%Warning-PINCONNECTEMPTY: /tmp/flexsoc-repack/uart/runs/uart/dev/rtl/uart_reg_top.sv:491:6: Instance pin connected by name with empty reference: 'qs'
%Warning-PINCONNECTEMPTY: /tmp/flexsoc-repack/uart/runs/uart/dev/rtl/uart_reg_top.sv:529:6: Instance pin connected by name with empty reference: 'ds'
%Warning-PINCONNECTEMPTY: /tmp/flexsoc-repack/uart/runs/uart/dev/rtl/uart_reg_top.sv:532:6: Instance pin connected by name with empty reference: 'qs'
%Warning-PINCONNECTEMPTY: /tmp/flexsoc-repack/uart/runs/uart/dev/rtl/uart_reg_top.sv:557:6: Instance pin connected by name with empty reference: 'ds'
%Warning-PINCONNECTEMPTY: /tmp/flexsoc-repack/uart/runs/uart/dev/rtl/uart_reg_top.sv:560:6: Instance pin connected by name with empty reference: 'qs'
%Warning-PINCONNECTEMPTY: /tmp/flexsoc-repack/uart/runs/uart/dev/rtl/uart_reg_top.sv:574:6: Instance pin connected by name with empty reference: 'qre'
%Warning-PINCONNECTEMPTY: /tmp/flexsoc-repack/uart/runs/uart/dev/rtl/uart_reg_top.sv:575:6: Instance pin connected by name with empty reference: 'qe'
%Warning-PINCONNECTEMPTY: /tmp/flexsoc-repack/uart/runs/uart/dev/rtl/uart_reg_top.sv:576:6: Instance pin connected by name with empty reference: 'q'
%Warning-PINCONNECTEMPTY: /tmp/flexsoc-repack/uart/runs/uart/dev/rtl/uart_reg_top.sv:577:6: Instance pin connected by name with empty reference: 'ds'
%Warning-PINCONNECTEMPTY: /tmp/flexsoc-repack/uart/runs/uart/dev/rtl/uart_reg_top.sv:589:6: Instance pin connected by name with empty reference: 'qre'
%Warning-PINCONNECTEMPTY: /tmp/flexsoc-repack/uart/runs/uart/dev/rtl/uart_reg_top.sv:590:6: Instance pin connected by name with empty reference: 'qe'
%Warning-PINCONNECTEMPTY: /tmp/flexsoc-repack/uart/runs/uart/dev/rtl/uart_reg_top.sv:591:6: Instance pin connected by name with empty reference: 'q'
%Warning-PINCONNECTEMPTY: /tmp/flexsoc-repack/uart/runs/uart/dev/rtl/uart_reg_top.sv:592:6: Instance pin connected by name with empty reference: 'ds'
%Warning-PINCONNECTEMPTY: /tmp/flexsoc-repack/uart/runs/uart/dev/rtl/uart_core.sv:122:6: Instance pin connected by name with empty reference: 'full_o'
%Warning-PINCONNECTEMPTY: /tmp/flexsoc-repack/uart/runs/uart/dev/rtl/uart_core.sv:126:6: Instance pin connected by name with empty reference: 'err_o'
%Warning-PINCONNECTEMPTY: /tmp/flexsoc-repack/uart/runs/uart/dev/rtl/uart_core.sv:222:6: Instance pin connected by name with empty reference: 'full_o'
%Warning-PINCONNECTEMPTY: /tmp/flexsoc-repack/uart/runs/uart/dev/rtl/uart_core.sv:226:6: Instance pin connected by name with empty reference: 'err_o'
