%Warning-UNUSEDSIGNAL: /tmp/flexsoc-repack/uart/runs/uart/dev/rtl/uart_core.sv:14:38: Bits of signal are not used: 'reg2hw'[33:22]
%Warning-UNUSEDSIGNAL: /tmp/flexsoc-repack/uart/runs/uart/dev/rtl/uart_core.sv:32:19: Signal is not driven, nor used: 'rx_val_q'
%Warning-UNUSEDSIGNAL: /tmp/flexsoc-repack/uart/runs/uart/dev/rtl/uart_core.sv:34:34: Signal is not used: 'rx_tick_baud'
%Warning-UNUSEDSIGNAL: /tmp/flexsoc-repack/uart/runs/uart/dev/rtl/uart_core.sv:38:30: Signal is not driven, nor used: 'rx_fifo_depth_prev_q'
%Warning-UNUSEDSIGNAL: /tmp/flexsoc-repack/uart/runs/uart/dev/rtl/uart_core.sv:40:19: Signal is not driven, nor used: 'rx_timeout_count_d'
%Warning-UNUSEDSIGNAL: /tmp/flexsoc-repack/uart/runs/uart/dev/rtl/uart_core.sv:40:39: Signal is not driven, nor used: 'rx_timeout_count_q'
%Warning-UNUSEDSIGNAL: /tmp/flexsoc-repack/uart/runs/uart/dev/rtl/uart_core.sv:40:59: Signal is not driven, nor used: 'uart_rxto_val'
%Warning-UNUSEDSIGNAL: /tmp/flexsoc-repack/uart/runs/uart/dev/rtl/uart_core.sv:41:19: Signal is not driven, nor used: 'rx_fifo_depth_changed'
%Warning-UNUSEDSIGNAL: /tmp/flexsoc-repack/uart/runs/uart/dev/rtl/uart_core.sv:41:42: Signal is not driven, nor used: 'uart_rxto_en'
%Warning-UNUSEDSIGNAL: /tmp/flexsoc-repack/uart/runs/uart/dev/rtl/uart_core.sv:55:19: Signal is not driven, nor used: 'break_err'
%Warning-UNUSEDSIGNAL: /tmp/flexsoc-repack/uart/runs/uart/dev/rtl/uart_core.sv:56:19: Signal is not driven, nor used: 'allzero_cnt_d'
%Warning-UNUSEDSIGNAL: /tmp/flexsoc-repack/uart/runs/uart/dev/rtl/uart_core.sv:56:34: Signal is not driven, nor used: 'allzero_cnt_q'
%Warning-UNUSEDSIGNAL: /tmp/flexsoc-repack/uart/runs/uart/dev/rtl/uart_core.sv:57:19: Signal is not driven, nor used: 'allzero_err'
%Warning-UNUSEDSIGNAL: /tmp/flexsoc-repack/uart/runs/uart/dev/rtl/uart_core.sv:57:32: Signal is not driven, nor used: 'not_allzero_char'
%Warning-UNUSEDSIGNAL: /tmp/flexsoc-repack/uart/runs/uart/dev/rtl/uart_core.sv:58:19: Signal is not driven, nor used: 'event_tx_watermark'
%Warning-UNUSEDSIGNAL: /tmp/flexsoc-repack/uart/runs/uart/dev/rtl/uart_core.sv:58:39: Signal is not driven, nor used: 'event_tx_empty'
%Warning-UNUSEDSIGNAL: /tmp/flexsoc-repack/uart/runs/uart/dev/rtl/uart_core.sv:58:55: Signal is not driven, nor used: 'event_rx_watermark'
%Warning-UNUSEDSIGNAL: /tmp/flexsoc-repack/uart/runs/uart/dev/rtl/uart_core.sv:58:75: Signal is not driven, nor used: 'event_tx_done'
%Warning-UNUSEDSIGNAL: /tmp/flexsoc-repack/uart/runs/uart/dev/rtl/uart_core.sv:59:19: Signal is not driven, nor used: 'event_rx_overflow'
%Warning-UNUSEDSIGNAL: /tmp/flexsoc-repack/uart/runs/uart/dev/rtl/uart_core.sv:59:58: Signal is not driven, nor used: 'event_rx_break_err'
%Warning-UNUSEDSIGNAL: /tmp/flexsoc-repack/uart/runs/uart/dev/rtl/uart_core.sv:59:78: Signal is not driven, nor used: 'event_rx_timeout'
%Warning-UNUSEDSIGNAL: /tmp/flexsoc-repack/uart/runs/uart/dev/rtl/uart_core.sv:61:19: Signal is not driven, nor used: 'tx_uart_idle_q'
%Warning-UNUSEDPARAM: /tmp/flexsoc-repack/uart/runs/uart/dev/rtl/uart_reg_pkg.sv:157:25: Parameter is not used: 'UART_STATUS_RESVAL'
%Warning-UNUSEDPARAM: /tmp/flexsoc-repack/uart/runs/uart/dev/rtl/uart_reg_pkg.sv:158:25: Parameter is not used: 'UART_STATUS_TXEMPTY_RESVAL'
%Warning-UNUSEDPARAM: /tmp/flexsoc-repack/uart/runs/uart/dev/rtl/uart_reg_pkg.sv:159:25: Parameter is not used: 'UART_STATUS_TXIDLE_RESVAL'
%Warning-UNUSEDPARAM: /tmp/flexsoc-repack/uart/runs/uart/dev/rtl/uart_reg_pkg.sv:160:25: Parameter is not used: 'UART_STATUS_RXIDLE_RESVAL'
%Warning-UNUSEDPARAM: /tmp/flexsoc-repack/uart/runs/uart/dev/rtl/uart_reg_pkg.sv:161:25: Parameter is not used: 'UART_STATUS_RXEMPTY_RESVAL'
%Warning-UNUSEDPARAM: /tmp/flexsoc-repack/uart/runs/uart/dev/rtl/uart_reg_pkg.sv:162:25: Parameter is not used: 'UART_RDATA_RESVAL'
%Warning-UNUSEDPARAM: /tmp/flexsoc-repack/uart/runs/uart/dev/rtl/uart_reg_pkg.sv:163:26: Parameter is not used: 'UART_FIFO_STATUS_RESVAL'
