FlexSoC run check · uart
Technical FAIL · Provenance STALE

Flow
Main step                    Status    
RTL lint                     PASS      
CDC / RDC                    FAIL      
Functional verification      PASS      
Formal verification          PASS      
Synthesis                    PASS      
RTL ↔ synthesis equivalence  MISSING   
Pre-implementation sign-off  PASS      
Implementation / PnR         MISSING   
Post Sign-Off                INCOMPLETE
Run status: FAIL

Provenance
Setup             State  Action             
cocotb.setup      CLEAN  -                  
eqy.setup         CLEAN  -                  
power_estimate    CLEAN  -                  
sdf               CLEAN  -                  
signoff.setup     CLEAN  -                  
sim_post_syn_all  STALE  fx sim_post_syn_all
sta               CLEAN  -                  
syn               CLEAN  -                  
syn.setup         CLEAN  -                  
tb.setup          CLEAN  -                  

RTL lint  Slang → Verilator
Tool       Status  Errors  Warnings  Latch  Width  Unused
slang      PASS         0         1      0      0       0
verilator  PASS         0       154      0      0      30

CDC / RDC  post-lint structural analysis
Status       FAIL                                            
Domains      clocks=1 · resets=4 · sequential=70             
CDC          raw=0 · safe=0 · review=0 · warn=0 · error=0    
RDC          raw=1253 · safe=1 · review=1 · warn=0 · error=47
Obligations  1                                               
Report       analysis/cdc_rdc/cdc_rdc.rpt                    

Functional verification
Status           PASS              
Generated tests  10                
sv logs          10                
cocotb logs      10                
Coverage all     5334/13809  38.63%
Coverage design  1670/2500  66.80% 

Formal verification
Suite       Stage  Status  Time  Traces
csr         bmc    PASS      3s       0
csr         prove  PASS      0s       0
csr         cover  PASS      0s       6
properties  bmc    PASS      3s       0
properties  prove  PASS      0s       0
properties  cover  PASS      0s       8

Synthesis
Strategy         delay1                     
Netlist          syn/ihp-sg13g2/uart_synth.v
Cells            1861                       
Area             30108.3426                 
Sequential area  17195.0688                 
Errors           0                          
Warnings         1                          

Pre-implementation sign-off
SDF                    PASS · corners=3               
STA                    PASS · ideal clock · none      
Gate-level simulation  50/50  PASS · interconnect none
Power estimate         PASS                           
Activity power         30/30  PASS                    
Timing / power fusion  30/30  PASS                    
STA QoR
Corner  Mode   Status   WNS (ns)   TNS (ns)  Viol  Unconstr
ss      setup  PASS    +0.000000  +0.000000     0         0
ss      hold   PASS    +0.000000  +0.000000     0         0
tt      setup  PASS    +0.000000  +0.000000     0         0
tt      hold   PASS    +0.000000  +0.000000     0         0
ff      setup  PASS    +0.000000  +0.000000     0         0
ff      hold   PASS    +0.000000  +0.000000     0         0
GLS matrix
Test              zero     unit      min      typ      max  
auto_toggle      PASS sv  PASS sv  PASS sv  PASS sv  PASS sv
corners          PASS sv  PASS sv  PASS sv  PASS sv  PASS sv
line_loopback    PASS sv  PASS sv  PASS sv  PASS sv  PASS sv
noise_filter     PASS sv  PASS sv  PASS sv  PASS sv  PASS sv
parity_reconfig  PASS sv  PASS sv  PASS sv  PASS sv  PASS sv
random_seed_1    PASS sv  PASS sv  PASS sv  PASS sv  PASS sv
random_seed_2    PASS sv  PASS sv  PASS sv  PASS sv  PASS sv
reconfig         PASS sv  PASS sv  PASS sv  PASS sv  PASS sv
rx_fifo          PASS sv  PASS sv  PASS sv  PASS sv  PASS sv
smoke            PASS sv  PASS sv  PASS sv  PASS sv  PASS sv
Power estimate
Corner  Internal (mW)  Switching (mW)  Leakage (µW)  Total (mW)
ss             +2.840          +0.272        +2.320      +3.110
tt             +3.480          +0.362        +0.983      +3.840
ff             +4.210          +0.477        +3.120      +4.690
Activity power workloads
Workload               Test             Backend  Timing  Status
auto_toggle_sv_ff      auto_toggle        sv      min    PASS  
corners_sv_ff          corners            sv      min    PASS  
line_loopback_sv_ff    line_loopback      sv      min    PASS  
noise_filter_sv_ff     noise_filter       sv      min    PASS  
parity_reconfig_sv_ff  parity_reconfig    sv      min    PASS  
random_seed_1_sv_ff    random_seed_1      sv      min    PASS  
random_seed_2_sv_ff    random_seed_2      sv      min    PASS  
reconfig_sv_ff         reconfig           sv      min    PASS  
rx_fifo_sv_ff          rx_fifo            sv      min    PASS  
smoke_sv_ff            smoke              sv      min    PASS  
auto_toggle_sv_tt      auto_toggle        sv      typ    PASS  
corners_sv_tt          corners            sv      typ    PASS  
line_loopback_sv_tt    line_loopback      sv      typ    PASS  
noise_filter_sv_tt     noise_filter       sv      typ    PASS  
parity_reconfig_sv_tt  parity_reconfig    sv      typ    PASS  
random_seed_1_sv_tt    random_seed_1      sv      typ    PASS  
random_seed_2_sv_tt    random_seed_2      sv      typ    PASS  
reconfig_sv_tt         reconfig           sv      typ    PASS  
rx_fifo_sv_tt          rx_fifo            sv      typ    PASS  
smoke_sv_tt            smoke              sv      typ    PASS  
auto_toggle_sv_ss      auto_toggle        sv      max    PASS  
corners_sv_ss          corners            sv      max    PASS  
line_loopback_sv_ss    line_loopback      sv      max    PASS  
noise_filter_sv_ss     noise_filter       sv      max    PASS  
parity_reconfig_sv_ss  parity_reconfig    sv      max    PASS  
random_seed_1_sv_ss    random_seed_1      sv      max    PASS  
random_seed_2_sv_ss    random_seed_2      sv      max    PASS  
reconfig_sv_ss         reconfig           sv      max    PASS  
rx_fifo_sv_ss          rx_fifo            sv      max    PASS  
smoke_sv_ss            smoke              sv      max    PASS  
Timing / power fusion workloads
Workload               Test             Backend  Timing  Status
auto_toggle_sv_ff      auto_toggle        sv      min    PASS  
corners_sv_ff          corners            sv      min    PASS  
line_loopback_sv_ff    line_loopback      sv      min    PASS  
noise_filter_sv_ff     noise_filter       sv      min    PASS  
parity_reconfig_sv_ff  parity_reconfig    sv      min    PASS  
random_seed_1_sv_ff    random_seed_1      sv      min    PASS  
random_seed_2_sv_ff    random_seed_2      sv      min    PASS  
reconfig_sv_ff         reconfig           sv      min    PASS  
rx_fifo_sv_ff          rx_fifo            sv      min    PASS  
smoke_sv_ff            smoke              sv      min    PASS  
auto_toggle_sv_tt      auto_toggle        sv      typ    PASS  
corners_sv_tt          corners            sv      typ    PASS  
line_loopback_sv_tt    line_loopback      sv      typ    PASS  
noise_filter_sv_tt     noise_filter       sv      typ    PASS  
parity_reconfig_sv_tt  parity_reconfig    sv      typ    PASS  
random_seed_1_sv_tt    random_seed_1      sv      typ    PASS  
random_seed_2_sv_tt    random_seed_2      sv      typ    PASS  
reconfig_sv_tt         reconfig           sv      typ    PASS  
rx_fifo_sv_tt          rx_fifo            sv      typ    PASS  
smoke_sv_tt            smoke              sv      typ    PASS  
auto_toggle_sv_ss      auto_toggle        sv      max    PASS  
corners_sv_ss          corners            sv      max    PASS  
line_loopback_sv_ss    line_loopback      sv      max    PASS  
noise_filter_sv_ss     noise_filter       sv      max    PASS  
parity_reconfig_sv_ss  parity_reconfig    sv      max    PASS  
random_seed_1_sv_ss    random_seed_1      sv      max    PASS  
random_seed_2_sv_ss    random_seed_2      sv      max    PASS  
reconfig_sv_ss         reconfig           sv      max    PASS  
rx_fifo_sv_ss          rx_fifo            sv      max    PASS  
smoke_sv_ss            smoke              sv      max    PASS  

Detailed metrics: /home/eneadim/github/flexsoc/hw/ips/uart/profiles/.ip-save.uart.tlul.g95rv4up/tlul/meta/ihp-sg13g2/metrics.json
