analysis=power_analysis corner=ff stage=post_syn
workload=smoke_sv_ff
gls_report=/tmp/flexsoc-ip-v1-release-20260914/gpio-axi_lite/runs/gpio/release/dv/functional/sim/post_syn/ihp-sg13g2/gpio_post_syn_smoke_sv_ff.json
activity_file=/tmp/flexsoc-ip-v1-release-20260914/gpio-axi_lite/runs/gpio/release/signoff/ihp-sg13g2/power/activity/captures/gpio_ihp-sg13g2_smoke_sv_ff.vcd
activity_scope=gpio_tb/u_gpio
liberty=/home/eneadim/github/flexsoc/.flexsoc/pdks/ihp-sg13g2/ihp-sg13g2/libs.ref/sg13g2_stdcell/lib/sg13g2_stdcell_fast_1p65V_m40C.lib
netlist=/tmp/flexsoc-ip-v1-release-20260914/gpio-axi_lite/runs/gpio/release/syn/ihp-sg13g2/gpio_synth.v
sdc=/tmp/flexsoc-ip-v1-release-20260914/gpio-axi_lite/runs/gpio/release/constraints/gpio.sdc
spef=

=== Units ===
 time 1ns
 capacitance 1pF
 resistance 1kohm
 voltage 1v
 current 1uA
 power 1pW
 distance 1um

=== Constraint validation ===

=== Activity annotation ===
annotated_percent=100.00%
Unannotated pins: none

=== Power summary ===
Group                  Internal  Switching    Leakage      Total
                          Power      Power      Power      Power (Watts)
----------------------------------------------------------------
Sequential             2.19e-03   5.07e-06   9.99e-07   2.20e-03  96.2%
Combinational          4.22e-05   4.42e-05   1.08e-06   8.75e-05   3.8%
Clock                  0.00e+00   0.00e+00   0.00e+00   0.00e+00   0.0%
Macro                  0.00e+00   0.00e+00   0.00e+00   0.00e+00   0.0%
Pad                    0.00e+00   0.00e+00   0.00e+00   0.00e+00   0.0%
----------------------------------------------------------------
Total                  2.24e-03   4.93e-05   2.08e-06   2.29e-03 100.0%
                          97.8%       2.2%       0.1%

=== FlexSoC normalized power fields ===
dynamic_power_definition=internal_power+switching_power
power_unit=OpenSTA report unit; see Units section
internal_power=0.00224
switching_power=4.93e-05
dynamic_power=0.0022892999999999998
leakage_power=2.08e-06
total_power=0.00229
