analysis=power_analysis corner=ss stage=post_syn
workload=auto_toggle_sv_ss
gls_report=/tmp/flexsoc-repack/uart/runs/uart/dev/dv/functional/sim/post_syn/ihp-sg13g2/uart_post_syn_auto_toggle_sv_ss.json
activity_file=/tmp/flexsoc-repack/uart/runs/uart/dev/signoff/ihp-sg13g2/power/activity/captures/uart_ihp-sg13g2_auto_toggle_sv_ss.vcd
activity_scope=uart_tb/u_uart
liberty=/home/eneadim/github/flexsoc/.flexsoc/pdks/ihp-sg13g2/ihp-sg13g2/libs.ref/sg13g2_stdcell/lib/sg13g2_stdcell_slow_1p35V_125C.lib
netlist=/tmp/flexsoc-repack/uart/runs/uart/dev/syn/ihp-sg13g2/uart_synth.v
sdc=/tmp/flexsoc-repack/uart/runs/uart/dev/constraints/uart.sdc
spef=

=== Units ===
 time 1ns
 capacitance 1pF
 resistance 1kohm
 voltage 1v
 current 1uA
 power 1pW
 distance 1um

=== Constraint validation ===

=== Activity annotation ===
annotated_percent=100.00%
Unannotated pins: none

=== Power summary ===
Group                  Internal  Switching    Leakage      Total
                          Power      Power      Power      Power (Watts)
----------------------------------------------------------------
Sequential             2.44e-03   1.24e-05   1.26e-06   2.46e-03  96.8%
Combinational          4.04e-05   3.99e-05   9.87e-07   8.13e-05   3.2%
Clock                  0.00e+00   0.00e+00   0.00e+00   0.00e+00   0.0%
Macro                  0.00e+00   0.00e+00   0.00e+00   0.00e+00   0.0%
Pad                    0.00e+00   0.00e+00   0.00e+00   0.00e+00   0.0%
----------------------------------------------------------------
Total                  2.48e-03   5.23e-05   2.24e-06   2.54e-03 100.0%
                          97.9%       2.1%       0.1%

=== FlexSoC normalized power fields ===
dynamic_power_definition=internal_power+switching_power
power_unit=OpenSTA report unit; see Units section
internal_power=0.00248
switching_power=5.23e-05
dynamic_power=0.0025323
leakage_power=2.24e-06
total_power=0.00254
