analysis=fusion_analysis corner=ff mode=setup stage=post_syn
workload=corners_sv_ff
methodology=staged_public_opensta
path_power_semantics=average_instance_power_in_same_analysis_context
activity_file=/home/eneadim/github/flexsoc/workspace/runs/cordic/dev/signoff/ihp-sg13g2/power/activity/captures/cordic_ihp-sg13g2_corners_sv_ff.vcd
activity_scope=cordic_tb/u_cordic
liberty=/home/eneadim/github/flexsoc/.flexsoc/pdks/ihp-sg13g2/ihp-sg13g2/libs.ref/sg13g2_stdcell/lib/sg13g2_stdcell_fast_1p65V_m40C.lib
netlist=/home/eneadim/github/flexsoc/workspace/runs/cordic/dev/syn/ihp-sg13g2/cordic_synth.v
sdc=/home/eneadim/github/flexsoc/workspace/runs/cordic/dev/signoff/ihp-sg13g2/cordic.sdc
spef=

=== Units ===
 time 1ns
 capacitance 1pF
 resistance 1kohm
 voltage 1v
 current 1uA
 power 1pW
 distance 1um

=== Constraint validation ===

=== Timing summary ===
wns max wns max 0.00
tns max tns max 0.00

=== Power summary ===
Group                  Internal  Switching    Leakage      Total
                          Power      Power      Power      Power (Watts)
----------------------------------------------------------------
Sequential             2.93e-03   5.55e-06   1.35e-06   2.94e-03  96.0%
Combinational          5.98e-05   5.97e-05   2.46e-06   1.22e-04   4.0%
Clock                  0.00e+00   0.00e+00   0.00e+00   0.00e+00   0.0%
Macro                  0.00e+00   0.00e+00   0.00e+00   0.00e+00   0.0%
Pad                    0.00e+00   0.00e+00   0.00e+00   0.00e+00   0.0%
----------------------------------------------------------------
Total                  2.99e-03   6.53e-05   3.80e-06   3.06e-03 100.0%
                          97.7%       2.1%       0.1%

=== Worst timing paths (violated or met) ===
Startpoint: tl_i[108] (input port clocked by core)
Endpoint: _4623_ (rising edge-triggered flip-flop clocked by core)
Path Group: core
Path Type: max

Fanout         Cap        Slew       Delay        Time   Description
---------------------------------------------------------------------------------------------
                      0.000000    0.000000    0.000000   clock core (rise edge)
                                  0.000000    0.000000   clock network delay (ideal)
                                  2.000000    2.000000 ^ input external delay
     1    0.003917    0.000000    0.000000    2.000000 ^ tl_i[108] (in)
                                                         tl_i[108] (net)
                      0.000000    0.000000    2.000000 ^ _4567_/B (sg13g2_nand2_1)
    63    0.258903    0.730723    0.530717    2.530717 v _4567_/Y (sg13g2_nand2_1)
                                                         _1516_ (net)
                      0.730723    0.000000    2.530717 v _4603_/A (sg13g2_inv_1)
     8    0.032068    0.185767    0.175812    2.706530 ^ _4603_/Y (sg13g2_inv_1)
                                                         _1544_ (net)
                      0.185767    0.000000    2.706530 ^ _4607_/A (sg13g2_nand2_1)
     1    0.003303    0.041631    0.044156    2.750686 v _4607_/Y (sg13g2_nand2_1)
                                                         _1548_ (net)
                      0.041631    0.000000    2.750686 v _2304_/B (sg13g2_nor2_1)
     4    0.017043    0.078889    0.069315    2.820001 ^ _2304_/Y (sg13g2_nor2_1)
                                                         _1549_ (net)
                      0.078889    0.000000    2.820001 ^ _2305_/A (sg13g2_inv_1)
     3    0.011832    0.033917    0.037516    2.857517 v _2305_/Y (sg13g2_inv_1)
                                                         _1550_ (net)
                      0.033917    0.000000    2.857517 v _2540_/B (sg13g2_nor2_1)
     4    0.014103    0.068813    0.058511    2.916028 ^ _2540_/Y (sg13g2_nor2_1)
                                                         _1754_ (net)
                      0.068813    0.000000    2.916028 ^ _2728_/A (sg13g2_nand2_1)
    64    0.248476    0.753006    0.537002    3.453030 v _2728_/Y (sg13g2_nand2_1)
                                                         _1865_ (net)
                      0.753006    0.000000    3.453030 v _2790_/A2 (sg13g2_o21ai_1)
     1    0.001901    0.104433    0.137074    3.590104 ^ _2790_/Y (sg13g2_o21ai_1)
                                                         _0254_ (net)
                      0.104433    0.000000    3.590104 ^ _4623_/D (sg13g2_dfrbpq_1)
                                              3.590104   data arrival time

                      0.000000   10.000000   10.000000   clock core (rise edge)
                                  0.000000   10.000000   clock network delay (ideal)
                                  0.000000   10.000000   clock reconvergence pessimism
                                             10.000000 ^ _4623_/CLK (sg13g2_dfrbpq_1)
                                 -0.063322    9.936679   library setup time
                                              9.936679   data required time
---------------------------------------------------------------------------------------------
                                              9.936679   data required time
                                             -3.590104   data arrival time
---------------------------------------------------------------------------------------------
                                              6.346574   slack (MET)


Startpoint: tl_i[108] (input port clocked by core)
Endpoint: _4624_ (rising edge-triggered flip-flop clocked by core)
Path Group: core
Path Type: max

Fanout         Cap        Slew       Delay        Time   Description
---------------------------------------------------------------------------------------------
                      0.000000    0.000000    0.000000   clock core (rise edge)
                                  0.000000    0.000000   clock network delay (ideal)
                                  2.000000    2.000000 ^ input external delay
     1    0.003917    0.000000    0.000000    2.000000 ^ tl_i[108] (in)
                                                         tl_i[108] (net)
                      0.000000    0.000000    2.000000 ^ _4567_/B (sg13g2_nand2_1)
    63    0.258903    0.730723    0.530717    2.530717 v _4567_/Y (sg13g2_nand2_1)
                                                         _1516_ (net)
                      0.730723    0.000000    2.530717 v _4603_/A (sg13g2_inv_1)
     8    0.032068    0.185767    0.175812    2.706530 ^ _4603_/Y (sg13g2_inv_1)
                                                         _1544_ (net)
                      0.185767    0.000000    2.706530 ^ _4607_/A (sg13g2_nand2_1)
     1    0.003303    0.041631    0.044156    2.750686 v _4607_/Y (sg13g2_nand2_1)
                                                         _1548_ (net)
                      0.041631    0.000000    2.750686 v _2304_/B (sg13g2_nor2_1)
     4    0.017043    0.078889    0.069315    2.820001 ^ _2304_/Y (sg13g2_nor2_1)
                                                         _1549_ (net)
                      0.078889    0.000000    2.820001 ^ _2305_/A (sg13g2_inv_1)
     3    0.011832    0.033917    0.037516    2.857517 v _2305_/Y (sg13g2_inv_1)
                                                         _1550_ (net)
                      0.033917    0.000000    2.857517 v _2540_/B (sg13g2_nor2_1)
     4    0.014103    0.068813    0.058511    2.916028 ^ _2540_/Y (sg13g2_nor2_1)
                                                         _1754_ (net)
                      0.068813    0.000000    2.916028 ^ _2728_/A (sg13g2_nand2_1)
    64    0.248476    0.753006    0.537002    3.453030 v _2728_/Y (sg13g2_nand2_1)
                                                         _1865_ (net)
                      0.753006    0.000000    3.453030 v _2788_/A2 (sg13g2_o21ai_1)
     1    0.001901    0.104433    0.137074    3.590104 ^ _2788_/Y (sg13g2_o21ai_1)
                                                         _0253_ (net)
                      0.104433    0.000000    3.590104 ^ _4624_/D (sg13g2_dfrbpq_1)
                                              3.590104   data arrival time

                      0.000000   10.000000   10.000000   clock core (rise edge)
                                  0.000000   10.000000   clock network delay (ideal)
                                  0.000000   10.000000   clock reconvergence pessimism
                                             10.000000 ^ _4624_/CLK (sg13g2_dfrbpq_1)
                                 -0.063322    9.936679   library setup time
                                              9.936679   data required time
---------------------------------------------------------------------------------------------
                                              9.936679   data required time
                                             -3.590104   data arrival time
---------------------------------------------------------------------------------------------
                                              6.346574   slack (MET)


Startpoint: tl_i[108] (input port clocked by core)
Endpoint: _4625_ (rising edge-triggered flip-flop clocked by core)
Path Group: core
Path Type: max

Fanout         Cap        Slew       Delay        Time   Description
---------------------------------------------------------------------------------------------
                      0.000000    0.000000    0.000000   clock core (rise edge)
                                  0.000000    0.000000   clock network delay (ideal)
                                  2.000000    2.000000 ^ input external delay
     1    0.003917    0.000000    0.000000    2.000000 ^ tl_i[108] (in)
                                                         tl_i[108] (net)
                      0.000000    0.000000    2.000000 ^ _4567_/B (sg13g2_nand2_1)
    63    0.258903    0.730723    0.530717    2.530717 v _4567_/Y (sg13g2_nand2_1)
                                                         _1516_ (net)
                      0.730723    0.000000    2.530717 v _4603_/A (sg13g2_inv_1)
     8    0.032068    0.185767    0.175812    2.706530 ^ _4603_/Y (sg13g2_inv_1)
                                                         _1544_ (net)
                      0.185767    0.000000    2.706530 ^ _4607_/A (sg13g2_nand2_1)
     1    0.003303    0.041631    0.044156    2.750686 v _4607_/Y (sg13g2_nand2_1)
                                                         _1548_ (net)
                      0.041631    0.000000    2.750686 v _2304_/B (sg13g2_nor2_1)
     4    0.017043    0.078889    0.069315    2.820001 ^ _2304_/Y (sg13g2_nor2_1)
                                                         _1549_ (net)
                      0.078889    0.000000    2.820001 ^ _2305_/A (sg13g2_inv_1)
     3    0.011832    0.033917    0.037516    2.857517 v _2305_/Y (sg13g2_inv_1)
                                                         _1550_ (net)
                      0.033917    0.000000    2.857517 v _2540_/B (sg13g2_nor2_1)
     4    0.014103    0.068813    0.058511    2.916028 ^ _2540_/Y (sg13g2_nor2_1)
                                                         _1754_ (net)
                      0.068813    0.000000    2.916028 ^ _2728_/A (sg13g2_nand2_1)
    64    0.248476    0.753006    0.537002    3.453030 v _2728_/Y (sg13g2_nand2_1)
                                                         _1865_ (net)
                      0.753006    0.000000    3.453030 v _2786_/A2 (sg13g2_o21ai_1)
     1    0.001901    0.104433    0.137074    3.590104 ^ _2786_/Y (sg13g2_o21ai_1)
                                                         _0252_ (net)
                      0.104433    0.000000    3.590104 ^ _4625_/D (sg13g2_dfrbpq_1)
                                              3.590104   data arrival time

                      0.000000   10.000000   10.000000   clock core (rise edge)
                                  0.000000   10.000000   clock network delay (ideal)
                                  0.000000   10.000000   clock reconvergence pessimism
                                             10.000000 ^ _4625_/CLK (sg13g2_dfrbpq_1)
                                 -0.063322    9.936679   library setup time
                                              9.936679   data required time
---------------------------------------------------------------------------------------------
                                              9.936679   data required time
                                             -3.590104   data arrival time
---------------------------------------------------------------------------------------------
                                              6.346574   slack (MET)


Startpoint: tl_i[108] (input port clocked by core)
Endpoint: _4626_ (rising edge-triggered flip-flop clocked by core)
Path Group: core
Path Type: max

Fanout         Cap        Slew       Delay        Time   Description
---------------------------------------------------------------------------------------------
                      0.000000    0.000000    0.000000   clock core (rise edge)
                                  0.000000    0.000000   clock network delay (ideal)
                                  2.000000    2.000000 ^ input external delay
     1    0.003917    0.000000    0.000000    2.000000 ^ tl_i[108] (in)
                                                         tl_i[108] (net)
                      0.000000    0.000000    2.000000 ^ _4567_/B (sg13g2_nand2_1)
    63    0.258903    0.730723    0.530717    2.530717 v _4567_/Y (sg13g2_nand2_1)
                                                         _1516_ (net)
                      0.730723    0.000000    2.530717 v _4603_/A (sg13g2_inv_1)
     8    0.032068    0.185767    0.175812    2.706530 ^ _4603_/Y (sg13g2_inv_1)
                                                         _1544_ (net)
                      0.185767    0.000000    2.706530 ^ _4607_/A (sg13g2_nand2_1)
     1    0.003303    0.041631    0.044156    2.750686 v _4607_/Y (sg13g2_nand2_1)
                                                         _1548_ (net)
                      0.041631    0.000000    2.750686 v _2304_/B (sg13g2_nor2_1)
     4    0.017043    0.078889    0.069315    2.820001 ^ _2304_/Y (sg13g2_nor2_1)
                                                         _1549_ (net)
                      0.078889    0.000000    2.820001 ^ _2305_/A (sg13g2_inv_1)
     3    0.011832    0.033917    0.037516    2.857517 v _2305_/Y (sg13g2_inv_1)
                                                         _1550_ (net)
                      0.033917    0.000000    2.857517 v _2540_/B (sg13g2_nor2_1)
     4    0.014103    0.068813    0.058511    2.916028 ^ _2540_/Y (sg13g2_nor2_1)
                                                         _1754_ (net)
                      0.068813    0.000000    2.916028 ^ _2728_/A (sg13g2_nand2_1)
    64    0.248476    0.753006    0.537002    3.453030 v _2728_/Y (sg13g2_nand2_1)
                                                         _1865_ (net)
                      0.753006    0.000000    3.453030 v _2784_/A2 (sg13g2_o21ai_1)
     1    0.001901    0.104433    0.137074    3.590104 ^ _2784_/Y (sg13g2_o21ai_1)
                                                         _0251_ (net)
                      0.104433    0.000000    3.590104 ^ _4626_/D (sg13g2_dfrbpq_1)
                                              3.590104   data arrival time

                      0.000000   10.000000   10.000000   clock core (rise edge)
                                  0.000000   10.000000   clock network delay (ideal)
                                  0.000000   10.000000   clock reconvergence pessimism
                                             10.000000 ^ _4626_/CLK (sg13g2_dfrbpq_1)
                                 -0.063322    9.936679   library setup time
                                              9.936679   data required time
---------------------------------------------------------------------------------------------
                                              9.936679   data required time
                                             -3.590104   data arrival time
---------------------------------------------------------------------------------------------
                                              6.346574   slack (MET)


Startpoint: tl_i[108] (input port clocked by core)
Endpoint: _4627_ (rising edge-triggered flip-flop clocked by core)
Path Group: core
Path Type: max

Fanout         Cap        Slew       Delay        Time   Description
---------------------------------------------------------------------------------------------
                      0.000000    0.000000    0.000000   clock core (rise edge)
                                  0.000000    0.000000   clock network delay (ideal)
                                  2.000000    2.000000 ^ input external delay
     1    0.003917    0.000000    0.000000    2.000000 ^ tl_i[108] (in)
                                                         tl_i[108] (net)
                      0.000000    0.000000    2.000000 ^ _4567_/B (sg13g2_nand2_1)
    63    0.258903    0.730723    0.530717    2.530717 v _4567_/Y (sg13g2_nand2_1)
                                                         _1516_ (net)
                      0.730723    0.000000    2.530717 v _4603_/A (sg13g2_inv_1)
     8    0.032068    0.185767    0.175812    2.706530 ^ _4603_/Y (sg13g2_inv_1)
                                                         _1544_ (net)
                      0.185767    0.000000    2.706530 ^ _4607_/A (sg13g2_nand2_1)
     1    0.003303    0.041631    0.044156    2.750686 v _4607_/Y (sg13g2_nand2_1)
                                                         _1548_ (net)
                      0.041631    0.000000    2.750686 v _2304_/B (sg13g2_nor2_1)
     4    0.017043    0.078889    0.069315    2.820001 ^ _2304_/Y (sg13g2_nor2_1)
                                                         _1549_ (net)
                      0.078889    0.000000    2.820001 ^ _2305_/A (sg13g2_inv_1)
     3    0.011832    0.033917    0.037516    2.857517 v _2305_/Y (sg13g2_inv_1)
                                                         _1550_ (net)
                      0.033917    0.000000    2.857517 v _2540_/B (sg13g2_nor2_1)
     4    0.014103    0.068813    0.058511    2.916028 ^ _2540_/Y (sg13g2_nor2_1)
                                                         _1754_ (net)
                      0.068813    0.000000    2.916028 ^ _2728_/A (sg13g2_nand2_1)
    64    0.248476    0.753006    0.537002    3.453030 v _2728_/Y (sg13g2_nand2_1)
                                                         _1865_ (net)
                      0.753006    0.000000    3.453030 v _2782_/A2 (sg13g2_o21ai_1)
     1    0.001901    0.104433    0.137074    3.590104 ^ _2782_/Y (sg13g2_o21ai_1)
                                                         _0250_ (net)
                      0.104433    0.000000    3.590104 ^ _4627_/D (sg13g2_dfrbpq_1)
                                              3.590104   data arrival time

                      0.000000   10.000000   10.000000   clock core (rise edge)
                                  0.000000   10.000000   clock network delay (ideal)
                                  0.000000   10.000000   clock reconvergence pessimism
                                             10.000000 ^ _4627_/CLK (sg13g2_dfrbpq_1)
                                 -0.063322    9.936679   library setup time
                                              9.936679   data required time
---------------------------------------------------------------------------------------------
                                              9.936679   data required time
                                             -3.590104   data arrival time
---------------------------------------------------------------------------------------------
                                              6.346574   slack (MET)


Startpoint: tl_i[108] (input port clocked by core)
Endpoint: _4628_ (rising edge-triggered flip-flop clocked by core)
Path Group: core
Path Type: max

Fanout         Cap        Slew       Delay        Time   Description
---------------------------------------------------------------------------------------------
                      0.000000    0.000000    0.000000   clock core (rise edge)
                                  0.000000    0.000000   clock network delay (ideal)
                                  2.000000    2.000000 ^ input external delay
     1    0.003917    0.000000    0.000000    2.000000 ^ tl_i[108] (in)
                                                         tl_i[108] (net)
                      0.000000    0.000000    2.000000 ^ _4567_/B (sg13g2_nand2_1)
    63    0.258903    0.730723    0.530717    2.530717 v _4567_/Y (sg13g2_nand2_1)
                                                         _1516_ (net)
                      0.730723    0.000000    2.530717 v _4603_/A (sg13g2_inv_1)
     8    0.032068    0.185767    0.175812    2.706530 ^ _4603_/Y (sg13g2_inv_1)
                                                         _1544_ (net)
                      0.185767    0.000000    2.706530 ^ _4607_/A (sg13g2_nand2_1)
     1    0.003303    0.041631    0.044156    2.750686 v _4607_/Y (sg13g2_nand2_1)
                                                         _1548_ (net)
                      0.041631    0.000000    2.750686 v _2304_/B (sg13g2_nor2_1)
     4    0.017043    0.078889    0.069315    2.820001 ^ _2304_/Y (sg13g2_nor2_1)
                                                         _1549_ (net)
                      0.078889    0.000000    2.820001 ^ _2305_/A (sg13g2_inv_1)
     3    0.011832    0.033917    0.037516    2.857517 v _2305_/Y (sg13g2_inv_1)
                                                         _1550_ (net)
                      0.033917    0.000000    2.857517 v _2540_/B (sg13g2_nor2_1)
     4    0.014103    0.068813    0.058511    2.916028 ^ _2540_/Y (sg13g2_nor2_1)
                                                         _1754_ (net)
                      0.068813    0.000000    2.916028 ^ _2728_/A (sg13g2_nand2_1)
    64    0.248476    0.753006    0.537002    3.453030 v _2728_/Y (sg13g2_nand2_1)
                                                         _1865_ (net)
                      0.753006    0.000000    3.453030 v _2780_/A2 (sg13g2_o21ai_1)
     1    0.001901    0.104433    0.137074    3.590104 ^ _2780_/Y (sg13g2_o21ai_1)
                                                         _0249_ (net)
                      0.104433    0.000000    3.590104 ^ _4628_/D (sg13g2_dfrbpq_1)
                                              3.590104   data arrival time

                      0.000000   10.000000   10.000000   clock core (rise edge)
                                  0.000000   10.000000   clock network delay (ideal)
                                  0.000000   10.000000   clock reconvergence pessimism
                                             10.000000 ^ _4628_/CLK (sg13g2_dfrbpq_1)
                                 -0.063322    9.936679   library setup time
                                              9.936679   data required time
---------------------------------------------------------------------------------------------
                                              9.936679   data required time
                                             -3.590104   data arrival time
---------------------------------------------------------------------------------------------
                                              6.346574   slack (MET)


Startpoint: tl_i[108] (input port clocked by core)
Endpoint: _4629_ (rising edge-triggered flip-flop clocked by core)
Path Group: core
Path Type: max

Fanout         Cap        Slew       Delay        Time   Description
---------------------------------------------------------------------------------------------
                      0.000000    0.000000    0.000000   clock core (rise edge)
                                  0.000000    0.000000   clock network delay (ideal)
                                  2.000000    2.000000 ^ input external delay
     1    0.003917    0.000000    0.000000    2.000000 ^ tl_i[108] (in)
                                                         tl_i[108] (net)
                      0.000000    0.000000    2.000000 ^ _4567_/B (sg13g2_nand2_1)
    63    0.258903    0.730723    0.530717    2.530717 v _4567_/Y (sg13g2_nand2_1)
                                                         _1516_ (net)
                      0.730723    0.000000    2.530717 v _4603_/A (sg13g2_inv_1)
     8    0.032068    0.185767    0.175812    2.706530 ^ _4603_/Y (sg13g2_inv_1)
                                                         _1544_ (net)
                      0.185767    0.000000    2.706530 ^ _4607_/A (sg13g2_nand2_1)
     1    0.003303    0.041631    0.044156    2.750686 v _4607_/Y (sg13g2_nand2_1)
                                                         _1548_ (net)
                      0.041631    0.000000    2.750686 v _2304_/B (sg13g2_nor2_1)
     4    0.017043    0.078889    0.069315    2.820001 ^ _2304_/Y (sg13g2_nor2_1)
                                                         _1549_ (net)
                      0.078889    0.000000    2.820001 ^ _2305_/A (sg13g2_inv_1)
     3    0.011832    0.033917    0.037516    2.857517 v _2305_/Y (sg13g2_inv_1)
                                                         _1550_ (net)
                      0.033917    0.000000    2.857517 v _2540_/B (sg13g2_nor2_1)
     4    0.014103    0.068813    0.058511    2.916028 ^ _2540_/Y (sg13g2_nor2_1)
                                                         _1754_ (net)
                      0.068813    0.000000    2.916028 ^ _2728_/A (sg13g2_nand2_1)
    64    0.248476    0.753006    0.537002    3.453030 v _2728_/Y (sg13g2_nand2_1)
                                                         _1865_ (net)
                      0.753006    0.000000    3.453030 v _2778_/A2 (sg13g2_o21ai_1)
     1    0.001901    0.104433    0.137074    3.590104 ^ _2778_/Y (sg13g2_o21ai_1)
                                                         _0248_ (net)
                      0.104433    0.000000    3.590104 ^ _4629_/D (sg13g2_dfrbpq_1)
                                              3.590104   data arrival time

                      0.000000   10.000000   10.000000   clock core (rise edge)
                                  0.000000   10.000000   clock network delay (ideal)
                                  0.000000   10.000000   clock reconvergence pessimism
                                             10.000000 ^ _4629_/CLK (sg13g2_dfrbpq_1)
                                 -0.063322    9.936679   library setup time
                                              9.936679   data required time
---------------------------------------------------------------------------------------------
                                              9.936679   data required time
                                             -3.590104   data arrival time
---------------------------------------------------------------------------------------------
                                              6.346574   slack (MET)


Startpoint: tl_i[108] (input port clocked by core)
Endpoint: _4630_ (rising edge-triggered flip-flop clocked by core)
Path Group: core
Path Type: max

Fanout         Cap        Slew       Delay        Time   Description
---------------------------------------------------------------------------------------------
                      0.000000    0.000000    0.000000   clock core (rise edge)
                                  0.000000    0.000000   clock network delay (ideal)
                                  2.000000    2.000000 ^ input external delay
     1    0.003917    0.000000    0.000000    2.000000 ^ tl_i[108] (in)
                                                         tl_i[108] (net)
                      0.000000    0.000000    2.000000 ^ _4567_/B (sg13g2_nand2_1)
    63    0.258903    0.730723    0.530717    2.530717 v _4567_/Y (sg13g2_nand2_1)
                                                         _1516_ (net)
                      0.730723    0.000000    2.530717 v _4603_/A (sg13g2_inv_1)
     8    0.032068    0.185767    0.175812    2.706530 ^ _4603_/Y (sg13g2_inv_1)
                                                         _1544_ (net)
                      0.185767    0.000000    2.706530 ^ _4607_/A (sg13g2_nand2_1)
     1    0.003303    0.041631    0.044156    2.750686 v _4607_/Y (sg13g2_nand2_1)
                                                         _1548_ (net)
                      0.041631    0.000000    2.750686 v _2304_/B (sg13g2_nor2_1)
     4    0.017043    0.078889    0.069315    2.820001 ^ _2304_/Y (sg13g2_nor2_1)
                                                         _1549_ (net)
                      0.078889    0.000000    2.820001 ^ _2305_/A (sg13g2_inv_1)
     3    0.011832    0.033917    0.037516    2.857517 v _2305_/Y (sg13g2_inv_1)
                                                         _1550_ (net)
                      0.033917    0.000000    2.857517 v _2540_/B (sg13g2_nor2_1)
     4    0.014103    0.068813    0.058511    2.916028 ^ _2540_/Y (sg13g2_nor2_1)
                                                         _1754_ (net)
                      0.068813    0.000000    2.916028 ^ _2728_/A (sg13g2_nand2_1)
    64    0.248476    0.753006    0.537002    3.453030 v _2728_/Y (sg13g2_nand2_1)
                                                         _1865_ (net)
                      0.753006    0.000000    3.453030 v _2776_/A2 (sg13g2_o21ai_1)
     1    0.001901    0.104433    0.137074    3.590104 ^ _2776_/Y (sg13g2_o21ai_1)
                                                         _0247_ (net)
                      0.104433    0.000000    3.590104 ^ _4630_/D (sg13g2_dfrbpq_1)
                                              3.590104   data arrival time

                      0.000000   10.000000   10.000000   clock core (rise edge)
                                  0.000000   10.000000   clock network delay (ideal)
                                  0.000000   10.000000   clock reconvergence pessimism
                                             10.000000 ^ _4630_/CLK (sg13g2_dfrbpq_1)
                                 -0.063322    9.936679   library setup time
                                              9.936679   data required time
---------------------------------------------------------------------------------------------
                                              9.936679   data required time
                                             -3.590104   data arrival time
---------------------------------------------------------------------------------------------
                                              6.346574   slack (MET)


Startpoint: tl_i[108] (input port clocked by core)
Endpoint: _4631_ (rising edge-triggered flip-flop clocked by core)
Path Group: core
Path Type: max

Fanout         Cap        Slew       Delay        Time   Description
---------------------------------------------------------------------------------------------
                      0.000000    0.000000    0.000000   clock core (rise edge)
                                  0.000000    0.000000   clock network delay (ideal)
                                  2.000000    2.000000 ^ input external delay
     1    0.003917    0.000000    0.000000    2.000000 ^ tl_i[108] (in)
                                                         tl_i[108] (net)
                      0.000000    0.000000    2.000000 ^ _4567_/B (sg13g2_nand2_1)
    63    0.258903    0.730723    0.530717    2.530717 v _4567_/Y (sg13g2_nand2_1)
                                                         _1516_ (net)
                      0.730723    0.000000    2.530717 v _4603_/A (sg13g2_inv_1)
     8    0.032068    0.185767    0.175812    2.706530 ^ _4603_/Y (sg13g2_inv_1)
                                                         _1544_ (net)
                      0.185767    0.000000    2.706530 ^ _4607_/A (sg13g2_nand2_1)
     1    0.003303    0.041631    0.044156    2.750686 v _4607_/Y (sg13g2_nand2_1)
                                                         _1548_ (net)
                      0.041631    0.000000    2.750686 v _2304_/B (sg13g2_nor2_1)
     4    0.017043    0.078889    0.069315    2.820001 ^ _2304_/Y (sg13g2_nor2_1)
                                                         _1549_ (net)
                      0.078889    0.000000    2.820001 ^ _2305_/A (sg13g2_inv_1)
     3    0.011832    0.033917    0.037516    2.857517 v _2305_/Y (sg13g2_inv_1)
                                                         _1550_ (net)
                      0.033917    0.000000    2.857517 v _2540_/B (sg13g2_nor2_1)
     4    0.014103    0.068813    0.058511    2.916028 ^ _2540_/Y (sg13g2_nor2_1)
                                                         _1754_ (net)
                      0.068813    0.000000    2.916028 ^ _2728_/A (sg13g2_nand2_1)
    64    0.248476    0.753006    0.537002    3.453030 v _2728_/Y (sg13g2_nand2_1)
                                                         _1865_ (net)
                      0.753006    0.000000    3.453030 v _2774_/A2 (sg13g2_o21ai_1)
     1    0.001901    0.104433    0.137074    3.590104 ^ _2774_/Y (sg13g2_o21ai_1)
                                                         _0246_ (net)
                      0.104433    0.000000    3.590104 ^ _4631_/D (sg13g2_dfrbpq_1)
                                              3.590104   data arrival time

                      0.000000   10.000000   10.000000   clock core (rise edge)
                                  0.000000   10.000000   clock network delay (ideal)
                                  0.000000   10.000000   clock reconvergence pessimism
                                             10.000000 ^ _4631_/CLK (sg13g2_dfrbpq_1)
                                 -0.063322    9.936679   library setup time
                                              9.936679   data required time
---------------------------------------------------------------------------------------------
                                              9.936679   data required time
                                             -3.590104   data arrival time
---------------------------------------------------------------------------------------------
                                              6.346574   slack (MET)


Startpoint: tl_i[108] (input port clocked by core)
Endpoint: _4632_ (rising edge-triggered flip-flop clocked by core)
Path Group: core
Path Type: max

Fanout         Cap        Slew       Delay        Time   Description
---------------------------------------------------------------------------------------------
                      0.000000    0.000000    0.000000   clock core (rise edge)
                                  0.000000    0.000000   clock network delay (ideal)
                                  2.000000    2.000000 ^ input external delay
     1    0.003917    0.000000    0.000000    2.000000 ^ tl_i[108] (in)
                                                         tl_i[108] (net)
                      0.000000    0.000000    2.000000 ^ _4567_/B (sg13g2_nand2_1)
    63    0.258903    0.730723    0.530717    2.530717 v _4567_/Y (sg13g2_nand2_1)
                                                         _1516_ (net)
                      0.730723    0.000000    2.530717 v _4603_/A (sg13g2_inv_1)
     8    0.032068    0.185767    0.175812    2.706530 ^ _4603_/Y (sg13g2_inv_1)
                                                         _1544_ (net)
                      0.185767    0.000000    2.706530 ^ _4607_/A (sg13g2_nand2_1)
     1    0.003303    0.041631    0.044156    2.750686 v _4607_/Y (sg13g2_nand2_1)
                                                         _1548_ (net)
                      0.041631    0.000000    2.750686 v _2304_/B (sg13g2_nor2_1)
     4    0.017043    0.078889    0.069315    2.820001 ^ _2304_/Y (sg13g2_nor2_1)
                                                         _1549_ (net)
                      0.078889    0.000000    2.820001 ^ _2305_/A (sg13g2_inv_1)
     3    0.011832    0.033917    0.037516    2.857517 v _2305_/Y (sg13g2_inv_1)
                                                         _1550_ (net)
                      0.033917    0.000000    2.857517 v _2540_/B (sg13g2_nor2_1)
     4    0.014103    0.068813    0.058511    2.916028 ^ _2540_/Y (sg13g2_nor2_1)
                                                         _1754_ (net)
                      0.068813    0.000000    2.916028 ^ _2728_/A (sg13g2_nand2_1)
    64    0.248476    0.753006    0.537002    3.453030 v _2728_/Y (sg13g2_nand2_1)
                                                         _1865_ (net)
                      0.753006    0.000000    3.453030 v _2772_/A2 (sg13g2_o21ai_1)
     1    0.001901    0.104433    0.137074    3.590104 ^ _2772_/Y (sg13g2_o21ai_1)
                                                         _0245_ (net)
                      0.104433    0.000000    3.590104 ^ _4632_/D (sg13g2_dfrbpq_1)
                                              3.590104   data arrival time

                      0.000000   10.000000   10.000000   clock core (rise edge)
                                  0.000000   10.000000   clock network delay (ideal)
                                  0.000000   10.000000   clock reconvergence pessimism
                                             10.000000 ^ _4632_/CLK (sg13g2_dfrbpq_1)
                                 -0.063322    9.936679   library setup time
                                              9.936679   data required time
---------------------------------------------------------------------------------------------
                                              9.936679   data required time
                                             -3.590104   data arrival time
---------------------------------------------------------------------------------------------
                                              6.346574   slack (MET)


Startpoint: rst_ni (input port clocked by core)
Endpoint: _4608_ (recovery check against rising-edge clock core)
Path Group: asynchronous
Path Type: max

Fanout         Cap        Slew       Delay        Time   Description
---------------------------------------------------------------------------------------------
                      0.000000    0.000000    0.000000   clock core (rise edge)
                                  0.000000    0.000000   clock network delay (ideal)
                                  2.000000    2.000000 ^ input external delay
   293    1.932742    0.000000    0.000000    2.000000 ^ rst_ni (in)
                                                         rst_ni (net)
                      0.000000    0.000000    2.000000 ^ _4608_/RESET_B (sg13g2_dfrbpq_1)
                                              2.000000   data arrival time

                      0.000000   10.000000   10.000000   clock core (rise edge)
                                  0.000000   10.000000   clock network delay (ideal)
                                  0.000000   10.000000   clock reconvergence pessimism
                                             10.000000 ^ _4608_/CLK (sg13g2_dfrbpq_1)
                                 -0.049212    9.950788   library recovery time
                                              9.950788   data required time
---------------------------------------------------------------------------------------------
                                              9.950788   data required time
                                             -2.000000   data arrival time
---------------------------------------------------------------------------------------------
                                              7.950788   slack (MET)


Startpoint: rst_ni (input port clocked by core)
Endpoint: _4609_ (recovery check against rising-edge clock core)
Path Group: asynchronous
Path Type: max

Fanout         Cap        Slew       Delay        Time   Description
---------------------------------------------------------------------------------------------
                      0.000000    0.000000    0.000000   clock core (rise edge)
                                  0.000000    0.000000   clock network delay (ideal)
                                  2.000000    2.000000 ^ input external delay
   293    1.932742    0.000000    0.000000    2.000000 ^ rst_ni (in)
                                                         rst_ni (net)
                      0.000000    0.000000    2.000000 ^ _4609_/RESET_B (sg13g2_dfrbpq_1)
                                              2.000000   data arrival time

                      0.000000   10.000000   10.000000   clock core (rise edge)
                                  0.000000   10.000000   clock network delay (ideal)
                                  0.000000   10.000000   clock reconvergence pessimism
                                             10.000000 ^ _4609_/CLK (sg13g2_dfrbpq_1)
                                 -0.049212    9.950788   library recovery time
                                              9.950788   data required time
---------------------------------------------------------------------------------------------
                                              9.950788   data required time
                                             -2.000000   data arrival time
---------------------------------------------------------------------------------------------
                                              7.950788   slack (MET)


Startpoint: rst_ni (input port clocked by core)
Endpoint: _4610_ (recovery check against rising-edge clock core)
Path Group: asynchronous
Path Type: max

Fanout         Cap        Slew       Delay        Time   Description
---------------------------------------------------------------------------------------------
                      0.000000    0.000000    0.000000   clock core (rise edge)
                                  0.000000    0.000000   clock network delay (ideal)
                                  2.000000    2.000000 ^ input external delay
   293    1.932742    0.000000    0.000000    2.000000 ^ rst_ni (in)
                                                         rst_ni (net)
                      0.000000    0.000000    2.000000 ^ _4610_/RESET_B (sg13g2_dfrbpq_1)
                                              2.000000   data arrival time

                      0.000000   10.000000   10.000000   clock core (rise edge)
                                  0.000000   10.000000   clock network delay (ideal)
                                  0.000000   10.000000   clock reconvergence pessimism
                                             10.000000 ^ _4610_/CLK (sg13g2_dfrbpq_1)
                                 -0.049212    9.950788   library recovery time
                                              9.950788   data required time
---------------------------------------------------------------------------------------------
                                              9.950788   data required time
                                             -2.000000   data arrival time
---------------------------------------------------------------------------------------------
                                              7.950788   slack (MET)


Startpoint: rst_ni (input port clocked by core)
Endpoint: _4611_ (recovery check against rising-edge clock core)
Path Group: asynchronous
Path Type: max

Fanout         Cap        Slew       Delay        Time   Description
---------------------------------------------------------------------------------------------
                      0.000000    0.000000    0.000000   clock core (rise edge)
                                  0.000000    0.000000   clock network delay (ideal)
                                  2.000000    2.000000 ^ input external delay
   293    1.932742    0.000000    0.000000    2.000000 ^ rst_ni (in)
                                                         rst_ni (net)
                      0.000000    0.000000    2.000000 ^ _4611_/RESET_B (sg13g2_dfrbpq_1)
                                              2.000000   data arrival time

                      0.000000   10.000000   10.000000   clock core (rise edge)
                                  0.000000   10.000000   clock network delay (ideal)
                                  0.000000   10.000000   clock reconvergence pessimism
                                             10.000000 ^ _4611_/CLK (sg13g2_dfrbpq_1)
                                 -0.049212    9.950788   library recovery time
                                              9.950788   data required time
---------------------------------------------------------------------------------------------
                                              9.950788   data required time
                                             -2.000000   data arrival time
---------------------------------------------------------------------------------------------
                                              7.950788   slack (MET)


Startpoint: rst_ni (input port clocked by core)
Endpoint: _4612_ (recovery check against rising-edge clock core)
Path Group: asynchronous
Path Type: max

Fanout         Cap        Slew       Delay        Time   Description
---------------------------------------------------------------------------------------------
                      0.000000    0.000000    0.000000   clock core (rise edge)
                                  0.000000    0.000000   clock network delay (ideal)
                                  2.000000    2.000000 ^ input external delay
   293    1.932742    0.000000    0.000000    2.000000 ^ rst_ni (in)
                                                         rst_ni (net)
                      0.000000    0.000000    2.000000 ^ _4612_/RESET_B (sg13g2_dfrbpq_1)
                                              2.000000   data arrival time

                      0.000000   10.000000   10.000000   clock core (rise edge)
                                  0.000000   10.000000   clock network delay (ideal)
                                  0.000000   10.000000   clock reconvergence pessimism
                                             10.000000 ^ _4612_/CLK (sg13g2_dfrbpq_1)
                                 -0.049212    9.950788   library recovery time
                                              9.950788   data required time
---------------------------------------------------------------------------------------------
                                              9.950788   data required time
                                             -2.000000   data arrival time
---------------------------------------------------------------------------------------------
                                              7.950788   slack (MET)


Startpoint: rst_ni (input port clocked by core)
Endpoint: _4613_ (recovery check against rising-edge clock core)
Path Group: asynchronous
Path Type: max

Fanout         Cap        Slew       Delay        Time   Description
---------------------------------------------------------------------------------------------
                      0.000000    0.000000    0.000000   clock core (rise edge)
                                  0.000000    0.000000   clock network delay (ideal)
                                  2.000000    2.000000 ^ input external delay
   293    1.932742    0.000000    0.000000    2.000000 ^ rst_ni (in)
                                                         rst_ni (net)
                      0.000000    0.000000    2.000000 ^ _4613_/RESET_B (sg13g2_dfrbpq_1)
                                              2.000000   data arrival time

                      0.000000   10.000000   10.000000   clock core (rise edge)
                                  0.000000   10.000000   clock network delay (ideal)
                                  0.000000   10.000000   clock reconvergence pessimism
                                             10.000000 ^ _4613_/CLK (sg13g2_dfrbpq_1)
                                 -0.049212    9.950788   library recovery time
                                              9.950788   data required time
---------------------------------------------------------------------------------------------
                                              9.950788   data required time
                                             -2.000000   data arrival time
---------------------------------------------------------------------------------------------
                                              7.950788   slack (MET)


Startpoint: rst_ni (input port clocked by core)
Endpoint: _4614_ (recovery check against rising-edge clock core)
Path Group: asynchronous
Path Type: max

Fanout         Cap        Slew       Delay        Time   Description
---------------------------------------------------------------------------------------------
                      0.000000    0.000000    0.000000   clock core (rise edge)
                                  0.000000    0.000000   clock network delay (ideal)
                                  2.000000    2.000000 ^ input external delay
   293    1.932742    0.000000    0.000000    2.000000 ^ rst_ni (in)
                                                         rst_ni (net)
                      0.000000    0.000000    2.000000 ^ _4614_/RESET_B (sg13g2_dfrbpq_1)
                                              2.000000   data arrival time

                      0.000000   10.000000   10.000000   clock core (rise edge)
                                  0.000000   10.000000   clock network delay (ideal)
                                  0.000000   10.000000   clock reconvergence pessimism
                                             10.000000 ^ _4614_/CLK (sg13g2_dfrbpq_1)
                                 -0.049212    9.950788   library recovery time
                                              9.950788   data required time
---------------------------------------------------------------------------------------------
                                              9.950788   data required time
                                             -2.000000   data arrival time
---------------------------------------------------------------------------------------------
                                              7.950788   slack (MET)


Startpoint: rst_ni (input port clocked by core)
Endpoint: _4615_ (recovery check against rising-edge clock core)
Path Group: asynchronous
Path Type: max

Fanout         Cap        Slew       Delay        Time   Description
---------------------------------------------------------------------------------------------
                      0.000000    0.000000    0.000000   clock core (rise edge)
                                  0.000000    0.000000   clock network delay (ideal)
                                  2.000000    2.000000 ^ input external delay
   293    1.932742    0.000000    0.000000    2.000000 ^ rst_ni (in)
                                                         rst_ni (net)
                      0.000000    0.000000    2.000000 ^ _4615_/RESET_B (sg13g2_dfrbpq_1)
                                              2.000000   data arrival time

                      0.000000   10.000000   10.000000   clock core (rise edge)
                                  0.000000   10.000000   clock network delay (ideal)
                                  0.000000   10.000000   clock reconvergence pessimism
                                             10.000000 ^ _4615_/CLK (sg13g2_dfrbpq_1)
                                 -0.049212    9.950788   library recovery time
                                              9.950788   data required time
---------------------------------------------------------------------------------------------
                                              9.950788   data required time
                                             -2.000000   data arrival time
---------------------------------------------------------------------------------------------
                                              7.950788   slack (MET)


Startpoint: rst_ni (input port clocked by core)
Endpoint: _4616_ (recovery check against rising-edge clock core)
Path Group: asynchronous
Path Type: max

Fanout         Cap        Slew       Delay        Time   Description
---------------------------------------------------------------------------------------------
                      0.000000    0.000000    0.000000   clock core (rise edge)
                                  0.000000    0.000000   clock network delay (ideal)
                                  2.000000    2.000000 ^ input external delay
   293    1.932742    0.000000    0.000000    2.000000 ^ rst_ni (in)
                                                         rst_ni (net)
                      0.000000    0.000000    2.000000 ^ _4616_/RESET_B (sg13g2_dfrbpq_1)
                                              2.000000   data arrival time

                      0.000000   10.000000   10.000000   clock core (rise edge)
                                  0.000000   10.000000   clock network delay (ideal)
                                  0.000000   10.000000   clock reconvergence pessimism
                                             10.000000 ^ _4616_/CLK (sg13g2_dfrbpq_1)
                                 -0.049212    9.950788   library recovery time
                                              9.950788   data required time
---------------------------------------------------------------------------------------------
                                              9.950788   data required time
                                             -2.000000   data arrival time
---------------------------------------------------------------------------------------------
                                              7.950788   slack (MET)


Startpoint: rst_ni (input port clocked by core)
Endpoint: _4617_ (recovery check against rising-edge clock core)
Path Group: asynchronous
Path Type: max

Fanout         Cap        Slew       Delay        Time   Description
---------------------------------------------------------------------------------------------
                      0.000000    0.000000    0.000000   clock core (rise edge)
                                  0.000000    0.000000   clock network delay (ideal)
                                  2.000000    2.000000 ^ input external delay
   293    1.932742    0.000000    0.000000    2.000000 ^ rst_ni (in)
                                                         rst_ni (net)
                      0.000000    0.000000    2.000000 ^ _4617_/RESET_B (sg13g2_dfrbpq_1)
                                              2.000000   data arrival time

                      0.000000   10.000000   10.000000   clock core (rise edge)
                                  0.000000   10.000000   clock network delay (ideal)
                                  0.000000   10.000000   clock reconvergence pessimism
                                             10.000000 ^ _4617_/CLK (sg13g2_dfrbpq_1)
                                 -0.049212    9.950788   library recovery time
                                              9.950788   data required time
---------------------------------------------------------------------------------------------
                                              9.950788   data required time
                                             -2.000000   data arrival time
---------------------------------------------------------------------------------------------
                                              7.950788   slack (MET)

=== FlexSoC normalized power fields ===
dynamic_power_definition=internal_power+switching_power
power_unit=OpenSTA report unit; see Units section
internal_power=0.00299
switching_power=6.53e-05
dynamic_power=0.0030553
leakage_power=3.8e-06
total_power=0.00306

=== Gate-level timing/power fusion ===
power_semantics=average_instance_power_from_the_same_VCD_SAIF_context
path_power_sum=unique_instance_average_power_sum_not_incremental_path_energy
fanout_capacitance_source=OpenSTA_report_checks_output_pin_fields

Worst path 1: status=met slack=6.34657 type=max group=core
startpoint=tl_i[108] (input port clocked by core)
endpoint=_4623_ (rising edge-triggered flip-flop clocked by core)
path_power_complete=false missing_power_instances=_2304_,_2305_,_2540_,_2728_,_2790_,_4567_,_4603_,_4607_,_4623_
path_average_power_sum internal=0 switching=0 dynamic=0 leakage=0 total=0
stage instance cell pins fanout capacitance slew delay arrival internal switching dynamic leakage total
1 _4567_ sg13g2_nand2_1 B,Y 63 0.258903 0.730723 0.530717 2.53072 - - - - -
2 _4603_ sg13g2_inv_1 A,Y 8 0.032068 0.185767 0.175812 2.70653 - - - - -
3 _4607_ sg13g2_nand2_1 A,Y 1 0.003303 0.041631 0.044156 2.75069 - - - - -
4 _2304_ sg13g2_nor2_1 B,Y 4 0.017043 0.078889 0.069315 2.82 - - - - -
5 _2305_ sg13g2_inv_1 A,Y 3 0.011832 0.033917 0.037516 2.85752 - - - - -
6 _2540_ sg13g2_nor2_1 B,Y 4 0.014103 0.068813 0.058511 2.91603 - - - - -
7 _2728_ sg13g2_nand2_1 A,Y 64 0.248476 0.753006 0.537002 3.45303 - - - - -
8 _2790_ sg13g2_o21ai_1 A2,Y 1 0.001901 0.104433 0.137074 3.5901 - - - - -
9 _4623_ sg13g2_dfrbpq_1 D - - 0.104433 0 3.5901 - - - - -

Worst path 2: status=met slack=6.34657 type=max group=core
startpoint=tl_i[108] (input port clocked by core)
endpoint=_4624_ (rising edge-triggered flip-flop clocked by core)
path_power_complete=false missing_power_instances=_2304_,_2305_,_2540_,_2728_,_2788_,_4567_,_4603_,_4607_,_4624_
path_average_power_sum internal=0 switching=0 dynamic=0 leakage=0 total=0
stage instance cell pins fanout capacitance slew delay arrival internal switching dynamic leakage total
1 _4567_ sg13g2_nand2_1 B,Y 63 0.258903 0.730723 0.530717 2.53072 - - - - -
2 _4603_ sg13g2_inv_1 A,Y 8 0.032068 0.185767 0.175812 2.70653 - - - - -
3 _4607_ sg13g2_nand2_1 A,Y 1 0.003303 0.041631 0.044156 2.75069 - - - - -
4 _2304_ sg13g2_nor2_1 B,Y 4 0.017043 0.078889 0.069315 2.82 - - - - -
5 _2305_ sg13g2_inv_1 A,Y 3 0.011832 0.033917 0.037516 2.85752 - - - - -
6 _2540_ sg13g2_nor2_1 B,Y 4 0.014103 0.068813 0.058511 2.91603 - - - - -
7 _2728_ sg13g2_nand2_1 A,Y 64 0.248476 0.753006 0.537002 3.45303 - - - - -
8 _2788_ sg13g2_o21ai_1 A2,Y 1 0.001901 0.104433 0.137074 3.5901 - - - - -
9 _4624_ sg13g2_dfrbpq_1 D - - 0.104433 0 3.5901 - - - - -

Worst path 3: status=met slack=6.34657 type=max group=core
startpoint=tl_i[108] (input port clocked by core)
endpoint=_4625_ (rising edge-triggered flip-flop clocked by core)
path_power_complete=false missing_power_instances=_2304_,_2305_,_2540_,_2728_,_2786_,_4567_,_4603_,_4607_,_4625_
path_average_power_sum internal=0 switching=0 dynamic=0 leakage=0 total=0
stage instance cell pins fanout capacitance slew delay arrival internal switching dynamic leakage total
1 _4567_ sg13g2_nand2_1 B,Y 63 0.258903 0.730723 0.530717 2.53072 - - - - -
2 _4603_ sg13g2_inv_1 A,Y 8 0.032068 0.185767 0.175812 2.70653 - - - - -
3 _4607_ sg13g2_nand2_1 A,Y 1 0.003303 0.041631 0.044156 2.75069 - - - - -
4 _2304_ sg13g2_nor2_1 B,Y 4 0.017043 0.078889 0.069315 2.82 - - - - -
5 _2305_ sg13g2_inv_1 A,Y 3 0.011832 0.033917 0.037516 2.85752 - - - - -
6 _2540_ sg13g2_nor2_1 B,Y 4 0.014103 0.068813 0.058511 2.91603 - - - - -
7 _2728_ sg13g2_nand2_1 A,Y 64 0.248476 0.753006 0.537002 3.45303 - - - - -
8 _2786_ sg13g2_o21ai_1 A2,Y 1 0.001901 0.104433 0.137074 3.5901 - - - - -
9 _4625_ sg13g2_dfrbpq_1 D - - 0.104433 0 3.5901 - - - - -

Worst path 4: status=met slack=6.34657 type=max group=core
startpoint=tl_i[108] (input port clocked by core)
endpoint=_4626_ (rising edge-triggered flip-flop clocked by core)
path_power_complete=false missing_power_instances=_2304_,_2305_,_2540_,_2728_,_2784_,_4567_,_4603_,_4607_,_4626_
path_average_power_sum internal=0 switching=0 dynamic=0 leakage=0 total=0
stage instance cell pins fanout capacitance slew delay arrival internal switching dynamic leakage total
1 _4567_ sg13g2_nand2_1 B,Y 63 0.258903 0.730723 0.530717 2.53072 - - - - -
2 _4603_ sg13g2_inv_1 A,Y 8 0.032068 0.185767 0.175812 2.70653 - - - - -
3 _4607_ sg13g2_nand2_1 A,Y 1 0.003303 0.041631 0.044156 2.75069 - - - - -
4 _2304_ sg13g2_nor2_1 B,Y 4 0.017043 0.078889 0.069315 2.82 - - - - -
5 _2305_ sg13g2_inv_1 A,Y 3 0.011832 0.033917 0.037516 2.85752 - - - - -
6 _2540_ sg13g2_nor2_1 B,Y 4 0.014103 0.068813 0.058511 2.91603 - - - - -
7 _2728_ sg13g2_nand2_1 A,Y 64 0.248476 0.753006 0.537002 3.45303 - - - - -
8 _2784_ sg13g2_o21ai_1 A2,Y 1 0.001901 0.104433 0.137074 3.5901 - - - - -
9 _4626_ sg13g2_dfrbpq_1 D - - 0.104433 0 3.5901 - - - - -

Worst path 5: status=met slack=6.34657 type=max group=core
startpoint=tl_i[108] (input port clocked by core)
endpoint=_4627_ (rising edge-triggered flip-flop clocked by core)
path_power_complete=false missing_power_instances=_2304_,_2305_,_2540_,_2728_,_2782_,_4567_,_4603_,_4607_,_4627_
path_average_power_sum internal=0 switching=0 dynamic=0 leakage=0 total=0
stage instance cell pins fanout capacitance slew delay arrival internal switching dynamic leakage total
1 _4567_ sg13g2_nand2_1 B,Y 63 0.258903 0.730723 0.530717 2.53072 - - - - -
2 _4603_ sg13g2_inv_1 A,Y 8 0.032068 0.185767 0.175812 2.70653 - - - - -
3 _4607_ sg13g2_nand2_1 A,Y 1 0.003303 0.041631 0.044156 2.75069 - - - - -
4 _2304_ sg13g2_nor2_1 B,Y 4 0.017043 0.078889 0.069315 2.82 - - - - -
5 _2305_ sg13g2_inv_1 A,Y 3 0.011832 0.033917 0.037516 2.85752 - - - - -
6 _2540_ sg13g2_nor2_1 B,Y 4 0.014103 0.068813 0.058511 2.91603 - - - - -
7 _2728_ sg13g2_nand2_1 A,Y 64 0.248476 0.753006 0.537002 3.45303 - - - - -
8 _2782_ sg13g2_o21ai_1 A2,Y 1 0.001901 0.104433 0.137074 3.5901 - - - - -
9 _4627_ sg13g2_dfrbpq_1 D - - 0.104433 0 3.5901 - - - - -

Worst path 6: status=met slack=6.34657 type=max group=core
startpoint=tl_i[108] (input port clocked by core)
endpoint=_4628_ (rising edge-triggered flip-flop clocked by core)
path_power_complete=false missing_power_instances=_2304_,_2305_,_2540_,_2728_,_2780_,_4567_,_4603_,_4607_,_4628_
path_average_power_sum internal=0 switching=0 dynamic=0 leakage=0 total=0
stage instance cell pins fanout capacitance slew delay arrival internal switching dynamic leakage total
1 _4567_ sg13g2_nand2_1 B,Y 63 0.258903 0.730723 0.530717 2.53072 - - - - -
2 _4603_ sg13g2_inv_1 A,Y 8 0.032068 0.185767 0.175812 2.70653 - - - - -
3 _4607_ sg13g2_nand2_1 A,Y 1 0.003303 0.041631 0.044156 2.75069 - - - - -
4 _2304_ sg13g2_nor2_1 B,Y 4 0.017043 0.078889 0.069315 2.82 - - - - -
5 _2305_ sg13g2_inv_1 A,Y 3 0.011832 0.033917 0.037516 2.85752 - - - - -
6 _2540_ sg13g2_nor2_1 B,Y 4 0.014103 0.068813 0.058511 2.91603 - - - - -
7 _2728_ sg13g2_nand2_1 A,Y 64 0.248476 0.753006 0.537002 3.45303 - - - - -
8 _2780_ sg13g2_o21ai_1 A2,Y 1 0.001901 0.104433 0.137074 3.5901 - - - - -
9 _4628_ sg13g2_dfrbpq_1 D - - 0.104433 0 3.5901 - - - - -

Worst path 7: status=met slack=6.34657 type=max group=core
startpoint=tl_i[108] (input port clocked by core)
endpoint=_4629_ (rising edge-triggered flip-flop clocked by core)
path_power_complete=false missing_power_instances=_2304_,_2305_,_2540_,_2728_,_2778_,_4567_,_4603_,_4607_,_4629_
path_average_power_sum internal=0 switching=0 dynamic=0 leakage=0 total=0
stage instance cell pins fanout capacitance slew delay arrival internal switching dynamic leakage total
1 _4567_ sg13g2_nand2_1 B,Y 63 0.258903 0.730723 0.530717 2.53072 - - - - -
2 _4603_ sg13g2_inv_1 A,Y 8 0.032068 0.185767 0.175812 2.70653 - - - - -
3 _4607_ sg13g2_nand2_1 A,Y 1 0.003303 0.041631 0.044156 2.75069 - - - - -
4 _2304_ sg13g2_nor2_1 B,Y 4 0.017043 0.078889 0.069315 2.82 - - - - -
5 _2305_ sg13g2_inv_1 A,Y 3 0.011832 0.033917 0.037516 2.85752 - - - - -
6 _2540_ sg13g2_nor2_1 B,Y 4 0.014103 0.068813 0.058511 2.91603 - - - - -
7 _2728_ sg13g2_nand2_1 A,Y 64 0.248476 0.753006 0.537002 3.45303 - - - - -
8 _2778_ sg13g2_o21ai_1 A2,Y 1 0.001901 0.104433 0.137074 3.5901 - - - - -
9 _4629_ sg13g2_dfrbpq_1 D - - 0.104433 0 3.5901 - - - - -

Worst path 8: status=met slack=6.34657 type=max group=core
startpoint=tl_i[108] (input port clocked by core)
endpoint=_4630_ (rising edge-triggered flip-flop clocked by core)
path_power_complete=false missing_power_instances=_2304_,_2305_,_2540_,_2728_,_2776_,_4567_,_4603_,_4607_,_4630_
path_average_power_sum internal=0 switching=0 dynamic=0 leakage=0 total=0
stage instance cell pins fanout capacitance slew delay arrival internal switching dynamic leakage total
1 _4567_ sg13g2_nand2_1 B,Y 63 0.258903 0.730723 0.530717 2.53072 - - - - -
2 _4603_ sg13g2_inv_1 A,Y 8 0.032068 0.185767 0.175812 2.70653 - - - - -
3 _4607_ sg13g2_nand2_1 A,Y 1 0.003303 0.041631 0.044156 2.75069 - - - - -
4 _2304_ sg13g2_nor2_1 B,Y 4 0.017043 0.078889 0.069315 2.82 - - - - -
5 _2305_ sg13g2_inv_1 A,Y 3 0.011832 0.033917 0.037516 2.85752 - - - - -
6 _2540_ sg13g2_nor2_1 B,Y 4 0.014103 0.068813 0.058511 2.91603 - - - - -
7 _2728_ sg13g2_nand2_1 A,Y 64 0.248476 0.753006 0.537002 3.45303 - - - - -
8 _2776_ sg13g2_o21ai_1 A2,Y 1 0.001901 0.104433 0.137074 3.5901 - - - - -
9 _4630_ sg13g2_dfrbpq_1 D - - 0.104433 0 3.5901 - - - - -

Worst path 9: status=met slack=6.34657 type=max group=core
startpoint=tl_i[108] (input port clocked by core)
endpoint=_4631_ (rising edge-triggered flip-flop clocked by core)
path_power_complete=false missing_power_instances=_2304_,_2305_,_2540_,_2728_,_2774_,_4567_,_4603_,_4607_,_4631_
path_average_power_sum internal=0 switching=0 dynamic=0 leakage=0 total=0
stage instance cell pins fanout capacitance slew delay arrival internal switching dynamic leakage total
1 _4567_ sg13g2_nand2_1 B,Y 63 0.258903 0.730723 0.530717 2.53072 - - - - -
2 _4603_ sg13g2_inv_1 A,Y 8 0.032068 0.185767 0.175812 2.70653 - - - - -
3 _4607_ sg13g2_nand2_1 A,Y 1 0.003303 0.041631 0.044156 2.75069 - - - - -
4 _2304_ sg13g2_nor2_1 B,Y 4 0.017043 0.078889 0.069315 2.82 - - - - -
5 _2305_ sg13g2_inv_1 A,Y 3 0.011832 0.033917 0.037516 2.85752 - - - - -
6 _2540_ sg13g2_nor2_1 B,Y 4 0.014103 0.068813 0.058511 2.91603 - - - - -
7 _2728_ sg13g2_nand2_1 A,Y 64 0.248476 0.753006 0.537002 3.45303 - - - - -
8 _2774_ sg13g2_o21ai_1 A2,Y 1 0.001901 0.104433 0.137074 3.5901 - - - - -
9 _4631_ sg13g2_dfrbpq_1 D - - 0.104433 0 3.5901 - - - - -

Worst path 10: status=met slack=6.34657 type=max group=core
startpoint=tl_i[108] (input port clocked by core)
endpoint=_4632_ (rising edge-triggered flip-flop clocked by core)
path_power_complete=false missing_power_instances=_2304_,_2305_,_2540_,_2728_,_2772_,_4567_,_4603_,_4607_,_4632_
path_average_power_sum internal=0 switching=0 dynamic=0 leakage=0 total=0
stage instance cell pins fanout capacitance slew delay arrival internal switching dynamic leakage total
1 _4567_ sg13g2_nand2_1 B,Y 63 0.258903 0.730723 0.530717 2.53072 - - - - -
2 _4603_ sg13g2_inv_1 A,Y 8 0.032068 0.185767 0.175812 2.70653 - - - - -
3 _4607_ sg13g2_nand2_1 A,Y 1 0.003303 0.041631 0.044156 2.75069 - - - - -
4 _2304_ sg13g2_nor2_1 B,Y 4 0.017043 0.078889 0.069315 2.82 - - - - -
5 _2305_ sg13g2_inv_1 A,Y 3 0.011832 0.033917 0.037516 2.85752 - - - - -
6 _2540_ sg13g2_nor2_1 B,Y 4 0.014103 0.068813 0.058511 2.91603 - - - - -
7 _2728_ sg13g2_nand2_1 A,Y 64 0.248476 0.753006 0.537002 3.45303 - - - - -
8 _2772_ sg13g2_o21ai_1 A2,Y 1 0.001901 0.104433 0.137074 3.5901 - - - - -
9 _4632_ sg13g2_dfrbpq_1 D - - 0.104433 0 3.5901 - - - - -

Worst path 11: status=met slack=7.95079 type=max group=asynchronous
startpoint=rst_ni (input port clocked by core)
endpoint=_4608_ (recovery check against rising-edge clock core)
path_power_complete=false missing_power_instances=_4608_
path_average_power_sum internal=0 switching=0 dynamic=0 leakage=0 total=0
stage instance cell pins fanout capacitance slew delay arrival internal switching dynamic leakage total
1 _4608_ sg13g2_dfrbpq_1 RESET_B - - 0 0 2 - - - - -

Worst path 12: status=met slack=7.95079 type=max group=asynchronous
startpoint=rst_ni (input port clocked by core)
endpoint=_4609_ (recovery check against rising-edge clock core)
path_power_complete=false missing_power_instances=_4609_
path_average_power_sum internal=0 switching=0 dynamic=0 leakage=0 total=0
stage instance cell pins fanout capacitance slew delay arrival internal switching dynamic leakage total
1 _4609_ sg13g2_dfrbpq_1 RESET_B - - 0 0 2 - - - - -

Worst path 13: status=met slack=7.95079 type=max group=asynchronous
startpoint=rst_ni (input port clocked by core)
endpoint=_4610_ (recovery check against rising-edge clock core)
path_power_complete=false missing_power_instances=_4610_
path_average_power_sum internal=0 switching=0 dynamic=0 leakage=0 total=0
stage instance cell pins fanout capacitance slew delay arrival internal switching dynamic leakage total
1 _4610_ sg13g2_dfrbpq_1 RESET_B - - 0 0 2 - - - - -

Worst path 14: status=met slack=7.95079 type=max group=asynchronous
startpoint=rst_ni (input port clocked by core)
endpoint=_4611_ (recovery check against rising-edge clock core)
path_power_complete=false missing_power_instances=_4611_
path_average_power_sum internal=0 switching=0 dynamic=0 leakage=0 total=0
stage instance cell pins fanout capacitance slew delay arrival internal switching dynamic leakage total
1 _4611_ sg13g2_dfrbpq_1 RESET_B - - 0 0 2 - - - - -

Worst path 15: status=met slack=7.95079 type=max group=asynchronous
startpoint=rst_ni (input port clocked by core)
endpoint=_4612_ (recovery check against rising-edge clock core)
path_power_complete=false missing_power_instances=_4612_
path_average_power_sum internal=0 switching=0 dynamic=0 leakage=0 total=0
stage instance cell pins fanout capacitance slew delay arrival internal switching dynamic leakage total
1 _4612_ sg13g2_dfrbpq_1 RESET_B - - 0 0 2 - - - - -

Worst path 16: status=met slack=7.95079 type=max group=asynchronous
startpoint=rst_ni (input port clocked by core)
endpoint=_4613_ (recovery check against rising-edge clock core)
path_power_complete=false missing_power_instances=_4613_
path_average_power_sum internal=0 switching=0 dynamic=0 leakage=0 total=0
stage instance cell pins fanout capacitance slew delay arrival internal switching dynamic leakage total
1 _4613_ sg13g2_dfrbpq_1 RESET_B - - 0 0 2 - - - - -

Worst path 17: status=met slack=7.95079 type=max group=asynchronous
startpoint=rst_ni (input port clocked by core)
endpoint=_4614_ (recovery check against rising-edge clock core)
path_power_complete=false missing_power_instances=_4614_
path_average_power_sum internal=0 switching=0 dynamic=0 leakage=0 total=0
stage instance cell pins fanout capacitance slew delay arrival internal switching dynamic leakage total
1 _4614_ sg13g2_dfrbpq_1 RESET_B - - 0 0 2 - - - - -

Worst path 18: status=met slack=7.95079 type=max group=asynchronous
startpoint=rst_ni (input port clocked by core)
endpoint=_4615_ (recovery check against rising-edge clock core)
path_power_complete=false missing_power_instances=_4615_
path_average_power_sum internal=0 switching=0 dynamic=0 leakage=0 total=0
stage instance cell pins fanout capacitance slew delay arrival internal switching dynamic leakage total
1 _4615_ sg13g2_dfrbpq_1 RESET_B - - 0 0 2 - - - - -

Worst path 19: status=met slack=7.95079 type=max group=asynchronous
startpoint=rst_ni (input port clocked by core)
endpoint=_4616_ (recovery check against rising-edge clock core)
path_power_complete=false missing_power_instances=_4616_
path_average_power_sum internal=0 switching=0 dynamic=0 leakage=0 total=0
stage instance cell pins fanout capacitance slew delay arrival internal switching dynamic leakage total
1 _4616_ sg13g2_dfrbpq_1 RESET_B - - 0 0 2 - - - - -

Worst path 20: status=met slack=7.95079 type=max group=asynchronous
startpoint=rst_ni (input port clocked by core)
endpoint=_4617_ (recovery check against rising-edge clock core)
path_power_complete=false missing_power_instances=_4617_
path_average_power_sum internal=0 switching=0 dynamic=0 leakage=0 total=0
stage instance cell pins fanout capacitance slew delay arrival internal switching dynamic leakage total
1 _4617_ sg13g2_dfrbpq_1 RESET_B - - 0 0 2 - - - - -

=== Highest-power instances and worst path through each ===

Hotspot 1: instance=9.966290235752e-06 selected_worst_paths=none internal=2.57764e-06 switching=4.59814e-09 dynamic=2.58224e-06 leakage=1.25485e-05 total=4789
targeted_timing_path=not_found_or_unconstrained

Hotspot 2: instance=1.158607847174e-05 selected_worst_paths=none internal=3.91518e-10 switching=4.58432e-09 dynamic=4.97584e-09 leakage=1.15911e-05 total=4770
targeted_timing_path=not_found_or_unconstrained

Hotspot 3: instance=1.157310816779e-05 selected_worst_paths=none internal=1.45644e-09 switching=4.58839e-09 dynamic=6.04482e-09 leakage=1.15792e-05 total=4612
targeted_timing_path=not_found_or_unconstrained

Hotspot 4: instance=1.146496560978e-05 selected_worst_paths=none internal=3.60973e-09 switching=4.59869e-09 dynamic=8.20842e-09 leakage=1.14732e-05 total=4896
targeted_timing_path=not_found_or_unconstrained

Hotspot 5: instance=1.136049286288e-05 selected_worst_paths=none internal=2.47017e-09 switching=4.60199e-09 dynamic=7.07216e-09 leakage=1.13676e-05 total=4716
targeted_timing_path=not_found_or_unconstrained

Hotspot 6: instance=1.120237448049e-05 selected_worst_paths=none internal=7.21946e-09 switching=4.60876e-09 dynamic=1.18282e-08 leakage=1.12142e-05 total=4738
targeted_timing_path=not_found_or_unconstrained

Hotspot 7: instance=1.115250506700e-05 selected_worst_paths=none internal=4.3032e-08 switching=4.61005e-09 dynamic=4.7642e-08 leakage=1.12001e-05 total=4811
targeted_timing_path=not_found_or_unconstrained

Hotspot 8: instance=1.118534601119e-05 selected_worst_paths=none internal=6.41729e-09 switching=4.6098e-09 dynamic=1.10271e-08 leakage=1.11964e-05 total=4747
targeted_timing_path=not_found_or_unconstrained

Hotspot 9: instance=1.118519412557e-05 selected_worst_paths=none internal=6.41729e-09 switching=4.60987e-09 dynamic=1.10272e-08 leakage=1.11962e-05 total=4757
targeted_timing_path=not_found_or_unconstrained

Hotspot 10: instance=1.118319505622e-05 selected_worst_paths=none internal=6.41729e-09 switching=4.6098e-09 dynamic=1.10271e-08 leakage=1.11942e-05 total=4748
targeted_timing_path=not_found_or_unconstrained

Hotspot 11: instance=1.117694318964e-05 selected_worst_paths=none internal=7.21946e-09 switching=4.61005e-09 dynamic=1.18295e-08 leakage=1.11888e-05 total=4753
targeted_timing_path=not_found_or_unconstrained
