%Warning-MODDUP: ips/prim/prim_reg_pkg.sv:1:9: Duplicate declaration of module: 'prim_reg_pkg'
    1 | package prim_reg_pkg;
      |         ^~~~~~~~~~~~
                 ips/prim/prim_reg_pkg.sv:1:9: ... Location of original declaration
    1 | package prim_reg_pkg;
      |         ^~~~~~~~~~~~
                 ... For warning description see https://verilator.org/warn/MODDUP?v=5.036
                 ... Use "/* verilator lint_off MODDUP */" and lint_on around source to disable this message.
%Warning-MODDUP: rtl/soc.sv:1:8: Duplicate declaration of module: 'soc'
    1 | module soc #(
      |        ^~~
                 rtl/soc.sv:1:8: ... Location of original declaration
    1 | module soc #(
      |        ^~~
%Warning-DECLFILENAME: ips/prim/prim_cdc_2phase.sv:4:8: Filename 'prim_cdc_2phase' does not match MODULE name: 'cdc_2phase'
    4 | module cdc_2phase #(
      |        ^~~~~~~~~~
                       ... For warning description see https://verilator.org/warn/DECLFILENAME?v=5.036
                       ... Use "/* verilator lint_off DECLFILENAME */" and lint_on around source to disable this message.
%Warning-DECLFILENAME: ips/prim/prim_gray2bin.sv:1:8: Filename 'prim_gray2bin' does not match MODULE name: 'gray_to_binary'
    1 | module gray_to_binary #(
      |        ^~~~~~~~~~~~~~
%Warning-DECLFILENAME: ips/prim/prim_lzc.sv:19:8: Filename 'prim_lzc' does not match MODULE name: 'lzc'
   19 | module lzc #(
      |        ^~~
%Warning-DECLFILENAME: ips/prim/prim_reg_pkg.sv:1:9: Filename 'prim_reg_pkg' does not match PACKAGE name: 'prim_reg_pkg__Vdedup0'
    1 | package prim_reg_pkg;
      |         ^~~~~~~~~~~~
%Warning-DECLFILENAME: ips/prim/prim_rrarbiter.sv:36:8: Filename 'prim_rrarbiter' does not match MODULE name: 'rrarbiter'
   36 | module rrarbiter #(
      |        ^~~~~~~~~
%Warning-PINCONNECTEMPTY: ips/prim/prim_rrarbiter.sv:110:10: Cell pin connected by name with empty reference: 'empty_o'
  110 |         .empty_o (               )
      |          ^~~~~~~
                          ... For warning description see https://verilator.org/warn/PINCONNECTEMPTY?v=5.036
                          ... Use "/* verilator lint_off PINCONNECTEMPTY */" and lint_on around source to disable this message.
%Warning-PINCONNECTEMPTY: ips/prim_opentitan/prim_fifo_sync_cnt.sv:87:8: Cell pin connected by name with empty reference: 'cnt_after_commit_o'
   87 |       .cnt_after_commit_o(),
      |        ^~~~~~~~~~~~~~~~~~
%Warning-PINCONNECTEMPTY: ips/prim_opentitan/prim_fifo_sync_cnt.sv:105:8: Cell pin connected by name with empty reference: 'cnt_after_commit_o'
  105 |       .cnt_after_commit_o(),
      |        ^~~~~~~~~~~~~~~~~~
%Warning-PINCONNECTEMPTY: ips/prim_opentitan/prim_alert_sender.sv:91:6: Cell pin connected by name with empty reference: 'level_o'
   91 |     .level_o  (             ),
      |      ^~~~~~~
%Warning-PINCONNECTEMPTY: ips/prim_opentitan/prim_alert_sender.sv:92:6: Cell pin connected by name with empty reference: 'rise_o'
   92 |     .rise_o   (             ),
      |      ^~~~~~
%Warning-PINCONNECTEMPTY: ips/prim_opentitan/prim_alert_sender.sv:93:6: Cell pin connected by name with empty reference: 'fall_o'
   93 |     .fall_o   (             ),
      |      ^~~~~~
%Warning-PINCONNECTEMPTY: ips/prim_opentitan/prim_alert_sender.sv:118:6: Cell pin connected by name with empty reference: 'rise_o'
  118 |     .rise_o   (            ),
      |      ^~~~~~
%Warning-PINCONNECTEMPTY: ips/prim_opentitan/prim_alert_sender.sv:119:6: Cell pin connected by name with empty reference: 'fall_o'
  119 |     .fall_o   (            ),
      |      ^~~~~~
%Warning-PINCONNECTEMPTY: ips/prim_opentitan/prim_alert_sender.sv:120:6: Cell pin connected by name with empty reference: 'event_o'
  120 |     .event_o  (            ),
      |      ^~~~~~~
%Warning-PINCONNECTEMPTY: ips/tlul/tlul_adapter_sram.sv:563:6: Cell pin connected by name with empty reference: 'full_o'
  563 |     .full_o  (),
      |      ^~~~~~
%Warning-PINCONNECTEMPTY: ips/tlul/tlul_adapter_sram.sv:564:6: Cell pin connected by name with empty reference: 'depth_o'
  564 |     .depth_o (),
      |      ^~~~~~~
%Warning-PINCONNECTEMPTY: ips/tlul/tlul_adapter_sram.sv:584:6: Cell pin connected by name with empty reference: 'rvalid_o'
  584 |     .rvalid_o(),
      |      ^~~~~~~~
%Warning-PINCONNECTEMPTY: ips/tlul/tlul_adapter_sram.sv:587:6: Cell pin connected by name with empty reference: 'full_o'
  587 |     .full_o  (),
      |      ^~~~~~
%Warning-PINCONNECTEMPTY: ips/tlul/tlul_adapter_sram.sv:588:6: Cell pin connected by name with empty reference: 'depth_o'
  588 |     .depth_o (),
      |      ^~~~~~~
%Warning-PINCONNECTEMPTY: ips/tlul/tlul_adapter_sram.sv:607:8: Cell pin connected by name with empty reference: 'rvalid_o'
  607 |       .rvalid_o(),
      |        ^~~~~~~~
%Warning-PINCONNECTEMPTY: ips/tlul/tlul_adapter_sram.sv:610:8: Cell pin connected by name with empty reference: 'full_o'
  610 |       .full_o  (),
      |        ^~~~~~
%Warning-PINCONNECTEMPTY: ips/tlul/tlul_adapter_sram.sv:611:8: Cell pin connected by name with empty reference: 'depth_o'
  611 |       .depth_o (),
      |        ^~~~~~~
%Warning-PINCONNECTEMPTY: ips/tlul/tlul_adapter_sram.sv:612:8: Cell pin connected by name with empty reference: 'err_o'
  612 |       .err_o   ()
      |        ^~~~~
%Warning-PINCONNECTEMPTY: ips/tlul/tlul_adapter_sram.sv:644:6: Cell pin connected by name with empty reference: 'full_o'
  644 |     .full_o  (),
      |      ^~~~~~
%Warning-PINCONNECTEMPTY: ips/tlul/tlul_adapter_sram.sv:645:6: Cell pin connected by name with empty reference: 'depth_o'
  645 |     .depth_o (),
      |      ^~~~~~~
%Warning-PINCONNECTEMPTY: ips/tlul/tlul_cmd_intg_chk.sv:26:6: Cell pin connected by name with empty reference: 'data_o'
   26 |     .data_o(),
      |      ^~~~~~
%Warning-PINCONNECTEMPTY: ips/tlul/tlul_cmd_intg_chk.sv:27:6: Cell pin connected by name with empty reference: 'syndrome_o'
   27 |     .syndrome_o(),
      |      ^~~~~~~~~~
%Warning-PINCONNECTEMPTY: ips/tlul/tlul_data_integ_dec.sv:20:6: Cell pin connected by name with empty reference: 'data_o'
   20 |     .data_o(),
      |      ^~~~~~
%Warning-PINCONNECTEMPTY: ips/tlul/tlul_data_integ_dec.sv:21:6: Cell pin connected by name with empty reference: 'syndrome_o'
   21 |     .syndrome_o(),
      |      ^~~~~~~~~~
%Warning-PINCONNECTEMPTY: ips/tlul/tlul_fifo_async.sv:57:6: Cell pin connected by name with empty reference: 'wdepth_o'
   57 |     .wdepth_o      (),
      |      ^~~~~~~~
%Warning-PINCONNECTEMPTY: ips/tlul/tlul_fifo_async.sv:58:6: Cell pin connected by name with empty reference: 'rdepth_o'
   58 |     .rdepth_o      ()
      |      ^~~~~~~~
%Warning-PINCONNECTEMPTY: ips/tlul/tlul_fifo_async.sv:94:6: Cell pin connected by name with empty reference: 'wdepth_o'
   94 |     .wdepth_o      (),
      |      ^~~~~~~~
%Warning-PINCONNECTEMPTY: ips/tlul/tlul_fifo_async.sv:95:6: Cell pin connected by name with empty reference: 'rdepth_o'
   95 |     .rdepth_o      ()
      |      ^~~~~~~~
%Warning-PINCONNECTEMPTY: ips/tlul/tlul_fifo_sync.sv:58:6: Cell pin connected by name with empty reference: 'full_o'
   58 |     .full_o        (),
      |      ^~~~~~
%Warning-PINCONNECTEMPTY: ips/tlul/tlul_fifo_sync.sv:59:6: Cell pin connected by name with empty reference: 'depth_o'
   59 |     .depth_o       (),
      |      ^~~~~~~
%Warning-PINCONNECTEMPTY: ips/tlul/tlul_fifo_sync.sv:60:6: Cell pin connected by name with empty reference: 'err_o'
   60 |     .err_o         ());
      |      ^~~~~
%Warning-PINCONNECTEMPTY: ips/tlul/tlul_fifo_sync.sv:93:6: Cell pin connected by name with empty reference: 'full_o'
   93 |     .full_o        (),
      |      ^~~~~~
%Warning-PINCONNECTEMPTY: ips/tlul/tlul_fifo_sync.sv:94:6: Cell pin connected by name with empty reference: 'depth_o'
   94 |     .depth_o       (),
      |      ^~~~~~~
%Warning-PINCONNECTEMPTY: ips/tlul/tlul_fifo_sync.sv:95:6: Cell pin connected by name with empty reference: 'err_o'
   95 |     .err_o         ());
      |      ^~~~~
%Warning-PINCONNECTEMPTY: ips/tlul/tlul_rsp_intg_chk.sv:27:6: Cell pin connected by name with empty reference: 'data_o'
   27 |     .data_o(),
      |      ^~~~~~
%Warning-PINCONNECTEMPTY: ips/tlul/tlul_rsp_intg_chk.sv:28:6: Cell pin connected by name with empty reference: 'syndrome_o'
   28 |     .syndrome_o(),
      |      ^~~~~~~~~~
%Warning-PINCONNECTEMPTY: ips/tlul/tlul_socket_1n.sv:99:6: Cell pin connected by name with empty reference: 'spare_rsp_o'
   99 |     .spare_rsp_o ());
      |      ^~~~~~~~~~~
%Warning-PINCONNECTEMPTY: ips/tlul/tlul_socket_1n.sv:222:8: Cell pin connected by name with empty reference: 'spare_req_o'
  222 |       .spare_req_o (),
      |        ^~~~~~~~~~~
%Warning-PINCONNECTEMPTY: ips/tlul/tlul_socket_1n.sv:224:8: Cell pin connected by name with empty reference: 'spare_rsp_o'
  224 |       .spare_rsp_o ());
      |        ^~~~~~~~~~~
%Warning-PINCONNECTEMPTY: ips/tlul/tlul_socket_m1.sv:135:8: Cell pin connected by name with empty reference: 'spare_req_o'
  135 |       .spare_req_o (),
      |        ^~~~~~~~~~~
%Warning-PINCONNECTEMPTY: ips/tlul/tlul_socket_m1.sv:137:8: Cell pin connected by name with empty reference: 'spare_rsp_o'
  137 |       .spare_rsp_o ()
      |        ^~~~~~~~~~~
%Warning-PINCONNECTEMPTY: ips/tlul/tlul_socket_m1.sv:156:6: Cell pin connected by name with empty reference: 'spare_req_o'
  156 |     .spare_req_o (),
      |      ^~~~~~~~~~~
%Warning-PINCONNECTEMPTY: ips/tlul/tlul_socket_m1.sv:158:6: Cell pin connected by name with empty reference: 'spare_rsp_o'
  158 |     .spare_rsp_o ()
      |      ^~~~~~~~~~~
%Warning-PINCONNECTEMPTY: ips/tlul/tlul_socket_m1.sv:179:8: Cell pin connected by name with empty reference: 'idx_o'
  179 |       .idx_o     (             ),
      |        ^~~~~
%Warning-PINCONNECTEMPTY: ips/tlul/tlul_socket_m1.sv:195:8: Cell pin connected by name with empty reference: 'idx_o'
  195 |       .idx_o     (             ),
      |        ^~~~~
%Warning-PINCONNECTEMPTY: ips/tlul/tlul_sram_byte.sv:531:8: Cell pin connected by name with empty reference: 'rvalid_o'
  531 |       .rvalid_o(),
      |        ^~~~~~~~
%Warning-PINCONNECTEMPTY: ips/tlul/tlul_sram_byte.sv:534:8: Cell pin connected by name with empty reference: 'full_o'
  534 |       .full_o(),
      |        ^~~~~~
%Warning-PINCONNECTEMPTY: ips/tlul/tlul_sram_byte.sv:535:8: Cell pin connected by name with empty reference: 'depth_o'
  535 |       .depth_o(),
      |        ^~~~~~~
%Warning-PINCONNECTEMPTY: ips/tlul/tlul_sram_byte.sv:536:8: Cell pin connected by name with empty reference: 'err_o'
  536 |       .err_o()
      |        ^~~~~
%Warning-PINCONNECTEMPTY: ips/tlul/tlul_sram_byte.sv:649:8: Cell pin connected by name with empty reference: 'rvalid_o'
  649 |       .rvalid_o(),
      |        ^~~~~~~~
%Warning-PINCONNECTEMPTY: ips/tlul/tlul_sram_byte.sv:652:8: Cell pin connected by name with empty reference: 'full_o'
  652 |       .full_o(),
      |        ^~~~~~
%Warning-PINCONNECTEMPTY: ips/tlul/tlul_sram_byte.sv:654:8: Cell pin connected by name with empty reference: 'err_o'
  654 |       .err_o()
      |        ^~~~~
%Warning-PINCONNECTEMPTY: rtl/gpio_reg_top.sv:73:6: Cell pin connected by name with empty reference: 'intg_error_o'
   73 |     .intg_error_o(),
      |      ^~~~~~~~~~~~
%Warning-PINCONNECTEMPTY: rtl/gpio_reg_top.sv:136:6: Cell pin connected by name with empty reference: 'qe'
  136 |     .qe     (),
      |      ^~
%Warning-PINCONNECTEMPTY: rtl/gpio_reg_top.sv:137:6: Cell pin connected by name with empty reference: 'q'
  137 |     .q      (),
      |      ^
%Warning-PINCONNECTEMPTY: rtl/gpio_reg_top.sv:138:6: Cell pin connected by name with empty reference: 'ds'
  138 |     .ds     (),
      |      ^~
%Warning-PINCONNECTEMPTY: rtl/gpio_reg_top.sv:157:6: Cell pin connected by name with empty reference: 'qre'
  157 |     .qre    (),
      |      ^~~
%Warning-PINCONNECTEMPTY: rtl/gpio_reg_top.sv:160:6: Cell pin connected by name with empty reference: 'ds'
  160 |     .ds     (),
      |      ^~
%Warning-PINCONNECTEMPTY: rtl/gpio_reg_top.sv:173:6: Cell pin connected by name with empty reference: 'qre'
  173 |     .qre    (),
      |      ^~~
%Warning-PINCONNECTEMPTY: rtl/gpio_reg_top.sv:176:6: Cell pin connected by name with empty reference: 'ds'
  176 |     .ds     (),
      |      ^~
%Warning-PINCONNECTEMPTY: rtl/gpio_reg_top.sv:202:6: Cell pin connected by name with empty reference: 'qe'
  202 |     .qe     (),
      |      ^~
%Warning-PINCONNECTEMPTY: rtl/gpio_reg_top.sv:204:6: Cell pin connected by name with empty reference: 'ds'
  204 |     .ds     (),
      |      ^~
%Warning-PINCONNECTEMPTY: rtl/gpio_reg_top.sv:229:6: Cell pin connected by name with empty reference: 'qe'
  229 |     .qe     (),
      |      ^~
%Warning-PINCONNECTEMPTY: rtl/gpio_reg_top.sv:231:6: Cell pin connected by name with empty reference: 'ds'
  231 |     .ds     (),
      |      ^~
%Warning-PINCONNECTEMPTY: rtl/gpio_reg_top.sv:256:6: Cell pin connected by name with empty reference: 'qe'
  256 |     .qe     (),
      |      ^~
%Warning-PINCONNECTEMPTY: rtl/gpio_reg_top.sv:258:6: Cell pin connected by name with empty reference: 'ds'
  258 |     .ds     (),
      |      ^~
%Warning-PINCONNECTEMPTY: rtl/gpio_reg_top.sv:283:6: Cell pin connected by name with empty reference: 'qe'
  283 |     .qe     (),
      |      ^~
%Warning-PINCONNECTEMPTY: rtl/gpio_reg_top.sv:285:6: Cell pin connected by name with empty reference: 'ds'
  285 |     .ds     (),
      |      ^~
%Warning-PINCONNECTEMPTY: rtl/gpio_reg_top.sv:310:6: Cell pin connected by name with empty reference: 'qe'
  310 |     .qe     (),
      |      ^~
%Warning-PINCONNECTEMPTY: rtl/gpio_reg_top.sv:312:6: Cell pin connected by name with empty reference: 'ds'
  312 |     .ds     (),
      |      ^~
%Warning-PINCONNECTEMPTY: rtl/gpio_reg_top.sv:338:6: Cell pin connected by name with empty reference: 'qe'
  338 |     .qe     (),
      |      ^~
%Warning-PINCONNECTEMPTY: rtl/gpio_reg_top.sv:340:6: Cell pin connected by name with empty reference: 'ds'
  340 |     .ds     (),
      |      ^~
%Warning-PINCONNECTEMPTY: rtl/pwm_reg_top.sv:72:6: Cell pin connected by name with empty reference: 'intg_error_o'
   72 |     .intg_error_o(),
      |      ^~~~~~~~~~~~
%Warning-PINCONNECTEMPTY: rtl/pwm_reg_top.sv:140:6: Cell pin connected by name with empty reference: 'dst_re_o'
  140 |     .dst_re_o     (),
      |      ^~~~~~~~
%Warning-PINCONNECTEMPTY: rtl/pwm_reg_top.sv:141:6: Cell pin connected by name with empty reference: 'dst_regwen_o'
  141 |     .dst_regwen_o (),
      |      ^~~~~~~~~~~~
%Warning-PINCONNECTEMPTY: rtl/pwm_reg_top.sv:178:6: Cell pin connected by name with empty reference: 'dst_re_o'
  178 |     .dst_re_o     (),
      |      ^~~~~~~~
%Warning-PINCONNECTEMPTY: rtl/pwm_reg_top.sv:179:6: Cell pin connected by name with empty reference: 'dst_regwen_o'
  179 |     .dst_regwen_o (),
      |      ^~~~~~~~~~~~
%Warning-PINCONNECTEMPTY: rtl/pwm_reg_top.sv:218:6: Cell pin connected by name with empty reference: 'dst_re_o'
  218 |     .dst_re_o     (),
      |      ^~~~~~~~
%Warning-PINCONNECTEMPTY: rtl/pwm_reg_top.sv:219:6: Cell pin connected by name with empty reference: 'dst_regwen_o'
  219 |     .dst_regwen_o (),
      |      ^~~~~~~~~~~~
%Warning-PINCONNECTEMPTY: rtl/pwm_reg_top.sv:259:6: Cell pin connected by name with empty reference: 'ds'
  259 |     .ds     (),
      |      ^~
%Warning-PINCONNECTEMPTY: rtl/pwm_reg_top.sv:287:6: Cell pin connected by name with empty reference: 'ds'
  287 |     .ds     (),
      |      ^~
%Warning-PINCONNECTEMPTY: rtl/pwm_reg_top.sv:315:6: Cell pin connected by name with empty reference: 'ds'
  315 |     .ds     (),
      |      ^~
%Warning-PINCONNECTEMPTY: rtl/pwm_reg_top.sv:356:6: Cell pin connected by name with empty reference: 'ds'
  356 |     .ds     (),
      |      ^~
%Warning-PINCONNECTEMPTY: rtl/pwm_reg_top.sv:398:6: Cell pin connected by name with empty reference: 'ds'
  398 |     .ds     (),
      |      ^~
%Warning-PINCONNECTEMPTY: rtl/pwm_reg_top.sv:426:6: Cell pin connected by name with empty reference: 'ds'
  426 |     .ds     (),
      |      ^~
%Warning-PINCONNECTEMPTY: rtl/rv_timer_reg_top.sv:73:6: Cell pin connected by name with empty reference: 'intg_error_o'
   73 |     .intg_error_o(),
      |      ^~~~~~~~~~~~
%Warning-PINCONNECTEMPTY: rtl/rv_timer_reg_top.sv:143:6: Cell pin connected by name with empty reference: 'qe'
  143 |     .qe     (),
      |      ^~
%Warning-PINCONNECTEMPTY: rtl/rv_timer_reg_top.sv:145:6: Cell pin connected by name with empty reference: 'ds'
  145 |     .ds     (),
      |      ^~
%Warning-PINCONNECTEMPTY: rtl/rv_timer_reg_top.sv:170:6: Cell pin connected by name with empty reference: 'qe'
  170 |     .qe     (),
      |      ^~
%Warning-PINCONNECTEMPTY: rtl/rv_timer_reg_top.sv:172:6: Cell pin connected by name with empty reference: 'ds'
  172 |     .ds     (),
      |      ^~
%Warning-PINCONNECTEMPTY: rtl/rv_timer_reg_top.sv:197:6: Cell pin connected by name with empty reference: 'qe'
  197 |     .qe     (),
      |      ^~
%Warning-PINCONNECTEMPTY: rtl/rv_timer_reg_top.sv:199:6: Cell pin connected by name with empty reference: 'ds'
  199 |     .ds     (),
      |      ^~
%Warning-PINCONNECTEMPTY: rtl/rv_timer_reg_top.sv:226:6: Cell pin connected by name with empty reference: 'qe'
  226 |     .qe     (),
      |      ^~
%Warning-PINCONNECTEMPTY: rtl/rv_timer_reg_top.sv:228:6: Cell pin connected by name with empty reference: 'ds'
  228 |     .ds     (),
      |      ^~
%Warning-PINCONNECTEMPTY: rtl/rv_timer_reg_top.sv:255:6: Cell pin connected by name with empty reference: 'qe'
  255 |     .qe     (),
      |      ^~
%Warning-PINCONNECTEMPTY: rtl/rv_timer_reg_top.sv:257:6: Cell pin connected by name with empty reference: 'ds'
  257 |     .ds     (),
      |      ^~
%Warning-PINCONNECTEMPTY: rtl/rv_timer_reg_top.sv:276:6: Cell pin connected by name with empty reference: 'qre'
  276 |     .qre    (),
      |      ^~~
%Warning-PINCONNECTEMPTY: rtl/rv_timer_reg_top.sv:279:6: Cell pin connected by name with empty reference: 'ds'
  279 |     .ds     (),
      |      ^~
%Warning-PINCONNECTEMPTY: rtl/rv_timer_reg_top.sv:280:6: Cell pin connected by name with empty reference: 'qs'
  280 |     .qs     ()
      |      ^~
%Warning-PINCONNECTEMPTY: rtl/rv_timer_reg_top.sv:305:6: Cell pin connected by name with empty reference: 'qe'
  305 |     .qe     (),
      |      ^~
%Warning-PINCONNECTEMPTY: rtl/rv_timer_reg_top.sv:307:6: Cell pin connected by name with empty reference: 'ds'
  307 |     .ds     (),
      |      ^~
%Warning-PINCONNECTEMPTY: rtl/rv_timer_reg_top.sv:332:6: Cell pin connected by name with empty reference: 'qe'
  332 |     .qe     (),
      |      ^~
%Warning-PINCONNECTEMPTY: rtl/rv_timer_reg_top.sv:334:6: Cell pin connected by name with empty reference: 'ds'
  334 |     .ds     (),
      |      ^~
%Warning-PINCONNECTEMPTY: rtl/rv_timer_reg_top.sv:360:6: Cell pin connected by name with empty reference: 'qe'
  360 |     .qe     (),
      |      ^~
%Warning-PINCONNECTEMPTY: rtl/rv_timer_reg_top.sv:362:6: Cell pin connected by name with empty reference: 'ds'
  362 |     .ds     (),
      |      ^~
%Warning-PINCONNECTEMPTY: rtl/rv_timer_reg_top.sv:401:6: Cell pin connected by name with empty reference: 'ds'
  401 |     .ds     (),
      |      ^~
%Warning-PINCONNECTEMPTY: rtl/uart_core.sv:131:6: Cell pin connected by name with empty reference: 'full_o'
  131 |     .full_o  (),
      |      ^~~~~~
%Warning-PINCONNECTEMPTY: rtl/uart_core.sv:135:6: Cell pin connected by name with empty reference: 'err_o'
  135 |     .err_o   ()
      |      ^~~~~
%Warning-PINCONNECTEMPTY: rtl/uart_core.sv:231:6: Cell pin connected by name with empty reference: 'full_o'
  231 |     .full_o  (),
      |      ^~~~~~
%Warning-PINCONNECTEMPTY: rtl/uart_core.sv:235:6: Cell pin connected by name with empty reference: 'err_o'
  235 |     .err_o   ()
      |      ^~~~~
%Warning-PINCONNECTEMPTY: rtl/uart_reg_top.sv:73:6: Cell pin connected by name with empty reference: 'intg_error_o'
   73 |     .intg_error_o(),
      |      ^~~~~~~~~~~~
%Warning-PINCONNECTEMPTY: rtl/uart_reg_top.sv:150:6: Cell pin connected by name with empty reference: 'qe'
  150 |     .qe     (),
      |      ^~
%Warning-PINCONNECTEMPTY: rtl/uart_reg_top.sv:152:6: Cell pin connected by name with empty reference: 'ds'
  152 |     .ds     (),
      |      ^~
%Warning-PINCONNECTEMPTY: rtl/uart_reg_top.sv:177:6: Cell pin connected by name with empty reference: 'qe'
  177 |     .qe     (),
      |      ^~
%Warning-PINCONNECTEMPTY: rtl/uart_reg_top.sv:179:6: Cell pin connected by name with empty reference: 'ds'
  179 |     .ds     (),
      |      ^~
%Warning-PINCONNECTEMPTY: rtl/uart_reg_top.sv:204:6: Cell pin connected by name with empty reference: 'qe'
  204 |     .qe     (),
      |      ^~
%Warning-PINCONNECTEMPTY: rtl/uart_reg_top.sv:206:6: Cell pin connected by name with empty reference: 'ds'
  206 |     .ds     (),
      |      ^~
%Warning-PINCONNECTEMPTY: rtl/uart_reg_top.sv:231:6: Cell pin connected by name with empty reference: 'qe'
  231 |     .qe     (),
      |      ^~
%Warning-PINCONNECTEMPTY: rtl/uart_reg_top.sv:233:6: Cell pin connected by name with empty reference: 'ds'
  233 |     .ds     (),
      |      ^~
%Warning-PINCONNECTEMPTY: rtl/uart_reg_top.sv:258:6: Cell pin connected by name with empty reference: 'qe'
  258 |     .qe     (),
      |      ^~
%Warning-PINCONNECTEMPTY: rtl/uart_reg_top.sv:260:6: Cell pin connected by name with empty reference: 'ds'
  260 |     .ds     (),
      |      ^~
%Warning-PINCONNECTEMPTY: rtl/uart_reg_top.sv:285:6: Cell pin connected by name with empty reference: 'qe'
  285 |     .qe     (),
      |      ^~
%Warning-PINCONNECTEMPTY: rtl/uart_reg_top.sv:287:6: Cell pin connected by name with empty reference: 'ds'
  287 |     .ds     (),
      |      ^~
%Warning-PINCONNECTEMPTY: rtl/uart_reg_top.sv:312:6: Cell pin connected by name with empty reference: 'qe'
  312 |     .qe     (),
      |      ^~
%Warning-PINCONNECTEMPTY: rtl/uart_reg_top.sv:314:6: Cell pin connected by name with empty reference: 'ds'
  314 |     .ds     (),
      |      ^~
%Warning-PINCONNECTEMPTY: rtl/uart_reg_top.sv:339:6: Cell pin connected by name with empty reference: 'qe'
  339 |     .qe     (),
      |      ^~
%Warning-PINCONNECTEMPTY: rtl/uart_reg_top.sv:341:6: Cell pin connected by name with empty reference: 'ds'
  341 |     .ds     (),
      |      ^~
%Warning-PINCONNECTEMPTY: rtl/uart_reg_top.sv:358:6: Cell pin connected by name with empty reference: 'qe'
  358 |     .qe     (),
      |      ^~
%Warning-PINCONNECTEMPTY: rtl/uart_reg_top.sv:360:6: Cell pin connected by name with empty reference: 'ds'
  360 |     .ds     (),
      |      ^~
%Warning-PINCONNECTEMPTY: rtl/uart_reg_top.sv:373:6: Cell pin connected by name with empty reference: 'qe'
  373 |     .qe     (),
      |      ^~
%Warning-PINCONNECTEMPTY: rtl/uart_reg_top.sv:375:6: Cell pin connected by name with empty reference: 'ds'
  375 |     .ds     (),
      |      ^~
%Warning-PINCONNECTEMPTY: rtl/uart_reg_top.sv:388:6: Cell pin connected by name with empty reference: 'qe'
  388 |     .qe     (),
      |      ^~
%Warning-PINCONNECTEMPTY: rtl/uart_reg_top.sv:390:6: Cell pin connected by name with empty reference: 'ds'
  390 |     .ds     (),
      |      ^~
%Warning-PINCONNECTEMPTY: rtl/uart_reg_top.sv:403:6: Cell pin connected by name with empty reference: 'qe'
  403 |     .qe     (),
      |      ^~
%Warning-PINCONNECTEMPTY: rtl/uart_reg_top.sv:405:6: Cell pin connected by name with empty reference: 'ds'
  405 |     .ds     (),
      |      ^~
%Warning-PINCONNECTEMPTY: rtl/uart_reg_top.sv:418:6: Cell pin connected by name with empty reference: 'qe'
  418 |     .qe     (),
      |      ^~
%Warning-PINCONNECTEMPTY: rtl/uart_reg_top.sv:420:6: Cell pin connected by name with empty reference: 'ds'
  420 |     .ds     (),
      |      ^~
%Warning-PINCONNECTEMPTY: rtl/uart_reg_top.sv:433:6: Cell pin connected by name with empty reference: 'qe'
  433 |     .qe     (),
      |      ^~
%Warning-PINCONNECTEMPTY: rtl/uart_reg_top.sv:435:6: Cell pin connected by name with empty reference: 'ds'
  435 |     .ds     (),
      |      ^~
%Warning-PINCONNECTEMPTY: rtl/uart_reg_top.sv:449:6: Cell pin connected by name with empty reference: 'qe'
  449 |     .qe     (),
      |      ^~
%Warning-PINCONNECTEMPTY: rtl/uart_reg_top.sv:451:6: Cell pin connected by name with empty reference: 'ds'
  451 |     .ds     (),
      |      ^~
%Warning-PINCONNECTEMPTY: rtl/uart_reg_top.sv:488:6: Cell pin connected by name with empty reference: 'ds'
  488 |     .ds     (),
      |      ^~
%Warning-PINCONNECTEMPTY: rtl/uart_reg_top.sv:491:6: Cell pin connected by name with empty reference: 'qs'
  491 |     .qs     ()
      |      ^~
%Warning-PINCONNECTEMPTY: rtl/uart_reg_top.sv:529:6: Cell pin connected by name with empty reference: 'ds'
  529 |     .ds     (),
      |      ^~
%Warning-PINCONNECTEMPTY: rtl/uart_reg_top.sv:532:6: Cell pin connected by name with empty reference: 'qs'
  532 |     .qs     ()
      |      ^~
%Warning-PINCONNECTEMPTY: rtl/uart_reg_top.sv:557:6: Cell pin connected by name with empty reference: 'ds'
  557 |     .ds     (),
      |      ^~
%Warning-PINCONNECTEMPTY: rtl/uart_reg_top.sv:560:6: Cell pin connected by name with empty reference: 'qs'
  560 |     .qs     ()
      |      ^~
%Warning-PINCONNECTEMPTY: rtl/uart_reg_top.sv:574:6: Cell pin connected by name with empty reference: 'qre'
  574 |     .qre    (),
      |      ^~~
%Warning-PINCONNECTEMPTY: rtl/uart_reg_top.sv:575:6: Cell pin connected by name with empty reference: 'qe'
  575 |     .qe     (),
      |      ^~
%Warning-PINCONNECTEMPTY: rtl/uart_reg_top.sv:576:6: Cell pin connected by name with empty reference: 'q'
  576 |     .q      (),
      |      ^
%Warning-PINCONNECTEMPTY: rtl/uart_reg_top.sv:577:6: Cell pin connected by name with empty reference: 'ds'
  577 |     .ds     (),
      |      ^~
%Warning-PINCONNECTEMPTY: rtl/uart_reg_top.sv:589:6: Cell pin connected by name with empty reference: 'qre'
  589 |     .qre    (),
      |      ^~~
%Warning-PINCONNECTEMPTY: rtl/uart_reg_top.sv:590:6: Cell pin connected by name with empty reference: 'qe'
  590 |     .qe     (),
      |      ^~
%Warning-PINCONNECTEMPTY: rtl/uart_reg_top.sv:591:6: Cell pin connected by name with empty reference: 'q'
  591 |     .q      (),
      |      ^
%Warning-PINCONNECTEMPTY: rtl/uart_reg_top.sv:592:6: Cell pin connected by name with empty reference: 'ds'
  592 |     .ds     (),
      |      ^~
%Warning-PINCONNECTEMPTY: rtl/soc.sv:86:6: Cell pin connected by name with empty reference: 'rdata_intg_o'
   86 |     .rdata_intg_o (),
      |      ^~~~~~~~~~~~
%Warning-PINCONNECTEMPTY: rtl/soc.sv:88:6: Cell pin connected by name with empty reference: 'intg_err_o'
   88 |     .intg_err_o   (),
      |      ^~~~~~~~~~
%Warning-PINCONNECTEMPTY: rtl/soc.sv:151:6: Cell pin connected by name with empty reference: 'intr_timer_expired_hart0_timer0_o'
  151 |     .intr_timer_expired_hart0_timer0_o()
      |      ^~~~~~~~~~~~~~~~~~~~~~~~~~~~~~~~~
%Warning-GENUNNAMED: ips/prim/prim_gray2bin.sv:7:5: Unnamed generate block 'genblk1' (IEEE 1800-2023 27.6)
                                                  : ... Suggest assign a label with 'begin : gen_<label_name>'
    7 |     for (genvar i = 0; i < N; i++)
      |     ^~~
                     ... For warning description see https://verilator.org/warn/GENUNNAMED?v=5.036
                     ... Use "/* verilator lint_off GENUNNAMED */" and lint_on around source to disable this message.
%Warning-GENUNNAMED: ips/prim/prim_rrarbiter.sv:77:12: Unnamed generate block 'genblk1' (IEEE 1800-2023 27.6)
                                                     : ... Suggest assign a label with 'begin : gen_<label_name>'
   77 |   end else begin
      |            ^~~~~
%Warning-GENUNNAMED: ips/prim/prim_rrarbiter.sv:90:12: Unnamed generate block 'genblk2' (IEEE 1800-2023 27.6)
                                                     : ... Suggest assign a label with 'begin : gen_<label_name>'
   90 |   end else begin
      |            ^~~~~
%Warning-GENUNNAMED: ips/prim/prim_lzc.sv:54:30: Unnamed generate block 'genblk1' (IEEE 1800-2023 27.6)
                                               : ... Suggest assign a label with 'begin : gen_<label_name>'
   54 |         if (k * 2 < WIDTH-1) begin
      |                              ^~~~~
%Warning-GENUNNAMED: ips/prim/prim_lzc.sv:60:31: Unnamed generate block 'genblk2' (IEEE 1800-2023 27.6)
                                               : ... Suggest assign a label with 'begin : gen_<label_name>'
   60 |         if (k * 2 == WIDTH-1) begin
      |                               ^~~~~
%Warning-GENUNNAMED: ips/prim/prim_lzc.sv:65:30: Unnamed generate block 'genblk3' (IEEE 1800-2023 27.6)
                                               : ... Suggest assign a label with 'begin : gen_<label_name>'
   65 |         if (k * 2 > WIDTH-1) begin
      |                              ^~~~~
%Warning-GENUNNAMED: ips/prim/prim_lzc.sv:70:14: Unnamed generate block 'genblk1' (IEEE 1800-2023 27.6)
                                               : ... Suggest assign a label with 'begin : gen_<label_name>'
   70 |     end else begin
      |              ^~~~~
%Warning-VARHIDDEN: rtl/uart_reg_top.sv:26:18: Declaration of signal hides declaration in upper scope: 'AW'
   26 |   localparam int AW = 5;
      |                  ^~
                    rtl/uart_reg_pkg.sv:15:17: ... Location of original declaration
   15 |   parameter int AW = BlockAw;
      |                 ^~
                    ... For warning description see https://verilator.org/warn/VARHIDDEN?v=5.036
                    ... Use "/* verilator lint_off VARHIDDEN */" and lint_on around source to disable this message.
%Warning-VARHIDDEN: rtl/uart_reg_top.sv:27:18: Declaration of signal hides declaration in upper scope: 'DW'
   27 |   localparam int DW = 32;
      |                  ^~
                    rtl/uart_reg_pkg.sv:16:17: ... Location of original declaration
   16 |   parameter int DW = 32;
      |                 ^~
%Warning-VARHIDDEN: rtl/uart_reg_top.sv:28:18: Declaration of signal hides declaration in upper scope: 'DBW'
   28 |   localparam int DBW = DW/8;                     
      |                  ^~~
                    rtl/uart_reg_pkg.sv:17:17: ... Location of original declaration
   17 |   parameter int DBW = DW/8;                     
      |                 ^~~
%Warning-VARHIDDEN: rtl/pwm_reg_top.sv:25:18: Declaration of signal hides declaration in upper scope: 'AW'
   25 |   localparam int AW = 4;
      |                  ^~
                    rtl/pwm_reg_pkg.sv:14:17: ... Location of original declaration
   14 |   parameter int AW = BlockAw;
      |                 ^~
%Warning-VARHIDDEN: rtl/pwm_reg_top.sv:26:18: Declaration of signal hides declaration in upper scope: 'DW'
   26 |   localparam int DW = 32;
      |                  ^~
                    rtl/pwm_reg_pkg.sv:15:17: ... Location of original declaration
   15 |   parameter int DW = 32;
      |                 ^~
%Warning-VARHIDDEN: rtl/pwm_reg_top.sv:27:18: Declaration of signal hides declaration in upper scope: 'DBW'
   27 |   localparam int DBW = DW/8;                     
      |                  ^~~
                    rtl/pwm_reg_pkg.sv:16:17: ... Location of original declaration
   16 |   parameter int DBW = DW/8;                     
      |                 ^~~
%Warning-VARHIDDEN: rtl/gpio_reg_top.sv:26:18: Declaration of signal hides declaration in upper scope: 'AW'
   26 |   localparam int AW = 4;
      |                  ^~
                    rtl/gpio_reg_pkg.sv:11:17: ... Location of original declaration
   11 |   parameter int AW = BlockAw;
      |                 ^~
%Warning-VARHIDDEN: rtl/gpio_reg_top.sv:27:18: Declaration of signal hides declaration in upper scope: 'DW'
   27 |   localparam int DW = 32;
      |                  ^~
                    rtl/gpio_reg_pkg.sv:12:17: ... Location of original declaration
   12 |   parameter int DW = 32;
      |                 ^~
%Warning-VARHIDDEN: rtl/gpio_reg_top.sv:28:18: Declaration of signal hides declaration in upper scope: 'DBW'
   28 |   localparam int DBW = DW/8;                     
      |                  ^~~
                    rtl/gpio_reg_pkg.sv:13:17: ... Location of original declaration
   13 |   parameter int DBW = DW/8;                     
      |                 ^~~
%Warning-VARHIDDEN: rtl/rv_timer_reg_top.sv:26:18: Declaration of signal hides declaration in upper scope: 'AW'
   26 |   localparam int AW = 5;
      |                  ^~
                    rtl/rv_timer_reg_pkg.sv:15:17: ... Location of original declaration
   15 |   parameter int AW = BlockAw;
      |                 ^~
%Warning-VARHIDDEN: rtl/rv_timer_reg_top.sv:27:18: Declaration of signal hides declaration in upper scope: 'DW'
   27 |   localparam int DW = 32;
      |                  ^~
                    rtl/rv_timer_reg_pkg.sv:16:17: ... Location of original declaration
   16 |   parameter int DW = 32;
      |                 ^~
%Warning-VARHIDDEN: rtl/rv_timer_reg_top.sv:28:18: Declaration of signal hides declaration in upper scope: 'DBW'
   28 |   localparam int DBW = DW/8;                     
      |                  ^~~
                    rtl/rv_timer_reg_pkg.sv:17:17: ... Location of original declaration
   17 |   parameter int DBW = DW/8;                     
      |                 ^~~
%Warning-WIDTHTRUNC: ips/tlul/tlul_socket_1n.sv:52:27: Operator VAR 'DReqDepth' expects 16 bits on the Initial value, but Initial value's CONST '20'h0' generates 20 bits.
                                                     : ... note: In instance 'soc.xbar.u_s1n_6'
   52 |   parameter bit [N*4-1:0] DReqDepth    = {N{4'h1}},
      |                           ^~~~~~~~~
                     ... For warning description see https://verilator.org/warn/WIDTHTRUNC?v=5.036
                     ... Use "/* verilator lint_off WIDTHTRUNC */" and lint_on around source to disable this message.
%Warning-WIDTHTRUNC: ips/tlul/tlul_socket_1n.sv:53:27: Operator VAR 'DRspDepth' expects 16 bits on the Initial value, but Initial value's CONST '20'h0' generates 20 bits.
                                                     : ... note: In instance 'soc.xbar.u_s1n_6'
   53 |   parameter bit [N*4-1:0] DRspDepth    = {N{4'h1}},
      |                           ^~~~~~~~~
%Warning-WIDTHEXPAND: ips/tlul/tlul_fifo_sync.sv:12:26: Operator VAR 'ReqDepth' expects 32 bits on the Initial value, but Initial value's CONST '4'h0' generates 4 bits.
                                                      : ... note: In instance 'soc.xbar.u_s1n_6.fifo_h'
   12 |   parameter int unsigned ReqDepth = 2,
      |                          ^~~~~~~~
                      ... For warning description see https://verilator.org/warn/WIDTHEXPAND?v=5.036
                      ... Use "/* verilator lint_off WIDTHEXPAND */" and lint_on around source to disable this message.
%Warning-WIDTHEXPAND: ips/tlul/tlul_fifo_sync.sv:13:26: Operator VAR 'RspDepth' expects 32 bits on the Initial value, but Initial value's CONST '4'h0' generates 4 bits.
                                                      : ... note: In instance 'soc.xbar.u_s1n_6.fifo_h'
   13 |   parameter int unsigned RspDepth = 2,
      |                          ^~~~~~~~
%Warning-UNUSEDPARAM: rtl/soc.sv:2:3: Parameter is not used: 'SramInitFile'
                                    : ... note: In instance 'soc'
    2 |   SramInitFile = ""
      |   ^~~~~~~~~~~~
                      ... For warning description see https://verilator.org/warn/UNUSEDPARAM?v=5.036
                      ... Use "/* verilator lint_off UNUSEDPARAM */" and lint_on around source to disable this message.
%Warning-UNUSEDPARAM: rtl/soc.sv:24:27: Parameter is not used: 'SramAddrWidth'
                                      : ... note: In instance 'soc'
   24 |   localparam int unsigned SramAddrWidth = $clog2(MemSize) - AddrOffset;  
      |                           ^~~~~~~~~~~~~
%Warning-UNUSEDPARAM: ips/pkgs/top_pkg.sv:13:16: Parameter is not used: 'TL_AUW'
                                               : ... note: In instance 'soc'
   13 | localparam int TL_AUW=21;    
      |                ^~~~~~
%Warning-UNUSEDPARAM: ips/pkgs/top_pkg.sv:14:16: Parameter is not used: 'TL_DUW'
                                               : ... note: In instance 'soc'
   14 | localparam int TL_DUW=14;    
      |                ^~~~~~
%Warning-UNUSEDPARAM: ips/pkgs/top_pkg.sv:21:16: Parameter is not used: 'SecVolatileRawUnlockEn'
                                               : ... note: In instance 'soc'
   21 | localparam int SecVolatileRawUnlockEn = 0;
      |                ^~~~~~~~~~~~~~~~~~~~~~
%Warning-UNUSEDPARAM: ips/pkgs/prim_secded_pkg.sv:81:25: Parameter is not used: 'Secded2216ZeroEcc'
                                                       : ... note: In instance 'soc'
   81 |   parameter logic [5:0] Secded2216ZeroEcc = 6'h0;
      |                         ^~~~~~~~~~~~~~~~~
%Warning-UNUSEDPARAM: ips/pkgs/prim_secded_pkg.sv:82:26: Parameter is not used: 'Secded2216ZeroWord'
                                                       : ... note: In instance 'soc'
   82 |   parameter logic [21:0] Secded2216ZeroWord = 22'h0;
      |                          ^~~~~~~~~~~~~~~~~~
%Warning-UNUSEDPARAM: ips/pkgs/prim_secded_pkg.sv:90:25: Parameter is not used: 'Secded2822ZeroEcc'
                                                       : ... note: In instance 'soc'
   90 |   parameter logic [5:0] Secded2822ZeroEcc = 6'h0;
      |                         ^~~~~~~~~~~~~~~~~
%Warning-UNUSEDPARAM: ips/pkgs/prim_secded_pkg.sv:91:26: Parameter is not used: 'Secded2822ZeroWord'
                                                       : ... note: In instance 'soc'
   91 |   parameter logic [27:0] Secded2822ZeroWord = 28'h0;
      |                          ^~~~~~~~~~~~~~~~~~
%Warning-UNUSEDPARAM: ips/pkgs/prim_secded_pkg.sv:99:25: Parameter is not used: 'Secded3932ZeroEcc'
                                                       : ... note: In instance 'soc'
   99 |   parameter logic [6:0] Secded3932ZeroEcc = 7'h0;
      |                         ^~~~~~~~~~~~~~~~~
%Warning-UNUSEDPARAM: ips/pkgs/prim_secded_pkg.sv:100:26: Parameter is not used: 'Secded3932ZeroWord'
                                                        : ... note: In instance 'soc'
  100 |   parameter logic [38:0] Secded3932ZeroWord = 39'h0;
      |                          ^~~~~~~~~~~~~~~~~~
%Warning-UNUSEDPARAM: ips/pkgs/prim_secded_pkg.sv:108:25: Parameter is not used: 'Secded6457ZeroEcc'
                                                        : ... note: In instance 'soc'
  108 |   parameter logic [6:0] Secded6457ZeroEcc = 7'h0;
      |                         ^~~~~~~~~~~~~~~~~
%Warning-UNUSEDPARAM: ips/pkgs/prim_secded_pkg.sv:109:26: Parameter is not used: 'Secded6457ZeroWord'
                                                        : ... note: In instance 'soc'
  109 |   parameter logic [63:0] Secded6457ZeroWord = 64'h0;
      |                          ^~~~~~~~~~~~~~~~~~
%Warning-UNUSEDPARAM: ips/pkgs/prim_secded_pkg.sv:117:25: Parameter is not used: 'Secded7264ZeroEcc'
                                                        : ... note: In instance 'soc'
  117 |   parameter logic [7:0] Secded7264ZeroEcc = 8'h0;
      |                         ^~~~~~~~~~~~~~~~~
%Warning-UNUSEDPARAM: ips/pkgs/prim_secded_pkg.sv:118:26: Parameter is not used: 'Secded7264ZeroWord'
                                                        : ... note: In instance 'soc'
  118 |   parameter logic [71:0] Secded7264ZeroWord = 72'h0;
      |                          ^~~~~~~~~~~~~~~~~~
%Warning-UNUSEDPARAM: ips/pkgs/prim_secded_pkg.sv:126:25: Parameter is not used: 'SecdedHamming2216ZeroEcc'
                                                        : ... note: In instance 'soc'
  126 |   parameter logic [5:0] SecdedHamming2216ZeroEcc = 6'h0;
      |                         ^~~~~~~~~~~~~~~~~~~~~~~~
%Warning-UNUSEDPARAM: ips/pkgs/prim_secded_pkg.sv:127:26: Parameter is not used: 'SecdedHamming2216ZeroWord'
                                                        : ... note: In instance 'soc'
  127 |   parameter logic [21:0] SecdedHamming2216ZeroWord = 22'h0;
      |                          ^~~~~~~~~~~~~~~~~~~~~~~~~
%Warning-UNUSEDPARAM: ips/pkgs/prim_secded_pkg.sv:135:25: Parameter is not used: 'SecdedHamming3932ZeroEcc'
                                                        : ... note: In instance 'soc'
  135 |   parameter logic [6:0] SecdedHamming3932ZeroEcc = 7'h0;
      |                         ^~~~~~~~~~~~~~~~~~~~~~~~
%Warning-UNUSEDPARAM: ips/pkgs/prim_secded_pkg.sv:136:26: Parameter is not used: 'SecdedHamming3932ZeroWord'
                                                        : ... note: In instance 'soc'
  136 |   parameter logic [38:0] SecdedHamming3932ZeroWord = 39'h0;
      |                          ^~~~~~~~~~~~~~~~~~~~~~~~~
%Warning-UNUSEDPARAM: ips/pkgs/prim_secded_pkg.sv:144:25: Parameter is not used: 'SecdedHamming7264ZeroEcc'
                                                        : ... note: In instance 'soc'
  144 |   parameter logic [7:0] SecdedHamming7264ZeroEcc = 8'h0;
      |                         ^~~~~~~~~~~~~~~~~~~~~~~~
%Warning-UNUSEDPARAM: ips/pkgs/prim_secded_pkg.sv:145:26: Parameter is not used: 'SecdedHamming7264ZeroWord'
                                                        : ... note: In instance 'soc'
  145 |   parameter logic [71:0] SecdedHamming7264ZeroWord = 72'h0;
      |                          ^~~~~~~~~~~~~~~~~~~~~~~~~
%Warning-UNUSEDPARAM: ips/pkgs/prim_secded_pkg.sv:153:25: Parameter is not used: 'SecdedHamming7668ZeroEcc'
                                                        : ... note: In instance 'soc'
  153 |   parameter logic [7:0] SecdedHamming7668ZeroEcc = 8'h0;
      |                         ^~~~~~~~~~~~~~~~~~~~~~~~
%Warning-UNUSEDPARAM: ips/pkgs/prim_secded_pkg.sv:154:26: Parameter is not used: 'SecdedHamming7668ZeroWord'
                                                        : ... note: In instance 'soc'
  154 |   parameter logic [75:0] SecdedHamming7668ZeroWord = 76'h0;
      |                          ^~~~~~~~~~~~~~~~~~~~~~~~~
%Warning-UNUSEDPARAM: ips/pkgs/prim_secded_pkg.sv:162:25: Parameter is not used: 'SecdedInv2216ZeroEcc'
                                                        : ... note: In instance 'soc'
  162 |   parameter logic [5:0] SecdedInv2216ZeroEcc = 6'h2A;
      |                         ^~~~~~~~~~~~~~~~~~~~
%Warning-UNUSEDPARAM: ips/pkgs/prim_secded_pkg.sv:163:26: Parameter is not used: 'SecdedInv2216ZeroWord'
                                                        : ... note: In instance 'soc'
  163 |   parameter logic [21:0] SecdedInv2216ZeroWord = 22'h2A0000;
      |                          ^~~~~~~~~~~~~~~~~~~~~
%Warning-UNUSEDPARAM: ips/pkgs/prim_secded_pkg.sv:171:25: Parameter is not used: 'SecdedInv2822ZeroEcc'
                                                        : ... note: In instance 'soc'
  171 |   parameter logic [5:0] SecdedInv2822ZeroEcc = 6'h2A;
      |                         ^~~~~~~~~~~~~~~~~~~~
%Warning-UNUSEDPARAM: ips/pkgs/prim_secded_pkg.sv:172:26: Parameter is not used: 'SecdedInv2822ZeroWord'
                                                        : ... note: In instance 'soc'
  172 |   parameter logic [27:0] SecdedInv2822ZeroWord = 28'hA800000;
      |                          ^~~~~~~~~~~~~~~~~~~~~
%Warning-UNUSEDPARAM: ips/pkgs/prim_secded_pkg.sv:180:25: Parameter is not used: 'SecdedInv3932ZeroEcc'
                                                        : ... note: In instance 'soc'
  180 |   parameter logic [6:0] SecdedInv3932ZeroEcc = 7'h2A;
      |                         ^~~~~~~~~~~~~~~~~~~~
%Warning-UNUSEDPARAM: ips/pkgs/prim_secded_pkg.sv:181:26: Parameter is not used: 'SecdedInv3932ZeroWord'
                                                        : ... note: In instance 'soc'
  181 |   parameter logic [38:0] SecdedInv3932ZeroWord = 39'h2A00000000;
      |                          ^~~~~~~~~~~~~~~~~~~~~
%Warning-UNUSEDPARAM: ips/pkgs/prim_secded_pkg.sv:189:25: Parameter is not used: 'SecdedInv6457ZeroEcc'
                                                        : ... note: In instance 'soc'
  189 |   parameter logic [6:0] SecdedInv6457ZeroEcc = 7'h2A;
      |                         ^~~~~~~~~~~~~~~~~~~~
%Warning-UNUSEDPARAM: ips/pkgs/prim_secded_pkg.sv:190:26: Parameter is not used: 'SecdedInv6457ZeroWord'
                                                        : ... note: In instance 'soc'
  190 |   parameter logic [63:0] SecdedInv6457ZeroWord = 64'h5400000000000000;
      |                          ^~~~~~~~~~~~~~~~~~~~~
%Warning-UNUSEDPARAM: ips/pkgs/prim_secded_pkg.sv:198:25: Parameter is not used: 'SecdedInv7264ZeroEcc'
                                                        : ... note: In instance 'soc'
  198 |   parameter logic [7:0] SecdedInv7264ZeroEcc = 8'hAA;
      |                         ^~~~~~~~~~~~~~~~~~~~
%Warning-UNUSEDPARAM: ips/pkgs/prim_secded_pkg.sv:199:26: Parameter is not used: 'SecdedInv7264ZeroWord'
                                                        : ... note: In instance 'soc'
  199 |   parameter logic [71:0] SecdedInv7264ZeroWord = 72'hAA0000000000000000;
      |                          ^~~~~~~~~~~~~~~~~~~~~
%Warning-UNUSEDPARAM: ips/pkgs/prim_secded_pkg.sv:207:25: Parameter is not used: 'SecdedInvHamming2216ZeroEcc'
                                                        : ... note: In instance 'soc'
  207 |   parameter logic [5:0] SecdedInvHamming2216ZeroEcc = 6'h2A;
      |                         ^~~~~~~~~~~~~~~~~~~~~~~~~~~
%Warning-UNUSEDPARAM: ips/pkgs/prim_secded_pkg.sv:208:26: Parameter is not used: 'SecdedInvHamming2216ZeroWord'
                                                        : ... note: In instance 'soc'
  208 |   parameter logic [21:0] SecdedInvHamming2216ZeroWord = 22'h2A0000;
      |                          ^~~~~~~~~~~~~~~~~~~~~~~~~~~~
%Warning-UNUSEDPARAM: ips/pkgs/prim_secded_pkg.sv:216:25: Parameter is not used: 'SecdedInvHamming3932ZeroEcc'
                                                        : ... note: In instance 'soc'
  216 |   parameter logic [6:0] SecdedInvHamming3932ZeroEcc = 7'h2A;
      |                         ^~~~~~~~~~~~~~~~~~~~~~~~~~~
%Warning-UNUSEDPARAM: ips/pkgs/prim_secded_pkg.sv:217:26: Parameter is not used: 'SecdedInvHamming3932ZeroWord'
                                                        : ... note: In instance 'soc'
  217 |   parameter logic [38:0] SecdedInvHamming3932ZeroWord = 39'h2A00000000;
      |                          ^~~~~~~~~~~~~~~~~~~~~~~~~~~~
%Warning-UNUSEDPARAM: ips/pkgs/prim_secded_pkg.sv:225:25: Parameter is not used: 'SecdedInvHamming7264ZeroEcc'
                                                        : ... note: In instance 'soc'
  225 |   parameter logic [7:0] SecdedInvHamming7264ZeroEcc = 8'hAA;
      |                         ^~~~~~~~~~~~~~~~~~~~~~~~~~~
%Warning-UNUSEDPARAM: ips/pkgs/prim_secded_pkg.sv:226:26: Parameter is not used: 'SecdedInvHamming7264ZeroWord'
                                                        : ... note: In instance 'soc'
  226 |   parameter logic [71:0] SecdedInvHamming7264ZeroWord = 72'hAA0000000000000000;
      |                          ^~~~~~~~~~~~~~~~~~~~~~~~~~~~
%Warning-UNUSEDPARAM: ips/pkgs/prim_secded_pkg.sv:234:25: Parameter is not used: 'SecdedInvHamming7668ZeroEcc'
                                                        : ... note: In instance 'soc'
  234 |   parameter logic [7:0] SecdedInvHamming7668ZeroEcc = 8'hAA;
      |                         ^~~~~~~~~~~~~~~~~~~~~~~~~~~
%Warning-UNUSEDPARAM: ips/pkgs/prim_secded_pkg.sv:235:26: Parameter is not used: 'SecdedInvHamming7668ZeroWord'
                                                        : ... note: In instance 'soc'
  235 |   parameter logic [75:0] SecdedInvHamming7668ZeroWord = 76'hAA00000000000000000;
      |                          ^~~~~~~~~~~~~~~~~~~~~~~~~~~~
%Warning-UNUSEDPARAM: ips/pkgs/prim_alert_pkg.sv:19:24: Parameter is not used: 'ALERT_TX_DEFAULT'
                                                      : ... note: In instance 'soc.xbar'
%Warning-UNUSEDPARAM: ips/pkgs/prim_alert_pkg.sv:22:24: Parameter is not used: 'ALERT_RX_DEFAULT'
                                                      : ... note: In instance 'soc.xbar'
%Warning-UNUSEDPARAM: rtl/tl_main_pkg.sv:19:18: Parameter is not used: 'N_HOST'
                                              : ... note: In instance 'soc.u_rv_timer.gen_harts[0].u_intr_hw'
   19 |   localparam int N_HOST   = 1;
      |                  ^~~~~~
%Warning-UNUSEDPARAM: rtl/tl_main_pkg.sv:20:18: Parameter is not used: 'N_DEVICE'
                                              : ... note: In instance 'soc.u_rv_timer.gen_harts[0].u_intr_hw'
   20 |   localparam int N_DEVICE = 4;
      |                  ^~~~~~~~
%Warning-UNUSEDSIGNAL: rtl/uart_core.sv:14:38: Bits of signal are not used: 'reg2hw'[33:22]
                                             : ... note: In instance 'soc.u_uart.u_uart_core'
   14 |   input  uart_reg_pkg::uart_reg2hw_t reg2hw,
      |                                      ^~~~~~
                       ... For warning description see https://verilator.org/warn/UNUSEDSIGNAL?v=5.036
                       ... Use "/* verilator lint_off UNUSEDSIGNAL */" and lint_on around source to disable this message.
%Warning-UNUSEDSIGNAL: rtl/uart_core.sv:40:19: Signal is not driven, nor used: 'rx_val_q'
                                             : ... note: In instance 'soc.u_uart.u_uart_core'
   40 |   logic   [15:0]  rx_val_q;
      |                   ^~~~~~~~
%Warning-UNUSEDSIGNAL: rtl/uart_core.sv:42:34: Signal is not used: 'rx_tick_baud'
                                             : ... note: In instance 'soc.u_uart.u_uart_core'
   42 |   logic           tick_baud_x16, rx_tick_baud;
      |                                  ^~~~~~~~~~~~
%Warning-UNUSEDSIGNAL: rtl/uart_core.sv:46:30: Signal is not driven, nor used: 'rx_fifo_depth_prev_q'
                                             : ... note: In instance 'soc.u_uart.u_uart_core'
   46 |   logic   [RxFifoDepthW-1:0] rx_fifo_depth_prev_q;
      |                              ^~~~~~~~~~~~~~~~~~~~
%Warning-UNUSEDSIGNAL: rtl/uart_core.sv:48:19: Signal is not driven, nor used: 'rx_timeout_count_d'
                                             : ... note: In instance 'soc.u_uart.u_uart_core'
   48 |   logic   [23:0]  rx_timeout_count_d, rx_timeout_count_q, uart_rxto_val;
      |                   ^~~~~~~~~~~~~~~~~~
%Warning-UNUSEDSIGNAL: rtl/uart_core.sv:48:39: Signal is not driven, nor used: 'rx_timeout_count_q'
                                             : ... note: In instance 'soc.u_uart.u_uart_core'
   48 |   logic   [23:0]  rx_timeout_count_d, rx_timeout_count_q, uart_rxto_val;
      |                                       ^~~~~~~~~~~~~~~~~~
%Warning-UNUSEDSIGNAL: rtl/uart_core.sv:48:59: Signal is not driven, nor used: 'uart_rxto_val'
                                             : ... note: In instance 'soc.u_uart.u_uart_core'
   48 |   logic   [23:0]  rx_timeout_count_d, rx_timeout_count_q, uart_rxto_val;
      |                                                           ^~~~~~~~~~~~~
%Warning-UNUSEDSIGNAL: rtl/uart_core.sv:49:19: Signal is not driven, nor used: 'rx_fifo_depth_changed'
                                             : ... note: In instance 'soc.u_uart.u_uart_core'
   49 |   logic           rx_fifo_depth_changed, uart_rxto_en;
      |                   ^~~~~~~~~~~~~~~~~~~~~
%Warning-UNUSEDSIGNAL: rtl/uart_core.sv:49:42: Signal is not driven, nor used: 'uart_rxto_en'
                                             : ... note: In instance 'soc.u_uart.u_uart_core'
   49 |   logic           rx_fifo_depth_changed, uart_rxto_en;
      |                                          ^~~~~~~~~~~~
%Warning-UNUSEDSIGNAL: rtl/uart_core.sv:63:19: Signal is not driven, nor used: 'break_err'
                                             : ... note: In instance 'soc.u_uart.u_uart_core'
   63 |   logic           break_err;
      |                   ^~~~~~~~~
%Warning-UNUSEDSIGNAL: rtl/uart_core.sv:64:19: Signal is not driven, nor used: 'allzero_cnt_d'
                                             : ... note: In instance 'soc.u_uart.u_uart_core'
   64 |   logic   [4:0]   allzero_cnt_d, allzero_cnt_q;
      |                   ^~~~~~~~~~~~~
%Warning-UNUSEDSIGNAL: rtl/uart_core.sv:64:34: Signal is not driven, nor used: 'allzero_cnt_q'
                                             : ... note: In instance 'soc.u_uart.u_uart_core'
   64 |   logic   [4:0]   allzero_cnt_d, allzero_cnt_q;
      |                                  ^~~~~~~~~~~~~
%Warning-UNUSEDSIGNAL: rtl/uart_core.sv:65:19: Signal is not driven, nor used: 'allzero_err'
                                             : ... note: In instance 'soc.u_uart.u_uart_core'
   65 |   logic           allzero_err, not_allzero_char;
      |                   ^~~~~~~~~~~
%Warning-UNUSEDSIGNAL: rtl/uart_core.sv:65:32: Signal is not driven, nor used: 'not_allzero_char'
                                             : ... note: In instance 'soc.u_uart.u_uart_core'
   65 |   logic           allzero_err, not_allzero_char;
      |                                ^~~~~~~~~~~~~~~~
%Warning-UNUSEDSIGNAL: rtl/uart_core.sv:66:19: Signal is not driven, nor used: 'event_tx_watermark'
                                             : ... note: In instance 'soc.u_uart.u_uart_core'
   66 |   logic           event_tx_watermark, event_tx_empty, event_rx_watermark, event_tx_done;
      |                   ^~~~~~~~~~~~~~~~~~
%Warning-UNUSEDSIGNAL: rtl/uart_core.sv:66:39: Signal is not driven, nor used: 'event_tx_empty'
                                             : ... note: In instance 'soc.u_uart.u_uart_core'
   66 |   logic           event_tx_watermark, event_tx_empty, event_rx_watermark, event_tx_done;
      |                                       ^~~~~~~~~~~~~~
%Warning-UNUSEDSIGNAL: rtl/uart_core.sv:66:55: Signal is not driven, nor used: 'event_rx_watermark'
                                             : ... note: In instance 'soc.u_uart.u_uart_core'
   66 |   logic           event_tx_watermark, event_tx_empty, event_rx_watermark, event_tx_done;
      |                                                       ^~~~~~~~~~~~~~~~~~
%Warning-UNUSEDSIGNAL: rtl/uart_core.sv:66:75: Signal is not driven, nor used: 'event_tx_done'
                                             : ... note: In instance 'soc.u_uart.u_uart_core'
   66 |   logic           event_tx_watermark, event_tx_empty, event_rx_watermark, event_tx_done;
      |                                                                           ^~~~~~~~~~~~~
%Warning-UNUSEDSIGNAL: rtl/uart_core.sv:67:19: Signal is not driven, nor used: 'event_rx_overflow'
                                             : ... note: In instance 'soc.u_uart.u_uart_core'
   67 |   logic           event_rx_overflow, event_rx_frame_err, event_rx_break_err, event_rx_timeout;
      |                   ^~~~~~~~~~~~~~~~~
%Warning-UNUSEDSIGNAL: rtl/uart_core.sv:67:58: Signal is not driven, nor used: 'event_rx_break_err'
                                             : ... note: In instance 'soc.u_uart.u_uart_core'
   67 |   logic           event_rx_overflow, event_rx_frame_err, event_rx_break_err, event_rx_timeout;
      |                                                          ^~~~~~~~~~~~~~~~~~
%Warning-UNUSEDSIGNAL: rtl/uart_core.sv:67:78: Signal is not driven, nor used: 'event_rx_timeout'
                                             : ... note: In instance 'soc.u_uart.u_uart_core'
   67 |   logic           event_rx_overflow, event_rx_frame_err, event_rx_break_err, event_rx_timeout;
      |                                                                              ^~~~~~~~~~~~~~~~
%Warning-UNUSEDSIGNAL: rtl/uart_core.sv:69:19: Signal is not driven, nor used: 'tx_uart_idle_q'
                                             : ... note: In instance 'soc.u_uart.u_uart_core'
   69 |   logic           tx_uart_idle_q;
      |                   ^~~~~~~~~~~~~~
%Warning-UNUSEDPARAM: rtl/uart_host_bridge.sv:34:19: Parameter is not used: 'OP_RD'
                                                   : ... note: In instance 'soc.u_uart.u_bridge'
   34 |   localparam byte OP_RD     = 8'd0;
      |                   ^~~~~
%Warning-UNUSEDSIGNAL: ips/tlul/tlul_socket_1n.sv:175:22: Bits of signal are not used: 'tl_t_p'[0]
                                                        : ... note: In instance 'soc.xbar.u_s1n_6'
  175 |   tlul_pkg::tl_d2h_t tl_t_p ;
      |                      ^~~~~~
%Warning-UNUSEDSIGNAL: rtl/pwm_core.sv:23:24: Signal is not driven, nor used: 'clr_blink_cntr'
                                            : ... note: In instance 'soc.u_pwm.u_pwm_core'
   23 |   logic [NOutputs-1:0] clr_blink_cntr;
      |                        ^~~~~~~~~~~~~~
%Warning-UNUSEDPARAM: rtl/gpio_reg_pkg.sv:86:25: Parameter is not used: 'GPIO_DIRECT_RESVAL'
                                               : ... note: In instance 'soc.xbar.u_s1n_6.gen_err_resp.err_resp'
   86 |   parameter logic [3:0] GPIO_DIRECT_RESVAL = 4'h 0;
      |                         ^~~~~~~~~~~~~~~~~~
%Warning-UNUSEDPARAM: rtl/pwm_reg_pkg.sv:10:17: Parameter is not used: 'NOutputs'
                                              : ... note: In instance 'soc.xbar.u_s1n_6.gen_err_resp.err_resp'
   10 |   parameter int NOutputs = 1;
      |                 ^~~~~~~~
%Warning-UNUSEDPARAM: rtl/rv_timer_reg_pkg.sv:103:25: Parameter is not used: 'RV_TIMER_INTR_TEST0_RESVAL'
                                                    : ... note: In instance 'soc.xbar.u_s1n_6.gen_err_resp.err_resp'
  103 |   parameter logic [0:0] RV_TIMER_INTR_TEST0_RESVAL = 1'h 0;
      |                         ^~~~~~~~~~~~~~~~~~~~~~~~~~
%Warning-UNUSEDPARAM: rtl/uart_reg_pkg.sv:157:25: Parameter is not used: 'UART_STATUS_RESVAL'
                                                : ... note: In instance 'soc.xbar.u_s1n_6.gen_err_resp.err_resp'
  157 |   parameter logic [5:0] UART_STATUS_RESVAL = 6'h 3c;
      |                         ^~~~~~~~~~~~~~~~~~
%Warning-UNUSEDPARAM: rtl/uart_reg_pkg.sv:158:25: Parameter is not used: 'UART_STATUS_TXEMPTY_RESVAL'
                                                : ... note: In instance 'soc.xbar.u_s1n_6.gen_err_resp.err_resp'
  158 |   parameter logic [0:0] UART_STATUS_TXEMPTY_RESVAL = 1'h 1;
      |                         ^~~~~~~~~~~~~~~~~~~~~~~~~~
%Warning-UNUSEDPARAM: rtl/uart_reg_pkg.sv:159:25: Parameter is not used: 'UART_STATUS_TXIDLE_RESVAL'
                                                : ... note: In instance 'soc.xbar.u_s1n_6.gen_err_resp.err_resp'
  159 |   parameter logic [0:0] UART_STATUS_TXIDLE_RESVAL = 1'h 1;
      |                         ^~~~~~~~~~~~~~~~~~~~~~~~~
%Warning-UNUSEDPARAM: rtl/uart_reg_pkg.sv:160:25: Parameter is not used: 'UART_STATUS_RXIDLE_RESVAL'
                                                : ... note: In instance 'soc.xbar.u_s1n_6.gen_err_resp.err_resp'
  160 |   parameter logic [0:0] UART_STATUS_RXIDLE_RESVAL = 1'h 1;
      |                         ^~~~~~~~~~~~~~~~~~~~~~~~~
%Warning-UNUSEDPARAM: rtl/uart_reg_pkg.sv:161:25: Parameter is not used: 'UART_STATUS_RXEMPTY_RESVAL'
                                                : ... note: In instance 'soc.xbar.u_s1n_6.gen_err_resp.err_resp'
  161 |   parameter logic [0:0] UART_STATUS_RXEMPTY_RESVAL = 1'h 1;
      |                         ^~~~~~~~~~~~~~~~~~~~~~~~~~
%Warning-UNUSEDPARAM: rtl/uart_reg_pkg.sv:162:25: Parameter is not used: 'UART_RDATA_RESVAL'
                                                : ... note: In instance 'soc.xbar.u_s1n_6.gen_err_resp.err_resp'
  162 |   parameter logic [7:0] UART_RDATA_RESVAL = 8'h 0;
      |                         ^~~~~~~~~~~~~~~~~
%Warning-UNUSEDPARAM: rtl/uart_reg_pkg.sv:163:26: Parameter is not used: 'UART_FIFO_STATUS_RESVAL'
                                                : ... note: In instance 'soc.xbar.u_s1n_6.gen_err_resp.err_resp'
  163 |   parameter logic [23:0] UART_FIFO_STATUS_RESVAL = 24'h 0;
      |                          ^~~~~~~~~~~~~~~~~~~~~~~
%Warning-UNUSEDPARAM: rtl/pwm_chan.sv:6:17: Parameter is not used: 'CntDw'
                                          : ... note: In instance 'soc.u_pwm.u_pwm_core.gen_chan_insts[0].u_chan'
    6 |   parameter int CntDw = 16
      |                 ^~~~~
%Warning-UNUSEDSIGNAL: rtl/pwm_chan.sv:16:16: Signal is not used: 'cycle_end_i'
                                            : ... note: In instance 'soc.u_pwm.u_pwm_core.gen_chan_insts[0].u_chan'
   16 |   input        cycle_end_i,
      |                ^~~~~~~~~~~
%Warning-UNUSEDSIGNAL: rtl/pwm_chan.sv:22:16: Signal is not driven, nor used: 'duty_cycle_actual'
                                            : ... note: In instance 'soc.u_pwm.u_pwm_core.gen_chan_insts[0].u_chan'
   22 |   logic [15:0] duty_cycle_actual;
      |                ^~~~~~~~~~~~~~~~~
%Warning-UNUSEDSIGNAL: ips/tlul/tlul_adapter_reg.sv:65:51: Signal is not used: 'instr_error'
                                                         : ... note: In instance 'soc.u_rv_timer.u_reg.u_reg_if'
   65 |   logic             error_q, error, err_internal, instr_error, intg_error;
      |                                                   ^~~~~~~~~~~
%Warning-UNUSEDSIGNAL: ips/tlul/tlul_adapter_reg.sv:65:64: Signal is not used: 'intg_error'
                                                         : ... note: In instance 'soc.u_rv_timer.u_reg.u_reg_if'
   65 |   logic             error_q, error, err_internal, instr_error, intg_error;
      |                                                                ^~~~~~~~~~
%Warning-UNUSEDSIGNAL: ips/tlul/tlul_adapter_reg.sv:68:9: Signal is not used: 'malformed_meta_err'
                                                        : ... note: In instance 'soc.u_rv_timer.u_reg.u_reg_if'
   68 |   logic malformed_meta_err;  
      |         ^~~~~~~~~~~~~~~~~~
%Warning-UNUSEDSIGNAL: ips/tlul/tlul_adapter_reg.sv:69:9: Signal is not used: 'tl_err'
                                                        : ... note: In instance 'soc.u_rv_timer.u_reg.u_reg_if'
   69 |   logic tl_err;              
      |         ^~~~~~
%Warning-UNUSEDSIGNAL: ips/tlul/tlul_err.sv:9:9: Signal is not used: 'clk_i'
                                               : ... note: In instance 'soc.u_gpio.u_reg.u_reg_if.u_err'
    9 |   input clk_i,
      |         ^~~~~
%Warning-UNUSEDSIGNAL: ips/tlul/tlul_err.sv:10:9: Signal is not used: 'rst_ni'
                                                : ... note: In instance 'soc.u_gpio.u_reg.u_reg_if.u_err'
   10 |   input rst_ni,
      |         ^~~~~~
%Warning-UNUSEDSIGNAL: ips/tlul/tlul_err.sv:12:18: Bits of signal are not used: 'tl_i'[104:102,99:92,55:24,0]
                                                 : ... note: In instance 'soc.u_gpio.u_reg.u_reg_if.u_err'
   12 |   input tl_h2d_t tl_i,
      |                  ^~~~
%Warning-UNUSEDPARAM: ips/tlul/tlul_err.sv:17:18: Parameter is not used: 'IW'
                                                : ... note: In instance 'soc.u_gpio.u_reg.u_reg_if.u_err'
   17 |   localparam int IW  = $bits(tl_i.a_source);
      |                  ^~
%Warning-UNUSEDPARAM: ips/tlul/tlul_err.sv:18:18: Parameter is not used: 'SZW'
                                                : ... note: In instance 'soc.u_gpio.u_reg.u_reg_if.u_err'
   18 |   localparam int SZW = $bits(tl_i.a_size);
      |                  ^~~
%Warning-UNUSEDSIGNAL: ips/prim_opentitan/prim_fifo_sync.sv:18:27: Signal is not used: 'clk_i'
                                                                 : ... note: In instance 'soc.xbar.u_s1n_6.fifo_h.reqfifo'
   18 |   input                   clk_i,
      |                           ^~~~~
%Warning-UNUSEDSIGNAL: ips/prim_opentitan/prim_fifo_sync.sv:19:27: Signal is not used: 'rst_ni'
                                                                 : ... note: In instance 'soc.xbar.u_s1n_6.fifo_h.reqfifo'
   19 |   input                   rst_ni,
      |                           ^~~~~~
%Warning-UNUSEDPARAM: ips/pkgs/tlul_pkg.sv:14:13: Parameter is not used: 'ArbiterImpl'
                                                : ... note: In instance 'soc.u_uart.u_uart_core.u_uart_rxfifo.gen_normal_fifo.u_fifo_cnt'
   14 |   parameter ArbiterImpl = "PPC";
      |             ^~~~~~~~~~~
%Warning-UNUSEDPARAM: ips/pkgs/tlul_pkg.sv:29:17: Parameter is not used: 'H2DCmdFullWidth'
                                                : ... note: In instance 'soc.u_uart.u_uart_core.u_uart_rxfifo.gen_normal_fifo.u_fifo_cnt'
   29 |   parameter int H2DCmdFullWidth = H2DCmdMaxWidth + H2DCmdIntgWidth;
      |                 ^~~~~~~~~~~~~~~
%Warning-UNUSEDPARAM: ips/pkgs/tlul_pkg.sv:32:17: Parameter is not used: 'D2HRspFullWidth'
                                                : ... note: In instance 'soc.u_uart.u_uart_core.u_uart_rxfifo.gen_normal_fifo.u_fifo_cnt'
   32 |   parameter int D2HRspFullWidth = D2HRspMaxWidth + D2HRspIntgWidth;
      |                 ^~~~~~~~~~~~~~~
%Warning-UNUSEDPARAM: ips/pkgs/tlul_pkg.sv:35:17: Parameter is not used: 'DataFullWidth'
                                                : ... note: In instance 'soc.u_uart.u_uart_core.u_uart_rxfifo.gen_normal_fifo.u_fifo_cnt'
   35 |   parameter int DataFullWidth   = DataMaxWidth + DataIntgWidth;
      |                 ^~~~~~~~~~~~~
%Warning-UNUSEDPARAM: ips/pkgs/tlul_pkg.sv:87:23: Parameter is not used: 'TL_H2D_DEFAULT'
                                                : ... note: In instance 'soc.u_uart.u_uart_core.u_uart_rxfifo.gen_normal_fifo.u_fifo_cnt'
   87 |   localparam tl_h2d_t TL_H2D_DEFAULT = '{
      |                       ^~~~~~~~~~~~~~
%Warning-UNUSEDPARAM: ips/pkgs/tlul_pkg.sv:131:23: Parameter is not used: 'TL_D2H_DEFAULT'
                                                 : ... note: In instance 'soc.u_uart.u_uart_core.u_uart_rxfifo.gen_normal_fifo.u_fifo_cnt'
  131 |   localparam tl_d2h_t TL_D2H_DEFAULT = '{
      |                       ^~~~~~~~~~~~~~
- V e r i l a t i o n   R e p o r t: Verilator 5.036 2025-04-27 rev v5.036-48-g0dc93c1d5
- Verilator: Built from 28.955 MB sources in 105 modules, into 0.400 MB in 5 C++ files needing 0.000 MB
- Verilator: Walltime 0.177 s (elab=0.033, cvt=0.072, bld=0.000); cpu 0.177 s on 1 threads; alloced 47.152 MB
