analysis=power_analysis corner=ff stage=post_syn
workload=smoke_zero_sv_ff
gls_report=/tmp/flexsoc-reference-cordic/runs/cordic/reference/dv/functional/sim/post_syn/sky130/cordic_post_syn_smoke_zero_sv_ff.json
activity_file=/tmp/flexsoc-reference-cordic/runs/cordic/reference/signoff/sky130/power/activity/captures/cordic_sky130_smoke_zero_sv_ff.vcd
activity_scope=cordic_tb/u_cordic
liberty=/home/eneadim/github/flexsoc/.flexsoc/pdks/ciel/sky130/versions/f6eeac7dad085ffcc829ccfd721f7b4ce39edcf7/sky130A/libs.ref/sky130_fd_sc_hd/lib/sky130_fd_sc_hd__ff_n40C_1v95_ccsnoise.lib
netlist=/tmp/flexsoc-reference-cordic/runs/cordic/reference/syn/sky130/cordic_synth.v
sdc=/tmp/flexsoc-reference-cordic/runs/cordic/reference/signoff/sky130/cordic.sdc
spef=

=== Units ===
 time 1ns
 capacitance 1pF
 resistance 1kohm
 voltage 1v
 current 1mA
 power 1nW
 distance 1um

=== Constraint validation ===

=== Activity annotation ===
annotated_percent=100.00%
Unannotated pins: none

=== Power summary ===
Group                  Internal  Switching    Leakage      Total
                          Power      Power      Power      Power (Watts)
----------------------------------------------------------------
Sequential             1.48e-03   1.06e-05   4.95e-09   1.49e-03  89.6%
Combinational          7.29e-05   9.95e-05   1.02e-08   1.72e-04  10.4%
Clock                  0.00e+00   0.00e+00   0.00e+00   0.00e+00   0.0%
Macro                  0.00e+00   0.00e+00   0.00e+00   0.00e+00   0.0%
Pad                    0.00e+00   0.00e+00   0.00e+00   0.00e+00   0.0%
----------------------------------------------------------------
Total                  1.55e-03   1.10e-04   1.51e-08   1.66e-03 100.0%
                          93.4%       6.6%       0.0%

=== FlexSoC normalized power fields ===
dynamic_power_definition=internal_power+switching_power
power_unit=OpenSTA report unit; see Units section
internal_power=0.00155
switching_power=0.00011
dynamic_power=0.00166
leakage_power=1.51e-08
total_power=0.00166
