FlexSoC run check · uart
Technical REVIEW · Provenance CLEAN

Flow
Main step                    Status    
RTL lint                     MISSING   
CDC / RDC                    MISSING   
Functional verification      PASS      
Formal verification          PASS      
Synthesis                    PASS      
RTL ↔ synthesis equivalence  MISSING   
Pre-implementation sign-off  PASS      
Implementation / PnR         MISSING   
Post Sign-Off                INCOMPLETE
Run status: INCOMPLETE

Provenance
Setup                   State  Action
cdc_rdc                 CLEAN  -     
cdc_rdc.setup           CLEAN  -     
cocotb.setup            CLEAN  -     
eqy.setup               CLEAN  -     
formal.cover.setup      CLEAN  -     
formal.csr_cover.setup  CLEAN  -     
formal.csr_prove.setup  CLEAN  -     
formal.prove.setup      CLEAN  -     
formal_bmc              CLEAN  -     
formal_cover            CLEAN  -     
formal_csr_bmc          CLEAN  -     
formal_csr_cover        CLEAN  -     
formal_csr_prove        CLEAN  -     
formal_prove            CLEAN  -     
fusion_analysis_all     CLEAN  -     
lint_slang_suite        CLEAN  -     
lint_verilator_suite    CLEAN  -     
power_analysis_all      CLEAN  -     
power_estimate          CLEAN  -     
regression              CLEAN  -     
sdf                     CLEAN  -     
signoff.setup           CLEAN  -     
sim_post_syn_all        CLEAN  -     
sta                     CLEAN  -     
syn                     CLEAN  -     
syn.setup               CLEAN  -     
tb.setup                CLEAN  -     

Functional verification
Status           PASS             
Generated tests  12               
sv logs          12               
cocotb logs      12               
Coverage all     4042/6823  59.24%
Coverage design  1637/2302  71.11%
Test             SV    cocotb
auto_toggle      PASS  PASS  
corners          PASS  PASS  
fifo_reset       PASS  PASS  
line_loopback    PASS  PASS  
noise_filter     PASS  PASS  
parity_error     PASS  PASS  
parity_reconfig  PASS  PASS  
random_seed_1    PASS  PASS  
random_seed_2    PASS  PASS  
reconfig         PASS  PASS  
rx_fifo          PASS  PASS  
smoke            PASS  PASS  

Formal verification
Suite       Stage  Status  Time  Traces
csr         bmc    PASS      3s       0
csr         prove  PASS      0s       0
csr         cover  PASS      0s       6
properties  bmc    PASS      4s       0
properties  prove  PASS      0s       0
properties  cover  PASS      0s       8

Synthesis
Strategy         delay1                 
Netlist          syn/sky130/uart_synth.v
Cells            1248                   
Area             13800.736              
Sequential area  8931.0656              
Errors           0                      
Warnings         0                      

Pre-implementation sign-off
SDF                    PASS · corners=3             
STA                    PASS · ideal clock · none    
Gate-level simulation  9/9  PASS · interconnect none
Power estimate         PASS                         
Activity power         9/9  PASS                    
Timing / power fusion  9/9  PASS                    
STA QoR
Corner  Mode   Status   WNS (ns)   TNS (ns)  Viol  Unconstr
ss      setup  PASS    +0.000000  +0.000000     0         0
ss      hold   WARN    -0.490000  -1.960000     4         0
tt      setup  PASS    +0.000000  +0.000000     0         0
tt      hold   WARN    -0.300000  -1.220000     5         0
ff      setup  PASS    +0.000000  +0.000000     0         0
ff      hold   WARN    -0.190000  -0.780000     5         0
GLS matrix
Test        min      typ      max  
corners   PASS sv  PASS sv  PASS sv
reconfig  PASS sv  PASS sv  PASS sv
smoke     PASS sv  PASS sv  PASS sv
Power estimate
Corner  Internal (mW)  Switching (mW)  Leakage (µW)  Total (mW)
ss             +1.870          +0.409        +0.004      +2.280
tt             +2.030          +0.458        +1.790      +2.490
ff             +2.260          +0.532        +0.013      +2.790
Activity power workloads
Workload        Test      Backend  Timing  Status
corners_sv_ff   corners     sv      min    PASS  
reconfig_sv_ff  reconfig    sv      min    PASS  
smoke_sv_ff     smoke       sv      min    PASS  
corners_sv_tt   corners     sv      typ    PASS  
reconfig_sv_tt  reconfig    sv      typ    PASS  
smoke_sv_tt     smoke       sv      typ    PASS  
corners_sv_ss   corners     sv      max    PASS  
reconfig_sv_ss  reconfig    sv      max    PASS  
smoke_sv_ss     smoke       sv      max    PASS  
Timing / power fusion workloads
Workload        Test      Backend  Timing  Status
corners_sv_ff   corners     sv      min    PASS  
reconfig_sv_ff  reconfig    sv      min    PASS  
smoke_sv_ff     smoke       sv      min    PASS  
corners_sv_tt   corners     sv      typ    PASS  
reconfig_sv_tt  reconfig    sv      typ    PASS  
smoke_sv_tt     smoke       sv      typ    PASS  
corners_sv_ss   corners     sv      max    PASS  
reconfig_sv_ss  reconfig    sv      max    PASS  
smoke_sv_ss     smoke       sv      max    PASS  

Detailed metrics: /home/eneadim/github/flexsoc/hw/ips/uart/1.0.0/interfaces/.ip-save.uart.reg_iface.hyuo6d2q/reg_iface/meta/sky130/metrics.json
