analysis=power_analysis corner=tt stage=post_syn
workload=interrupt_levels_sv_tt
gls_report=/tmp/flexsoc-ip-v1-release-20260914/gpio-reg_iface/runs/gpio/release/dv/functional/sim/post_syn/sky130/gpio_post_syn_interrupt_levels_sv_tt.json
activity_file=/tmp/flexsoc-ip-v1-release-20260914/gpio-reg_iface/runs/gpio/release/signoff/sky130/power/activity/captures/gpio_sky130_interrupt_levels_sv_tt.vcd
activity_scope=gpio_tb/u_gpio
liberty=/home/eneadim/github/flexsoc/.flexsoc/pdks/ciel/sky130/versions/f6eeac7dad085ffcc829ccfd721f7b4ce39edcf7/sky130A/libs.ref/sky130_fd_sc_hd/lib/sky130_fd_sc_hd__tt_100C_1v80.lib
netlist=/tmp/flexsoc-ip-v1-release-20260914/gpio-reg_iface/runs/gpio/release/syn/sky130/gpio_synth.v
sdc=/tmp/flexsoc-ip-v1-release-20260914/gpio-reg_iface/runs/gpio/release/constraints/gpio.sdc
spef=

=== Units ===
 time 1ns
 capacitance 1pF
 resistance 1kohm
 voltage 1v
 current 1mA
 power 1nW
 distance 1um

=== Constraint validation ===

=== Activity annotation ===
annotated_percent=100.00%
Unannotated pins: none

=== Power summary ===
Group                  Internal  Switching    Leakage      Total
                          Power      Power      Power      Power (Watts)
----------------------------------------------------------------
Sequential             3.18e-04   4.20e-06   2.70e-07   3.23e-04  91.4%
Combinational          1.41e-05   1.61e-05   2.68e-07   3.05e-05   8.6%
Clock                  0.00e+00   0.00e+00   0.00e+00   0.00e+00   0.0%
Macro                  0.00e+00   0.00e+00   0.00e+00   0.00e+00   0.0%
Pad                    0.00e+00   0.00e+00   0.00e+00   0.00e+00   0.0%
----------------------------------------------------------------
Total                  3.32e-04   2.03e-05   5.38e-07   3.53e-04 100.0%
                          94.1%       5.8%       0.2%

=== FlexSoC normalized power fields ===
dynamic_power_definition=internal_power+switching_power
power_unit=OpenSTA report unit; see Units section
internal_power=0.000332
switching_power=2.03e-05
dynamic_power=0.0003523
leakage_power=5.38e-07
total_power=0.000353
