
==========================================================================
floorplan final report_tns
--------------------------------------------------------------------------
tns max 0.00

==========================================================================
floorplan final report_wns
--------------------------------------------------------------------------
wns max 0.00

==========================================================================
floorplan final report_worst_slack
--------------------------------------------------------------------------
worst slack max 5.61

==========================================================================
floorplan final report_clock_min_period
--------------------------------------------------------------------------
core period_min = 4.39 fmax = 228.04

==========================================================================
floorplan final report_checks -path_delay min
--------------------------------------------------------------------------
Startpoint: rst_ni (input port clocked by core)
Endpoint: _3848_ (removal check against rising-edge clock core)
Path Group: asynchronous
Path Type: min

Fanout     Cap    Slew   Delay    Time   Description
-----------------------------------------------------------------------------
                  0.00    0.05    0.05   clock core (rise edge)
                          0.05    0.10   clock network delay (ideal)
                          0.00    0.10 ^ input external delay
     4    0.02    0.00    0.00    0.10 ^ rst_ni (in)
                                         rst_ni (net)
                  0.00    0.00    0.10 ^ _3848_/RESET_B (sg13g2_dfrbpq_1)
                                  0.10   data arrival time

                  0.00    0.05    0.05   clock core (rise edge)
                          0.05    0.10   clock network delay (ideal)
                          0.01    0.11   clock uncertainty
                          0.00    0.11   clock reconvergence pessimism
                                  0.11 ^ _3848_/CLK (sg13g2_dfrbpq_1)
                         -0.10    0.01   library removal time
                                  0.01   data required time
-----------------------------------------------------------------------------
                                  0.01   data required time
                                 -0.10   data arrival time
-----------------------------------------------------------------------------
                                  0.09   slack (MET)


Startpoint: rx_i (input port clocked by core)
Endpoint: _3828_ (rising edge-triggered flip-flop clocked by core)
Path Group: core
Path Type: min

Fanout     Cap    Slew   Delay    Time   Description
-----------------------------------------------------------------------------
                  0.00    0.05    0.05   clock core (rise edge)
                          0.05    0.10   clock network delay (ideal)
                          0.00    0.10 ^ input external delay
     2    0.01    0.00    0.00    0.10 ^ rx_i (in)
                                         rx_i (net)
                  0.00    0.00    0.10 ^ _3256_/A (sg13g2_inv_1)
     1    0.00    0.01    0.02    0.12 v _3256_/Y (sg13g2_inv_1)
                                         _0050_ (net)
                  0.01    0.00    0.12 v _3828_/D (sg13g2_dfrbpq_1)
                                  0.12   data arrival time

                  0.00    0.05    0.05   clock core (rise edge)
                          0.05    0.10   clock network delay (ideal)
                          0.01    0.11   clock uncertainty
                          0.00    0.11   clock reconvergence pessimism
                                  0.11 ^ _3828_/CLK (sg13g2_dfrbpq_1)
                         -0.03    0.08   library hold time
                                  0.08   data required time
-----------------------------------------------------------------------------
                                  0.08   data required time
                                 -0.12   data arrival time
-----------------------------------------------------------------------------
                                  0.04   slack (MET)



==========================================================================
floorplan final report_checks -path_delay max
--------------------------------------------------------------------------
Startpoint: _3848_ (rising edge-triggered flip-flop clocked by core)
Endpoint: _3766_ (recovery check against rising-edge clock core)
Path Group: asynchronous
Path Type: max

Fanout     Cap    Slew   Delay    Time   Description
-----------------------------------------------------------------------------
                  0.00    0.05    0.05   clock core (rise edge)
                          0.05    0.10   clock network delay (ideal)
                  0.00    0.00    0.10 ^ _3848_/CLK (sg13g2_dfrbpq_1)
   196    1.00    4.03    2.91    3.01 ^ _3848_/Q (sg13g2_dfrbpq_1)
                                         reg_rst_ni (net)
                  4.03    0.00    3.01 ^ _3766_/RESET_B (sg13g2_dfrbpq_1)
                                  3.01   data arrival time

                  0.00   10.05   10.05   clock core (rise edge)
                          0.05   10.10   clock network delay (ideal)
                         -0.02   10.08   clock uncertainty
                          0.00   10.08   clock reconvergence pessimism
                                 10.08 ^ _3766_/CLK (sg13g2_dfrbpq_1)
                         -0.76    9.31   library recovery time
                                  9.31   data required time
-----------------------------------------------------------------------------
                                  9.31   data required time
                                 -3.01   data arrival time
-----------------------------------------------------------------------------
                                  6.30   slack (MET)


Startpoint: axi_lite_i[11] (input port clocked by core)
Endpoint: axi_lite_o[39] (output port clocked by core)
Path Group: core
Path Type: max

Fanout     Cap    Slew   Delay    Time   Description
-----------------------------------------------------------------------------
                  0.00    0.05    0.05   clock core (rise edge)
                          0.05    0.10   clock network delay (ideal)
                          2.00    2.10 ^ input external delay
     1    0.00    0.00    0.00    2.10 ^ axi_lite_i[11] (in)
                                         axi_lite_i[11] (net)
                  0.00    0.00    2.10 ^ _3631_/B (sg13g2_nand2_1)
     2    0.01    0.04    0.05    2.15 v _3631_/Y (sg13g2_nand2_1)
                                         _0801_ (net)
                  0.04    0.00    2.15 v _3632_/B1 (sg13g2_a21oi_1)
     6    0.02    0.20    0.18    2.32 ^ _3632_/Y (sg13g2_a21oi_1)
                                         u_uart_reg_axi_lite_o_39_ (net)
                  0.20    0.00    2.32 ^ _4229_/A (sg13g2_buf_1)
     1    0.01    0.06    0.14    2.46 ^ _4229_/X (sg13g2_buf_1)
                                         axi_lite_o[39] (net)
                  0.06    0.00    2.46 ^ axi_lite_o[39] (out)
                                  2.46   data arrival time

                  0.00   10.05   10.05   clock core (rise edge)
                          0.05   10.10   clock network delay (ideal)
                         -0.02   10.08   clock uncertainty
                          0.00   10.08   clock reconvergence pessimism
                         -2.00    8.08   output external delay
                                  8.08   data required time
-----------------------------------------------------------------------------
                                  8.08   data required time
                                 -2.46   data arrival time
-----------------------------------------------------------------------------
                                  5.61   slack (MET)



==========================================================================
floorplan final report_checks -unconstrained
--------------------------------------------------------------------------
Startpoint: _3848_ (rising edge-triggered flip-flop clocked by core)
Endpoint: _3766_ (recovery check against rising-edge clock core)
Path Group: asynchronous
Path Type: max

Fanout     Cap    Slew   Delay    Time   Description
-----------------------------------------------------------------------------
                  0.00    0.05    0.05   clock core (rise edge)
                          0.05    0.10   clock network delay (ideal)
                  0.00    0.00    0.10 ^ _3848_/CLK (sg13g2_dfrbpq_1)
   196    1.00    4.03    2.91    3.01 ^ _3848_/Q (sg13g2_dfrbpq_1)
                                         reg_rst_ni (net)
                  4.03    0.00    3.01 ^ _3766_/RESET_B (sg13g2_dfrbpq_1)
                                  3.01   data arrival time

                  0.00   10.05   10.05   clock core (rise edge)
                          0.05   10.10   clock network delay (ideal)
                         -0.02   10.08   clock uncertainty
                          0.00   10.08   clock reconvergence pessimism
                                 10.08 ^ _3766_/CLK (sg13g2_dfrbpq_1)
                         -0.76    9.31   library recovery time
                                  9.31   data required time
-----------------------------------------------------------------------------
                                  9.31   data required time
                                 -3.01   data arrival time
-----------------------------------------------------------------------------
                                  6.30   slack (MET)


Startpoint: axi_lite_i[11] (input port clocked by core)
Endpoint: axi_lite_o[39] (output port clocked by core)
Path Group: core
Path Type: max

Fanout     Cap    Slew   Delay    Time   Description
-----------------------------------------------------------------------------
                  0.00    0.05    0.05   clock core (rise edge)
                          0.05    0.10   clock network delay (ideal)
                          2.00    2.10 ^ input external delay
     1    0.00    0.00    0.00    2.10 ^ axi_lite_i[11] (in)
                                         axi_lite_i[11] (net)
                  0.00    0.00    2.10 ^ _3631_/B (sg13g2_nand2_1)
     2    0.01    0.04    0.05    2.15 v _3631_/Y (sg13g2_nand2_1)
                                         _0801_ (net)
                  0.04    0.00    2.15 v _3632_/B1 (sg13g2_a21oi_1)
     6    0.02    0.20    0.18    2.32 ^ _3632_/Y (sg13g2_a21oi_1)
                                         u_uart_reg_axi_lite_o_39_ (net)
                  0.20    0.00    2.32 ^ _4229_/A (sg13g2_buf_1)
     1    0.01    0.06    0.14    2.46 ^ _4229_/X (sg13g2_buf_1)
                                         axi_lite_o[39] (net)
                  0.06    0.00    2.46 ^ axi_lite_o[39] (out)
                                  2.46   data arrival time

                  0.00   10.05   10.05   clock core (rise edge)
                          0.05   10.10   clock network delay (ideal)
                         -0.02   10.08   clock uncertainty
                          0.00   10.08   clock reconvergence pessimism
                         -2.00    8.08   output external delay
                                  8.08   data required time
-----------------------------------------------------------------------------
                                  8.08   data required time
                                 -2.46   data arrival time
-----------------------------------------------------------------------------
                                  5.61   slack (MET)



==========================================================================
floorplan final report_power
--------------------------------------------------------------------------
Group                  Internal  Switching    Leakage      Total
                          Power      Power      Power      Power (Watts)
----------------------------------------------------------------
Sequential             3.31e-03   1.73e-04   2.33e-07   3.48e-03  74.2%
Combinational          6.23e-04   5.87e-04   2.25e-07   1.21e-03  25.8%
Clock                  0.00e+00   0.00e+00   0.00e+00   0.00e+00   0.0%
Macro                  0.00e+00   0.00e+00   0.00e+00   0.00e+00   0.0%
Pad                    0.00e+00   0.00e+00   0.00e+00   0.00e+00   0.0%
----------------------------------------------------------------
Total                  3.93e-03   7.60e-04   4.58e-07   4.69e-03 100.0%
                          83.8%      16.2%       0.0%
