FlexSoC CDC/RDC structural analysis
top=uart_master
status=fail
clock_domains=1
reset_domains=5
sequential_elements=85
dependencies=49515
verification_obligations=1

[CDC]

[RDC]
RDC-0001 ERROR uncontrolled_rdc $auto$ff.cc:337:slice$1092[0] -> $auto$ff.cc:337:slice$1142[0] issues=different_reset_domains_without_recognized_protection obligations=- evidence=width=15
RDC-0002 ERROR uncontrolled_rdc $auto$ff.cc:337:slice$1113[0] -> $driver$u_uart_master_core.u_uart_core.nco_sum_q[0] issues=different_reset_domains_without_recognized_protection obligations=- evidence=width=272
RDC-0003 ERROR uncontrolled_rdc $auto$ff.cc:337:slice$1114[0] -> $auto$ff.cc:337:slice$1138[0] issues=different_reset_domains_without_recognized_protection obligations=- evidence=width=128
RDC-0004 ERROR uncontrolled_rdc $auto$ff.cc:337:slice$1114[0] -> $driver$u_uart_master_core.u_host_bridge.tx_idx_q[0] issues=different_reset_domains_without_recognized_protection obligations=- evidence=width=16
RDC-0005 ERROR uncontrolled_rdc $auto$ff.cc:337:slice$1114[0] -> $driver$u_uart_master_core.u_host_bridge.tx_st_q[0] issues=different_reset_domains_without_recognized_protection obligations=- evidence=width=8
RDC-0006 ERROR uncontrolled_rdc $auto$ff.cc:337:slice$1117[0] -> $auto$ff.cc:337:slice$1142[0] issues=different_reset_domains_without_recognized_protection obligations=- evidence=width=5
RDC-0007 ERROR uncontrolled_rdc $auto$ff.cc:337:slice$1142[0] -> $auto$ff.cc:337:slice$1092[0] issues=different_reset_domains_without_recognized_protection obligations=- evidence=width=15
RDC-0008 ERROR uncontrolled_rdc $auto$ff.cc:337:slice$1142[0] -> $auto$ff.cc:337:slice$1123[0] issues=different_reset_domains_without_recognized_protection obligations=- evidence=width=10
RDC-0009 ERROR uncontrolled_rdc $auto$ff.cc:337:slice$1142[0] -> $auto$ff.cc:337:slice$1138[0] issues=different_reset_domains_without_recognized_protection obligations=- evidence=width=160
RDC-0010 ERROR uncontrolled_rdc $auto$ff.cc:337:slice$1142[0] -> $auto$ff.cc:337:slice$1159[0] issues=different_reset_domains_without_recognized_protection obligations=- evidence=width=160
RDC-0011 ERROR uncontrolled_rdc $auto$ff.cc:337:slice$1142[0] -> $auto$ff.cc:337:slice$1166[0] issues=different_reset_domains_without_recognized_protection obligations=- evidence=width=40
RDC-0012 ERROR uncontrolled_rdc $auto$ff.cc:337:slice$1142[0] -> $auto$ff.cc:337:slice$1186[0] issues=different_reset_domains_without_recognized_protection obligations=- evidence=width=40
RDC-0013 ERROR uncontrolled_rdc $auto$ff.cc:337:slice$1142[0] -> $auto$ff.cc:337:slice$1192[24] issues=different_reset_domains_without_recognized_protection obligations=- evidence=width=40
RDC-0014 ERROR uncontrolled_rdc $auto$ff.cc:337:slice$1142[0] -> $auto$ff.cc:337:slice$1195[0] issues=different_reset_domains_without_recognized_protection obligations=- evidence=width=160
RDC-0015 ERROR uncontrolled_rdc $auto$ff.cc:337:slice$1142[0] -> $auto$ff.cc:337:slice$1211[0] issues=different_reset_domains_without_recognized_protection obligations=- evidence=width=20
RDC-0016 ERROR uncontrolled_rdc $auto$ff.cc:337:slice$1142[0] -> $auto$ff.cc:337:slice$1229[0] issues=different_reset_domains_without_recognized_protection obligations=- evidence=width=5
RDC-0017 ERROR uncontrolled_rdc $auto$ff.cc:337:slice$1145[0] -> $auto$ff.cc:337:slice$1138[0] issues=different_reset_domains_without_recognized_protection obligations=- evidence=width=128
RDC-0018 ERROR uncontrolled_rdc $auto$ff.cc:337:slice$1170[0] -> $auto$ff.cc:337:slice$1271[0] issues=different_reset_domains_without_recognized_protection obligations=- evidence=width=11
RDC-0019 ERROR uncontrolled_rdc $auto$ff.cc:337:slice$1170[0] -> $auto$ff.cc:337:slice$1278[0] issues=different_reset_domains_without_recognized_protection obligations=- evidence=width=4
RDC-0020 ERROR uncontrolled_rdc $auto$ff.cc:337:slice$1170[0] -> $auto$ff.cc:337:slice$1281[0] issues=different_reset_domains_without_recognized_protection obligations=- evidence=width=4
RDC-0021 ERROR uncontrolled_rdc $auto$ff.cc:337:slice$1170[0] -> $auto$ff.cc:337:slice$1284[0] issues=different_reset_domains_without_recognized_protection obligations=- evidence=width=1
RDC-0022 ERROR uncontrolled_rdc $auto$ff.cc:337:slice$1170[0] -> $driver$u_uart_master_core.u_uart_core.tx_out_q[0] issues=different_reset_domains_without_recognized_protection obligations=- evidence=width=1
RDC-0023 ERROR uncontrolled_rdc $auto$ff.cc:337:slice$1170[0] -> $driver$u_uart_master_core.u_uart_core.uart_rx.tick_baud_q[0] issues=different_reset_domains_without_recognized_protection obligations=- evidence=width=1
RDC-0024 ERROR uncontrolled_rdc $auto$ff.cc:337:slice$1173[0] -> $auto$ff.cc:337:slice$1149[0] issues=different_reset_domains_without_recognized_protection obligations=- evidence=width=11
RDC-0025 ERROR uncontrolled_rdc $auto$ff.cc:337:slice$1173[0] -> $auto$ff.cc:337:slice$1265[0] issues=different_reset_domains_without_recognized_protection obligations=- evidence=width=5
RDC-0026 ERROR uncontrolled_rdc $auto$ff.cc:337:slice$1185[0] -> $auto$ff.cc:337:slice$1145[0] issues=different_reset_domains_without_recognized_protection obligations=- evidence=width=4
RDC-0027 ERROR uncontrolled_rdc $auto$ff.cc:337:slice$1185[0] -> $auto$ff.cc:337:slice$1149[0] issues=different_reset_domains_without_recognized_protection obligations=- evidence=width=11
RDC-0028 ERROR uncontrolled_rdc $auto$ff.cc:337:slice$1185[0] -> $auto$ff.cc:337:slice$1265[0] issues=different_reset_domains_without_recognized_protection obligations=- evidence=width=5
RDC-0029 ERROR uncontrolled_rdc $auto$ff.cc:337:slice$1185[0] -> $auto$ff.cc:337:slice$1271[0] issues=different_reset_domains_without_recognized_protection obligations=- evidence=width=11
RDC-0030 ERROR uncontrolled_rdc $auto$ff.cc:337:slice$1185[0] -> $auto$ff.cc:337:slice$1278[0] issues=different_reset_domains_without_recognized_protection obligations=- evidence=width=4
RDC-0031 ERROR uncontrolled_rdc $auto$ff.cc:337:slice$1185[0] -> $auto$ff.cc:337:slice$1284[0] issues=different_reset_domains_without_recognized_protection obligations=- evidence=width=1
RDC-0032 ERROR uncontrolled_rdc $auto$ff.cc:337:slice$1190[0] -> $auto$ff.cc:337:slice$1142[0] issues=different_reset_domains_without_recognized_protection obligations=- evidence=width=5
RDC-0033 ERROR uncontrolled_rdc $auto$ff.cc:337:slice$1190[0] -> $auto$ff.cc:337:slice$1265[0] issues=different_reset_domains_without_recognized_protection obligations=- evidence=width=5
RDC-0034 ERROR uncontrolled_rdc $auto$ff.cc:337:slice$1227[0] -> $auto$ff.cc:337:slice$1114[0] issues=different_reset_domains_without_recognized_protection obligations=- evidence=width=4
RDC-0035 ERROR uncontrolled_rdc $auto$ff.cc:337:slice$1227[0] -> $auto$ff.cc:337:slice$1145[0] issues=different_reset_domains_without_recognized_protection obligations=- evidence=width=4
RDC-0036 ERROR uncontrolled_rdc $auto$ff.cc:337:slice$1227[0] -> $auto$ff.cc:337:slice$1149[0] issues=different_reset_domains_without_recognized_protection obligations=- evidence=width=11
RDC-0037 ERROR uncontrolled_rdc $auto$ff.cc:337:slice$1227[0] -> $auto$ff.cc:337:slice$1174[0] issues=different_reset_domains_without_recognized_protection obligations=- evidence=width=1
RDC-0038 ERROR uncontrolled_rdc $auto$ff.cc:337:slice$1244[0] -> $auto$ff.cc:337:slice$1271[0] issues=different_reset_domains_without_recognized_protection obligations=- evidence=width=11
RDC-0039 ERROR uncontrolled_rdc $auto$ff.cc:337:slice$1244[0] -> $auto$ff.cc:337:slice$1278[0] issues=different_reset_domains_without_recognized_protection obligations=- evidence=width=4
RDC-0040 ERROR uncontrolled_rdc $auto$ff.cc:337:slice$1244[0] -> $auto$ff.cc:337:slice$1281[0] issues=different_reset_domains_without_recognized_protection obligations=- evidence=width=4
RDC-0041 ERROR uncontrolled_rdc $auto$ff.cc:337:slice$1244[0] -> $auto$ff.cc:337:slice$1284[0] issues=different_reset_domains_without_recognized_protection obligations=- evidence=width=1
RDC-0042 ERROR uncontrolled_rdc $auto$ff.cc:337:slice$1244[0] -> $driver$u_uart_master_core.u_uart_core.uart_rx.tick_baud_q[0] issues=different_reset_domains_without_recognized_protection obligations=- evidence=width=1
RDC-0043 ERROR uncontrolled_rdc $auto$ff.cc:337:slice$1260[0] -> $auto$ff.cc:337:slice$1114[0] issues=different_reset_domains_without_recognized_protection obligations=- evidence=width=4
RDC-0044 ERROR uncontrolled_rdc $auto$ff.cc:337:slice$1260[0] -> $auto$ff.cc:337:slice$1261[0] issues=different_reset_domains_without_recognized_protection obligations=- evidence=width=4
RDC-0045 ERROR uncontrolled_rdc $auto$ff.cc:337:slice$1261[0] -> $auto$ff.cc:337:slice$1138[0] issues=different_reset_domains_without_recognized_protection obligations=- evidence=width=128
RDC-0046 ERROR uncontrolled_rdc $auto$ff.cc:337:slice$1261[0] -> $driver$u_uart_master_core.u_host_bridge.tx_idx_q[0] issues=different_reset_domains_without_recognized_protection obligations=- evidence=width=16
RDC-0047 ERROR uncontrolled_rdc $auto$ff.cc:337:slice$1261[0] -> $driver$u_uart_master_core.u_host_bridge.tx_st_q[0] issues=different_reset_domains_without_recognized_protection obligations=- evidence=width=8
RDC-0048 ERROR uncontrolled_rdc $auto$ff.cc:337:slice$1265[0] -> $auto$ff.cc:337:slice$1092[0] issues=different_reset_domains_without_recognized_protection obligations=- evidence=width=15
RDC-0049 ERROR uncontrolled_rdc $auto$ff.cc:337:slice$1265[0] -> $auto$ff.cc:337:slice$1123[0] issues=different_reset_domains_without_recognized_protection obligations=- evidence=width=10
RDC-0050 ERROR uncontrolled_rdc $auto$ff.cc:337:slice$1265[0] -> $auto$ff.cc:337:slice$1138[0] issues=different_reset_domains_without_recognized_protection obligations=- evidence=width=160
RDC-0051 ERROR uncontrolled_rdc $auto$ff.cc:337:slice$1265[0] -> $auto$ff.cc:337:slice$1159[0] issues=different_reset_domains_without_recognized_protection obligations=- evidence=width=160
RDC-0052 ERROR uncontrolled_rdc $auto$ff.cc:337:slice$1265[0] -> $auto$ff.cc:337:slice$1166[0] issues=different_reset_domains_without_recognized_protection obligations=- evidence=width=40
RDC-0053 ERROR uncontrolled_rdc $auto$ff.cc:337:slice$1265[0] -> $auto$ff.cc:337:slice$1186[0] issues=different_reset_domains_without_recognized_protection obligations=- evidence=width=40
RDC-0054 ERROR uncontrolled_rdc $auto$ff.cc:337:slice$1265[0] -> $auto$ff.cc:337:slice$1192[24] issues=different_reset_domains_without_recognized_protection obligations=- evidence=width=40
RDC-0055 ERROR uncontrolled_rdc $auto$ff.cc:337:slice$1265[0] -> $auto$ff.cc:337:slice$1195[0] issues=different_reset_domains_without_recognized_protection obligations=- evidence=width=160
RDC-0056 ERROR uncontrolled_rdc $auto$ff.cc:337:slice$1265[0] -> $auto$ff.cc:337:slice$1211[0] issues=different_reset_domains_without_recognized_protection obligations=- evidence=width=20
RDC-0057 ERROR uncontrolled_rdc $auto$ff.cc:337:slice$1265[0] -> $auto$ff.cc:337:slice$1229[0] issues=different_reset_domains_without_recognized_protection obligations=- evidence=width=5
RDC-0058 ERROR uncontrolled_rdc $auto$ff.cc:337:slice$1268[0] -> $auto$ff.cc:337:slice$1271[0] issues=different_reset_domains_without_recognized_protection obligations=- evidence=width=11
RDC-0059 ERROR uncontrolled_rdc $auto$ff.cc:337:slice$1268[0] -> $auto$ff.cc:337:slice$1278[0] issues=different_reset_domains_without_recognized_protection obligations=- evidence=width=4
RDC-0060 ERROR uncontrolled_rdc $auto$ff.cc:337:slice$1268[0] -> $auto$ff.cc:337:slice$1281[0] issues=different_reset_domains_without_recognized_protection obligations=- evidence=width=4
RDC-0061 ERROR uncontrolled_rdc $auto$ff.cc:337:slice$1268[0] -> $auto$ff.cc:337:slice$1284[0] issues=different_reset_domains_without_recognized_protection obligations=- evidence=width=1
RDC-0062 ERROR uncontrolled_rdc $auto$ff.cc:337:slice$1268[0] -> $driver$u_uart_master_core.u_uart_core.uart_rx.tick_baud_q[0] issues=different_reset_domains_without_recognized_protection obligations=- evidence=width=1
RDC-0063 ERROR uncontrolled_rdc $auto$ff.cc:337:slice$1284[0] -> $auto$ff.cc:337:slice$1138[0] issues=different_reset_domains_without_recognized_protection obligations=- evidence=width=32
RDC-0064 ERROR uncontrolled_rdc $driver$u_uart_master_core.u_host_bridge.tx_st_q[0] -> $auto$ff.cc:337:slice$1261[0] issues=different_reset_domains_without_recognized_protection obligations=- evidence=width=8
RDC-0065 ERROR uncontrolled_rdc $driver$u_uart_master_core.u_uart_core.u_uart_rxfifo.gen_normal_fifo.under_rst[0] -> $auto$ff.cc:337:slice$1092[0] issues=different_reset_domains_without_recognized_protection obligations=- evidence=width=3
RDC-0066 ERROR uncontrolled_rdc $driver$u_uart_master_core.u_uart_core.u_uart_rxfifo.gen_normal_fifo.under_rst[0] -> $auto$ff.cc:337:slice$1123[0] issues=different_reset_domains_without_recognized_protection obligations=- evidence=width=2
RDC-0067 ERROR uncontrolled_rdc $driver$u_uart_master_core.u_uart_core.u_uart_rxfifo.gen_normal_fifo.under_rst[0] -> $auto$ff.cc:337:slice$1138[0] issues=different_reset_domains_without_recognized_protection obligations=- evidence=width=32
RDC-0068 ERROR uncontrolled_rdc $driver$u_uart_master_core.u_uart_core.u_uart_rxfifo.gen_normal_fifo.under_rst[0] -> $auto$ff.cc:337:slice$1159[0] issues=different_reset_domains_without_recognized_protection obligations=- evidence=width=32
RDC-0069 ERROR uncontrolled_rdc $driver$u_uart_master_core.u_uart_core.u_uart_rxfifo.gen_normal_fifo.under_rst[0] -> $auto$ff.cc:337:slice$1195[0] issues=different_reset_domains_without_recognized_protection obligations=- evidence=width=32
RDC-0070 ERROR uncontrolled_rdc $driver$u_uart_master_core.u_uart_core.u_uart_rxfifo.gen_normal_fifo.under_rst[0] -> $auto$ff.cc:337:slice$1211[0] issues=different_reset_domains_without_recognized_protection obligations=- evidence=width=4
RDC-0071 ERROR uncontrolled_rdc $driver$u_uart_master_core.u_uart_core.u_uart_rxfifo.gen_normal_fifo.under_rst[0] -> $auto$ff.cc:337:slice$1229[0] issues=different_reset_domains_without_recognized_protection obligations=- evidence=width=1
RDC-0072 ERROR uncontrolled_rdc $driver$u_uart_master_core.u_uart_core.u_uart_txfifo.gen_normal_fifo.under_rst[0] -> $auto$ff.cc:337:slice$1138[0] issues=different_reset_domains_without_recognized_protection obligations=- evidence=width=32
RDC-0073 ERROR uncontrolled_rdc $driver$u_uart_master_core.u_uart_core.u_uart_txfifo.gen_normal_fifo.under_rst[0] -> $driver$u_uart_master_core.u_host_bridge.tx_idx_q[0] issues=different_reset_domains_without_recognized_protection obligations=- evidence=width=4
RDC-0074 ERROR uncontrolled_rdc $driver$u_uart_master_core.u_uart_core.u_uart_txfifo.gen_normal_fifo.under_rst[0] -> $driver$u_uart_master_core.u_host_bridge.tx_st_q[0] issues=different_reset_domains_without_recognized_protection obligations=- evidence=width=2
RDC-0075 ERROR uncontrolled_rdc $driver$u_uart_master_reg.u_reg_core.u_fifo_ctrl0_qe.q_o[0] -> $auto$ff.cc:337:slice$1114[0] issues=different_reset_domains_without_recognized_protection obligations=- evidence=width=4
RDC-0076 ERROR uncontrolled_rdc $driver$u_uart_master_reg.u_reg_core.u_fifo_ctrl0_qe.q_o[0] -> $auto$ff.cc:337:slice$1142[0] issues=different_reset_domains_without_recognized_protection obligations=- evidence=width=5
RDC-0077 ERROR uncontrolled_rdc $driver$u_uart_master_reg.u_reg_core.u_fifo_ctrl0_qe.q_o[0] -> $auto$ff.cc:337:slice$1261[0] issues=different_reset_domains_without_recognized_protection obligations=- evidence=width=4
RDC-0078 ERROR uncontrolled_rdc $driver$u_uart_master_reg.u_reg_core.u_fifo_ctrl0_qe.q_o[0] -> $auto$ff.cc:337:slice$1265[0] issues=different_reset_domains_without_recognized_protection obligations=- evidence=width=5
RDC-0079 ERROR uncontrolled_rdc $driver$u_uart_master_reg.u_reg_core.u_wdata0_qe.q_o[0] -> $auto$ff.cc:337:slice$1261[0] issues=different_reset_domains_without_recognized_protection obligations=- evidence=width=4
RDC-0080 SAFE reset_synchronizer issues=- obligations=- evidence=clock_domain=core,reset=rst_ni,stages=2,consumers=1
RDC-0081 REVIEW reset_sequence_or_control_required issues=- obligations=specify_reset_assertion_sequence_or_rdc_blocking_control evidence=-

[setup]
SETUP-0001 REVIEW multiple_reset_domains_on_clock issues=clock_domain=core obligations=- evidence=core_rst_sync_ni,reg_rst_ni,rst_ni,u_uart_master_core.host_rst_ni,u_uart_master_core.u_host_bridge.bus_rst_ni

[glitch]
