analysis=power_analysis corner=ss stage=post_syn
workload=parity_reconfig_sv_ss
gls_report=/home/eneadim/github/flexsoc/runs/uart/refresh_tlul_repo/dv/functional/sim/post_syn/ihp-sg13g2/uart_post_syn_parity_reconfig_sv_ss.json
activity_file=/home/eneadim/github/flexsoc/runs/uart/refresh_tlul_repo/signoff/ihp-sg13g2/power/activity/captures/uart_ihp-sg13g2_parity_reconfig_sv_ss.vcd
activity_scope=uart_tb/u_uart
liberty=/home/eneadim/github/flexsoc/.flexsoc/pdks/ihp-sg13g2/ihp-sg13g2/libs.ref/sg13g2_stdcell/lib/sg13g2_stdcell_slow_1p35V_125C.lib
netlist=/home/eneadim/github/flexsoc/runs/uart/refresh_tlul_repo/syn/ihp-sg13g2/uart_synth.v
sdc=/home/eneadim/github/flexsoc/runs/uart/refresh_tlul_repo/constraints/uart.sdc
spef=

=== Units ===
 time 1ns
 capacitance 1pF
 resistance 1kohm
 voltage 1v
 current 1uA
 power 1pW
 distance 1um

=== Constraint validation ===

=== Activity annotation ===
annotated_percent=100.00%
Unannotated pins: none

=== Power summary ===
Group                  Internal  Switching    Leakage      Total
                          Power      Power      Power      Power (Watts)
----------------------------------------------------------------
Sequential             2.52e-03   3.99e-06   1.29e-06   2.52e-03  99.3%
Combinational          9.15e-06   8.88e-06   1.01e-06   1.90e-05   0.7%
Clock                  0.00e+00   0.00e+00   0.00e+00   0.00e+00   0.0%
Macro                  0.00e+00   0.00e+00   0.00e+00   0.00e+00   0.0%
Pad                    0.00e+00   0.00e+00   0.00e+00   0.00e+00   0.0%
----------------------------------------------------------------
Total                  2.53e-03   1.29e-05   2.30e-06   2.54e-03 100.0%
                          99.4%       0.5%       0.1%

=== FlexSoC normalized power fields ===
dynamic_power_definition=internal_power+switching_power
power_unit=OpenSTA report unit; see Units section
internal_power=0.00253
switching_power=1.29e-05
dynamic_power=0.0025429000000000003
leakage_power=2.3e-06
total_power=0.00254
