analysis=power_analysis corner=tt stage=post_syn
workload=quadrant_sweep_sv_tt
gls_report=/home/eneadim/github/flexsoc/workspace/runs/cordic/dev/dv/functional/sim/post_syn/ihp-sg13g2/cordic_post_syn_quadrant_sweep_sv_tt.json
activity_file=/home/eneadim/github/flexsoc/workspace/runs/cordic/dev/signoff/ihp-sg13g2/power/activity/captures/cordic_ihp-sg13g2_quadrant_sweep_sv_tt.vcd
activity_scope=cordic_tb/u_cordic
liberty=/home/eneadim/github/flexsoc/.flexsoc/pdks/ihp-sg13g2/ihp-sg13g2/libs.ref/sg13g2_stdcell/lib/sg13g2_stdcell_typ_1p50V_25C.lib
netlist=/home/eneadim/github/flexsoc/workspace/runs/cordic/dev/syn/ihp-sg13g2/cordic_synth.v
sdc=/home/eneadim/github/flexsoc/workspace/runs/cordic/dev/signoff/ihp-sg13g2/cordic.sdc
spef=

=== Units ===
 time 1ns
 capacitance 1pF
 resistance 1kohm
 voltage 1v
 current 1uA
 power 1pW
 distance 1um

=== Constraint validation ===

=== Activity annotation ===
annotated_percent=100.00%
Unannotated pins: none

=== Power summary ===
Group                  Internal  Switching    Leakage      Total
                          Power      Power      Power      Power (Watts)
----------------------------------------------------------------
Sequential             2.52e-03   4.40e-06   4.34e-07   2.52e-03  96.5%
Combinational          4.33e-05   4.66e-05   7.37e-07   9.06e-05   3.5%
Clock                  0.00e+00   0.00e+00   0.00e+00   0.00e+00   0.0%
Macro                  0.00e+00   0.00e+00   0.00e+00   0.00e+00   0.0%
Pad                    0.00e+00   0.00e+00   0.00e+00   0.00e+00   0.0%
----------------------------------------------------------------
Total                  2.56e-03   5.10e-05   1.17e-06   2.61e-03 100.0%
                          98.0%       2.0%       0.0%

=== Highest-power instances ===
   Internal  Switching    Leakage      Total
      Power      Power      Power      Power (Watts)
--------------------------------------------
   8.58e-06   1.91e-06   1.46e-09   1.05e-05 _4789_
   9.81e-06   1.88e-09   1.56e-09   9.81e-06 _4716_
   9.80e-06   2.99e-10   1.56e-09   9.80e-06 _4770_
   9.77e-06   1.12e-09   1.56e-09   9.77e-06 _4612_
   9.64e-06   2.76e-09   1.56e-09   9.64e-06 _4896_
   9.40e-06   4.25e-08   1.55e-09   9.45e-06 _4829_
   9.39e-06   4.05e-08   1.55e-09   9.43e-06 _4811_
   9.41e-06   5.51e-09   1.55e-09   9.41e-06 _4738_
   9.40e-06   5.51e-09   1.55e-09   9.40e-06 _4748_
   9.39e-06   6.12e-09   1.55e-09   9.40e-06 _4743_
   9.39e-06   5.51e-09   1.55e-09   9.39e-06 _4741_
   9.38e-06   6.12e-09   1.55e-09   9.39e-06 _4740_
   9.38e-06   4.90e-09   1.55e-09   9.39e-06 _4747_
   9.38e-06   4.90e-09   1.55e-09   9.39e-06 _4757_
   9.37e-06   5.51e-09   1.55e-09   9.38e-06 _4759_
   9.37e-06   5.51e-09   1.55e-09   9.38e-06 _4753_
   9.37e-06   5.51e-09   1.55e-09   9.38e-06 _4768_
   9.37e-06   5.51e-09   1.55e-09   9.38e-06 _4754_
   9.37e-06   5.51e-09   1.55e-09   9.38e-06 _4755_
   9.37e-06   5.51e-09   1.55e-09   9.38e-06 _4756_

=== FlexSoC normalized power fields ===
dynamic_power_definition=internal_power+switching_power
power_unit=OpenSTA report unit; see Units section
internal_power=0.00256
switching_power=5.1e-05
dynamic_power=0.002611
leakage_power=1.17e-06
total_power=0.00261
