OpenSTA 2.7.0 d7cb9be1ca Copyright (c) 2025, Parallax Software, Inc.
License GPLv3: GNU GPL version 3 <http://gnu.org/licenses/gpl.html>

This is free software, and you are free to change and redistribute it
under certain conditions; type `show_copying' for details. 
This program comes with ABSOLUTELY NO WARRANTY; for details type `show_warranty'.

===========================================================================
Define corners Slowest Typical Fastest
===========================================================================

define_corners Slowest Typical Fastest

===========================================================================
Read liberty files
===========================================================================

read_liberty -corner Slowest lib/sky130_fd_sc_hd__ss_100C_1v40.lib
read_liberty -corner Typical lib/sky130_fd_sc_hd__tt_025C_1v80.lib
read_liberty -corner Fastest lib/sky130_fd_sc_hd__ff_n40C_1v95.lib

===========================================================================
Read verilog and link top module
===========================================================================

read_verilog syn/cache_wrapper_synth.v
link_design cache_wrapper

===========================================================================
Read SDC
===========================================================================

read_sdc ors/cache_wrapper.sdc


===========================================================================
(Probability Power Analysis) report_power
============================================================================
set_power_activity -input -activity .10
set_power_activity -input_port rst_ni -activity 0

======================= Fastest Corner ===================================
Group                  Internal  Switching    Leakage      Total
                          Power      Power      Power      Power (Watts)
----------------------------------------------------------------
Sequential             5.89e-02   5.60e-06   4.25e-07   5.89e-02  60.2%
Combinational          3.77e-02   1.20e-03   7.30e-08   3.89e-02  39.8%
Clock                  0.00e+00   0.00e+00   0.00e+00   0.00e+00   0.0%
Macro                  0.00e+00   0.00e+00   0.00e+00   0.00e+00   0.0%
Pad                    0.00e+00   0.00e+00   0.00e+00   0.00e+00   0.0%
----------------------------------------------------------------
Total                  9.67e-02   1.21e-03   4.98e-07   9.79e-02 100.0%
                          98.8%       1.2%       0.0%


======================= Slowest Corner ===================================
Group                  Internal  Switching    Leakage      Total
                          Power      Power      Power      Power (Watts)
----------------------------------------------------------------
Sequential             2.74e-02   2.74e-06   2.44e-04   2.77e-02  92.7%
Combinational          1.57e-03   5.86e-04   2.68e-05   2.19e-03   7.3%
Clock                  0.00e+00   0.00e+00   0.00e+00   0.00e+00   0.0%
Macro                  0.00e+00   0.00e+00   0.00e+00   0.00e+00   0.0%
Pad                    0.00e+00   0.00e+00   0.00e+00   0.00e+00   0.0%
----------------------------------------------------------------
Total                  2.90e-02   5.89e-04   2.70e-04   2.98e-02 100.0%
                          97.1%       2.0%       0.9%


======================= Typical Corner ===================================
Group                  Internal  Switching    Leakage      Total
                          Power      Power      Power      Power (Watts)
----------------------------------------------------------------
Sequential             5.03e-02   4.75e-06   1.99e-07   5.03e-02  82.1%
Combinational          9.92e-03   1.01e-03   3.18e-08   1.09e-02  17.9%
Clock                  0.00e+00   0.00e+00   0.00e+00   0.00e+00   0.0%
Macro                  0.00e+00   0.00e+00   0.00e+00   0.00e+00   0.0%
Pad                    0.00e+00   0.00e+00   0.00e+00   0.00e+00   0.0%
----------------------------------------------------------------
Total                  6.02e-02   1.02e-03   2.31e-07   6.12e-02 100.0%
                          98.3%       1.7%       0.0%

===========================================================================
(VCD Power Analysis) report_power
============================================================================
read_vcd -scope cache_wrapper_tb/u_cache_wrapper sim/cache_wrapper_tb.vcd
Annotated 0 pin activities.

======================= Fastest Corner ===================================
Group                  Internal  Switching    Leakage      Total
                          Power      Power      Power      Power (Watts)
----------------------------------------------------------------
Sequential             5.89e-02   5.60e-06   4.25e-07   5.89e-02  60.2%
Combinational          3.77e-02   1.20e-03   7.30e-08   3.89e-02  39.8%
Clock                  0.00e+00   0.00e+00   0.00e+00   0.00e+00   0.0%
Macro                  0.00e+00   0.00e+00   0.00e+00   0.00e+00   0.0%
Pad                    0.00e+00   0.00e+00   0.00e+00   0.00e+00   0.0%
----------------------------------------------------------------
Total                  9.67e-02   1.21e-03   4.98e-07   9.79e-02 100.0%
                          98.8%       1.2%       0.0%


======================= Slowest Corner ===================================
Group                  Internal  Switching    Leakage      Total
                          Power      Power      Power      Power (Watts)
----------------------------------------------------------------
Sequential             2.74e-02   2.74e-06   2.44e-04   2.77e-02  92.7%
Combinational          1.57e-03   5.86e-04   2.68e-05   2.19e-03   7.3%
Clock                  0.00e+00   0.00e+00   0.00e+00   0.00e+00   0.0%
Macro                  0.00e+00   0.00e+00   0.00e+00   0.00e+00   0.0%
Pad                    0.00e+00   0.00e+00   0.00e+00   0.00e+00   0.0%
----------------------------------------------------------------
Total                  2.90e-02   5.89e-04   2.70e-04   2.98e-02 100.0%
                          97.1%       2.0%       0.9%


======================= Typical Corner ===================================
Group                  Internal  Switching    Leakage      Total
                          Power      Power      Power      Power (Watts)
----------------------------------------------------------------
Sequential             5.03e-02   4.75e-06   1.99e-07   5.03e-02  82.1%
Combinational          9.92e-03   1.01e-03   3.18e-08   1.09e-02  17.9%
Clock                  0.00e+00   0.00e+00   0.00e+00   0.00e+00   0.0%
Macro                  0.00e+00   0.00e+00   0.00e+00   0.00e+00   0.0%
Pad                    0.00e+00   0.00e+00   0.00e+00   0.00e+00   0.0%
----------------------------------------------------------------
Total                  6.02e-02   1.02e-03   2.31e-07   6.12e-02 100.0%
                          98.3%       1.7%       0.0%

