%Warning-MODDUP: ips/prim/prim_reg_pkg.sv:1:9: Duplicate declaration of module: 'prim_reg_pkg'
    1 | package prim_reg_pkg;
      |         ^~~~~~~~~~~~
                 ips/prim/prim_reg_pkg.sv:1:9: ... Location of original declaration
    1 | package prim_reg_pkg;
      |         ^~~~~~~~~~~~
                 ... For warning description see https://verilator.org/warn/MODDUP?v=5.036
                 ... Use "/* verilator lint_off MODDUP */" and lint_on around source to disable this message.
%Warning-MODDUP: rtl/cache_wrapper.sv:5:8: Duplicate declaration of module: 'cache_wrapper'
    5 | module cache_wrapper #(
      |        ^~~~~~~~~~~~~
                 rtl/cache_wrapper.sv:5:8: ... Location of original declaration
    5 | module cache_wrapper #(
      |        ^~~~~~~~~~~~~
%Warning-DECLFILENAME: ips/prim/prim_cdc_2phase.sv:4:8: Filename 'prim_cdc_2phase' does not match MODULE name: 'cdc_2phase'
    4 | module cdc_2phase #(
      |        ^~~~~~~~~~
                       ... For warning description see https://verilator.org/warn/DECLFILENAME?v=5.036
                       ... Use "/* verilator lint_off DECLFILENAME */" and lint_on around source to disable this message.
%Warning-DECLFILENAME: ips/prim/prim_gray2bin.sv:1:8: Filename 'prim_gray2bin' does not match MODULE name: 'gray_to_binary'
    1 | module gray_to_binary #(
      |        ^~~~~~~~~~~~~~
%Warning-DECLFILENAME: ips/prim/prim_lzc.sv:19:8: Filename 'prim_lzc' does not match MODULE name: 'lzc'
   19 | module lzc #(
      |        ^~~
%Warning-DECLFILENAME: ips/prim/prim_reg_pkg.sv:1:9: Filename 'prim_reg_pkg' does not match PACKAGE name: 'prim_reg_pkg__Vdedup0'
    1 | package prim_reg_pkg;
      |         ^~~~~~~~~~~~
%Warning-DECLFILENAME: ips/prim/prim_rrarbiter.sv:36:8: Filename 'prim_rrarbiter' does not match MODULE name: 'rrarbiter'
   36 | module rrarbiter #(
      |        ^~~~~~~~~
%Warning-PINCONNECTEMPTY: ips/prim/prim_rrarbiter.sv:110:10: Cell pin connected by name with empty reference: 'empty_o'
  110 |         .empty_o (               )
      |          ^~~~~~~
                          ... For warning description see https://verilator.org/warn/PINCONNECTEMPTY?v=5.036
                          ... Use "/* verilator lint_off PINCONNECTEMPTY */" and lint_on around source to disable this message.
%Warning-PINCONNECTEMPTY: ips/prim_opentitan/prim_fifo_sync_cnt.sv:87:8: Cell pin connected by name with empty reference: 'cnt_after_commit_o'
   87 |       .cnt_after_commit_o(),
      |        ^~~~~~~~~~~~~~~~~~
%Warning-PINCONNECTEMPTY: ips/prim_opentitan/prim_fifo_sync_cnt.sv:105:8: Cell pin connected by name with empty reference: 'cnt_after_commit_o'
  105 |       .cnt_after_commit_o(),
      |        ^~~~~~~~~~~~~~~~~~
%Warning-PINCONNECTEMPTY: ips/tlul/tlul_adapter_sram.sv:563:6: Cell pin connected by name with empty reference: 'full_o'
  563 |     .full_o  (),
      |      ^~~~~~
%Warning-PINCONNECTEMPTY: ips/tlul/tlul_adapter_sram.sv:564:6: Cell pin connected by name with empty reference: 'depth_o'
  564 |     .depth_o (),
      |      ^~~~~~~
%Warning-PINCONNECTEMPTY: ips/tlul/tlul_adapter_sram.sv:584:6: Cell pin connected by name with empty reference: 'rvalid_o'
  584 |     .rvalid_o(),
      |      ^~~~~~~~
%Warning-PINCONNECTEMPTY: ips/tlul/tlul_adapter_sram.sv:587:6: Cell pin connected by name with empty reference: 'full_o'
  587 |     .full_o  (),
      |      ^~~~~~
%Warning-PINCONNECTEMPTY: ips/tlul/tlul_adapter_sram.sv:588:6: Cell pin connected by name with empty reference: 'depth_o'
  588 |     .depth_o (),
      |      ^~~~~~~
%Warning-PINCONNECTEMPTY: ips/tlul/tlul_adapter_sram.sv:607:8: Cell pin connected by name with empty reference: 'rvalid_o'
  607 |       .rvalid_o(),
      |        ^~~~~~~~
%Warning-PINCONNECTEMPTY: ips/tlul/tlul_adapter_sram.sv:610:8: Cell pin connected by name with empty reference: 'full_o'
  610 |       .full_o  (),
      |        ^~~~~~
%Warning-PINCONNECTEMPTY: ips/tlul/tlul_adapter_sram.sv:611:8: Cell pin connected by name with empty reference: 'depth_o'
  611 |       .depth_o (),
      |        ^~~~~~~
%Warning-PINCONNECTEMPTY: ips/tlul/tlul_adapter_sram.sv:612:8: Cell pin connected by name with empty reference: 'err_o'
  612 |       .err_o   ()
      |        ^~~~~
%Warning-PINCONNECTEMPTY: ips/tlul/tlul_adapter_sram.sv:644:6: Cell pin connected by name with empty reference: 'full_o'
  644 |     .full_o  (),
      |      ^~~~~~
%Warning-PINCONNECTEMPTY: ips/tlul/tlul_adapter_sram.sv:645:6: Cell pin connected by name with empty reference: 'depth_o'
  645 |     .depth_o (),
      |      ^~~~~~~
%Warning-PINCONNECTEMPTY: ips/tlul/tlul_cmd_intg_chk.sv:26:6: Cell pin connected by name with empty reference: 'data_o'
   26 |     .data_o(),
      |      ^~~~~~
%Warning-PINCONNECTEMPTY: ips/tlul/tlul_cmd_intg_chk.sv:27:6: Cell pin connected by name with empty reference: 'syndrome_o'
   27 |     .syndrome_o(),
      |      ^~~~~~~~~~
%Warning-PINCONNECTEMPTY: ips/tlul/tlul_data_integ_dec.sv:20:6: Cell pin connected by name with empty reference: 'data_o'
   20 |     .data_o(),
      |      ^~~~~~
%Warning-PINCONNECTEMPTY: ips/tlul/tlul_data_integ_dec.sv:21:6: Cell pin connected by name with empty reference: 'syndrome_o'
   21 |     .syndrome_o(),
      |      ^~~~~~~~~~
%Warning-PINCONNECTEMPTY: ips/tlul/tlul_fifo_async.sv:57:6: Cell pin connected by name with empty reference: 'wdepth_o'
   57 |     .wdepth_o      (),
      |      ^~~~~~~~
%Warning-PINCONNECTEMPTY: ips/tlul/tlul_fifo_async.sv:58:6: Cell pin connected by name with empty reference: 'rdepth_o'
   58 |     .rdepth_o      ()
      |      ^~~~~~~~
%Warning-PINCONNECTEMPTY: ips/tlul/tlul_fifo_async.sv:94:6: Cell pin connected by name with empty reference: 'wdepth_o'
   94 |     .wdepth_o      (),
      |      ^~~~~~~~
%Warning-PINCONNECTEMPTY: ips/tlul/tlul_fifo_async.sv:95:6: Cell pin connected by name with empty reference: 'rdepth_o'
   95 |     .rdepth_o      ()
      |      ^~~~~~~~
%Warning-PINCONNECTEMPTY: ips/tlul/tlul_fifo_sync.sv:58:6: Cell pin connected by name with empty reference: 'full_o'
   58 |     .full_o        (),
      |      ^~~~~~
%Warning-PINCONNECTEMPTY: ips/tlul/tlul_fifo_sync.sv:59:6: Cell pin connected by name with empty reference: 'depth_o'
   59 |     .depth_o       (),
      |      ^~~~~~~
%Warning-PINCONNECTEMPTY: ips/tlul/tlul_fifo_sync.sv:60:6: Cell pin connected by name with empty reference: 'err_o'
   60 |     .err_o         ());
      |      ^~~~~
%Warning-PINCONNECTEMPTY: ips/tlul/tlul_fifo_sync.sv:93:6: Cell pin connected by name with empty reference: 'full_o'
   93 |     .full_o        (),
      |      ^~~~~~
%Warning-PINCONNECTEMPTY: ips/tlul/tlul_fifo_sync.sv:94:6: Cell pin connected by name with empty reference: 'depth_o'
   94 |     .depth_o       (),
      |      ^~~~~~~
%Warning-PINCONNECTEMPTY: ips/tlul/tlul_fifo_sync.sv:95:6: Cell pin connected by name with empty reference: 'err_o'
   95 |     .err_o         ());
      |      ^~~~~
%Warning-PINCONNECTEMPTY: ips/tlul/tlul_rsp_intg_chk.sv:27:6: Cell pin connected by name with empty reference: 'data_o'
   27 |     .data_o(),
      |      ^~~~~~
%Warning-PINCONNECTEMPTY: ips/tlul/tlul_rsp_intg_chk.sv:28:6: Cell pin connected by name with empty reference: 'syndrome_o'
   28 |     .syndrome_o(),
      |      ^~~~~~~~~~
%Warning-PINCONNECTEMPTY: ips/tlul/tlul_socket_1n.sv:99:6: Cell pin connected by name with empty reference: 'spare_rsp_o'
   99 |     .spare_rsp_o ());
      |      ^~~~~~~~~~~
%Warning-PINCONNECTEMPTY: ips/tlul/tlul_socket_1n.sv:222:8: Cell pin connected by name with empty reference: 'spare_req_o'
  222 |       .spare_req_o (),
      |        ^~~~~~~~~~~
%Warning-PINCONNECTEMPTY: ips/tlul/tlul_socket_1n.sv:224:8: Cell pin connected by name with empty reference: 'spare_rsp_o'
  224 |       .spare_rsp_o ());
      |        ^~~~~~~~~~~
%Warning-PINCONNECTEMPTY: ips/tlul/tlul_socket_m1.sv:135:8: Cell pin connected by name with empty reference: 'spare_req_o'
  135 |       .spare_req_o (),
      |        ^~~~~~~~~~~
%Warning-PINCONNECTEMPTY: ips/tlul/tlul_socket_m1.sv:137:8: Cell pin connected by name with empty reference: 'spare_rsp_o'
  137 |       .spare_rsp_o ()
      |        ^~~~~~~~~~~
%Warning-PINCONNECTEMPTY: ips/tlul/tlul_socket_m1.sv:156:6: Cell pin connected by name with empty reference: 'spare_req_o'
  156 |     .spare_req_o (),
      |      ^~~~~~~~~~~
%Warning-PINCONNECTEMPTY: ips/tlul/tlul_socket_m1.sv:158:6: Cell pin connected by name with empty reference: 'spare_rsp_o'
  158 |     .spare_rsp_o ()
      |      ^~~~~~~~~~~
%Warning-PINCONNECTEMPTY: ips/tlul/tlul_socket_m1.sv:179:8: Cell pin connected by name with empty reference: 'idx_o'
  179 |       .idx_o     (             ),
      |        ^~~~~
%Warning-PINCONNECTEMPTY: ips/tlul/tlul_socket_m1.sv:195:8: Cell pin connected by name with empty reference: 'idx_o'
  195 |       .idx_o     (             ),
      |        ^~~~~
%Warning-PINCONNECTEMPTY: ips/tlul/tlul_sram_byte.sv:531:8: Cell pin connected by name with empty reference: 'rvalid_o'
  531 |       .rvalid_o(),
      |        ^~~~~~~~
%Warning-PINCONNECTEMPTY: ips/tlul/tlul_sram_byte.sv:534:8: Cell pin connected by name with empty reference: 'full_o'
  534 |       .full_o(),
      |        ^~~~~~
%Warning-PINCONNECTEMPTY: ips/tlul/tlul_sram_byte.sv:535:8: Cell pin connected by name with empty reference: 'depth_o'
  535 |       .depth_o(),
      |        ^~~~~~~
%Warning-PINCONNECTEMPTY: ips/tlul/tlul_sram_byte.sv:536:8: Cell pin connected by name with empty reference: 'err_o'
  536 |       .err_o()
      |        ^~~~~
%Warning-PINCONNECTEMPTY: ips/tlul/tlul_sram_byte.sv:649:8: Cell pin connected by name with empty reference: 'rvalid_o'
  649 |       .rvalid_o(),
      |        ^~~~~~~~
%Warning-PINCONNECTEMPTY: ips/tlul/tlul_sram_byte.sv:652:8: Cell pin connected by name with empty reference: 'full_o'
  652 |       .full_o(),
      |        ^~~~~~
%Warning-PINCONNECTEMPTY: ips/tlul/tlul_sram_byte.sv:654:8: Cell pin connected by name with empty reference: 'err_o'
  654 |       .err_o()
      |        ^~~~~
%Warning-PINCONNECTEMPTY: rtl/cache_wrapper_reg_top.sv:73:6: Cell pin connected by name with empty reference: 'intg_error_o'
   73 |     .intg_error_o(),
      |      ^~~~~~~~~~~~
%Warning-PINCONNECTEMPTY: rtl/cache_wrapper_reg_top.sv:130:6: Cell pin connected by name with empty reference: 'qe'
  130 |     .qe     (),
      |      ^~
%Warning-PINCONNECTEMPTY: rtl/cache_wrapper_reg_top.sv:132:6: Cell pin connected by name with empty reference: 'ds'
  132 |     .ds     (),
      |      ^~
%Warning-PINCONNECTEMPTY: rtl/cache_wrapper_reg_top.sv:157:6: Cell pin connected by name with empty reference: 'qe'
  157 |     .qe     (),
      |      ^~
%Warning-PINCONNECTEMPTY: rtl/cache_wrapper_reg_top.sv:159:6: Cell pin connected by name with empty reference: 'ds'
  159 |     .ds     (),
      |      ^~
%Warning-PINCONNECTEMPTY: rtl/cache_wrapper_reg_top.sv:184:6: Cell pin connected by name with empty reference: 'qe'
  184 |     .qe     (),
      |      ^~
%Warning-PINCONNECTEMPTY: rtl/cache_wrapper_reg_top.sv:186:6: Cell pin connected by name with empty reference: 'ds'
  186 |     .ds     (),
      |      ^~
%Warning-PINCONNECTEMPTY: rtl/cache_wrapper_reg_top.sv:203:6: Cell pin connected by name with empty reference: 'qe'
  203 |     .qe     (),
      |      ^~
%Warning-PINCONNECTEMPTY: rtl/cache_wrapper_reg_top.sv:205:6: Cell pin connected by name with empty reference: 'ds'
  205 |     .ds     (),
      |      ^~
%Warning-PINCONNECTEMPTY: rtl/cache_wrapper_reg_top.sv:218:6: Cell pin connected by name with empty reference: 'qe'
  218 |     .qe     (),
      |      ^~
%Warning-PINCONNECTEMPTY: rtl/cache_wrapper_reg_top.sv:220:6: Cell pin connected by name with empty reference: 'ds'
  220 |     .ds     (),
      |      ^~
%Warning-PINCONNECTEMPTY: rtl/cache_wrapper_reg_top.sv:234:6: Cell pin connected by name with empty reference: 'qe'
  234 |     .qe     (),
      |      ^~
%Warning-PINCONNECTEMPTY: rtl/cache_wrapper_reg_top.sv:236:6: Cell pin connected by name with empty reference: 'ds'
  236 |     .ds     (),
      |      ^~
%Warning-PINCONNECTEMPTY: rtl/cache_wrapper_reg_top.sv:273:6: Cell pin connected by name with empty reference: 'ds'
  273 |     .ds     (),
      |      ^~
%Warning-PINCONNECTEMPTY: rtl/cache_wrapper_reg_top.sv:276:6: Cell pin connected by name with empty reference: 'qs'
  276 |     .qs     ()
      |      ^~
%Warning-GENUNNAMED: ips/prim/prim_gray2bin.sv:7:5: Unnamed generate block 'genblk1' (IEEE 1800-2023 27.6)
                                                  : ... Suggest assign a label with 'begin : gen_<label_name>'
    7 |     for (genvar i = 0; i < N; i++)
      |     ^~~
                     ... For warning description see https://verilator.org/warn/GENUNNAMED?v=5.036
                     ... Use "/* verilator lint_off GENUNNAMED */" and lint_on around source to disable this message.
%Warning-GENUNNAMED: ips/prim/prim_rrarbiter.sv:77:12: Unnamed generate block 'genblk1' (IEEE 1800-2023 27.6)
                                                     : ... Suggest assign a label with 'begin : gen_<label_name>'
   77 |   end else begin
      |            ^~~~~
%Warning-GENUNNAMED: ips/prim/prim_rrarbiter.sv:90:12: Unnamed generate block 'genblk2' (IEEE 1800-2023 27.6)
                                                     : ... Suggest assign a label with 'begin : gen_<label_name>'
   90 |   end else begin
      |            ^~~~~
%Warning-GENUNNAMED: ips/prim/prim_lzc.sv:54:30: Unnamed generate block 'genblk1' (IEEE 1800-2023 27.6)
                                               : ... Suggest assign a label with 'begin : gen_<label_name>'
   54 |         if (k * 2 < WIDTH-1) begin
      |                              ^~~~~
%Warning-GENUNNAMED: ips/prim/prim_lzc.sv:60:31: Unnamed generate block 'genblk2' (IEEE 1800-2023 27.6)
                                               : ... Suggest assign a label with 'begin : gen_<label_name>'
   60 |         if (k * 2 == WIDTH-1) begin
      |                               ^~~~~
%Warning-GENUNNAMED: ips/prim/prim_lzc.sv:65:30: Unnamed generate block 'genblk3' (IEEE 1800-2023 27.6)
                                               : ... Suggest assign a label with 'begin : gen_<label_name>'
   65 |         if (k * 2 > WIDTH-1) begin
      |                              ^~~~~
%Warning-GENUNNAMED: ips/prim/prim_lzc.sv:70:14: Unnamed generate block 'genblk1' (IEEE 1800-2023 27.6)
                                               : ... Suggest assign a label with 'begin : gen_<label_name>'
   70 |     end else begin
      |              ^~~~~
%Warning-UNUSEDPARAM: ips/pkgs/top_pkg.sv:13:16: Parameter is not used: 'TL_AUW'
                                               : ... note: In instance 'cache_wrapper'
   13 | localparam int TL_AUW=21;    
      |                ^~~~~~
                      ... For warning description see https://verilator.org/warn/UNUSEDPARAM?v=5.036
                      ... Use "/* verilator lint_off UNUSEDPARAM */" and lint_on around source to disable this message.
%Warning-UNUSEDPARAM: ips/pkgs/top_pkg.sv:14:16: Parameter is not used: 'TL_DUW'
                                               : ... note: In instance 'cache_wrapper'
   14 | localparam int TL_DUW=14;    
      |                ^~~~~~
%Warning-UNUSEDPARAM: ips/pkgs/top_pkg.sv:21:16: Parameter is not used: 'SecVolatileRawUnlockEn'
                                               : ... note: In instance 'cache_wrapper'
   21 | localparam int SecVolatileRawUnlockEn = 0;
      |                ^~~~~~~~~~~~~~~~~~~~~~
%Warning-UNUSEDPARAM: ips/pkgs/prim_secded_pkg.sv:81:25: Parameter is not used: 'Secded2216ZeroEcc'
                                                       : ... note: In instance 'cache_wrapper'
   81 |   parameter logic [5:0] Secded2216ZeroEcc = 6'h0;
      |                         ^~~~~~~~~~~~~~~~~
%Warning-UNUSEDPARAM: ips/pkgs/prim_secded_pkg.sv:82:26: Parameter is not used: 'Secded2216ZeroWord'
                                                       : ... note: In instance 'cache_wrapper'
   82 |   parameter logic [21:0] Secded2216ZeroWord = 22'h0;
      |                          ^~~~~~~~~~~~~~~~~~
%Warning-UNUSEDPARAM: ips/pkgs/prim_secded_pkg.sv:90:25: Parameter is not used: 'Secded2822ZeroEcc'
                                                       : ... note: In instance 'cache_wrapper'
   90 |   parameter logic [5:0] Secded2822ZeroEcc = 6'h0;
      |                         ^~~~~~~~~~~~~~~~~
%Warning-UNUSEDPARAM: ips/pkgs/prim_secded_pkg.sv:91:26: Parameter is not used: 'Secded2822ZeroWord'
                                                       : ... note: In instance 'cache_wrapper'
   91 |   parameter logic [27:0] Secded2822ZeroWord = 28'h0;
      |                          ^~~~~~~~~~~~~~~~~~
%Warning-UNUSEDPARAM: ips/pkgs/prim_secded_pkg.sv:99:25: Parameter is not used: 'Secded3932ZeroEcc'
                                                       : ... note: In instance 'cache_wrapper'
   99 |   parameter logic [6:0] Secded3932ZeroEcc = 7'h0;
      |                         ^~~~~~~~~~~~~~~~~
%Warning-UNUSEDPARAM: ips/pkgs/prim_secded_pkg.sv:100:26: Parameter is not used: 'Secded3932ZeroWord'
                                                        : ... note: In instance 'cache_wrapper'
  100 |   parameter logic [38:0] Secded3932ZeroWord = 39'h0;
      |                          ^~~~~~~~~~~~~~~~~~
%Warning-UNUSEDPARAM: ips/pkgs/prim_secded_pkg.sv:108:25: Parameter is not used: 'Secded6457ZeroEcc'
                                                        : ... note: In instance 'cache_wrapper'
  108 |   parameter logic [6:0] Secded6457ZeroEcc = 7'h0;
      |                         ^~~~~~~~~~~~~~~~~
%Warning-UNUSEDPARAM: ips/pkgs/prim_secded_pkg.sv:109:26: Parameter is not used: 'Secded6457ZeroWord'
                                                        : ... note: In instance 'cache_wrapper'
  109 |   parameter logic [63:0] Secded6457ZeroWord = 64'h0;
      |                          ^~~~~~~~~~~~~~~~~~
%Warning-UNUSEDPARAM: ips/pkgs/prim_secded_pkg.sv:117:25: Parameter is not used: 'Secded7264ZeroEcc'
                                                        : ... note: In instance 'cache_wrapper'
  117 |   parameter logic [7:0] Secded7264ZeroEcc = 8'h0;
      |                         ^~~~~~~~~~~~~~~~~
%Warning-UNUSEDPARAM: ips/pkgs/prim_secded_pkg.sv:118:26: Parameter is not used: 'Secded7264ZeroWord'
                                                        : ... note: In instance 'cache_wrapper'
  118 |   parameter logic [71:0] Secded7264ZeroWord = 72'h0;
      |                          ^~~~~~~~~~~~~~~~~~
%Warning-UNUSEDPARAM: ips/pkgs/prim_secded_pkg.sv:126:25: Parameter is not used: 'SecdedHamming2216ZeroEcc'
                                                        : ... note: In instance 'cache_wrapper'
  126 |   parameter logic [5:0] SecdedHamming2216ZeroEcc = 6'h0;
      |                         ^~~~~~~~~~~~~~~~~~~~~~~~
%Warning-UNUSEDPARAM: ips/pkgs/prim_secded_pkg.sv:127:26: Parameter is not used: 'SecdedHamming2216ZeroWord'
                                                        : ... note: In instance 'cache_wrapper'
  127 |   parameter logic [21:0] SecdedHamming2216ZeroWord = 22'h0;
      |                          ^~~~~~~~~~~~~~~~~~~~~~~~~
%Warning-UNUSEDPARAM: ips/pkgs/prim_secded_pkg.sv:135:25: Parameter is not used: 'SecdedHamming3932ZeroEcc'
                                                        : ... note: In instance 'cache_wrapper'
  135 |   parameter logic [6:0] SecdedHamming3932ZeroEcc = 7'h0;
      |                         ^~~~~~~~~~~~~~~~~~~~~~~~
%Warning-UNUSEDPARAM: ips/pkgs/prim_secded_pkg.sv:136:26: Parameter is not used: 'SecdedHamming3932ZeroWord'
                                                        : ... note: In instance 'cache_wrapper'
  136 |   parameter logic [38:0] SecdedHamming3932ZeroWord = 39'h0;
      |                          ^~~~~~~~~~~~~~~~~~~~~~~~~
%Warning-UNUSEDPARAM: ips/pkgs/prim_secded_pkg.sv:144:25: Parameter is not used: 'SecdedHamming7264ZeroEcc'
                                                        : ... note: In instance 'cache_wrapper'
  144 |   parameter logic [7:0] SecdedHamming7264ZeroEcc = 8'h0;
      |                         ^~~~~~~~~~~~~~~~~~~~~~~~
%Warning-UNUSEDPARAM: ips/pkgs/prim_secded_pkg.sv:145:26: Parameter is not used: 'SecdedHamming7264ZeroWord'
                                                        : ... note: In instance 'cache_wrapper'
  145 |   parameter logic [71:0] SecdedHamming7264ZeroWord = 72'h0;
      |                          ^~~~~~~~~~~~~~~~~~~~~~~~~
%Warning-UNUSEDPARAM: ips/pkgs/prim_secded_pkg.sv:153:25: Parameter is not used: 'SecdedHamming7668ZeroEcc'
                                                        : ... note: In instance 'cache_wrapper'
  153 |   parameter logic [7:0] SecdedHamming7668ZeroEcc = 8'h0;
      |                         ^~~~~~~~~~~~~~~~~~~~~~~~
%Warning-UNUSEDPARAM: ips/pkgs/prim_secded_pkg.sv:154:26: Parameter is not used: 'SecdedHamming7668ZeroWord'
                                                        : ... note: In instance 'cache_wrapper'
  154 |   parameter logic [75:0] SecdedHamming7668ZeroWord = 76'h0;
      |                          ^~~~~~~~~~~~~~~~~~~~~~~~~
%Warning-UNUSEDPARAM: ips/pkgs/prim_secded_pkg.sv:162:25: Parameter is not used: 'SecdedInv2216ZeroEcc'
                                                        : ... note: In instance 'cache_wrapper'
  162 |   parameter logic [5:0] SecdedInv2216ZeroEcc = 6'h2A;
      |                         ^~~~~~~~~~~~~~~~~~~~
%Warning-UNUSEDPARAM: ips/pkgs/prim_secded_pkg.sv:163:26: Parameter is not used: 'SecdedInv2216ZeroWord'
                                                        : ... note: In instance 'cache_wrapper'
  163 |   parameter logic [21:0] SecdedInv2216ZeroWord = 22'h2A0000;
      |                          ^~~~~~~~~~~~~~~~~~~~~
%Warning-UNUSEDPARAM: ips/pkgs/prim_secded_pkg.sv:171:25: Parameter is not used: 'SecdedInv2822ZeroEcc'
                                                        : ... note: In instance 'cache_wrapper'
  171 |   parameter logic [5:0] SecdedInv2822ZeroEcc = 6'h2A;
      |                         ^~~~~~~~~~~~~~~~~~~~
%Warning-UNUSEDPARAM: ips/pkgs/prim_secded_pkg.sv:172:26: Parameter is not used: 'SecdedInv2822ZeroWord'
                                                        : ... note: In instance 'cache_wrapper'
  172 |   parameter logic [27:0] SecdedInv2822ZeroWord = 28'hA800000;
      |                          ^~~~~~~~~~~~~~~~~~~~~
%Warning-UNUSEDPARAM: ips/pkgs/prim_secded_pkg.sv:180:25: Parameter is not used: 'SecdedInv3932ZeroEcc'
                                                        : ... note: In instance 'cache_wrapper'
  180 |   parameter logic [6:0] SecdedInv3932ZeroEcc = 7'h2A;
      |                         ^~~~~~~~~~~~~~~~~~~~
%Warning-UNUSEDPARAM: ips/pkgs/prim_secded_pkg.sv:181:26: Parameter is not used: 'SecdedInv3932ZeroWord'
                                                        : ... note: In instance 'cache_wrapper'
  181 |   parameter logic [38:0] SecdedInv3932ZeroWord = 39'h2A00000000;
      |                          ^~~~~~~~~~~~~~~~~~~~~
%Warning-UNUSEDPARAM: ips/pkgs/prim_secded_pkg.sv:189:25: Parameter is not used: 'SecdedInv6457ZeroEcc'
                                                        : ... note: In instance 'cache_wrapper'
  189 |   parameter logic [6:0] SecdedInv6457ZeroEcc = 7'h2A;
      |                         ^~~~~~~~~~~~~~~~~~~~
%Warning-UNUSEDPARAM: ips/pkgs/prim_secded_pkg.sv:190:26: Parameter is not used: 'SecdedInv6457ZeroWord'
                                                        : ... note: In instance 'cache_wrapper'
  190 |   parameter logic [63:0] SecdedInv6457ZeroWord = 64'h5400000000000000;
      |                          ^~~~~~~~~~~~~~~~~~~~~
%Warning-UNUSEDPARAM: ips/pkgs/prim_secded_pkg.sv:198:25: Parameter is not used: 'SecdedInv7264ZeroEcc'
                                                        : ... note: In instance 'cache_wrapper'
  198 |   parameter logic [7:0] SecdedInv7264ZeroEcc = 8'hAA;
      |                         ^~~~~~~~~~~~~~~~~~~~
%Warning-UNUSEDPARAM: ips/pkgs/prim_secded_pkg.sv:199:26: Parameter is not used: 'SecdedInv7264ZeroWord'
                                                        : ... note: In instance 'cache_wrapper'
  199 |   parameter logic [71:0] SecdedInv7264ZeroWord = 72'hAA0000000000000000;
      |                          ^~~~~~~~~~~~~~~~~~~~~
%Warning-UNUSEDPARAM: ips/pkgs/prim_secded_pkg.sv:207:25: Parameter is not used: 'SecdedInvHamming2216ZeroEcc'
                                                        : ... note: In instance 'cache_wrapper'
  207 |   parameter logic [5:0] SecdedInvHamming2216ZeroEcc = 6'h2A;
      |                         ^~~~~~~~~~~~~~~~~~~~~~~~~~~
%Warning-UNUSEDPARAM: ips/pkgs/prim_secded_pkg.sv:208:26: Parameter is not used: 'SecdedInvHamming2216ZeroWord'
                                                        : ... note: In instance 'cache_wrapper'
  208 |   parameter logic [21:0] SecdedInvHamming2216ZeroWord = 22'h2A0000;
      |                          ^~~~~~~~~~~~~~~~~~~~~~~~~~~~
%Warning-UNUSEDPARAM: ips/pkgs/prim_secded_pkg.sv:216:25: Parameter is not used: 'SecdedInvHamming3932ZeroEcc'
                                                        : ... note: In instance 'cache_wrapper'
  216 |   parameter logic [6:0] SecdedInvHamming3932ZeroEcc = 7'h2A;
      |                         ^~~~~~~~~~~~~~~~~~~~~~~~~~~
%Warning-UNUSEDPARAM: ips/pkgs/prim_secded_pkg.sv:217:26: Parameter is not used: 'SecdedInvHamming3932ZeroWord'
                                                        : ... note: In instance 'cache_wrapper'
  217 |   parameter logic [38:0] SecdedInvHamming3932ZeroWord = 39'h2A00000000;
      |                          ^~~~~~~~~~~~~~~~~~~~~~~~~~~~
%Warning-UNUSEDPARAM: ips/pkgs/prim_secded_pkg.sv:225:25: Parameter is not used: 'SecdedInvHamming7264ZeroEcc'
                                                        : ... note: In instance 'cache_wrapper'
  225 |   parameter logic [7:0] SecdedInvHamming7264ZeroEcc = 8'hAA;
      |                         ^~~~~~~~~~~~~~~~~~~~~~~~~~~
%Warning-UNUSEDPARAM: ips/pkgs/prim_secded_pkg.sv:226:26: Parameter is not used: 'SecdedInvHamming7264ZeroWord'
                                                        : ... note: In instance 'cache_wrapper'
  226 |   parameter logic [71:0] SecdedInvHamming7264ZeroWord = 72'hAA0000000000000000;
      |                          ^~~~~~~~~~~~~~~~~~~~~~~~~~~~
%Warning-UNUSEDPARAM: ips/pkgs/prim_secded_pkg.sv:234:25: Parameter is not used: 'SecdedInvHamming7668ZeroEcc'
                                                        : ... note: In instance 'cache_wrapper'
  234 |   parameter logic [7:0] SecdedInvHamming7668ZeroEcc = 8'hAA;
      |                         ^~~~~~~~~~~~~~~~~~~~~~~~~~~
%Warning-UNUSEDPARAM: ips/pkgs/prim_secded_pkg.sv:235:26: Parameter is not used: 'SecdedInvHamming7668ZeroWord'
                                                        : ... note: In instance 'cache_wrapper'
  235 |   parameter logic [75:0] SecdedInvHamming7668ZeroWord = 76'hAA00000000000000000;
      |                          ^~~~~~~~~~~~~~~~~~~~~~~~~~~~
%Warning-UNUSEDPARAM: rtl/cache_wrapper_reg_pkg.sv:80:33: Parameter is not used: 'CACHE_WRAPPER_CTRL_OFFSET'
                                                        : ... note: In instance 'cache_wrapper.gen_data_rams[1].data_ram_inst'
   80 |   parameter logic [BlockAw-1:0] CACHE_WRAPPER_CTRL_OFFSET = 4'h 0;
      |                                 ^~~~~~~~~~~~~~~~~~~~~~~~~
%Warning-UNUSEDPARAM: rtl/cache_wrapper_reg_pkg.sv:81:33: Parameter is not used: 'CACHE_WRAPPER_STATUS_OFFSET'
                                                        : ... note: In instance 'cache_wrapper.gen_data_rams[1].data_ram_inst'
   81 |   parameter logic [BlockAw-1:0] CACHE_WRAPPER_STATUS_OFFSET = 4'h 4;
      |                                 ^~~~~~~~~~~~~~~~~~~~~~~~~~~
%Warning-UNUSEDPARAM: rtl/cache_wrapper_reg_pkg.sv:82:33: Parameter is not used: 'CACHE_WRAPPER_RDATA_OFFSET'
                                                        : ... note: In instance 'cache_wrapper.gen_data_rams[1].data_ram_inst'
   82 |   parameter logic [BlockAw-1:0] CACHE_WRAPPER_RDATA_OFFSET = 4'h 8;
      |                                 ^~~~~~~~~~~~~~~~~~~~~~~~~~
%Warning-UNUSEDPARAM: rtl/cache_wrapper_reg_pkg.sv:83:33: Parameter is not used: 'CACHE_WRAPPER_WDATA_OFFSET'
                                                        : ... note: In instance 'cache_wrapper.gen_data_rams[1].data_ram_inst'
   83 |   parameter logic [BlockAw-1:0] CACHE_WRAPPER_WDATA_OFFSET = 4'h c;
      |                                 ^~~~~~~~~~~~~~~~~~~~~~~~~~
%Warning-UNUSEDPARAM: rtl/cache_wrapper_reg_pkg.sv:86:25: Parameter is not used: 'CACHE_WRAPPER_STATUS_RESVAL'
                                                        : ... note: In instance 'cache_wrapper.gen_data_rams[1].data_ram_inst'
   86 |   parameter logic [1:0] CACHE_WRAPPER_STATUS_RESVAL = 2'h 0;
      |                         ^~~~~~~~~~~~~~~~~~~~~~~~~~~
%Warning-UNUSEDPARAM: rtl/cache_wrapper_reg_pkg.sv:87:25: Parameter is not used: 'CACHE_WRAPPER_RDATA_RESVAL'
                                                        : ... note: In instance 'cache_wrapper.gen_data_rams[1].data_ram_inst'
   87 |   parameter logic [7:0] CACHE_WRAPPER_RDATA_RESVAL = 8'h 0;
      |                         ^~~~~~~~~~~~~~~~~~~~~~~~~~
%Warning-UNUSEDPARAM: rtl/cache_wrapper_reg_pkg.sv:98:25: Parameter is not used: 'CACHE_WRAPPER_PERMIT'
                                                        : ... note: In instance 'cache_wrapper.gen_data_rams[1].data_ram_inst'
   98 |   parameter logic [3:0] CACHE_WRAPPER_PERMIT [4] = '{
      |                         ^~~~~~~~~~~~~~~~~~~~
%Warning-UNUSEDPARAM: ips/pkgs/tlul_pkg.sv:14:13: Parameter is not used: 'ArbiterImpl'
                                                : ... note: In instance 'cache_wrapper.gen_data_rams[1].data_ram_inst'
   14 |   parameter ArbiterImpl = "PPC";
      |             ^~~~~~~~~~~
%Warning-UNUSEDPARAM: ips/pkgs/tlul_pkg.sv:29:17: Parameter is not used: 'H2DCmdFullWidth'
                                                : ... note: In instance 'cache_wrapper.gen_data_rams[1].data_ram_inst'
   29 |   parameter int H2DCmdFullWidth = H2DCmdMaxWidth + H2DCmdIntgWidth;
      |                 ^~~~~~~~~~~~~~~
%Warning-UNUSEDPARAM: ips/pkgs/tlul_pkg.sv:32:17: Parameter is not used: 'D2HRspFullWidth'
                                                : ... note: In instance 'cache_wrapper.gen_data_rams[1].data_ram_inst'
   32 |   parameter int D2HRspFullWidth = D2HRspMaxWidth + D2HRspIntgWidth;
      |                 ^~~~~~~~~~~~~~~
%Warning-UNUSEDPARAM: ips/pkgs/tlul_pkg.sv:35:17: Parameter is not used: 'DataFullWidth'
                                                : ... note: In instance 'cache_wrapper.gen_data_rams[1].data_ram_inst'
   35 |   parameter int DataFullWidth   = DataMaxWidth + DataIntgWidth;
      |                 ^~~~~~~~~~~~~
%Warning-UNUSEDPARAM: ips/pkgs/tlul_pkg.sv:39:40: Parameter is not used: 'DataWhenInstrError'
                                                : ... note: In instance 'cache_wrapper.gen_data_rams[1].data_ram_inst'
   39 |   parameter logic [top_pkg::TL_DW-1:0] DataWhenInstrError = '0;
      |                                        ^~~~~~~~~~~~~~~~~~
%Warning-UNUSEDPARAM: ips/pkgs/tlul_pkg.sv:42:40: Parameter is not used: 'DataWhenError'
                                                : ... note: In instance 'cache_wrapper.gen_data_rams[1].data_ram_inst'
   42 |   parameter logic [top_pkg::TL_DW-1:0] DataWhenError      = {top_pkg::TL_DW{1'b1}};
      |                                        ^~~~~~~~~~~~~
%Warning-UNUSEDPARAM: ips/pkgs/tlul_pkg.sv:87:23: Parameter is not used: 'TL_H2D_DEFAULT'
                                                : ... note: In instance 'cache_wrapper.gen_data_rams[1].data_ram_inst'
   87 |   localparam tl_h2d_t TL_H2D_DEFAULT = '{
      |                       ^~~~~~~~~~~~~~
%Warning-UNUSEDPARAM: ips/pkgs/tlul_pkg.sv:131:23: Parameter is not used: 'TL_D2H_DEFAULT'
                                                 : ... note: In instance 'cache_wrapper.gen_data_rams[1].data_ram_inst'
  131 |   localparam tl_d2h_t TL_D2H_DEFAULT = '{
      |                       ^~~~~~~~~~~~~~
- V e r i l a t i o n   R e p o r t: Verilator 5.036 2025-04-27 rev v5.036-48-g0dc93c1d5
- Verilator: Built from 15.419 MB sources in 74 modules, into 0.051 MB in 5 C++ files needing 0.000 MB
- Verilator: Walltime 0.081 s (elab=0.013, cvt=0.015, bld=0.000); cpu 0.081 s on 1 threads; alloced 36.148 MB
