%Warning-PINCONNECTEMPTY: ips/tlul/tlul_cmd_intg_chk.sv:26:6: Cell pin connected by name with empty reference: 'data_o'
   26 |     .data_o(),
      |      ^~~~~~
                          ... For warning description see https://verilator.org/warn/PINCONNECTEMPTY?v=5.026
                          ... Use "/* verilator lint_off PINCONNECTEMPTY */" and lint_on around source to disable this message.
%Warning-PINCONNECTEMPTY: ips/tlul/tlul_cmd_intg_chk.sv:27:6: Cell pin connected by name with empty reference: 'syndrome_o'
   27 |     .syndrome_o(),
      |      ^~~~~~~~~~
%Warning-PINCONNECTEMPTY: ips/tlul/tlul_data_integ_dec.sv:20:6: Cell pin connected by name with empty reference: 'data_o'
   20 |     .data_o(),
      |      ^~~~~~
%Warning-PINCONNECTEMPTY: ips/tlul/tlul_data_integ_dec.sv:21:6: Cell pin connected by name with empty reference: 'syndrome_o'
   21 |     .syndrome_o(),
      |      ^~~~~~~~~~
%Warning-PINCONNECTEMPTY: ips/prim_opentitan/prim_fifo_sync_cnt.sv:87:8: Cell pin connected by name with empty reference: 'cnt_after_commit_o'
   87 |       .cnt_after_commit_o(),
      |        ^~~~~~~~~~~~~~~~~~
%Warning-PINCONNECTEMPTY: ips/prim_opentitan/prim_fifo_sync_cnt.sv:105:8: Cell pin connected by name with empty reference: 'cnt_after_commit_o'
  105 |       .cnt_after_commit_o(),
      |        ^~~~~~~~~~~~~~~~~~
%Warning-PINCONNECTEMPTY: ips/prim_opentitan/prim_alert_sender.sv:91:6: Cell pin connected by name with empty reference: 'level_o'
   91 |     .level_o  (             ),
      |      ^~~~~~~
%Warning-PINCONNECTEMPTY: ips/prim_opentitan/prim_alert_sender.sv:92:6: Cell pin connected by name with empty reference: 'rise_o'
   92 |     .rise_o   (             ),
      |      ^~~~~~
%Warning-PINCONNECTEMPTY: ips/prim_opentitan/prim_alert_sender.sv:93:6: Cell pin connected by name with empty reference: 'fall_o'
   93 |     .fall_o   (             ),
      |      ^~~~~~
%Warning-PINCONNECTEMPTY: ips/prim_opentitan/prim_alert_sender.sv:118:6: Cell pin connected by name with empty reference: 'rise_o'
  118 |     .rise_o   (            ),
      |      ^~~~~~
%Warning-PINCONNECTEMPTY: ips/prim_opentitan/prim_alert_sender.sv:119:6: Cell pin connected by name with empty reference: 'fall_o'
  119 |     .fall_o   (            ),
      |      ^~~~~~
%Warning-PINCONNECTEMPTY: ips/prim_opentitan/prim_alert_sender.sv:120:6: Cell pin connected by name with empty reference: 'event_o'
  120 |     .event_o  (            ),
      |      ^~~~~~~
%Warning-PINCONNECTEMPTY: ips/tlul/tlul_adapter_sram.sv:563:6: Cell pin connected by name with empty reference: 'full_o'
  563 |     .full_o  (),
      |      ^~~~~~
%Warning-PINCONNECTEMPTY: ips/tlul/tlul_adapter_sram.sv:564:6: Cell pin connected by name with empty reference: 'depth_o'
  564 |     .depth_o (),
      |      ^~~~~~~
%Warning-PINCONNECTEMPTY: ips/tlul/tlul_adapter_sram.sv:584:6: Cell pin connected by name with empty reference: 'rvalid_o'
  584 |     .rvalid_o(),
      |      ^~~~~~~~
%Warning-PINCONNECTEMPTY: ips/tlul/tlul_adapter_sram.sv:587:6: Cell pin connected by name with empty reference: 'full_o'
  587 |     .full_o  (),
      |      ^~~~~~
%Warning-PINCONNECTEMPTY: ips/tlul/tlul_adapter_sram.sv:588:6: Cell pin connected by name with empty reference: 'depth_o'
  588 |     .depth_o (),
      |      ^~~~~~~
%Warning-PINCONNECTEMPTY: ips/tlul/tlul_adapter_sram.sv:607:8: Cell pin connected by name with empty reference: 'rvalid_o'
  607 |       .rvalid_o(),
      |        ^~~~~~~~
%Warning-PINCONNECTEMPTY: ips/tlul/tlul_adapter_sram.sv:610:8: Cell pin connected by name with empty reference: 'full_o'
  610 |       .full_o  (),
      |        ^~~~~~
%Warning-PINCONNECTEMPTY: ips/tlul/tlul_adapter_sram.sv:611:8: Cell pin connected by name with empty reference: 'depth_o'
  611 |       .depth_o (),
      |        ^~~~~~~
%Warning-PINCONNECTEMPTY: ips/tlul/tlul_adapter_sram.sv:612:8: Cell pin connected by name with empty reference: 'err_o'
  612 |       .err_o   ()
      |        ^~~~~
%Warning-PINCONNECTEMPTY: ips/tlul/tlul_adapter_sram.sv:644:6: Cell pin connected by name with empty reference: 'full_o'
  644 |     .full_o  (),
      |      ^~~~~~
%Warning-PINCONNECTEMPTY: ips/tlul/tlul_adapter_sram.sv:645:6: Cell pin connected by name with empty reference: 'depth_o'
  645 |     .depth_o (),
      |      ^~~~~~~
%Warning-PINCONNECTEMPTY: ips/tlul/tlul_fifo_async.sv:57:6: Cell pin connected by name with empty reference: 'wdepth_o'
   57 |     .wdepth_o      (),
      |      ^~~~~~~~
%Warning-PINCONNECTEMPTY: ips/tlul/tlul_fifo_async.sv:58:6: Cell pin connected by name with empty reference: 'rdepth_o'
   58 |     .rdepth_o      ()
      |      ^~~~~~~~
%Warning-PINCONNECTEMPTY: ips/tlul/tlul_fifo_async.sv:94:6: Cell pin connected by name with empty reference: 'wdepth_o'
   94 |     .wdepth_o      (),
      |      ^~~~~~~~
%Warning-PINCONNECTEMPTY: ips/tlul/tlul_fifo_async.sv:95:6: Cell pin connected by name with empty reference: 'rdepth_o'
   95 |     .rdepth_o      ()
      |      ^~~~~~~~
%Warning-PINCONNECTEMPTY: ips/tlul/tlul_fifo_sync.sv:58:6: Cell pin connected by name with empty reference: 'full_o'
   58 |     .full_o        (),
      |      ^~~~~~
%Warning-PINCONNECTEMPTY: ips/tlul/tlul_fifo_sync.sv:59:6: Cell pin connected by name with empty reference: 'depth_o'
   59 |     .depth_o       (),
      |      ^~~~~~~
%Warning-PINCONNECTEMPTY: ips/tlul/tlul_fifo_sync.sv:60:6: Cell pin connected by name with empty reference: 'err_o'
   60 |     .err_o         ());
      |      ^~~~~
%Warning-PINCONNECTEMPTY: ips/tlul/tlul_fifo_sync.sv:93:6: Cell pin connected by name with empty reference: 'full_o'
   93 |     .full_o        (),
      |      ^~~~~~
%Warning-PINCONNECTEMPTY: ips/tlul/tlul_fifo_sync.sv:94:6: Cell pin connected by name with empty reference: 'depth_o'
   94 |     .depth_o       (),
      |      ^~~~~~~
%Warning-PINCONNECTEMPTY: ips/tlul/tlul_fifo_sync.sv:95:6: Cell pin connected by name with empty reference: 'err_o'
   95 |     .err_o         ());
      |      ^~~~~
%Warning-PINCONNECTEMPTY: ips/tlul/tlul_rsp_intg_chk.sv:27:6: Cell pin connected by name with empty reference: 'data_o'
   27 |     .data_o(),
      |      ^~~~~~
%Warning-PINCONNECTEMPTY: ips/tlul/tlul_rsp_intg_chk.sv:28:6: Cell pin connected by name with empty reference: 'syndrome_o'
   28 |     .syndrome_o(),
      |      ^~~~~~~~~~
%Warning-PINCONNECTEMPTY: ips/tlul/tlul_socket_1n.sv:99:6: Cell pin connected by name with empty reference: 'spare_rsp_o'
   99 |     .spare_rsp_o ());
      |      ^~~~~~~~~~~
%Warning-PINCONNECTEMPTY: ips/tlul/tlul_socket_1n.sv:222:8: Cell pin connected by name with empty reference: 'spare_req_o'
  222 |       .spare_req_o (),
      |        ^~~~~~~~~~~
%Warning-PINCONNECTEMPTY: ips/tlul/tlul_socket_1n.sv:224:8: Cell pin connected by name with empty reference: 'spare_rsp_o'
  224 |       .spare_rsp_o ());
      |        ^~~~~~~~~~~
%Warning-PINCONNECTEMPTY: ips/tlul/tlul_socket_m1.sv:135:8: Cell pin connected by name with empty reference: 'spare_req_o'
  135 |       .spare_req_o (),
      |        ^~~~~~~~~~~
%Warning-PINCONNECTEMPTY: ips/tlul/tlul_socket_m1.sv:137:8: Cell pin connected by name with empty reference: 'spare_rsp_o'
  137 |       .spare_rsp_o ()
      |        ^~~~~~~~~~~
%Warning-PINCONNECTEMPTY: ips/tlul/tlul_socket_m1.sv:156:6: Cell pin connected by name with empty reference: 'spare_req_o'
  156 |     .spare_req_o (),
      |      ^~~~~~~~~~~
%Warning-PINCONNECTEMPTY: ips/tlul/tlul_socket_m1.sv:158:6: Cell pin connected by name with empty reference: 'spare_rsp_o'
  158 |     .spare_rsp_o ()
      |      ^~~~~~~~~~~
%Warning-PINCONNECTEMPTY: ips/tlul/tlul_socket_m1.sv:179:8: Cell pin connected by name with empty reference: 'idx_o'
  179 |       .idx_o     (             ),
      |        ^~~~~
%Warning-PINCONNECTEMPTY: ips/tlul/tlul_socket_m1.sv:195:8: Cell pin connected by name with empty reference: 'idx_o'
  195 |       .idx_o     (             ),
      |        ^~~~~
%Warning-PINCONNECTEMPTY: ips/tlul/tlul_sram_byte.sv:531:8: Cell pin connected by name with empty reference: 'rvalid_o'
  531 |       .rvalid_o(),
      |        ^~~~~~~~
%Warning-PINCONNECTEMPTY: ips/tlul/tlul_sram_byte.sv:534:8: Cell pin connected by name with empty reference: 'full_o'
  534 |       .full_o(),
      |        ^~~~~~
%Warning-PINCONNECTEMPTY: ips/tlul/tlul_sram_byte.sv:535:8: Cell pin connected by name with empty reference: 'depth_o'
  535 |       .depth_o(),
      |        ^~~~~~~
%Warning-PINCONNECTEMPTY: ips/tlul/tlul_sram_byte.sv:536:8: Cell pin connected by name with empty reference: 'err_o'
  536 |       .err_o()
      |        ^~~~~
%Warning-PINCONNECTEMPTY: ips/tlul/tlul_sram_byte.sv:649:8: Cell pin connected by name with empty reference: 'rvalid_o'
  649 |       .rvalid_o(),
      |        ^~~~~~~~
%Warning-PINCONNECTEMPTY: ips/tlul/tlul_sram_byte.sv:652:8: Cell pin connected by name with empty reference: 'full_o'
  652 |       .full_o(),
      |        ^~~~~~
%Warning-PINCONNECTEMPTY: ips/tlul/tlul_sram_byte.sv:654:8: Cell pin connected by name with empty reference: 'err_o'
  654 |       .err_o()
      |        ^~~~~
%Warning-PINCONNECTEMPTY: rtl/cache_wrapper_reg_top.sv:73:6: Cell pin connected by name with empty reference: 'intg_error_o'
   73 |     .intg_error_o(),
      |      ^~~~~~~~~~~~
%Warning-PINCONNECTEMPTY: rtl/cache_wrapper_reg_top.sv:130:6: Cell pin connected by name with empty reference: 'qe'
  130 |     .qe     (),
      |      ^~
%Warning-PINCONNECTEMPTY: rtl/cache_wrapper_reg_top.sv:132:6: Cell pin connected by name with empty reference: 'ds'
  132 |     .ds     (),
      |      ^~
%Warning-PINCONNECTEMPTY: rtl/cache_wrapper_reg_top.sv:157:6: Cell pin connected by name with empty reference: 'qe'
  157 |     .qe     (),
      |      ^~
%Warning-PINCONNECTEMPTY: rtl/cache_wrapper_reg_top.sv:159:6: Cell pin connected by name with empty reference: 'ds'
  159 |     .ds     (),
      |      ^~
%Warning-PINCONNECTEMPTY: rtl/cache_wrapper_reg_top.sv:184:6: Cell pin connected by name with empty reference: 'qe'
  184 |     .qe     (),
      |      ^~
%Warning-PINCONNECTEMPTY: rtl/cache_wrapper_reg_top.sv:186:6: Cell pin connected by name with empty reference: 'ds'
  186 |     .ds     (),
      |      ^~
%Warning-PINCONNECTEMPTY: rtl/cache_wrapper_reg_top.sv:203:6: Cell pin connected by name with empty reference: 'qe'
  203 |     .qe     (),
      |      ^~
%Warning-PINCONNECTEMPTY: rtl/cache_wrapper_reg_top.sv:205:6: Cell pin connected by name with empty reference: 'ds'
  205 |     .ds     (),
      |      ^~
%Warning-PINCONNECTEMPTY: rtl/cache_wrapper_reg_top.sv:218:6: Cell pin connected by name with empty reference: 'qe'
  218 |     .qe     (),
      |      ^~
%Warning-PINCONNECTEMPTY: rtl/cache_wrapper_reg_top.sv:220:6: Cell pin connected by name with empty reference: 'ds'
  220 |     .ds     (),
      |      ^~
%Warning-PINCONNECTEMPTY: rtl/cache_wrapper_reg_top.sv:234:6: Cell pin connected by name with empty reference: 'qe'
  234 |     .qe     (),
      |      ^~
%Warning-PINCONNECTEMPTY: rtl/cache_wrapper_reg_top.sv:236:6: Cell pin connected by name with empty reference: 'ds'
  236 |     .ds     (),
      |      ^~
%Warning-PINCONNECTEMPTY: rtl/cache_wrapper_reg_top.sv:273:6: Cell pin connected by name with empty reference: 'ds'
  273 |     .ds     (),
      |      ^~
%Warning-PINCONNECTEMPTY: rtl/cache_wrapper_reg_top.sv:276:6: Cell pin connected by name with empty reference: 'qs'
  276 |     .qs     ()
      |      ^~
%Warning-TIMESCALEMOD: ips/pkgs/top_pkg.sv:7:9: Timescale missing on this module as other modules have it (IEEE 1800-2023 3.14.2.3)
    7 | package top_pkg;
      |         ^~~~~~~
                       tb/cache_wrapper_tb.sv:3:8: ... Location of module with timescale
    3 | module cache_wrapper_tb;
      |        ^~~~~~~~~~~~~~~~
%Warning-TIMESCALEMOD: ips/prim/prim_reg_pkg.sv:1:9: Timescale missing on this module as other modules have it (IEEE 1800-2023 3.14.2.3)
    1 | package prim_reg_pkg;
      |         ^~~~~~~~~~~~
                       tb/cache_wrapper_tb.sv:3:8: ... Location of module with timescale
    3 | module cache_wrapper_tb;
      |        ^~~~~~~~~~~~~~~~
%Warning-TIMESCALEMOD: ips/pkgs/prim_mubi_pkg.sv:15:9: Timescale missing on this module as other modules have it (IEEE 1800-2023 3.14.2.3)
   15 | package prim_mubi_pkg;
      |         ^~~~~~~~~~~~~
                       tb/cache_wrapper_tb.sv:3:8: ... Location of module with timescale
    3 | module cache_wrapper_tb;
      |        ^~~~~~~~~~~~~~~~
%Warning-TIMESCALEMOD: ips/pkgs/prim_secded_pkg.sv:8:9: Timescale missing on this module as other modules have it (IEEE 1800-2023 3.14.2.3)
    8 | package prim_secded_pkg;
      |         ^~~~~~~~~~~~~~~
                       tb/cache_wrapper_tb.sv:3:8: ... Location of module with timescale
    3 | module cache_wrapper_tb;
      |        ^~~~~~~~~~~~~~~~
%Warning-TIMESCALEMOD: ips/pkgs/prim_subreg_pkg.sv:5:9: Timescale missing on this module as other modules have it (IEEE 1800-2023 3.14.2.3)
    5 | package prim_subreg_pkg;
      |         ^~~~~~~~~~~~~~~
                       tb/cache_wrapper_tb.sv:3:8: ... Location of module with timescale
    3 | module cache_wrapper_tb;
      |        ^~~~~~~~~~~~~~~~
%Warning-TIMESCALEMOD: ips/pkgs/prim_util_pkg.sv:9:9: Timescale missing on this module as other modules have it (IEEE 1800-2023 3.14.2.3)
    9 | package prim_util_pkg;
      |         ^~~~~~~~~~~~~
                       tb/cache_wrapper_tb.sv:3:8: ... Location of module with timescale
    3 | module cache_wrapper_tb;
      |        ^~~~~~~~~~~~~~~~
%Warning-TIMESCALEMOD: ips/pkgs/tlul_pkg.sv:6:9: Timescale missing on this module as other modules have it (IEEE 1800-2023 3.14.2.3)
    6 | package tlul_pkg;
      |         ^~~~~~~~
                       tb/cache_wrapper_tb.sv:3:8: ... Location of module with timescale
    3 | module cache_wrapper_tb;
      |        ^~~~~~~~~~~~~~~~
%Warning-TIMESCALEMOD: ips/pkgs/prim_count_pkg.sv:5:9: Timescale missing on this module as other modules have it (IEEE 1800-2023 3.14.2.3)
                       tb/cache_wrapper_tb.sv:3:8: ... Location of module with timescale
    3 | module cache_wrapper_tb;
      |        ^~~~~~~~~~~~~~~~
%Warning-TIMESCALEMOD: ips/pkgs/prim_alert_pkg.sv:5:9: Timescale missing on this module as other modules have it (IEEE 1800-2023 3.14.2.3)
                       tb/cache_wrapper_tb.sv:3:8: ... Location of module with timescale
    3 | module cache_wrapper_tb;
      |        ^~~~~~~~~~~~~~~~
%Warning-TIMESCALEMOD: ips/prim/prim_ram.sv:1:8: Timescale missing on this module as other modules have it (IEEE 1800-2023 3.14.2.3)
    1 | module prim_ram #(
      |        ^~~~~~~~
                       tb/cache_wrapper_tb.sv:3:8: ... Location of module with timescale
    3 | module cache_wrapper_tb;
      |        ^~~~~~~~~~~~~~~~
%Warning-TIMESCALEMOD: ips/prim_opentitan/prim_flop.sv:7:8: Timescale missing on this module as other modules have it (IEEE 1800-2023 3.14.2.3)
    7 | module prim_flop #(
      |        ^~~~~~~~~
                       tb/cache_wrapper_tb.sv:3:8: ... Location of module with timescale
    3 | module cache_wrapper_tb;
      |        ^~~~~~~~~~~~~~~~
%Warning-TIMESCALEMOD: ips/prim_opentitan/prim_secded_inv_39_32_dec.sv:7:8: Timescale missing on this module as other modules have it (IEEE 1800-2023 3.14.2.3)
    7 | module prim_secded_inv_39_32_dec (
      |        ^~~~~~~~~~~~~~~~~~~~~~~~~
                       tb/cache_wrapper_tb.sv:3:8: ... Location of module with timescale
    3 | module cache_wrapper_tb;
      |        ^~~~~~~~~~~~~~~~
%Warning-TIMESCALEMOD: ips/prim_opentitan/prim_secded_inv_39_32_enc.sv:7:8: Timescale missing on this module as other modules have it (IEEE 1800-2023 3.14.2.3)
    7 | module prim_secded_inv_39_32_enc (
      |        ^~~~~~~~~~~~~~~~~~~~~~~~~
                       tb/cache_wrapper_tb.sv:3:8: ... Location of module with timescale
    3 | module cache_wrapper_tb;
      |        ^~~~~~~~~~~~~~~~
%Warning-TIMESCALEMOD: ips/prim_opentitan/prim_secded_inv_64_57_dec.sv:7:8: Timescale missing on this module as other modules have it (IEEE 1800-2023 3.14.2.3)
    7 | module prim_secded_inv_64_57_dec (
      |        ^~~~~~~~~~~~~~~~~~~~~~~~~
                       tb/cache_wrapper_tb.sv:3:8: ... Location of module with timescale
    3 | module cache_wrapper_tb;
      |        ^~~~~~~~~~~~~~~~
%Warning-TIMESCALEMOD: ips/prim_opentitan/prim_secded_inv_64_57_enc.sv:7:8: Timescale missing on this module as other modules have it (IEEE 1800-2023 3.14.2.3)
    7 | module prim_secded_inv_64_57_enc (
      |        ^~~~~~~~~~~~~~~~~~~~~~~~~
                       tb/cache_wrapper_tb.sv:3:8: ... Location of module with timescale
    3 | module cache_wrapper_tb;
      |        ^~~~~~~~~~~~~~~~
%Warning-TIMESCALEMOD: ips/prim_opentitan/prim_subreg.sv:7:8: Timescale missing on this module as other modules have it (IEEE 1800-2023 3.14.2.3)
    7 | module prim_subreg
      |        ^~~~~~~~~~~
                       tb/cache_wrapper_tb.sv:3:8: ... Location of module with timescale
    3 | module cache_wrapper_tb;
      |        ^~~~~~~~~~~~~~~~
%Warning-TIMESCALEMOD: ips/prim_opentitan/prim_subreg_arb.sv:7:8: Timescale missing on this module as other modules have it (IEEE 1800-2023 3.14.2.3)
    7 | module prim_subreg_arb
      |        ^~~~~~~~~~~~~~~
                       tb/cache_wrapper_tb.sv:3:8: ... Location of module with timescale
    3 | module cache_wrapper_tb;
      |        ^~~~~~~~~~~~~~~~
%Warning-TIMESCALEMOD: ips/prim_opentitan/prim_subreg_ext.sv:7:8: Timescale missing on this module as other modules have it (IEEE 1800-2023 3.14.2.3)
    7 | module prim_subreg_ext #(
      |        ^~~~~~~~~~~~~~~
                       tb/cache_wrapper_tb.sv:3:8: ... Location of module with timescale
    3 | module cache_wrapper_tb;
      |        ^~~~~~~~~~~~~~~~
%Warning-TIMESCALEMOD: ips/tlul/tlul_adapter_reg.sv:19:8: Timescale missing on this module as other modules have it (IEEE 1800-2023 3.14.2.3)
   19 | module tlul_adapter_reg
      |        ^~~~~~~~~~~~~~~~
                       tb/cache_wrapper_tb.sv:3:8: ... Location of module with timescale
    3 | module cache_wrapper_tb;
      |        ^~~~~~~~~~~~~~~~
%Warning-TIMESCALEMOD: ips/tlul/tlul_cmd_intg_chk.sv:11:8: Timescale missing on this module as other modules have it (IEEE 1800-2023 3.14.2.3)
   11 | module tlul_cmd_intg_chk import tlul_pkg::*; (
      |        ^~~~~~~~~~~~~~~~~
                       tb/cache_wrapper_tb.sv:3:8: ... Location of module with timescale
    3 | module cache_wrapper_tb;
      |        ^~~~~~~~~~~~~~~~
%Warning-TIMESCALEMOD: ips/tlul/tlul_data_integ_dec.sv:11:8: Timescale missing on this module as other modules have it (IEEE 1800-2023 3.14.2.3)
   11 | module tlul_data_integ_dec import tlul_pkg::*; (
      |        ^~~~~~~~~~~~~~~~~~~
                       tb/cache_wrapper_tb.sv:3:8: ... Location of module with timescale
    3 | module cache_wrapper_tb;
      |        ^~~~~~~~~~~~~~~~
%Warning-TIMESCALEMOD: ips/tlul/tlul_data_integ_enc.sv:11:8: Timescale missing on this module as other modules have it (IEEE 1800-2023 3.14.2.3)
   11 | module tlul_data_integ_enc import tlul_pkg::*; (
      |        ^~~~~~~~~~~~~~~~~~~
                       tb/cache_wrapper_tb.sv:3:8: ... Location of module with timescale
    3 | module cache_wrapper_tb;
      |        ^~~~~~~~~~~~~~~~
%Warning-TIMESCALEMOD: ips/tlul/tlul_err.sv:8:8: Timescale missing on this module as other modules have it (IEEE 1800-2023 3.14.2.3)
    8 | module tlul_err import tlul_pkg::*; (
      |        ^~~~~~~~
                       tb/cache_wrapper_tb.sv:3:8: ... Location of module with timescale
    3 | module cache_wrapper_tb;
      |        ^~~~~~~~~~~~~~~~
%Warning-TIMESCALEMOD: ips/tlul/tlul_rsp_intg_gen.sv:11:8: Timescale missing on this module as other modules have it (IEEE 1800-2023 3.14.2.3)
   11 | module tlul_rsp_intg_gen import tlul_pkg::*; #(
      |        ^~~~~~~~~~~~~~~~~
                       tb/cache_wrapper_tb.sv:3:8: ... Location of module with timescale
    3 | module cache_wrapper_tb;
      |        ^~~~~~~~~~~~~~~~
%Warning-TIMESCALEMOD: ips/prim_opentitan/prim_arbiter_ppc.sv:27:8: Timescale missing on this module as other modules have it (IEEE 1800-2023 3.14.2.3)
   27 | module prim_arbiter_ppc #(
      |        ^~~~~~~~~~~~~~~~
                       tb/cache_wrapper_tb.sv:3:8: ... Location of module with timescale
    3 | module cache_wrapper_tb;
      |        ^~~~~~~~~~~~~~~~
%Warning-TIMESCALEMOD: ips/prim_opentitan/prim_buf.sv:7:8: Timescale missing on this module as other modules have it (IEEE 1800-2023 3.14.2.3)
    7 | module prim_buf #(
      |        ^~~~~~~~
                       tb/cache_wrapper_tb.sv:3:8: ... Location of module with timescale
    3 | module cache_wrapper_tb;
      |        ^~~~~~~~~~~~~~~~
%Warning-TIMESCALEMOD: ips/prim_opentitan/prim_cdc_rand_delay.sv:17:8: Timescale missing on this module as other modules have it (IEEE 1800-2023 3.14.2.3)
   17 | module prim_cdc_rand_delay #(
      |        ^~~~~~~~~~~~~~~~~~~
                       tb/cache_wrapper_tb.sv:3:8: ... Location of module with timescale
    3 | module cache_wrapper_tb;
      |        ^~~~~~~~~~~~~~~~
%Warning-TIMESCALEMOD: ips/prim_opentitan/prim_count.sv:28:8: Timescale missing on this module as other modules have it (IEEE 1800-2023 3.14.2.3)
   28 | module prim_count
      |        ^~~~~~~~~~
                       tb/cache_wrapper_tb.sv:3:8: ... Location of module with timescale
    3 | module cache_wrapper_tb;
      |        ^~~~~~~~~~~~~~~~
%Warning-TIMESCALEMOD: ips/prim_opentitan/prim_diff_decode.sv:20:8: Timescale missing on this module as other modules have it (IEEE 1800-2023 3.14.2.3)
   20 | module prim_diff_decode #(
      |        ^~~~~~~~~~~~~~~~
                       tb/cache_wrapper_tb.sv:3:8: ... Location of module with timescale
    3 | module cache_wrapper_tb;
      |        ^~~~~~~~~~~~~~~~
%Warning-TIMESCALEMOD: ips/prim_opentitan/prim_fifo_async.sv:9:8: Timescale missing on this module as other modules have it (IEEE 1800-2023 3.14.2.3)
    9 | module prim_fifo_async #(
      |        ^~~~~~~~~~~~~~~
                       tb/cache_wrapper_tb.sv:3:8: ... Location of module with timescale
    3 | module cache_wrapper_tb;
      |        ^~~~~~~~~~~~~~~~
%Warning-TIMESCALEMOD: ips/prim_opentitan/prim_fifo_async_simple.sv:8:8: Timescale missing on this module as other modules have it (IEEE 1800-2023 3.14.2.3)
    8 | module prim_fifo_async_simple #(
      |        ^~~~~~~~~~~~~~~~~~~~~~
                       tb/cache_wrapper_tb.sv:3:8: ... Location of module with timescale
    3 | module cache_wrapper_tb;
      |        ^~~~~~~~~~~~~~~~
%Warning-TIMESCALEMOD: ips/prim_opentitan/prim_fifo_async_sram_adapter.sv:9:8: Timescale missing on this module as other modules have it (IEEE 1800-2023 3.14.2.3)
    9 | module prim_fifo_async_sram_adapter #(
      |        ^~~~~~~~~~~~~~~~~~~~~~~~~~~~
                       tb/cache_wrapper_tb.sv:3:8: ... Location of module with timescale
    3 | module cache_wrapper_tb;
      |        ^~~~~~~~~~~~~~~~
%Warning-TIMESCALEMOD: ips/prim_opentitan/prim_fifo_sync.sv:9:8: Timescale missing on this module as other modules have it (IEEE 1800-2023 3.14.2.3)
    9 | module prim_fifo_sync #(
      |        ^~~~~~~~~~~~~~
                       tb/cache_wrapper_tb.sv:3:8: ... Location of module with timescale
    3 | module cache_wrapper_tb;
      |        ^~~~~~~~~~~~~~~~
%Warning-TIMESCALEMOD: ips/prim_opentitan/prim_fifo_sync_cnt.sv:9:8: Timescale missing on this module as other modules have it (IEEE 1800-2023 3.14.2.3)
    9 | module prim_fifo_sync_cnt #(
      |        ^~~~~~~~~~~~~~~~~~
                       tb/cache_wrapper_tb.sv:3:8: ... Location of module with timescale
    3 | module cache_wrapper_tb;
      |        ^~~~~~~~~~~~~~~~
%Warning-TIMESCALEMOD: ips/prim_opentitan/prim_filter.sv:13:8: Timescale missing on this module as other modules have it (IEEE 1800-2023 3.14.2.3)
   13 | module prim_filter #(
      |        ^~~~~~~~~~~
                       tb/cache_wrapper_tb.sv:3:8: ... Location of module with timescale
    3 | module cache_wrapper_tb;
      |        ^~~~~~~~~~~~~~~~
%Warning-TIMESCALEMOD: ips/prim_opentitan/prim_filter_ctr.sv:15:8: Timescale missing on this module as other modules have it (IEEE 1800-2023 3.14.2.3)
   15 | module prim_filter_ctr #(
      |        ^~~~~~~~~~~~~~~
                       tb/cache_wrapper_tb.sv:3:8: ... Location of module with timescale
    3 | module cache_wrapper_tb;
      |        ^~~~~~~~~~~~~~~~
%Warning-TIMESCALEMOD: ips/prim_opentitan/prim_flop_2sync.sv:1:8: Timescale missing on this module as other modules have it (IEEE 1800-2023 3.14.2.3)
    1 | module prim_flop_2sync #(
      |        ^~~~~~~~~~~~~~~
                       tb/cache_wrapper_tb.sv:3:8: ... Location of module with timescale
    3 | module cache_wrapper_tb;
      |        ^~~~~~~~~~~~~~~~
%Warning-TIMESCALEMOD: ips/prim_opentitan/prim_intr_hw.sv:19:8: Timescale missing on this module as other modules have it (IEEE 1800-2023 3.14.2.3)
   19 | module prim_intr_hw # (
      |        ^~~~~~~~~~~~
                       tb/cache_wrapper_tb.sv:3:8: ... Location of module with timescale
    3 | module cache_wrapper_tb;
      |        ^~~~~~~~~~~~~~~~
%Warning-TIMESCALEMOD: ips/prim_opentitan/prim_onehot_check.sv:21:8: Timescale missing on this module as other modules have it (IEEE 1800-2023 3.14.2.3)
   21 | module prim_onehot_check #(
      |        ^~~~~~~~~~~~~~~~~
                       tb/cache_wrapper_tb.sv:3:8: ... Location of module with timescale
    3 | module cache_wrapper_tb;
      |        ^~~~~~~~~~~~~~~~
%Warning-TIMESCALEMOD: ips/prim_opentitan/prim_pulse_sync.sv:16:8: Timescale missing on this module as other modules have it (IEEE 1800-2023 3.14.2.3)
   16 | module prim_pulse_sync (
      |        ^~~~~~~~~~~~~~~
                       tb/cache_wrapper_tb.sv:3:8: ... Location of module with timescale
    3 | module cache_wrapper_tb;
      |        ^~~~~~~~~~~~~~~~
%Warning-TIMESCALEMOD: ips/prim_opentitan/prim_reg_cdc.sv:28:8: Timescale missing on this module as other modules have it (IEEE 1800-2023 3.14.2.3)
   28 | module prim_reg_cdc #(
      |        ^~~~~~~~~~~~
                       tb/cache_wrapper_tb.sv:3:8: ... Location of module with timescale
    3 | module cache_wrapper_tb;
      |        ^~~~~~~~~~~~~~~~
%Warning-TIMESCALEMOD: ips/prim_opentitan/prim_reg_cdc_arb.sv:52:8: Timescale missing on this module as other modules have it (IEEE 1800-2023 3.14.2.3)
   52 | module prim_reg_cdc_arb #(
      |        ^~~~~~~~~~~~~~~~
                       tb/cache_wrapper_tb.sv:3:8: ... Location of module with timescale
    3 | module cache_wrapper_tb;
      |        ^~~~~~~~~~~~~~~~
%Warning-TIMESCALEMOD: ips/prim_opentitan/prim_reg_we_check.sv:10:8: Timescale missing on this module as other modules have it (IEEE 1800-2023 3.14.2.3)
   10 | module prim_reg_we_check #(
      |        ^~~~~~~~~~~~~~~~~
                       tb/cache_wrapper_tb.sv:3:8: ... Location of module with timescale
    3 | module cache_wrapper_tb;
      |        ^~~~~~~~~~~~~~~~
%Warning-TIMESCALEMOD: ips/prim_opentitan/prim_sec_anchor_buf.sv:7:8: Timescale missing on this module as other modules have it (IEEE 1800-2023 3.14.2.3)
    7 | module prim_sec_anchor_buf #(
      |        ^~~~~~~~~~~~~~~~~~~
                       tb/cache_wrapper_tb.sv:3:8: ... Location of module with timescale
    3 | module cache_wrapper_tb;
      |        ^~~~~~~~~~~~~~~~
%Warning-TIMESCALEMOD: ips/prim_opentitan/prim_sec_anchor_flop.sv:7:8: Timescale missing on this module as other modules have it (IEEE 1800-2023 3.14.2.3)
    7 | module prim_sec_anchor_flop #(
      |        ^~~~~~~~~~~~~~~~~~~~
                       tb/cache_wrapper_tb.sv:3:8: ... Location of module with timescale
    3 | module cache_wrapper_tb;
      |        ^~~~~~~~~~~~~~~~
%Warning-TIMESCALEMOD: ips/prim_opentitan/prim_sync_reqack.sv:34:8: Timescale missing on this module as other modules have it (IEEE 1800-2023 3.14.2.3)
   34 | module prim_sync_reqack #(
      |        ^~~~~~~~~~~~~~~~
                       tb/cache_wrapper_tb.sv:3:8: ... Location of module with timescale
    3 | module cache_wrapper_tb;
      |        ^~~~~~~~~~~~~~~~
%Warning-TIMESCALEMOD: ips/prim_opentitan/prim_alert_sender.sv:44:8: Timescale missing on this module as other modules have it (IEEE 1800-2023 3.14.2.3)
   44 | module prim_alert_sender
      |        ^~~~~~~~~~~~~~~~~
                       tb/cache_wrapper_tb.sv:3:8: ... Location of module with timescale
    3 | module cache_wrapper_tb;
      |        ^~~~~~~~~~~~~~~~
%Warning-TIMESCALEMOD: ips/tlul/sram2tlul.sv:12:8: Timescale missing on this module as other modules have it (IEEE 1800-2023 3.14.2.3)
   12 | module sram2tlul #(
      |        ^~~~~~~~~
                       tb/cache_wrapper_tb.sv:3:8: ... Location of module with timescale
    3 | module cache_wrapper_tb;
      |        ^~~~~~~~~~~~~~~~
%Warning-TIMESCALEMOD: ips/tlul/tlul_adapter_host.sv:24:8: Timescale missing on this module as other modules have it (IEEE 1800-2023 3.14.2.3)
   24 | module tlul_adapter_host
      |        ^~~~~~~~~~~~~~~~~
                       tb/cache_wrapper_tb.sv:3:8: ... Location of module with timescale
    3 | module cache_wrapper_tb;
      |        ^~~~~~~~~~~~~~~~
%Warning-TIMESCALEMOD: ips/tlul/tlul_adapter_sram.sv:20:8: Timescale missing on this module as other modules have it (IEEE 1800-2023 3.14.2.3)
   20 | module tlul_adapter_sram
      |        ^~~~~~~~~~~~~~~~~
                       tb/cache_wrapper_tb.sv:3:8: ... Location of module with timescale
    3 | module cache_wrapper_tb;
      |        ^~~~~~~~~~~~~~~~
%Warning-TIMESCALEMOD: ips/tlul/tlul_assert.sv:10:8: Timescale missing on this module as other modules have it (IEEE 1800-2023 3.14.2.3)
   10 | module tlul_assert #(
      |        ^~~~~~~~~~~
                       tb/cache_wrapper_tb.sv:3:8: ... Location of module with timescale
    3 | module cache_wrapper_tb;
      |        ^~~~~~~~~~~~~~~~
%Warning-TIMESCALEMOD: ips/tlul/tlul_assert_multiple.sv:7:8: Timescale missing on this module as other modules have it (IEEE 1800-2023 3.14.2.3)
    7 | module tlul_assert_multiple #(
      |        ^~~~~~~~~~~~~~~~~~~~
                       tb/cache_wrapper_tb.sv:3:8: ... Location of module with timescale
    3 | module cache_wrapper_tb;
      |        ^~~~~~~~~~~~~~~~
%Warning-TIMESCALEMOD: ips/tlul/tlul_cmd_intg_gen.sv:11:8: Timescale missing on this module as other modules have it (IEEE 1800-2023 3.14.2.3)
   11 | module tlul_cmd_intg_gen import tlul_pkg::*; #(
      |        ^~~~~~~~~~~~~~~~~
                       tb/cache_wrapper_tb.sv:3:8: ... Location of module with timescale
    3 | module cache_wrapper_tb;
      |        ^~~~~~~~~~~~~~~~
%Warning-TIMESCALEMOD: ips/tlul/tlul_err_resp.sv:9:8: Timescale missing on this module as other modules have it (IEEE 1800-2023 3.14.2.3)
    9 | module tlul_err_resp (
      |        ^~~~~~~~~~~~~
                       tb/cache_wrapper_tb.sv:3:8: ... Location of module with timescale
    3 | module cache_wrapper_tb;
      |        ^~~~~~~~~~~~~~~~
%Warning-TIMESCALEMOD: ips/tlul/tlul_fifo_async.sv:11:8: Timescale missing on this module as other modules have it (IEEE 1800-2023 3.14.2.3)
   11 | module tlul_fifo_async #(
      |        ^~~~~~~~~~~~~~~
                       tb/cache_wrapper_tb.sv:3:8: ... Location of module with timescale
    3 | module cache_wrapper_tb;
      |        ^~~~~~~~~~~~~~~~
%Warning-TIMESCALEMOD: ips/tlul/tlul_fifo_sync.sv:9:8: Timescale missing on this module as other modules have it (IEEE 1800-2023 3.14.2.3)
    9 | module tlul_fifo_sync #(
      |        ^~~~~~~~~~~~~~
                       tb/cache_wrapper_tb.sv:3:8: ... Location of module with timescale
    3 | module cache_wrapper_tb;
      |        ^~~~~~~~~~~~~~~~
%Warning-TIMESCALEMOD: ips/tlul/tlul_rsp_intg_chk.sv:11:8: Timescale missing on this module as other modules have it (IEEE 1800-2023 3.14.2.3)
   11 | module tlul_rsp_intg_chk import tlul_pkg::*; #(
      |        ^~~~~~~~~~~~~~~~~
                       tb/cache_wrapper_tb.sv:3:8: ... Location of module with timescale
    3 | module cache_wrapper_tb;
      |        ^~~~~~~~~~~~~~~~
%Warning-TIMESCALEMOD: ips/tlul/tlul_socket_1n.sv:44:8: Timescale missing on this module as other modules have it (IEEE 1800-2023 3.14.2.3)
   44 | module tlul_socket_1n #(
      |        ^~~~~~~~~~~~~~
                       tb/cache_wrapper_tb.sv:3:8: ... Location of module with timescale
    3 | module cache_wrapper_tb;
      |        ^~~~~~~~~~~~~~~~
%Warning-TIMESCALEMOD: ips/tlul/tlul_socket_m1.sv:25:8: Timescale missing on this module as other modules have it (IEEE 1800-2023 3.14.2.3)
   25 | module tlul_socket_m1 #(
      |        ^~~~~~~~~~~~~~
                       tb/cache_wrapper_tb.sv:3:8: ... Location of module with timescale
    3 | module cache_wrapper_tb;
      |        ^~~~~~~~~~~~~~~~
%Warning-TIMESCALEMOD: ips/tlul/tlul_sram_byte.sv:18:8: Timescale missing on this module as other modules have it (IEEE 1800-2023 3.14.2.3)
   18 | module tlul_sram_byte import tlul_pkg::*; #(
      |        ^~~~~~~~~~~~~~
                       tb/cache_wrapper_tb.sv:3:8: ... Location of module with timescale
    3 | module cache_wrapper_tb;
      |        ^~~~~~~~~~~~~~~~
%Warning-TIMESCALEMOD: rtl/cache_wrapper_reg_pkg.sv:7:9: Timescale missing on this module as other modules have it (IEEE 1800-2023 3.14.2.3)
    7 | package cache_wrapper_reg_pkg;
      |         ^~~~~~~~~~~~~~~~~~~~~
                       tb/cache_wrapper_tb.sv:3:8: ... Location of module with timescale
    3 | module cache_wrapper_tb;
      |        ^~~~~~~~~~~~~~~~
%Warning-TIMESCALEMOD: rtl/cache_wrapper_reg_top.sv:10:8: Timescale missing on this module as other modules have it (IEEE 1800-2023 3.14.2.3)
   10 | module cache_wrapper_reg_top
      |        ^~~~~~~~~~~~~~~~~~~~~
                       tb/cache_wrapper_tb.sv:3:8: ... Location of module with timescale
    3 | module cache_wrapper_tb;
      |        ^~~~~~~~~~~~~~~~
%Warning-TIMESCALEMOD: rtl/cache_wrapper.sv:5:8: Timescale missing on this module as other modules have it (IEEE 1800-2023 3.14.2.3)
    5 | module cache_wrapper #(
      |        ^~~~~~~~~~~~~
                       tb/cache_wrapper_tb.sv:3:8: ... Location of module with timescale
    3 | module cache_wrapper_tb;
      |        ^~~~~~~~~~~~~~~~
%Warning-VARHIDDEN: tb/cache_wrapper_tb.sv:80:82: Declaration of signal hides declaration in upper scope: 'data'
   80 |   task cpu_write(input logic [ADDR_WIDTH-1:0] addr, input logic [DATA_WIDTH-1:0] data);
      |                                                                                  ^~~~
                    tb/cache_wrapper_tb.sv:14:26: ... Location of original declaration
   14 |   logic [DATA_WIDTH-1:0] data;
      |                          ^~~~
%Warning-VARHIDDEN: tb/cache_wrapper_tb.sv:96:82: Declaration of signal hides declaration in upper scope: 'data'
   96 |   task cpu_read(input logic [ADDR_WIDTH-1:0] addr, output logic [DATA_WIDTH-1:0] data);
      |                                                                                  ^~~~
                    tb/cache_wrapper_tb.sv:14:26: ... Location of original declaration
   14 |   logic [DATA_WIDTH-1:0] data;
      |                          ^~~~
%Warning-UNUSEDSIGNAL: tb/cache_wrapper_tb.sv:14:26: Signal is not used: 'data'
                                                   : ... note: In instance 'cache_wrapper_tb'
   14 |   logic [DATA_WIDTH-1:0] data;
      |                          ^~~~
%Warning-UNUSEDPARAM: ips/pkgs/top_pkg.sv:13:16: Parameter is not used: 'TL_AUW'
                                               : ... note: In instance 'cache_wrapper_tb'
   13 | localparam int TL_AUW=21;    
      |                ^~~~~~
%Warning-UNUSEDPARAM: ips/pkgs/top_pkg.sv:14:16: Parameter is not used: 'TL_DUW'
                                               : ... note: In instance 'cache_wrapper_tb'
   14 | localparam int TL_DUW=14;    
      |                ^~~~~~
%Warning-UNUSEDPARAM: ips/pkgs/top_pkg.sv:21:16: Parameter is not used: 'SecVolatileRawUnlockEn'
                                               : ... note: In instance 'cache_wrapper_tb'
   21 | localparam int SecVolatileRawUnlockEn = 0;
      |                ^~~~~~~~~~~~~~~~~~~~~~
%Warning-UNUSEDPARAM: ips/pkgs/prim_secded_pkg.sv:81:25: Parameter is not used: 'Secded2216ZeroEcc'
                                                       : ... note: In instance 'cache_wrapper_tb'
   81 |   parameter logic [5:0] Secded2216ZeroEcc = 6'h0;
      |                         ^~~~~~~~~~~~~~~~~
%Warning-UNUSEDPARAM: ips/pkgs/prim_secded_pkg.sv:82:26: Parameter is not used: 'Secded2216ZeroWord'
                                                       : ... note: In instance 'cache_wrapper_tb'
   82 |   parameter logic [21:0] Secded2216ZeroWord = 22'h0;
      |                          ^~~~~~~~~~~~~~~~~~
%Warning-UNUSEDPARAM: ips/pkgs/prim_secded_pkg.sv:90:25: Parameter is not used: 'Secded2822ZeroEcc'
                                                       : ... note: In instance 'cache_wrapper_tb'
   90 |   parameter logic [5:0] Secded2822ZeroEcc = 6'h0;
      |                         ^~~~~~~~~~~~~~~~~
%Warning-UNUSEDPARAM: ips/pkgs/prim_secded_pkg.sv:91:26: Parameter is not used: 'Secded2822ZeroWord'
                                                       : ... note: In instance 'cache_wrapper_tb'
   91 |   parameter logic [27:0] Secded2822ZeroWord = 28'h0;
      |                          ^~~~~~~~~~~~~~~~~~
%Warning-UNUSEDPARAM: ips/pkgs/prim_secded_pkg.sv:99:25: Parameter is not used: 'Secded3932ZeroEcc'
                                                       : ... note: In instance 'cache_wrapper_tb'
   99 |   parameter logic [6:0] Secded3932ZeroEcc = 7'h0;
      |                         ^~~~~~~~~~~~~~~~~
%Warning-UNUSEDPARAM: ips/pkgs/prim_secded_pkg.sv:100:26: Parameter is not used: 'Secded3932ZeroWord'
                                                        : ... note: In instance 'cache_wrapper_tb'
  100 |   parameter logic [38:0] Secded3932ZeroWord = 39'h0;
      |                          ^~~~~~~~~~~~~~~~~~
%Warning-UNUSEDPARAM: ips/pkgs/prim_secded_pkg.sv:108:25: Parameter is not used: 'Secded6457ZeroEcc'
                                                        : ... note: In instance 'cache_wrapper_tb'
  108 |   parameter logic [6:0] Secded6457ZeroEcc = 7'h0;
      |                         ^~~~~~~~~~~~~~~~~
%Warning-UNUSEDPARAM: ips/pkgs/prim_secded_pkg.sv:109:26: Parameter is not used: 'Secded6457ZeroWord'
                                                        : ... note: In instance 'cache_wrapper_tb'
  109 |   parameter logic [63:0] Secded6457ZeroWord = 64'h0;
      |                          ^~~~~~~~~~~~~~~~~~
%Warning-UNUSEDPARAM: ips/pkgs/prim_secded_pkg.sv:117:25: Parameter is not used: 'Secded7264ZeroEcc'
                                                        : ... note: In instance 'cache_wrapper_tb'
  117 |   parameter logic [7:0] Secded7264ZeroEcc = 8'h0;
      |                         ^~~~~~~~~~~~~~~~~
%Warning-UNUSEDPARAM: ips/pkgs/prim_secded_pkg.sv:118:26: Parameter is not used: 'Secded7264ZeroWord'
                                                        : ... note: In instance 'cache_wrapper_tb'
  118 |   parameter logic [71:0] Secded7264ZeroWord = 72'h0;
      |                          ^~~~~~~~~~~~~~~~~~
%Warning-UNUSEDPARAM: ips/pkgs/prim_secded_pkg.sv:126:25: Parameter is not used: 'SecdedHamming2216ZeroEcc'
                                                        : ... note: In instance 'cache_wrapper_tb'
  126 |   parameter logic [5:0] SecdedHamming2216ZeroEcc = 6'h0;
      |                         ^~~~~~~~~~~~~~~~~~~~~~~~
%Warning-UNUSEDPARAM: ips/pkgs/prim_secded_pkg.sv:127:26: Parameter is not used: 'SecdedHamming2216ZeroWord'
                                                        : ... note: In instance 'cache_wrapper_tb'
  127 |   parameter logic [21:0] SecdedHamming2216ZeroWord = 22'h0;
      |                          ^~~~~~~~~~~~~~~~~~~~~~~~~
%Warning-UNUSEDPARAM: ips/pkgs/prim_secded_pkg.sv:135:25: Parameter is not used: 'SecdedHamming3932ZeroEcc'
                                                        : ... note: In instance 'cache_wrapper_tb'
  135 |   parameter logic [6:0] SecdedHamming3932ZeroEcc = 7'h0;
      |                         ^~~~~~~~~~~~~~~~~~~~~~~~
%Warning-UNUSEDPARAM: ips/pkgs/prim_secded_pkg.sv:136:26: Parameter is not used: 'SecdedHamming3932ZeroWord'
                                                        : ... note: In instance 'cache_wrapper_tb'
  136 |   parameter logic [38:0] SecdedHamming3932ZeroWord = 39'h0;
      |                          ^~~~~~~~~~~~~~~~~~~~~~~~~
%Warning-UNUSEDPARAM: ips/pkgs/prim_secded_pkg.sv:144:25: Parameter is not used: 'SecdedHamming7264ZeroEcc'
                                                        : ... note: In instance 'cache_wrapper_tb'
  144 |   parameter logic [7:0] SecdedHamming7264ZeroEcc = 8'h0;
      |                         ^~~~~~~~~~~~~~~~~~~~~~~~
%Warning-UNUSEDPARAM: ips/pkgs/prim_secded_pkg.sv:145:26: Parameter is not used: 'SecdedHamming7264ZeroWord'
                                                        : ... note: In instance 'cache_wrapper_tb'
  145 |   parameter logic [71:0] SecdedHamming7264ZeroWord = 72'h0;
      |                          ^~~~~~~~~~~~~~~~~~~~~~~~~
%Warning-UNUSEDPARAM: ips/pkgs/prim_secded_pkg.sv:153:25: Parameter is not used: 'SecdedHamming7668ZeroEcc'
                                                        : ... note: In instance 'cache_wrapper_tb'
  153 |   parameter logic [7:0] SecdedHamming7668ZeroEcc = 8'h0;
      |                         ^~~~~~~~~~~~~~~~~~~~~~~~
%Warning-UNUSEDPARAM: ips/pkgs/prim_secded_pkg.sv:154:26: Parameter is not used: 'SecdedHamming7668ZeroWord'
                                                        : ... note: In instance 'cache_wrapper_tb'
  154 |   parameter logic [75:0] SecdedHamming7668ZeroWord = 76'h0;
      |                          ^~~~~~~~~~~~~~~~~~~~~~~~~
%Warning-UNUSEDPARAM: ips/pkgs/prim_secded_pkg.sv:162:25: Parameter is not used: 'SecdedInv2216ZeroEcc'
                                                        : ... note: In instance 'cache_wrapper_tb'
  162 |   parameter logic [5:0] SecdedInv2216ZeroEcc = 6'h2A;
      |                         ^~~~~~~~~~~~~~~~~~~~
%Warning-UNUSEDPARAM: ips/pkgs/prim_secded_pkg.sv:163:26: Parameter is not used: 'SecdedInv2216ZeroWord'
                                                        : ... note: In instance 'cache_wrapper_tb'
  163 |   parameter logic [21:0] SecdedInv2216ZeroWord = 22'h2A0000;
      |                          ^~~~~~~~~~~~~~~~~~~~~
%Warning-UNUSEDPARAM: ips/pkgs/prim_secded_pkg.sv:171:25: Parameter is not used: 'SecdedInv2822ZeroEcc'
                                                        : ... note: In instance 'cache_wrapper_tb'
  171 |   parameter logic [5:0] SecdedInv2822ZeroEcc = 6'h2A;
      |                         ^~~~~~~~~~~~~~~~~~~~
%Warning-UNUSEDPARAM: ips/pkgs/prim_secded_pkg.sv:172:26: Parameter is not used: 'SecdedInv2822ZeroWord'
                                                        : ... note: In instance 'cache_wrapper_tb'
  172 |   parameter logic [27:0] SecdedInv2822ZeroWord = 28'hA800000;
      |                          ^~~~~~~~~~~~~~~~~~~~~
%Warning-UNUSEDPARAM: ips/pkgs/prim_secded_pkg.sv:180:25: Parameter is not used: 'SecdedInv3932ZeroEcc'
                                                        : ... note: In instance 'cache_wrapper_tb'
  180 |   parameter logic [6:0] SecdedInv3932ZeroEcc = 7'h2A;
      |                         ^~~~~~~~~~~~~~~~~~~~
%Warning-UNUSEDPARAM: ips/pkgs/prim_secded_pkg.sv:181:26: Parameter is not used: 'SecdedInv3932ZeroWord'
                                                        : ... note: In instance 'cache_wrapper_tb'
  181 |   parameter logic [38:0] SecdedInv3932ZeroWord = 39'h2A00000000;
      |                          ^~~~~~~~~~~~~~~~~~~~~
%Warning-UNUSEDPARAM: ips/pkgs/prim_secded_pkg.sv:189:25: Parameter is not used: 'SecdedInv6457ZeroEcc'
                                                        : ... note: In instance 'cache_wrapper_tb'
  189 |   parameter logic [6:0] SecdedInv6457ZeroEcc = 7'h2A;
      |                         ^~~~~~~~~~~~~~~~~~~~
%Warning-UNUSEDPARAM: ips/pkgs/prim_secded_pkg.sv:190:26: Parameter is not used: 'SecdedInv6457ZeroWord'
                                                        : ... note: In instance 'cache_wrapper_tb'
  190 |   parameter logic [63:0] SecdedInv6457ZeroWord = 64'h5400000000000000;
      |                          ^~~~~~~~~~~~~~~~~~~~~
%Warning-UNUSEDPARAM: ips/pkgs/prim_secded_pkg.sv:198:25: Parameter is not used: 'SecdedInv7264ZeroEcc'
                                                        : ... note: In instance 'cache_wrapper_tb'
  198 |   parameter logic [7:0] SecdedInv7264ZeroEcc = 8'hAA;
      |                         ^~~~~~~~~~~~~~~~~~~~
%Warning-UNUSEDPARAM: ips/pkgs/prim_secded_pkg.sv:199:26: Parameter is not used: 'SecdedInv7264ZeroWord'
                                                        : ... note: In instance 'cache_wrapper_tb'
  199 |   parameter logic [71:0] SecdedInv7264ZeroWord = 72'hAA0000000000000000;
      |                          ^~~~~~~~~~~~~~~~~~~~~
%Warning-UNUSEDPARAM: ips/pkgs/prim_secded_pkg.sv:207:25: Parameter is not used: 'SecdedInvHamming2216ZeroEcc'
                                                        : ... note: In instance 'cache_wrapper_tb'
  207 |   parameter logic [5:0] SecdedInvHamming2216ZeroEcc = 6'h2A;
      |                         ^~~~~~~~~~~~~~~~~~~~~~~~~~~
%Warning-UNUSEDPARAM: ips/pkgs/prim_secded_pkg.sv:208:26: Parameter is not used: 'SecdedInvHamming2216ZeroWord'
                                                        : ... note: In instance 'cache_wrapper_tb'
  208 |   parameter logic [21:0] SecdedInvHamming2216ZeroWord = 22'h2A0000;
      |                          ^~~~~~~~~~~~~~~~~~~~~~~~~~~~
%Warning-UNUSEDPARAM: ips/pkgs/prim_secded_pkg.sv:216:25: Parameter is not used: 'SecdedInvHamming3932ZeroEcc'
                                                        : ... note: In instance 'cache_wrapper_tb'
  216 |   parameter logic [6:0] SecdedInvHamming3932ZeroEcc = 7'h2A;
      |                         ^~~~~~~~~~~~~~~~~~~~~~~~~~~
%Warning-UNUSEDPARAM: ips/pkgs/prim_secded_pkg.sv:217:26: Parameter is not used: 'SecdedInvHamming3932ZeroWord'
                                                        : ... note: In instance 'cache_wrapper_tb'
  217 |   parameter logic [38:0] SecdedInvHamming3932ZeroWord = 39'h2A00000000;
      |                          ^~~~~~~~~~~~~~~~~~~~~~~~~~~~
%Warning-UNUSEDPARAM: ips/pkgs/prim_secded_pkg.sv:225:25: Parameter is not used: 'SecdedInvHamming7264ZeroEcc'
                                                        : ... note: In instance 'cache_wrapper_tb'
  225 |   parameter logic [7:0] SecdedInvHamming7264ZeroEcc = 8'hAA;
      |                         ^~~~~~~~~~~~~~~~~~~~~~~~~~~
%Warning-UNUSEDPARAM: ips/pkgs/prim_secded_pkg.sv:226:26: Parameter is not used: 'SecdedInvHamming7264ZeroWord'
                                                        : ... note: In instance 'cache_wrapper_tb'
  226 |   parameter logic [71:0] SecdedInvHamming7264ZeroWord = 72'hAA0000000000000000;
      |                          ^~~~~~~~~~~~~~~~~~~~~~~~~~~~
%Warning-UNUSEDPARAM: ips/pkgs/prim_secded_pkg.sv:234:25: Parameter is not used: 'SecdedInvHamming7668ZeroEcc'
                                                        : ... note: In instance 'cache_wrapper_tb'
  234 |   parameter logic [7:0] SecdedInvHamming7668ZeroEcc = 8'hAA;
      |                         ^~~~~~~~~~~~~~~~~~~~~~~~~~~
%Warning-UNUSEDPARAM: ips/pkgs/prim_secded_pkg.sv:235:26: Parameter is not used: 'SecdedInvHamming7668ZeroWord'
                                                        : ... note: In instance 'cache_wrapper_tb'
  235 |   parameter logic [75:0] SecdedInvHamming7668ZeroWord = 76'hAA00000000000000000;
      |                          ^~~~~~~~~~~~~~~~~~~~~~~~~~~~
%Warning-UNUSEDPARAM: ips/pkgs/prim_alert_pkg.sv:19:24: Parameter is not used: 'ALERT_TX_DEFAULT'
                                                      : ... note: In instance 'cache_wrapper_tb.dut'
%Warning-UNUSEDPARAM: ips/pkgs/prim_alert_pkg.sv:22:24: Parameter is not used: 'ALERT_RX_DEFAULT'
                                                      : ... note: In instance 'cache_wrapper_tb.dut'
%Warning-UNUSEDPARAM: rtl/cache_wrapper_reg_pkg.sv:80:33: Parameter is not used: 'CACHE_WRAPPER_CTRL_OFFSET'
                                                        : ... note: In instance 'cache_wrapper_tb.dut'
   80 |   parameter logic [BlockAw-1:0] CACHE_WRAPPER_CTRL_OFFSET = 4'h 0;
      |                                 ^~~~~~~~~~~~~~~~~~~~~~~~~
%Warning-UNUSEDPARAM: rtl/cache_wrapper_reg_pkg.sv:81:33: Parameter is not used: 'CACHE_WRAPPER_STATUS_OFFSET'
                                                        : ... note: In instance 'cache_wrapper_tb.dut'
   81 |   parameter logic [BlockAw-1:0] CACHE_WRAPPER_STATUS_OFFSET = 4'h 4;
      |                                 ^~~~~~~~~~~~~~~~~~~~~~~~~~~
%Warning-UNUSEDPARAM: rtl/cache_wrapper_reg_pkg.sv:82:33: Parameter is not used: 'CACHE_WRAPPER_RDATA_OFFSET'
                                                        : ... note: In instance 'cache_wrapper_tb.dut'
   82 |   parameter logic [BlockAw-1:0] CACHE_WRAPPER_RDATA_OFFSET = 4'h 8;
      |                                 ^~~~~~~~~~~~~~~~~~~~~~~~~~
%Warning-UNUSEDPARAM: rtl/cache_wrapper_reg_pkg.sv:83:33: Parameter is not used: 'CACHE_WRAPPER_WDATA_OFFSET'
                                                        : ... note: In instance 'cache_wrapper_tb.dut'
   83 |   parameter logic [BlockAw-1:0] CACHE_WRAPPER_WDATA_OFFSET = 4'h c;
      |                                 ^~~~~~~~~~~~~~~~~~~~~~~~~~
%Warning-UNUSEDPARAM: rtl/cache_wrapper_reg_pkg.sv:86:25: Parameter is not used: 'CACHE_WRAPPER_STATUS_RESVAL'
                                                        : ... note: In instance 'cache_wrapper_tb.dut'
   86 |   parameter logic [1:0] CACHE_WRAPPER_STATUS_RESVAL = 2'h 0;
      |                         ^~~~~~~~~~~~~~~~~~~~~~~~~~~
%Warning-UNUSEDPARAM: rtl/cache_wrapper_reg_pkg.sv:87:25: Parameter is not used: 'CACHE_WRAPPER_RDATA_RESVAL'
                                                        : ... note: In instance 'cache_wrapper_tb.dut'
   87 |   parameter logic [7:0] CACHE_WRAPPER_RDATA_RESVAL = 8'h 0;
      |                         ^~~~~~~~~~~~~~~~~~~~~~~~~~
%Warning-UNUSEDPARAM: rtl/cache_wrapper_reg_pkg.sv:98:25: Parameter is not used: 'CACHE_WRAPPER_PERMIT'
                                                        : ... note: In instance 'cache_wrapper_tb.dut'
   98 |   parameter logic [3:0] CACHE_WRAPPER_PERMIT [4] = '{
      |                         ^~~~~~~~~~~~~~~~~~~~
%Warning-UNUSEDPARAM: ips/pkgs/tlul_pkg.sv:14:13: Parameter is not used: 'ArbiterImpl'
                                                : ... note: In instance 'cache_wrapper_tb.dut.gen_data_rams[0].data_ram_inst'
   14 |   parameter ArbiterImpl = "PPC";
      |             ^~~~~~~~~~~
%Warning-UNUSEDPARAM: ips/pkgs/tlul_pkg.sv:29:17: Parameter is not used: 'H2DCmdFullWidth'
                                                : ... note: In instance 'cache_wrapper_tb.dut.gen_data_rams[0].data_ram_inst'
   29 |   parameter int H2DCmdFullWidth = H2DCmdMaxWidth + H2DCmdIntgWidth;
      |                 ^~~~~~~~~~~~~~~
%Warning-UNUSEDPARAM: ips/pkgs/tlul_pkg.sv:32:17: Parameter is not used: 'D2HRspFullWidth'
                                                : ... note: In instance 'cache_wrapper_tb.dut.gen_data_rams[0].data_ram_inst'
   32 |   parameter int D2HRspFullWidth = D2HRspMaxWidth + D2HRspIntgWidth;
      |                 ^~~~~~~~~~~~~~~
%Warning-UNUSEDPARAM: ips/pkgs/tlul_pkg.sv:35:17: Parameter is not used: 'DataFullWidth'
                                                : ... note: In instance 'cache_wrapper_tb.dut.gen_data_rams[0].data_ram_inst'
   35 |   parameter int DataFullWidth   = DataMaxWidth + DataIntgWidth;
      |                 ^~~~~~~~~~~~~
%Warning-UNUSEDPARAM: ips/pkgs/tlul_pkg.sv:39:40: Parameter is not used: 'DataWhenInstrError'
                                                : ... note: In instance 'cache_wrapper_tb.dut.gen_data_rams[0].data_ram_inst'
   39 |   parameter logic [top_pkg::TL_DW-1:0] DataWhenInstrError = '0;
      |                                        ^~~~~~~~~~~~~~~~~~
%Warning-UNUSEDPARAM: ips/pkgs/tlul_pkg.sv:42:40: Parameter is not used: 'DataWhenError'
                                                : ... note: In instance 'cache_wrapper_tb.dut.gen_data_rams[0].data_ram_inst'
   42 |   parameter logic [top_pkg::TL_DW-1:0] DataWhenError      = {top_pkg::TL_DW{1'b1}};
      |                                        ^~~~~~~~~~~~~
%Warning-UNUSEDPARAM: ips/pkgs/tlul_pkg.sv:87:23: Parameter is not used: 'TL_H2D_DEFAULT'
                                                : ... note: In instance 'cache_wrapper_tb.dut.gen_data_rams[0].data_ram_inst'
   87 |   localparam tl_h2d_t TL_H2D_DEFAULT = '{
      |                       ^~~~~~~~~~~~~~
%Warning-UNUSEDPARAM: ips/pkgs/tlul_pkg.sv:131:23: Parameter is not used: 'TL_D2H_DEFAULT'
                                                 : ... note: In instance 'cache_wrapper_tb.dut.gen_data_rams[0].data_ram_inst'
  131 |   localparam tl_d2h_t TL_D2H_DEFAULT = '{
      |                       ^~~~~~~~~~~~~~
%Warning-CASEINCOMPLETE: tb/cache_wrapper_tb.sv:141:7: Case values incompletely covered (example pattern 0x2)
  141 |       case (mem_state)
      |       ^~~~
%Warning-SYNCASYNCNET: tb/cache_wrapper_tb.sv:13:9: Signal flopped as both synchronous and async: 'cache_wrapper_tb.rst_ni'
                       tb/cache_wrapper_tb.sv:133:10: ... Location of async usage
  133 |     if (!rst_ni) begin
      |          ^~~~~~
                       rtl/cache_wrapper.sv:79:10: ... Location of sync usage
   79 |     if (!rst_ni) begin
      |          ^~~~~~
make[1]: Entering directory '/home/eneadim/github/flexsoc/sim/verilator'
ccache g++ -Os  -I.  -MMD -I/usr/local/share/verilator/include -I/usr/local/share/verilator/include/vltstd -DVM_COVERAGE=0 -DVM_SC=0 -DVM_TRACE=1 -DVM_TRACE_FST=0 -DVM_TRACE_VCD=1 -faligned-new -fcf-protection=none -Wno-bool-operation -Wno-shadow -Wno-sign-compare -Wno-tautological-compare -Wno-uninitialized -Wno-unused-but-set-parameter -Wno-unused-but-set-variable -Wno-unused-parameter -Wno-unused-variable    -DVL_TIME_CONTEXT   -fcoroutines -c -o verilated.o /usr/local/share/verilator/include/verilated.cpp
ccache g++ -Os  -I.  -MMD -I/usr/local/share/verilator/include -I/usr/local/share/verilator/include/vltstd -DVM_COVERAGE=0 -DVM_SC=0 -DVM_TRACE=1 -DVM_TRACE_FST=0 -DVM_TRACE_VCD=1 -faligned-new -fcf-protection=none -Wno-bool-operation -Wno-shadow -Wno-sign-compare -Wno-tautological-compare -Wno-uninitialized -Wno-unused-but-set-parameter -Wno-unused-but-set-variable -Wno-unused-parameter -Wno-unused-variable    -DVL_TIME_CONTEXT   -fcoroutines -c -o verilated_vcd_c.o /usr/local/share/verilator/include/verilated_vcd_c.cpp
ccache g++ -Os  -I.  -MMD -I/usr/local/share/verilator/include -I/usr/local/share/verilator/include/vltstd -DVM_COVERAGE=0 -DVM_SC=0 -DVM_TRACE=1 -DVM_TRACE_FST=0 -DVM_TRACE_VCD=1 -faligned-new -fcf-protection=none -Wno-bool-operation -Wno-shadow -Wno-sign-compare -Wno-tautological-compare -Wno-uninitialized -Wno-unused-but-set-parameter -Wno-unused-but-set-variable -Wno-unused-parameter -Wno-unused-variable    -DVL_TIME_CONTEXT   -fcoroutines -c -o verilated_timing.o /usr/local/share/verilator/include/verilated_timing.cpp
ccache g++ -Os  -I.  -MMD -I/usr/local/share/verilator/include -I/usr/local/share/verilator/include/vltstd -DVM_COVERAGE=0 -DVM_SC=0 -DVM_TRACE=1 -DVM_TRACE_FST=0 -DVM_TRACE_VCD=1 -faligned-new -fcf-protection=none -Wno-bool-operation -Wno-shadow -Wno-sign-compare -Wno-tautological-compare -Wno-uninitialized -Wno-unused-but-set-parameter -Wno-unused-but-set-variable -Wno-unused-parameter -Wno-unused-variable    -DVL_TIME_CONTEXT   -fcoroutines -c -o verilated_threads.o /usr/local/share/verilator/include/verilated_threads.cpp
/usr/bin/python3 /usr/local/share/verilator/bin/verilator_includer -DVL_INCLUDE_OPT=include Vcache_wrapper_tb.cpp Vcache_wrapper_tb___024root__DepSet_h97a007de__0.cpp Vcache_wrapper_tb___024root__DepSet_hebf59cc1__0.cpp Vcache_wrapper_tb__main.cpp Vcache_wrapper_tb__Trace__0.cpp Vcache_wrapper_tb___024root__Slow.cpp Vcache_wrapper_tb___024root__DepSet_h97a007de__0__Slow.cpp Vcache_wrapper_tb___024root__DepSet_hebf59cc1__0__Slow.cpp Vcache_wrapper_tb_cache_wrapper_reg_pkg__Slow.cpp Vcache_wrapper_tb_cache_wrapper_reg_pkg__DepSet_h594dc713__0__Slow.cpp Vcache_wrapper_tb__Syms.cpp Vcache_wrapper_tb__Trace__0__Slow.cpp Vcache_wrapper_tb__TraceDecls__0__Slow.cpp > Vcache_wrapper_tb__ALL.cpp
ccache g++ -Os  -I.  -MMD -I/usr/local/share/verilator/include -I/usr/local/share/verilator/include/vltstd -DVM_COVERAGE=0 -DVM_SC=0 -DVM_TRACE=1 -DVM_TRACE_FST=0 -DVM_TRACE_VCD=1 -faligned-new -fcf-protection=none -Wno-bool-operation -Wno-shadow -Wno-sign-compare -Wno-tautological-compare -Wno-uninitialized -Wno-unused-but-set-parameter -Wno-unused-but-set-variable -Wno-unused-parameter -Wno-unused-variable    -DVL_TIME_CONTEXT   -fcoroutines -c -o Vcache_wrapper_tb__ALL.o Vcache_wrapper_tb__ALL.cpp
echo "" > Vcache_wrapper_tb__ALL.verilator_deplist.tmp
g++    verilated.o verilated_vcd_c.o verilated_timing.o verilated_threads.o Vcache_wrapper_tb__ALL.a    -pthread -lpthread -latomic   -o Vcache_wrapper_tb
rm Vcache_wrapper_tb__ALL.verilator_deplist.tmp
make[1]: Leaving directory '/home/eneadim/github/flexsoc/sim/verilator'
- V e r i l a t i o n   R e p o r t: Verilator 5.026 2024-06-15 rev v5.026
- Verilator: Built from 14.461 MB sources in 67 modules, into 0.174 MB in 13 C++ files needing 0.000 MB
- Verilator: Walltime 1.384 s (elab=0.011, cvt=0.015, bld=1.317); cpu 0.000 s on 1 threads; alloced 34.828 MB
