analysis=power_analysis corner=ss stage=post_syn
workload=smoke_sv_ss
gls_report=/home/eneadim/github/flexsoc/runs/uart/refresh_tlul_repo/dv/functional/sim/post_syn/sky130/uart_post_syn_smoke_sv_ss.json
activity_file=/home/eneadim/github/flexsoc/runs/uart/refresh_tlul_repo/signoff/sky130/power/activity/captures/uart_sky130_smoke_sv_ss.vcd
activity_scope=uart_tb/u_uart
liberty=/home/eneadim/github/flexsoc/.flexsoc/pdks/ciel/sky130/versions/f6eeac7dad085ffcc829ccfd721f7b4ce39edcf7/sky130A/libs.ref/sky130_fd_sc_hd/lib/sky130_fd_sc_hd__ss_n40C_1v76.lib
netlist=/home/eneadim/github/flexsoc/runs/uart/refresh_tlul_repo/syn/sky130/uart_synth.v
sdc=/home/eneadim/github/flexsoc/runs/uart/refresh_tlul_repo/constraints/uart.sdc
spef=

=== Units ===
 time 1ns
 capacitance 1pF
 resistance 1kohm
 voltage 1v
 current 1mA
 power 1nW
 distance 1um

=== Constraint validation ===

=== Activity annotation ===
annotated_percent=100.00%
Unannotated pins: none

=== Power summary ===
Group                  Internal  Switching    Leakage      Total
                          Power      Power      Power      Power (Watts)
----------------------------------------------------------------
Sequential             1.48e-03   8.09e-06   2.02e-09   1.49e-03  97.2%
Combinational          1.94e-05   2.37e-05   1.51e-09   4.30e-05   2.8%
Clock                  0.00e+00   0.00e+00   0.00e+00   0.00e+00   0.0%
Macro                  0.00e+00   0.00e+00   0.00e+00   0.00e+00   0.0%
Pad                    0.00e+00   0.00e+00   0.00e+00   0.00e+00   0.0%
----------------------------------------------------------------
Total                  1.50e-03   3.17e-05   3.53e-09   1.53e-03 100.0%
                          97.9%       2.1%       0.0%

=== FlexSoC normalized power fields ===
dynamic_power_definition=internal_power+switching_power
power_unit=OpenSTA report unit; see Units section
internal_power=0.0015
switching_power=3.17e-05
dynamic_power=0.0015317
leakage_power=3.53e-09
total_power=0.00153
