analysis=power_analysis corner=ss stage=post_syn
workload=random_seed_1_sv_ss
gls_report=/tmp/flexsoc-migrate-uart-master/runs/uart_master/migrate/dv/functional/sim/post_syn/sky130/uart_master_post_syn_random_seed_1_sv_ss.json
activity_file=/tmp/flexsoc-migrate-uart-master/runs/uart_master/migrate/signoff/sky130/power/activity/captures/uart_master_sky130_random_seed_1_sv_ss.vcd
activity_scope=uart_master_tb/u_uart_master
liberty=/home/eneadim/github/flexsoc/.flexsoc/pdks/ciel/sky130/versions/f6eeac7dad085ffcc829ccfd721f7b4ce39edcf7/sky130A/libs.ref/sky130_fd_sc_hd/lib/sky130_fd_sc_hd__ss_n40C_1v76.lib
netlist=/tmp/flexsoc-migrate-uart-master/runs/uart_master/migrate/syn/sky130/uart_master_synth.v
sdc=/tmp/flexsoc-migrate-uart-master/runs/uart_master/migrate/signoff/sky130/uart_master.sdc
spef=

=== Units ===
 time 1ns
 capacitance 1pF
 resistance 1kohm
 voltage 1v
 current 1mA
 power 1nW
 distance 1um

=== Constraint validation ===

=== Activity annotation ===
annotated_percent=100.00%
Unannotated pins: none

=== Power summary ===
Group                  Internal  Switching    Leakage      Total
                          Power      Power      Power      Power (Watts)
----------------------------------------------------------------
Sequential             2.04e-03   5.21e-06   2.72e-09   2.04e-03  98.9%
Combinational          1.18e-05   1.15e-05   2.58e-09   2.33e-05   1.1%
Clock                  0.00e+00   0.00e+00   0.00e+00   0.00e+00   0.0%
Macro                  0.00e+00   0.00e+00   0.00e+00   0.00e+00   0.0%
Pad                    0.00e+00   0.00e+00   0.00e+00   0.00e+00   0.0%
----------------------------------------------------------------
Total                  2.05e-03   1.67e-05   5.30e-09   2.07e-03 100.0%
                          99.2%       0.8%       0.0%

=== FlexSoC normalized power fields ===
dynamic_power_definition=internal_power+switching_power
power_unit=OpenSTA report unit; see Units section
internal_power=0.00205
switching_power=1.67e-05
dynamic_power=0.0020667000000000003
leakage_power=5.3e-09
total_power=0.00207
