analysis=power_analysis corner=tt stage=post_syn
workload=line_loopback_sv_tt
gls_report=/tmp/flexsoc-repack/uart/runs/uart/dev/dv/functional/sim/post_syn/sky130/uart_post_syn_line_loopback_sv_tt.json
activity_file=/tmp/flexsoc-repack/uart/runs/uart/dev/signoff/sky130/power/activity/captures/uart_sky130_line_loopback_sv_tt.vcd
activity_scope=uart_tb/u_uart
liberty=/home/eneadim/github/flexsoc/.flexsoc/pdks/ciel/sky130/versions/f6eeac7dad085ffcc829ccfd721f7b4ce39edcf7/sky130A/libs.ref/sky130_fd_sc_hd/lib/sky130_fd_sc_hd__tt_100C_1v80.lib
netlist=/tmp/flexsoc-repack/uart/runs/uart/dev/syn/sky130/uart_synth.v
sdc=/tmp/flexsoc-repack/uart/runs/uart/dev/constraints/uart.sdc
spef=

=== Units ===
 time 1ns
 capacitance 1pF
 resistance 1kohm
 voltage 1v
 current 1mA
 power 1nW
 distance 1um

=== Constraint validation ===

=== Activity annotation ===
annotated_percent=100.00%
Unannotated pins: none

=== Power summary ===
Group                  Internal  Switching    Leakage      Total
                          Power      Power      Power      Power (Watts)
----------------------------------------------------------------
Sequential             1.57e-03   1.05e-05   1.20e-06   1.58e-03  97.1%
Combinational          2.16e-05   2.51e-05   6.77e-07   4.74e-05   2.9%
Clock                  0.00e+00   0.00e+00   0.00e+00   0.00e+00   0.0%
Macro                  0.00e+00   0.00e+00   0.00e+00   0.00e+00   0.0%
Pad                    0.00e+00   0.00e+00   0.00e+00   0.00e+00   0.0%
----------------------------------------------------------------
Total                  1.59e-03   3.55e-05   1.87e-06   1.62e-03 100.0%
                          97.7%       2.2%       0.1%

=== FlexSoC normalized power fields ===
dynamic_power_definition=internal_power+switching_power
power_unit=OpenSTA report unit; see Units section
internal_power=0.00159
switching_power=3.55e-05
dynamic_power=0.0016255
leakage_power=1.87e-06
total_power=0.00162
