analysis=power_analysis corner=tt stage=post_syn
workload=host_alignment_sv_tt
gls_report=/tmp/flexsoc-migrate-uart-master/runs/uart_master/migrate/dv/functional/sim/post_syn/sky130/uart_master_post_syn_host_alignment_sv_tt.json
activity_file=/tmp/flexsoc-migrate-uart-master/runs/uart_master/migrate/signoff/sky130/power/activity/captures/uart_master_sky130_host_alignment_sv_tt.vcd
activity_scope=uart_master_tb/u_uart_master
liberty=/home/eneadim/github/flexsoc/.flexsoc/pdks/ciel/sky130/versions/f6eeac7dad085ffcc829ccfd721f7b4ce39edcf7/sky130A/libs.ref/sky130_fd_sc_hd/lib/sky130_fd_sc_hd__tt_100C_1v80.lib
netlist=/tmp/flexsoc-migrate-uart-master/runs/uart_master/migrate/syn/sky130/uart_master_synth.v
sdc=/tmp/flexsoc-migrate-uart-master/runs/uart_master/migrate/signoff/sky130/uart_master.sdc
spef=

=== Units ===
 time 1ns
 capacitance 1pF
 resistance 1kohm
 voltage 1v
 current 1mA
 power 1nW
 distance 1um

=== Constraint validation ===

=== Activity annotation ===
annotated_percent=100.00%
Unannotated pins: none

=== Power summary ===
Group                  Internal  Switching    Leakage      Total
                          Power      Power      Power      Power (Watts)
----------------------------------------------------------------
Sequential             2.17e-03   5.68e-06   1.74e-06   2.18e-03  98.8%
Combinational          1.30e-05   1.27e-05   1.09e-06   2.68e-05   1.2%
Clock                  0.00e+00   0.00e+00   0.00e+00   0.00e+00   0.0%
Macro                  0.00e+00   0.00e+00   0.00e+00   0.00e+00   0.0%
Pad                    0.00e+00   0.00e+00   0.00e+00   0.00e+00   0.0%
----------------------------------------------------------------
Total                  2.18e-03   1.83e-05   2.83e-06   2.20e-03 100.0%
                          99.0%       0.8%       0.1%

=== FlexSoC normalized power fields ===
dynamic_power_definition=internal_power+switching_power
power_unit=OpenSTA report unit; see Units section
internal_power=0.00218
switching_power=1.83e-05
dynamic_power=0.0021983000000000003
leakage_power=2.83e-06
total_power=0.0022
