%Warning-PINCONNECTEMPTY: /tmp/flexsoc-ip-v1-release-20260914/gpio-reg_iface/runs/gpio/release/rtl/gpio_reg_core.sv:132:6: Instance pin connected by name with empty reference: 'qe'
  132 |     .qe     (),
      |      ^~
                          ... For warning description see https://verilator.org/warn/PINCONNECTEMPTY?v=5.050
                          ... Use "/* verilator lint_off PINCONNECTEMPTY */" and lint_on around source to disable this message.
%Warning-PINCONNECTEMPTY: /tmp/flexsoc-ip-v1-release-20260914/gpio-reg_iface/runs/gpio/release/rtl/gpio_reg_core.sv:133:6: Instance pin connected by name with empty reference: 'q'
  133 |     .q      (),
      |      ^
%Warning-PINCONNECTEMPTY: /tmp/flexsoc-ip-v1-release-20260914/gpio-reg_iface/runs/gpio/release/rtl/gpio_reg_core.sv:134:6: Instance pin connected by name with empty reference: 'ds'
  134 |     .ds     (),
      |      ^~
%Warning-PINCONNECTEMPTY: /tmp/flexsoc-ip-v1-release-20260914/gpio-reg_iface/runs/gpio/release/rtl/gpio_reg_core.sv:153:6: Instance pin connected by name with empty reference: 'qre'
  153 |     .qre    (),
      |      ^~~
%Warning-PINCONNECTEMPTY: /tmp/flexsoc-ip-v1-release-20260914/gpio-reg_iface/runs/gpio/release/rtl/gpio_reg_core.sv:156:6: Instance pin connected by name with empty reference: 'ds'
  156 |     .ds     (),
      |      ^~
%Warning-PINCONNECTEMPTY: /tmp/flexsoc-ip-v1-release-20260914/gpio-reg_iface/runs/gpio/release/rtl/gpio_reg_core.sv:169:6: Instance pin connected by name with empty reference: 'qre'
  169 |     .qre    (),
      |      ^~~
%Warning-PINCONNECTEMPTY: /tmp/flexsoc-ip-v1-release-20260914/gpio-reg_iface/runs/gpio/release/rtl/gpio_reg_core.sv:172:6: Instance pin connected by name with empty reference: 'ds'
  172 |     .ds     (),
      |      ^~
%Warning-PINCONNECTEMPTY: /tmp/flexsoc-ip-v1-release-20260914/gpio-reg_iface/runs/gpio/release/rtl/gpio_reg_core.sv:198:6: Instance pin connected by name with empty reference: 'qe'
  198 |     .qe     (),
      |      ^~
%Warning-PINCONNECTEMPTY: /tmp/flexsoc-ip-v1-release-20260914/gpio-reg_iface/runs/gpio/release/rtl/gpio_reg_core.sv:200:6: Instance pin connected by name with empty reference: 'ds'
  200 |     .ds     (),
      |      ^~
%Warning-PINCONNECTEMPTY: /tmp/flexsoc-ip-v1-release-20260914/gpio-reg_iface/runs/gpio/release/rtl/gpio_reg_core.sv:225:6: Instance pin connected by name with empty reference: 'qe'
  225 |     .qe     (),
      |      ^~
%Warning-PINCONNECTEMPTY: /tmp/flexsoc-ip-v1-release-20260914/gpio-reg_iface/runs/gpio/release/rtl/gpio_reg_core.sv:227:6: Instance pin connected by name with empty reference: 'ds'
  227 |     .ds     (),
      |      ^~
%Warning-PINCONNECTEMPTY: /tmp/flexsoc-ip-v1-release-20260914/gpio-reg_iface/runs/gpio/release/rtl/gpio_reg_core.sv:252:6: Instance pin connected by name with empty reference: 'qe'
  252 |     .qe     (),
      |      ^~
%Warning-PINCONNECTEMPTY: /tmp/flexsoc-ip-v1-release-20260914/gpio-reg_iface/runs/gpio/release/rtl/gpio_reg_core.sv:254:6: Instance pin connected by name with empty reference: 'ds'
  254 |     .ds     (),
      |      ^~
%Warning-PINCONNECTEMPTY: /tmp/flexsoc-ip-v1-release-20260914/gpio-reg_iface/runs/gpio/release/rtl/gpio_reg_core.sv:279:6: Instance pin connected by name with empty reference: 'qe'
  279 |     .qe     (),
      |      ^~
%Warning-PINCONNECTEMPTY: /tmp/flexsoc-ip-v1-release-20260914/gpio-reg_iface/runs/gpio/release/rtl/gpio_reg_core.sv:281:6: Instance pin connected by name with empty reference: 'ds'
  281 |     .ds     (),
      |      ^~
%Warning-PINCONNECTEMPTY: /tmp/flexsoc-ip-v1-release-20260914/gpio-reg_iface/runs/gpio/release/rtl/gpio_reg_core.sv:306:6: Instance pin connected by name with empty reference: 'qe'
  306 |     .qe     (),
      |      ^~
%Warning-PINCONNECTEMPTY: /tmp/flexsoc-ip-v1-release-20260914/gpio-reg_iface/runs/gpio/release/rtl/gpio_reg_core.sv:308:6: Instance pin connected by name with empty reference: 'ds'
  308 |     .ds     (),
      |      ^~
%Warning-PINMISSING: /tmp/flexsoc-ip-v1-release-20260914/gpio-reg_iface/runs/gpio/release/rtl/gpio_reg_top.sv:14:17: Instance has missing pin: 'intg_err_o'
   14 |   gpio_reg_core u_reg_core (
      |                 ^~~~~~~~~~
                     /tmp/flexsoc-ip-v1-release-20260914/gpio-reg_iface/runs/gpio/release/rtl/gpio_reg_core.sv:21:16: ... Location of port declaration
   21 |   output logic intg_err_o
      |                ^~~~~~~~~~
                     ... For warning description see https://verilator.org/warn/PINMISSING?v=5.050
                     ... Use "/* verilator lint_off PINMISSING */" and lint_on around source to disable this message.
%Warning-VARHIDDEN: /tmp/flexsoc-ip-v1-release-20260914/gpio-reg_iface/runs/gpio/release/rtl/gpio_reg_core.sv:26:18: Declaration of signal hides declaration in upper scope: 'AW'
   26 |   localparam int AW = 4;
      |                  ^~
                    /tmp/flexsoc-ip-v1-release-20260914/gpio-reg_iface/runs/gpio/release/rtl/gpio_reg_pkg.sv:96:17: ... Location of original declaration
   96 |   parameter int AW = BlockAw;
      |                 ^~
                    ... For warning description see https://verilator.org/warn/VARHIDDEN?v=5.050
                    ... Use "/* verilator lint_off VARHIDDEN */" and lint_on around source to disable this message.
%Warning-VARHIDDEN: /tmp/flexsoc-ip-v1-release-20260914/gpio-reg_iface/runs/gpio/release/rtl/gpio_reg_core.sv:27:18: Declaration of signal hides declaration in upper scope: 'DW'
   27 |   localparam int DW = 32;
      |                  ^~
                    /tmp/flexsoc-ip-v1-release-20260914/gpio-reg_iface/runs/gpio/release/rtl/gpio_reg_pkg.sv:97:17: ... Location of original declaration
   97 |   parameter int DW = 32;
      |                 ^~
%Warning-VARHIDDEN: /tmp/flexsoc-ip-v1-release-20260914/gpio-reg_iface/runs/gpio/release/rtl/gpio_reg_core.sv:28:18: Declaration of signal hides declaration in upper scope: 'DBW'
   28 |   localparam int DBW = DW/8;                     
      |                  ^~~
                    /tmp/flexsoc-ip-v1-release-20260914/gpio-reg_iface/runs/gpio/release/rtl/gpio_reg_pkg.sv:98:17: ... Location of original declaration
   98 |   parameter int DBW = DW / 8;
      |                 ^~~
%Warning-UNUSEDSIGNAL: /home/eneadim/github/flexsoc/hw/ips/prim/prim_ff_2sync.sv:11:21: Signal is not driven, nor used: 'd_o'
                                                                                      : ... note: In instance 'gpio.u_core_reset_sync'
   11 |   logic [Width-1:0] d_o;
      |                     ^~~
                       ... For warning description see https://verilator.org/warn/UNUSEDSIGNAL?v=5.050
                       ... Use "/* verilator lint_off UNUSEDSIGNAL */" and lint_on around source to disable this message.
%Warning-UNUSEDPARAM: /tmp/flexsoc-ip-v1-release-20260914/gpio-reg_iface/runs/gpio/release/rtl/gpio_reg_pkg.sv:13:17: Parameter is not used: 'NumRegs'
                                                                                                                    : ... note: In instance 'gpio.u_gpio_core.gen_input_filter[3].u_filter'
   13 |   parameter int NumRegs = 3;
      |                 ^~~~~~~
                      ... For warning description see https://verilator.org/warn/UNUSEDPARAM?v=5.050
                      ... Use "/* verilator lint_off UNUSEDPARAM */" and lint_on around source to disable this message.
%Warning-UNUSEDPARAM: /tmp/flexsoc-ip-v1-release-20260914/gpio-reg_iface/runs/gpio/release/rtl/gpio_reg_pkg.sv:80:25: Parameter is not used: 'GPIO_DIRECT_RESVAL'
                                                                                                                    : ... note: In instance 'gpio.u_gpio_core.gen_input_filter[3].u_filter'
   80 |   parameter logic [7:0] GPIO_DIRECT_RESVAL = 8'h 0;
      |                         ^~~~~~~~~~~~~~~~~~
%Warning-UNUSEDPARAM: /home/eneadim/github/flexsoc/hw/ips/prim_opentitan/prim_onehot_check.sv:26:26: Parameter is not used: 'AddrCheck'
                                                                                                   : ... note: In instance 'gpio.u_gpio_reg.u_reg_core.u_prim_reg_we_check.u_prim_onehot_check'
   26 |   parameter bit          AddrCheck   = 1,
      |                          ^~~~~~~~~
%Warning-UNUSEDPARAM: /home/eneadim/github/flexsoc/hw/ips/prim_opentitan/prim_onehot_check.sv:28:26: Parameter is not used: 'EnableCheck'
                                                                                                   : ... note: In instance 'gpio.u_gpio_reg.u_reg_core.u_prim_reg_we_check.u_prim_onehot_check'
   28 |   parameter bit          EnableCheck = 1,
      |                          ^~~~~~~~~~~
%Warning-UNUSEDPARAM: /home/eneadim/github/flexsoc/hw/ips/prim_opentitan/prim_onehot_check.sv:31:26: Parameter is not used: 'StrictCheck'
                                                                                                   : ... note: In instance 'gpio.u_gpio_reg.u_reg_core.u_prim_reg_we_check.u_prim_onehot_check'
   31 |   parameter bit          StrictCheck = 1,
      |                          ^~~~~~~~~~~
%Warning-UNUSEDPARAM: /home/eneadim/github/flexsoc/hw/ips/prim_opentitan/prim_onehot_check.sv:34:17: Parameter is not used: 'EnableAlertTriggerSVA'
                                                                                                   : ... note: In instance 'gpio.u_gpio_reg.u_reg_core.u_prim_reg_we_check.u_prim_onehot_check'
   34 |   parameter bit EnableAlertTriggerSVA = 1
      |                 ^~~~~~~~~~~~~~~~~~~~~
%Warning-UNUSEDSIGNAL: /home/eneadim/github/flexsoc/hw/ips/prim_opentitan/prim_onehot_check.sv:37:34: Signal is not used: 'clk_i'
                                                                                                    : ... note: In instance 'gpio.u_gpio_reg.u_reg_core.u_prim_reg_we_check.u_prim_onehot_check'
   37 |   input                          clk_i,
      |                                  ^~~~~
%Warning-UNUSEDSIGNAL: /home/eneadim/github/flexsoc/hw/ips/prim_opentitan/prim_onehot_check.sv:38:34: Signal is not used: 'rst_ni'
                                                                                                    : ... note: In instance 'gpio.u_gpio_reg.u_reg_core.u_prim_reg_we_check.u_prim_onehot_check'
   38 |   input                          rst_ni,
      |                                  ^~~~~~
%Warning-UNUSEDSIGNAL: /home/eneadim/github/flexsoc/hw/ips/prim_opentitan/prim_onehot_check.sv:42:34: Signal is not used: 'en_i'
                                                                                                    : ... note: In instance 'gpio.u_gpio_reg.u_reg_core.u_prim_reg_we_check.u_prim_onehot_check'
   42 |   input  logic                   en_i,
      |                                  ^~~~
%Warning-UNDRIVEN: /home/eneadim/github/flexsoc/hw/ips/prim_opentitan/prim_onehot_check.sv:44:34: Signal is not driven: 'err_o'
                                                                                                : ... note: In instance 'gpio.u_gpio_reg.u_reg_core.u_prim_reg_we_check.u_prim_onehot_check'
   44 |   output logic                   err_o
      |                                  ^~~~~
                   ... For warning description see https://verilator.org/warn/UNDRIVEN?v=5.050
                   ... Use "/* verilator lint_off UNDRIVEN */" and lint_on around source to disable this message.
- V e r i l a t i o n   R e p o r t: Verilator 5.050 2026-07-01 rev v5.050
- Verilator: Built from 1.330 MB sources in 19 modules, into 0.063 MB in 3 C++ files needing 0.000 MB
- Verilator: Walltime 0.040 s (elab=0.010, cvt=0.015, bld=0.000); cpu 0.039 s on 1 threads; allocated 36.598 MB
