analysis=power_analysis corner=ff stage=post_syn
workload=quadrant_sweep_sv_ff
gls_report=/tmp/flexsoc-reference-cordic/runs/cordic/reference/dv/functional/sim/post_syn/sky130/cordic_post_syn_quadrant_sweep_sv_ff.json
activity_file=/tmp/flexsoc-reference-cordic/runs/cordic/reference/signoff/sky130/power/activity/captures/cordic_sky130_quadrant_sweep_sv_ff.vcd
activity_scope=cordic_tb/u_cordic
liberty=/home/eneadim/github/flexsoc/.flexsoc/pdks/ciel/sky130/versions/f6eeac7dad085ffcc829ccfd721f7b4ce39edcf7/sky130A/libs.ref/sky130_fd_sc_hd/lib/sky130_fd_sc_hd__ff_n40C_1v95_ccsnoise.lib
netlist=/tmp/flexsoc-reference-cordic/runs/cordic/reference/syn/sky130/cordic_synth.v
sdc=/tmp/flexsoc-reference-cordic/runs/cordic/reference/signoff/sky130/cordic.sdc
spef=

=== Units ===
 time 1ns
 capacitance 1pF
 resistance 1kohm
 voltage 1v
 current 1mA
 power 1nW
 distance 1um

=== Constraint validation ===

=== Activity annotation ===
annotated_percent=100.00%
Unannotated pins: none

=== Power summary ===
Group                  Internal  Switching    Leakage      Total
                          Power      Power      Power      Power (Watts)
----------------------------------------------------------------
Sequential             1.48e-03   1.19e-05   4.70e-09   1.49e-03  88.0%
Combinational          8.76e-05   1.17e-04   9.94e-09   2.04e-04  12.0%
Clock                  0.00e+00   0.00e+00   0.00e+00   0.00e+00   0.0%
Macro                  0.00e+00   0.00e+00   0.00e+00   0.00e+00   0.0%
Pad                    0.00e+00   0.00e+00   0.00e+00   0.00e+00   0.0%
----------------------------------------------------------------
Total                  1.57e-03   1.29e-04   1.46e-08   1.69e-03 100.0%
                          92.4%       7.6%       0.0%

=== FlexSoC normalized power fields ===
dynamic_power_definition=internal_power+switching_power
power_unit=OpenSTA report unit; see Units section
internal_power=0.00157
switching_power=0.000129
dynamic_power=0.001699
leakage_power=1.46e-08
total_power=0.00169
