FlexSoC CDC/RDC structural analysis
top=cordic
status=fail
clock_domains=1
reset_domains=4
sequential_elements=33
dependencies=15558
verification_obligations=1

[CDC]

[RDC]
RDC-0001 ERROR uncontrolled_rdc $auto$ff.cc:337:slice$490[0] -> $auto$ff.cc:337:slice$491[0] issues=different_reset_domains_without_recognized_protection obligations=- evidence=width=1
RDC-0002 ERROR uncontrolled_rdc $auto$ff.cc:337:slice$490[0] -> $auto$ff.cc:337:slice$517[0] issues=different_reset_domains_without_recognized_protection obligations=- evidence=width=19
RDC-0003 ERROR uncontrolled_rdc $auto$ff.cc:337:slice$490[0] -> $auto$ff.cc:337:slice$520[0] issues=different_reset_domains_without_recognized_protection obligations=- evidence=width=19
RDC-0004 ERROR uncontrolled_rdc $auto$ff.cc:337:slice$490[0] -> $auto$ff.cc:337:slice$523[0] issues=different_reset_domains_without_recognized_protection obligations=- evidence=width=16
RDC-0005 ERROR uncontrolled_rdc $auto$ff.cc:337:slice$490[0] -> $auto$ff.cc:337:slice$527[0] issues=different_reset_domains_without_recognized_protection obligations=- evidence=width=16
RDC-0006 ERROR uncontrolled_rdc $auto$ff.cc:337:slice$490[0] -> $auto$ff.cc:337:slice$534[0] issues=different_reset_domains_without_recognized_protection obligations=- evidence=width=5
RDC-0007 ERROR uncontrolled_rdc $auto$ff.cc:337:slice$490[0] -> $auto$ff.cc:337:slice$540[0] issues=different_reset_domains_without_recognized_protection obligations=- evidence=width=8
RDC-0008 ERROR uncontrolled_rdc $auto$ff.cc:337:slice$490[0] -> $auto$ff.cc:337:slice$547[0] issues=different_reset_domains_without_recognized_protection obligations=- evidence=width=1
RDC-0009 ERROR uncontrolled_rdc $auto$ff.cc:337:slice$490[0] -> $driver$u_cordic_core.state_q[0] issues=different_reset_domains_without_recognized_protection obligations=- evidence=width=1
RDC-0010 ERROR uncontrolled_rdc $auto$ff.cc:337:slice$490[0] -> $driver$u_cordic_core.status_error[0] issues=different_reset_domains_without_recognized_protection obligations=- evidence=width=1
RDC-0011 ERROR uncontrolled_rdc $auto$ff.cc:337:slice$490[0] -> $driver$u_cordic_core.u_start_edge_detect.u_sync_1.q_o[0] issues=different_reset_domains_without_recognized_protection obligations=- evidence=width=1
RDC-0012 ERROR uncontrolled_rdc $auto$ff.cc:337:slice$491[0] -> $auto$ff.cc:337:slice$510[0] issues=different_reset_domains_without_recognized_protection obligations=- evidence=width=32
RDC-0013 ERROR uncontrolled_rdc $auto$ff.cc:337:slice$498[0] -> $auto$ff.cc:337:slice$510[0] issues=different_reset_domains_without_recognized_protection obligations=- evidence=width=512
RDC-0014 ERROR uncontrolled_rdc $auto$ff.cc:337:slice$501[0] -> $auto$ff.cc:337:slice$510[0] issues=different_reset_domains_without_recognized_protection obligations=- evidence=width=512
RDC-0015 ERROR uncontrolled_rdc $auto$ff.cc:337:slice$512[0] -> $auto$ff.cc:337:slice$510[0] issues=different_reset_domains_without_recognized_protection obligations=- evidence=width=512
RDC-0016 ERROR uncontrolled_rdc $auto$ff.cc:337:slice$515[0] -> $auto$ff.cc:337:slice$540[0] issues=different_reset_domains_without_recognized_protection obligations=- evidence=width=64
RDC-0017 ERROR uncontrolled_rdc $auto$ff.cc:337:slice$515[0] -> $driver$u_cordic_core.status_error[0] issues=different_reset_domains_without_recognized_protection obligations=- evidence=width=8
RDC-0018 ERROR uncontrolled_rdc $auto$ff.cc:337:slice$516[0] -> $auto$ff.cc:337:slice$517[0] issues=different_reset_domains_without_recognized_protection obligations=- evidence=width=19
RDC-0019 ERROR uncontrolled_rdc $auto$ff.cc:337:slice$516[0] -> $auto$ff.cc:337:slice$520[0] issues=different_reset_domains_without_recognized_protection obligations=- evidence=width=19
RDC-0020 ERROR uncontrolled_rdc $auto$ff.cc:337:slice$516[0] -> $auto$ff.cc:337:slice$523[0] issues=different_reset_domains_without_recognized_protection obligations=- evidence=width=16
RDC-0021 ERROR uncontrolled_rdc $auto$ff.cc:337:slice$516[0] -> $auto$ff.cc:337:slice$547[0] issues=different_reset_domains_without_recognized_protection obligations=- evidence=width=1
RDC-0022 ERROR uncontrolled_rdc $auto$ff.cc:337:slice$526[0] -> $auto$ff.cc:337:slice$517[0] issues=different_reset_domains_without_recognized_protection obligations=- evidence=width=304
RDC-0023 ERROR uncontrolled_rdc $auto$ff.cc:337:slice$526[0] -> $auto$ff.cc:337:slice$520[0] issues=different_reset_domains_without_recognized_protection obligations=- evidence=width=304
RDC-0024 ERROR uncontrolled_rdc $auto$ff.cc:337:slice$526[0] -> $auto$ff.cc:337:slice$523[0] issues=different_reset_domains_without_recognized_protection obligations=- evidence=width=256
RDC-0025 ERROR uncontrolled_rdc $auto$ff.cc:337:slice$538[0] -> $auto$ff.cc:337:slice$517[0] issues=different_reset_domains_without_recognized_protection obligations=- evidence=width=304
RDC-0026 ERROR uncontrolled_rdc $auto$ff.cc:337:slice$538[0] -> $auto$ff.cc:337:slice$520[0] issues=different_reset_domains_without_recognized_protection obligations=- evidence=width=304
RDC-0027 ERROR uncontrolled_rdc $auto$ff.cc:337:slice$538[0] -> $auto$ff.cc:337:slice$523[0] issues=different_reset_domains_without_recognized_protection obligations=- evidence=width=256
RDC-0028 ERROR uncontrolled_rdc $auto$ff.cc:337:slice$539[0] -> $auto$ff.cc:337:slice$491[0] issues=different_reset_domains_without_recognized_protection obligations=- evidence=width=1
RDC-0029 ERROR uncontrolled_rdc $auto$ff.cc:337:slice$539[0] -> $auto$ff.cc:337:slice$498[0] issues=different_reset_domains_without_recognized_protection obligations=- evidence=width=16
RDC-0030 ERROR uncontrolled_rdc $auto$ff.cc:337:slice$539[0] -> $auto$ff.cc:337:slice$501[0] issues=different_reset_domains_without_recognized_protection obligations=- evidence=width=16
RDC-0031 ERROR uncontrolled_rdc $auto$ff.cc:337:slice$539[0] -> $auto$ff.cc:337:slice$512[0] issues=different_reset_domains_without_recognized_protection obligations=- evidence=width=16
RDC-0032 ERROR uncontrolled_rdc $auto$ff.cc:337:slice$539[0] -> $auto$ff.cc:337:slice$517[0] issues=different_reset_domains_without_recognized_protection obligations=- evidence=width=19
RDC-0033 ERROR uncontrolled_rdc $auto$ff.cc:337:slice$539[0] -> $auto$ff.cc:337:slice$520[0] issues=different_reset_domains_without_recognized_protection obligations=- evidence=width=19
RDC-0034 ERROR uncontrolled_rdc $auto$ff.cc:337:slice$539[0] -> $auto$ff.cc:337:slice$523[0] issues=different_reset_domains_without_recognized_protection obligations=- evidence=width=16
RDC-0035 ERROR uncontrolled_rdc $auto$ff.cc:337:slice$539[0] -> $auto$ff.cc:337:slice$527[0] issues=different_reset_domains_without_recognized_protection obligations=- evidence=width=16
RDC-0036 ERROR uncontrolled_rdc $auto$ff.cc:337:slice$539[0] -> $auto$ff.cc:337:slice$534[0] issues=different_reset_domains_without_recognized_protection obligations=- evidence=width=5
RDC-0037 ERROR uncontrolled_rdc $auto$ff.cc:337:slice$539[0] -> $auto$ff.cc:337:slice$540[0] issues=different_reset_domains_without_recognized_protection obligations=- evidence=width=8
RDC-0038 ERROR uncontrolled_rdc $auto$ff.cc:337:slice$539[0] -> $auto$ff.cc:337:slice$547[0] issues=different_reset_domains_without_recognized_protection obligations=- evidence=width=1
RDC-0039 ERROR uncontrolled_rdc $auto$ff.cc:337:slice$539[0] -> $driver$u_cordic_core.state_q[0] issues=different_reset_domains_without_recognized_protection obligations=- evidence=width=1
RDC-0040 ERROR uncontrolled_rdc $auto$ff.cc:337:slice$539[0] -> $driver$u_cordic_core.status_error[0] issues=different_reset_domains_without_recognized_protection obligations=- evidence=width=1
RDC-0041 ERROR uncontrolled_rdc $auto$ff.cc:337:slice$554[0] -> $auto$ff.cc:337:slice$517[0] issues=different_reset_domains_without_recognized_protection obligations=- evidence=width=304
RDC-0042 ERROR uncontrolled_rdc $auto$ff.cc:337:slice$554[0] -> $auto$ff.cc:337:slice$520[0] issues=different_reset_domains_without_recognized_protection obligations=- evidence=width=304
RDC-0043 ERROR uncontrolled_rdc $auto$ff.cc:337:slice$554[0] -> $auto$ff.cc:337:slice$523[0] issues=different_reset_domains_without_recognized_protection obligations=- evidence=width=256
RDC-0044 ERROR uncontrolled_rdc $driver$u_cordic_core.state_q[0] -> $auto$ff.cc:337:slice$510[0] issues=different_reset_domains_without_recognized_protection obligations=- evidence=width=32
RDC-0045 ERROR uncontrolled_rdc $driver$u_cordic_core.status_error[0] -> $auto$ff.cc:337:slice$510[0] issues=different_reset_domains_without_recognized_protection obligations=- evidence=width=32
RDC-0046 SAFE reset_synchronizer issues=- obligations=- evidence=clock_domain=core,reset=rst_ni,stages=2,consumers=1
RDC-0047 REVIEW reset_sequence_or_control_required issues=- obligations=specify_reset_assertion_sequence_or_rdc_blocking_control evidence=-

[setup]
SETUP-0001 REVIEW multiple_reset_domains_on_clock issues=clock_domain=core obligations=- evidence=core_rst_sync_ni,reg_rst_ni,rst_ni,u_cordic_core.ctrl_rst_ni

[glitch]
