analysis=power_analysis corner=tt stage=post_syn
workload=random_seed_2_sv_tt
gls_report=/home/eneadim/github/flexsoc/workspace/runs/cordic/dev/dv/functional/sim/post_syn/ihp-sg13g2/cordic_post_syn_random_seed_2_sv_tt.json
activity_file=/home/eneadim/github/flexsoc/workspace/runs/cordic/dev/signoff/ihp-sg13g2/power/activity/captures/cordic_ihp-sg13g2_random_seed_2_sv_tt.vcd
activity_scope=cordic_tb/u_cordic
liberty=/home/eneadim/github/flexsoc/.flexsoc/pdks/ihp-sg13g2/ihp-sg13g2/libs.ref/sg13g2_stdcell/lib/sg13g2_stdcell_typ_1p50V_25C.lib
netlist=/home/eneadim/github/flexsoc/workspace/runs/cordic/dev/syn/ihp-sg13g2/cordic_synth.v
sdc=/home/eneadim/github/flexsoc/workspace/runs/cordic/dev/signoff/ihp-sg13g2/cordic.sdc
spef=

=== Units ===
 time 1ns
 capacitance 1pF
 resistance 1kohm
 voltage 1v
 current 1uA
 power 1pW
 distance 1um

=== Constraint validation ===

=== Activity annotation ===
annotated_percent=100.00%
Unannotated pins: none

=== Power summary ===
Group                  Internal  Switching    Leakage      Total
                          Power      Power      Power      Power (Watts)
----------------------------------------------------------------
Sequential             2.64e-03   4.74e-06   4.46e-07   2.65e-03  96.6%
Combinational          4.43e-05   4.82e-05   7.41e-07   9.32e-05   3.4%
Clock                  0.00e+00   0.00e+00   0.00e+00   0.00e+00   0.0%
Macro                  0.00e+00   0.00e+00   0.00e+00   0.00e+00   0.0%
Pad                    0.00e+00   0.00e+00   0.00e+00   0.00e+00   0.0%
----------------------------------------------------------------
Total                  2.69e-03   5.30e-05   1.19e-06   2.74e-03 100.0%
                          98.0%       1.9%       0.0%

=== Highest-power instances ===
   Internal  Switching    Leakage      Total
      Power      Power      Power      Power (Watts)
--------------------------------------------
   8.58e-06   1.91e-06   1.46e-09   1.05e-05 _4789_
   9.97e-06   7.29e-08   1.56e-09   1.00e-05 _4829_
   9.80e-06   3.05e-08   1.56e-09   9.83e-06 _4817_
   9.83e-06   1.86e-10   1.56e-09   9.83e-06 _4770_
   9.81e-06   7.00e-10   1.56e-09   9.82e-06 _4612_
   9.80e-06   3.87e-10   1.56e-09   9.80e-06 _4880_
   9.69e-06   4.53e-08   1.56e-09   9.74e-06 _4832_
   9.69e-06   2.87e-09   1.56e-09   9.69e-06 _4896_
   9.67e-06   1.15e-09   1.56e-09   9.67e-06 _4634_
   9.66e-06   5.35e-09   1.56e-09   9.66e-06 _4744_
   9.65e-06   5.35e-09   1.56e-09   9.66e-06 _4740_
   9.63e-06   9.15e-09   1.56e-09   9.65e-06 _4821_
   9.64e-06   3.82e-09   1.56e-09   9.64e-06 _4738_
   9.64e-06   1.16e-09   1.56e-09   9.64e-06 _4871_
   9.63e-06   5.35e-09   1.56e-09   9.64e-06 _4742_
   9.63e-06   4.58e-09   1.56e-09   9.64e-06 _4745_
   9.63e-06   4.97e-09   1.56e-09   9.64e-06 _4741_
   9.63e-06   5.35e-09   1.56e-09   9.63e-06 _4743_
   9.63e-06   4.58e-09   1.56e-09   9.63e-06 _4751_
   9.63e-06   4.20e-09   1.56e-09   9.63e-06 _4757_

=== FlexSoC normalized power fields ===
dynamic_power_definition=internal_power+switching_power
power_unit=OpenSTA report unit; see Units section
internal_power=0.00269
switching_power=5.3e-05
dynamic_power=0.002743
leakage_power=1.19e-06
total_power=0.00274
