analysis=power_analysis corner=tt stage=post_syn
workload=corners_sv_tt
gls_report=/tmp/flexsoc-ip-v1-release-20260914/uart-axi_lite/runs/uart/release/dv/functional/sim/post_syn/sky130/uart_post_syn_corners_sv_tt.json
activity_file=/tmp/flexsoc-ip-v1-release-20260914/uart-axi_lite/runs/uart/release/signoff/sky130/power/activity/captures/uart_sky130_corners_sv_tt.vcd
activity_scope=uart_tb/u_uart
liberty=/home/eneadim/github/flexsoc/.flexsoc/pdks/ciel/sky130/versions/f6eeac7dad085ffcc829ccfd721f7b4ce39edcf7/sky130A/libs.ref/sky130_fd_sc_hd/lib/sky130_fd_sc_hd__tt_100C_1v80.lib
netlist=/tmp/flexsoc-ip-v1-release-20260914/uart-axi_lite/runs/uart/release/syn/sky130/uart_synth.v
sdc=/tmp/flexsoc-ip-v1-release-20260914/uart-axi_lite/runs/uart/release/constraints/uart.sdc
spef=

=== Units ===
 time 1ns
 capacitance 1pF
 resistance 1kohm
 voltage 1v
 current 1mA
 power 1nW
 distance 1um

=== Constraint validation ===

=== Activity annotation ===
annotated_percent=100.00%
Unannotated pins: none

=== Power summary ===
Group                  Internal  Switching    Leakage      Total
                          Power      Power      Power      Power (Watts)
----------------------------------------------------------------
Sequential             2.10e-03   3.49e-06   1.69e-06   2.10e-03  98.3%
Combinational          1.68e-05   1.77e-05   1.26e-06   3.58e-05   1.7%
Clock                  0.00e+00   0.00e+00   0.00e+00   0.00e+00   0.0%
Macro                  0.00e+00   0.00e+00   0.00e+00   0.00e+00   0.0%
Pad                    0.00e+00   0.00e+00   0.00e+00   0.00e+00   0.0%
----------------------------------------------------------------
Total                  2.12e-03   2.12e-05   2.94e-06   2.14e-03 100.0%
                          98.9%       1.0%       0.1%

=== FlexSoC normalized power fields ===
dynamic_power_definition=internal_power+switching_power
power_unit=OpenSTA report unit; see Units section
internal_power=0.00212
switching_power=2.12e-05
dynamic_power=0.0021412
leakage_power=2.94e-06
total_power=0.00214
