analysis=power_analysis corner=tt stage=post_syn
workload=input_filter_sv_tt
gls_report=/tmp/flexsoc-ip-v1-release-20260914/gpio-tlul/runs/gpio/release/dv/functional/sim/post_syn/sky130/gpio_post_syn_input_filter_sv_tt.json
activity_file=/tmp/flexsoc-ip-v1-release-20260914/gpio-tlul/runs/gpio/release/signoff/sky130/power/activity/captures/gpio_sky130_input_filter_sv_tt.vcd
activity_scope=gpio_tb/u_gpio
liberty=/home/eneadim/github/flexsoc/.flexsoc/pdks/ciel/sky130/versions/f6eeac7dad085ffcc829ccfd721f7b4ce39edcf7/sky130A/libs.ref/sky130_fd_sc_hd/lib/sky130_fd_sc_hd__tt_100C_1v80.lib
netlist=/tmp/flexsoc-ip-v1-release-20260914/gpio-tlul/runs/gpio/release/syn/sky130/gpio_synth.v
sdc=/tmp/flexsoc-ip-v1-release-20260914/gpio-tlul/runs/gpio/release/constraints/gpio.sdc
spef=

=== Units ===
 time 1ns
 capacitance 1pF
 resistance 1kohm
 voltage 1v
 current 1mA
 power 1nW
 distance 1um

=== Constraint validation ===

=== Activity annotation ===
annotated_percent=100.00%
Unannotated pins: none

=== Power summary ===
Group                  Internal  Switching    Leakage      Total
                          Power      Power      Power      Power (Watts)
----------------------------------------------------------------
Sequential             5.04e-04   2.13e-06   4.39e-07   5.06e-04  95.6%
Combinational          9.90e-06   1.31e-05   4.33e-07   2.34e-05   4.4%
Clock                  0.00e+00   0.00e+00   0.00e+00   0.00e+00   0.0%
Macro                  0.00e+00   0.00e+00   0.00e+00   0.00e+00   0.0%
Pad                    0.00e+00   0.00e+00   0.00e+00   0.00e+00   0.0%
----------------------------------------------------------------
Total                  5.13e-04   1.52e-05   8.72e-07   5.30e-04 100.0%
                          97.0%       2.9%       0.2%

=== FlexSoC normalized power fields ===
dynamic_power_definition=internal_power+switching_power
power_unit=OpenSTA report unit; see Units section
internal_power=0.000513
switching_power=1.52e-05
dynamic_power=0.0005282
leakage_power=8.72e-07
total_power=0.00053
