OpenSTA 2.7.0 d7cb9be1ca Copyright (c) 2025, Parallax Software, Inc.
License GPLv3: GNU GPL version 3 <http://gnu.org/licenses/gpl.html>

This is free software, and you are free to change and redistribute it
under certain conditions; type `show_copying' for details. 
This program comes with ABSOLUTELY NO WARRANTY; for details type `show_warranty'.

===========================================================================
Define corners Slowest Typical Fastest
===========================================================================

define_corners Slowest Typical Fastest

===========================================================================
Read liberty files
===========================================================================

read_liberty -corner Slowest lib/sky130_fd_sc_hd__ss_100C_1v40.lib
read_liberty -corner Typical lib/sky130_fd_sc_hd__tt_025C_1v80.lib
read_liberty -corner Fastest lib/sky130_fd_sc_hd__ff_n40C_1v95.lib

===========================================================================
Read verilog and link top module
===========================================================================

read_verilog syn/soc_synth.v
link_design soc

===========================================================================
Read SDC
===========================================================================

read_sdc ors/soc.sdc


===========================================================================
(Probability Power Analysis) report_power
============================================================================
set_power_activity -input -activity .10
set_power_activity -input_port rst_ni -activity 0

======================= Fastest Corner ===================================
Group                  Internal  Switching    Leakage      Total
                          Power      Power      Power      Power (Watts)
----------------------------------------------------------------
Sequential             5.42e-03   2.49e-06   1.62e-06   5.42e-03  99.8%
Combinational          4.61e-06   5.40e-06   3.58e-08   1.00e-05   0.2%
Clock                  0.00e+00   0.00e+00   0.00e+00   0.00e+00   0.0%
Macro                  0.00e+00   0.00e+00   0.00e+00   0.00e+00   0.0%
Pad                    0.00e+00   0.00e+00   0.00e+00   0.00e+00   0.0%
----------------------------------------------------------------
Total                  5.42e-03   7.89e-06   1.65e-06   5.43e-03 100.0%
                          99.8%       0.1%       0.0%


======================= Slowest Corner ===================================
Group                  Internal  Switching    Leakage      Total
                          Power      Power      Power      Power (Watts)
----------------------------------------------------------------
Sequential             2.65e-03   1.20e-06   2.53e-05   2.68e-03  99.4%
Combinational          2.53e-06   2.61e-06   1.20e-05   1.71e-05   0.6%
Clock                  0.00e+00   0.00e+00   0.00e+00   0.00e+00   0.0%
Macro                  0.00e+00   0.00e+00   0.00e+00   0.00e+00   0.0%
Pad                    0.00e+00   0.00e+00   0.00e+00   0.00e+00   0.0%
----------------------------------------------------------------
Total                  2.66e-03   3.81e-06   3.73e-05   2.70e-03 100.0%
                          98.5%       0.1%       1.4%


======================= Typical Corner ===================================
Group                  Internal  Switching    Leakage      Total
                          Power      Power      Power      Power (Watts)
----------------------------------------------------------------
Sequential             4.68e-03   2.09e-06   1.60e-06   4.68e-03  99.8%
Combinational          4.12e-06   4.56e-06   1.26e-08   8.69e-06   0.2%
Clock                  0.00e+00   0.00e+00   0.00e+00   0.00e+00   0.0%
Macro                  0.00e+00   0.00e+00   0.00e+00   0.00e+00   0.0%
Pad                    0.00e+00   0.00e+00   0.00e+00   0.00e+00   0.0%
----------------------------------------------------------------
Total                  4.68e-03   6.65e-06   1.62e-06   4.69e-03 100.0%
                          99.8%       0.1%       0.0%

===========================================================================
(VCD Power Analysis) report_power
============================================================================
read_vcd -scope soc_tb/u_soc sim/soc_tb.vcd
Annotated 0 pin activities.

======================= Fastest Corner ===================================
Group                  Internal  Switching    Leakage      Total
                          Power      Power      Power      Power (Watts)
----------------------------------------------------------------
Sequential             5.42e-03   2.49e-06   1.62e-06   5.42e-03  99.8%
Combinational          4.61e-06   5.40e-06   3.58e-08   1.00e-05   0.2%
Clock                  0.00e+00   0.00e+00   0.00e+00   0.00e+00   0.0%
Macro                  0.00e+00   0.00e+00   0.00e+00   0.00e+00   0.0%
Pad                    0.00e+00   0.00e+00   0.00e+00   0.00e+00   0.0%
----------------------------------------------------------------
Total                  5.42e-03   7.89e-06   1.65e-06   5.43e-03 100.0%
                          99.8%       0.1%       0.0%


======================= Slowest Corner ===================================
Group                  Internal  Switching    Leakage      Total
                          Power      Power      Power      Power (Watts)
----------------------------------------------------------------
Sequential             2.65e-03   1.20e-06   2.53e-05   2.68e-03  99.4%
Combinational          2.53e-06   2.61e-06   1.20e-05   1.71e-05   0.6%
Clock                  0.00e+00   0.00e+00   0.00e+00   0.00e+00   0.0%
Macro                  0.00e+00   0.00e+00   0.00e+00   0.00e+00   0.0%
Pad                    0.00e+00   0.00e+00   0.00e+00   0.00e+00   0.0%
----------------------------------------------------------------
Total                  2.66e-03   3.81e-06   3.73e-05   2.70e-03 100.0%
                          98.5%       0.1%       1.4%


======================= Typical Corner ===================================
Group                  Internal  Switching    Leakage      Total
                          Power      Power      Power      Power (Watts)
----------------------------------------------------------------
Sequential             4.68e-03   2.09e-06   1.60e-06   4.68e-03  99.8%
Combinational          4.12e-06   4.56e-06   1.26e-08   8.69e-06   0.2%
Clock                  0.00e+00   0.00e+00   0.00e+00   0.00e+00   0.0%
Macro                  0.00e+00   0.00e+00   0.00e+00   0.00e+00   0.0%
Pad                    0.00e+00   0.00e+00   0.00e+00   0.00e+00   0.0%
----------------------------------------------------------------
Total                  4.68e-03   6.65e-06   1.62e-06   4.69e-03 100.0%
                          99.8%       0.1%       0.0%

