analysis=power_analysis corner=tt stage=post_syn
workload=smoke_sv_tt
gls_report=/tmp/flexsoc-ip-v1-release-20260914/gpio-tlul/runs/gpio/release/dv/functional/sim/post_syn/ihp-sg13g2/gpio_post_syn_smoke_sv_tt.json
activity_file=/tmp/flexsoc-ip-v1-release-20260914/gpio-tlul/runs/gpio/release/signoff/ihp-sg13g2/power/activity/captures/gpio_ihp-sg13g2_smoke_sv_tt.vcd
activity_scope=gpio_tb/u_gpio
liberty=/home/eneadim/github/flexsoc/.flexsoc/pdks/ihp-sg13g2/ihp-sg13g2/libs.ref/sg13g2_stdcell/lib/sg13g2_stdcell_typ_1p50V_25C.lib
netlist=/tmp/flexsoc-ip-v1-release-20260914/gpio-tlul/runs/gpio/release/syn/ihp-sg13g2/gpio_synth.v
sdc=/tmp/flexsoc-ip-v1-release-20260914/gpio-tlul/runs/gpio/release/constraints/gpio.sdc
spef=

=== Units ===
 time 1ns
 capacitance 1pF
 resistance 1kohm
 voltage 1v
 current 1uA
 power 1pW
 distance 1um

=== Constraint validation ===

=== Activity annotation ===
annotated_percent=100.00%
Unannotated pins: none

=== Power summary ===
Group                  Internal  Switching    Leakage      Total
                          Power      Power      Power      Power (Watts)
----------------------------------------------------------------
Sequential             1.03e-03   3.02e-06   1.74e-07   1.04e-03  96.2%
Combinational          2.00e-05   2.02e-05   1.78e-07   4.04e-05   3.8%
Clock                  0.00e+00   0.00e+00   0.00e+00   0.00e+00   0.0%
Macro                  0.00e+00   0.00e+00   0.00e+00   0.00e+00   0.0%
Pad                    0.00e+00   0.00e+00   0.00e+00   0.00e+00   0.0%
----------------------------------------------------------------
Total                  1.05e-03   2.32e-05   3.52e-07   1.08e-03 100.0%
                          97.8%       2.2%       0.0%

=== FlexSoC normalized power fields ===
dynamic_power_definition=internal_power+switching_power
power_unit=OpenSTA report unit; see Units section
internal_power=0.00105
switching_power=2.32e-05
dynamic_power=0.0010731999999999998
leakage_power=3.52e-07
total_power=0.00108
