FlexSoC run check · gpio
Technical REVIEW · Provenance STALE

Flow
Main step                    Status 
RTL lint                     PASS   
CDC / RDC                    PASS   
Functional verification      PASS   
Formal verification          PASS   
Synthesis                    PASS   
RTL ↔ synthesis equivalence  MISSING
Pre-implementation sign-off  PASS   
Implementation / PnR         PASS   
Post Sign-Off                REVIEW 
Run status: REVIEW

Provenance
Setup                         State  Action      
cdc_rdc                       CLEAN  -           
cdc_rdc.setup                 CLEAN  -           
cocotb.setup                  CLEAN  -           
eqy.setup                     STALE  fx eqy.setup
formal.cover.setup            CLEAN  -           
formal.csr_cover.setup        CLEAN  -           
formal.csr_prove.setup        CLEAN  -           
formal.prove.setup            CLEAN  -           
formal_bmc                    CLEAN  -           
formal_cover                  CLEAN  -           
formal_csr_bmc                CLEAN  -           
formal_csr_cover              CLEAN  -           
formal_csr_prove              CLEAN  -           
formal_prove                  CLEAN  -           
fusion_analysis_all           CLEAN  -           
fusion_analysis_post_pnr_all  CLEAN  -           
lint_slang_suite              CLEAN  -           
lint_verilator_suite          CLEAN  -           
physical_signoff              CLEAN  -           
pnr                           CLEAN  -           
pnr.setup                     CLEAN  -           
power_analysis_all            CLEAN  -           
power_analysis_post_pnr_all   CLEAN  -           
power_estimate                CLEAN  -           
power_estimate_post_pnr       CLEAN  -           
regression                    CLEAN  -           
sdf                           CLEAN  -           
sdf_post_pnr                  CLEAN  -           
signoff.setup                 CLEAN  -           
signoff_post_pnr.setup        CLEAN  -           
sim_post_pnr_all              CLEAN  -           
sim_post_syn_all              CLEAN  -           
sta                           CLEAN  -           
sta_post_pnr                  CLEAN  -           
syn                           CLEAN  -           
syn.setup                     CLEAN  -           
tb.setup                      CLEAN  -           

RTL lint  Slang → Verilator
Tool       Status  Errors  Warnings  Latch  Width  Unused
slang      PASS         0         1      0      0       0
verilator  PASS         0        77      0      0       2

CDC / RDC  post-lint structural analysis
Status       PASS                                        
Domains      clocks=1 · resets=5 · sequential=63         
CDC          raw=0 · safe=0 · review=0 · warn=0 · error=0
RDC          raw=0 · safe=2 · review=0 · warn=0 · error=0
Obligations  0                                           
Report       dv/cdc_rdc/cdc_rdc.rpt                      

Functional verification
Status           PASS             
Generated tests  8                
sv logs          8                
cocotb logs      8                
Coverage all     3803/6929  54.89%
Coverage design  904/1270  71.18% 
Test              SV    cocotb
auto_toggle       PASS  PASS  
corners           PASS  PASS  
input_filter      PASS  PASS  
interrupt_levels  PASS  PASS  
random_seed_1     PASS  PASS  
random_seed_2     PASS  PASS  
reconfig          PASS  PASS  
smoke             PASS  PASS  

Formal verification
Suite       Stage  Status  Time  Traces
csr         bmc    PASS      2s       0
csr         prove  PASS      0s       0
csr         cover  PASS      0s       2
properties  bmc    PASS      1s       0
properties  prove  PASS      0s       0
properties  cover  PASS      0s       8

Synthesis
Strategy         delay1                 
Netlist          syn/sky130/gpio_synth.v
Cells            1002                   
Area             9481.5936              
Sequential area  5530.304               
Errors           0                      
Warnings         0                      

Pre-implementation sign-off
SDF                    PASS · corners=3             
STA                    PASS · ideal clock · none    
Gate-level simulation  9/9  PASS · interconnect none
Power estimate         PASS                         
Activity power         9/9  PASS                    
Timing / power fusion  9/9  PASS                    
STA QoR
Corner  Mode   Status   WNS (ns)   TNS (ns)  Viol  Unconstr
ss      setup  PASS    +0.000000  +0.000000     0         0
ss      hold   WARN    -0.490000  -2.010000     6         0
tt      setup  PASS    +0.000000  +0.000000     0         0
tt      hold   WARN    -0.300000  -1.210000     4         0
ff      setup  PASS    +0.000000  +0.000000     0         0
ff      hold   WARN    -0.190000  -0.780000     6         0
GLS matrix
Test                min      typ      max  
corners           PASS sv  PASS sv  PASS sv
interrupt_levels  PASS sv  PASS sv  PASS sv
smoke             PASS sv  PASS sv  PASS sv
Power estimate
Corner  Internal (mW)  Switching (mW)  Leakage (µW)  Total (mW)
ss             +1.860          +0.857        +0.002      +2.720
tt             +2.030          +0.954        +1.510      +2.990
ff             +2.230          +1.110        +0.008      +3.340
Activity power workloads
Workload                Test              Backend  Timing  Status
corners_sv_ff           corners             sv      min    PASS  
interrupt_levels_sv_ff  interrupt_levels    sv      min    PASS  
smoke_sv_ff             smoke               sv      min    PASS  
corners_sv_tt           corners             sv      typ    PASS  
interrupt_levels_sv_tt  interrupt_levels    sv      typ    PASS  
smoke_sv_tt             smoke               sv      typ    PASS  
corners_sv_ss           corners             sv      max    PASS  
interrupt_levels_sv_ss  interrupt_levels    sv      max    PASS  
smoke_sv_ss             smoke               sv      max    PASS  
Timing / power fusion workloads
Workload                Test              Backend  Timing  Status
corners_sv_ff           corners             sv      min    PASS  
interrupt_levels_sv_ff  interrupt_levels    sv      min    PASS  
smoke_sv_ff             smoke               sv      min    PASS  
corners_sv_tt           corners             sv      typ    PASS  
interrupt_levels_sv_tt  interrupt_levels    sv      typ    PASS  
smoke_sv_tt             smoke               sv      typ    PASS  
corners_sv_ss           corners             sv      max    PASS  
interrupt_levels_sv_ss  interrupt_levels    sv      max    PASS  
smoke_sv_ss             smoke               sv      max    PASS  

Implementation / PnR
Status           PASS                                  
Results          impl/sky130/results/sky130hd/gpio/base
Final artifacts  5/5                                   
Log              logs/pnr/sky130/gpio_pnr.log          

Post Sign-Off
Physical closure       REVIEW                          
Route DRC              PASS                            
Antenna                PASS                            
GDS DRC                PASS                            
LVS                    MISSING                         
IR / PDN               UNSUPPORTED                     
SDF                    PASS · corners=3                
STA                    PASS · propagated clock · spef  
Gate-level simulation  9/9  PASS · interconnect enabled
Power estimate         PASS                            
Activity power         9/9  PASS                       
Timing / power fusion  9/9  PASS                       
STA QoR
Corner  Mode   Status   WNS (ns)   TNS (ns)  Viol  Unconstr
ss      setup  PASS    +0.000000  +0.000000     0         0
ss      hold   PASS    +0.000000  +0.000000     0         0
tt      setup  PASS    +0.000000  +0.000000     0         0
tt      hold   PASS    +0.000000  +0.000000     0         0
ff      setup  PASS    +0.000000  +0.000000     0         0
ff      hold   PASS    +0.000000  +0.000000     0         0
GLS matrix
Test                min      typ      max  
corners           PASS sv  PASS sv  PASS sv
interrupt_levels  PASS sv  PASS sv  PASS sv
smoke             PASS sv  PASS sv  PASS sv
Power estimate
Corner  Internal (mW)  Switching (mW)  Leakage (µW)  Total (mW)
ss             +2.390          +1.570        +0.003      +3.960
tt             +2.650          +1.720        +1.620      +4.380
ff             +2.920          +2.020        +0.010      +4.940
Activity power workloads
Workload                Test              Backend  Timing  Status
corners_sv_ff           corners             sv      min    PASS  
interrupt_levels_sv_ff  interrupt_levels    sv      min    PASS  
smoke_sv_ff             smoke               sv      min    PASS  
corners_sv_tt           corners             sv      typ    PASS  
interrupt_levels_sv_tt  interrupt_levels    sv      typ    PASS  
smoke_sv_tt             smoke               sv      typ    PASS  
corners_sv_ss           corners             sv      max    PASS  
interrupt_levels_sv_ss  interrupt_levels    sv      max    PASS  
smoke_sv_ss             smoke               sv      max    PASS  
Timing / power fusion workloads
Workload                Test              Backend  Timing  Status
corners_sv_ff           corners             sv      min    PASS  
interrupt_levels_sv_ff  interrupt_levels    sv      min    PASS  
smoke_sv_ff             smoke               sv      min    PASS  
corners_sv_tt           corners             sv      typ    PASS  
interrupt_levels_sv_tt  interrupt_levels    sv      typ    PASS  
smoke_sv_tt             smoke               sv      typ    PASS  
corners_sv_ss           corners             sv      max    PASS  
interrupt_levels_sv_ss  interrupt_levels    sv      max    PASS  
smoke_sv_ss             smoke               sv      max    PASS  

Detailed metrics: /home/eneadim/github/flexsoc/hw/ips/gpio/1.0.0/interfaces/.ip-save.gpio.axi_lite.rlva9w1j/axi_lite/meta/sky130/metrics.json
