analysis=power_analysis corner=ff stage=post_syn
workload=random_seed_2_sv_ff
gls_report=/tmp/flexsoc-reference-uart/runs/uart/reference/dv/functional/sim/post_syn/ihp-sg13g2/uart_post_syn_random_seed_2_sv_ff.json
activity_file=/tmp/flexsoc-reference-uart/runs/uart/reference/signoff/ihp-sg13g2/power/activity/captures/uart_ihp-sg13g2_random_seed_2_sv_ff.vcd
activity_scope=uart_tb/u_uart
liberty=/home/eneadim/github/flexsoc/.flexsoc/pdks/ihp-sg13g2/ihp-sg13g2/libs.ref/sg13g2_stdcell/lib/sg13g2_stdcell_fast_1p65V_m40C.lib
netlist=/tmp/flexsoc-reference-uart/runs/uart/reference/syn/ihp-sg13g2/uart_synth.v
sdc=/tmp/flexsoc-reference-uart/runs/uart/reference/signoff/ihp-sg13g2/uart.sdc
spef=

=== Units ===
 time 1ns
 capacitance 1pF
 resistance 1kohm
 voltage 1v
 current 1uA
 power 1pW
 distance 1um

=== Constraint validation ===

=== Activity annotation ===
annotated_percent=100.00%
Unannotated pins: none

=== Power summary ===
Group                  Internal  Switching    Leakage      Total
                          Power      Power      Power      Power (Watts)
----------------------------------------------------------------
Sequential             3.45e-03   6.72e-06   1.60e-06   3.46e-03  99.2%
Combinational          1.32e-05   1.28e-05   1.52e-06   2.75e-05   0.8%
Clock                  0.00e+00   0.00e+00   0.00e+00   0.00e+00   0.0%
Macro                  0.00e+00   0.00e+00   0.00e+00   0.00e+00   0.0%
Pad                    0.00e+00   0.00e+00   0.00e+00   0.00e+00   0.0%
----------------------------------------------------------------
Total                  3.46e-03   1.95e-05   3.11e-06   3.49e-03 100.0%
                          99.4%       0.6%       0.1%

=== FlexSoC normalized power fields ===
dynamic_power_definition=internal_power+switching_power
power_unit=OpenSTA report unit; see Units section
internal_power=0.00346
switching_power=1.95e-05
dynamic_power=0.0034795
leakage_power=3.11e-06
total_power=0.00349
