analysis=power_estimate activity_source=input_assumption
activity_model=input
activity=0.1
duty=0.5
corner=ss stage=post_syn
liberty=/home/eneadim/github/flexsoc/.flexsoc/pdks/ihp-sg13g2/ihp-sg13g2/libs.ref/sg13g2_stdcell/lib/sg13g2_stdcell_slow_1p35V_125C.lib
netlist=/tmp/flexsoc-ip-v1-release-20260914/gpio-reg_iface/runs/gpio/release/syn/ihp-sg13g2/gpio_synth.v
sdc=/tmp/flexsoc-ip-v1-release-20260914/gpio-reg_iface/runs/gpio/release/constraints/gpio.sdc
spef=

=== Units ===
 time 1ns
 capacitance 1pF
 resistance 1kohm
 voltage 1v
 current 1uA
 power 1pW
 distance 1um

=== Constraint validation ===

=== Power summary ===
Group                  Internal  Switching    Leakage      Total
                          Power      Power      Power      Power (Watts)
----------------------------------------------------------------
Sequential             5.57e-04   1.10e-05   2.71e-07   5.68e-04  89.0%
Combinational          3.69e-05   3.28e-05   2.71e-07   7.00e-05  11.0%
Clock                  0.00e+00   0.00e+00   0.00e+00   0.00e+00   0.0%
Macro                  0.00e+00   0.00e+00   0.00e+00   0.00e+00   0.0%
Pad                    0.00e+00   0.00e+00   0.00e+00   0.00e+00   0.0%
----------------------------------------------------------------
Total                  5.94e-04   4.38e-05   5.43e-07   6.38e-04 100.0%
                          93.0%       6.9%       0.1%

=== FlexSoC normalized power fields ===
dynamic_power_definition=internal_power+switching_power
power_unit=OpenSTA report unit; see Units section
internal_power=0.000594
switching_power=4.38e-05
dynamic_power=0.0006378
leakage_power=5.43e-07
total_power=0.000638
