analysis=fusion_analysis corner=tt mode=hold stage=post_syn
workload=random_seed_2_sv_tt
methodology=staged_public_opensta
path_power_semantics=average_instance_power_in_same_analysis_context
activity_file=/home/eneadim/github/flexsoc/workspace/runs/uart/dev/signoff/sky130/power/activity/captures/uart_sky130_random_seed_2_sv_tt.vcd
activity_scope=uart_tb/u_uart
liberty=/home/eneadim/github/flexsoc/.flexsoc/pdks/ciel/sky130/versions/f6eeac7dad085ffcc829ccfd721f7b4ce39edcf7/sky130A/libs.ref/sky130_fd_sc_hd/lib/sky130_fd_sc_hd__tt_100C_1v80.lib
netlist=/home/eneadim/github/flexsoc/workspace/runs/uart/dev/syn/sky130/uart_synth.v
sdc=/home/eneadim/github/flexsoc/workspace/runs/uart/dev/signoff/sky130/uart.sdc
spef=

=== Units ===
 time 1ns
 capacitance 1pF
 resistance 1kohm
 voltage 1v
 current 1mA
 power 1nW
 distance 1um

=== Constraint validation ===

=== Timing summary ===
wns min wns min 0.00
tns min tns min 0.00

=== Power summary ===
Group                  Internal  Switching    Leakage      Total
                          Power      Power      Power      Power (Watts)
----------------------------------------------------------------
Sequential             1.55e-03   2.80e-06   1.16e-06   1.55e-03  99.2%
Combinational          6.18e-06   6.46e-06   5.36e-07   1.32e-05   0.8%
Clock                  0.00e+00   0.00e+00   0.00e+00   0.00e+00   0.0%
Macro                  0.00e+00   0.00e+00   0.00e+00   0.00e+00   0.0%
Pad                    0.00e+00   0.00e+00   0.00e+00   0.00e+00   0.0%
----------------------------------------------------------------
Total                  1.55e-03   9.26e-06   1.70e-06   1.56e-03 100.0%
                          99.3%       0.6%       0.1%

=== Worst timing paths (violated or met) ===
Startpoint: _1988_ (rising edge-triggered flip-flop clocked by core)
Endpoint: _1989_ (rising edge-triggered flip-flop clocked by core)
Path Group: core
Path Type: min

Fanout         Cap        Slew       Delay        Time   Description
---------------------------------------------------------------------------------------------
                      0.000000    0.000000    0.000000   clock core (rise edge)
                                  0.000000    0.000000   clock network delay (ideal)
                      0.000000    0.000000    0.000000 ^ _1988_/CLK (sky130_fd_sc_hd__dfstp_2)
     1    0.002297    0.022375    0.347125    0.347125 v _1988_/Q (sky130_fd_sc_hd__dfstp_2)
                                                         u_uart_core.sync_rx.u_sync_1.q_o (net)
                      0.022375    0.000000    0.347125 v _1989_/D (sky130_fd_sc_hd__dfstp_2)
                                              0.347125   data arrival time

                      0.000000    0.000000    0.000000   clock core (rise edge)
                                  0.000000    0.000000   clock network delay (ideal)
                                  0.000000    0.000000   clock reconvergence pessimism
                                              0.000000 ^ _1989_/CLK (sky130_fd_sc_hd__dfstp_2)
                                 -0.008148   -0.008148   library hold time
                                             -0.008148   data required time
---------------------------------------------------------------------------------------------
                                             -0.008148   data required time
                                             -0.347125   data arrival time
---------------------------------------------------------------------------------------------
                                              0.355273   slack (MET)


Startpoint: _1989_ (rising edge-triggered flip-flop clocked by core)
Endpoint: _1990_ (rising edge-triggered flip-flop clocked by core)
Path Group: core
Path Type: min

Fanout         Cap        Slew       Delay        Time   Description
---------------------------------------------------------------------------------------------
                      0.000000    0.000000    0.000000   clock core (rise edge)
                                  0.000000    0.000000   clock network delay (ideal)
                      0.000000    0.000000    0.000000 ^ _1989_/CLK (sky130_fd_sc_hd__dfstp_2)
     3    0.006192    0.032102    0.359083    0.359083 v _1989_/Q (sky130_fd_sc_hd__dfstp_2)
                                                         u_uart_core.sync_rx.u_sync_2.q_o (net)
                      0.032102    0.000000    0.359083 v _1990_/D (sky130_fd_sc_hd__dfstp_2)
                                              0.359083   data arrival time

                      0.000000    0.000000    0.000000   clock core (rise edge)
                                  0.000000    0.000000   clock network delay (ideal)
                                  0.000000    0.000000   clock reconvergence pessimism
                                              0.000000 ^ _1990_/CLK (sky130_fd_sc_hd__dfstp_2)
                                 -0.010632   -0.010632   library hold time
                                             -0.010632   data required time
---------------------------------------------------------------------------------------------
                                             -0.010632   data required time
                                             -0.359083   data arrival time
---------------------------------------------------------------------------------------------
                                              0.369715   slack (MET)


Startpoint: _1990_ (rising edge-triggered flip-flop clocked by core)
Endpoint: _1991_ (rising edge-triggered flip-flop clocked by core)
Path Group: core
Path Type: min

Fanout         Cap        Slew       Delay        Time   Description
---------------------------------------------------------------------------------------------
                      0.000000    0.000000    0.000000   clock core (rise edge)
                                  0.000000    0.000000   clock network delay (ideal)
                      0.000000    0.000000    0.000000 ^ _1990_/CLK (sky130_fd_sc_hd__dfstp_2)
     3    0.006309    0.032375    0.359382    0.359382 v _1990_/Q (sky130_fd_sc_hd__dfstp_2)
                                                         u_uart_core.rx_sync_q1 (net)
                      0.032375    0.000000    0.359382 v _1991_/D (sky130_fd_sc_hd__dfstp_2)
                                              0.359382   data arrival time

                      0.000000    0.000000    0.000000   clock core (rise edge)
                                  0.000000    0.000000   clock network delay (ideal)
                                  0.000000    0.000000   clock reconvergence pessimism
                                              0.000000 ^ _1991_/CLK (sky130_fd_sc_hd__dfstp_2)
                                 -0.010702   -0.010702   library hold time
                                             -0.010702   data required time
---------------------------------------------------------------------------------------------
                                             -0.010702   data required time
                                             -0.359382   data arrival time
---------------------------------------------------------------------------------------------
                                              0.370084   slack (MET)


Startpoint: _1956_ (rising edge-triggered flip-flop clocked by core)
Endpoint: _1956_ (rising edge-triggered flip-flop clocked by core)
Path Group: core
Path Type: min

Fanout         Cap        Slew       Delay        Time   Description
---------------------------------------------------------------------------------------------
                      0.000000    0.000000    0.000000   clock core (rise edge)
                                  0.000000    0.000000   clock network delay (ideal)
                      0.000000    0.000000    0.000000 ^ _1956_/CLK (sky130_fd_sc_hd__dfrtp_1)
     2    0.002490    0.046598    0.301182    0.301182 ^ _1956_/Q (sky130_fd_sc_hd__dfrtp_1)
                                                         u_reg.u_reg_if.reqsz_q[0] (net)
                      0.046598    0.000000    0.301182 ^ _1162_/B (sky130_fd_sc_hd__nand2_1)
     1    0.002285    0.032417    0.049429    0.350611 v _1162_/Y (sky130_fd_sc_hd__nand2_1)
                                                         _0758_ (net)
                      0.032417    0.000000    0.350611 v _1163_/B (sky130_fd_sc_hd__nand2_1)
     1    0.002026    0.030800    0.047113    0.397725 ^ _1163_/Y (sky130_fd_sc_hd__nand2_1)
                                                         _0032_ (net)
                      0.030800    0.000000    0.397725 ^ _1956_/D (sky130_fd_sc_hd__dfrtp_1)
                                              0.397725   data arrival time

                      0.000000    0.000000    0.000000   clock core (rise edge)
                                  0.000000    0.000000   clock network delay (ideal)
                                  0.000000    0.000000   clock reconvergence pessimism
                                              0.000000 ^ _1956_/CLK (sky130_fd_sc_hd__dfrtp_1)
                                 -0.039926   -0.039926   library hold time
                                             -0.039926   data required time
---------------------------------------------------------------------------------------------
                                             -0.039926   data required time
                                             -0.397725   data arrival time
---------------------------------------------------------------------------------------------
                                              0.437650   slack (MET)


Startpoint: _1957_ (rising edge-triggered flip-flop clocked by core)
Endpoint: _1957_ (rising edge-triggered flip-flop clocked by core)
Path Group: core
Path Type: min

Fanout         Cap        Slew       Delay        Time   Description
---------------------------------------------------------------------------------------------
                      0.000000    0.000000    0.000000   clock core (rise edge)
                                  0.000000    0.000000   clock network delay (ideal)
                      0.000000    0.000000    0.000000 ^ _1957_/CLK (sky130_fd_sc_hd__dfrtp_1)
     2    0.002490    0.046598    0.301182    0.301182 ^ _1957_/Q (sky130_fd_sc_hd__dfrtp_1)
                                                         u_reg.u_reg_if.reqsz_q[1] (net)
                      0.046598    0.000000    0.301182 ^ _1891_/B (sky130_fd_sc_hd__nand2_1)
     1    0.002285    0.032417    0.049429    0.350611 v _1891_/Y (sky130_fd_sc_hd__nand2_1)
                                                         _0575_ (net)
                      0.032417    0.000000    0.350611 v _1892_/B (sky130_fd_sc_hd__nand2_1)
     1    0.002026    0.030800    0.047113    0.397725 ^ _1892_/Y (sky130_fd_sc_hd__nand2_1)
                                                         _0147_ (net)
                      0.030800    0.000000    0.397725 ^ _1957_/D (sky130_fd_sc_hd__dfrtp_1)
                                              0.397725   data arrival time

                      0.000000    0.000000    0.000000   clock core (rise edge)
                                  0.000000    0.000000   clock network delay (ideal)
                                  0.000000    0.000000   clock reconvergence pessimism
                                              0.000000 ^ _1957_/CLK (sky130_fd_sc_hd__dfrtp_1)
                                 -0.039926   -0.039926   library hold time
                                             -0.039926   data required time
---------------------------------------------------------------------------------------------
                                             -0.039926   data required time
                                             -0.397725   data arrival time
---------------------------------------------------------------------------------------------
                                              0.437650   slack (MET)


Startpoint: _1958_ (rising edge-triggered flip-flop clocked by core)
Endpoint: _1958_ (rising edge-triggered flip-flop clocked by core)
Path Group: core
Path Type: min

Fanout         Cap        Slew       Delay        Time   Description
---------------------------------------------------------------------------------------------
                      0.000000    0.000000    0.000000   clock core (rise edge)
                                  0.000000    0.000000   clock network delay (ideal)
                      0.000000    0.000000    0.000000 ^ _1958_/CLK (sky130_fd_sc_hd__dfrtp_1)
     2    0.002490    0.046598    0.301182    0.301182 ^ _1958_/Q (sky130_fd_sc_hd__dfrtp_1)
                                                         u_reg.u_reg_if.reqid_q[0] (net)
                      0.046598    0.000000    0.301182 ^ _1159_/B (sky130_fd_sc_hd__nand2_1)
     1    0.002285    0.032417    0.049429    0.350611 v _1159_/Y (sky130_fd_sc_hd__nand2_1)
                                                         _0756_ (net)
                      0.032417    0.000000    0.350611 v _1160_/B (sky130_fd_sc_hd__nand2_1)
     1    0.002026    0.030800    0.047113    0.397725 ^ _1160_/Y (sky130_fd_sc_hd__nand2_1)
                                                         _0031_ (net)
                      0.030800    0.000000    0.397725 ^ _1958_/D (sky130_fd_sc_hd__dfrtp_1)
                                              0.397725   data arrival time

                      0.000000    0.000000    0.000000   clock core (rise edge)
                                  0.000000    0.000000   clock network delay (ideal)
                                  0.000000    0.000000   clock reconvergence pessimism
                                              0.000000 ^ _1958_/CLK (sky130_fd_sc_hd__dfrtp_1)
                                 -0.039926   -0.039926   library hold time
                                             -0.039926   data required time
---------------------------------------------------------------------------------------------
                                             -0.039926   data required time
                                             -0.397725   data arrival time
---------------------------------------------------------------------------------------------
                                              0.437650   slack (MET)


Startpoint: _1959_ (rising edge-triggered flip-flop clocked by core)
Endpoint: _1959_ (rising edge-triggered flip-flop clocked by core)
Path Group: core
Path Type: min

Fanout         Cap        Slew       Delay        Time   Description
---------------------------------------------------------------------------------------------
                      0.000000    0.000000    0.000000   clock core (rise edge)
                                  0.000000    0.000000   clock network delay (ideal)
                      0.000000    0.000000    0.000000 ^ _1959_/CLK (sky130_fd_sc_hd__dfrtp_1)
     2    0.002490    0.046598    0.301182    0.301182 ^ _1959_/Q (sky130_fd_sc_hd__dfrtp_1)
                                                         u_reg.u_reg_if.reqid_q[1] (net)
                      0.046598    0.000000    0.301182 ^ _1156_/B (sky130_fd_sc_hd__nand2_1)
     1    0.002285    0.032417    0.049429    0.350611 v _1156_/Y (sky130_fd_sc_hd__nand2_1)
                                                         _0754_ (net)
                      0.032417    0.000000    0.350611 v _1157_/B (sky130_fd_sc_hd__nand2_1)
     1    0.002026    0.030800    0.047113    0.397725 ^ _1157_/Y (sky130_fd_sc_hd__nand2_1)
                                                         _0030_ (net)
                      0.030800    0.000000    0.397725 ^ _1959_/D (sky130_fd_sc_hd__dfrtp_1)
                                              0.397725   data arrival time

                      0.000000    0.000000    0.000000   clock core (rise edge)
                                  0.000000    0.000000   clock network delay (ideal)
                                  0.000000    0.000000   clock reconvergence pessimism
                                              0.000000 ^ _1959_/CLK (sky130_fd_sc_hd__dfrtp_1)
                                 -0.039926   -0.039926   library hold time
                                             -0.039926   data required time
---------------------------------------------------------------------------------------------
                                             -0.039926   data required time
                                             -0.397725   data arrival time
---------------------------------------------------------------------------------------------
                                              0.437650   slack (MET)


Startpoint: _1960_ (rising edge-triggered flip-flop clocked by core)
Endpoint: _1960_ (rising edge-triggered flip-flop clocked by core)
Path Group: core
Path Type: min

Fanout         Cap        Slew       Delay        Time   Description
---------------------------------------------------------------------------------------------
                      0.000000    0.000000    0.000000   clock core (rise edge)
                                  0.000000    0.000000   clock network delay (ideal)
                      0.000000    0.000000    0.000000 ^ _1960_/CLK (sky130_fd_sc_hd__dfrtp_1)
     2    0.002490    0.046598    0.301182    0.301182 ^ _1960_/Q (sky130_fd_sc_hd__dfrtp_1)
                                                         u_reg.u_reg_if.reqid_q[2] (net)
                      0.046598    0.000000    0.301182 ^ _1153_/B (sky130_fd_sc_hd__nand2_1)
     1    0.002285    0.032417    0.049429    0.350611 v _1153_/Y (sky130_fd_sc_hd__nand2_1)
                                                         _0752_ (net)
                      0.032417    0.000000    0.350611 v _1154_/B (sky130_fd_sc_hd__nand2_1)
     1    0.002026    0.030800    0.047113    0.397725 ^ _1154_/Y (sky130_fd_sc_hd__nand2_1)
                                                         _0029_ (net)
                      0.030800    0.000000    0.397725 ^ _1960_/D (sky130_fd_sc_hd__dfrtp_1)
                                              0.397725   data arrival time

                      0.000000    0.000000    0.000000   clock core (rise edge)
                                  0.000000    0.000000   clock network delay (ideal)
                                  0.000000    0.000000   clock reconvergence pessimism
                                              0.000000 ^ _1960_/CLK (sky130_fd_sc_hd__dfrtp_1)
                                 -0.039926   -0.039926   library hold time
                                             -0.039926   data required time
---------------------------------------------------------------------------------------------
                                             -0.039926   data required time
                                             -0.397725   data arrival time
---------------------------------------------------------------------------------------------
                                              0.437650   slack (MET)


Startpoint: _1961_ (rising edge-triggered flip-flop clocked by core)
Endpoint: _1961_ (rising edge-triggered flip-flop clocked by core)
Path Group: core
Path Type: min

Fanout         Cap        Slew       Delay        Time   Description
---------------------------------------------------------------------------------------------
                      0.000000    0.000000    0.000000   clock core (rise edge)
                                  0.000000    0.000000   clock network delay (ideal)
                      0.000000    0.000000    0.000000 ^ _1961_/CLK (sky130_fd_sc_hd__dfrtp_1)
     2    0.002490    0.046598    0.301182    0.301182 ^ _1961_/Q (sky130_fd_sc_hd__dfrtp_1)
                                                         u_reg.u_reg_if.reqid_q[3] (net)
                      0.046598    0.000000    0.301182 ^ _1150_/B (sky130_fd_sc_hd__nand2_1)
     1    0.002285    0.032417    0.049429    0.350611 v _1150_/Y (sky130_fd_sc_hd__nand2_1)
                                                         _0750_ (net)
                      0.032417    0.000000    0.350611 v _1151_/B (sky130_fd_sc_hd__nand2_1)
     1    0.002026    0.030800    0.047113    0.397725 ^ _1151_/Y (sky130_fd_sc_hd__nand2_1)
                                                         _0028_ (net)
                      0.030800    0.000000    0.397725 ^ _1961_/D (sky130_fd_sc_hd__dfrtp_1)
                                              0.397725   data arrival time

                      0.000000    0.000000    0.000000   clock core (rise edge)
                                  0.000000    0.000000   clock network delay (ideal)
                                  0.000000    0.000000   clock reconvergence pessimism
                                              0.000000 ^ _1961_/CLK (sky130_fd_sc_hd__dfrtp_1)
                                 -0.039926   -0.039926   library hold time
                                             -0.039926   data required time
---------------------------------------------------------------------------------------------
                                             -0.039926   data required time
                                             -0.397725   data arrival time
---------------------------------------------------------------------------------------------
                                              0.437650   slack (MET)


Startpoint: _1962_ (rising edge-triggered flip-flop clocked by core)
Endpoint: _1962_ (rising edge-triggered flip-flop clocked by core)
Path Group: core
Path Type: min

Fanout         Cap        Slew       Delay        Time   Description
---------------------------------------------------------------------------------------------
                      0.000000    0.000000    0.000000   clock core (rise edge)
                                  0.000000    0.000000   clock network delay (ideal)
                      0.000000    0.000000    0.000000 ^ _1962_/CLK (sky130_fd_sc_hd__dfrtp_1)
     2    0.002490    0.046598    0.301182    0.301182 ^ _1962_/Q (sky130_fd_sc_hd__dfrtp_1)
                                                         u_reg.u_reg_if.reqid_q[4] (net)
                      0.046598    0.000000    0.301182 ^ _1147_/B (sky130_fd_sc_hd__nand2_1)
     1    0.002285    0.032417    0.049429    0.350611 v _1147_/Y (sky130_fd_sc_hd__nand2_1)
                                                         _0748_ (net)
                      0.032417    0.000000    0.350611 v _1148_/B (sky130_fd_sc_hd__nand2_1)
     1    0.002026    0.030800    0.047113    0.397725 ^ _1148_/Y (sky130_fd_sc_hd__nand2_1)
                                                         _0027_ (net)
                      0.030800    0.000000    0.397725 ^ _1962_/D (sky130_fd_sc_hd__dfrtp_1)
                                              0.397725   data arrival time

                      0.000000    0.000000    0.000000   clock core (rise edge)
                                  0.000000    0.000000   clock network delay (ideal)
                                  0.000000    0.000000   clock reconvergence pessimism
                                              0.000000 ^ _1962_/CLK (sky130_fd_sc_hd__dfrtp_1)
                                 -0.039926   -0.039926   library hold time
                                             -0.039926   data required time
---------------------------------------------------------------------------------------------
                                             -0.039926   data required time
                                             -0.397725   data arrival time
---------------------------------------------------------------------------------------------
                                              0.437650   slack (MET)


Startpoint: rst_ni (input port clocked by core)
Endpoint: _1901_ (removal check against rising-edge clock core)
Path Group: asynchronous
Path Type: min

Fanout         Cap        Slew       Delay        Time   Description
---------------------------------------------------------------------------------------------
                      0.000000    0.000000    0.000000   clock core (rise edge)
                                  0.000000    0.000000   clock network delay (ideal)
                                  2.000000    2.000000 ^ input external delay
   155    0.556140    0.000000    0.000000    2.000000 ^ rst_ni (in)
                                                         rst_ni (net)
                      0.000000    0.000000    2.000000 ^ _1901_/RESET_B (sky130_fd_sc_hd__dfrtp_1)
                                              2.000000   data arrival time

                      0.000000    0.000000    0.000000   clock core (rise edge)
                                  0.000000    0.000000   clock network delay (ideal)
                                  0.000000    0.000000   clock reconvergence pessimism
                                              0.000000 ^ _1901_/CLK (sky130_fd_sc_hd__dfrtp_1)
                                  0.294843    0.294843   library removal time
                                              0.294843   data required time
---------------------------------------------------------------------------------------------
                                              0.294843   data required time
                                             -2.000000   data arrival time
---------------------------------------------------------------------------------------------
                                              1.705157   slack (MET)


Startpoint: rst_ni (input port clocked by core)
Endpoint: _1902_ (removal check against rising-edge clock core)
Path Group: asynchronous
Path Type: min

Fanout         Cap        Slew       Delay        Time   Description
---------------------------------------------------------------------------------------------
                      0.000000    0.000000    0.000000   clock core (rise edge)
                                  0.000000    0.000000   clock network delay (ideal)
                                  2.000000    2.000000 ^ input external delay
   155    0.556140    0.000000    0.000000    2.000000 ^ rst_ni (in)
                                                         rst_ni (net)
                      0.000000    0.000000    2.000000 ^ _1902_/RESET_B (sky130_fd_sc_hd__dfrtp_1)
                                              2.000000   data arrival time

                      0.000000    0.000000    0.000000   clock core (rise edge)
                                  0.000000    0.000000   clock network delay (ideal)
                                  0.000000    0.000000   clock reconvergence pessimism
                                              0.000000 ^ _1902_/CLK (sky130_fd_sc_hd__dfrtp_1)
                                  0.294843    0.294843   library removal time
                                              0.294843   data required time
---------------------------------------------------------------------------------------------
                                              0.294843   data required time
                                             -2.000000   data arrival time
---------------------------------------------------------------------------------------------
                                              1.705157   slack (MET)


Startpoint: rst_ni (input port clocked by core)
Endpoint: _1903_ (removal check against rising-edge clock core)
Path Group: asynchronous
Path Type: min

Fanout         Cap        Slew       Delay        Time   Description
---------------------------------------------------------------------------------------------
                      0.000000    0.000000    0.000000   clock core (rise edge)
                                  0.000000    0.000000   clock network delay (ideal)
                                  2.000000    2.000000 ^ input external delay
   155    0.556140    0.000000    0.000000    2.000000 ^ rst_ni (in)
                                                         rst_ni (net)
                      0.000000    0.000000    2.000000 ^ _1903_/RESET_B (sky130_fd_sc_hd__dfrtp_1)
                                              2.000000   data arrival time

                      0.000000    0.000000    0.000000   clock core (rise edge)
                                  0.000000    0.000000   clock network delay (ideal)
                                  0.000000    0.000000   clock reconvergence pessimism
                                              0.000000 ^ _1903_/CLK (sky130_fd_sc_hd__dfrtp_1)
                                  0.294843    0.294843   library removal time
                                              0.294843   data required time
---------------------------------------------------------------------------------------------
                                              0.294843   data required time
                                             -2.000000   data arrival time
---------------------------------------------------------------------------------------------
                                              1.705157   slack (MET)


Startpoint: rst_ni (input port clocked by core)
Endpoint: _1904_ (removal check against rising-edge clock core)
Path Group: asynchronous
Path Type: min

Fanout         Cap        Slew       Delay        Time   Description
---------------------------------------------------------------------------------------------
                      0.000000    0.000000    0.000000   clock core (rise edge)
                                  0.000000    0.000000   clock network delay (ideal)
                                  2.000000    2.000000 ^ input external delay
   155    0.556140    0.000000    0.000000    2.000000 ^ rst_ni (in)
                                                         rst_ni (net)
                      0.000000    0.000000    2.000000 ^ _1904_/RESET_B (sky130_fd_sc_hd__dfrtp_1)
                                              2.000000   data arrival time

                      0.000000    0.000000    0.000000   clock core (rise edge)
                                  0.000000    0.000000   clock network delay (ideal)
                                  0.000000    0.000000   clock reconvergence pessimism
                                              0.000000 ^ _1904_/CLK (sky130_fd_sc_hd__dfrtp_1)
                                  0.294843    0.294843   library removal time
                                              0.294843   data required time
---------------------------------------------------------------------------------------------
                                              0.294843   data required time
                                             -2.000000   data arrival time
---------------------------------------------------------------------------------------------
                                              1.705157   slack (MET)


Startpoint: rst_ni (input port clocked by core)
Endpoint: _1905_ (removal check against rising-edge clock core)
Path Group: asynchronous
Path Type: min

Fanout         Cap        Slew       Delay        Time   Description
---------------------------------------------------------------------------------------------
                      0.000000    0.000000    0.000000   clock core (rise edge)
                                  0.000000    0.000000   clock network delay (ideal)
                                  2.000000    2.000000 ^ input external delay
   155    0.556140    0.000000    0.000000    2.000000 ^ rst_ni (in)
                                                         rst_ni (net)
                      0.000000    0.000000    2.000000 ^ _1905_/RESET_B (sky130_fd_sc_hd__dfrtp_1)
                                              2.000000   data arrival time

                      0.000000    0.000000    0.000000   clock core (rise edge)
                                  0.000000    0.000000   clock network delay (ideal)
                                  0.000000    0.000000   clock reconvergence pessimism
                                              0.000000 ^ _1905_/CLK (sky130_fd_sc_hd__dfrtp_1)
                                  0.294843    0.294843   library removal time
                                              0.294843   data required time
---------------------------------------------------------------------------------------------
                                              0.294843   data required time
                                             -2.000000   data arrival time
---------------------------------------------------------------------------------------------
                                              1.705157   slack (MET)


Startpoint: rst_ni (input port clocked by core)
Endpoint: _1906_ (removal check against rising-edge clock core)
Path Group: asynchronous
Path Type: min

Fanout         Cap        Slew       Delay        Time   Description
---------------------------------------------------------------------------------------------
                      0.000000    0.000000    0.000000   clock core (rise edge)
                                  0.000000    0.000000   clock network delay (ideal)
                                  2.000000    2.000000 ^ input external delay
   155    0.556140    0.000000    0.000000    2.000000 ^ rst_ni (in)
                                                         rst_ni (net)
                      0.000000    0.000000    2.000000 ^ _1906_/RESET_B (sky130_fd_sc_hd__dfrtp_1)
                                              2.000000   data arrival time

                      0.000000    0.000000    0.000000   clock core (rise edge)
                                  0.000000    0.000000   clock network delay (ideal)
                                  0.000000    0.000000   clock reconvergence pessimism
                                              0.000000 ^ _1906_/CLK (sky130_fd_sc_hd__dfrtp_1)
                                  0.294843    0.294843   library removal time
                                              0.294843   data required time
---------------------------------------------------------------------------------------------
                                              0.294843   data required time
                                             -2.000000   data arrival time
---------------------------------------------------------------------------------------------
                                              1.705157   slack (MET)


Startpoint: rst_ni (input port clocked by core)
Endpoint: _1907_ (removal check against rising-edge clock core)
Path Group: asynchronous
Path Type: min

Fanout         Cap        Slew       Delay        Time   Description
---------------------------------------------------------------------------------------------
                      0.000000    0.000000    0.000000   clock core (rise edge)
                                  0.000000    0.000000   clock network delay (ideal)
                                  2.000000    2.000000 ^ input external delay
   155    0.556140    0.000000    0.000000    2.000000 ^ rst_ni (in)
                                                         rst_ni (net)
                      0.000000    0.000000    2.000000 ^ _1907_/RESET_B (sky130_fd_sc_hd__dfrtp_1)
                                              2.000000   data arrival time

                      0.000000    0.000000    0.000000   clock core (rise edge)
                                  0.000000    0.000000   clock network delay (ideal)
                                  0.000000    0.000000   clock reconvergence pessimism
                                              0.000000 ^ _1907_/CLK (sky130_fd_sc_hd__dfrtp_1)
                                  0.294843    0.294843   library removal time
                                              0.294843   data required time
---------------------------------------------------------------------------------------------
                                              0.294843   data required time
                                             -2.000000   data arrival time
---------------------------------------------------------------------------------------------
                                              1.705157   slack (MET)


Startpoint: rst_ni (input port clocked by core)
Endpoint: _1908_ (removal check against rising-edge clock core)
Path Group: asynchronous
Path Type: min

Fanout         Cap        Slew       Delay        Time   Description
---------------------------------------------------------------------------------------------
                      0.000000    0.000000    0.000000   clock core (rise edge)
                                  0.000000    0.000000   clock network delay (ideal)
                                  2.000000    2.000000 ^ input external delay
   155    0.556140    0.000000    0.000000    2.000000 ^ rst_ni (in)
                                                         rst_ni (net)
                      0.000000    0.000000    2.000000 ^ _1908_/RESET_B (sky130_fd_sc_hd__dfrtp_1)
                                              2.000000   data arrival time

                      0.000000    0.000000    0.000000   clock core (rise edge)
                                  0.000000    0.000000   clock network delay (ideal)
                                  0.000000    0.000000   clock reconvergence pessimism
                                              0.000000 ^ _1908_/CLK (sky130_fd_sc_hd__dfrtp_1)
                                  0.294843    0.294843   library removal time
                                              0.294843   data required time
---------------------------------------------------------------------------------------------
                                              0.294843   data required time
                                             -2.000000   data arrival time
---------------------------------------------------------------------------------------------
                                              1.705157   slack (MET)


Startpoint: rst_ni (input port clocked by core)
Endpoint: _1909_ (removal check against rising-edge clock core)
Path Group: asynchronous
Path Type: min

Fanout         Cap        Slew       Delay        Time   Description
---------------------------------------------------------------------------------------------
                      0.000000    0.000000    0.000000   clock core (rise edge)
                                  0.000000    0.000000   clock network delay (ideal)
                                  2.000000    2.000000 ^ input external delay
   155    0.556140    0.000000    0.000000    2.000000 ^ rst_ni (in)
                                                         rst_ni (net)
                      0.000000    0.000000    2.000000 ^ _1909_/RESET_B (sky130_fd_sc_hd__dfrtp_1)
                                              2.000000   data arrival time

                      0.000000    0.000000    0.000000   clock core (rise edge)
                                  0.000000    0.000000   clock network delay (ideal)
                                  0.000000    0.000000   clock reconvergence pessimism
                                              0.000000 ^ _1909_/CLK (sky130_fd_sc_hd__dfrtp_1)
                                  0.294843    0.294843   library removal time
                                              0.294843   data required time
---------------------------------------------------------------------------------------------
                                              0.294843   data required time
                                             -2.000000   data arrival time
---------------------------------------------------------------------------------------------
                                              1.705157   slack (MET)


Startpoint: rst_ni (input port clocked by core)
Endpoint: _1910_ (removal check against rising-edge clock core)
Path Group: asynchronous
Path Type: min

Fanout         Cap        Slew       Delay        Time   Description
---------------------------------------------------------------------------------------------
                      0.000000    0.000000    0.000000   clock core (rise edge)
                                  0.000000    0.000000   clock network delay (ideal)
                                  2.000000    2.000000 ^ input external delay
   155    0.556140    0.000000    0.000000    2.000000 ^ rst_ni (in)
                                                         rst_ni (net)
                      0.000000    0.000000    2.000000 ^ _1910_/RESET_B (sky130_fd_sc_hd__dfrtp_1)
                                              2.000000   data arrival time

                      0.000000    0.000000    0.000000   clock core (rise edge)
                                  0.000000    0.000000   clock network delay (ideal)
                                  0.000000    0.000000   clock reconvergence pessimism
                                              0.000000 ^ _1910_/CLK (sky130_fd_sc_hd__dfrtp_1)
                                  0.294843    0.294843   library removal time
                                              0.294843   data required time
---------------------------------------------------------------------------------------------
                                              0.294843   data required time
                                             -2.000000   data arrival time
---------------------------------------------------------------------------------------------
                                              1.705157   slack (MET)

=== FlexSoC normalized power fields ===
dynamic_power_definition=internal_power+switching_power
power_unit=OpenSTA report unit; see Units section
internal_power=0.00155
switching_power=9.26e-06
dynamic_power=0.00155926
leakage_power=1.7e-06
total_power=0.00156

=== Gate-level timing/power fusion ===
power_semantics=average_instance_power_from_the_same_VCD_SAIF_context
path_power_sum=unique_instance_average_power_sum_not_incremental_path_energy
fanout_capacitance_source=OpenSTA_report_checks_output_pin_fields

Worst path 1: status=met slack=0.355273 type=min group=core
startpoint=_1988_ (rising edge-triggered flip-flop clocked by core)
endpoint=_1989_ (rising edge-triggered flip-flop clocked by core)
path_power_complete=false missing_power_instances=_1988_,_1989_
path_average_power_sum internal=0 switching=0 dynamic=0 leakage=0 total=0
stage instance cell pins fanout capacitance slew delay arrival internal switching dynamic leakage total
1 _1988_ sky130_fd_sc_hd__dfstp_2 CLK,Q 1 0.002297 0.022375 0.347125 0.347125 - - - - -
2 _1989_ sky130_fd_sc_hd__dfstp_2 D - - 0.022375 0 0.347125 - - - - -

Worst path 2: status=met slack=0.369715 type=min group=core
startpoint=_1989_ (rising edge-triggered flip-flop clocked by core)
endpoint=_1990_ (rising edge-triggered flip-flop clocked by core)
path_power_complete=false missing_power_instances=_1989_,_1990_
path_average_power_sum internal=0 switching=0 dynamic=0 leakage=0 total=0
stage instance cell pins fanout capacitance slew delay arrival internal switching dynamic leakage total
1 _1989_ sky130_fd_sc_hd__dfstp_2 CLK,Q 3 0.006192 0.032102 0.359083 0.359083 - - - - -
2 _1990_ sky130_fd_sc_hd__dfstp_2 D - - 0.032102 0 0.359083 - - - - -

Worst path 3: status=met slack=0.370084 type=min group=core
startpoint=_1990_ (rising edge-triggered flip-flop clocked by core)
endpoint=_1991_ (rising edge-triggered flip-flop clocked by core)
path_power_complete=false missing_power_instances=_1990_,_1991_
path_average_power_sum internal=0 switching=0 dynamic=0 leakage=0 total=0
stage instance cell pins fanout capacitance slew delay arrival internal switching dynamic leakage total
1 _1990_ sky130_fd_sc_hd__dfstp_2 CLK,Q 3 0.006309 0.032375 0.359382 0.359382 - - - - -
2 _1991_ sky130_fd_sc_hd__dfstp_2 D - - 0.032375 0 0.359382 - - - - -

Worst path 4: status=met slack=0.43765 type=min group=core
startpoint=_1956_ (rising edge-triggered flip-flop clocked by core)
endpoint=_1956_ (rising edge-triggered flip-flop clocked by core)
path_power_complete=false missing_power_instances=_1162_,_1163_,_1956_
path_average_power_sum internal=0 switching=0 dynamic=0 leakage=0 total=0
stage instance cell pins fanout capacitance slew delay arrival internal switching dynamic leakage total
1 _1956_ sky130_fd_sc_hd__dfrtp_1 CLK,Q 2 0.00249 0.046598 0.301182 0.301182 - - - - -
2 _1162_ sky130_fd_sc_hd__nand2_1 B,Y 1 0.002285 0.032417 0.049429 0.350611 - - - - -
3 _1163_ sky130_fd_sc_hd__nand2_1 B,Y 1 0.002026 0.0308 0.047113 0.397725 - - - - -
4 _1956_ sky130_fd_sc_hd__dfrtp_1 D - - 0.0308 0 0.397725 - - - - -

Worst path 5: status=met slack=0.43765 type=min group=core
startpoint=_1957_ (rising edge-triggered flip-flop clocked by core)
endpoint=_1957_ (rising edge-triggered flip-flop clocked by core)
path_power_complete=false missing_power_instances=_1891_,_1892_,_1957_
path_average_power_sum internal=0 switching=0 dynamic=0 leakage=0 total=0
stage instance cell pins fanout capacitance slew delay arrival internal switching dynamic leakage total
1 _1957_ sky130_fd_sc_hd__dfrtp_1 CLK,Q 2 0.00249 0.046598 0.301182 0.301182 - - - - -
2 _1891_ sky130_fd_sc_hd__nand2_1 B,Y 1 0.002285 0.032417 0.049429 0.350611 - - - - -
3 _1892_ sky130_fd_sc_hd__nand2_1 B,Y 1 0.002026 0.0308 0.047113 0.397725 - - - - -
4 _1957_ sky130_fd_sc_hd__dfrtp_1 D - - 0.0308 0 0.397725 - - - - -

Worst path 6: status=met slack=0.43765 type=min group=core
startpoint=_1958_ (rising edge-triggered flip-flop clocked by core)
endpoint=_1958_ (rising edge-triggered flip-flop clocked by core)
path_power_complete=false missing_power_instances=_1159_,_1160_,_1958_
path_average_power_sum internal=0 switching=0 dynamic=0 leakage=0 total=0
stage instance cell pins fanout capacitance slew delay arrival internal switching dynamic leakage total
1 _1958_ sky130_fd_sc_hd__dfrtp_1 CLK,Q 2 0.00249 0.046598 0.301182 0.301182 - - - - -
2 _1159_ sky130_fd_sc_hd__nand2_1 B,Y 1 0.002285 0.032417 0.049429 0.350611 - - - - -
3 _1160_ sky130_fd_sc_hd__nand2_1 B,Y 1 0.002026 0.0308 0.047113 0.397725 - - - - -
4 _1958_ sky130_fd_sc_hd__dfrtp_1 D - - 0.0308 0 0.397725 - - - - -

Worst path 7: status=met slack=0.43765 type=min group=core
startpoint=_1959_ (rising edge-triggered flip-flop clocked by core)
endpoint=_1959_ (rising edge-triggered flip-flop clocked by core)
path_power_complete=false missing_power_instances=_1156_,_1157_,_1959_
path_average_power_sum internal=0 switching=0 dynamic=0 leakage=0 total=0
stage instance cell pins fanout capacitance slew delay arrival internal switching dynamic leakage total
1 _1959_ sky130_fd_sc_hd__dfrtp_1 CLK,Q 2 0.00249 0.046598 0.301182 0.301182 - - - - -
2 _1156_ sky130_fd_sc_hd__nand2_1 B,Y 1 0.002285 0.032417 0.049429 0.350611 - - - - -
3 _1157_ sky130_fd_sc_hd__nand2_1 B,Y 1 0.002026 0.0308 0.047113 0.397725 - - - - -
4 _1959_ sky130_fd_sc_hd__dfrtp_1 D - - 0.0308 0 0.397725 - - - - -

Worst path 8: status=met slack=0.43765 type=min group=core
startpoint=_1960_ (rising edge-triggered flip-flop clocked by core)
endpoint=_1960_ (rising edge-triggered flip-flop clocked by core)
path_power_complete=false missing_power_instances=_1153_,_1154_,_1960_
path_average_power_sum internal=0 switching=0 dynamic=0 leakage=0 total=0
stage instance cell pins fanout capacitance slew delay arrival internal switching dynamic leakage total
1 _1960_ sky130_fd_sc_hd__dfrtp_1 CLK,Q 2 0.00249 0.046598 0.301182 0.301182 - - - - -
2 _1153_ sky130_fd_sc_hd__nand2_1 B,Y 1 0.002285 0.032417 0.049429 0.350611 - - - - -
3 _1154_ sky130_fd_sc_hd__nand2_1 B,Y 1 0.002026 0.0308 0.047113 0.397725 - - - - -
4 _1960_ sky130_fd_sc_hd__dfrtp_1 D - - 0.0308 0 0.397725 - - - - -

Worst path 9: status=met slack=0.43765 type=min group=core
startpoint=_1961_ (rising edge-triggered flip-flop clocked by core)
endpoint=_1961_ (rising edge-triggered flip-flop clocked by core)
path_power_complete=false missing_power_instances=_1150_,_1151_,_1961_
path_average_power_sum internal=0 switching=0 dynamic=0 leakage=0 total=0
stage instance cell pins fanout capacitance slew delay arrival internal switching dynamic leakage total
1 _1961_ sky130_fd_sc_hd__dfrtp_1 CLK,Q 2 0.00249 0.046598 0.301182 0.301182 - - - - -
2 _1150_ sky130_fd_sc_hd__nand2_1 B,Y 1 0.002285 0.032417 0.049429 0.350611 - - - - -
3 _1151_ sky130_fd_sc_hd__nand2_1 B,Y 1 0.002026 0.0308 0.047113 0.397725 - - - - -
4 _1961_ sky130_fd_sc_hd__dfrtp_1 D - - 0.0308 0 0.397725 - - - - -

Worst path 10: status=met slack=0.43765 type=min group=core
startpoint=_1962_ (rising edge-triggered flip-flop clocked by core)
endpoint=_1962_ (rising edge-triggered flip-flop clocked by core)
path_power_complete=false missing_power_instances=_1147_,_1148_,_1962_
path_average_power_sum internal=0 switching=0 dynamic=0 leakage=0 total=0
stage instance cell pins fanout capacitance slew delay arrival internal switching dynamic leakage total
1 _1962_ sky130_fd_sc_hd__dfrtp_1 CLK,Q 2 0.00249 0.046598 0.301182 0.301182 - - - - -
2 _1147_ sky130_fd_sc_hd__nand2_1 B,Y 1 0.002285 0.032417 0.049429 0.350611 - - - - -
3 _1148_ sky130_fd_sc_hd__nand2_1 B,Y 1 0.002026 0.0308 0.047113 0.397725 - - - - -
4 _1962_ sky130_fd_sc_hd__dfrtp_1 D - - 0.0308 0 0.397725 - - - - -

Worst path 11: status=met slack=1.70516 type=min group=asynchronous
startpoint=rst_ni (input port clocked by core)
endpoint=_1901_ (removal check against rising-edge clock core)
path_power_complete=false missing_power_instances=_1901_
path_average_power_sum internal=0 switching=0 dynamic=0 leakage=0 total=0
stage instance cell pins fanout capacitance slew delay arrival internal switching dynamic leakage total
1 _1901_ sky130_fd_sc_hd__dfrtp_1 RESET_B - - 0 0 2 - - - - -

Worst path 12: status=met slack=1.70516 type=min group=asynchronous
startpoint=rst_ni (input port clocked by core)
endpoint=_1902_ (removal check against rising-edge clock core)
path_power_complete=false missing_power_instances=_1902_
path_average_power_sum internal=0 switching=0 dynamic=0 leakage=0 total=0
stage instance cell pins fanout capacitance slew delay arrival internal switching dynamic leakage total
1 _1902_ sky130_fd_sc_hd__dfrtp_1 RESET_B - - 0 0 2 - - - - -

Worst path 13: status=met slack=1.70516 type=min group=asynchronous
startpoint=rst_ni (input port clocked by core)
endpoint=_1903_ (removal check against rising-edge clock core)
path_power_complete=false missing_power_instances=_1903_
path_average_power_sum internal=0 switching=0 dynamic=0 leakage=0 total=0
stage instance cell pins fanout capacitance slew delay arrival internal switching dynamic leakage total
1 _1903_ sky130_fd_sc_hd__dfrtp_1 RESET_B - - 0 0 2 - - - - -

Worst path 14: status=met slack=1.70516 type=min group=asynchronous
startpoint=rst_ni (input port clocked by core)
endpoint=_1904_ (removal check against rising-edge clock core)
path_power_complete=false missing_power_instances=_1904_
path_average_power_sum internal=0 switching=0 dynamic=0 leakage=0 total=0
stage instance cell pins fanout capacitance slew delay arrival internal switching dynamic leakage total
1 _1904_ sky130_fd_sc_hd__dfrtp_1 RESET_B - - 0 0 2 - - - - -

Worst path 15: status=met slack=1.70516 type=min group=asynchronous
startpoint=rst_ni (input port clocked by core)
endpoint=_1905_ (removal check against rising-edge clock core)
path_power_complete=false missing_power_instances=_1905_
path_average_power_sum internal=0 switching=0 dynamic=0 leakage=0 total=0
stage instance cell pins fanout capacitance slew delay arrival internal switching dynamic leakage total
1 _1905_ sky130_fd_sc_hd__dfrtp_1 RESET_B - - 0 0 2 - - - - -

Worst path 16: status=met slack=1.70516 type=min group=asynchronous
startpoint=rst_ni (input port clocked by core)
endpoint=_1906_ (removal check against rising-edge clock core)
path_power_complete=false missing_power_instances=_1906_
path_average_power_sum internal=0 switching=0 dynamic=0 leakage=0 total=0
stage instance cell pins fanout capacitance slew delay arrival internal switching dynamic leakage total
1 _1906_ sky130_fd_sc_hd__dfrtp_1 RESET_B - - 0 0 2 - - - - -

Worst path 17: status=met slack=1.70516 type=min group=asynchronous
startpoint=rst_ni (input port clocked by core)
endpoint=_1907_ (removal check against rising-edge clock core)
path_power_complete=false missing_power_instances=_1907_
path_average_power_sum internal=0 switching=0 dynamic=0 leakage=0 total=0
stage instance cell pins fanout capacitance slew delay arrival internal switching dynamic leakage total
1 _1907_ sky130_fd_sc_hd__dfrtp_1 RESET_B - - 0 0 2 - - - - -

Worst path 18: status=met slack=1.70516 type=min group=asynchronous
startpoint=rst_ni (input port clocked by core)
endpoint=_1908_ (removal check against rising-edge clock core)
path_power_complete=false missing_power_instances=_1908_
path_average_power_sum internal=0 switching=0 dynamic=0 leakage=0 total=0
stage instance cell pins fanout capacitance slew delay arrival internal switching dynamic leakage total
1 _1908_ sky130_fd_sc_hd__dfrtp_1 RESET_B - - 0 0 2 - - - - -

Worst path 19: status=met slack=1.70516 type=min group=asynchronous
startpoint=rst_ni (input port clocked by core)
endpoint=_1909_ (removal check against rising-edge clock core)
path_power_complete=false missing_power_instances=_1909_
path_average_power_sum internal=0 switching=0 dynamic=0 leakage=0 total=0
stage instance cell pins fanout capacitance slew delay arrival internal switching dynamic leakage total
1 _1909_ sky130_fd_sc_hd__dfrtp_1 RESET_B - - 0 0 2 - - - - -

Worst path 20: status=met slack=1.70516 type=min group=asynchronous
startpoint=rst_ni (input port clocked by core)
endpoint=_1910_ (removal check against rising-edge clock core)
path_power_complete=false missing_power_instances=_1910_
path_average_power_sum internal=0 switching=0 dynamic=0 leakage=0 total=0
stage instance cell pins fanout capacitance slew delay arrival internal switching dynamic leakage total
1 _1910_ sky130_fd_sc_hd__dfrtp_1 RESET_B - - 0 0 2 - - - - -

=== Highest-power instances and worst path through each ===

Hotspot 1: instance=5.280093773763e-06 selected_worst_paths=none internal=1.16844e-06 switching=3.4378e-09 dynamic=1.17187e-06 leakage=6.45197e-06 total=1985
targeted_timing_path=not_found_or_unconstrained

Hotspot 2: instance=5.253561539575e-06 selected_worst_paths=none internal=4.04748e-07 switching=3.43288e-09 dynamic=4.08181e-07 leakage=5.66174e-06 total=1984
targeted_timing_path=not_found_or_unconstrained

Hotspot 3: instance=4.728406565846e-06 selected_worst_paths=none internal=3.848e-07 switching=3.43633e-09 dynamic=3.88237e-07 leakage=5.11664e-06 total=1925
targeted_timing_path=not_found_or_unconstrained

Hotspot 4: instance=4.780309609487e-06 selected_worst_paths=none internal=1.98134e-07 switching=3.43585e-09 dynamic=2.0157e-07 leakage=4.98188e-06 total=1920
targeted_timing_path=not_found_or_unconstrained

Hotspot 5: instance=4.658257694246e-06 selected_worst_paths=none internal=6.4253e-11 switching=3.17637e-09 dynamic=3.24063e-09 leakage=4.6615e-06 total=2010
targeted_timing_path=not_found_or_unconstrained

Hotspot 6: instance=4.658220859710e-06 selected_worst_paths=none internal=6.50787e-11 switching=3.17639e-09 dynamic=3.24146e-09 leakage=4.66146e-06 total=2005
targeted_timing_path=not_found_or_unconstrained

Hotspot 7: instance=4.658219495468e-06 selected_worst_paths=none internal=4.77382e-11 switching=3.17639e-09 dynamic=3.22413e-09 leakage=4.66144e-06 total=1996
targeted_timing_path=not_found_or_unconstrained

Hotspot 8: instance=4.657729732571e-06 selected_worst_paths=none internal=6.56722e-11 switching=3.17612e-09 dynamic=3.24179e-09 leakage=4.66097e-06 total=2095
targeted_timing_path=not_found_or_unconstrained

Hotspot 9: instance=4.657692898036e-06 selected_worst_paths=none internal=6.69883e-11 switching=3.17613e-09 dynamic=3.24312e-09 leakage=4.66094e-06 total=2158
targeted_timing_path=not_found_or_unconstrained

Hotspot 10: instance=4.657691533794e-06 selected_worst_paths=none internal=4.77382e-11 switching=3.17613e-09 dynamic=3.22387e-09 leakage=4.66092e-06 total=2025
targeted_timing_path=not_found_or_unconstrained

Hotspot 11: instance=4.657428689825e-06 selected_worst_paths=none internal=6.57238e-11 switching=3.1765e-09 dynamic=3.24223e-09 leakage=4.66067e-06 total=2023
targeted_timing_path=not_found_or_unconstrained

Hotspot 12: instance=4.657483714254e-06 selected_worst_paths=none internal=0 switching=3.1758e-09 dynamic=3.1758e-09 leakage=4.66066e-06 total=2007
targeted_timing_path=not_found_or_unconstrained

Hotspot 13: instance=4.657480076276e-06 selected_worst_paths=none internal=0 switching=3.1758e-09 dynamic=3.1758e-09 leakage=4.66066e-06 total=2001
targeted_timing_path=not_found_or_unconstrained

Hotspot 14: instance=4.657476893044e-06 selected_worst_paths=none internal=0 switching=3.1758e-09 dynamic=3.1758e-09 leakage=4.66065e-06 total=2016
targeted_timing_path=not_found_or_unconstrained

Hotspot 15: instance=4.657476438297e-06 selected_worst_paths=none internal=0 switching=3.1758e-09 dynamic=3.1758e-09 leakage=4.66065e-06 total=2015
targeted_timing_path=not_found_or_unconstrained
