analysis=power_analysis corner=tt stage=post_syn
workload=smoke_sv_tt
gls_report=/tmp/flexsoc-ip-v1-release-20260914/gpio-axi_lite/runs/gpio/release/dv/functional/sim/post_syn/sky130/gpio_post_syn_smoke_sv_tt.json
activity_file=/tmp/flexsoc-ip-v1-release-20260914/gpio-axi_lite/runs/gpio/release/signoff/sky130/power/activity/captures/gpio_sky130_smoke_sv_tt.vcd
activity_scope=gpio_tb/u_gpio
liberty=/home/eneadim/github/flexsoc/.flexsoc/pdks/ciel/sky130/versions/f6eeac7dad085ffcc829ccfd721f7b4ce39edcf7/sky130A/libs.ref/sky130_fd_sc_hd/lib/sky130_fd_sc_hd__tt_100C_1v80.lib
netlist=/tmp/flexsoc-ip-v1-release-20260914/gpio-axi_lite/runs/gpio/release/syn/sky130/gpio_synth.v
sdc=/tmp/flexsoc-ip-v1-release-20260914/gpio-axi_lite/runs/gpio/release/constraints/gpio.sdc
spef=

=== Units ===
 time 1ns
 capacitance 1pF
 resistance 1kohm
 voltage 1v
 current 1mA
 power 1nW
 distance 1um

=== Constraint validation ===

=== Activity annotation ===
annotated_percent=100.00%
Unannotated pins: none

=== Power summary ===
Group                  Internal  Switching    Leakage      Total
                          Power      Power      Power      Power (Watts)
----------------------------------------------------------------
Sequential             9.34e-04   3.31e-06   8.49e-07   9.38e-04  94.4%
Combinational          2.42e-05   3.10e-05   6.41e-07   5.59e-05   5.6%
Clock                  0.00e+00   0.00e+00   0.00e+00   0.00e+00   0.0%
Macro                  0.00e+00   0.00e+00   0.00e+00   0.00e+00   0.0%
Pad                    0.00e+00   0.00e+00   0.00e+00   0.00e+00   0.0%
----------------------------------------------------------------
Total                  9.58e-04   3.43e-05   1.49e-06   9.94e-04 100.0%
                          96.4%       3.5%       0.1%

=== FlexSoC normalized power fields ===
dynamic_power_definition=internal_power+switching_power
power_unit=OpenSTA report unit; see Units section
internal_power=0.000958
switching_power=3.43e-05
dynamic_power=0.0009923
leakage_power=1.49e-06
total_power=0.000994
