analysis=power_estimate activity_source=input_assumption
activity_model=input
activity=0.1
duty=0.5
corner=ss stage=post_syn
liberty=/home/eneadim/github/flexsoc/.flexsoc/pdks/ciel/sky130/versions/f6eeac7dad085ffcc829ccfd721f7b4ce39edcf7/sky130A/libs.ref/sky130_fd_sc_hd/lib/sky130_fd_sc_hd__ss_n40C_1v76.lib
netlist=/home/eneadim/github/flexsoc/workspace/runs/uart/dev/syn/sky130/uart_synth.v
sdc=/home/eneadim/github/flexsoc/workspace/runs/uart/dev/signoff/sky130/uart.sdc
spef=

=== Units ===
 time 1ns
 capacitance 1pF
 resistance 1kohm
 voltage 1v
 current 1mA
 power 1nW
 distance 1um

=== Constraint validation ===

=== Power summary ===
Group                  Internal  Switching    Leakage      Total
                          Power      Power      Power      Power (Watts)
----------------------------------------------------------------
Sequential             1.64e-03   8.54e-05   1.86e-09   1.73e-03  75.8%
Combinational          2.67e-04   2.84e-04   1.07e-09   5.51e-04  24.2%
Clock                  0.00e+00   0.00e+00   0.00e+00   0.00e+00   0.0%
Macro                  0.00e+00   0.00e+00   0.00e+00   0.00e+00   0.0%
Pad                    0.00e+00   0.00e+00   0.00e+00   0.00e+00   0.0%
----------------------------------------------------------------
Total                  1.91e-03   3.69e-04   2.93e-09   2.28e-03 100.0%
                          83.8%      16.2%       0.0%

=== Highest-power instances ===
   Internal  Switching    Leakage      Total
      Power      Power      Power      Power (Watts)
--------------------------------------------
   5.84e-06   9.65e-06   4.12e-12   1.55e-05 _2211_
   5.79e-06   7.22e-06   9.67e-13   1.30e-05 _1802_
   8.40e-06   4.45e-06   2.27e-12   1.28e-05 _1800_
   2.52e-07   1.25e-05   8.01e-13   1.28e-05 _1011_
   5.89e-06   5.52e-06   4.12e-12   1.14e-05 _2213_
   5.92e-06   5.29e-06   4.11e-12   1.12e-05 _2212_
   7.04e-06   3.87e-06   1.79e-12   1.09e-05 _1803_
   5.03e-06   4.45e-06   1.48e-12   9.48e-06 _1797_
   7.31e-06   1.21e-06   5.83e-12   8.52e-06 _1924_
   7.76e-06   7.39e-07   5.62e-12   8.50e-06 _2196_
   5.93e-06   2.54e-06   4.41e-12   8.47e-06 _1916_
   7.48e-06   7.27e-07   5.67e-12   8.20e-06 _2189_
   7.47e-06   7.27e-07   5.69e-12   8.20e-06 _2195_
   7.48e-06   7.19e-07   5.67e-12   8.19e-06 _2194_
   7.47e-06   7.27e-07   5.70e-12   8.19e-06 _2190_
   7.47e-06   7.19e-07   5.67e-12   8.19e-06 _2188_
   7.47e-06   7.19e-07   5.70e-12   8.19e-06 _2193_
   7.46e-06   7.19e-07   5.70e-12   8.18e-06 _2192_
   7.46e-06   7.19e-07   5.70e-12   8.18e-06 _2191_
   5.87e-06   2.12e-06   4.73e-12   7.99e-06 _1985_

=== FlexSoC normalized power fields ===
dynamic_power_definition=internal_power+switching_power
power_unit=OpenSTA report unit; see Units section
internal_power=0.00191
switching_power=0.000369
dynamic_power=0.002279
leakage_power=2.93e-09
total_power=0.00228
