analysis=power_analysis corner=tt stage=post_syn
workload=random_seed_2_sv_tt
gls_report=/home/eneadim/github/flexsoc/workspace/runs/uart/dev/dv/functional/sim/post_syn/sky130/uart_post_syn_random_seed_2_sv_tt.json
activity_file=/home/eneadim/github/flexsoc/workspace/runs/uart/dev/signoff/sky130/power/activity/captures/uart_sky130_random_seed_2_sv_tt.vcd
activity_scope=uart_tb/u_uart
liberty=/home/eneadim/github/flexsoc/.flexsoc/pdks/ciel/sky130/versions/f6eeac7dad085ffcc829ccfd721f7b4ce39edcf7/sky130A/libs.ref/sky130_fd_sc_hd/lib/sky130_fd_sc_hd__tt_100C_1v80.lib
netlist=/home/eneadim/github/flexsoc/workspace/runs/uart/dev/syn/sky130/uart_synth.v
sdc=/home/eneadim/github/flexsoc/workspace/runs/uart/dev/signoff/sky130/uart.sdc
spef=

=== Units ===
 time 1ns
 capacitance 1pF
 resistance 1kohm
 voltage 1v
 current 1mA
 power 1nW
 distance 1um

=== Constraint validation ===

=== Activity annotation ===
annotated_percent=100.00%
Unannotated pins: none

=== Power summary ===
Group                  Internal  Switching    Leakage      Total
                          Power      Power      Power      Power (Watts)
----------------------------------------------------------------
Sequential             1.55e-03   2.80e-06   1.16e-06   1.55e-03  99.2%
Combinational          6.18e-06   6.46e-06   5.36e-07   1.32e-05   0.8%
Clock                  0.00e+00   0.00e+00   0.00e+00   0.00e+00   0.0%
Macro                  0.00e+00   0.00e+00   0.00e+00   0.00e+00   0.0%
Pad                    0.00e+00   0.00e+00   0.00e+00   0.00e+00   0.0%
----------------------------------------------------------------
Total                  1.55e-03   9.26e-06   1.70e-06   1.56e-03 100.0%
                          99.3%       0.6%       0.1%

=== Highest-power instances ===
   Internal  Switching    Leakage      Total
      Power      Power      Power      Power (Watts)
--------------------------------------------
   5.28e-06   1.17e-06   3.44e-09   6.45e-06 _1985_
   5.25e-06   4.05e-07   3.43e-09   5.66e-06 _1984_
   4.73e-06   3.85e-07   3.44e-09   5.12e-06 _1925_
   4.78e-06   1.98e-07   3.44e-09   4.98e-06 _1920_
   4.66e-06   6.43e-11   3.18e-09   4.66e-06 _2010_
   4.66e-06   6.51e-11   3.18e-09   4.66e-06 _2005_
   4.66e-06   4.77e-11   3.18e-09   4.66e-06 _1996_
   4.66e-06   6.28e-11   2.94e-09   4.66e-06 _2000_
   4.66e-06   6.57e-11   3.18e-09   4.66e-06 _2095_
   4.66e-06   6.45e-11   3.18e-09   4.66e-06 _2094_
   4.66e-06   6.70e-11   3.18e-09   4.66e-06 _2158_
   4.66e-06   6.57e-11   3.18e-09   4.66e-06 _2024_
   4.66e-06   6.51e-11   3.18e-09   4.66e-06 _2032_
   4.66e-06   4.77e-11   3.18e-09   4.66e-06 _2025_
   4.66e-06   6.60e-11   2.94e-09   4.66e-06 _2157_
   4.66e-06   6.57e-11   3.18e-09   4.66e-06 _2023_
   4.66e-06   0.00e+00   3.18e-09   4.66e-06 _2007_
   4.66e-06   0.00e+00   3.18e-09   4.66e-06 _2001_
   4.66e-06   0.00e+00   3.18e-09   4.66e-06 _2016_
   4.66e-06   0.00e+00   3.18e-09   4.66e-06 _2015_

=== FlexSoC normalized power fields ===
dynamic_power_definition=internal_power+switching_power
power_unit=OpenSTA report unit; see Units section
internal_power=0.00155
switching_power=9.26e-06
dynamic_power=0.00155926
leakage_power=1.7e-06
total_power=0.00156
