
==========================================================================
floorplan final report_tns
--------------------------------------------------------------------------
tns max 0.00

==========================================================================
floorplan final report_wns
--------------------------------------------------------------------------
wns max 0.00

==========================================================================
floorplan final report_worst_slack
--------------------------------------------------------------------------
worst slack max 4.07

==========================================================================
floorplan final report_clock_min_period
--------------------------------------------------------------------------
core period_min = 5.93 fmax = 168.58

==========================================================================
floorplan final report_checks -path_delay min
--------------------------------------------------------------------------
Startpoint: rst_ni (input port clocked by core)
Endpoint: _2936_ (removal check against rising-edge clock core)
Path Group: asynchronous
Path Type: min

Fanout     Cap    Slew   Delay    Time   Description
-----------------------------------------------------------------------------
                  0.00    0.05    0.05   clock core (rise edge)
                          0.05    0.10   clock network delay (ideal)
                          0.00    0.10 ^ input external delay
     4    0.01    0.00    0.00    0.10 ^ rst_ni (in)
                                         rst_ni (net)
                  0.00    0.00    0.10 ^ _2936_/RESET_B (sky130_fd_sc_hd__dfrtp_1)
                                  0.10   data arrival time

                  0.00    0.05    0.05   clock core (rise edge)
                          0.05    0.10   clock network delay (ideal)
                          0.01    0.11   clock uncertainty
                          0.00    0.11   clock reconvergence pessimism
                                  0.11 ^ _2936_/CLK (sky130_fd_sc_hd__dfrtp_1)
                          0.30    0.41   library removal time
                                  0.41   data required time
-----------------------------------------------------------------------------
                                  0.41   data required time
                                 -0.10   data arrival time
-----------------------------------------------------------------------------
                                 -0.30   slack (VIOLATED)


Startpoint: rx_i (input port clocked by core)
Endpoint: _2916_ (rising edge-triggered flip-flop clocked by core)
Path Group: core
Path Type: min

Fanout     Cap    Slew   Delay    Time   Description
-----------------------------------------------------------------------------
                  0.00    0.05    0.05   clock core (rise edge)
                          0.05    0.10   clock network delay (ideal)
                          0.00    0.10 v input external delay
     2    0.00    0.00    0.00    0.10 v rx_i (in)
                                         rx_i (net)
                  0.00    0.00    0.10 v _2916_/D (sky130_fd_sc_hd__dfstp_2)
                                  0.10   data arrival time

                  0.00    0.05    0.05   clock core (rise edge)
                          0.05    0.10   clock network delay (ideal)
                          0.01    0.11   clock uncertainty
                          0.00    0.11   clock reconvergence pessimism
                                  0.11 ^ _2916_/CLK (sky130_fd_sc_hd__dfstp_2)
                          0.00    0.11   library hold time
                                  0.11   data required time
-----------------------------------------------------------------------------
                                  0.11   data required time
                                 -0.10   data arrival time
-----------------------------------------------------------------------------
                                  0.00   slack (VIOLATED)



==========================================================================
floorplan final report_checks -path_delay max
--------------------------------------------------------------------------
Startpoint: _2936_ (rising edge-triggered flip-flop clocked by core)
Endpoint: _2854_ (recovery check against rising-edge clock core)
Path Group: asynchronous
Path Type: max

Fanout     Cap    Slew   Delay    Time   Description
-----------------------------------------------------------------------------
                  0.00    0.05    0.05   clock core (rise edge)
                          0.05    0.10   clock network delay (ideal)
                  0.00    0.00    0.10 ^ _2936_/CLK (sky130_fd_sc_hd__dfrtp_1)
   196    0.71    6.01    4.51    4.61 ^ _2936_/Q (sky130_fd_sc_hd__dfrtp_1)
                                         reg_rst_ni (net)
                  6.01    0.00    4.61 ^ _2854_/RESET_B (sky130_fd_sc_hd__dfrtp_1)
                                  4.61   data arrival time

                  0.00   10.05   10.05   clock core (rise edge)
                          0.05   10.10   clock network delay (ideal)
                         -0.02   10.08   clock uncertainty
                          0.00   10.08   clock reconvergence pessimism
                                 10.08 ^ _2854_/CLK (sky130_fd_sc_hd__dfrtp_1)
                         -1.39    8.68   library recovery time
                                  8.68   data required time
-----------------------------------------------------------------------------
                                  8.68   data required time
                                 -4.61   data arrival time
-----------------------------------------------------------------------------
                                  4.07   slack (MET)


Startpoint: axi_lite_i[11] (input port clocked by core)
Endpoint: axi_lite_o[39] (output port clocked by core)
Path Group: core
Path Type: max

Fanout     Cap    Slew   Delay    Time   Description
-----------------------------------------------------------------------------
                  0.00    0.05    0.05   clock core (rise edge)
                          0.05    0.10   clock network delay (ideal)
                          2.00    2.10 ^ input external delay
     1    0.00    0.00    0.00    2.10 ^ axi_lite_i[11] (in)
                                         axi_lite_i[11] (net)
                  0.00    0.00    2.10 ^ _2339_/B (sky130_fd_sc_hd__nand2_1)
     2    0.00    0.04    0.04    2.14 v _2339_/Y (sky130_fd_sc_hd__nand2_1)
                                         _0577_ (net)
                  0.04    0.00    2.14 v _2340_/B1 (sky130_fd_sc_hd__a21oi_1)
     5    0.01    0.33    0.28    2.42 ^ _2340_/Y (sky130_fd_sc_hd__a21oi_1)
                                         u_uart_reg_axi_lite_o_39_ (net)
                  0.33    0.00    2.42 ^ _3317_/A (sky130_fd_sc_hd__buf_4)
     1    0.01    0.05    0.19    2.60 ^ _3317_/X (sky130_fd_sc_hd__buf_4)
                                         axi_lite_o[39] (net)
                  0.05    0.00    2.60 ^ axi_lite_o[39] (out)
                                  2.60   data arrival time

                  0.00   10.05   10.05   clock core (rise edge)
                          0.05   10.10   clock network delay (ideal)
                         -0.02   10.08   clock uncertainty
                          0.00   10.08   clock reconvergence pessimism
                         -2.00    8.08   output external delay
                                  8.08   data required time
-----------------------------------------------------------------------------
                                  8.08   data required time
                                 -2.60   data arrival time
-----------------------------------------------------------------------------
                                  5.47   slack (MET)



==========================================================================
floorplan final report_checks -unconstrained
--------------------------------------------------------------------------
Startpoint: _2936_ (rising edge-triggered flip-flop clocked by core)
Endpoint: _2854_ (recovery check against rising-edge clock core)
Path Group: asynchronous
Path Type: max

Fanout     Cap    Slew   Delay    Time   Description
-----------------------------------------------------------------------------
                  0.00    0.05    0.05   clock core (rise edge)
                          0.05    0.10   clock network delay (ideal)
                  0.00    0.00    0.10 ^ _2936_/CLK (sky130_fd_sc_hd__dfrtp_1)
   196    0.71    6.01    4.51    4.61 ^ _2936_/Q (sky130_fd_sc_hd__dfrtp_1)
                                         reg_rst_ni (net)
                  6.01    0.00    4.61 ^ _2854_/RESET_B (sky130_fd_sc_hd__dfrtp_1)
                                  4.61   data arrival time

                  0.00   10.05   10.05   clock core (rise edge)
                          0.05   10.10   clock network delay (ideal)
                         -0.02   10.08   clock uncertainty
                          0.00   10.08   clock reconvergence pessimism
                                 10.08 ^ _2854_/CLK (sky130_fd_sc_hd__dfrtp_1)
                         -1.39    8.68   library recovery time
                                  8.68   data required time
-----------------------------------------------------------------------------
                                  8.68   data required time
                                 -4.61   data arrival time
-----------------------------------------------------------------------------
                                  4.07   slack (MET)


Startpoint: axi_lite_i[11] (input port clocked by core)
Endpoint: axi_lite_o[39] (output port clocked by core)
Path Group: core
Path Type: max

Fanout     Cap    Slew   Delay    Time   Description
-----------------------------------------------------------------------------
                  0.00    0.05    0.05   clock core (rise edge)
                          0.05    0.10   clock network delay (ideal)
                          2.00    2.10 ^ input external delay
     1    0.00    0.00    0.00    2.10 ^ axi_lite_i[11] (in)
                                         axi_lite_i[11] (net)
                  0.00    0.00    2.10 ^ _2339_/B (sky130_fd_sc_hd__nand2_1)
     2    0.00    0.04    0.04    2.14 v _2339_/Y (sky130_fd_sc_hd__nand2_1)
                                         _0577_ (net)
                  0.04    0.00    2.14 v _2340_/B1 (sky130_fd_sc_hd__a21oi_1)
     5    0.01    0.33    0.28    2.42 ^ _2340_/Y (sky130_fd_sc_hd__a21oi_1)
                                         u_uart_reg_axi_lite_o_39_ (net)
                  0.33    0.00    2.42 ^ _3317_/A (sky130_fd_sc_hd__buf_4)
     1    0.01    0.05    0.19    2.60 ^ _3317_/X (sky130_fd_sc_hd__buf_4)
                                         axi_lite_o[39] (net)
                  0.05    0.00    2.60 ^ axi_lite_o[39] (out)
                                  2.60   data arrival time

                  0.00   10.05   10.05   clock core (rise edge)
                          0.05   10.10   clock network delay (ideal)
                         -0.02   10.08   clock uncertainty
                          0.00   10.08   clock reconvergence pessimism
                         -2.00    8.08   output external delay
                                  8.08   data required time
-----------------------------------------------------------------------------
                                  8.08   data required time
                                 -2.60   data arrival time
-----------------------------------------------------------------------------
                                  5.47   slack (MET)



==========================================================================
floorplan final report_power
--------------------------------------------------------------------------
Group                  Internal  Switching    Leakage      Total
                          Power      Power      Power      Power (Watts)
----------------------------------------------------------------
Sequential             2.68e-03   2.87e-04   5.19e-09   2.96e-03  57.8%
Combinational          1.03e-03   1.13e-03   3.45e-09   2.16e-03  42.2%
Clock                  0.00e+00   0.00e+00   0.00e+00   0.00e+00   0.0%
Macro                  0.00e+00   0.00e+00   0.00e+00   0.00e+00   0.0%
Pad                    0.00e+00   0.00e+00   0.00e+00   0.00e+00   0.0%
----------------------------------------------------------------
Total                  3.71e-03   1.42e-03   8.64e-09   5.13e-03 100.0%
                          72.3%      27.7%       0.0%
