analysis=fusion_analysis corner=tt mode=hold stage=post_syn
workload=corners_sv_tt
methodology=staged_public_opensta
path_power_semantics=average_instance_power_in_same_analysis_context
activity_file=/home/eneadim/github/flexsoc/workspace/runs/cordic/dev/signoff/sky130/power/activity/captures/cordic_sky130_corners_sv_tt.vcd
activity_scope=cordic_tb/u_cordic
liberty=/home/eneadim/github/flexsoc/.flexsoc/pdks/ciel/sky130/versions/f6eeac7dad085ffcc829ccfd721f7b4ce39edcf7/sky130A/libs.ref/sky130_fd_sc_hd/lib/sky130_fd_sc_hd__tt_100C_1v80.lib
netlist=/home/eneadim/github/flexsoc/workspace/runs/cordic/dev/syn/sky130/cordic_synth.v
sdc=/home/eneadim/github/flexsoc/workspace/runs/cordic/dev/signoff/sky130/cordic.sdc
spef=

=== Units ===
 time 1ns
 capacitance 1pF
 resistance 1kohm
 voltage 1v
 current 1mA
 power 1nW
 distance 1um

=== Constraint validation ===

=== Timing summary ===
wns min wns min 0.00
tns min tns min 0.00

=== Power summary ===
Group                  Internal  Switching    Leakage      Total
                          Power      Power      Power      Power (Watts)
----------------------------------------------------------------
Sequential             1.23e-03   3.59e-06   1.11e-06   1.23e-03  94.5%
Combinational          3.24e-05   3.82e-05   1.23e-06   7.18e-05   5.5%
Clock                  0.00e+00   0.00e+00   0.00e+00   0.00e+00   0.0%
Macro                  0.00e+00   0.00e+00   0.00e+00   0.00e+00   0.0%
Pad                    0.00e+00   0.00e+00   0.00e+00   0.00e+00   0.0%
----------------------------------------------------------------
Total                  1.26e-03   4.18e-05   2.34e-06   1.31e-03 100.0%
                          96.6%       3.2%       0.2%

=== Worst timing paths (violated or met) ===
Startpoint: _4430_ (rising edge-triggered flip-flop clocked by core)
Endpoint: _4710_ (rising edge-triggered flip-flop clocked by core)
Path Group: core
Path Type: min

Fanout         Cap        Slew       Delay        Time   Description
---------------------------------------------------------------------------------------------
                      0.000000    0.000000    0.000000   clock core (rise edge)
                                  0.000000    0.000000   clock network delay (ideal)
                      0.000000    0.000000    0.000000 ^ _4430_/CLK (sky130_fd_sc_hd__dfrtp_1)
     4    0.009486    0.098777    0.349737    0.349737 ^ _4430_/Q (sky130_fd_sc_hd__dfrtp_1)
                                                         u_cordic_reg.u_ctrl_start.q (net)
                      0.098777    0.000000    0.349737 ^ _4710_/D (sky130_fd_sc_hd__dfrtp_1)
                                              0.349737   data arrival time

                      0.000000    0.000000    0.000000   clock core (rise edge)
                                  0.000000    0.000000   clock network delay (ideal)
                                  0.000000    0.000000   clock reconvergence pessimism
                                              0.000000 ^ _4710_/CLK (sky130_fd_sc_hd__dfrtp_1)
                                 -0.053070   -0.053070   library hold time
                                             -0.053070   data required time
---------------------------------------------------------------------------------------------
                                             -0.053070   data required time
                                             -0.349737   data arrival time
---------------------------------------------------------------------------------------------
                                              0.402807   slack (MET)


Startpoint: _4582_ (rising edge-triggered flip-flop clocked by core)
Endpoint: _4582_ (rising edge-triggered flip-flop clocked by core)
Path Group: core
Path Type: min

Fanout         Cap        Slew       Delay        Time   Description
---------------------------------------------------------------------------------------------
                      0.000000    0.000000    0.000000   clock core (rise edge)
                                  0.000000    0.000000   clock network delay (ideal)
                      0.000000    0.000000    0.000000 ^ _4582_/CLK (sky130_fd_sc_hd__dfrtp_1)
     2    0.002490    0.046598    0.301182    0.301182 ^ _4582_/Q (sky130_fd_sc_hd__dfrtp_1)
                                                         u_cordic_reg.u_reg_if.reqsz_q[0] (net)
                      0.046598    0.000000    0.301182 ^ _4339_/B (sky130_fd_sc_hd__nand2_1)
     1    0.002285    0.032417    0.049429    0.350611 v _4339_/Y (sky130_fd_sc_hd__nand2_1)
                                                         _1471_ (net)
                      0.032417    0.000000    0.350611 v _4340_/B (sky130_fd_sc_hd__nand2_1)
     1    0.002026    0.030800    0.047113    0.397725 ^ _4340_/Y (sky130_fd_sc_hd__nand2_1)
                                                         _0114_ (net)
                      0.030800    0.000000    0.397725 ^ _4582_/D (sky130_fd_sc_hd__dfrtp_1)
                                              0.397725   data arrival time

                      0.000000    0.000000    0.000000   clock core (rise edge)
                                  0.000000    0.000000   clock network delay (ideal)
                                  0.000000    0.000000   clock reconvergence pessimism
                                              0.000000 ^ _4582_/CLK (sky130_fd_sc_hd__dfrtp_1)
                                 -0.039926   -0.039926   library hold time
                                             -0.039926   data required time
---------------------------------------------------------------------------------------------
                                             -0.039926   data required time
                                             -0.397725   data arrival time
---------------------------------------------------------------------------------------------
                                              0.437650   slack (MET)


Startpoint: _4583_ (rising edge-triggered flip-flop clocked by core)
Endpoint: _4583_ (rising edge-triggered flip-flop clocked by core)
Path Group: core
Path Type: min

Fanout         Cap        Slew       Delay        Time   Description
---------------------------------------------------------------------------------------------
                      0.000000    0.000000    0.000000   clock core (rise edge)
                                  0.000000    0.000000   clock network delay (ideal)
                      0.000000    0.000000    0.000000 ^ _4583_/CLK (sky130_fd_sc_hd__dfrtp_1)
     2    0.002490    0.046598    0.301182    0.301182 ^ _4583_/Q (sky130_fd_sc_hd__dfrtp_1)
                                                         u_cordic_reg.u_reg_if.reqsz_q[1] (net)
                      0.046598    0.000000    0.301182 ^ _2651_/B (sky130_fd_sc_hd__nand2_1)
     1    0.002285    0.032417    0.049429    0.350611 v _2651_/Y (sky130_fd_sc_hd__nand2_1)
                                                         _1830_ (net)
                      0.032417    0.000000    0.350611 v _2652_/B (sky130_fd_sc_hd__nand2_1)
     1    0.002026    0.030800    0.047113    0.397725 ^ _2652_/Y (sky130_fd_sc_hd__nand2_1)
                                                         _0277_ (net)
                      0.030800    0.000000    0.397725 ^ _4583_/D (sky130_fd_sc_hd__dfrtp_1)
                                              0.397725   data arrival time

                      0.000000    0.000000    0.000000   clock core (rise edge)
                                  0.000000    0.000000   clock network delay (ideal)
                                  0.000000    0.000000   clock reconvergence pessimism
                                              0.000000 ^ _4583_/CLK (sky130_fd_sc_hd__dfrtp_1)
                                 -0.039926   -0.039926   library hold time
                                             -0.039926   data required time
---------------------------------------------------------------------------------------------
                                             -0.039926   data required time
                                             -0.397725   data arrival time
---------------------------------------------------------------------------------------------
                                              0.437650   slack (MET)


Startpoint: _4584_ (rising edge-triggered flip-flop clocked by core)
Endpoint: _4584_ (rising edge-triggered flip-flop clocked by core)
Path Group: core
Path Type: min

Fanout         Cap        Slew       Delay        Time   Description
---------------------------------------------------------------------------------------------
                      0.000000    0.000000    0.000000   clock core (rise edge)
                                  0.000000    0.000000   clock network delay (ideal)
                      0.000000    0.000000    0.000000 ^ _4584_/CLK (sky130_fd_sc_hd__dfrtp_1)
     2    0.002490    0.046598    0.301182    0.301182 ^ _4584_/Q (sky130_fd_sc_hd__dfrtp_1)
                                                         u_cordic_reg.u_reg_if.reqid_q[0] (net)
                      0.046598    0.000000    0.301182 ^ _4336_/B (sky130_fd_sc_hd__nand2_1)
     1    0.002285    0.032417    0.049429    0.350611 v _4336_/Y (sky130_fd_sc_hd__nand2_1)
                                                         _1469_ (net)
                      0.032417    0.000000    0.350611 v _4337_/B (sky130_fd_sc_hd__nand2_1)
     1    0.002026    0.030800    0.047113    0.397725 ^ _4337_/Y (sky130_fd_sc_hd__nand2_1)
                                                         _0113_ (net)
                      0.030800    0.000000    0.397725 ^ _4584_/D (sky130_fd_sc_hd__dfrtp_1)
                                              0.397725   data arrival time

                      0.000000    0.000000    0.000000   clock core (rise edge)
                                  0.000000    0.000000   clock network delay (ideal)
                                  0.000000    0.000000   clock reconvergence pessimism
                                              0.000000 ^ _4584_/CLK (sky130_fd_sc_hd__dfrtp_1)
                                 -0.039926   -0.039926   library hold time
                                             -0.039926   data required time
---------------------------------------------------------------------------------------------
                                             -0.039926   data required time
                                             -0.397725   data arrival time
---------------------------------------------------------------------------------------------
                                              0.437650   slack (MET)


Startpoint: _4585_ (rising edge-triggered flip-flop clocked by core)
Endpoint: _4585_ (rising edge-triggered flip-flop clocked by core)
Path Group: core
Path Type: min

Fanout         Cap        Slew       Delay        Time   Description
---------------------------------------------------------------------------------------------
                      0.000000    0.000000    0.000000   clock core (rise edge)
                                  0.000000    0.000000   clock network delay (ideal)
                      0.000000    0.000000    0.000000 ^ _4585_/CLK (sky130_fd_sc_hd__dfrtp_1)
     2    0.002490    0.046598    0.301182    0.301182 ^ _4585_/Q (sky130_fd_sc_hd__dfrtp_1)
                                                         u_cordic_reg.u_reg_if.reqid_q[1] (net)
                      0.046598    0.000000    0.301182 ^ _4333_/B (sky130_fd_sc_hd__nand2_1)
     1    0.002285    0.032417    0.049429    0.350611 v _4333_/Y (sky130_fd_sc_hd__nand2_1)
                                                         _1467_ (net)
                      0.032417    0.000000    0.350611 v _4334_/B (sky130_fd_sc_hd__nand2_1)
     1    0.002026    0.030800    0.047113    0.397725 ^ _4334_/Y (sky130_fd_sc_hd__nand2_1)
                                                         _0112_ (net)
                      0.030800    0.000000    0.397725 ^ _4585_/D (sky130_fd_sc_hd__dfrtp_1)
                                              0.397725   data arrival time

                      0.000000    0.000000    0.000000   clock core (rise edge)
                                  0.000000    0.000000   clock network delay (ideal)
                                  0.000000    0.000000   clock reconvergence pessimism
                                              0.000000 ^ _4585_/CLK (sky130_fd_sc_hd__dfrtp_1)
                                 -0.039926   -0.039926   library hold time
                                             -0.039926   data required time
---------------------------------------------------------------------------------------------
                                             -0.039926   data required time
                                             -0.397725   data arrival time
---------------------------------------------------------------------------------------------
                                              0.437650   slack (MET)


Startpoint: _4586_ (rising edge-triggered flip-flop clocked by core)
Endpoint: _4586_ (rising edge-triggered flip-flop clocked by core)
Path Group: core
Path Type: min

Fanout         Cap        Slew       Delay        Time   Description
---------------------------------------------------------------------------------------------
                      0.000000    0.000000    0.000000   clock core (rise edge)
                                  0.000000    0.000000   clock network delay (ideal)
                      0.000000    0.000000    0.000000 ^ _4586_/CLK (sky130_fd_sc_hd__dfrtp_1)
     2    0.002490    0.046598    0.301182    0.301182 ^ _4586_/Q (sky130_fd_sc_hd__dfrtp_1)
                                                         u_cordic_reg.u_reg_if.reqid_q[2] (net)
                      0.046598    0.000000    0.301182 ^ _4330_/B (sky130_fd_sc_hd__nand2_1)
     1    0.002285    0.032417    0.049429    0.350611 v _4330_/Y (sky130_fd_sc_hd__nand2_1)
                                                         _1465_ (net)
                      0.032417    0.000000    0.350611 v _4331_/B (sky130_fd_sc_hd__nand2_1)
     1    0.002026    0.030800    0.047113    0.397725 ^ _4331_/Y (sky130_fd_sc_hd__nand2_1)
                                                         _0111_ (net)
                      0.030800    0.000000    0.397725 ^ _4586_/D (sky130_fd_sc_hd__dfrtp_1)
                                              0.397725   data arrival time

                      0.000000    0.000000    0.000000   clock core (rise edge)
                                  0.000000    0.000000   clock network delay (ideal)
                                  0.000000    0.000000   clock reconvergence pessimism
                                              0.000000 ^ _4586_/CLK (sky130_fd_sc_hd__dfrtp_1)
                                 -0.039926   -0.039926   library hold time
                                             -0.039926   data required time
---------------------------------------------------------------------------------------------
                                             -0.039926   data required time
                                             -0.397725   data arrival time
---------------------------------------------------------------------------------------------
                                              0.437650   slack (MET)


Startpoint: _4587_ (rising edge-triggered flip-flop clocked by core)
Endpoint: _4587_ (rising edge-triggered flip-flop clocked by core)
Path Group: core
Path Type: min

Fanout         Cap        Slew       Delay        Time   Description
---------------------------------------------------------------------------------------------
                      0.000000    0.000000    0.000000   clock core (rise edge)
                                  0.000000    0.000000   clock network delay (ideal)
                      0.000000    0.000000    0.000000 ^ _4587_/CLK (sky130_fd_sc_hd__dfrtp_1)
     2    0.002490    0.046598    0.301182    0.301182 ^ _4587_/Q (sky130_fd_sc_hd__dfrtp_1)
                                                         u_cordic_reg.u_reg_if.reqid_q[3] (net)
                      0.046598    0.000000    0.301182 ^ _4327_/B (sky130_fd_sc_hd__nand2_1)
     1    0.002285    0.032417    0.049429    0.350611 v _4327_/Y (sky130_fd_sc_hd__nand2_1)
                                                         _1463_ (net)
                      0.032417    0.000000    0.350611 v _4328_/B (sky130_fd_sc_hd__nand2_1)
     1    0.002026    0.030800    0.047113    0.397725 ^ _4328_/Y (sky130_fd_sc_hd__nand2_1)
                                                         _0110_ (net)
                      0.030800    0.000000    0.397725 ^ _4587_/D (sky130_fd_sc_hd__dfrtp_1)
                                              0.397725   data arrival time

                      0.000000    0.000000    0.000000   clock core (rise edge)
                                  0.000000    0.000000   clock network delay (ideal)
                                  0.000000    0.000000   clock reconvergence pessimism
                                              0.000000 ^ _4587_/CLK (sky130_fd_sc_hd__dfrtp_1)
                                 -0.039926   -0.039926   library hold time
                                             -0.039926   data required time
---------------------------------------------------------------------------------------------
                                             -0.039926   data required time
                                             -0.397725   data arrival time
---------------------------------------------------------------------------------------------
                                              0.437650   slack (MET)


Startpoint: _4588_ (rising edge-triggered flip-flop clocked by core)
Endpoint: _4588_ (rising edge-triggered flip-flop clocked by core)
Path Group: core
Path Type: min

Fanout         Cap        Slew       Delay        Time   Description
---------------------------------------------------------------------------------------------
                      0.000000    0.000000    0.000000   clock core (rise edge)
                                  0.000000    0.000000   clock network delay (ideal)
                      0.000000    0.000000    0.000000 ^ _4588_/CLK (sky130_fd_sc_hd__dfrtp_1)
     2    0.002490    0.046598    0.301182    0.301182 ^ _4588_/Q (sky130_fd_sc_hd__dfrtp_1)
                                                         u_cordic_reg.u_reg_if.reqid_q[4] (net)
                      0.046598    0.000000    0.301182 ^ _4324_/B (sky130_fd_sc_hd__nand2_1)
     1    0.002285    0.032417    0.049429    0.350611 v _4324_/Y (sky130_fd_sc_hd__nand2_1)
                                                         _1461_ (net)
                      0.032417    0.000000    0.350611 v _4325_/B (sky130_fd_sc_hd__nand2_1)
     1    0.002026    0.030800    0.047113    0.397725 ^ _4325_/Y (sky130_fd_sc_hd__nand2_1)
                                                         _0109_ (net)
                      0.030800    0.000000    0.397725 ^ _4588_/D (sky130_fd_sc_hd__dfrtp_1)
                                              0.397725   data arrival time

                      0.000000    0.000000    0.000000   clock core (rise edge)
                                  0.000000    0.000000   clock network delay (ideal)
                                  0.000000    0.000000   clock reconvergence pessimism
                                              0.000000 ^ _4588_/CLK (sky130_fd_sc_hd__dfrtp_1)
                                 -0.039926   -0.039926   library hold time
                                             -0.039926   data required time
---------------------------------------------------------------------------------------------
                                             -0.039926   data required time
                                             -0.397725   data arrival time
---------------------------------------------------------------------------------------------
                                              0.437650   slack (MET)


Startpoint: _4589_ (rising edge-triggered flip-flop clocked by core)
Endpoint: _4589_ (rising edge-triggered flip-flop clocked by core)
Path Group: core
Path Type: min

Fanout         Cap        Slew       Delay        Time   Description
---------------------------------------------------------------------------------------------
                      0.000000    0.000000    0.000000   clock core (rise edge)
                                  0.000000    0.000000   clock network delay (ideal)
                      0.000000    0.000000    0.000000 ^ _4589_/CLK (sky130_fd_sc_hd__dfrtp_1)
     2    0.002490    0.046598    0.301182    0.301182 ^ _4589_/Q (sky130_fd_sc_hd__dfrtp_1)
                                                         u_cordic_reg.u_reg_if.reqid_q[5] (net)
                      0.046598    0.000000    0.301182 ^ _4321_/B (sky130_fd_sc_hd__nand2_1)
     1    0.002285    0.032417    0.049429    0.350611 v _4321_/Y (sky130_fd_sc_hd__nand2_1)
                                                         _1459_ (net)
                      0.032417    0.000000    0.350611 v _4322_/B (sky130_fd_sc_hd__nand2_1)
     1    0.002026    0.030800    0.047113    0.397725 ^ _4322_/Y (sky130_fd_sc_hd__nand2_1)
                                                         _0108_ (net)
                      0.030800    0.000000    0.397725 ^ _4589_/D (sky130_fd_sc_hd__dfrtp_1)
                                              0.397725   data arrival time

                      0.000000    0.000000    0.000000   clock core (rise edge)
                                  0.000000    0.000000   clock network delay (ideal)
                                  0.000000    0.000000   clock reconvergence pessimism
                                              0.000000 ^ _4589_/CLK (sky130_fd_sc_hd__dfrtp_1)
                                 -0.039926   -0.039926   library hold time
                                             -0.039926   data required time
---------------------------------------------------------------------------------------------
                                             -0.039926   data required time
                                             -0.397725   data arrival time
---------------------------------------------------------------------------------------------
                                              0.437650   slack (MET)


Startpoint: _4590_ (rising edge-triggered flip-flop clocked by core)
Endpoint: _4590_ (rising edge-triggered flip-flop clocked by core)
Path Group: core
Path Type: min

Fanout         Cap        Slew       Delay        Time   Description
---------------------------------------------------------------------------------------------
                      0.000000    0.000000    0.000000   clock core (rise edge)
                                  0.000000    0.000000   clock network delay (ideal)
                      0.000000    0.000000    0.000000 ^ _4590_/CLK (sky130_fd_sc_hd__dfrtp_1)
     2    0.002490    0.046598    0.301182    0.301182 ^ _4590_/Q (sky130_fd_sc_hd__dfrtp_1)
                                                         u_cordic_reg.u_reg_if.reqid_q[6] (net)
                      0.046598    0.000000    0.301182 ^ _4318_/B (sky130_fd_sc_hd__nand2_1)
     1    0.002285    0.032417    0.049429    0.350611 v _4318_/Y (sky130_fd_sc_hd__nand2_1)
                                                         _1457_ (net)
                      0.032417    0.000000    0.350611 v _4319_/B (sky130_fd_sc_hd__nand2_1)
     1    0.002026    0.030800    0.047113    0.397725 ^ _4319_/Y (sky130_fd_sc_hd__nand2_1)
                                                         _0107_ (net)
                      0.030800    0.000000    0.397725 ^ _4590_/D (sky130_fd_sc_hd__dfrtp_1)
                                              0.397725   data arrival time

                      0.000000    0.000000    0.000000   clock core (rise edge)
                                  0.000000    0.000000   clock network delay (ideal)
                                  0.000000    0.000000   clock reconvergence pessimism
                                              0.000000 ^ _4590_/CLK (sky130_fd_sc_hd__dfrtp_1)
                                 -0.039926   -0.039926   library hold time
                                             -0.039926   data required time
---------------------------------------------------------------------------------------------
                                             -0.039926   data required time
                                             -0.397725   data arrival time
---------------------------------------------------------------------------------------------
                                              0.437650   slack (MET)


Startpoint: rst_ni (input port clocked by core)
Endpoint: _4421_ (removal check against rising-edge clock core)
Path Group: asynchronous
Path Type: min

Fanout         Cap        Slew       Delay        Time   Description
---------------------------------------------------------------------------------------------
                      0.000000    0.000000    0.000000   clock core (rise edge)
                                  0.000000    0.000000   clock network delay (ideal)
                                  2.000000    2.000000 ^ input external delay
   293    1.058765    0.000000    0.000000    2.000000 ^ rst_ni (in)
                                                         rst_ni (net)
                      0.000000    0.000000    2.000000 ^ _4421_/RESET_B (sky130_fd_sc_hd__dfrtp_1)
                                              2.000000   data arrival time

                      0.000000    0.000000    0.000000   clock core (rise edge)
                                  0.000000    0.000000   clock network delay (ideal)
                                  0.000000    0.000000   clock reconvergence pessimism
                                              0.000000 ^ _4421_/CLK (sky130_fd_sc_hd__dfrtp_1)
                                  0.294843    0.294843   library removal time
                                              0.294843   data required time
---------------------------------------------------------------------------------------------
                                              0.294843   data required time
                                             -2.000000   data arrival time
---------------------------------------------------------------------------------------------
                                              1.705157   slack (MET)


Startpoint: rst_ni (input port clocked by core)
Endpoint: _4422_ (removal check against rising-edge clock core)
Path Group: asynchronous
Path Type: min

Fanout         Cap        Slew       Delay        Time   Description
---------------------------------------------------------------------------------------------
                      0.000000    0.000000    0.000000   clock core (rise edge)
                                  0.000000    0.000000   clock network delay (ideal)
                                  2.000000    2.000000 ^ input external delay
   293    1.058765    0.000000    0.000000    2.000000 ^ rst_ni (in)
                                                         rst_ni (net)
                      0.000000    0.000000    2.000000 ^ _4422_/RESET_B (sky130_fd_sc_hd__dfrtp_1)
                                              2.000000   data arrival time

                      0.000000    0.000000    0.000000   clock core (rise edge)
                                  0.000000    0.000000   clock network delay (ideal)
                                  0.000000    0.000000   clock reconvergence pessimism
                                              0.000000 ^ _4422_/CLK (sky130_fd_sc_hd__dfrtp_1)
                                  0.294843    0.294843   library removal time
                                              0.294843   data required time
---------------------------------------------------------------------------------------------
                                              0.294843   data required time
                                             -2.000000   data arrival time
---------------------------------------------------------------------------------------------
                                              1.705157   slack (MET)


Startpoint: rst_ni (input port clocked by core)
Endpoint: _4423_ (removal check against rising-edge clock core)
Path Group: asynchronous
Path Type: min

Fanout         Cap        Slew       Delay        Time   Description
---------------------------------------------------------------------------------------------
                      0.000000    0.000000    0.000000   clock core (rise edge)
                                  0.000000    0.000000   clock network delay (ideal)
                                  2.000000    2.000000 ^ input external delay
   293    1.058765    0.000000    0.000000    2.000000 ^ rst_ni (in)
                                                         rst_ni (net)
                      0.000000    0.000000    2.000000 ^ _4423_/RESET_B (sky130_fd_sc_hd__dfrtp_1)
                                              2.000000   data arrival time

                      0.000000    0.000000    0.000000   clock core (rise edge)
                                  0.000000    0.000000   clock network delay (ideal)
                                  0.000000    0.000000   clock reconvergence pessimism
                                              0.000000 ^ _4423_/CLK (sky130_fd_sc_hd__dfrtp_1)
                                  0.294843    0.294843   library removal time
                                              0.294843   data required time
---------------------------------------------------------------------------------------------
                                              0.294843   data required time
                                             -2.000000   data arrival time
---------------------------------------------------------------------------------------------
                                              1.705157   slack (MET)


Startpoint: rst_ni (input port clocked by core)
Endpoint: _4424_ (removal check against rising-edge clock core)
Path Group: asynchronous
Path Type: min

Fanout         Cap        Slew       Delay        Time   Description
---------------------------------------------------------------------------------------------
                      0.000000    0.000000    0.000000   clock core (rise edge)
                                  0.000000    0.000000   clock network delay (ideal)
                                  2.000000    2.000000 ^ input external delay
   293    1.058765    0.000000    0.000000    2.000000 ^ rst_ni (in)
                                                         rst_ni (net)
                      0.000000    0.000000    2.000000 ^ _4424_/RESET_B (sky130_fd_sc_hd__dfrtp_1)
                                              2.000000   data arrival time

                      0.000000    0.000000    0.000000   clock core (rise edge)
                                  0.000000    0.000000   clock network delay (ideal)
                                  0.000000    0.000000   clock reconvergence pessimism
                                              0.000000 ^ _4424_/CLK (sky130_fd_sc_hd__dfrtp_1)
                                  0.294843    0.294843   library removal time
                                              0.294843   data required time
---------------------------------------------------------------------------------------------
                                              0.294843   data required time
                                             -2.000000   data arrival time
---------------------------------------------------------------------------------------------
                                              1.705157   slack (MET)


Startpoint: rst_ni (input port clocked by core)
Endpoint: _4425_ (removal check against rising-edge clock core)
Path Group: asynchronous
Path Type: min

Fanout         Cap        Slew       Delay        Time   Description
---------------------------------------------------------------------------------------------
                      0.000000    0.000000    0.000000   clock core (rise edge)
                                  0.000000    0.000000   clock network delay (ideal)
                                  2.000000    2.000000 ^ input external delay
   293    1.058765    0.000000    0.000000    2.000000 ^ rst_ni (in)
                                                         rst_ni (net)
                      0.000000    0.000000    2.000000 ^ _4425_/RESET_B (sky130_fd_sc_hd__dfrtp_1)
                                              2.000000   data arrival time

                      0.000000    0.000000    0.000000   clock core (rise edge)
                                  0.000000    0.000000   clock network delay (ideal)
                                  0.000000    0.000000   clock reconvergence pessimism
                                              0.000000 ^ _4425_/CLK (sky130_fd_sc_hd__dfrtp_1)
                                  0.294843    0.294843   library removal time
                                              0.294843   data required time
---------------------------------------------------------------------------------------------
                                              0.294843   data required time
                                             -2.000000   data arrival time
---------------------------------------------------------------------------------------------
                                              1.705157   slack (MET)


Startpoint: rst_ni (input port clocked by core)
Endpoint: _4426_ (removal check against rising-edge clock core)
Path Group: asynchronous
Path Type: min

Fanout         Cap        Slew       Delay        Time   Description
---------------------------------------------------------------------------------------------
                      0.000000    0.000000    0.000000   clock core (rise edge)
                                  0.000000    0.000000   clock network delay (ideal)
                                  2.000000    2.000000 ^ input external delay
   293    1.058765    0.000000    0.000000    2.000000 ^ rst_ni (in)
                                                         rst_ni (net)
                      0.000000    0.000000    2.000000 ^ _4426_/RESET_B (sky130_fd_sc_hd__dfrtp_1)
                                              2.000000   data arrival time

                      0.000000    0.000000    0.000000   clock core (rise edge)
                                  0.000000    0.000000   clock network delay (ideal)
                                  0.000000    0.000000   clock reconvergence pessimism
                                              0.000000 ^ _4426_/CLK (sky130_fd_sc_hd__dfrtp_1)
                                  0.294843    0.294843   library removal time
                                              0.294843   data required time
---------------------------------------------------------------------------------------------
                                              0.294843   data required time
                                             -2.000000   data arrival time
---------------------------------------------------------------------------------------------
                                              1.705157   slack (MET)


Startpoint: rst_ni (input port clocked by core)
Endpoint: _4427_ (removal check against rising-edge clock core)
Path Group: asynchronous
Path Type: min

Fanout         Cap        Slew       Delay        Time   Description
---------------------------------------------------------------------------------------------
                      0.000000    0.000000    0.000000   clock core (rise edge)
                                  0.000000    0.000000   clock network delay (ideal)
                                  2.000000    2.000000 ^ input external delay
   293    1.058765    0.000000    0.000000    2.000000 ^ rst_ni (in)
                                                         rst_ni (net)
                      0.000000    0.000000    2.000000 ^ _4427_/RESET_B (sky130_fd_sc_hd__dfrtp_1)
                                              2.000000   data arrival time

                      0.000000    0.000000    0.000000   clock core (rise edge)
                                  0.000000    0.000000   clock network delay (ideal)
                                  0.000000    0.000000   clock reconvergence pessimism
                                              0.000000 ^ _4427_/CLK (sky130_fd_sc_hd__dfrtp_1)
                                  0.294843    0.294843   library removal time
                                              0.294843   data required time
---------------------------------------------------------------------------------------------
                                              0.294843   data required time
                                             -2.000000   data arrival time
---------------------------------------------------------------------------------------------
                                              1.705157   slack (MET)


Startpoint: rst_ni (input port clocked by core)
Endpoint: _4428_ (removal check against rising-edge clock core)
Path Group: asynchronous
Path Type: min

Fanout         Cap        Slew       Delay        Time   Description
---------------------------------------------------------------------------------------------
                      0.000000    0.000000    0.000000   clock core (rise edge)
                                  0.000000    0.000000   clock network delay (ideal)
                                  2.000000    2.000000 ^ input external delay
   293    1.058765    0.000000    0.000000    2.000000 ^ rst_ni (in)
                                                         rst_ni (net)
                      0.000000    0.000000    2.000000 ^ _4428_/RESET_B (sky130_fd_sc_hd__dfrtp_1)
                                              2.000000   data arrival time

                      0.000000    0.000000    0.000000   clock core (rise edge)
                                  0.000000    0.000000   clock network delay (ideal)
                                  0.000000    0.000000   clock reconvergence pessimism
                                              0.000000 ^ _4428_/CLK (sky130_fd_sc_hd__dfrtp_1)
                                  0.294843    0.294843   library removal time
                                              0.294843   data required time
---------------------------------------------------------------------------------------------
                                              0.294843   data required time
                                             -2.000000   data arrival time
---------------------------------------------------------------------------------------------
                                              1.705157   slack (MET)


Startpoint: rst_ni (input port clocked by core)
Endpoint: _4429_ (removal check against rising-edge clock core)
Path Group: asynchronous
Path Type: min

Fanout         Cap        Slew       Delay        Time   Description
---------------------------------------------------------------------------------------------
                      0.000000    0.000000    0.000000   clock core (rise edge)
                                  0.000000    0.000000   clock network delay (ideal)
                                  2.000000    2.000000 ^ input external delay
   293    1.058765    0.000000    0.000000    2.000000 ^ rst_ni (in)
                                                         rst_ni (net)
                      0.000000    0.000000    2.000000 ^ _4429_/RESET_B (sky130_fd_sc_hd__dfrtp_1)
                                              2.000000   data arrival time

                      0.000000    0.000000    0.000000   clock core (rise edge)
                                  0.000000    0.000000   clock network delay (ideal)
                                  0.000000    0.000000   clock reconvergence pessimism
                                              0.000000 ^ _4429_/CLK (sky130_fd_sc_hd__dfrtp_1)
                                  0.294843    0.294843   library removal time
                                              0.294843   data required time
---------------------------------------------------------------------------------------------
                                              0.294843   data required time
                                             -2.000000   data arrival time
---------------------------------------------------------------------------------------------
                                              1.705157   slack (MET)


Startpoint: rst_ni (input port clocked by core)
Endpoint: _4430_ (removal check against rising-edge clock core)
Path Group: asynchronous
Path Type: min

Fanout         Cap        Slew       Delay        Time   Description
---------------------------------------------------------------------------------------------
                      0.000000    0.000000    0.000000   clock core (rise edge)
                                  0.000000    0.000000   clock network delay (ideal)
                                  2.000000    2.000000 ^ input external delay
   293    1.058765    0.000000    0.000000    2.000000 ^ rst_ni (in)
                                                         rst_ni (net)
                      0.000000    0.000000    2.000000 ^ _4430_/RESET_B (sky130_fd_sc_hd__dfrtp_1)
                                              2.000000   data arrival time

                      0.000000    0.000000    0.000000   clock core (rise edge)
                                  0.000000    0.000000   clock network delay (ideal)
                                  0.000000    0.000000   clock reconvergence pessimism
                                              0.000000 ^ _4430_/CLK (sky130_fd_sc_hd__dfrtp_1)
                                  0.294843    0.294843   library removal time
                                              0.294843   data required time
---------------------------------------------------------------------------------------------
                                              0.294843   data required time
                                             -2.000000   data arrival time
---------------------------------------------------------------------------------------------
                                              1.705157   slack (MET)

=== FlexSoC normalized power fields ===
dynamic_power_definition=internal_power+switching_power
power_unit=OpenSTA report unit; see Units section
internal_power=0.00126
switching_power=4.18e-05
dynamic_power=0.0013018
leakage_power=2.34e-06
total_power=0.00131

=== Gate-level timing/power fusion ===
power_semantics=average_instance_power_from_the_same_VCD_SAIF_context
path_power_sum=unique_instance_average_power_sum_not_incremental_path_energy
fanout_capacitance_source=OpenSTA_report_checks_output_pin_fields

Worst path 1: status=met slack=0.402807 type=min group=core
startpoint=_4430_ (rising edge-triggered flip-flop clocked by core)
endpoint=_4710_ (rising edge-triggered flip-flop clocked by core)
path_power_complete=false missing_power_instances=_4430_,_4710_
path_average_power_sum internal=0 switching=0 dynamic=0 leakage=0 total=0
stage instance cell pins fanout capacitance slew delay arrival internal switching dynamic leakage total
1 _4430_ sky130_fd_sc_hd__dfrtp_1 CLK,Q 4 0.009486 0.098777 0.349737 0.349737 - - - - -
2 _4710_ sky130_fd_sc_hd__dfrtp_1 D - - 0.098777 0 0.349737 - - - - -

Worst path 2: status=met slack=0.43765 type=min group=core
startpoint=_4582_ (rising edge-triggered flip-flop clocked by core)
endpoint=_4582_ (rising edge-triggered flip-flop clocked by core)
path_power_complete=false missing_power_instances=_4339_,_4340_,_4582_
path_average_power_sum internal=0 switching=0 dynamic=0 leakage=0 total=0
stage instance cell pins fanout capacitance slew delay arrival internal switching dynamic leakage total
1 _4582_ sky130_fd_sc_hd__dfrtp_1 CLK,Q 2 0.00249 0.046598 0.301182 0.301182 - - - - -
2 _4339_ sky130_fd_sc_hd__nand2_1 B,Y 1 0.002285 0.032417 0.049429 0.350611 - - - - -
3 _4340_ sky130_fd_sc_hd__nand2_1 B,Y 1 0.002026 0.0308 0.047113 0.397725 - - - - -
4 _4582_ sky130_fd_sc_hd__dfrtp_1 D - - 0.0308 0 0.397725 - - - - -

Worst path 3: status=met slack=0.43765 type=min group=core
startpoint=_4583_ (rising edge-triggered flip-flop clocked by core)
endpoint=_4583_ (rising edge-triggered flip-flop clocked by core)
path_power_complete=false missing_power_instances=_2651_,_2652_,_4583_
path_average_power_sum internal=0 switching=0 dynamic=0 leakage=0 total=0
stage instance cell pins fanout capacitance slew delay arrival internal switching dynamic leakage total
1 _4583_ sky130_fd_sc_hd__dfrtp_1 CLK,Q 2 0.00249 0.046598 0.301182 0.301182 - - - - -
2 _2651_ sky130_fd_sc_hd__nand2_1 B,Y 1 0.002285 0.032417 0.049429 0.350611 - - - - -
3 _2652_ sky130_fd_sc_hd__nand2_1 B,Y 1 0.002026 0.0308 0.047113 0.397725 - - - - -
4 _4583_ sky130_fd_sc_hd__dfrtp_1 D - - 0.0308 0 0.397725 - - - - -

Worst path 4: status=met slack=0.43765 type=min group=core
startpoint=_4584_ (rising edge-triggered flip-flop clocked by core)
endpoint=_4584_ (rising edge-triggered flip-flop clocked by core)
path_power_complete=false missing_power_instances=_4336_,_4337_,_4584_
path_average_power_sum internal=0 switching=0 dynamic=0 leakage=0 total=0
stage instance cell pins fanout capacitance slew delay arrival internal switching dynamic leakage total
1 _4584_ sky130_fd_sc_hd__dfrtp_1 CLK,Q 2 0.00249 0.046598 0.301182 0.301182 - - - - -
2 _4336_ sky130_fd_sc_hd__nand2_1 B,Y 1 0.002285 0.032417 0.049429 0.350611 - - - - -
3 _4337_ sky130_fd_sc_hd__nand2_1 B,Y 1 0.002026 0.0308 0.047113 0.397725 - - - - -
4 _4584_ sky130_fd_sc_hd__dfrtp_1 D - - 0.0308 0 0.397725 - - - - -

Worst path 5: status=met slack=0.43765 type=min group=core
startpoint=_4585_ (rising edge-triggered flip-flop clocked by core)
endpoint=_4585_ (rising edge-triggered flip-flop clocked by core)
path_power_complete=false missing_power_instances=_4333_,_4334_,_4585_
path_average_power_sum internal=0 switching=0 dynamic=0 leakage=0 total=0
stage instance cell pins fanout capacitance slew delay arrival internal switching dynamic leakage total
1 _4585_ sky130_fd_sc_hd__dfrtp_1 CLK,Q 2 0.00249 0.046598 0.301182 0.301182 - - - - -
2 _4333_ sky130_fd_sc_hd__nand2_1 B,Y 1 0.002285 0.032417 0.049429 0.350611 - - - - -
3 _4334_ sky130_fd_sc_hd__nand2_1 B,Y 1 0.002026 0.0308 0.047113 0.397725 - - - - -
4 _4585_ sky130_fd_sc_hd__dfrtp_1 D - - 0.0308 0 0.397725 - - - - -

Worst path 6: status=met slack=0.43765 type=min group=core
startpoint=_4586_ (rising edge-triggered flip-flop clocked by core)
endpoint=_4586_ (rising edge-triggered flip-flop clocked by core)
path_power_complete=false missing_power_instances=_4330_,_4331_,_4586_
path_average_power_sum internal=0 switching=0 dynamic=0 leakage=0 total=0
stage instance cell pins fanout capacitance slew delay arrival internal switching dynamic leakage total
1 _4586_ sky130_fd_sc_hd__dfrtp_1 CLK,Q 2 0.00249 0.046598 0.301182 0.301182 - - - - -
2 _4330_ sky130_fd_sc_hd__nand2_1 B,Y 1 0.002285 0.032417 0.049429 0.350611 - - - - -
3 _4331_ sky130_fd_sc_hd__nand2_1 B,Y 1 0.002026 0.0308 0.047113 0.397725 - - - - -
4 _4586_ sky130_fd_sc_hd__dfrtp_1 D - - 0.0308 0 0.397725 - - - - -

Worst path 7: status=met slack=0.43765 type=min group=core
startpoint=_4587_ (rising edge-triggered flip-flop clocked by core)
endpoint=_4587_ (rising edge-triggered flip-flop clocked by core)
path_power_complete=false missing_power_instances=_4327_,_4328_,_4587_
path_average_power_sum internal=0 switching=0 dynamic=0 leakage=0 total=0
stage instance cell pins fanout capacitance slew delay arrival internal switching dynamic leakage total
1 _4587_ sky130_fd_sc_hd__dfrtp_1 CLK,Q 2 0.00249 0.046598 0.301182 0.301182 - - - - -
2 _4327_ sky130_fd_sc_hd__nand2_1 B,Y 1 0.002285 0.032417 0.049429 0.350611 - - - - -
3 _4328_ sky130_fd_sc_hd__nand2_1 B,Y 1 0.002026 0.0308 0.047113 0.397725 - - - - -
4 _4587_ sky130_fd_sc_hd__dfrtp_1 D - - 0.0308 0 0.397725 - - - - -

Worst path 8: status=met slack=0.43765 type=min group=core
startpoint=_4588_ (rising edge-triggered flip-flop clocked by core)
endpoint=_4588_ (rising edge-triggered flip-flop clocked by core)
path_power_complete=false missing_power_instances=_4324_,_4325_,_4588_
path_average_power_sum internal=0 switching=0 dynamic=0 leakage=0 total=0
stage instance cell pins fanout capacitance slew delay arrival internal switching dynamic leakage total
1 _4588_ sky130_fd_sc_hd__dfrtp_1 CLK,Q 2 0.00249 0.046598 0.301182 0.301182 - - - - -
2 _4324_ sky130_fd_sc_hd__nand2_1 B,Y 1 0.002285 0.032417 0.049429 0.350611 - - - - -
3 _4325_ sky130_fd_sc_hd__nand2_1 B,Y 1 0.002026 0.0308 0.047113 0.397725 - - - - -
4 _4588_ sky130_fd_sc_hd__dfrtp_1 D - - 0.0308 0 0.397725 - - - - -

Worst path 9: status=met slack=0.43765 type=min group=core
startpoint=_4589_ (rising edge-triggered flip-flop clocked by core)
endpoint=_4589_ (rising edge-triggered flip-flop clocked by core)
path_power_complete=false missing_power_instances=_4321_,_4322_,_4589_
path_average_power_sum internal=0 switching=0 dynamic=0 leakage=0 total=0
stage instance cell pins fanout capacitance slew delay arrival internal switching dynamic leakage total
1 _4589_ sky130_fd_sc_hd__dfrtp_1 CLK,Q 2 0.00249 0.046598 0.301182 0.301182 - - - - -
2 _4321_ sky130_fd_sc_hd__nand2_1 B,Y 1 0.002285 0.032417 0.049429 0.350611 - - - - -
3 _4322_ sky130_fd_sc_hd__nand2_1 B,Y 1 0.002026 0.0308 0.047113 0.397725 - - - - -
4 _4589_ sky130_fd_sc_hd__dfrtp_1 D - - 0.0308 0 0.397725 - - - - -

Worst path 10: status=met slack=0.43765 type=min group=core
startpoint=_4590_ (rising edge-triggered flip-flop clocked by core)
endpoint=_4590_ (rising edge-triggered flip-flop clocked by core)
path_power_complete=false missing_power_instances=_4318_,_4319_,_4590_
path_average_power_sum internal=0 switching=0 dynamic=0 leakage=0 total=0
stage instance cell pins fanout capacitance slew delay arrival internal switching dynamic leakage total
1 _4590_ sky130_fd_sc_hd__dfrtp_1 CLK,Q 2 0.00249 0.046598 0.301182 0.301182 - - - - -
2 _4318_ sky130_fd_sc_hd__nand2_1 B,Y 1 0.002285 0.032417 0.049429 0.350611 - - - - -
3 _4319_ sky130_fd_sc_hd__nand2_1 B,Y 1 0.002026 0.0308 0.047113 0.397725 - - - - -
4 _4590_ sky130_fd_sc_hd__dfrtp_1 D - - 0.0308 0 0.397725 - - - - -

Worst path 11: status=met slack=1.70516 type=min group=asynchronous
startpoint=rst_ni (input port clocked by core)
endpoint=_4421_ (removal check against rising-edge clock core)
path_power_complete=false missing_power_instances=_4421_
path_average_power_sum internal=0 switching=0 dynamic=0 leakage=0 total=0
stage instance cell pins fanout capacitance slew delay arrival internal switching dynamic leakage total
1 _4421_ sky130_fd_sc_hd__dfrtp_1 RESET_B - - 0 0 2 - - - - -

Worst path 12: status=met slack=1.70516 type=min group=asynchronous
startpoint=rst_ni (input port clocked by core)
endpoint=_4422_ (removal check against rising-edge clock core)
path_power_complete=false missing_power_instances=_4422_
path_average_power_sum internal=0 switching=0 dynamic=0 leakage=0 total=0
stage instance cell pins fanout capacitance slew delay arrival internal switching dynamic leakage total
1 _4422_ sky130_fd_sc_hd__dfrtp_1 RESET_B - - 0 0 2 - - - - -

Worst path 13: status=met slack=1.70516 type=min group=asynchronous
startpoint=rst_ni (input port clocked by core)
endpoint=_4423_ (removal check against rising-edge clock core)
path_power_complete=false missing_power_instances=_4423_
path_average_power_sum internal=0 switching=0 dynamic=0 leakage=0 total=0
stage instance cell pins fanout capacitance slew delay arrival internal switching dynamic leakage total
1 _4423_ sky130_fd_sc_hd__dfrtp_1 RESET_B - - 0 0 2 - - - - -

Worst path 14: status=met slack=1.70516 type=min group=asynchronous
startpoint=rst_ni (input port clocked by core)
endpoint=_4424_ (removal check against rising-edge clock core)
path_power_complete=false missing_power_instances=_4424_
path_average_power_sum internal=0 switching=0 dynamic=0 leakage=0 total=0
stage instance cell pins fanout capacitance slew delay arrival internal switching dynamic leakage total
1 _4424_ sky130_fd_sc_hd__dfrtp_1 RESET_B - - 0 0 2 - - - - -

Worst path 15: status=met slack=1.70516 type=min group=asynchronous
startpoint=rst_ni (input port clocked by core)
endpoint=_4425_ (removal check against rising-edge clock core)
path_power_complete=false missing_power_instances=_4425_
path_average_power_sum internal=0 switching=0 dynamic=0 leakage=0 total=0
stage instance cell pins fanout capacitance slew delay arrival internal switching dynamic leakage total
1 _4425_ sky130_fd_sc_hd__dfrtp_1 RESET_B - - 0 0 2 - - - - -

Worst path 16: status=met slack=1.70516 type=min group=asynchronous
startpoint=rst_ni (input port clocked by core)
endpoint=_4426_ (removal check against rising-edge clock core)
path_power_complete=false missing_power_instances=_4426_
path_average_power_sum internal=0 switching=0 dynamic=0 leakage=0 total=0
stage instance cell pins fanout capacitance slew delay arrival internal switching dynamic leakage total
1 _4426_ sky130_fd_sc_hd__dfrtp_1 RESET_B - - 0 0 2 - - - - -

Worst path 17: status=met slack=1.70516 type=min group=asynchronous
startpoint=rst_ni (input port clocked by core)
endpoint=_4427_ (removal check against rising-edge clock core)
path_power_complete=false missing_power_instances=_4427_
path_average_power_sum internal=0 switching=0 dynamic=0 leakage=0 total=0
stage instance cell pins fanout capacitance slew delay arrival internal switching dynamic leakage total
1 _4427_ sky130_fd_sc_hd__dfrtp_1 RESET_B - - 0 0 2 - - - - -

Worst path 18: status=met slack=1.70516 type=min group=asynchronous
startpoint=rst_ni (input port clocked by core)
endpoint=_4428_ (removal check against rising-edge clock core)
path_power_complete=false missing_power_instances=_4428_
path_average_power_sum internal=0 switching=0 dynamic=0 leakage=0 total=0
stage instance cell pins fanout capacitance slew delay arrival internal switching dynamic leakage total
1 _4428_ sky130_fd_sc_hd__dfrtp_1 RESET_B - - 0 0 2 - - - - -

Worst path 19: status=met slack=1.70516 type=min group=asynchronous
startpoint=rst_ni (input port clocked by core)
endpoint=_4429_ (removal check against rising-edge clock core)
path_power_complete=false missing_power_instances=_4429_
path_average_power_sum internal=0 switching=0 dynamic=0 leakage=0 total=0
stage instance cell pins fanout capacitance slew delay arrival internal switching dynamic leakage total
1 _4429_ sky130_fd_sc_hd__dfrtp_1 RESET_B - - 0 0 2 - - - - -

Worst path 20: status=met slack=1.70516 type=min group=asynchronous
startpoint=rst_ni (input port clocked by core)
endpoint=_4430_ (removal check against rising-edge clock core)
path_power_complete=false missing_power_instances=_4430_
path_average_power_sum internal=0 switching=0 dynamic=0 leakage=0 total=0
stage instance cell pins fanout capacitance slew delay arrival internal switching dynamic leakage total
1 _4430_ sky130_fd_sc_hd__dfrtp_1 RESET_B - - 0 0 2 - - - - -

=== Highest-power instances and worst path through each ===

Hotspot 1: instance=4.318588253227e-06 selected_worst_paths=none internal=1.48044e-06 switching=3.94299e-09 dynamic=1.48438e-06 leakage=5.80297e-06 total=4602
targeted_timing_path=not_found_or_unconstrained

Hotspot 2: instance=4.249293851899e-06 selected_worst_paths=none internal=4.02014e-07 switching=3.94211e-09 dynamic=4.05956e-07 leakage=4.65525e-06 total=4603
targeted_timing_path=not_found_or_unconstrained

Hotspot 3: instance=4.222690677125e-06 selected_worst_paths=none internal=1.58605e-07 switching=3.9417e-09 dynamic=1.62547e-07 leakage=4.38524e-06 total=4604
targeted_timing_path=not_found_or_unconstrained

Hotspot 4: instance=4.330158390076e-06 selected_worst_paths=none internal=3.71427e-08 switching=3.93368e-09 dynamic=4.10764e-08 leakage=4.37123e-06 total=4592
targeted_timing_path=not_found_or_unconstrained

Hotspot 5: instance=4.202353920846e-06 selected_worst_paths=none internal=1.38268e-07 switching=3.88734e-09 dynamic=1.42155e-07 leakage=4.34451e-06 total=4712
targeted_timing_path=not_found_or_unconstrained

Hotspot 6: instance=4.254470695741e-06 selected_worst_paths=none internal=4.26923e-08 switching=3.94845e-09 dynamic=4.66407e-08 leakage=4.30111e-06 total=4622
targeted_timing_path=not_found_or_unconstrained

Hotspot 7: instance=4.263296887075e-06 selected_worst_paths=none internal=3.24108e-08 switching=3.95399e-09 dynamic=3.63648e-08 leakage=4.29966e-06 total=4618
targeted_timing_path=not_found_or_unconstrained

Hotspot 8: instance=4.259793058736e-06 selected_worst_paths=none internal=3.57436e-08 switching=3.94837e-09 dynamic=3.9692e-08 leakage=4.29949e-06 total=4621
targeted_timing_path=not_found_or_unconstrained

Hotspot 9: instance=4.255428393662e-06 selected_worst_paths=none internal=3.95801e-08 switching=3.95119e-09 dynamic=4.35313e-08 leakage=4.29896e-06 total=4612
targeted_timing_path=not_found_or_unconstrained

Hotspot 10: instance=4.260327386874e-06 selected_worst_paths=none internal=3.24108e-08 switching=3.94739e-09 dynamic=3.63582e-08 leakage=4.29669e-06 total=4610
targeted_timing_path=not_found_or_unconstrained

Hotspot 11: instance=4.259961315256e-06 selected_worst_paths=none internal=3.03304e-08 switching=3.95904e-09 dynamic=3.42894e-08 leakage=4.29425e-06 total=4616
targeted_timing_path=not_found_or_unconstrained

Hotspot 12: instance=4.261309186404e-06 selected_worst_paths=none internal=2.11901e-08 switching=3.9498e-09 dynamic=2.51399e-08 leakage=4.28645e-06 total=4619
targeted_timing_path=not_found_or_unconstrained

Hotspot 13: instance=4.255990916135e-06 selected_worst_paths=none internal=2.14818e-08 switching=3.94815e-09 dynamic=2.54299e-08 leakage=4.28142e-06 total=4620
targeted_timing_path=not_found_or_unconstrained

Hotspot 14: instance=4.233337676851e-06 selected_worst_paths=none internal=4.23318e-08 switching=3.58993e-09 dynamic=4.59217e-08 leakage=4.27926e-06 total=4623
targeted_timing_path=not_found_or_unconstrained

Hotspot 15: instance=4.248265213391e-06 selected_worst_paths=none internal=2.22824e-08 switching=3.95108e-09 dynamic=2.62335e-08 leakage=4.2745e-06 total=4614
targeted_timing_path=not_found_or_unconstrained

Hotspot 16: instance=4.247748620401e-06 selected_worst_paths=none internal=1.97774e-08 switching=3.95354e-09 dynamic=2.37309e-08 leakage=4.27148e-06 total=4617
targeted_timing_path=not_found_or_unconstrained

Hotspot 17: instance=4.254201940057e-06 selected_worst_paths=none internal=1.21117e-08 switching=3.95371e-09 dynamic=1.60655e-08 leakage=4.27027e-06 total=4615
targeted_timing_path=not_found_or_unconstrained

Hotspot 18: instance=4.247928700352e-06 selected_worst_paths=none internal=1.80808e-08 switching=3.95524e-09 dynamic=2.20361e-08 leakage=4.26996e-06 total=4613
targeted_timing_path=not_found_or_unconstrained

Hotspot 19: instance=4.235171672917e-06 selected_worst_paths=none internal=2.98061e-08 switching=3.9659e-09 dynamic=3.3772e-08 leakage=4.26894e-06 total=4644
targeted_timing_path=not_found_or_unconstrained

Hotspot 20: instance=4.237431312504e-06 selected_worst_paths=none internal=2.63337e-08 switching=3.93538e-09 dynamic=3.02691e-08 leakage=4.2677e-06 total=4608
targeted_timing_path=not_found_or_unconstrained
