analysis=power_estimate activity_source=input_assumption
activity_model=input
activity=0.1
duty=0.5
corner=ss stage=post_syn
liberty=/home/eneadim/github/flexsoc/.flexsoc/pdks/ihp-sg13g2/ihp-sg13g2/libs.ref/sg13g2_stdcell/lib/sg13g2_stdcell_slow_1p35V_125C.lib
netlist=/home/eneadim/github/flexsoc/runs/uart_master/refresh_tlul_repo/syn/ihp-sg13g2/uart_master_synth.v
sdc=/home/eneadim/github/flexsoc/runs/uart_master/refresh_tlul_repo/constraints/uart_master.sdc
spef=

=== Units ===
 time 1ns
 capacitance 1pF
 resistance 1kohm
 voltage 1v
 current 1uA
 power 1pW
 distance 1um

=== Constraint validation ===

=== Power summary ===
Group                  Internal  Switching    Leakage      Total
                          Power      Power      Power      Power (Watts)
----------------------------------------------------------------
Sequential             4.32e-03   2.21e-04   1.79e-06   4.54e-03  77.8%
Combinational          6.28e-04   6.65e-04   1.52e-06   1.29e-03  22.2%
Clock                  0.00e+00   0.00e+00   0.00e+00   0.00e+00   0.0%
Macro                  0.00e+00   0.00e+00   0.00e+00   0.00e+00   0.0%
Pad                    0.00e+00   0.00e+00   0.00e+00   0.00e+00   0.0%
----------------------------------------------------------------
Total                  4.95e-03   8.85e-04   3.31e-06   5.84e-03 100.0%
                          84.8%      15.2%       0.1%

=== FlexSoC normalized power fields ===
dynamic_power_definition=internal_power+switching_power
power_unit=OpenSTA report unit; see Units section
internal_power=0.00495
switching_power=0.000885
dynamic_power=0.005835000000000001
leakage_power=3.31e-06
total_power=0.00584
