FlexSoC run check · uart_master
Technical FAIL · Provenance STALE

Flow
Main step                    Status    
RTL lint                     PASS      
CDC / RDC                    FAIL      
Functional verification      PASS      
Formal verification          PASS      
Synthesis                    PASS      
RTL ↔ synthesis equivalence  MISSING   
Pre-implementation sign-off  PASS      
Implementation / PnR         MISSING   
Post Sign-Off                INCOMPLETE
Run status: FAIL

Provenance
Setup             State  Action             
cocotb.setup      CLEAN  -                  
eqy.setup         CLEAN  -                  
power_estimate    CLEAN  -                  
sdf               CLEAN  -                  
signoff.setup     CLEAN  -                  
sim_post_syn_all  STALE  fx sim_post_syn_all
sta               CLEAN  -                  
syn               CLEAN  -                  
syn.setup         CLEAN  -                  
tb.setup          CLEAN  -                  

RTL lint  Slang → Verilator
Tool       Status  Errors  Warnings  Latch  Width  Unused
slang      PASS         0         1      0      0       0
verilator  PASS         0       155      0      0      31

CDC / RDC  post-lint structural analysis
Status       FAIL                                            
Domains      clocks=1 · resets=5 · sequential=85             
CDC          raw=0 · safe=0 · review=0 · warn=0 · error=0    
RDC          raw=2384 · safe=1 · review=1 · warn=0 · error=79
Obligations  1                                               
Report       analysis/cdc_rdc/cdc_rdc.rpt                    

Functional verification
Status           PASS              
Generated tests  10                
sv logs          10                
cocotb logs      10                
Coverage all     6599/15764  41.86%
Coverage design  2694/4201  64.13% 

Formal verification
Suite       Stage  Status  Time  Traces
csr         bmc    PASS      3s       0
csr         prove  PASS      0s       0
csr         cover  PASS      0s       6
properties  bmc    PASS      5s       0
properties  prove  PASS      0s       0
properties  cover  PASS      0s       4

Synthesis
Strategy         delay1                            
Netlist          syn/ihp-sg13g2/uart_master_synth.v
Cells            2574                              
Area             42151.2714                        
Sequential area  24494.4                           
Errors           0                                 
Warnings         1                                 

Pre-implementation sign-off
SDF                    PASS · corners=3               
STA                    PASS · ideal clock · none      
Gate-level simulation  50/50  PASS · interconnect none
Power estimate         PASS                           
Activity power         30/30  PASS                    
Timing / power fusion  30/30  PASS                    
STA QoR
Corner  Mode   Status   WNS (ns)   TNS (ns)  Viol  Unconstr
ss      setup  PASS    +0.000000  +0.000000     0         0
ss      hold   PASS    +0.000000  +0.000000     0         0
tt      setup  PASS    +0.000000  +0.000000     0         0
tt      hold   PASS    +0.000000  +0.000000     0         0
ff      setup  PASS    +0.000000  +0.000000     0         0
ff      hold   PASS    +0.000000  +0.000000     0         0
GLS matrix
Test               zero     unit      min      typ      max  
auto_toggle       PASS sv  PASS sv  PASS sv  PASS sv  PASS sv
corners           PASS sv  PASS sv  PASS sv  PASS sv  PASS sv
host_alignment    PASS sv  PASS sv  PASS sv  PASS sv  PASS sv
host_byte_enable  PASS sv  PASS sv  PASS sv  PASS sv  PASS sv
host_read         PASS sv  PASS sv  PASS sv  PASS sv  PASS sv
host_write        PASS sv  PASS sv  PASS sv  PASS sv  PASS sv
random_seed_1     PASS sv  PASS sv  PASS sv  PASS sv  PASS sv
random_seed_2     PASS sv  PASS sv  PASS sv  PASS sv  PASS sv
reconfig          PASS sv  PASS sv  PASS sv  PASS sv  PASS sv
smoke             PASS sv  PASS sv  PASS sv  PASS sv  PASS sv
Power estimate
Corner  Internal (mW)  Switching (mW)  Leakage (µW)  Total (mW)
ss             +4.950          +0.885        +3.310      +5.840
tt             +6.120          +1.180        +1.400      +7.300
ff             +7.490          +1.560        +4.450      +9.050
Activity power workloads
Workload                Test              Backend  Timing  Status
auto_toggle_sv_ff       auto_toggle         sv      min    PASS  
corners_sv_ff           corners             sv      min    PASS  
host_alignment_sv_ff    host_alignment      sv      min    PASS  
host_byte_enable_sv_ff  host_byte_enable    sv      min    PASS  
host_read_sv_ff         host_read           sv      min    PASS  
host_write_sv_ff        host_write          sv      min    PASS  
random_seed_1_sv_ff     random_seed_1       sv      min    PASS  
random_seed_2_sv_ff     random_seed_2       sv      min    PASS  
reconfig_sv_ff          reconfig            sv      min    PASS  
smoke_sv_ff             smoke               sv      min    PASS  
auto_toggle_sv_tt       auto_toggle         sv      typ    PASS  
corners_sv_tt           corners             sv      typ    PASS  
host_alignment_sv_tt    host_alignment      sv      typ    PASS  
host_byte_enable_sv_tt  host_byte_enable    sv      typ    PASS  
host_read_sv_tt         host_read           sv      typ    PASS  
host_write_sv_tt        host_write          sv      typ    PASS  
random_seed_1_sv_tt     random_seed_1       sv      typ    PASS  
random_seed_2_sv_tt     random_seed_2       sv      typ    PASS  
reconfig_sv_tt          reconfig            sv      typ    PASS  
smoke_sv_tt             smoke               sv      typ    PASS  
auto_toggle_sv_ss       auto_toggle         sv      max    PASS  
corners_sv_ss           corners             sv      max    PASS  
host_alignment_sv_ss    host_alignment      sv      max    PASS  
host_byte_enable_sv_ss  host_byte_enable    sv      max    PASS  
host_read_sv_ss         host_read           sv      max    PASS  
host_write_sv_ss        host_write          sv      max    PASS  
random_seed_1_sv_ss     random_seed_1       sv      max    PASS  
random_seed_2_sv_ss     random_seed_2       sv      max    PASS  
reconfig_sv_ss          reconfig            sv      max    PASS  
smoke_sv_ss             smoke               sv      max    PASS  
Timing / power fusion workloads
Workload                Test              Backend  Timing  Status
auto_toggle_sv_ff       auto_toggle         sv      min    PASS  
corners_sv_ff           corners             sv      min    PASS  
host_alignment_sv_ff    host_alignment      sv      min    PASS  
host_byte_enable_sv_ff  host_byte_enable    sv      min    PASS  
host_read_sv_ff         host_read           sv      min    PASS  
host_write_sv_ff        host_write          sv      min    PASS  
random_seed_1_sv_ff     random_seed_1       sv      min    PASS  
random_seed_2_sv_ff     random_seed_2       sv      min    PASS  
reconfig_sv_ff          reconfig            sv      min    PASS  
smoke_sv_ff             smoke               sv      min    PASS  
auto_toggle_sv_tt       auto_toggle         sv      typ    PASS  
corners_sv_tt           corners             sv      typ    PASS  
host_alignment_sv_tt    host_alignment      sv      typ    PASS  
host_byte_enable_sv_tt  host_byte_enable    sv      typ    PASS  
host_read_sv_tt         host_read           sv      typ    PASS  
host_write_sv_tt        host_write          sv      typ    PASS  
random_seed_1_sv_tt     random_seed_1       sv      typ    PASS  
random_seed_2_sv_tt     random_seed_2       sv      typ    PASS  
reconfig_sv_tt          reconfig            sv      typ    PASS  
smoke_sv_tt             smoke               sv      typ    PASS  
auto_toggle_sv_ss       auto_toggle         sv      max    PASS  
corners_sv_ss           corners             sv      max    PASS  
host_alignment_sv_ss    host_alignment      sv      max    PASS  
host_byte_enable_sv_ss  host_byte_enable    sv      max    PASS  
host_read_sv_ss         host_read           sv      max    PASS  
host_write_sv_ss        host_write          sv      max    PASS  
random_seed_1_sv_ss     random_seed_1       sv      max    PASS  
random_seed_2_sv_ss     random_seed_2       sv      max    PASS  
reconfig_sv_ss          reconfig            sv      max    PASS  
smoke_sv_ss             smoke               sv      max    PASS  

Detailed metrics: /home/eneadim/github/flexsoc/hw/ips/uart_master/profiles/.ip-save.uart_master.tlul.6n8wzp2a/tlul/meta/ihp-sg13g2/metrics.json
