analysis=power_analysis corner=tt stage=post_syn
workload=random_seed_2_sv_tt
gls_report=/home/eneadim/github/flexsoc/workspace/runs/uart/dev/dv/functional/sim/post_syn/ihp-sg13g2/uart_post_syn_random_seed_2_sv_tt.json
activity_file=/home/eneadim/github/flexsoc/workspace/runs/uart/dev/signoff/ihp-sg13g2/power/activity/captures/uart_ihp-sg13g2_random_seed_2_sv_tt.vcd
activity_scope=uart_tb/u_uart
liberty=/home/eneadim/github/flexsoc/.flexsoc/pdks/ihp-sg13g2/ihp-sg13g2/libs.ref/sg13g2_stdcell/lib/sg13g2_stdcell_typ_1p50V_25C.lib
netlist=/home/eneadim/github/flexsoc/workspace/runs/uart/dev/syn/ihp-sg13g2/uart_synth.v
sdc=/home/eneadim/github/flexsoc/workspace/runs/uart/dev/signoff/ihp-sg13g2/uart.sdc
spef=

=== Units ===
 time 1ns
 capacitance 1pF
 resistance 1kohm
 voltage 1v
 current 1uA
 power 1pW
 distance 1um

=== Constraint validation ===

=== Activity annotation ===
annotated_percent=100.00%
Unannotated pins: none

=== Power summary ===
Group                  Internal  Switching    Leakage      Total
                          Power      Power      Power      Power (Watts)
----------------------------------------------------------------
Sequential             2.96e-03   2.55e-06   4.78e-07   2.96e-03  99.6%
Combinational          5.32e-06   4.80e-06   4.51e-07   1.06e-05   0.4%
Clock                  0.00e+00   0.00e+00   0.00e+00   0.00e+00   0.0%
Macro                  0.00e+00   0.00e+00   0.00e+00   0.00e+00   0.0%
Pad                    0.00e+00   0.00e+00   0.00e+00   0.00e+00   0.0%
----------------------------------------------------------------
Total                  2.97e-03   7.35e-06   9.29e-07   2.97e-03 100.0%
                          99.7%       0.2%       0.0%

=== Highest-power instances ===
   Internal  Switching    Leakage      Total
      Power      Power      Power      Power (Watts)
--------------------------------------------
   1.17e-05   9.70e-07   1.54e-09   1.27e-05 _2868_
   1.17e-05   4.32e-07   1.54e-09   1.21e-05 _2867_
   1.04e-05   2.78e-07   1.54e-09   1.07e-05 _2808_
   1.04e-05   1.81e-07   1.54e-09   1.06e-05 _2803_
   1.05e-05   2.19e-09   1.52e-09   1.05e-05 _2877_
   9.91e-06   1.34e-07   1.54e-09   1.00e-05 _2809_
   9.91e-06   1.01e-07   1.54e-09   1.00e-05 _2804_
   9.87e-06   5.33e-09   1.56e-09   9.87e-06 _2852_
   9.87e-06   4.20e-09   1.56e-09   9.87e-06 _2862_
   9.87e-06   3.55e-09   1.56e-09   9.87e-06 _2864_
   9.87e-06   4.16e-09   1.56e-09   9.87e-06 _2866_
   9.86e-06   3.20e-09   1.56e-09   9.87e-06 _2860_
   9.86e-06   2.03e-09   1.56e-09   9.87e-06 _2853_
   9.85e-06   1.07e-09   1.56e-09   9.86e-06 _2858_
   9.85e-06   9.60e-10   1.56e-09   9.86e-06 _2856_
   9.85e-06   7.84e-10   1.56e-09   9.85e-06 _2857_
   9.84e-06   5.27e-10   1.56e-09   9.84e-06 _3103_
   9.84e-06   5.27e-10   1.56e-09   9.84e-06 _3113_
   9.84e-06   5.16e-10   1.56e-09   9.84e-06 _3121_
   9.84e-06   3.91e-10   1.56e-09   9.84e-06 _3110_

=== FlexSoC normalized power fields ===
dynamic_power_definition=internal_power+switching_power
power_unit=OpenSTA report unit; see Units section
internal_power=0.00297
switching_power=7.35e-06
dynamic_power=0.00297735
leakage_power=9.29e-07
total_power=0.00297
