analysis=power_analysis corner=tt stage=post_syn
workload=random_seed_1_sv_tt
gls_report=/tmp/flexsoc-repack/gpio/runs/gpio/dev/dv/functional/sim/post_syn/ihp-sg13g2/gpio_post_syn_random_seed_1_sv_tt.json
activity_file=/tmp/flexsoc-repack/gpio/runs/gpio/dev/signoff/ihp-sg13g2/power/activity/captures/gpio_ihp-sg13g2_random_seed_1_sv_tt.vcd
activity_scope=gpio_tb/u_gpio
liberty=/home/eneadim/github/flexsoc/.flexsoc/pdks/ihp-sg13g2/ihp-sg13g2/libs.ref/sg13g2_stdcell/lib/sg13g2_stdcell_typ_1p50V_25C.lib
netlist=/tmp/flexsoc-repack/gpio/runs/gpio/dev/syn/ihp-sg13g2/gpio_synth.v
sdc=/tmp/flexsoc-repack/gpio/runs/gpio/dev/constraints/gpio.sdc
spef=

=== Units ===
 time 1ns
 capacitance 1pF
 resistance 1kohm
 voltage 1v
 current 1uA
 power 1pW
 distance 1um

=== Constraint validation ===

=== Activity annotation ===
annotated_percent=100.00%
Unannotated pins: none

=== Power summary ===
Group                  Internal  Switching    Leakage      Total
                          Power      Power      Power      Power (Watts)
----------------------------------------------------------------
Sequential             8.77e-04   7.70e-06   1.47e-07   8.85e-04  97.1%
Combinational          1.25e-05   1.40e-05   1.28e-07   2.66e-05   2.9%
Clock                  0.00e+00   0.00e+00   0.00e+00   0.00e+00   0.0%
Macro                  0.00e+00   0.00e+00   0.00e+00   0.00e+00   0.0%
Pad                    0.00e+00   0.00e+00   0.00e+00   0.00e+00   0.0%
----------------------------------------------------------------
Total                  8.89e-04   2.17e-05   2.74e-07   9.11e-04 100.0%
                          97.6%       2.4%       0.0%

=== FlexSoC normalized power fields ===
dynamic_power_definition=internal_power+switching_power
power_unit=OpenSTA report unit; see Units section
internal_power=0.000889
switching_power=2.17e-05
dynamic_power=0.0009107000000000001
leakage_power=2.74e-07
total_power=0.000911
