analysis=power_analysis corner=tt stage=post_syn
workload=auto_toggle_sv_tt
gls_report=/home/eneadim/github/flexsoc/workspace/runs/uart/dev/dv/functional/sim/post_syn/sky130/uart_post_syn_auto_toggle_sv_tt.json
activity_file=/home/eneadim/github/flexsoc/workspace/runs/uart/dev/signoff/sky130/power/activity/captures/uart_sky130_auto_toggle_sv_tt.vcd
activity_scope=uart_tb/u_uart
liberty=/home/eneadim/github/flexsoc/.flexsoc/pdks/ciel/sky130/versions/f6eeac7dad085ffcc829ccfd721f7b4ce39edcf7/sky130A/libs.ref/sky130_fd_sc_hd/lib/sky130_fd_sc_hd__tt_100C_1v80.lib
netlist=/home/eneadim/github/flexsoc/workspace/runs/uart/dev/syn/sky130/uart_synth.v
sdc=/home/eneadim/github/flexsoc/workspace/runs/uart/dev/signoff/sky130/uart.sdc
spef=

=== Units ===
 time 1ns
 capacitance 1pF
 resistance 1kohm
 voltage 1v
 current 1mA
 power 1nW
 distance 1um

=== Constraint validation ===

=== Activity annotation ===
annotated_percent=100.00%
Unannotated pins: none

=== Power summary ===
Group                  Internal  Switching    Leakage      Total
                          Power      Power      Power      Power (Watts)
----------------------------------------------------------------
Sequential             1.55e-03   1.86e-06   1.19e-06   1.55e-03  99.0%
Combinational          6.36e-06   9.46e-06   5.21e-07   1.63e-05   1.0%
Clock                  0.00e+00   0.00e+00   0.00e+00   0.00e+00   0.0%
Macro                  0.00e+00   0.00e+00   0.00e+00   0.00e+00   0.0%
Pad                    0.00e+00   0.00e+00   0.00e+00   0.00e+00   0.0%
----------------------------------------------------------------
Total                  1.55e-03   1.13e-05   1.71e-06   1.57e-03 100.0%
                          99.2%       0.7%       0.1%

=== Highest-power instances ===
   Internal  Switching    Leakage      Total
      Power      Power      Power      Power (Watts)
--------------------------------------------
   4.67e-06   5.82e-10   3.18e-09   4.67e-06 _2109_
   4.67e-06   5.82e-10   3.18e-09   4.67e-06 _2108_
   4.67e-06   5.82e-10   3.18e-09   4.67e-06 _2107_
   4.67e-06   5.82e-10   3.18e-09   4.67e-06 _2008_
   4.67e-06   5.82e-10   3.18e-09   4.67e-06 _2106_
   4.67e-06   5.82e-10   3.18e-09   4.67e-06 _2105_
   4.67e-06   5.82e-10   3.18e-09   4.67e-06 _2104_
   4.67e-06   5.82e-10   3.18e-09   4.67e-06 _2103_
   4.67e-06   5.82e-10   3.18e-09   4.67e-06 _2166_
   4.67e-06   5.82e-10   3.18e-09   4.67e-06 _2167_
   4.67e-06   5.82e-10   3.18e-09   4.67e-06 _2169_
   4.67e-06   5.82e-10   3.18e-09   4.67e-06 _2170_
   4.67e-06   5.82e-10   3.18e-09   4.67e-06 _2171_
   4.67e-06   5.82e-10   3.18e-09   4.67e-06 _1998_
   4.67e-06   5.82e-10   3.18e-09   4.67e-06 _2172_
   4.67e-06   5.88e-10   2.82e-09   4.67e-06 _2161_
   4.67e-06   4.30e-10   3.18e-09   4.67e-06 _2168_
   4.67e-06   4.27e-10   2.82e-09   4.67e-06 _2162_
   4.67e-06   4.27e-10   2.82e-09   4.67e-06 _2160_
   4.67e-06   4.27e-10   2.82e-09   4.67e-06 _2165_

=== FlexSoC normalized power fields ===
dynamic_power_definition=internal_power+switching_power
power_unit=OpenSTA report unit; see Units section
internal_power=0.00155
switching_power=1.13e-05
dynamic_power=0.0015612999999999998
leakage_power=1.71e-06
total_power=0.00157
