%Warning-PINCONNECTEMPTY: /home/eneadim/github/flexsoc/vendor/lowrisc_ip/ip/tlul/rtl/tlul_data_integ_dec.sv:20:6: Instance pin connected by name with empty reference: 'data_o'
   20 |     .data_o(),
      |      ^~~~~~
                          ... For warning description see https://verilator.org/warn/PINCONNECTEMPTY?v=5.050
                          ... Use "/* verilator lint_off PINCONNECTEMPTY */" and lint_on around source to disable this message.
%Warning-PINCONNECTEMPTY: /home/eneadim/github/flexsoc/vendor/lowrisc_ip/ip/tlul/rtl/tlul_data_integ_dec.sv:21:6: Instance pin connected by name with empty reference: 'syndrome_o'
   21 |     .syndrome_o(),
      |      ^~~~~~~~~~
%Warning-PINCONNECTEMPTY: /home/eneadim/github/flexsoc/vendor/lowrisc_ip/ip/tlul/rtl/tlul_cmd_intg_chk.sv:26:6: Instance pin connected by name with empty reference: 'data_o'
   26 |     .data_o(),
      |      ^~~~~~
%Warning-PINCONNECTEMPTY: /home/eneadim/github/flexsoc/vendor/lowrisc_ip/ip/tlul/rtl/tlul_cmd_intg_chk.sv:27:6: Instance pin connected by name with empty reference: 'syndrome_o'
   27 |     .syndrome_o(),
      |      ^~~~~~~~~~
%Warning-PINCONNECTEMPTY: /tmp/flexsoc-ip-v1-release-20260914/gpio-tlul/runs/gpio/release/rtl/gpio_reg_core.sv:132:6: Instance pin connected by name with empty reference: 'qe'
  132 |     .qe     (),
      |      ^~
%Warning-PINCONNECTEMPTY: /tmp/flexsoc-ip-v1-release-20260914/gpio-tlul/runs/gpio/release/rtl/gpio_reg_core.sv:133:6: Instance pin connected by name with empty reference: 'q'
  133 |     .q      (),
      |      ^
%Warning-PINCONNECTEMPTY: /tmp/flexsoc-ip-v1-release-20260914/gpio-tlul/runs/gpio/release/rtl/gpio_reg_core.sv:134:6: Instance pin connected by name with empty reference: 'ds'
  134 |     .ds     (),
      |      ^~
%Warning-PINCONNECTEMPTY: /tmp/flexsoc-ip-v1-release-20260914/gpio-tlul/runs/gpio/release/rtl/gpio_reg_core.sv:153:6: Instance pin connected by name with empty reference: 'qre'
  153 |     .qre    (),
      |      ^~~
%Warning-PINCONNECTEMPTY: /tmp/flexsoc-ip-v1-release-20260914/gpio-tlul/runs/gpio/release/rtl/gpio_reg_core.sv:156:6: Instance pin connected by name with empty reference: 'ds'
  156 |     .ds     (),
      |      ^~
%Warning-PINCONNECTEMPTY: /tmp/flexsoc-ip-v1-release-20260914/gpio-tlul/runs/gpio/release/rtl/gpio_reg_core.sv:169:6: Instance pin connected by name with empty reference: 'qre'
  169 |     .qre    (),
      |      ^~~
%Warning-PINCONNECTEMPTY: /tmp/flexsoc-ip-v1-release-20260914/gpio-tlul/runs/gpio/release/rtl/gpio_reg_core.sv:172:6: Instance pin connected by name with empty reference: 'ds'
  172 |     .ds     (),
      |      ^~
%Warning-PINCONNECTEMPTY: /tmp/flexsoc-ip-v1-release-20260914/gpio-tlul/runs/gpio/release/rtl/gpio_reg_core.sv:198:6: Instance pin connected by name with empty reference: 'qe'
  198 |     .qe     (),
      |      ^~
%Warning-PINCONNECTEMPTY: /tmp/flexsoc-ip-v1-release-20260914/gpio-tlul/runs/gpio/release/rtl/gpio_reg_core.sv:200:6: Instance pin connected by name with empty reference: 'ds'
  200 |     .ds     (),
      |      ^~
%Warning-PINCONNECTEMPTY: /tmp/flexsoc-ip-v1-release-20260914/gpio-tlul/runs/gpio/release/rtl/gpio_reg_core.sv:225:6: Instance pin connected by name with empty reference: 'qe'
  225 |     .qe     (),
      |      ^~
%Warning-PINCONNECTEMPTY: /tmp/flexsoc-ip-v1-release-20260914/gpio-tlul/runs/gpio/release/rtl/gpio_reg_core.sv:227:6: Instance pin connected by name with empty reference: 'ds'
  227 |     .ds     (),
      |      ^~
%Warning-PINCONNECTEMPTY: /tmp/flexsoc-ip-v1-release-20260914/gpio-tlul/runs/gpio/release/rtl/gpio_reg_core.sv:252:6: Instance pin connected by name with empty reference: 'qe'
  252 |     .qe     (),
      |      ^~
%Warning-PINCONNECTEMPTY: /tmp/flexsoc-ip-v1-release-20260914/gpio-tlul/runs/gpio/release/rtl/gpio_reg_core.sv:254:6: Instance pin connected by name with empty reference: 'ds'
  254 |     .ds     (),
      |      ^~
%Warning-PINCONNECTEMPTY: /tmp/flexsoc-ip-v1-release-20260914/gpio-tlul/runs/gpio/release/rtl/gpio_reg_core.sv:279:6: Instance pin connected by name with empty reference: 'qe'
  279 |     .qe     (),
      |      ^~
%Warning-PINCONNECTEMPTY: /tmp/flexsoc-ip-v1-release-20260914/gpio-tlul/runs/gpio/release/rtl/gpio_reg_core.sv:281:6: Instance pin connected by name with empty reference: 'ds'
  281 |     .ds     (),
      |      ^~
%Warning-PINCONNECTEMPTY: /tmp/flexsoc-ip-v1-release-20260914/gpio-tlul/runs/gpio/release/rtl/gpio_reg_core.sv:306:6: Instance pin connected by name with empty reference: 'qe'
  306 |     .qe     (),
      |      ^~
%Warning-PINCONNECTEMPTY: /tmp/flexsoc-ip-v1-release-20260914/gpio-tlul/runs/gpio/release/rtl/gpio_reg_core.sv:308:6: Instance pin connected by name with empty reference: 'ds'
  308 |     .ds     (),
      |      ^~
%Warning-PINCONNECTEMPTY: /tmp/flexsoc-ip-v1-release-20260914/gpio-tlul/runs/gpio/release/rtl/gpio_reg_top.sv:40:6: Instance pin connected by name with empty reference: 'intg_error_o'
   40 |     .intg_error_o (),
      |      ^~~~~~~~~~~~
%Warning-PINMISSING: /tmp/flexsoc-ip-v1-release-20260914/gpio-tlul/runs/gpio/release/rtl/gpio_reg_top.sv:51:17: Instance has missing pin: 'intg_err_o'
   51 |   gpio_reg_core u_reg_core (
      |                 ^~~~~~~~~~
                     /tmp/flexsoc-ip-v1-release-20260914/gpio-tlul/runs/gpio/release/rtl/gpio_reg_core.sv:21:16: ... Location of port declaration
   21 |   output logic intg_err_o
      |                ^~~~~~~~~~
                     ... For warning description see https://verilator.org/warn/PINMISSING?v=5.050
                     ... Use "/* verilator lint_off PINMISSING */" and lint_on around source to disable this message.
%Warning-VARHIDDEN: /tmp/flexsoc-ip-v1-release-20260914/gpio-tlul/runs/gpio/release/rtl/gpio_reg_core.sv:26:18: Declaration of signal hides declaration in upper scope: 'AW'
   26 |   localparam int AW = 4;
      |                  ^~
                    /tmp/flexsoc-ip-v1-release-20260914/gpio-tlul/runs/gpio/release/rtl/gpio_reg_pkg.sv:96:17: ... Location of original declaration
   96 |   parameter int AW = BlockAw;
      |                 ^~
                    ... For warning description see https://verilator.org/warn/VARHIDDEN?v=5.050
                    ... Use "/* verilator lint_off VARHIDDEN */" and lint_on around source to disable this message.
%Warning-VARHIDDEN: /tmp/flexsoc-ip-v1-release-20260914/gpio-tlul/runs/gpio/release/rtl/gpio_reg_core.sv:27:18: Declaration of signal hides declaration in upper scope: 'DW'
   27 |   localparam int DW = 32;
      |                  ^~
                    /tmp/flexsoc-ip-v1-release-20260914/gpio-tlul/runs/gpio/release/rtl/gpio_reg_pkg.sv:97:17: ... Location of original declaration
   97 |   parameter int DW = 32;
      |                 ^~
%Warning-VARHIDDEN: /tmp/flexsoc-ip-v1-release-20260914/gpio-tlul/runs/gpio/release/rtl/gpio_reg_core.sv:28:18: Declaration of signal hides declaration in upper scope: 'DBW'
   28 |   localparam int DBW = DW/8;                     
      |                  ^~~
                    /tmp/flexsoc-ip-v1-release-20260914/gpio-tlul/runs/gpio/release/rtl/gpio_reg_pkg.sv:98:17: ... Location of original declaration
   98 |   parameter int DBW = DW / 8;
      |                 ^~~
%Warning-UNUSEDPARAM: /home/eneadim/github/flexsoc/hw/ips/pkgs/top_pkg.sv:13:16: Parameter is not used: 'TL_AUW'
                                                                               : ... note: In instance 'gpio'
   13 | localparam int TL_AUW=21;    
      |                ^~~~~~
                      ... For warning description see https://verilator.org/warn/UNUSEDPARAM?v=5.050
                      ... Use "/* verilator lint_off UNUSEDPARAM */" and lint_on around source to disable this message.
%Warning-UNUSEDPARAM: /home/eneadim/github/flexsoc/hw/ips/pkgs/top_pkg.sv:14:16: Parameter is not used: 'TL_DUW'
                                                                               : ... note: In instance 'gpio'
   14 | localparam int TL_DUW=14;    
      |                ^~~~~~
%Warning-UNUSEDPARAM: /home/eneadim/github/flexsoc/hw/ips/pkgs/top_pkg.sv:21:16: Parameter is not used: 'SecVolatileRawUnlockEn'
                                                                               : ... note: In instance 'gpio'
   21 | localparam int SecVolatileRawUnlockEn = 0;
      |                ^~~~~~~~~~~~~~~~~~~~~~
%Warning-UNUSEDPARAM: /home/eneadim/github/flexsoc/hw/ips/pkgs/prim_secded_pkg.sv:81:25: Parameter is not used: 'Secded2216ZeroEcc'
                                                                                       : ... note: In instance 'gpio'
   81 |   parameter logic [5:0] Secded2216ZeroEcc = 6'h0;
      |                         ^~~~~~~~~~~~~~~~~
%Warning-UNUSEDPARAM: /home/eneadim/github/flexsoc/hw/ips/pkgs/prim_secded_pkg.sv:82:26: Parameter is not used: 'Secded2216ZeroWord'
                                                                                       : ... note: In instance 'gpio'
   82 |   parameter logic [21:0] Secded2216ZeroWord = 22'h0;
      |                          ^~~~~~~~~~~~~~~~~~
%Warning-UNUSEDPARAM: /home/eneadim/github/flexsoc/hw/ips/pkgs/prim_secded_pkg.sv:90:25: Parameter is not used: 'Secded2822ZeroEcc'
                                                                                       : ... note: In instance 'gpio'
   90 |   parameter logic [5:0] Secded2822ZeroEcc = 6'h0;
      |                         ^~~~~~~~~~~~~~~~~
%Warning-UNUSEDPARAM: /home/eneadim/github/flexsoc/hw/ips/pkgs/prim_secded_pkg.sv:91:26: Parameter is not used: 'Secded2822ZeroWord'
                                                                                       : ... note: In instance 'gpio'
   91 |   parameter logic [27:0] Secded2822ZeroWord = 28'h0;
      |                          ^~~~~~~~~~~~~~~~~~
%Warning-UNUSEDPARAM: /home/eneadim/github/flexsoc/hw/ips/pkgs/prim_secded_pkg.sv:99:25: Parameter is not used: 'Secded3932ZeroEcc'
                                                                                       : ... note: In instance 'gpio'
   99 |   parameter logic [6:0] Secded3932ZeroEcc = 7'h0;
      |                         ^~~~~~~~~~~~~~~~~
%Warning-UNUSEDPARAM: /home/eneadim/github/flexsoc/hw/ips/pkgs/prim_secded_pkg.sv:100:26: Parameter is not used: 'Secded3932ZeroWord'
                                                                                        : ... note: In instance 'gpio'
  100 |   parameter logic [38:0] Secded3932ZeroWord = 39'h0;
      |                          ^~~~~~~~~~~~~~~~~~
%Warning-UNUSEDPARAM: /home/eneadim/github/flexsoc/hw/ips/pkgs/prim_secded_pkg.sv:108:25: Parameter is not used: 'Secded6457ZeroEcc'
                                                                                        : ... note: In instance 'gpio'
  108 |   parameter logic [6:0] Secded6457ZeroEcc = 7'h0;
      |                         ^~~~~~~~~~~~~~~~~
%Warning-UNUSEDPARAM: /home/eneadim/github/flexsoc/hw/ips/pkgs/prim_secded_pkg.sv:109:26: Parameter is not used: 'Secded6457ZeroWord'
                                                                                        : ... note: In instance 'gpio'
  109 |   parameter logic [63:0] Secded6457ZeroWord = 64'h0;
      |                          ^~~~~~~~~~~~~~~~~~
%Warning-UNUSEDPARAM: /home/eneadim/github/flexsoc/hw/ips/pkgs/prim_secded_pkg.sv:117:25: Parameter is not used: 'Secded7264ZeroEcc'
                                                                                        : ... note: In instance 'gpio'
  117 |   parameter logic [7:0] Secded7264ZeroEcc = 8'h0;
      |                         ^~~~~~~~~~~~~~~~~
%Warning-UNUSEDPARAM: /home/eneadim/github/flexsoc/hw/ips/pkgs/prim_secded_pkg.sv:118:26: Parameter is not used: 'Secded7264ZeroWord'
                                                                                        : ... note: In instance 'gpio'
  118 |   parameter logic [71:0] Secded7264ZeroWord = 72'h0;
      |                          ^~~~~~~~~~~~~~~~~~
%Warning-UNUSEDPARAM: /home/eneadim/github/flexsoc/hw/ips/pkgs/prim_secded_pkg.sv:126:25: Parameter is not used: 'SecdedHamming2216ZeroEcc'
                                                                                        : ... note: In instance 'gpio'
  126 |   parameter logic [5:0] SecdedHamming2216ZeroEcc = 6'h0;
      |                         ^~~~~~~~~~~~~~~~~~~~~~~~
%Warning-UNUSEDPARAM: /home/eneadim/github/flexsoc/hw/ips/pkgs/prim_secded_pkg.sv:127:26: Parameter is not used: 'SecdedHamming2216ZeroWord'
                                                                                        : ... note: In instance 'gpio'
  127 |   parameter logic [21:0] SecdedHamming2216ZeroWord = 22'h0;
      |                          ^~~~~~~~~~~~~~~~~~~~~~~~~
%Warning-UNUSEDPARAM: /home/eneadim/github/flexsoc/hw/ips/pkgs/prim_secded_pkg.sv:135:25: Parameter is not used: 'SecdedHamming3932ZeroEcc'
                                                                                        : ... note: In instance 'gpio'
  135 |   parameter logic [6:0] SecdedHamming3932ZeroEcc = 7'h0;
      |                         ^~~~~~~~~~~~~~~~~~~~~~~~
%Warning-UNUSEDPARAM: /home/eneadim/github/flexsoc/hw/ips/pkgs/prim_secded_pkg.sv:136:26: Parameter is not used: 'SecdedHamming3932ZeroWord'
                                                                                        : ... note: In instance 'gpio'
  136 |   parameter logic [38:0] SecdedHamming3932ZeroWord = 39'h0;
      |                          ^~~~~~~~~~~~~~~~~~~~~~~~~
%Warning-UNUSEDPARAM: /home/eneadim/github/flexsoc/hw/ips/pkgs/prim_secded_pkg.sv:144:25: Parameter is not used: 'SecdedHamming7264ZeroEcc'
                                                                                        : ... note: In instance 'gpio'
  144 |   parameter logic [7:0] SecdedHamming7264ZeroEcc = 8'h0;
      |                         ^~~~~~~~~~~~~~~~~~~~~~~~
%Warning-UNUSEDPARAM: /home/eneadim/github/flexsoc/hw/ips/pkgs/prim_secded_pkg.sv:145:26: Parameter is not used: 'SecdedHamming7264ZeroWord'
                                                                                        : ... note: In instance 'gpio'
  145 |   parameter logic [71:0] SecdedHamming7264ZeroWord = 72'h0;
      |                          ^~~~~~~~~~~~~~~~~~~~~~~~~
%Warning-UNUSEDPARAM: /home/eneadim/github/flexsoc/hw/ips/pkgs/prim_secded_pkg.sv:153:25: Parameter is not used: 'SecdedHamming7668ZeroEcc'
                                                                                        : ... note: In instance 'gpio'
  153 |   parameter logic [7:0] SecdedHamming7668ZeroEcc = 8'h0;
      |                         ^~~~~~~~~~~~~~~~~~~~~~~~
%Warning-UNUSEDPARAM: /home/eneadim/github/flexsoc/hw/ips/pkgs/prim_secded_pkg.sv:154:26: Parameter is not used: 'SecdedHamming7668ZeroWord'
                                                                                        : ... note: In instance 'gpio'
  154 |   parameter logic [75:0] SecdedHamming7668ZeroWord = 76'h0;
      |                          ^~~~~~~~~~~~~~~~~~~~~~~~~
%Warning-UNUSEDPARAM: /home/eneadim/github/flexsoc/hw/ips/pkgs/prim_secded_pkg.sv:162:25: Parameter is not used: 'SecdedInv2216ZeroEcc'
                                                                                        : ... note: In instance 'gpio'
  162 |   parameter logic [5:0] SecdedInv2216ZeroEcc = 6'h2A;
      |                         ^~~~~~~~~~~~~~~~~~~~
%Warning-UNUSEDPARAM: /home/eneadim/github/flexsoc/hw/ips/pkgs/prim_secded_pkg.sv:163:26: Parameter is not used: 'SecdedInv2216ZeroWord'
                                                                                        : ... note: In instance 'gpio'
  163 |   parameter logic [21:0] SecdedInv2216ZeroWord = 22'h2A0000;
      |                          ^~~~~~~~~~~~~~~~~~~~~
%Warning-UNUSEDPARAM: /home/eneadim/github/flexsoc/hw/ips/pkgs/prim_secded_pkg.sv:171:25: Parameter is not used: 'SecdedInv2822ZeroEcc'
                                                                                        : ... note: In instance 'gpio'
  171 |   parameter logic [5:0] SecdedInv2822ZeroEcc = 6'h2A;
      |                         ^~~~~~~~~~~~~~~~~~~~
%Warning-UNUSEDPARAM: /home/eneadim/github/flexsoc/hw/ips/pkgs/prim_secded_pkg.sv:172:26: Parameter is not used: 'SecdedInv2822ZeroWord'
                                                                                        : ... note: In instance 'gpio'
  172 |   parameter logic [27:0] SecdedInv2822ZeroWord = 28'hA800000;
      |                          ^~~~~~~~~~~~~~~~~~~~~
%Warning-UNUSEDPARAM: /home/eneadim/github/flexsoc/hw/ips/pkgs/prim_secded_pkg.sv:180:25: Parameter is not used: 'SecdedInv3932ZeroEcc'
                                                                                        : ... note: In instance 'gpio'
  180 |   parameter logic [6:0] SecdedInv3932ZeroEcc = 7'h2A;
      |                         ^~~~~~~~~~~~~~~~~~~~
%Warning-UNUSEDPARAM: /home/eneadim/github/flexsoc/hw/ips/pkgs/prim_secded_pkg.sv:181:26: Parameter is not used: 'SecdedInv3932ZeroWord'
                                                                                        : ... note: In instance 'gpio'
  181 |   parameter logic [38:0] SecdedInv3932ZeroWord = 39'h2A00000000;
      |                          ^~~~~~~~~~~~~~~~~~~~~
%Warning-UNUSEDPARAM: /home/eneadim/github/flexsoc/hw/ips/pkgs/prim_secded_pkg.sv:189:25: Parameter is not used: 'SecdedInv6457ZeroEcc'
                                                                                        : ... note: In instance 'gpio'
  189 |   parameter logic [6:0] SecdedInv6457ZeroEcc = 7'h2A;
      |                         ^~~~~~~~~~~~~~~~~~~~
%Warning-UNUSEDPARAM: /home/eneadim/github/flexsoc/hw/ips/pkgs/prim_secded_pkg.sv:190:26: Parameter is not used: 'SecdedInv6457ZeroWord'
                                                                                        : ... note: In instance 'gpio'
  190 |   parameter logic [63:0] SecdedInv6457ZeroWord = 64'h5400000000000000;
      |                          ^~~~~~~~~~~~~~~~~~~~~
%Warning-UNUSEDPARAM: /home/eneadim/github/flexsoc/hw/ips/pkgs/prim_secded_pkg.sv:198:25: Parameter is not used: 'SecdedInv7264ZeroEcc'
                                                                                        : ... note: In instance 'gpio'
  198 |   parameter logic [7:0] SecdedInv7264ZeroEcc = 8'hAA;
      |                         ^~~~~~~~~~~~~~~~~~~~
%Warning-UNUSEDPARAM: /home/eneadim/github/flexsoc/hw/ips/pkgs/prim_secded_pkg.sv:199:26: Parameter is not used: 'SecdedInv7264ZeroWord'
                                                                                        : ... note: In instance 'gpio'
  199 |   parameter logic [71:0] SecdedInv7264ZeroWord = 72'hAA0000000000000000;
      |                          ^~~~~~~~~~~~~~~~~~~~~
%Warning-UNUSEDPARAM: /home/eneadim/github/flexsoc/hw/ips/pkgs/prim_secded_pkg.sv:207:25: Parameter is not used: 'SecdedInvHamming2216ZeroEcc'
                                                                                        : ... note: In instance 'gpio'
  207 |   parameter logic [5:0] SecdedInvHamming2216ZeroEcc = 6'h2A;
      |                         ^~~~~~~~~~~~~~~~~~~~~~~~~~~
%Warning-UNUSEDPARAM: /home/eneadim/github/flexsoc/hw/ips/pkgs/prim_secded_pkg.sv:208:26: Parameter is not used: 'SecdedInvHamming2216ZeroWord'
                                                                                        : ... note: In instance 'gpio'
  208 |   parameter logic [21:0] SecdedInvHamming2216ZeroWord = 22'h2A0000;
      |                          ^~~~~~~~~~~~~~~~~~~~~~~~~~~~
%Warning-UNUSEDPARAM: /home/eneadim/github/flexsoc/hw/ips/pkgs/prim_secded_pkg.sv:216:25: Parameter is not used: 'SecdedInvHamming3932ZeroEcc'
                                                                                        : ... note: In instance 'gpio'
  216 |   parameter logic [6:0] SecdedInvHamming3932ZeroEcc = 7'h2A;
      |                         ^~~~~~~~~~~~~~~~~~~~~~~~~~~
%Warning-UNUSEDPARAM: /home/eneadim/github/flexsoc/hw/ips/pkgs/prim_secded_pkg.sv:217:26: Parameter is not used: 'SecdedInvHamming3932ZeroWord'
                                                                                        : ... note: In instance 'gpio'
  217 |   parameter logic [38:0] SecdedInvHamming3932ZeroWord = 39'h2A00000000;
      |                          ^~~~~~~~~~~~~~~~~~~~~~~~~~~~
%Warning-UNUSEDPARAM: /home/eneadim/github/flexsoc/hw/ips/pkgs/prim_secded_pkg.sv:225:25: Parameter is not used: 'SecdedInvHamming7264ZeroEcc'
                                                                                        : ... note: In instance 'gpio'
  225 |   parameter logic [7:0] SecdedInvHamming7264ZeroEcc = 8'hAA;
      |                         ^~~~~~~~~~~~~~~~~~~~~~~~~~~
%Warning-UNUSEDPARAM: /home/eneadim/github/flexsoc/hw/ips/pkgs/prim_secded_pkg.sv:226:26: Parameter is not used: 'SecdedInvHamming7264ZeroWord'
                                                                                        : ... note: In instance 'gpio'
  226 |   parameter logic [71:0] SecdedInvHamming7264ZeroWord = 72'hAA0000000000000000;
      |                          ^~~~~~~~~~~~~~~~~~~~~~~~~~~~
%Warning-UNUSEDPARAM: /home/eneadim/github/flexsoc/hw/ips/pkgs/prim_secded_pkg.sv:234:25: Parameter is not used: 'SecdedInvHamming7668ZeroEcc'
                                                                                        : ... note: In instance 'gpio'
  234 |   parameter logic [7:0] SecdedInvHamming7668ZeroEcc = 8'hAA;
      |                         ^~~~~~~~~~~~~~~~~~~~~~~~~~~
%Warning-UNUSEDPARAM: /home/eneadim/github/flexsoc/hw/ips/pkgs/prim_secded_pkg.sv:235:26: Parameter is not used: 'SecdedInvHamming7668ZeroWord'
                                                                                        : ... note: In instance 'gpio'
  235 |   parameter logic [75:0] SecdedInvHamming7668ZeroWord = 76'hAA00000000000000000;
      |                          ^~~~~~~~~~~~~~~~~~~~~~~~~~~~
%Warning-UNUSEDSIGNAL: /home/eneadim/github/flexsoc/hw/ips/prim/prim_ff_2sync.sv:11:21: Signal is not driven, nor used: 'd_o'
                                                                                      : ... note: In instance 'gpio.u_core_reset_sync'
   11 |   logic [Width-1:0] d_o;
      |                     ^~~
                       ... For warning description see https://verilator.org/warn/UNUSEDSIGNAL?v=5.050
                       ... Use "/* verilator lint_off UNUSEDSIGNAL */" and lint_on around source to disable this message.
%Warning-UNUSEDSIGNAL: /home/eneadim/github/flexsoc/vendor/lowrisc_ip/ip/tlul/rtl/tlul_adapter_reg.sv:65:51: Signal is not used: 'instr_error'
                                                                                                           : ... note: In instance 'gpio.u_gpio_reg.u_flexsoc_tlul_to_reg'
   65 |   logic             error_q, error, err_internal, instr_error, intg_error;
      |                                                   ^~~~~~~~~~~
%Warning-UNUSEDSIGNAL: /home/eneadim/github/flexsoc/vendor/lowrisc_ip/ip/tlul/rtl/tlul_adapter_reg.sv:65:64: Signal is not used: 'intg_error'
                                                                                                           : ... note: In instance 'gpio.u_gpio_reg.u_flexsoc_tlul_to_reg'
   65 |   logic             error_q, error, err_internal, instr_error, intg_error;
      |                                                                ^~~~~~~~~~
%Warning-UNUSEDSIGNAL: /home/eneadim/github/flexsoc/vendor/lowrisc_ip/ip/tlul/rtl/tlul_adapter_reg.sv:68:9: Signal is not used: 'malformed_meta_err'
                                                                                                          : ... note: In instance 'gpio.u_gpio_reg.u_flexsoc_tlul_to_reg'
   68 |   logic malformed_meta_err;  
      |         ^~~~~~~~~~~~~~~~~~
%Warning-UNUSEDSIGNAL: /home/eneadim/github/flexsoc/vendor/lowrisc_ip/ip/tlul/rtl/tlul_adapter_reg.sv:69:9: Signal is not used: 'tl_err'
                                                                                                          : ... note: In instance 'gpio.u_gpio_reg.u_flexsoc_tlul_to_reg'
   69 |   logic tl_err;              
      |         ^~~~~~
%Warning-UNUSEDSIGNAL: /home/eneadim/github/flexsoc/vendor/lowrisc_ip/ip/tlul/rtl/tlul_err.sv:9:9: Signal is not used: 'clk_i'
                                                                                                 : ... note: In instance 'gpio.u_gpio_reg.u_flexsoc_tlul_to_reg.u_err'
    9 |   input clk_i,
      |         ^~~~~
%Warning-UNUSEDSIGNAL: /home/eneadim/github/flexsoc/vendor/lowrisc_ip/ip/tlul/rtl/tlul_err.sv:10:9: Signal is not used: 'rst_ni'
                                                                                                  : ... note: In instance 'gpio.u_gpio_reg.u_flexsoc_tlul_to_reg.u_err'
   10 |   input rst_ni,
      |         ^~~~~~
%Warning-UNUSEDSIGNAL: /home/eneadim/github/flexsoc/vendor/lowrisc_ip/ip/tlul/rtl/tlul_err.sv:12:18: Bits of signal are not used: 'tl_i'[104:102,99:92,55:24,0]
                                                                                                   : ... note: In instance 'gpio.u_gpio_reg.u_flexsoc_tlul_to_reg.u_err'
   12 |   input tl_h2d_t tl_i,
      |                  ^~~~
%Warning-UNUSEDPARAM: /home/eneadim/github/flexsoc/vendor/lowrisc_ip/ip/tlul/rtl/tlul_err.sv:17:18: Parameter is not used: 'IW'
                                                                                                  : ... note: In instance 'gpio.u_gpio_reg.u_flexsoc_tlul_to_reg.u_err'
   17 |   localparam int IW  = $bits(tl_i.a_source);
      |                  ^~
%Warning-UNUSEDPARAM: /home/eneadim/github/flexsoc/vendor/lowrisc_ip/ip/tlul/rtl/tlul_err.sv:18:18: Parameter is not used: 'SZW'
                                                                                                  : ... note: In instance 'gpio.u_gpio_reg.u_flexsoc_tlul_to_reg.u_err'
   18 |   localparam int SZW = $bits(tl_i.a_size);
      |                  ^~~
%Warning-UNUSEDPARAM: /tmp/flexsoc-ip-v1-release-20260914/gpio-tlul/runs/gpio/release/rtl/gpio_reg_pkg.sv:13:17: Parameter is not used: 'NumRegs'
                                                                                                               : ... note: In instance 'gpio.u_gpio_reg.u_flexsoc_tlul_to_reg.u_err'
   13 |   parameter int NumRegs = 3;
      |                 ^~~~~~~
%Warning-UNUSEDPARAM: /tmp/flexsoc-ip-v1-release-20260914/gpio-tlul/runs/gpio/release/rtl/gpio_reg_pkg.sv:80:25: Parameter is not used: 'GPIO_DIRECT_RESVAL'
                                                                                                               : ... note: In instance 'gpio.u_gpio_reg.u_flexsoc_tlul_to_reg.u_err'
   80 |   parameter logic [7:0] GPIO_DIRECT_RESVAL = 8'h 0;
      |                         ^~~~~~~~~~~~~~~~~~
%Warning-UNUSEDPARAM: /home/eneadim/github/flexsoc/hw/ips/prim_opentitan/prim_onehot_check.sv:26:26: Parameter is not used: 'AddrCheck'
                                                                                                   : ... note: In instance 'gpio.u_gpio_reg.u_reg_core.u_prim_reg_we_check.u_prim_onehot_check'
   26 |   parameter bit          AddrCheck   = 1,
      |                          ^~~~~~~~~
%Warning-UNUSEDPARAM: /home/eneadim/github/flexsoc/hw/ips/prim_opentitan/prim_onehot_check.sv:28:26: Parameter is not used: 'EnableCheck'
                                                                                                   : ... note: In instance 'gpio.u_gpio_reg.u_reg_core.u_prim_reg_we_check.u_prim_onehot_check'
   28 |   parameter bit          EnableCheck = 1,
      |                          ^~~~~~~~~~~
%Warning-UNUSEDPARAM: /home/eneadim/github/flexsoc/hw/ips/prim_opentitan/prim_onehot_check.sv:31:26: Parameter is not used: 'StrictCheck'
                                                                                                   : ... note: In instance 'gpio.u_gpio_reg.u_reg_core.u_prim_reg_we_check.u_prim_onehot_check'
   31 |   parameter bit          StrictCheck = 1,
      |                          ^~~~~~~~~~~
%Warning-UNUSEDPARAM: /home/eneadim/github/flexsoc/hw/ips/prim_opentitan/prim_onehot_check.sv:34:17: Parameter is not used: 'EnableAlertTriggerSVA'
                                                                                                   : ... note: In instance 'gpio.u_gpio_reg.u_reg_core.u_prim_reg_we_check.u_prim_onehot_check'
   34 |   parameter bit EnableAlertTriggerSVA = 1
      |                 ^~~~~~~~~~~~~~~~~~~~~
%Warning-UNUSEDSIGNAL: /home/eneadim/github/flexsoc/hw/ips/prim_opentitan/prim_onehot_check.sv:37:34: Signal is not used: 'clk_i'
                                                                                                    : ... note: In instance 'gpio.u_gpio_reg.u_reg_core.u_prim_reg_we_check.u_prim_onehot_check'
   37 |   input                          clk_i,
      |                                  ^~~~~
%Warning-UNUSEDSIGNAL: /home/eneadim/github/flexsoc/hw/ips/prim_opentitan/prim_onehot_check.sv:38:34: Signal is not used: 'rst_ni'
                                                                                                    : ... note: In instance 'gpio.u_gpio_reg.u_reg_core.u_prim_reg_we_check.u_prim_onehot_check'
   38 |   input                          rst_ni,
      |                                  ^~~~~~
%Warning-UNUSEDSIGNAL: /home/eneadim/github/flexsoc/hw/ips/prim_opentitan/prim_onehot_check.sv:42:34: Signal is not used: 'en_i'
                                                                                                    : ... note: In instance 'gpio.u_gpio_reg.u_reg_core.u_prim_reg_we_check.u_prim_onehot_check'
   42 |   input  logic                   en_i,
      |                                  ^~~~
%Warning-UNDRIVEN: /home/eneadim/github/flexsoc/hw/ips/prim_opentitan/prim_onehot_check.sv:44:34: Signal is not driven: 'err_o'
                                                                                                : ... note: In instance 'gpio.u_gpio_reg.u_reg_core.u_prim_reg_we_check.u_prim_onehot_check'
   44 |   output logic                   err_o
      |                                  ^~~~~
                   ... For warning description see https://verilator.org/warn/UNDRIVEN?v=5.050
                   ... Use "/* verilator lint_off UNDRIVEN */" and lint_on around source to disable this message.
%Warning-UNUSEDPARAM: /home/eneadim/github/flexsoc/vendor/lowrisc_ip/ip/tlul/rtl/tlul_pkg.sv:14:13: Parameter is not used: 'ArbiterImpl'
                                                                                                  : ... note: In instance 'gpio.u_gpio_reg.u_reg_core.u_intr_ctrl_en_input_filter.wr_en_data_arb'
   14 |   parameter ArbiterImpl = "PPC";
      |             ^~~~~~~~~~~
%Warning-UNUSEDPARAM: /home/eneadim/github/flexsoc/vendor/lowrisc_ip/ip/tlul/rtl/tlul_pkg.sv:29:17: Parameter is not used: 'H2DCmdFullWidth'
                                                                                                  : ... note: In instance 'gpio.u_gpio_reg.u_reg_core.u_intr_ctrl_en_input_filter.wr_en_data_arb'
   29 |   parameter int H2DCmdFullWidth = H2DCmdMaxWidth + H2DCmdIntgWidth;
      |                 ^~~~~~~~~~~~~~~
%Warning-UNUSEDPARAM: /home/eneadim/github/flexsoc/vendor/lowrisc_ip/ip/tlul/rtl/tlul_pkg.sv:32:17: Parameter is not used: 'D2HRspFullWidth'
                                                                                                  : ... note: In instance 'gpio.u_gpio_reg.u_reg_core.u_intr_ctrl_en_input_filter.wr_en_data_arb'
   32 |   parameter int D2HRspFullWidth = D2HRspMaxWidth + D2HRspIntgWidth;
      |                 ^~~~~~~~~~~~~~~
%Warning-UNUSEDPARAM: /home/eneadim/github/flexsoc/vendor/lowrisc_ip/ip/tlul/rtl/tlul_pkg.sv:35:17: Parameter is not used: 'DataFullWidth'
                                                                                                  : ... note: In instance 'gpio.u_gpio_reg.u_reg_core.u_intr_ctrl_en_input_filter.wr_en_data_arb'
   35 |   parameter int DataFullWidth   = DataMaxWidth + DataIntgWidth;
      |                 ^~~~~~~~~~~~~
%Warning-UNUSEDPARAM: /home/eneadim/github/flexsoc/vendor/lowrisc_ip/ip/tlul/rtl/tlul_pkg.sv:39:40: Parameter is not used: 'DataWhenInstrError'
                                                                                                  : ... note: In instance 'gpio.u_gpio_reg.u_reg_core.u_intr_ctrl_en_input_filter.wr_en_data_arb'
   39 |   parameter logic [top_pkg::TL_DW-1:0] DataWhenInstrError = '0;
      |                                        ^~~~~~~~~~~~~~~~~~
%Warning-UNUSEDPARAM: /home/eneadim/github/flexsoc/vendor/lowrisc_ip/ip/tlul/rtl/tlul_pkg.sv:42:40: Parameter is not used: 'DataWhenError'
                                                                                                  : ... note: In instance 'gpio.u_gpio_reg.u_reg_core.u_intr_ctrl_en_input_filter.wr_en_data_arb'
   42 |   parameter logic [top_pkg::TL_DW-1:0] DataWhenError      = {top_pkg::TL_DW{1'b1}};
      |                                        ^~~~~~~~~~~~~
%Warning-UNUSEDPARAM: /home/eneadim/github/flexsoc/vendor/lowrisc_ip/ip/tlul/rtl/tlul_pkg.sv:87:23: Parameter is not used: 'TL_H2D_DEFAULT'
                                                                                                  : ... note: In instance 'gpio.u_gpio_reg.u_reg_core.u_intr_ctrl_en_input_filter.wr_en_data_arb'
   87 |   localparam tl_h2d_t TL_H2D_DEFAULT = '{
      |                       ^~~~~~~~~~~~~~
%Warning-UNUSEDPARAM: /home/eneadim/github/flexsoc/vendor/lowrisc_ip/ip/tlul/rtl/tlul_pkg.sv:131:23: Parameter is not used: 'TL_D2H_DEFAULT'
                                                                                                   : ... note: In instance 'gpio.u_gpio_reg.u_reg_core.u_intr_ctrl_en_input_filter.wr_en_data_arb'
  131 |   localparam tl_d2h_t TL_D2H_DEFAULT = '{
      |                       ^~~~~~~~~~~~~~
- V e r i l a t i o n   R e p o r t: Verilator 5.050 2026-07-01 rev v5.050
- Verilator: Built from 5.089 MB sources in 32 modules, into 0.075 MB in 3 C++ files needing 0.000 MB
- Verilator: Walltime 0.096 s (elab=0.026, cvt=0.031, bld=0.000); cpu 0.095 s on 1 threads; allocated 43.594 MB
