analysis=power_analysis corner=ss stage=post_syn
workload=smoke_sv_ss
gls_report=/tmp/flexsoc-develop-gpio/runs/gpio/develop/dv/functional/sim/post_syn/ihp-sg13g2/gpio_post_syn_smoke_sv_ss.json
activity_file=/tmp/flexsoc-develop-gpio/runs/gpio/develop/signoff/ihp-sg13g2/power/activity/captures/gpio_ihp-sg13g2_smoke_sv_ss.vcd
activity_scope=gpio_tb/u_gpio
liberty=/home/eneadim/github/flexsoc/.flexsoc/pdks/ihp-sg13g2/ihp-sg13g2/libs.ref/sg13g2_stdcell/lib/sg13g2_stdcell_slow_1p35V_125C.lib
netlist=/tmp/flexsoc-develop-gpio/runs/gpio/develop/syn/ihp-sg13g2/gpio_synth.v
sdc=/tmp/flexsoc-develop-gpio/runs/gpio/develop/signoff/ihp-sg13g2/gpio.sdc
spef=

=== Units ===
 time 1ns
 capacitance 1pF
 resistance 1kohm
 voltage 1v
 current 1uA
 power 1pW
 distance 1um

=== Constraint validation ===

=== Activity annotation ===
annotated_percent=100.00%
Unannotated pins: none

=== Power summary ===
Group                  Internal  Switching    Leakage      Total
                          Power      Power      Power      Power (Watts)
----------------------------------------------------------------
Sequential             6.99e-04   3.01e-06   3.61e-07   7.03e-04  97.6%
Combinational          8.71e-06   7.96e-06   2.97e-07   1.70e-05   2.4%
Clock                  0.00e+00   0.00e+00   0.00e+00   0.00e+00   0.0%
Macro                  0.00e+00   0.00e+00   0.00e+00   0.00e+00   0.0%
Pad                    0.00e+00   0.00e+00   0.00e+00   0.00e+00   0.0%
----------------------------------------------------------------
Total                  7.08e-04   1.10e-05   6.58e-07   7.20e-04 100.0%
                          98.4%       1.5%       0.1%

=== FlexSoC normalized power fields ===
dynamic_power_definition=internal_power+switching_power
power_unit=OpenSTA report unit; see Units section
internal_power=0.000708
switching_power=1.1e-05
dynamic_power=0.000719
leakage_power=6.58e-07
total_power=0.00072
