analysis=power_analysis corner=ff stage=post_syn
workload=rotate_45deg_sv_ff
gls_report=/home/eneadim/github/flexsoc/workspace/runs/cordic/dev/dv/functional/sim/post_syn/ihp-sg13g2/cordic_post_syn_rotate_45deg_sv_ff.json
activity_file=/home/eneadim/github/flexsoc/workspace/runs/cordic/dev/signoff/ihp-sg13g2/power/activity/captures/cordic_ihp-sg13g2_rotate_45deg_sv_ff.vcd
activity_scope=cordic_tb/u_cordic
liberty=/home/eneadim/github/flexsoc/.flexsoc/pdks/ihp-sg13g2/ihp-sg13g2/libs.ref/sg13g2_stdcell/lib/sg13g2_stdcell_fast_1p65V_m40C.lib
netlist=/home/eneadim/github/flexsoc/workspace/runs/cordic/dev/syn/ihp-sg13g2/cordic_synth.v
sdc=/home/eneadim/github/flexsoc/workspace/runs/cordic/dev/signoff/ihp-sg13g2/cordic.sdc
spef=

=== Units ===
 time 1ns
 capacitance 1pF
 resistance 1kohm
 voltage 1v
 current 1uA
 power 1pW
 distance 1um

=== Constraint validation ===

=== Activity annotation ===
annotated_percent=100.00%
Unannotated pins: none

=== Power summary ===
Group                  Internal  Switching    Leakage      Total
                          Power      Power      Power      Power (Watts)
----------------------------------------------------------------
Sequential             2.94e-03   5.54e-06   1.35e-06   2.94e-03  96.0%
Combinational          6.08e-05   6.02e-05   2.46e-06   1.23e-04   4.0%
Clock                  0.00e+00   0.00e+00   0.00e+00   0.00e+00   0.0%
Macro                  0.00e+00   0.00e+00   0.00e+00   0.00e+00   0.0%
Pad                    0.00e+00   0.00e+00   0.00e+00   0.00e+00   0.0%
----------------------------------------------------------------
Total                  3.00e-03   6.57e-05   3.80e-06   3.07e-03 100.0%
                          97.7%       2.1%       0.1%

=== Highest-power instances ===
   Internal  Switching    Leakage      Total
      Power      Power      Power      Power (Watts)
--------------------------------------------
   9.97e-06   2.59e-06   4.59e-09   1.26e-05 _4789_
   1.15e-05   6.55e-10   4.59e-09   1.15e-05 _4770_
   1.15e-05   2.58e-09   4.59e-09   1.15e-05 _4673_
   1.15e-05   2.44e-09   4.59e-09   1.15e-05 _4612_
   1.14e-05   4.51e-08   4.61e-09   1.14e-05 _4834_
   1.14e-05   4.02e-08   4.61e-09   1.14e-05 _4813_
   1.13e-05   4.69e-08   4.61e-09   1.14e-05 _4814_
   1.14e-05   1.67e-08   4.60e-09   1.14e-05 _4841_
   1.14e-05   2.78e-08   4.60e-09   1.14e-05 _4838_
   1.14e-05   2.71e-08   4.61e-09   1.14e-05 _4836_
   1.13e-05   4.33e-08   4.61e-09   1.14e-05 _4812_
   1.14e-05   3.35e-09   4.60e-09   1.14e-05 _4896_
   1.12e-05   3.26e-08   4.61e-09   1.13e-05 _4810_
   1.12e-05   8.26e-09   4.60e-09   1.13e-05 _4716_
   1.12e-05   8.05e-09   4.61e-09   1.13e-05 _4746_
   1.12e-05   2.58e-09   4.60e-09   1.12e-05 _4885_
   1.12e-05   2.84e-09   4.60e-09   1.12e-05 _4889_
   1.12e-05   9.39e-09   4.61e-09   1.12e-05 _4744_
   1.12e-05   2.65e-09   4.60e-09   1.12e-05 _4887_
   1.12e-05   2.65e-09   4.60e-09   1.12e-05 _4892_

=== FlexSoC normalized power fields ===
dynamic_power_definition=internal_power+switching_power
power_unit=OpenSTA report unit; see Units section
internal_power=0.003
switching_power=6.57e-05
dynamic_power=0.0030657
leakage_power=3.8e-06
total_power=0.00307
