analysis=power_analysis corner=tt stage=post_syn
workload=random_seed_1_sv_tt
gls_report=/home/eneadim/github/flexsoc/workspace/runs/cordic/dev/dv/functional/sim/post_syn/ihp-sg13g2/cordic_post_syn_random_seed_1_sv_tt.json
activity_file=/home/eneadim/github/flexsoc/workspace/runs/cordic/dev/signoff/ihp-sg13g2/power/activity/captures/cordic_ihp-sg13g2_random_seed_1_sv_tt.vcd
activity_scope=cordic_tb/u_cordic
liberty=/home/eneadim/github/flexsoc/.flexsoc/pdks/ihp-sg13g2/ihp-sg13g2/libs.ref/sg13g2_stdcell/lib/sg13g2_stdcell_typ_1p50V_25C.lib
netlist=/home/eneadim/github/flexsoc/workspace/runs/cordic/dev/syn/ihp-sg13g2/cordic_synth.v
sdc=/home/eneadim/github/flexsoc/workspace/runs/cordic/dev/signoff/ihp-sg13g2/cordic.sdc
spef=

=== Units ===
 time 1ns
 capacitance 1pF
 resistance 1kohm
 voltage 1v
 current 1uA
 power 1pW
 distance 1um

=== Constraint validation ===

=== Activity annotation ===
annotated_percent=100.00%
Unannotated pins: none

=== Power summary ===
Group                  Internal  Switching    Leakage      Total
                          Power      Power      Power      Power (Watts)
----------------------------------------------------------------
Sequential             2.66e-03   4.79e-06   4.46e-07   2.66e-03  96.5%
Combinational          4.53e-05   4.94e-05   7.44e-07   9.55e-05   3.5%
Clock                  0.00e+00   0.00e+00   0.00e+00   0.00e+00   0.0%
Macro                  0.00e+00   0.00e+00   0.00e+00   0.00e+00   0.0%
Pad                    0.00e+00   0.00e+00   0.00e+00   0.00e+00   0.0%
----------------------------------------------------------------
Total                  2.70e-03   5.42e-05   1.19e-06   2.76e-03 100.0%
                          98.0%       2.0%       0.0%

=== Highest-power instances ===
   Internal  Switching    Leakage      Total
      Power      Power      Power      Power (Watts)
--------------------------------------------
   8.58e-06   1.91e-06   1.46e-09   1.05e-05 _4789_
   9.83e-06   1.86e-10   1.56e-09   9.83e-06 _4770_
   9.81e-06   7.00e-10   1.56e-09   9.82e-06 _4612_
   9.71e-06   7.87e-08   1.56e-09   9.79e-06 _4805_
   9.74e-06   4.61e-08   1.56e-09   9.79e-06 _4812_
   9.75e-06   3.75e-08   1.56e-09   9.78e-06 _4808_
   9.74e-06   4.01e-08   1.56e-09   9.78e-06 _4807_
   9.71e-06   4.80e-08   1.56e-09   9.76e-06 _4806_
   9.71e-06   2.56e-08   1.56e-09   9.74e-06 _4809_
   9.69e-06   4.68e-08   1.56e-09   9.73e-06 _4802_
   9.67e-06   6.05e-08   1.56e-09   9.73e-06 _4804_
   9.72e-06   4.78e-09   1.56e-09   9.73e-06 _4745_
   9.66e-06   5.14e-08   1.56e-09   9.72e-06 _4799_
   9.71e-06   1.15e-09   1.56e-09   9.72e-06 _4627_
   9.71e-06   4.01e-09   1.56e-09   9.71e-06 _4746_
   9.68e-06   3.42e-08   1.56e-09   9.71e-06 _4803_
   9.70e-06   4.78e-09   1.56e-09   9.71e-06 _4757_
   9.70e-06   4.78e-09   1.56e-09   9.71e-06 _4741_
   9.70e-06   5.16e-09   1.56e-09   9.71e-06 _4751_
   9.70e-06   5.16e-09   1.56e-09   9.71e-06 _4754_

=== FlexSoC normalized power fields ===
dynamic_power_definition=internal_power+switching_power
power_unit=OpenSTA report unit; see Units section
internal_power=0.0027
switching_power=5.42e-05
dynamic_power=0.0027542
leakage_power=1.19e-06
total_power=0.00276
