analysis=power_analysis corner=tt stage=post_syn
workload=rotate_45deg_sv_tt
gls_report=/home/eneadim/github/flexsoc/workspace/runs/cordic/dev/dv/functional/sim/post_syn/ihp-sg13g2/cordic_post_syn_rotate_45deg_sv_tt.json
activity_file=/home/eneadim/github/flexsoc/workspace/runs/cordic/dev/signoff/ihp-sg13g2/power/activity/captures/cordic_ihp-sg13g2_rotate_45deg_sv_tt.vcd
activity_scope=cordic_tb/u_cordic
liberty=/home/eneadim/github/flexsoc/.flexsoc/pdks/ihp-sg13g2/ihp-sg13g2/libs.ref/sg13g2_stdcell/lib/sg13g2_stdcell_typ_1p50V_25C.lib
netlist=/home/eneadim/github/flexsoc/workspace/runs/cordic/dev/syn/ihp-sg13g2/cordic_synth.v
sdc=/home/eneadim/github/flexsoc/workspace/runs/cordic/dev/signoff/ihp-sg13g2/cordic.sdc
spef=

=== Units ===
 time 1ns
 capacitance 1pF
 resistance 1kohm
 voltage 1v
 current 1uA
 power 1pW
 distance 1um

=== Constraint validation ===

=== Activity annotation ===
annotated_percent=100.00%
Unannotated pins: none

=== Power summary ===
Group                  Internal  Switching    Leakage      Total
                          Power      Power      Power      Power (Watts)
----------------------------------------------------------------
Sequential             2.51e-03   4.18e-06   4.33e-07   2.52e-03  96.7%
Combinational          4.14e-05   4.38e-05   7.38e-07   8.60e-05   3.3%
Clock                  0.00e+00   0.00e+00   0.00e+00   0.00e+00   0.0%
Macro                  0.00e+00   0.00e+00   0.00e+00   0.00e+00   0.0%
Pad                    0.00e+00   0.00e+00   0.00e+00   0.00e+00   0.0%
----------------------------------------------------------------
Total                  2.56e-03   4.80e-05   1.17e-06   2.61e-03 100.0%
                          98.1%       1.8%       0.0%

=== Highest-power instances ===
   Internal  Switching    Leakage      Total
      Power      Power      Power      Power (Watts)
--------------------------------------------
   8.59e-06   1.92e-06   1.46e-09   1.05e-05 _4789_
   9.75e-06   5.00e-10   1.56e-09   9.75e-06 _4770_
   9.70e-06   1.96e-09   1.56e-09   9.71e-06 _4673_
   9.69e-06   1.88e-09   1.56e-09   9.69e-06 _4612_
   9.54e-06   3.47e-08   1.55e-09   9.57e-06 _4834_
   9.53e-06   3.08e-08   1.55e-09   9.56e-06 _4813_
   9.51e-06   3.60e-08   1.55e-09   9.55e-06 _4814_
   9.55e-06   2.56e-09   1.56e-09   9.55e-06 _4896_
   9.53e-06   2.09e-08   1.55e-09   9.55e-06 _4836_
   9.53e-06   1.28e-08   1.55e-09   9.54e-06 _4841_
   9.50e-06   3.30e-08   1.55e-09   9.54e-06 _4812_
   9.51e-06   2.13e-08   1.55e-09   9.53e-06 _4838_
   9.42e-06   2.53e-08   1.55e-09   9.45e-06 _4810_
   9.43e-06   6.30e-09   1.56e-09   9.44e-06 _4716_
   9.42e-06   6.15e-09   1.55e-09   9.43e-06 _4746_
   9.42e-06   2.03e-09   1.55e-09   9.42e-06 _4887_
   9.41e-06   7.17e-09   1.55e-09   9.42e-06 _4744_
   9.42e-06   2.14e-09   1.55e-09   9.42e-06 _4889_
   9.42e-06   1.96e-09   1.55e-09   9.42e-06 _4885_
   9.41e-06   2.01e-09   1.55e-09   9.42e-06 _4864_

=== FlexSoC normalized power fields ===
dynamic_power_definition=internal_power+switching_power
power_unit=OpenSTA report unit; see Units section
internal_power=0.00256
switching_power=4.8e-05
dynamic_power=0.002608
leakage_power=1.17e-06
total_power=0.00261
