analysis=power_analysis corner=ss stage=post_syn
workload=smoke_zero_sv_ss
gls_report=/home/eneadim/github/flexsoc/workspace/runs/cordic/dev/dv/functional/sim/post_syn/sky130/cordic_post_syn_smoke_zero_sv_ss.json
activity_file=/home/eneadim/github/flexsoc/workspace/runs/cordic/dev/signoff/sky130/power/activity/captures/cordic_sky130_smoke_zero_sv_ss.vcd
activity_scope=cordic_tb/u_cordic
liberty=/home/eneadim/github/flexsoc/.flexsoc/pdks/ciel/sky130/versions/f6eeac7dad085ffcc829ccfd721f7b4ce39edcf7/sky130A/libs.ref/sky130_fd_sc_hd/lib/sky130_fd_sc_hd__ss_n40C_1v76.lib
netlist=/home/eneadim/github/flexsoc/workspace/runs/cordic/dev/syn/sky130/cordic_synth.v
sdc=/home/eneadim/github/flexsoc/workspace/runs/cordic/dev/signoff/sky130/cordic.sdc
spef=

=== Units ===
 time 1ns
 capacitance 1pF
 resistance 1kohm
 voltage 1v
 current 1mA
 power 1nW
 distance 1um

=== Constraint validation ===

=== Activity annotation ===
annotated_percent=100.00%
Unannotated pins: none

=== Power summary ===
Group                  Internal  Switching    Leakage      Total
                          Power      Power      Power      Power (Watts)
----------------------------------------------------------------
Sequential             1.15e-03   2.90e-06   1.41e-09   1.16e-03  95.7%
Combinational          2.22e-05   2.98e-05   2.67e-09   5.20e-05   4.3%
Clock                  0.00e+00   0.00e+00   0.00e+00   0.00e+00   0.0%
Macro                  0.00e+00   0.00e+00   0.00e+00   0.00e+00   0.0%
Pad                    0.00e+00   0.00e+00   0.00e+00   0.00e+00   0.0%
----------------------------------------------------------------
Total                  1.17e-03   3.27e-05   4.08e-09   1.21e-03 100.0%
                          97.3%       2.7%       0.0%

=== Highest-power instances ===
   Internal  Switching    Leakage      Total
      Power      Power      Power      Power (Watts)
--------------------------------------------
   4.04e-06   1.32e-06   4.89e-12   5.36e-06 _4602_
   3.98e-06   3.60e-07   4.89e-12   4.34e-06 _4603_
   3.96e-06   1.43e-07   4.89e-12   4.10e-06 _4604_
   4.06e-06   3.44e-08   4.87e-12   4.10e-06 _4592_
   3.94e-06   1.25e-07   4.77e-12   4.06e-06 _4712_
   3.99e-06   4.13e-08   4.89e-12   4.03e-06 _4622_
   3.99e-06   3.46e-08   4.89e-12   4.03e-06 _4621_
   3.99e-06   2.74e-08   4.92e-12   4.02e-06 _4618_
   3.99e-06   2.74e-08   4.97e-12   4.01e-06 _4610_
   3.98e-06   2.74e-08   4.92e-12   4.01e-06 _4616_
   3.99e-06   1.90e-08   4.91e-12   4.01e-06 _4619_
   3.99e-06   1.93e-08   4.89e-12   4.00e-06 _4620_
   3.98e-06   1.90e-08   4.89e-12   4.00e-06 _4617_
   3.94e-06   5.46e-08   4.89e-12   3.99e-06 _4605_
   3.98e-06   1.82e-08   4.86e-12   3.99e-06 _4614_
   3.97e-06   2.38e-08   4.95e-12   3.99e-06 _4612_
   3.97e-06   1.83e-08   4.95e-12   3.99e-06 _4611_
   3.97e-06   1.34e-08   4.94e-12   3.98e-06 _4613_
   3.96e-06   1.67e-08   4.97e-12   3.98e-06 _4634_
   3.96e-06   2.31e-08   4.86e-12   3.98e-06 _4607_

=== FlexSoC normalized power fields ===
dynamic_power_definition=internal_power+switching_power
power_unit=OpenSTA report unit; see Units section
internal_power=0.00117
switching_power=3.27e-05
dynamic_power=0.0012027000000000001
leakage_power=4.08e-09
total_power=0.00121
