analysis=fusion_analysis corner=ss mode=setup stage=post_syn
workload=random_seed_2_sv_ss
methodology=staged_public_opensta
path_power_semantics=average_instance_power_in_same_analysis_context
activity_file=/home/eneadim/github/flexsoc/workspace/runs/cordic/dev/signoff/ihp-sg13g2/power/activity/captures/cordic_ihp-sg13g2_random_seed_2_sv_ss.vcd
activity_scope=cordic_tb/u_cordic
liberty=/home/eneadim/github/flexsoc/.flexsoc/pdks/ihp-sg13g2/ihp-sg13g2/libs.ref/sg13g2_stdcell/lib/sg13g2_stdcell_slow_1p35V_125C.lib
netlist=/home/eneadim/github/flexsoc/workspace/runs/cordic/dev/syn/ihp-sg13g2/cordic_synth.v
sdc=/home/eneadim/github/flexsoc/workspace/runs/cordic/dev/signoff/ihp-sg13g2/cordic.sdc
spef=

=== Units ===
 time 1ns
 capacitance 1pF
 resistance 1kohm
 voltage 1v
 current 1uA
 power 1pW
 distance 1um

=== Constraint validation ===

=== Timing summary ===
wns max wns max 0.00
tns max tns max 0.00

=== Power summary ===
Group                  Internal  Switching    Leakage      Total
                          Power      Power      Power      Power (Watts)
----------------------------------------------------------------
Sequential             2.17e-03   3.54e-06   1.14e-06   2.17e-03  96.9%
Combinational          3.24e-05   3.52e-05   1.61e-06   6.92e-05   3.1%
Clock                  0.00e+00   0.00e+00   0.00e+00   0.00e+00   0.0%
Macro                  0.00e+00   0.00e+00   0.00e+00   0.00e+00   0.0%
Pad                    0.00e+00   0.00e+00   0.00e+00   0.00e+00   0.0%
----------------------------------------------------------------
Total                  2.20e-03   3.87e-05   2.74e-06   2.24e-03 100.0%
                          98.1%       1.7%       0.1%

=== Worst timing paths (violated or met) ===
Startpoint: tl_i[108] (input port clocked by core)
Endpoint: _4623_ (rising edge-triggered flip-flop clocked by core)
Path Group: core
Path Type: max

Fanout         Cap        Slew       Delay        Time   Description
---------------------------------------------------------------------------------------------
                      0.000000    0.000000    0.000000   clock core (rise edge)
                                  0.000000    0.000000   clock network delay (ideal)
                                  2.000000    2.000000 ^ input external delay
     1    0.003432    0.000000    0.000000    2.000000 ^ tl_i[108] (in)
                                                         tl_i[108] (net)
                      0.000000    0.000000    2.000000 ^ _4567_/B (sg13g2_nand2_1)
    63    0.229203    1.337944    1.016698    3.016698 v _4567_/Y (sg13g2_nand2_1)
                                                         _1516_ (net)
                      1.337944    0.000000    3.016698 v _4603_/A (sg13g2_inv_1)
     8    0.027467    0.367922    0.397749    3.414447 ^ _4603_/Y (sg13g2_inv_1)
                                                         _1544_ (net)
                      0.367922    0.000000    3.414447 ^ _4607_/A (sg13g2_nand2_1)
     1    0.003013    0.083386    0.094075    3.508522 v _4607_/Y (sg13g2_nand2_1)
                                                         _1548_ (net)
                      0.083386    0.000000    3.508522 v _2304_/B (sg13g2_nor2_1)
     4    0.013784    0.144308    0.136068    3.644590 ^ _2304_/Y (sg13g2_nor2_1)
                                                         _1549_ (net)
                      0.144308    0.000000    3.644590 ^ _2305_/A (sg13g2_inv_1)
     3    0.009833    0.063621    0.079008    3.723598 v _2305_/Y (sg13g2_inv_1)
                                                         _1550_ (net)
                      0.063621    0.000000    3.723598 v _2540_/B (sg13g2_nor2_1)
     4    0.012771    0.136696    0.122806    3.846404 ^ _2540_/Y (sg13g2_nor2_1)
                                                         _1754_ (net)
                      0.136696    0.000000    3.846404 ^ _2728_/A (sg13g2_nand2_1)
    64    0.210538    1.346054    0.996012    4.842415 v _2728_/Y (sg13g2_nand2_1)
                                                         _1865_ (net)
                      1.346054    0.000000    4.842415 v _2790_/A2 (sg13g2_o21ai_1)
     1    0.001629    0.207514    0.267058    5.109474 ^ _2790_/Y (sg13g2_o21ai_1)
                                                         _0254_ (net)
                      0.207514    0.000000    5.109474 ^ _4623_/D (sg13g2_dfrbpq_1)
                                              5.109474   data arrival time

                      0.000000   10.000000   10.000000   clock core (rise edge)
                                  0.000000   10.000000   clock network delay (ideal)
                                  0.000000   10.000000   clock reconvergence pessimism
                                             10.000000 ^ _4623_/CLK (sg13g2_dfrbpq_1)
                                 -0.163725    9.836275   library setup time
                                              9.836275   data required time
---------------------------------------------------------------------------------------------
                                              9.836275   data required time
                                             -5.109474   data arrival time
---------------------------------------------------------------------------------------------
                                              4.726801   slack (MET)


Startpoint: tl_i[108] (input port clocked by core)
Endpoint: _4624_ (rising edge-triggered flip-flop clocked by core)
Path Group: core
Path Type: max

Fanout         Cap        Slew       Delay        Time   Description
---------------------------------------------------------------------------------------------
                      0.000000    0.000000    0.000000   clock core (rise edge)
                                  0.000000    0.000000   clock network delay (ideal)
                                  2.000000    2.000000 ^ input external delay
     1    0.003432    0.000000    0.000000    2.000000 ^ tl_i[108] (in)
                                                         tl_i[108] (net)
                      0.000000    0.000000    2.000000 ^ _4567_/B (sg13g2_nand2_1)
    63    0.229203    1.337944    1.016698    3.016698 v _4567_/Y (sg13g2_nand2_1)
                                                         _1516_ (net)
                      1.337944    0.000000    3.016698 v _4603_/A (sg13g2_inv_1)
     8    0.027467    0.367922    0.397749    3.414447 ^ _4603_/Y (sg13g2_inv_1)
                                                         _1544_ (net)
                      0.367922    0.000000    3.414447 ^ _4607_/A (sg13g2_nand2_1)
     1    0.003013    0.083386    0.094075    3.508522 v _4607_/Y (sg13g2_nand2_1)
                                                         _1548_ (net)
                      0.083386    0.000000    3.508522 v _2304_/B (sg13g2_nor2_1)
     4    0.013784    0.144308    0.136068    3.644590 ^ _2304_/Y (sg13g2_nor2_1)
                                                         _1549_ (net)
                      0.144308    0.000000    3.644590 ^ _2305_/A (sg13g2_inv_1)
     3    0.009833    0.063621    0.079008    3.723598 v _2305_/Y (sg13g2_inv_1)
                                                         _1550_ (net)
                      0.063621    0.000000    3.723598 v _2540_/B (sg13g2_nor2_1)
     4    0.012771    0.136696    0.122806    3.846404 ^ _2540_/Y (sg13g2_nor2_1)
                                                         _1754_ (net)
                      0.136696    0.000000    3.846404 ^ _2728_/A (sg13g2_nand2_1)
    64    0.210538    1.346054    0.996012    4.842415 v _2728_/Y (sg13g2_nand2_1)
                                                         _1865_ (net)
                      1.346054    0.000000    4.842415 v _2788_/A2 (sg13g2_o21ai_1)
     1    0.001629    0.207514    0.267058    5.109474 ^ _2788_/Y (sg13g2_o21ai_1)
                                                         _0253_ (net)
                      0.207514    0.000000    5.109474 ^ _4624_/D (sg13g2_dfrbpq_1)
                                              5.109474   data arrival time

                      0.000000   10.000000   10.000000   clock core (rise edge)
                                  0.000000   10.000000   clock network delay (ideal)
                                  0.000000   10.000000   clock reconvergence pessimism
                                             10.000000 ^ _4624_/CLK (sg13g2_dfrbpq_1)
                                 -0.163725    9.836275   library setup time
                                              9.836275   data required time
---------------------------------------------------------------------------------------------
                                              9.836275   data required time
                                             -5.109474   data arrival time
---------------------------------------------------------------------------------------------
                                              4.726801   slack (MET)


Startpoint: tl_i[108] (input port clocked by core)
Endpoint: _4625_ (rising edge-triggered flip-flop clocked by core)
Path Group: core
Path Type: max

Fanout         Cap        Slew       Delay        Time   Description
---------------------------------------------------------------------------------------------
                      0.000000    0.000000    0.000000   clock core (rise edge)
                                  0.000000    0.000000   clock network delay (ideal)
                                  2.000000    2.000000 ^ input external delay
     1    0.003432    0.000000    0.000000    2.000000 ^ tl_i[108] (in)
                                                         tl_i[108] (net)
                      0.000000    0.000000    2.000000 ^ _4567_/B (sg13g2_nand2_1)
    63    0.229203    1.337944    1.016698    3.016698 v _4567_/Y (sg13g2_nand2_1)
                                                         _1516_ (net)
                      1.337944    0.000000    3.016698 v _4603_/A (sg13g2_inv_1)
     8    0.027467    0.367922    0.397749    3.414447 ^ _4603_/Y (sg13g2_inv_1)
                                                         _1544_ (net)
                      0.367922    0.000000    3.414447 ^ _4607_/A (sg13g2_nand2_1)
     1    0.003013    0.083386    0.094075    3.508522 v _4607_/Y (sg13g2_nand2_1)
                                                         _1548_ (net)
                      0.083386    0.000000    3.508522 v _2304_/B (sg13g2_nor2_1)
     4    0.013784    0.144308    0.136068    3.644590 ^ _2304_/Y (sg13g2_nor2_1)
                                                         _1549_ (net)
                      0.144308    0.000000    3.644590 ^ _2305_/A (sg13g2_inv_1)
     3    0.009833    0.063621    0.079008    3.723598 v _2305_/Y (sg13g2_inv_1)
                                                         _1550_ (net)
                      0.063621    0.000000    3.723598 v _2540_/B (sg13g2_nor2_1)
     4    0.012771    0.136696    0.122806    3.846404 ^ _2540_/Y (sg13g2_nor2_1)
                                                         _1754_ (net)
                      0.136696    0.000000    3.846404 ^ _2728_/A (sg13g2_nand2_1)
    64    0.210538    1.346054    0.996012    4.842415 v _2728_/Y (sg13g2_nand2_1)
                                                         _1865_ (net)
                      1.346054    0.000000    4.842415 v _2786_/A2 (sg13g2_o21ai_1)
     1    0.001629    0.207514    0.267058    5.109474 ^ _2786_/Y (sg13g2_o21ai_1)
                                                         _0252_ (net)
                      0.207514    0.000000    5.109474 ^ _4625_/D (sg13g2_dfrbpq_1)
                                              5.109474   data arrival time

                      0.000000   10.000000   10.000000   clock core (rise edge)
                                  0.000000   10.000000   clock network delay (ideal)
                                  0.000000   10.000000   clock reconvergence pessimism
                                             10.000000 ^ _4625_/CLK (sg13g2_dfrbpq_1)
                                 -0.163725    9.836275   library setup time
                                              9.836275   data required time
---------------------------------------------------------------------------------------------
                                              9.836275   data required time
                                             -5.109474   data arrival time
---------------------------------------------------------------------------------------------
                                              4.726801   slack (MET)


Startpoint: tl_i[108] (input port clocked by core)
Endpoint: _4626_ (rising edge-triggered flip-flop clocked by core)
Path Group: core
Path Type: max

Fanout         Cap        Slew       Delay        Time   Description
---------------------------------------------------------------------------------------------
                      0.000000    0.000000    0.000000   clock core (rise edge)
                                  0.000000    0.000000   clock network delay (ideal)
                                  2.000000    2.000000 ^ input external delay
     1    0.003432    0.000000    0.000000    2.000000 ^ tl_i[108] (in)
                                                         tl_i[108] (net)
                      0.000000    0.000000    2.000000 ^ _4567_/B (sg13g2_nand2_1)
    63    0.229203    1.337944    1.016698    3.016698 v _4567_/Y (sg13g2_nand2_1)
                                                         _1516_ (net)
                      1.337944    0.000000    3.016698 v _4603_/A (sg13g2_inv_1)
     8    0.027467    0.367922    0.397749    3.414447 ^ _4603_/Y (sg13g2_inv_1)
                                                         _1544_ (net)
                      0.367922    0.000000    3.414447 ^ _4607_/A (sg13g2_nand2_1)
     1    0.003013    0.083386    0.094075    3.508522 v _4607_/Y (sg13g2_nand2_1)
                                                         _1548_ (net)
                      0.083386    0.000000    3.508522 v _2304_/B (sg13g2_nor2_1)
     4    0.013784    0.144308    0.136068    3.644590 ^ _2304_/Y (sg13g2_nor2_1)
                                                         _1549_ (net)
                      0.144308    0.000000    3.644590 ^ _2305_/A (sg13g2_inv_1)
     3    0.009833    0.063621    0.079008    3.723598 v _2305_/Y (sg13g2_inv_1)
                                                         _1550_ (net)
                      0.063621    0.000000    3.723598 v _2540_/B (sg13g2_nor2_1)
     4    0.012771    0.136696    0.122806    3.846404 ^ _2540_/Y (sg13g2_nor2_1)
                                                         _1754_ (net)
                      0.136696    0.000000    3.846404 ^ _2728_/A (sg13g2_nand2_1)
    64    0.210538    1.346054    0.996012    4.842415 v _2728_/Y (sg13g2_nand2_1)
                                                         _1865_ (net)
                      1.346054    0.000000    4.842415 v _2784_/A2 (sg13g2_o21ai_1)
     1    0.001629    0.207514    0.267058    5.109474 ^ _2784_/Y (sg13g2_o21ai_1)
                                                         _0251_ (net)
                      0.207514    0.000000    5.109474 ^ _4626_/D (sg13g2_dfrbpq_1)
                                              5.109474   data arrival time

                      0.000000   10.000000   10.000000   clock core (rise edge)
                                  0.000000   10.000000   clock network delay (ideal)
                                  0.000000   10.000000   clock reconvergence pessimism
                                             10.000000 ^ _4626_/CLK (sg13g2_dfrbpq_1)
                                 -0.163725    9.836275   library setup time
                                              9.836275   data required time
---------------------------------------------------------------------------------------------
                                              9.836275   data required time
                                             -5.109474   data arrival time
---------------------------------------------------------------------------------------------
                                              4.726801   slack (MET)


Startpoint: tl_i[108] (input port clocked by core)
Endpoint: _4627_ (rising edge-triggered flip-flop clocked by core)
Path Group: core
Path Type: max

Fanout         Cap        Slew       Delay        Time   Description
---------------------------------------------------------------------------------------------
                      0.000000    0.000000    0.000000   clock core (rise edge)
                                  0.000000    0.000000   clock network delay (ideal)
                                  2.000000    2.000000 ^ input external delay
     1    0.003432    0.000000    0.000000    2.000000 ^ tl_i[108] (in)
                                                         tl_i[108] (net)
                      0.000000    0.000000    2.000000 ^ _4567_/B (sg13g2_nand2_1)
    63    0.229203    1.337944    1.016698    3.016698 v _4567_/Y (sg13g2_nand2_1)
                                                         _1516_ (net)
                      1.337944    0.000000    3.016698 v _4603_/A (sg13g2_inv_1)
     8    0.027467    0.367922    0.397749    3.414447 ^ _4603_/Y (sg13g2_inv_1)
                                                         _1544_ (net)
                      0.367922    0.000000    3.414447 ^ _4607_/A (sg13g2_nand2_1)
     1    0.003013    0.083386    0.094075    3.508522 v _4607_/Y (sg13g2_nand2_1)
                                                         _1548_ (net)
                      0.083386    0.000000    3.508522 v _2304_/B (sg13g2_nor2_1)
     4    0.013784    0.144308    0.136068    3.644590 ^ _2304_/Y (sg13g2_nor2_1)
                                                         _1549_ (net)
                      0.144308    0.000000    3.644590 ^ _2305_/A (sg13g2_inv_1)
     3    0.009833    0.063621    0.079008    3.723598 v _2305_/Y (sg13g2_inv_1)
                                                         _1550_ (net)
                      0.063621    0.000000    3.723598 v _2540_/B (sg13g2_nor2_1)
     4    0.012771    0.136696    0.122806    3.846404 ^ _2540_/Y (sg13g2_nor2_1)
                                                         _1754_ (net)
                      0.136696    0.000000    3.846404 ^ _2728_/A (sg13g2_nand2_1)
    64    0.210538    1.346054    0.996012    4.842415 v _2728_/Y (sg13g2_nand2_1)
                                                         _1865_ (net)
                      1.346054    0.000000    4.842415 v _2782_/A2 (sg13g2_o21ai_1)
     1    0.001629    0.207514    0.267058    5.109474 ^ _2782_/Y (sg13g2_o21ai_1)
                                                         _0250_ (net)
                      0.207514    0.000000    5.109474 ^ _4627_/D (sg13g2_dfrbpq_1)
                                              5.109474   data arrival time

                      0.000000   10.000000   10.000000   clock core (rise edge)
                                  0.000000   10.000000   clock network delay (ideal)
                                  0.000000   10.000000   clock reconvergence pessimism
                                             10.000000 ^ _4627_/CLK (sg13g2_dfrbpq_1)
                                 -0.163725    9.836275   library setup time
                                              9.836275   data required time
---------------------------------------------------------------------------------------------
                                              9.836275   data required time
                                             -5.109474   data arrival time
---------------------------------------------------------------------------------------------
                                              4.726801   slack (MET)


Startpoint: tl_i[108] (input port clocked by core)
Endpoint: _4628_ (rising edge-triggered flip-flop clocked by core)
Path Group: core
Path Type: max

Fanout         Cap        Slew       Delay        Time   Description
---------------------------------------------------------------------------------------------
                      0.000000    0.000000    0.000000   clock core (rise edge)
                                  0.000000    0.000000   clock network delay (ideal)
                                  2.000000    2.000000 ^ input external delay
     1    0.003432    0.000000    0.000000    2.000000 ^ tl_i[108] (in)
                                                         tl_i[108] (net)
                      0.000000    0.000000    2.000000 ^ _4567_/B (sg13g2_nand2_1)
    63    0.229203    1.337944    1.016698    3.016698 v _4567_/Y (sg13g2_nand2_1)
                                                         _1516_ (net)
                      1.337944    0.000000    3.016698 v _4603_/A (sg13g2_inv_1)
     8    0.027467    0.367922    0.397749    3.414447 ^ _4603_/Y (sg13g2_inv_1)
                                                         _1544_ (net)
                      0.367922    0.000000    3.414447 ^ _4607_/A (sg13g2_nand2_1)
     1    0.003013    0.083386    0.094075    3.508522 v _4607_/Y (sg13g2_nand2_1)
                                                         _1548_ (net)
                      0.083386    0.000000    3.508522 v _2304_/B (sg13g2_nor2_1)
     4    0.013784    0.144308    0.136068    3.644590 ^ _2304_/Y (sg13g2_nor2_1)
                                                         _1549_ (net)
                      0.144308    0.000000    3.644590 ^ _2305_/A (sg13g2_inv_1)
     3    0.009833    0.063621    0.079008    3.723598 v _2305_/Y (sg13g2_inv_1)
                                                         _1550_ (net)
                      0.063621    0.000000    3.723598 v _2540_/B (sg13g2_nor2_1)
     4    0.012771    0.136696    0.122806    3.846404 ^ _2540_/Y (sg13g2_nor2_1)
                                                         _1754_ (net)
                      0.136696    0.000000    3.846404 ^ _2728_/A (sg13g2_nand2_1)
    64    0.210538    1.346054    0.996012    4.842415 v _2728_/Y (sg13g2_nand2_1)
                                                         _1865_ (net)
                      1.346054    0.000000    4.842415 v _2780_/A2 (sg13g2_o21ai_1)
     1    0.001629    0.207514    0.267058    5.109474 ^ _2780_/Y (sg13g2_o21ai_1)
                                                         _0249_ (net)
                      0.207514    0.000000    5.109474 ^ _4628_/D (sg13g2_dfrbpq_1)
                                              5.109474   data arrival time

                      0.000000   10.000000   10.000000   clock core (rise edge)
                                  0.000000   10.000000   clock network delay (ideal)
                                  0.000000   10.000000   clock reconvergence pessimism
                                             10.000000 ^ _4628_/CLK (sg13g2_dfrbpq_1)
                                 -0.163725    9.836275   library setup time
                                              9.836275   data required time
---------------------------------------------------------------------------------------------
                                              9.836275   data required time
                                             -5.109474   data arrival time
---------------------------------------------------------------------------------------------
                                              4.726801   slack (MET)


Startpoint: tl_i[108] (input port clocked by core)
Endpoint: _4629_ (rising edge-triggered flip-flop clocked by core)
Path Group: core
Path Type: max

Fanout         Cap        Slew       Delay        Time   Description
---------------------------------------------------------------------------------------------
                      0.000000    0.000000    0.000000   clock core (rise edge)
                                  0.000000    0.000000   clock network delay (ideal)
                                  2.000000    2.000000 ^ input external delay
     1    0.003432    0.000000    0.000000    2.000000 ^ tl_i[108] (in)
                                                         tl_i[108] (net)
                      0.000000    0.000000    2.000000 ^ _4567_/B (sg13g2_nand2_1)
    63    0.229203    1.337944    1.016698    3.016698 v _4567_/Y (sg13g2_nand2_1)
                                                         _1516_ (net)
                      1.337944    0.000000    3.016698 v _4603_/A (sg13g2_inv_1)
     8    0.027467    0.367922    0.397749    3.414447 ^ _4603_/Y (sg13g2_inv_1)
                                                         _1544_ (net)
                      0.367922    0.000000    3.414447 ^ _4607_/A (sg13g2_nand2_1)
     1    0.003013    0.083386    0.094075    3.508522 v _4607_/Y (sg13g2_nand2_1)
                                                         _1548_ (net)
                      0.083386    0.000000    3.508522 v _2304_/B (sg13g2_nor2_1)
     4    0.013784    0.144308    0.136068    3.644590 ^ _2304_/Y (sg13g2_nor2_1)
                                                         _1549_ (net)
                      0.144308    0.000000    3.644590 ^ _2305_/A (sg13g2_inv_1)
     3    0.009833    0.063621    0.079008    3.723598 v _2305_/Y (sg13g2_inv_1)
                                                         _1550_ (net)
                      0.063621    0.000000    3.723598 v _2540_/B (sg13g2_nor2_1)
     4    0.012771    0.136696    0.122806    3.846404 ^ _2540_/Y (sg13g2_nor2_1)
                                                         _1754_ (net)
                      0.136696    0.000000    3.846404 ^ _2728_/A (sg13g2_nand2_1)
    64    0.210538    1.346054    0.996012    4.842415 v _2728_/Y (sg13g2_nand2_1)
                                                         _1865_ (net)
                      1.346054    0.000000    4.842415 v _2778_/A2 (sg13g2_o21ai_1)
     1    0.001629    0.207514    0.267058    5.109474 ^ _2778_/Y (sg13g2_o21ai_1)
                                                         _0248_ (net)
                      0.207514    0.000000    5.109474 ^ _4629_/D (sg13g2_dfrbpq_1)
                                              5.109474   data arrival time

                      0.000000   10.000000   10.000000   clock core (rise edge)
                                  0.000000   10.000000   clock network delay (ideal)
                                  0.000000   10.000000   clock reconvergence pessimism
                                             10.000000 ^ _4629_/CLK (sg13g2_dfrbpq_1)
                                 -0.163725    9.836275   library setup time
                                              9.836275   data required time
---------------------------------------------------------------------------------------------
                                              9.836275   data required time
                                             -5.109474   data arrival time
---------------------------------------------------------------------------------------------
                                              4.726801   slack (MET)


Startpoint: tl_i[108] (input port clocked by core)
Endpoint: _4630_ (rising edge-triggered flip-flop clocked by core)
Path Group: core
Path Type: max

Fanout         Cap        Slew       Delay        Time   Description
---------------------------------------------------------------------------------------------
                      0.000000    0.000000    0.000000   clock core (rise edge)
                                  0.000000    0.000000   clock network delay (ideal)
                                  2.000000    2.000000 ^ input external delay
     1    0.003432    0.000000    0.000000    2.000000 ^ tl_i[108] (in)
                                                         tl_i[108] (net)
                      0.000000    0.000000    2.000000 ^ _4567_/B (sg13g2_nand2_1)
    63    0.229203    1.337944    1.016698    3.016698 v _4567_/Y (sg13g2_nand2_1)
                                                         _1516_ (net)
                      1.337944    0.000000    3.016698 v _4603_/A (sg13g2_inv_1)
     8    0.027467    0.367922    0.397749    3.414447 ^ _4603_/Y (sg13g2_inv_1)
                                                         _1544_ (net)
                      0.367922    0.000000    3.414447 ^ _4607_/A (sg13g2_nand2_1)
     1    0.003013    0.083386    0.094075    3.508522 v _4607_/Y (sg13g2_nand2_1)
                                                         _1548_ (net)
                      0.083386    0.000000    3.508522 v _2304_/B (sg13g2_nor2_1)
     4    0.013784    0.144308    0.136068    3.644590 ^ _2304_/Y (sg13g2_nor2_1)
                                                         _1549_ (net)
                      0.144308    0.000000    3.644590 ^ _2305_/A (sg13g2_inv_1)
     3    0.009833    0.063621    0.079008    3.723598 v _2305_/Y (sg13g2_inv_1)
                                                         _1550_ (net)
                      0.063621    0.000000    3.723598 v _2540_/B (sg13g2_nor2_1)
     4    0.012771    0.136696    0.122806    3.846404 ^ _2540_/Y (sg13g2_nor2_1)
                                                         _1754_ (net)
                      0.136696    0.000000    3.846404 ^ _2728_/A (sg13g2_nand2_1)
    64    0.210538    1.346054    0.996012    4.842415 v _2728_/Y (sg13g2_nand2_1)
                                                         _1865_ (net)
                      1.346054    0.000000    4.842415 v _2776_/A2 (sg13g2_o21ai_1)
     1    0.001629    0.207514    0.267058    5.109474 ^ _2776_/Y (sg13g2_o21ai_1)
                                                         _0247_ (net)
                      0.207514    0.000000    5.109474 ^ _4630_/D (sg13g2_dfrbpq_1)
                                              5.109474   data arrival time

                      0.000000   10.000000   10.000000   clock core (rise edge)
                                  0.000000   10.000000   clock network delay (ideal)
                                  0.000000   10.000000   clock reconvergence pessimism
                                             10.000000 ^ _4630_/CLK (sg13g2_dfrbpq_1)
                                 -0.163725    9.836275   library setup time
                                              9.836275   data required time
---------------------------------------------------------------------------------------------
                                              9.836275   data required time
                                             -5.109474   data arrival time
---------------------------------------------------------------------------------------------
                                              4.726801   slack (MET)


Startpoint: tl_i[108] (input port clocked by core)
Endpoint: _4631_ (rising edge-triggered flip-flop clocked by core)
Path Group: core
Path Type: max

Fanout         Cap        Slew       Delay        Time   Description
---------------------------------------------------------------------------------------------
                      0.000000    0.000000    0.000000   clock core (rise edge)
                                  0.000000    0.000000   clock network delay (ideal)
                                  2.000000    2.000000 ^ input external delay
     1    0.003432    0.000000    0.000000    2.000000 ^ tl_i[108] (in)
                                                         tl_i[108] (net)
                      0.000000    0.000000    2.000000 ^ _4567_/B (sg13g2_nand2_1)
    63    0.229203    1.337944    1.016698    3.016698 v _4567_/Y (sg13g2_nand2_1)
                                                         _1516_ (net)
                      1.337944    0.000000    3.016698 v _4603_/A (sg13g2_inv_1)
     8    0.027467    0.367922    0.397749    3.414447 ^ _4603_/Y (sg13g2_inv_1)
                                                         _1544_ (net)
                      0.367922    0.000000    3.414447 ^ _4607_/A (sg13g2_nand2_1)
     1    0.003013    0.083386    0.094075    3.508522 v _4607_/Y (sg13g2_nand2_1)
                                                         _1548_ (net)
                      0.083386    0.000000    3.508522 v _2304_/B (sg13g2_nor2_1)
     4    0.013784    0.144308    0.136068    3.644590 ^ _2304_/Y (sg13g2_nor2_1)
                                                         _1549_ (net)
                      0.144308    0.000000    3.644590 ^ _2305_/A (sg13g2_inv_1)
     3    0.009833    0.063621    0.079008    3.723598 v _2305_/Y (sg13g2_inv_1)
                                                         _1550_ (net)
                      0.063621    0.000000    3.723598 v _2540_/B (sg13g2_nor2_1)
     4    0.012771    0.136696    0.122806    3.846404 ^ _2540_/Y (sg13g2_nor2_1)
                                                         _1754_ (net)
                      0.136696    0.000000    3.846404 ^ _2728_/A (sg13g2_nand2_1)
    64    0.210538    1.346054    0.996012    4.842415 v _2728_/Y (sg13g2_nand2_1)
                                                         _1865_ (net)
                      1.346054    0.000000    4.842415 v _2774_/A2 (sg13g2_o21ai_1)
     1    0.001629    0.207514    0.267058    5.109474 ^ _2774_/Y (sg13g2_o21ai_1)
                                                         _0246_ (net)
                      0.207514    0.000000    5.109474 ^ _4631_/D (sg13g2_dfrbpq_1)
                                              5.109474   data arrival time

                      0.000000   10.000000   10.000000   clock core (rise edge)
                                  0.000000   10.000000   clock network delay (ideal)
                                  0.000000   10.000000   clock reconvergence pessimism
                                             10.000000 ^ _4631_/CLK (sg13g2_dfrbpq_1)
                                 -0.163725    9.836275   library setup time
                                              9.836275   data required time
---------------------------------------------------------------------------------------------
                                              9.836275   data required time
                                             -5.109474   data arrival time
---------------------------------------------------------------------------------------------
                                              4.726801   slack (MET)


Startpoint: tl_i[108] (input port clocked by core)
Endpoint: _4632_ (rising edge-triggered flip-flop clocked by core)
Path Group: core
Path Type: max

Fanout         Cap        Slew       Delay        Time   Description
---------------------------------------------------------------------------------------------
                      0.000000    0.000000    0.000000   clock core (rise edge)
                                  0.000000    0.000000   clock network delay (ideal)
                                  2.000000    2.000000 ^ input external delay
     1    0.003432    0.000000    0.000000    2.000000 ^ tl_i[108] (in)
                                                         tl_i[108] (net)
                      0.000000    0.000000    2.000000 ^ _4567_/B (sg13g2_nand2_1)
    63    0.229203    1.337944    1.016698    3.016698 v _4567_/Y (sg13g2_nand2_1)
                                                         _1516_ (net)
                      1.337944    0.000000    3.016698 v _4603_/A (sg13g2_inv_1)
     8    0.027467    0.367922    0.397749    3.414447 ^ _4603_/Y (sg13g2_inv_1)
                                                         _1544_ (net)
                      0.367922    0.000000    3.414447 ^ _4607_/A (sg13g2_nand2_1)
     1    0.003013    0.083386    0.094075    3.508522 v _4607_/Y (sg13g2_nand2_1)
                                                         _1548_ (net)
                      0.083386    0.000000    3.508522 v _2304_/B (sg13g2_nor2_1)
     4    0.013784    0.144308    0.136068    3.644590 ^ _2304_/Y (sg13g2_nor2_1)
                                                         _1549_ (net)
                      0.144308    0.000000    3.644590 ^ _2305_/A (sg13g2_inv_1)
     3    0.009833    0.063621    0.079008    3.723598 v _2305_/Y (sg13g2_inv_1)
                                                         _1550_ (net)
                      0.063621    0.000000    3.723598 v _2540_/B (sg13g2_nor2_1)
     4    0.012771    0.136696    0.122806    3.846404 ^ _2540_/Y (sg13g2_nor2_1)
                                                         _1754_ (net)
                      0.136696    0.000000    3.846404 ^ _2728_/A (sg13g2_nand2_1)
    64    0.210538    1.346054    0.996012    4.842415 v _2728_/Y (sg13g2_nand2_1)
                                                         _1865_ (net)
                      1.346054    0.000000    4.842415 v _2772_/A2 (sg13g2_o21ai_1)
     1    0.001629    0.207514    0.267058    5.109474 ^ _2772_/Y (sg13g2_o21ai_1)
                                                         _0245_ (net)
                      0.207514    0.000000    5.109474 ^ _4632_/D (sg13g2_dfrbpq_1)
                                              5.109474   data arrival time

                      0.000000   10.000000   10.000000   clock core (rise edge)
                                  0.000000   10.000000   clock network delay (ideal)
                                  0.000000   10.000000   clock reconvergence pessimism
                                             10.000000 ^ _4632_/CLK (sg13g2_dfrbpq_1)
                                 -0.163725    9.836275   library setup time
                                              9.836275   data required time
---------------------------------------------------------------------------------------------
                                              9.836275   data required time
                                             -5.109474   data arrival time
---------------------------------------------------------------------------------------------
                                              4.726801   slack (MET)


Startpoint: rst_ni (input port clocked by core)
Endpoint: _4608_ (recovery check against rising-edge clock core)
Path Group: asynchronous
Path Type: max

Fanout         Cap        Slew       Delay        Time   Description
---------------------------------------------------------------------------------------------
                      0.000000    0.000000    0.000000   clock core (rise edge)
                                  0.000000    0.000000   clock network delay (ideal)
                                  2.000000    2.000000 ^ input external delay
   293    1.602183    0.000000    0.000000    2.000000 ^ rst_ni (in)
                                                         rst_ni (net)
                      0.000000    0.000000    2.000000 ^ _4608_/RESET_B (sg13g2_dfrbpq_1)
                                              2.000000   data arrival time

                      0.000000   10.000000   10.000000   clock core (rise edge)
                                  0.000000   10.000000   clock network delay (ideal)
                                  0.000000   10.000000   clock reconvergence pessimism
                                             10.000000 ^ _4608_/CLK (sg13g2_dfrbpq_1)
                                 -0.114657    9.885344   library recovery time
                                              9.885344   data required time
---------------------------------------------------------------------------------------------
                                              9.885344   data required time
                                             -2.000000   data arrival time
---------------------------------------------------------------------------------------------
                                              7.885343   slack (MET)


Startpoint: rst_ni (input port clocked by core)
Endpoint: _4609_ (recovery check against rising-edge clock core)
Path Group: asynchronous
Path Type: max

Fanout         Cap        Slew       Delay        Time   Description
---------------------------------------------------------------------------------------------
                      0.000000    0.000000    0.000000   clock core (rise edge)
                                  0.000000    0.000000   clock network delay (ideal)
                                  2.000000    2.000000 ^ input external delay
   293    1.602183    0.000000    0.000000    2.000000 ^ rst_ni (in)
                                                         rst_ni (net)
                      0.000000    0.000000    2.000000 ^ _4609_/RESET_B (sg13g2_dfrbpq_1)
                                              2.000000   data arrival time

                      0.000000   10.000000   10.000000   clock core (rise edge)
                                  0.000000   10.000000   clock network delay (ideal)
                                  0.000000   10.000000   clock reconvergence pessimism
                                             10.000000 ^ _4609_/CLK (sg13g2_dfrbpq_1)
                                 -0.114657    9.885344   library recovery time
                                              9.885344   data required time
---------------------------------------------------------------------------------------------
                                              9.885344   data required time
                                             -2.000000   data arrival time
---------------------------------------------------------------------------------------------
                                              7.885343   slack (MET)


Startpoint: rst_ni (input port clocked by core)
Endpoint: _4610_ (recovery check against rising-edge clock core)
Path Group: asynchronous
Path Type: max

Fanout         Cap        Slew       Delay        Time   Description
---------------------------------------------------------------------------------------------
                      0.000000    0.000000    0.000000   clock core (rise edge)
                                  0.000000    0.000000   clock network delay (ideal)
                                  2.000000    2.000000 ^ input external delay
   293    1.602183    0.000000    0.000000    2.000000 ^ rst_ni (in)
                                                         rst_ni (net)
                      0.000000    0.000000    2.000000 ^ _4610_/RESET_B (sg13g2_dfrbpq_1)
                                              2.000000   data arrival time

                      0.000000   10.000000   10.000000   clock core (rise edge)
                                  0.000000   10.000000   clock network delay (ideal)
                                  0.000000   10.000000   clock reconvergence pessimism
                                             10.000000 ^ _4610_/CLK (sg13g2_dfrbpq_1)
                                 -0.114657    9.885344   library recovery time
                                              9.885344   data required time
---------------------------------------------------------------------------------------------
                                              9.885344   data required time
                                             -2.000000   data arrival time
---------------------------------------------------------------------------------------------
                                              7.885343   slack (MET)


Startpoint: rst_ni (input port clocked by core)
Endpoint: _4611_ (recovery check against rising-edge clock core)
Path Group: asynchronous
Path Type: max

Fanout         Cap        Slew       Delay        Time   Description
---------------------------------------------------------------------------------------------
                      0.000000    0.000000    0.000000   clock core (rise edge)
                                  0.000000    0.000000   clock network delay (ideal)
                                  2.000000    2.000000 ^ input external delay
   293    1.602183    0.000000    0.000000    2.000000 ^ rst_ni (in)
                                                         rst_ni (net)
                      0.000000    0.000000    2.000000 ^ _4611_/RESET_B (sg13g2_dfrbpq_1)
                                              2.000000   data arrival time

                      0.000000   10.000000   10.000000   clock core (rise edge)
                                  0.000000   10.000000   clock network delay (ideal)
                                  0.000000   10.000000   clock reconvergence pessimism
                                             10.000000 ^ _4611_/CLK (sg13g2_dfrbpq_1)
                                 -0.114657    9.885344   library recovery time
                                              9.885344   data required time
---------------------------------------------------------------------------------------------
                                              9.885344   data required time
                                             -2.000000   data arrival time
---------------------------------------------------------------------------------------------
                                              7.885343   slack (MET)


Startpoint: rst_ni (input port clocked by core)
Endpoint: _4612_ (recovery check against rising-edge clock core)
Path Group: asynchronous
Path Type: max

Fanout         Cap        Slew       Delay        Time   Description
---------------------------------------------------------------------------------------------
                      0.000000    0.000000    0.000000   clock core (rise edge)
                                  0.000000    0.000000   clock network delay (ideal)
                                  2.000000    2.000000 ^ input external delay
   293    1.602183    0.000000    0.000000    2.000000 ^ rst_ni (in)
                                                         rst_ni (net)
                      0.000000    0.000000    2.000000 ^ _4612_/RESET_B (sg13g2_dfrbpq_1)
                                              2.000000   data arrival time

                      0.000000   10.000000   10.000000   clock core (rise edge)
                                  0.000000   10.000000   clock network delay (ideal)
                                  0.000000   10.000000   clock reconvergence pessimism
                                             10.000000 ^ _4612_/CLK (sg13g2_dfrbpq_1)
                                 -0.114657    9.885344   library recovery time
                                              9.885344   data required time
---------------------------------------------------------------------------------------------
                                              9.885344   data required time
                                             -2.000000   data arrival time
---------------------------------------------------------------------------------------------
                                              7.885343   slack (MET)


Startpoint: rst_ni (input port clocked by core)
Endpoint: _4613_ (recovery check against rising-edge clock core)
Path Group: asynchronous
Path Type: max

Fanout         Cap        Slew       Delay        Time   Description
---------------------------------------------------------------------------------------------
                      0.000000    0.000000    0.000000   clock core (rise edge)
                                  0.000000    0.000000   clock network delay (ideal)
                                  2.000000    2.000000 ^ input external delay
   293    1.602183    0.000000    0.000000    2.000000 ^ rst_ni (in)
                                                         rst_ni (net)
                      0.000000    0.000000    2.000000 ^ _4613_/RESET_B (sg13g2_dfrbpq_1)
                                              2.000000   data arrival time

                      0.000000   10.000000   10.000000   clock core (rise edge)
                                  0.000000   10.000000   clock network delay (ideal)
                                  0.000000   10.000000   clock reconvergence pessimism
                                             10.000000 ^ _4613_/CLK (sg13g2_dfrbpq_1)
                                 -0.114657    9.885344   library recovery time
                                              9.885344   data required time
---------------------------------------------------------------------------------------------
                                              9.885344   data required time
                                             -2.000000   data arrival time
---------------------------------------------------------------------------------------------
                                              7.885343   slack (MET)


Startpoint: rst_ni (input port clocked by core)
Endpoint: _4614_ (recovery check against rising-edge clock core)
Path Group: asynchronous
Path Type: max

Fanout         Cap        Slew       Delay        Time   Description
---------------------------------------------------------------------------------------------
                      0.000000    0.000000    0.000000   clock core (rise edge)
                                  0.000000    0.000000   clock network delay (ideal)
                                  2.000000    2.000000 ^ input external delay
   293    1.602183    0.000000    0.000000    2.000000 ^ rst_ni (in)
                                                         rst_ni (net)
                      0.000000    0.000000    2.000000 ^ _4614_/RESET_B (sg13g2_dfrbpq_1)
                                              2.000000   data arrival time

                      0.000000   10.000000   10.000000   clock core (rise edge)
                                  0.000000   10.000000   clock network delay (ideal)
                                  0.000000   10.000000   clock reconvergence pessimism
                                             10.000000 ^ _4614_/CLK (sg13g2_dfrbpq_1)
                                 -0.114657    9.885344   library recovery time
                                              9.885344   data required time
---------------------------------------------------------------------------------------------
                                              9.885344   data required time
                                             -2.000000   data arrival time
---------------------------------------------------------------------------------------------
                                              7.885343   slack (MET)


Startpoint: rst_ni (input port clocked by core)
Endpoint: _4615_ (recovery check against rising-edge clock core)
Path Group: asynchronous
Path Type: max

Fanout         Cap        Slew       Delay        Time   Description
---------------------------------------------------------------------------------------------
                      0.000000    0.000000    0.000000   clock core (rise edge)
                                  0.000000    0.000000   clock network delay (ideal)
                                  2.000000    2.000000 ^ input external delay
   293    1.602183    0.000000    0.000000    2.000000 ^ rst_ni (in)
                                                         rst_ni (net)
                      0.000000    0.000000    2.000000 ^ _4615_/RESET_B (sg13g2_dfrbpq_1)
                                              2.000000   data arrival time

                      0.000000   10.000000   10.000000   clock core (rise edge)
                                  0.000000   10.000000   clock network delay (ideal)
                                  0.000000   10.000000   clock reconvergence pessimism
                                             10.000000 ^ _4615_/CLK (sg13g2_dfrbpq_1)
                                 -0.114657    9.885344   library recovery time
                                              9.885344   data required time
---------------------------------------------------------------------------------------------
                                              9.885344   data required time
                                             -2.000000   data arrival time
---------------------------------------------------------------------------------------------
                                              7.885343   slack (MET)


Startpoint: rst_ni (input port clocked by core)
Endpoint: _4616_ (recovery check against rising-edge clock core)
Path Group: asynchronous
Path Type: max

Fanout         Cap        Slew       Delay        Time   Description
---------------------------------------------------------------------------------------------
                      0.000000    0.000000    0.000000   clock core (rise edge)
                                  0.000000    0.000000   clock network delay (ideal)
                                  2.000000    2.000000 ^ input external delay
   293    1.602183    0.000000    0.000000    2.000000 ^ rst_ni (in)
                                                         rst_ni (net)
                      0.000000    0.000000    2.000000 ^ _4616_/RESET_B (sg13g2_dfrbpq_1)
                                              2.000000   data arrival time

                      0.000000   10.000000   10.000000   clock core (rise edge)
                                  0.000000   10.000000   clock network delay (ideal)
                                  0.000000   10.000000   clock reconvergence pessimism
                                             10.000000 ^ _4616_/CLK (sg13g2_dfrbpq_1)
                                 -0.114657    9.885344   library recovery time
                                              9.885344   data required time
---------------------------------------------------------------------------------------------
                                              9.885344   data required time
                                             -2.000000   data arrival time
---------------------------------------------------------------------------------------------
                                              7.885343   slack (MET)


Startpoint: rst_ni (input port clocked by core)
Endpoint: _4617_ (recovery check against rising-edge clock core)
Path Group: asynchronous
Path Type: max

Fanout         Cap        Slew       Delay        Time   Description
---------------------------------------------------------------------------------------------
                      0.000000    0.000000    0.000000   clock core (rise edge)
                                  0.000000    0.000000   clock network delay (ideal)
                                  2.000000    2.000000 ^ input external delay
   293    1.602183    0.000000    0.000000    2.000000 ^ rst_ni (in)
                                                         rst_ni (net)
                      0.000000    0.000000    2.000000 ^ _4617_/RESET_B (sg13g2_dfrbpq_1)
                                              2.000000   data arrival time

                      0.000000   10.000000   10.000000   clock core (rise edge)
                                  0.000000   10.000000   clock network delay (ideal)
                                  0.000000   10.000000   clock reconvergence pessimism
                                             10.000000 ^ _4617_/CLK (sg13g2_dfrbpq_1)
                                 -0.114657    9.885344   library recovery time
                                              9.885344   data required time
---------------------------------------------------------------------------------------------
                                              9.885344   data required time
                                             -2.000000   data arrival time
---------------------------------------------------------------------------------------------
                                              7.885343   slack (MET)

=== FlexSoC normalized power fields ===
dynamic_power_definition=internal_power+switching_power
power_unit=OpenSTA report unit; see Units section
internal_power=0.0022
switching_power=3.87e-05
dynamic_power=0.0022387
leakage_power=2.74e-06
total_power=0.00224

=== Gate-level timing/power fusion ===
power_semantics=average_instance_power_from_the_same_VCD_SAIF_context
path_power_sum=unique_instance_average_power_sum_not_incremental_path_energy
fanout_capacitance_source=OpenSTA_report_checks_output_pin_fields

Worst path 1: status=met slack=4.7268 type=max group=core
startpoint=tl_i[108] (input port clocked by core)
endpoint=_4623_ (rising edge-triggered flip-flop clocked by core)
path_power_complete=false missing_power_instances=_2304_,_2305_,_2540_,_2728_,_2790_,_4567_,_4603_,_4607_,_4623_
path_average_power_sum internal=0 switching=0 dynamic=0 leakage=0 total=0
stage instance cell pins fanout capacitance slew delay arrival internal switching dynamic leakage total
1 _4567_ sg13g2_nand2_1 B,Y 63 0.229203 1.33794 1.0167 3.0167 - - - - -
2 _4603_ sg13g2_inv_1 A,Y 8 0.027467 0.367922 0.397749 3.41445 - - - - -
3 _4607_ sg13g2_nand2_1 A,Y 1 0.003013 0.083386 0.094075 3.50852 - - - - -
4 _2304_ sg13g2_nor2_1 B,Y 4 0.013784 0.144308 0.136068 3.64459 - - - - -
5 _2305_ sg13g2_inv_1 A,Y 3 0.009833 0.063621 0.079008 3.7236 - - - - -
6 _2540_ sg13g2_nor2_1 B,Y 4 0.012771 0.136696 0.122806 3.8464 - - - - -
7 _2728_ sg13g2_nand2_1 A,Y 64 0.210538 1.34605 0.996012 4.84241 - - - - -
8 _2790_ sg13g2_o21ai_1 A2,Y 1 0.001629 0.207514 0.267058 5.10947 - - - - -
9 _4623_ sg13g2_dfrbpq_1 D - - 0.207514 0 5.10947 - - - - -

Worst path 2: status=met slack=4.7268 type=max group=core
startpoint=tl_i[108] (input port clocked by core)
endpoint=_4624_ (rising edge-triggered flip-flop clocked by core)
path_power_complete=false missing_power_instances=_2304_,_2305_,_2540_,_2728_,_2788_,_4567_,_4603_,_4607_,_4624_
path_average_power_sum internal=0 switching=0 dynamic=0 leakage=0 total=0
stage instance cell pins fanout capacitance slew delay arrival internal switching dynamic leakage total
1 _4567_ sg13g2_nand2_1 B,Y 63 0.229203 1.33794 1.0167 3.0167 - - - - -
2 _4603_ sg13g2_inv_1 A,Y 8 0.027467 0.367922 0.397749 3.41445 - - - - -
3 _4607_ sg13g2_nand2_1 A,Y 1 0.003013 0.083386 0.094075 3.50852 - - - - -
4 _2304_ sg13g2_nor2_1 B,Y 4 0.013784 0.144308 0.136068 3.64459 - - - - -
5 _2305_ sg13g2_inv_1 A,Y 3 0.009833 0.063621 0.079008 3.7236 - - - - -
6 _2540_ sg13g2_nor2_1 B,Y 4 0.012771 0.136696 0.122806 3.8464 - - - - -
7 _2728_ sg13g2_nand2_1 A,Y 64 0.210538 1.34605 0.996012 4.84241 - - - - -
8 _2788_ sg13g2_o21ai_1 A2,Y 1 0.001629 0.207514 0.267058 5.10947 - - - - -
9 _4624_ sg13g2_dfrbpq_1 D - - 0.207514 0 5.10947 - - - - -

Worst path 3: status=met slack=4.7268 type=max group=core
startpoint=tl_i[108] (input port clocked by core)
endpoint=_4625_ (rising edge-triggered flip-flop clocked by core)
path_power_complete=false missing_power_instances=_2304_,_2305_,_2540_,_2728_,_2786_,_4567_,_4603_,_4607_,_4625_
path_average_power_sum internal=0 switching=0 dynamic=0 leakage=0 total=0
stage instance cell pins fanout capacitance slew delay arrival internal switching dynamic leakage total
1 _4567_ sg13g2_nand2_1 B,Y 63 0.229203 1.33794 1.0167 3.0167 - - - - -
2 _4603_ sg13g2_inv_1 A,Y 8 0.027467 0.367922 0.397749 3.41445 - - - - -
3 _4607_ sg13g2_nand2_1 A,Y 1 0.003013 0.083386 0.094075 3.50852 - - - - -
4 _2304_ sg13g2_nor2_1 B,Y 4 0.013784 0.144308 0.136068 3.64459 - - - - -
5 _2305_ sg13g2_inv_1 A,Y 3 0.009833 0.063621 0.079008 3.7236 - - - - -
6 _2540_ sg13g2_nor2_1 B,Y 4 0.012771 0.136696 0.122806 3.8464 - - - - -
7 _2728_ sg13g2_nand2_1 A,Y 64 0.210538 1.34605 0.996012 4.84241 - - - - -
8 _2786_ sg13g2_o21ai_1 A2,Y 1 0.001629 0.207514 0.267058 5.10947 - - - - -
9 _4625_ sg13g2_dfrbpq_1 D - - 0.207514 0 5.10947 - - - - -

Worst path 4: status=met slack=4.7268 type=max group=core
startpoint=tl_i[108] (input port clocked by core)
endpoint=_4626_ (rising edge-triggered flip-flop clocked by core)
path_power_complete=false missing_power_instances=_2304_,_2305_,_2540_,_2728_,_2784_,_4567_,_4603_,_4607_,_4626_
path_average_power_sum internal=0 switching=0 dynamic=0 leakage=0 total=0
stage instance cell pins fanout capacitance slew delay arrival internal switching dynamic leakage total
1 _4567_ sg13g2_nand2_1 B,Y 63 0.229203 1.33794 1.0167 3.0167 - - - - -
2 _4603_ sg13g2_inv_1 A,Y 8 0.027467 0.367922 0.397749 3.41445 - - - - -
3 _4607_ sg13g2_nand2_1 A,Y 1 0.003013 0.083386 0.094075 3.50852 - - - - -
4 _2304_ sg13g2_nor2_1 B,Y 4 0.013784 0.144308 0.136068 3.64459 - - - - -
5 _2305_ sg13g2_inv_1 A,Y 3 0.009833 0.063621 0.079008 3.7236 - - - - -
6 _2540_ sg13g2_nor2_1 B,Y 4 0.012771 0.136696 0.122806 3.8464 - - - - -
7 _2728_ sg13g2_nand2_1 A,Y 64 0.210538 1.34605 0.996012 4.84241 - - - - -
8 _2784_ sg13g2_o21ai_1 A2,Y 1 0.001629 0.207514 0.267058 5.10947 - - - - -
9 _4626_ sg13g2_dfrbpq_1 D - - 0.207514 0 5.10947 - - - - -

Worst path 5: status=met slack=4.7268 type=max group=core
startpoint=tl_i[108] (input port clocked by core)
endpoint=_4627_ (rising edge-triggered flip-flop clocked by core)
path_power_complete=false missing_power_instances=_2304_,_2305_,_2540_,_2728_,_2782_,_4567_,_4603_,_4607_,_4627_
path_average_power_sum internal=0 switching=0 dynamic=0 leakage=0 total=0
stage instance cell pins fanout capacitance slew delay arrival internal switching dynamic leakage total
1 _4567_ sg13g2_nand2_1 B,Y 63 0.229203 1.33794 1.0167 3.0167 - - - - -
2 _4603_ sg13g2_inv_1 A,Y 8 0.027467 0.367922 0.397749 3.41445 - - - - -
3 _4607_ sg13g2_nand2_1 A,Y 1 0.003013 0.083386 0.094075 3.50852 - - - - -
4 _2304_ sg13g2_nor2_1 B,Y 4 0.013784 0.144308 0.136068 3.64459 - - - - -
5 _2305_ sg13g2_inv_1 A,Y 3 0.009833 0.063621 0.079008 3.7236 - - - - -
6 _2540_ sg13g2_nor2_1 B,Y 4 0.012771 0.136696 0.122806 3.8464 - - - - -
7 _2728_ sg13g2_nand2_1 A,Y 64 0.210538 1.34605 0.996012 4.84241 - - - - -
8 _2782_ sg13g2_o21ai_1 A2,Y 1 0.001629 0.207514 0.267058 5.10947 - - - - -
9 _4627_ sg13g2_dfrbpq_1 D - - 0.207514 0 5.10947 - - - - -

Worst path 6: status=met slack=4.7268 type=max group=core
startpoint=tl_i[108] (input port clocked by core)
endpoint=_4628_ (rising edge-triggered flip-flop clocked by core)
path_power_complete=false missing_power_instances=_2304_,_2305_,_2540_,_2728_,_2780_,_4567_,_4603_,_4607_,_4628_
path_average_power_sum internal=0 switching=0 dynamic=0 leakage=0 total=0
stage instance cell pins fanout capacitance slew delay arrival internal switching dynamic leakage total
1 _4567_ sg13g2_nand2_1 B,Y 63 0.229203 1.33794 1.0167 3.0167 - - - - -
2 _4603_ sg13g2_inv_1 A,Y 8 0.027467 0.367922 0.397749 3.41445 - - - - -
3 _4607_ sg13g2_nand2_1 A,Y 1 0.003013 0.083386 0.094075 3.50852 - - - - -
4 _2304_ sg13g2_nor2_1 B,Y 4 0.013784 0.144308 0.136068 3.64459 - - - - -
5 _2305_ sg13g2_inv_1 A,Y 3 0.009833 0.063621 0.079008 3.7236 - - - - -
6 _2540_ sg13g2_nor2_1 B,Y 4 0.012771 0.136696 0.122806 3.8464 - - - - -
7 _2728_ sg13g2_nand2_1 A,Y 64 0.210538 1.34605 0.996012 4.84241 - - - - -
8 _2780_ sg13g2_o21ai_1 A2,Y 1 0.001629 0.207514 0.267058 5.10947 - - - - -
9 _4628_ sg13g2_dfrbpq_1 D - - 0.207514 0 5.10947 - - - - -

Worst path 7: status=met slack=4.7268 type=max group=core
startpoint=tl_i[108] (input port clocked by core)
endpoint=_4629_ (rising edge-triggered flip-flop clocked by core)
path_power_complete=false missing_power_instances=_2304_,_2305_,_2540_,_2728_,_2778_,_4567_,_4603_,_4607_,_4629_
path_average_power_sum internal=0 switching=0 dynamic=0 leakage=0 total=0
stage instance cell pins fanout capacitance slew delay arrival internal switching dynamic leakage total
1 _4567_ sg13g2_nand2_1 B,Y 63 0.229203 1.33794 1.0167 3.0167 - - - - -
2 _4603_ sg13g2_inv_1 A,Y 8 0.027467 0.367922 0.397749 3.41445 - - - - -
3 _4607_ sg13g2_nand2_1 A,Y 1 0.003013 0.083386 0.094075 3.50852 - - - - -
4 _2304_ sg13g2_nor2_1 B,Y 4 0.013784 0.144308 0.136068 3.64459 - - - - -
5 _2305_ sg13g2_inv_1 A,Y 3 0.009833 0.063621 0.079008 3.7236 - - - - -
6 _2540_ sg13g2_nor2_1 B,Y 4 0.012771 0.136696 0.122806 3.8464 - - - - -
7 _2728_ sg13g2_nand2_1 A,Y 64 0.210538 1.34605 0.996012 4.84241 - - - - -
8 _2778_ sg13g2_o21ai_1 A2,Y 1 0.001629 0.207514 0.267058 5.10947 - - - - -
9 _4629_ sg13g2_dfrbpq_1 D - - 0.207514 0 5.10947 - - - - -

Worst path 8: status=met slack=4.7268 type=max group=core
startpoint=tl_i[108] (input port clocked by core)
endpoint=_4630_ (rising edge-triggered flip-flop clocked by core)
path_power_complete=false missing_power_instances=_2304_,_2305_,_2540_,_2728_,_2776_,_4567_,_4603_,_4607_,_4630_
path_average_power_sum internal=0 switching=0 dynamic=0 leakage=0 total=0
stage instance cell pins fanout capacitance slew delay arrival internal switching dynamic leakage total
1 _4567_ sg13g2_nand2_1 B,Y 63 0.229203 1.33794 1.0167 3.0167 - - - - -
2 _4603_ sg13g2_inv_1 A,Y 8 0.027467 0.367922 0.397749 3.41445 - - - - -
3 _4607_ sg13g2_nand2_1 A,Y 1 0.003013 0.083386 0.094075 3.50852 - - - - -
4 _2304_ sg13g2_nor2_1 B,Y 4 0.013784 0.144308 0.136068 3.64459 - - - - -
5 _2305_ sg13g2_inv_1 A,Y 3 0.009833 0.063621 0.079008 3.7236 - - - - -
6 _2540_ sg13g2_nor2_1 B,Y 4 0.012771 0.136696 0.122806 3.8464 - - - - -
7 _2728_ sg13g2_nand2_1 A,Y 64 0.210538 1.34605 0.996012 4.84241 - - - - -
8 _2776_ sg13g2_o21ai_1 A2,Y 1 0.001629 0.207514 0.267058 5.10947 - - - - -
9 _4630_ sg13g2_dfrbpq_1 D - - 0.207514 0 5.10947 - - - - -

Worst path 9: status=met slack=4.7268 type=max group=core
startpoint=tl_i[108] (input port clocked by core)
endpoint=_4631_ (rising edge-triggered flip-flop clocked by core)
path_power_complete=false missing_power_instances=_2304_,_2305_,_2540_,_2728_,_2774_,_4567_,_4603_,_4607_,_4631_
path_average_power_sum internal=0 switching=0 dynamic=0 leakage=0 total=0
stage instance cell pins fanout capacitance slew delay arrival internal switching dynamic leakage total
1 _4567_ sg13g2_nand2_1 B,Y 63 0.229203 1.33794 1.0167 3.0167 - - - - -
2 _4603_ sg13g2_inv_1 A,Y 8 0.027467 0.367922 0.397749 3.41445 - - - - -
3 _4607_ sg13g2_nand2_1 A,Y 1 0.003013 0.083386 0.094075 3.50852 - - - - -
4 _2304_ sg13g2_nor2_1 B,Y 4 0.013784 0.144308 0.136068 3.64459 - - - - -
5 _2305_ sg13g2_inv_1 A,Y 3 0.009833 0.063621 0.079008 3.7236 - - - - -
6 _2540_ sg13g2_nor2_1 B,Y 4 0.012771 0.136696 0.122806 3.8464 - - - - -
7 _2728_ sg13g2_nand2_1 A,Y 64 0.210538 1.34605 0.996012 4.84241 - - - - -
8 _2774_ sg13g2_o21ai_1 A2,Y 1 0.001629 0.207514 0.267058 5.10947 - - - - -
9 _4631_ sg13g2_dfrbpq_1 D - - 0.207514 0 5.10947 - - - - -

Worst path 10: status=met slack=4.7268 type=max group=core
startpoint=tl_i[108] (input port clocked by core)
endpoint=_4632_ (rising edge-triggered flip-flop clocked by core)
path_power_complete=false missing_power_instances=_2304_,_2305_,_2540_,_2728_,_2772_,_4567_,_4603_,_4607_,_4632_
path_average_power_sum internal=0 switching=0 dynamic=0 leakage=0 total=0
stage instance cell pins fanout capacitance slew delay arrival internal switching dynamic leakage total
1 _4567_ sg13g2_nand2_1 B,Y 63 0.229203 1.33794 1.0167 3.0167 - - - - -
2 _4603_ sg13g2_inv_1 A,Y 8 0.027467 0.367922 0.397749 3.41445 - - - - -
3 _4607_ sg13g2_nand2_1 A,Y 1 0.003013 0.083386 0.094075 3.50852 - - - - -
4 _2304_ sg13g2_nor2_1 B,Y 4 0.013784 0.144308 0.136068 3.64459 - - - - -
5 _2305_ sg13g2_inv_1 A,Y 3 0.009833 0.063621 0.079008 3.7236 - - - - -
6 _2540_ sg13g2_nor2_1 B,Y 4 0.012771 0.136696 0.122806 3.8464 - - - - -
7 _2728_ sg13g2_nand2_1 A,Y 64 0.210538 1.34605 0.996012 4.84241 - - - - -
8 _2772_ sg13g2_o21ai_1 A2,Y 1 0.001629 0.207514 0.267058 5.10947 - - - - -
9 _4632_ sg13g2_dfrbpq_1 D - - 0.207514 0 5.10947 - - - - -

Worst path 11: status=met slack=7.88534 type=max group=asynchronous
startpoint=rst_ni (input port clocked by core)
endpoint=_4608_ (recovery check against rising-edge clock core)
path_power_complete=false missing_power_instances=_4608_
path_average_power_sum internal=0 switching=0 dynamic=0 leakage=0 total=0
stage instance cell pins fanout capacitance slew delay arrival internal switching dynamic leakage total
1 _4608_ sg13g2_dfrbpq_1 RESET_B - - 0 0 2 - - - - -

Worst path 12: status=met slack=7.88534 type=max group=asynchronous
startpoint=rst_ni (input port clocked by core)
endpoint=_4609_ (recovery check against rising-edge clock core)
path_power_complete=false missing_power_instances=_4609_
path_average_power_sum internal=0 switching=0 dynamic=0 leakage=0 total=0
stage instance cell pins fanout capacitance slew delay arrival internal switching dynamic leakage total
1 _4609_ sg13g2_dfrbpq_1 RESET_B - - 0 0 2 - - - - -

Worst path 13: status=met slack=7.88534 type=max group=asynchronous
startpoint=rst_ni (input port clocked by core)
endpoint=_4610_ (recovery check against rising-edge clock core)
path_power_complete=false missing_power_instances=_4610_
path_average_power_sum internal=0 switching=0 dynamic=0 leakage=0 total=0
stage instance cell pins fanout capacitance slew delay arrival internal switching dynamic leakage total
1 _4610_ sg13g2_dfrbpq_1 RESET_B - - 0 0 2 - - - - -

Worst path 14: status=met slack=7.88534 type=max group=asynchronous
startpoint=rst_ni (input port clocked by core)
endpoint=_4611_ (recovery check against rising-edge clock core)
path_power_complete=false missing_power_instances=_4611_
path_average_power_sum internal=0 switching=0 dynamic=0 leakage=0 total=0
stage instance cell pins fanout capacitance slew delay arrival internal switching dynamic leakage total
1 _4611_ sg13g2_dfrbpq_1 RESET_B - - 0 0 2 - - - - -

Worst path 15: status=met slack=7.88534 type=max group=asynchronous
startpoint=rst_ni (input port clocked by core)
endpoint=_4612_ (recovery check against rising-edge clock core)
path_power_complete=false missing_power_instances=_4612_
path_average_power_sum internal=0 switching=0 dynamic=0 leakage=0 total=0
stage instance cell pins fanout capacitance slew delay arrival internal switching dynamic leakage total
1 _4612_ sg13g2_dfrbpq_1 RESET_B - - 0 0 2 - - - - -

Worst path 16: status=met slack=7.88534 type=max group=asynchronous
startpoint=rst_ni (input port clocked by core)
endpoint=_4613_ (recovery check against rising-edge clock core)
path_power_complete=false missing_power_instances=_4613_
path_average_power_sum internal=0 switching=0 dynamic=0 leakage=0 total=0
stage instance cell pins fanout capacitance slew delay arrival internal switching dynamic leakage total
1 _4613_ sg13g2_dfrbpq_1 RESET_B - - 0 0 2 - - - - -

Worst path 17: status=met slack=7.88534 type=max group=asynchronous
startpoint=rst_ni (input port clocked by core)
endpoint=_4614_ (recovery check against rising-edge clock core)
path_power_complete=false missing_power_instances=_4614_
path_average_power_sum internal=0 switching=0 dynamic=0 leakage=0 total=0
stage instance cell pins fanout capacitance slew delay arrival internal switching dynamic leakage total
1 _4614_ sg13g2_dfrbpq_1 RESET_B - - 0 0 2 - - - - -

Worst path 18: status=met slack=7.88534 type=max group=asynchronous
startpoint=rst_ni (input port clocked by core)
endpoint=_4615_ (recovery check against rising-edge clock core)
path_power_complete=false missing_power_instances=_4615_
path_average_power_sum internal=0 switching=0 dynamic=0 leakage=0 total=0
stage instance cell pins fanout capacitance slew delay arrival internal switching dynamic leakage total
1 _4615_ sg13g2_dfrbpq_1 RESET_B - - 0 0 2 - - - - -

Worst path 19: status=met slack=7.88534 type=max group=asynchronous
startpoint=rst_ni (input port clocked by core)
endpoint=_4616_ (recovery check against rising-edge clock core)
path_power_complete=false missing_power_instances=_4616_
path_average_power_sum internal=0 switching=0 dynamic=0 leakage=0 total=0
stage instance cell pins fanout capacitance slew delay arrival internal switching dynamic leakage total
1 _4616_ sg13g2_dfrbpq_1 RESET_B - - 0 0 2 - - - - -

Worst path 20: status=met slack=7.88534 type=max group=asynchronous
startpoint=rst_ni (input port clocked by core)
endpoint=_4617_ (recovery check against rising-edge clock core)
path_power_complete=false missing_power_instances=_4617_
path_average_power_sum internal=0 switching=0 dynamic=0 leakage=0 total=0
stage instance cell pins fanout capacitance slew delay arrival internal switching dynamic leakage total
1 _4617_ sg13g2_dfrbpq_1 RESET_B - - 0 0 2 - - - - -

=== Highest-power instances and worst path through each ===

Hotspot 1: instance=8.539278496755e-06 selected_worst_paths=none internal=5.51579e-08 switching=4.01528e-09 dynamic=5.91732e-08 leakage=8.59845e-06 total=4829
targeted_timing_path=not_found_or_unconstrained

Hotspot 2: instance=8.586815965828e-06 selected_worst_paths=none internal=1.39764e-10 switching=3.98181e-09 dynamic=4.12157e-09 leakage=8.59094e-06 total=4770
targeted_timing_path=not_found_or_unconstrained

Hotspot 3: instance=8.529270417057e-06 selected_worst_paths=none internal=5.2839e-10 switching=3.99247e-09 dynamic=4.52086e-09 leakage=8.53379e-06 total=4612
targeted_timing_path=not_found_or_unconstrained

Hotspot 4: instance=8.487661943946e-06 selected_worst_paths=none internal=2.91229e-10 switching=3.99857e-09 dynamic=4.2898e-09 leakage=8.49195e-06 total=4880
targeted_timing_path=not_found_or_unconstrained

Hotspot 5: instance=7.013268714218e-06 selected_worst_paths=none internal=1.41511e-06 switching=3.60029e-09 dynamic=1.41871e-06 leakage=8.43198e-06 total=4789
targeted_timing_path=not_found_or_unconstrained

Hotspot 6: instance=8.274689207610e-06 selected_worst_paths=none internal=2.29797e-08 switching=4.03085e-09 dynamic=2.70106e-08 leakage=8.3017e-06 total=4817
targeted_timing_path=not_found_or_unconstrained

Hotspot 7: instance=8.223608347180e-06 selected_worst_paths=none internal=2.13653e-09 switching=4.02688e-09 dynamic=6.16341e-09 leakage=8.22977e-06 total=4896
targeted_timing_path=not_found_or_unconstrained

Hotspot 8: instance=8.221723874158e-06 selected_worst_paths=none internal=8.66355e-10 switching=4.02538e-09 dynamic=4.89174e-09 leakage=8.22662e-06 total=4634
targeted_timing_path=not_found_or_unconstrained

Hotspot 9: instance=8.152990631061e-06 selected_worst_paths=none internal=8.73687e-10 switching=4.03004e-09 dynamic=4.90373e-09 leakage=8.15789e-06 total=4871
targeted_timing_path=not_found_or_unconstrained

Hotspot 10: instance=8.117661309370e-06 selected_worst_paths=none internal=2.84871e-09 switching=4.03262e-09 dynamic=6.88133e-09 leakage=8.12454e-06 total=4738
targeted_timing_path=not_found_or_unconstrained

Hotspot 11: instance=8.101694220386e-06 selected_worst_paths=none internal=3.98819e-09 switching=4.03417e-09 dynamic=8.02236e-09 leakage=8.10972e-06 total=4744
targeted_timing_path=not_found_or_unconstrained

Hotspot 12: instance=8.091538802546e-06 selected_worst_paths=none internal=3.98819e-09 switching=4.03442e-09 dynamic=8.02261e-09 leakage=8.09956e-06 total=4740
targeted_timing_path=not_found_or_unconstrained

Hotspot 13: instance=8.077781785687e-06 selected_worst_paths=none internal=3.98819e-09 switching=4.03419e-09 dynamic=8.02237e-09 leakage=8.0858e-06 total=4737
targeted_timing_path=not_found_or_unconstrained

Hotspot 14: instance=8.065715519479e-06 selected_worst_paths=none internal=6.899e-09 switching=4.03437e-09 dynamic=1.09334e-08 leakage=8.07665e-06 total=4821
targeted_timing_path=not_found_or_unconstrained

Hotspot 15: instance=8.061821972660e-06 selected_worst_paths=none internal=3.41845e-09 switching=4.03473e-09 dynamic=7.45317e-09 leakage=8.06928e-06 total=4745
targeted_timing_path=not_found_or_unconstrained

Hotspot 16: instance=8.057629202085e-06 selected_worst_paths=none internal=3.13358e-09 switching=4.03465e-09 dynamic=7.16822e-09 leakage=8.0648e-06 total=4757
targeted_timing_path=not_found_or_unconstrained

Hotspot 17: instance=8.055727448664e-06 selected_worst_paths=none internal=3.13358e-09 switching=4.03461e-09 dynamic=7.16819e-09 leakage=8.0629e-06 total=4748
targeted_timing_path=not_found_or_unconstrained

Hotspot 18: instance=8.054388672463e-06 selected_worst_paths=none internal=3.98819e-09 switching=4.03482e-09 dynamic=8.02301e-09 leakage=8.06241e-06 total=4742
targeted_timing_path=not_found_or_unconstrained

Hotspot 19: instance=8.050857104536e-06 selected_worst_paths=none internal=3.98819e-09 switching=4.03482e-09 dynamic=8.02301e-09 leakage=8.05888e-06 total=4743
targeted_timing_path=not_found_or_unconstrained

Hotspot 20: instance=8.050840733631e-06 selected_worst_paths=none internal=3.70332e-09 switching=4.03467e-09 dynamic=7.73799e-09 leakage=8.05858e-06 total=4741
targeted_timing_path=not_found_or_unconstrained
