
==========================================================================
floorplan final report_tns
--------------------------------------------------------------------------
tns max 0.00

==========================================================================
floorplan final report_wns
--------------------------------------------------------------------------
wns max 0.00

==========================================================================
floorplan final report_worst_slack
--------------------------------------------------------------------------
worst slack max 5.24

==========================================================================
floorplan final report_clock_min_period
--------------------------------------------------------------------------
core period_min = 4.76 fmax = 209.97

==========================================================================
floorplan final report_checks -path_delay min
--------------------------------------------------------------------------
Startpoint: rst_ni (input port clocked by core)
Endpoint: _391_ (removal check against rising-edge clock core)
Path Group: asynchronous
Path Type: min

Fanout     Cap    Slew   Delay    Time   Description
-----------------------------------------------------------------------------
                  0.00    0.05    0.05   clock core (rise edge)
                          0.05    0.10   clock network delay (ideal)
                          0.00    0.10 ^ input external delay
     4    0.02    0.00    0.00    0.10 ^ rst_ni (in)
                                         rst_ni (net)
                  0.00    0.00    0.10 ^ _391_/RESET_B (sg13g2_dfrbpq_1)
                                  0.10   data arrival time

                  0.00    0.05    0.05   clock core (rise edge)
                          0.05    0.10   clock network delay (ideal)
                          0.01    0.11   clock uncertainty
                          0.00    0.11   clock reconvergence pessimism
                                  0.11 ^ _391_/CLK (sg13g2_dfrbpq_1)
                         -0.10    0.01   library removal time
                                  0.01   data required time
-----------------------------------------------------------------------------
                                  0.01   data required time
                                 -0.10   data arrival time
-----------------------------------------------------------------------------
                                  0.09   slack (MET)


Startpoint: cio_gpio_i[3] (input port clocked by core)
Endpoint: _400_ (rising edge-triggered flip-flop clocked by core)
Path Group: core
Path Type: min

Fanout     Cap    Slew   Delay    Time   Description
-----------------------------------------------------------------------------
                  0.00    0.05    0.05   clock core (rise edge)
                          0.05    0.10   clock network delay (ideal)
                          0.00    0.10 v input external delay
     1    0.00    0.00    0.00    0.10 v cio_gpio_i[3] (in)
                                         cio_gpio_i[3] (net)
                  0.00    0.00    0.10 v _400_/D (sg13g2_dfrbpq_1)
                                  0.10   data arrival time

                  0.00    0.05    0.05   clock core (rise edge)
                          0.05    0.10   clock network delay (ideal)
                          0.01    0.11   clock uncertainty
                          0.00    0.11   clock reconvergence pessimism
                                  0.11 ^ _400_/CLK (sg13g2_dfrbpq_1)
                         -0.03    0.08   library hold time
                                  0.08   data required time
-----------------------------------------------------------------------------
                                  0.08   data required time
                                 -0.10   data arrival time
-----------------------------------------------------------------------------
                                  0.02   slack (MET)



==========================================================================
floorplan final report_checks -path_delay max
--------------------------------------------------------------------------
Startpoint: rst_ni (input port clocked by core)
Endpoint: _391_ (recovery check against rising-edge clock core)
Path Group: asynchronous
Path Type: max

Fanout     Cap    Slew   Delay    Time   Description
-----------------------------------------------------------------------------
                  0.00    0.05    0.05   clock core (rise edge)
                          0.05    0.10   clock network delay (ideal)
                          2.00    2.10 ^ input external delay
     4    0.02    0.00    0.00    2.10 ^ rst_ni (in)
                                         rst_ni (net)
                  0.00    0.00    2.10 ^ _391_/RESET_B (sg13g2_dfrbpq_1)
                                  2.10   data arrival time

                  0.00   10.05   10.05   clock core (rise edge)
                          0.05   10.10   clock network delay (ideal)
                         -0.02   10.08   clock uncertainty
                          0.00   10.08   clock reconvergence pessimism
                                 10.08 ^ _391_/CLK (sg13g2_dfrbpq_1)
                         -0.12    9.96   library recovery time
                                  9.96   data required time
-----------------------------------------------------------------------------
                                  9.96   data required time
                                 -2.10   data arrival time
-----------------------------------------------------------------------------
                                  7.86   slack (MET)


Startpoint: reg_req_i[36] (input port clocked by core)
Endpoint: reg_rsp_o[1] (output port clocked by core)
Path Group: core
Path Type: max

Fanout     Cap    Slew   Delay    Time   Description
-----------------------------------------------------------------------------
                  0.00    0.05    0.05   clock core (rise edge)
                          0.05    0.10   clock network delay (ideal)
                          2.00    2.10 v input external delay
     1    0.01    0.00    0.00    2.10 v reg_req_i[36] (in)
                                         reg_req_i[36] (net)
                  0.00    0.00    2.10 v _175_/A (sg13g2_nor2_2)
     2    0.01    0.04    0.05    2.15 ^ _175_/Y (sg13g2_nor2_2)
                                         _044_ (net)
                  0.04    0.00    2.15 ^ _177_/A (sg13g2_nand3_1)
     1    0.00    0.06    0.07    2.22 v _177_/Y (sg13g2_nand3_1)
                                         _046_ (net)
                  0.06    0.00    2.22 v _178_/A (sg13g2_buf_4)
    17    0.06    0.06    0.12    2.34 v _178_/X (sg13g2_buf_4)
                                         _047_ (net)
                  0.06    0.00    2.34 v _183_/A (sg13g2_nand2_2)
     1    0.01    0.04    0.04    2.38 ^ _183_/Y (sg13g2_nand2_2)
                                         _052_ (net)
                  0.04    0.00    2.38 ^ _184_/A (sg13g2_buf_8)
    18    0.07    0.05    0.09    2.47 ^ _184_/X (sg13g2_buf_8)
                                         _053_ (net)
                  0.05    0.00    2.47 ^ _187_/A (sg13g2_inv_4)
    16    0.04    0.04    0.05    2.52 v _187_/Y (sg13g2_inv_4)
                                         u_gpio_reg_reg_rsp_o_22_ (net)
                  0.04    0.00    2.52 v _225_/A2 (sg13g2_o21ai_1)
     1    0.00    0.07    0.08    2.60 ^ _225_/Y (sg13g2_o21ai_1)
                                         _076_ (net)
                  0.07    0.00    2.60 ^ _226_/B_N (sg13g2_nor2b_2)
     2    0.01    0.06    0.12    2.72 ^ _226_/Y (sg13g2_nor2b_2)
                                         _077_ (net)
                  0.06    0.00    2.72 ^ _227_/A (sg13g2_inv_2)
     2    0.01    0.02    0.04    2.76 v _227_/Y (sg13g2_inv_2)
                                         u_gpio_reg_reg_rsp_o_1_ (net)
                  0.02    0.00    2.76 v _435_/A (sg13g2_buf_1)
     1    0.01    0.04    0.08    2.84 v _435_/X (sg13g2_buf_1)
                                         reg_rsp_o[1] (net)
                  0.04    0.00    2.84 v reg_rsp_o[1] (out)
                                  2.84   data arrival time

                  0.00   10.05   10.05   clock core (rise edge)
                          0.05   10.10   clock network delay (ideal)
                         -0.02   10.08   clock uncertainty
                          0.00   10.08   clock reconvergence pessimism
                         -2.00    8.08   output external delay
                                  8.08   data required time
-----------------------------------------------------------------------------
                                  8.08   data required time
                                 -2.84   data arrival time
-----------------------------------------------------------------------------
                                  5.24   slack (MET)



==========================================================================
floorplan final report_checks -unconstrained
--------------------------------------------------------------------------
Startpoint: rst_ni (input port clocked by core)
Endpoint: _391_ (recovery check against rising-edge clock core)
Path Group: asynchronous
Path Type: max

Fanout     Cap    Slew   Delay    Time   Description
-----------------------------------------------------------------------------
                  0.00    0.05    0.05   clock core (rise edge)
                          0.05    0.10   clock network delay (ideal)
                          2.00    2.10 ^ input external delay
     4    0.02    0.00    0.00    2.10 ^ rst_ni (in)
                                         rst_ni (net)
                  0.00    0.00    2.10 ^ _391_/RESET_B (sg13g2_dfrbpq_1)
                                  2.10   data arrival time

                  0.00   10.05   10.05   clock core (rise edge)
                          0.05   10.10   clock network delay (ideal)
                         -0.02   10.08   clock uncertainty
                          0.00   10.08   clock reconvergence pessimism
                                 10.08 ^ _391_/CLK (sg13g2_dfrbpq_1)
                         -0.12    9.96   library recovery time
                                  9.96   data required time
-----------------------------------------------------------------------------
                                  9.96   data required time
                                 -2.10   data arrival time
-----------------------------------------------------------------------------
                                  7.86   slack (MET)


Startpoint: reg_req_i[36] (input port clocked by core)
Endpoint: reg_rsp_o[1] (output port clocked by core)
Path Group: core
Path Type: max

Fanout     Cap    Slew   Delay    Time   Description
-----------------------------------------------------------------------------
                  0.00    0.05    0.05   clock core (rise edge)
                          0.05    0.10   clock network delay (ideal)
                          2.00    2.10 v input external delay
     1    0.01    0.00    0.00    2.10 v reg_req_i[36] (in)
                                         reg_req_i[36] (net)
                  0.00    0.00    2.10 v _175_/A (sg13g2_nor2_2)
     2    0.01    0.04    0.05    2.15 ^ _175_/Y (sg13g2_nor2_2)
                                         _044_ (net)
                  0.04    0.00    2.15 ^ _177_/A (sg13g2_nand3_1)
     1    0.00    0.06    0.07    2.22 v _177_/Y (sg13g2_nand3_1)
                                         _046_ (net)
                  0.06    0.00    2.22 v _178_/A (sg13g2_buf_4)
    17    0.06    0.06    0.12    2.34 v _178_/X (sg13g2_buf_4)
                                         _047_ (net)
                  0.06    0.00    2.34 v _183_/A (sg13g2_nand2_2)
     1    0.01    0.04    0.04    2.38 ^ _183_/Y (sg13g2_nand2_2)
                                         _052_ (net)
                  0.04    0.00    2.38 ^ _184_/A (sg13g2_buf_8)
    18    0.07    0.05    0.09    2.47 ^ _184_/X (sg13g2_buf_8)
                                         _053_ (net)
                  0.05    0.00    2.47 ^ _187_/A (sg13g2_inv_4)
    16    0.04    0.04    0.05    2.52 v _187_/Y (sg13g2_inv_4)
                                         u_gpio_reg_reg_rsp_o_22_ (net)
                  0.04    0.00    2.52 v _225_/A2 (sg13g2_o21ai_1)
     1    0.00    0.07    0.08    2.60 ^ _225_/Y (sg13g2_o21ai_1)
                                         _076_ (net)
                  0.07    0.00    2.60 ^ _226_/B_N (sg13g2_nor2b_2)
     2    0.01    0.06    0.12    2.72 ^ _226_/Y (sg13g2_nor2b_2)
                                         _077_ (net)
                  0.06    0.00    2.72 ^ _227_/A (sg13g2_inv_2)
     2    0.01    0.02    0.04    2.76 v _227_/Y (sg13g2_inv_2)
                                         u_gpio_reg_reg_rsp_o_1_ (net)
                  0.02    0.00    2.76 v _435_/A (sg13g2_buf_1)
     1    0.01    0.04    0.08    2.84 v _435_/X (sg13g2_buf_1)
                                         reg_rsp_o[1] (net)
                  0.04    0.00    2.84 v reg_rsp_o[1] (out)
                                  2.84   data arrival time

                  0.00   10.05   10.05   clock core (rise edge)
                          0.05   10.10   clock network delay (ideal)
                         -0.02   10.08   clock uncertainty
                          0.00   10.08   clock reconvergence pessimism
                         -2.00    8.08   output external delay
                                  8.08   data required time
-----------------------------------------------------------------------------
                                  8.08   data required time
                                 -2.84   data arrival time
-----------------------------------------------------------------------------
                                  5.24   slack (MET)



==========================================================================
floorplan final report_power
--------------------------------------------------------------------------
Group                  Internal  Switching    Leakage      Total
                          Power      Power      Power      Power (Watts)
----------------------------------------------------------------
Sequential             4.45e-04   1.13e-05   3.66e-08   4.56e-04  91.3%
Combinational          2.41e-05   1.92e-05   2.97e-08   4.34e-05   8.7%
Clock                  0.00e+00   0.00e+00   0.00e+00   0.00e+00   0.0%
Macro                  0.00e+00   0.00e+00   0.00e+00   0.00e+00   0.0%
Pad                    0.00e+00   0.00e+00   0.00e+00   0.00e+00   0.0%
----------------------------------------------------------------
Total                  4.69e-04   3.05e-05   6.63e-08   4.99e-04 100.0%
                          93.9%       6.1%       0.0%
