
==========================================================================
floorplan final report_tns
--------------------------------------------------------------------------
tns max 0.00

==========================================================================
floorplan final report_wns
--------------------------------------------------------------------------
wns max 0.00

==========================================================================
floorplan final report_worst_slack
--------------------------------------------------------------------------
worst slack max 15.19

==========================================================================
floorplan final report_clock_min_period
--------------------------------------------------------------------------
core_clock period_min = 4.81 fmax = 207.82

==========================================================================
floorplan final report_checks -path_delay min
--------------------------------------------------------------------------
Startpoint: rst_ni (input port clocked by core_clock)
Endpoint: u_my_ip_core.u_sync_name.u_sync_1.q_o$_DFF_PN0_
          (removal check against rising-edge clock core_clock)
Path Group: asynchronous
Path Type: min

Fanout     Cap    Slew   Delay    Time   Description
-----------------------------------------------------------------------------
                  0.00    0.00    0.00   clock core_clock (rise edge)
                          0.00    0.00   clock network delay (ideal)
                          4.00    4.00 ^ input external delay
    53    0.19    0.00    0.00    4.00 ^ rst_ni (in)
                                         rst_ni (net)
                  0.00    0.00    4.00 ^ u_my_ip_core.u_sync_name.u_sync_1.q_o$_DFF_PN0_/RESET_B (sky130_fd_sc_hd__dfrtp_1)
                                  4.00   data arrival time

                  0.00    0.00    0.00   clock core_clock (rise edge)
                          0.00    0.00   clock network delay (ideal)
                          0.00    0.00   clock reconvergence pessimism
                                  0.00 ^ u_my_ip_core.u_sync_name.u_sync_1.q_o$_DFF_PN0_/CLK (sky130_fd_sc_hd__dfrtp_1)
                          0.30    0.30   library removal time
                                  0.30   data required time
-----------------------------------------------------------------------------
                                  0.30   data required time
                                 -4.00   data arrival time
-----------------------------------------------------------------------------
                                  3.70   slack (MET)


Startpoint: u_my_ip_core.u_sync_name.u_sync_1.q_o$_DFF_PN0_
            (rising edge-triggered flip-flop clocked by core_clock)
Endpoint: u_my_ip_core.u_sync_name.u_sync_2.q_o$_DFF_PN0_
          (rising edge-triggered flip-flop clocked by core_clock)
Path Group: core_clock
Path Type: min

Fanout     Cap    Slew   Delay    Time   Description
-----------------------------------------------------------------------------
                  0.00    0.00    0.00   clock core_clock (rise edge)
                          0.00    0.00   clock network delay (ideal)
                  0.00    0.00    0.00 ^ u_my_ip_core.u_sync_name.u_sync_1.q_o$_DFF_PN0_/CLK (sky130_fd_sc_hd__dfrtp_1)
     1    0.00    0.04    0.29    0.29 ^ u_my_ip_core.u_sync_name.u_sync_1.q_o$_DFF_PN0_/Q (sky130_fd_sc_hd__dfrtp_1)
                                         u_my_ip_core.u_sync_name.intq (net)
                  0.04    0.00    0.29 ^ u_my_ip_core.u_sync_name.u_sync_2.q_o$_DFF_PN0_/D (sky130_fd_sc_hd__dfrtp_1)
                                  0.29   data arrival time

                  0.00    0.00    0.00   clock core_clock (rise edge)
                          0.00    0.00   clock network delay (ideal)
                          0.00    0.00   clock reconvergence pessimism
                                  0.00 ^ u_my_ip_core.u_sync_name.u_sync_2.q_o$_DFF_PN0_/CLK (sky130_fd_sc_hd__dfrtp_1)
                         -0.04   -0.04   library hold time
                                 -0.04   data required time
-----------------------------------------------------------------------------
                                 -0.04   data required time
                                 -0.29   data arrival time
-----------------------------------------------------------------------------
                                  0.33   slack (MET)



==========================================================================
floorplan final report_checks -path_delay max
--------------------------------------------------------------------------
Startpoint: rst_ni (input port clocked by core_clock)
Endpoint: u_my_ip_core.u_sync_name.u_sync_1.q_o$_DFF_PN0_
          (recovery check against rising-edge clock core_clock)
Path Group: asynchronous
Path Type: max

Fanout     Cap    Slew   Delay    Time   Description
-----------------------------------------------------------------------------
                  0.00    0.00    0.00   clock core_clock (rise edge)
                          0.00    0.00   clock network delay (ideal)
                          4.00    4.00 ^ input external delay
    53    0.19    0.00    0.00    4.00 ^ rst_ni (in)
                                         rst_ni (net)
                  0.00    0.00    4.00 ^ u_my_ip_core.u_sync_name.u_sync_1.q_o$_DFF_PN0_/RESET_B (sky130_fd_sc_hd__dfrtp_1)
                                  4.00   data arrival time

                  0.00   20.00   20.00   clock core_clock (rise edge)
                          0.00   20.00   clock network delay (ideal)
                          0.00   20.00   clock reconvergence pessimism
                                 20.00 ^ u_my_ip_core.u_sync_name.u_sync_1.q_o$_DFF_PN0_/CLK (sky130_fd_sc_hd__dfrtp_1)
                          0.23   20.23   library recovery time
                                 20.23   data required time
-----------------------------------------------------------------------------
                                 20.23   data required time
                                 -4.00   data arrival time
-----------------------------------------------------------------------------
                                 16.23   slack (MET)


Startpoint: tl_i[107] (input port clocked by core_clock)
Endpoint: u_my_ip_reg.u_ctrl_en.q$_DFFE_PN0P_
          (rising edge-triggered flip-flop clocked by core_clock)
Path Group: core_clock
Path Type: max

Fanout     Cap    Slew   Delay    Time   Description
-----------------------------------------------------------------------------
                  0.00    0.00    0.00   clock core_clock (rise edge)
                          0.00    0.00   clock network delay (ideal)
                          4.00    4.00 v input external delay
     2    0.00    0.00    0.00    4.00 v tl_i[107] (in)
                                         tl_i[107] (net)
                  0.00    0.00    4.00 v _206_/A (sky130_fd_sc_hd__nor2_1)
     2    0.01    0.23    0.19    4.19 ^ _206_/Y (sky130_fd_sc_hd__nor2_1)
                                         _054_ (net)
                  0.23    0.00    4.19 ^ _207_/C (sky130_fd_sc_hd__nand3_4)
    10    0.03    0.13    0.16    4.35 v _207_/Y (sky130_fd_sc_hd__nand3_4)
                                         _055_ (net)
                  0.13    0.00    4.35 v _208_/A (sky130_fd_sc_hd__buf_6)
    10    0.02    0.04    0.17    4.52 v _208_/X (sky130_fd_sc_hd__buf_6)
                                         _056_ (net)
                  0.04    0.00    4.52 v _219_/A1 (sky130_fd_sc_hd__o21bai_1)
     1    0.00    0.10    0.12    4.64 ^ _219_/Y (sky130_fd_sc_hd__o21bai_1)
                                         _067_ (net)
                  0.10    0.00    4.64 ^ _226_/A (sky130_fd_sc_hd__nand2_1)
     1    0.00    0.04    0.05    4.69 v _226_/Y (sky130_fd_sc_hd__nand2_1)
                                         _000_ (net)
                  0.04    0.00    4.69 v u_my_ip_reg.u_ctrl_en.q$_DFFE_PN0P_/D (sky130_fd_sc_hd__dfrtp_1)
                                  4.69   data arrival time

                  0.00   20.00   20.00   clock core_clock (rise edge)
                          0.00   20.00   clock network delay (ideal)
                          0.00   20.00   clock reconvergence pessimism
                                 20.00 ^ u_my_ip_reg.u_ctrl_en.q$_DFFE_PN0P_/CLK (sky130_fd_sc_hd__dfrtp_1)
                         -0.12   19.88   library setup time
                                 19.88   data required time
-----------------------------------------------------------------------------
                                 19.88   data required time
                                 -4.69   data arrival time
-----------------------------------------------------------------------------
                                 15.19   slack (MET)



==========================================================================
floorplan final report_checks -unconstrained
--------------------------------------------------------------------------
Startpoint: rst_ni (input port clocked by core_clock)
Endpoint: u_my_ip_core.u_sync_name.u_sync_1.q_o$_DFF_PN0_
          (recovery check against rising-edge clock core_clock)
Path Group: asynchronous
Path Type: max

Fanout     Cap    Slew   Delay    Time   Description
-----------------------------------------------------------------------------
                  0.00    0.00    0.00   clock core_clock (rise edge)
                          0.00    0.00   clock network delay (ideal)
                          4.00    4.00 ^ input external delay
    53    0.19    0.00    0.00    4.00 ^ rst_ni (in)
                                         rst_ni (net)
                  0.00    0.00    4.00 ^ u_my_ip_core.u_sync_name.u_sync_1.q_o$_DFF_PN0_/RESET_B (sky130_fd_sc_hd__dfrtp_1)
                                  4.00   data arrival time

                  0.00   20.00   20.00   clock core_clock (rise edge)
                          0.00   20.00   clock network delay (ideal)
                          0.00   20.00   clock reconvergence pessimism
                                 20.00 ^ u_my_ip_core.u_sync_name.u_sync_1.q_o$_DFF_PN0_/CLK (sky130_fd_sc_hd__dfrtp_1)
                          0.23   20.23   library recovery time
                                 20.23   data required time
-----------------------------------------------------------------------------
                                 20.23   data required time
                                 -4.00   data arrival time
-----------------------------------------------------------------------------
                                 16.23   slack (MET)


Startpoint: tl_i[107] (input port clocked by core_clock)
Endpoint: u_my_ip_reg.u_ctrl_en.q$_DFFE_PN0P_
          (rising edge-triggered flip-flop clocked by core_clock)
Path Group: core_clock
Path Type: max

Fanout     Cap    Slew   Delay    Time   Description
-----------------------------------------------------------------------------
                  0.00    0.00    0.00   clock core_clock (rise edge)
                          0.00    0.00   clock network delay (ideal)
                          4.00    4.00 v input external delay
     2    0.00    0.00    0.00    4.00 v tl_i[107] (in)
                                         tl_i[107] (net)
                  0.00    0.00    4.00 v _206_/A (sky130_fd_sc_hd__nor2_1)
     2    0.01    0.23    0.19    4.19 ^ _206_/Y (sky130_fd_sc_hd__nor2_1)
                                         _054_ (net)
                  0.23    0.00    4.19 ^ _207_/C (sky130_fd_sc_hd__nand3_4)
    10    0.03    0.13    0.16    4.35 v _207_/Y (sky130_fd_sc_hd__nand3_4)
                                         _055_ (net)
                  0.13    0.00    4.35 v _208_/A (sky130_fd_sc_hd__buf_6)
    10    0.02    0.04    0.17    4.52 v _208_/X (sky130_fd_sc_hd__buf_6)
                                         _056_ (net)
                  0.04    0.00    4.52 v _219_/A1 (sky130_fd_sc_hd__o21bai_1)
     1    0.00    0.10    0.12    4.64 ^ _219_/Y (sky130_fd_sc_hd__o21bai_1)
                                         _067_ (net)
                  0.10    0.00    4.64 ^ _226_/A (sky130_fd_sc_hd__nand2_1)
     1    0.00    0.04    0.05    4.69 v _226_/Y (sky130_fd_sc_hd__nand2_1)
                                         _000_ (net)
                  0.04    0.00    4.69 v u_my_ip_reg.u_ctrl_en.q$_DFFE_PN0P_/D (sky130_fd_sc_hd__dfrtp_1)
                                  4.69   data arrival time

                  0.00   20.00   20.00   clock core_clock (rise edge)
                          0.00   20.00   clock network delay (ideal)
                          0.00   20.00   clock reconvergence pessimism
                                 20.00 ^ u_my_ip_reg.u_ctrl_en.q$_DFFE_PN0P_/CLK (sky130_fd_sc_hd__dfrtp_1)
                         -0.12   19.88   library setup time
                                 19.88   data required time
-----------------------------------------------------------------------------
                                 19.88   data required time
                                 -4.69   data arrival time
-----------------------------------------------------------------------------
                                 15.19   slack (MET)



==========================================================================
floorplan final report_power
--------------------------------------------------------------------------
Group                  Internal  Switching    Leakage      Total
                          Power      Power      Power      Power (Watts)
----------------------------------------------------------------
Sequential             1.30e-04   6.36e-06   6.04e-10   1.37e-04  79.7%
Combinational          2.06e-05   1.43e-05   8.30e-10   3.49e-05  20.3%
Clock                  0.00e+00   0.00e+00   0.00e+00   0.00e+00   0.0%
Macro                  0.00e+00   0.00e+00   0.00e+00   0.00e+00   0.0%
Pad                    0.00e+00   0.00e+00   0.00e+00   0.00e+00   0.0%
----------------------------------------------------------------
Total                  1.51e-04   2.06e-05   1.43e-09   1.72e-04 100.0%
                          88.0%      12.0%       0.0%
