
==========================================================================
detailed place report_tns
--------------------------------------------------------------------------
tns max 0.00

==========================================================================
detailed place report_wns
--------------------------------------------------------------------------
wns max 0.00

==========================================================================
detailed place report_worst_slack
--------------------------------------------------------------------------
worst slack max 13.70

==========================================================================
detailed place report_clock_min_period
--------------------------------------------------------------------------
core_clock period_min = 6.30 fmax = 158.78

==========================================================================
detailed place report_checks -path_delay min
--------------------------------------------------------------------------
Startpoint: rst_ni (input port clocked by core_clock)
Endpoint: u_my_ip_reg.u_ctrl_setting.q[12]$_DFFE_PN0P_
          (removal check against rising-edge clock core_clock)
Path Group: asynchronous
Path Type: min

Fanout     Cap    Slew   Delay    Time   Description
-----------------------------------------------------------------------------
                  0.00    0.00    0.00   clock core_clock (rise edge)
                          0.00    0.00   clock network delay (ideal)
                          4.00    4.00 ^ input external delay
     1    0.00    0.00    0.00    4.00 ^ rst_ni (in)
                                         rst_ni (net)
                  0.00    0.00    4.00 ^ input22/A (sky130_fd_sc_hd__buf_2)
     1    0.00    0.03    0.08    4.08 ^ input22/X (sky130_fd_sc_hd__buf_2)
                                         net21 (net)
                  0.03    0.00    4.08 ^ place114/A (sky130_fd_sc_hd__buf_4)
    53    0.26    0.71    0.57    4.64 ^ place114/X (sky130_fd_sc_hd__buf_4)
                                         net113 (net)
                  0.71    0.00    4.65 ^ u_my_ip_reg.u_ctrl_setting.q[12]$_DFFE_PN0P_/RESET_B (sky130_fd_sc_hd__dfrtp_1)
                                  4.65   data arrival time

                  0.00    0.00    0.00   clock core_clock (rise edge)
                          0.00    0.00   clock network delay (ideal)
                          0.00    0.00   clock reconvergence pessimism
                                  0.00 ^ u_my_ip_reg.u_ctrl_setting.q[12]$_DFFE_PN0P_/CLK (sky130_fd_sc_hd__dfrtp_1)
                          0.49    0.49   library removal time
                                  0.49   data required time
-----------------------------------------------------------------------------
                                  0.49   data required time
                                 -4.65   data arrival time
-----------------------------------------------------------------------------
                                  4.16   slack (MET)


Startpoint: u_my_ip_core.u_sync_name.u_sync_1.q_o$_DFF_PN0_
            (rising edge-triggered flip-flop clocked by core_clock)
Endpoint: u_my_ip_core.u_sync_name.u_sync_2.q_o$_DFF_PN0_
          (rising edge-triggered flip-flop clocked by core_clock)
Path Group: core_clock
Path Type: min

Fanout     Cap    Slew   Delay    Time   Description
-----------------------------------------------------------------------------
                  0.00    0.00    0.00   clock core_clock (rise edge)
                          0.00    0.00   clock network delay (ideal)
                  0.00    0.00    0.00 ^ u_my_ip_core.u_sync_name.u_sync_1.q_o$_DFF_PN0_/CLK (sky130_fd_sc_hd__dfrtp_1)
     1    0.00    0.04    0.30    0.30 ^ u_my_ip_core.u_sync_name.u_sync_1.q_o$_DFF_PN0_/Q (sky130_fd_sc_hd__dfrtp_1)
                                         u_my_ip_core.u_sync_name.intq (net)
                  0.04    0.00    0.30 ^ u_my_ip_core.u_sync_name.u_sync_2.q_o$_DFF_PN0_/D (sky130_fd_sc_hd__dfrtp_1)
                                  0.30   data arrival time

                  0.00    0.00    0.00   clock core_clock (rise edge)
                          0.00    0.00   clock network delay (ideal)
                          0.00    0.00   clock reconvergence pessimism
                                  0.00 ^ u_my_ip_core.u_sync_name.u_sync_2.q_o$_DFF_PN0_/CLK (sky130_fd_sc_hd__dfrtp_1)
                         -0.04   -0.04   library hold time
                                 -0.04   data required time
-----------------------------------------------------------------------------
                                 -0.04   data required time
                                 -0.30   data arrival time
-----------------------------------------------------------------------------
                                  0.34   slack (MET)



==========================================================================
detailed place report_checks -path_delay max
--------------------------------------------------------------------------
Startpoint: rst_ni (input port clocked by core_clock)
Endpoint: u_my_ip_reg.u_reg_if.reqid_q[2]$_DFFE_PN0P_
          (recovery check against rising-edge clock core_clock)
Path Group: asynchronous
Path Type: max

Fanout     Cap    Slew   Delay    Time   Description
-----------------------------------------------------------------------------
                  0.00    0.00    0.00   clock core_clock (rise edge)
                          0.00    0.00   clock network delay (ideal)
                          4.00    4.00 ^ input external delay
     1    0.00    0.00    0.00    4.00 ^ rst_ni (in)
                                         rst_ni (net)
                  0.00    0.00    4.00 ^ input22/A (sky130_fd_sc_hd__buf_2)
     1    0.00    0.03    0.08    4.08 ^ input22/X (sky130_fd_sc_hd__buf_2)
                                         net21 (net)
                  0.03    0.00    4.08 ^ place114/A (sky130_fd_sc_hd__buf_4)
    53    0.26    0.71    0.57    4.64 ^ place114/X (sky130_fd_sc_hd__buf_4)
                                         net113 (net)
                  0.71    0.01    4.65 ^ u_my_ip_reg.u_reg_if.reqid_q[2]$_DFFE_PN0P_/RESET_B (sky130_fd_sc_hd__dfrtp_1)
                                  4.65   data arrival time

                  0.00   20.00   20.00   clock core_clock (rise edge)
                          0.00   20.00   clock network delay (ideal)
                          0.00   20.00   clock reconvergence pessimism
                                 20.00 ^ u_my_ip_reg.u_reg_if.reqid_q[2]$_DFFE_PN0P_/CLK (sky130_fd_sc_hd__dfrtp_1)
                          0.04   20.04   library recovery time
                                 20.04   data required time
-----------------------------------------------------------------------------
                                 20.04   data required time
                                 -4.65   data arrival time
-----------------------------------------------------------------------------
                                 15.39   slack (MET)


Startpoint: tl_i[108] (input port clocked by core_clock)
Endpoint: u_my_ip_reg.u_reg_if.rdata[7]$_DFFE_PN0P_
          (rising edge-triggered flip-flop clocked by core_clock)
Path Group: core_clock
Path Type: max

Fanout     Cap    Slew   Delay    Time   Description
-----------------------------------------------------------------------------
                  0.00    0.00    0.00   clock core_clock (rise edge)
                          0.00    0.00   clock network delay (ideal)
                          4.00    4.00 ^ input external delay
     1    0.00    0.00    0.00    4.00 ^ tl_i[108] (in)
                                         tl_i[108] (net)
                  0.00    0.00    4.00 ^ input29/A (sky130_fd_sc_hd__clkdlybuf4s50_1)
     1    0.00    0.04    0.45    4.45 ^ input29/X (sky130_fd_sc_hd__clkdlybuf4s50_1)
                                         net28 (net)
                  0.04    0.00    4.45 ^ _203_/A (sky130_fd_sc_hd__inv_1)
     1    0.01    0.05    0.06    4.50 v _203_/Y (sky130_fd_sc_hd__inv_1)
                                         _051_ (net)
                  0.05    0.00    4.51 v _204_/B (sky130_fd_sc_hd__nor2_4)
    34    0.14    0.81    0.62    5.12 ^ _204_/Y (sky130_fd_sc_hd__nor2_4)
                                         _052_ (net)
                  0.81    0.00    5.13 ^ _295_/A (sky130_fd_sc_hd__nand2_1)
    19    0.07    0.51    0.62    5.75 v _295_/Y (sky130_fd_sc_hd__nand2_1)
                                         _125_ (net)
                  0.51    0.00    5.75 v _308_/A (sky130_fd_sc_hd__nand3_1)
     3    0.01    0.19    0.29    6.04 ^ _308_/Y (sky130_fd_sc_hd__nand3_1)
                                         _135_ (net)
                  0.19    0.00    6.04 ^ _369_/B1 (sky130_fd_sc_hd__o21ai_0)
     1    0.00    0.13    0.11    6.15 v _369_/Y (sky130_fd_sc_hd__o21ai_0)
                                         _177_ (net)
                  0.13    0.00    6.15 v _370_/A (sky130_fd_sc_hd__inv_1)
     1    0.00    0.05    0.08    6.23 ^ _370_/Y (sky130_fd_sc_hd__inv_1)
                                         _039_ (net)
                  0.05    0.00    6.23 ^ u_my_ip_reg.u_reg_if.rdata[7]$_DFFE_PN0P_/D (sky130_fd_sc_hd__dfrtp_1)
                                  6.23   data arrival time

                  0.00   20.00   20.00   clock core_clock (rise edge)
                          0.00   20.00   clock network delay (ideal)
                          0.00   20.00   clock reconvergence pessimism
                                 20.00 ^ u_my_ip_reg.u_reg_if.rdata[7]$_DFFE_PN0P_/CLK (sky130_fd_sc_hd__dfrtp_1)
                         -0.07   19.93   library setup time
                                 19.93   data required time
-----------------------------------------------------------------------------
                                 19.93   data required time
                                 -6.23   data arrival time
-----------------------------------------------------------------------------
                                 13.70   slack (MET)



==========================================================================
detailed place report_checks -unconstrained
--------------------------------------------------------------------------
Startpoint: rst_ni (input port clocked by core_clock)
Endpoint: u_my_ip_reg.u_reg_if.reqid_q[2]$_DFFE_PN0P_
          (recovery check against rising-edge clock core_clock)
Path Group: asynchronous
Path Type: max

Fanout     Cap    Slew   Delay    Time   Description
-----------------------------------------------------------------------------
                  0.00    0.00    0.00   clock core_clock (rise edge)
                          0.00    0.00   clock network delay (ideal)
                          4.00    4.00 ^ input external delay
     1    0.00    0.00    0.00    4.00 ^ rst_ni (in)
                                         rst_ni (net)
                  0.00    0.00    4.00 ^ input22/A (sky130_fd_sc_hd__buf_2)
     1    0.00    0.03    0.08    4.08 ^ input22/X (sky130_fd_sc_hd__buf_2)
                                         net21 (net)
                  0.03    0.00    4.08 ^ place114/A (sky130_fd_sc_hd__buf_4)
    53    0.26    0.71    0.57    4.64 ^ place114/X (sky130_fd_sc_hd__buf_4)
                                         net113 (net)
                  0.71    0.01    4.65 ^ u_my_ip_reg.u_reg_if.reqid_q[2]$_DFFE_PN0P_/RESET_B (sky130_fd_sc_hd__dfrtp_1)
                                  4.65   data arrival time

                  0.00   20.00   20.00   clock core_clock (rise edge)
                          0.00   20.00   clock network delay (ideal)
                          0.00   20.00   clock reconvergence pessimism
                                 20.00 ^ u_my_ip_reg.u_reg_if.reqid_q[2]$_DFFE_PN0P_/CLK (sky130_fd_sc_hd__dfrtp_1)
                          0.04   20.04   library recovery time
                                 20.04   data required time
-----------------------------------------------------------------------------
                                 20.04   data required time
                                 -4.65   data arrival time
-----------------------------------------------------------------------------
                                 15.39   slack (MET)


Startpoint: tl_i[108] (input port clocked by core_clock)
Endpoint: u_my_ip_reg.u_reg_if.rdata[7]$_DFFE_PN0P_
          (rising edge-triggered flip-flop clocked by core_clock)
Path Group: core_clock
Path Type: max

Fanout     Cap    Slew   Delay    Time   Description
-----------------------------------------------------------------------------
                  0.00    0.00    0.00   clock core_clock (rise edge)
                          0.00    0.00   clock network delay (ideal)
                          4.00    4.00 ^ input external delay
     1    0.00    0.00    0.00    4.00 ^ tl_i[108] (in)
                                         tl_i[108] (net)
                  0.00    0.00    4.00 ^ input29/A (sky130_fd_sc_hd__clkdlybuf4s50_1)
     1    0.00    0.04    0.45    4.45 ^ input29/X (sky130_fd_sc_hd__clkdlybuf4s50_1)
                                         net28 (net)
                  0.04    0.00    4.45 ^ _203_/A (sky130_fd_sc_hd__inv_1)
     1    0.01    0.05    0.06    4.50 v _203_/Y (sky130_fd_sc_hd__inv_1)
                                         _051_ (net)
                  0.05    0.00    4.51 v _204_/B (sky130_fd_sc_hd__nor2_4)
    34    0.14    0.81    0.62    5.12 ^ _204_/Y (sky130_fd_sc_hd__nor2_4)
                                         _052_ (net)
                  0.81    0.00    5.13 ^ _295_/A (sky130_fd_sc_hd__nand2_1)
    19    0.07    0.51    0.62    5.75 v _295_/Y (sky130_fd_sc_hd__nand2_1)
                                         _125_ (net)
                  0.51    0.00    5.75 v _308_/A (sky130_fd_sc_hd__nand3_1)
     3    0.01    0.19    0.29    6.04 ^ _308_/Y (sky130_fd_sc_hd__nand3_1)
                                         _135_ (net)
                  0.19    0.00    6.04 ^ _369_/B1 (sky130_fd_sc_hd__o21ai_0)
     1    0.00    0.13    0.11    6.15 v _369_/Y (sky130_fd_sc_hd__o21ai_0)
                                         _177_ (net)
                  0.13    0.00    6.15 v _370_/A (sky130_fd_sc_hd__inv_1)
     1    0.00    0.05    0.08    6.23 ^ _370_/Y (sky130_fd_sc_hd__inv_1)
                                         _039_ (net)
                  0.05    0.00    6.23 ^ u_my_ip_reg.u_reg_if.rdata[7]$_DFFE_PN0P_/D (sky130_fd_sc_hd__dfrtp_1)
                                  6.23   data arrival time

                  0.00   20.00   20.00   clock core_clock (rise edge)
                          0.00   20.00   clock network delay (ideal)
                          0.00   20.00   clock reconvergence pessimism
                                 20.00 ^ u_my_ip_reg.u_reg_if.rdata[7]$_DFFE_PN0P_/CLK (sky130_fd_sc_hd__dfrtp_1)
                         -0.07   19.93   library setup time
                                 19.93   data required time
-----------------------------------------------------------------------------
                                 19.93   data required time
                                 -6.23   data arrival time
-----------------------------------------------------------------------------
                                 13.70   slack (MET)



==========================================================================
detailed place report_check_types -max_slew -max_cap -max_fanout -violators
--------------------------------------------------------------------------

==========================================================================
detailed place max_slew_check_slack
--------------------------------------------------------------------------
0.6891087293624878

==========================================================================
detailed place max_slew_check_limit
--------------------------------------------------------------------------
1.4964489936828613

==========================================================================
detailed place max_slew_check_slack_limit
--------------------------------------------------------------------------
0.4605

==========================================================================
detailed place max_fanout_check_slack
--------------------------------------------------------------------------
1.0000000150474662e+30

==========================================================================
detailed place max_fanout_check_limit
--------------------------------------------------------------------------
1.0000000150474662e+30

==========================================================================
detailed place max_capacitance_check_slack
--------------------------------------------------------------------------
0.04685971513390541

==========================================================================
detailed place max_capacitance_check_limit
--------------------------------------------------------------------------
0.05036399886012077

==========================================================================
detailed place max_capacitance_check_slack_limit
--------------------------------------------------------------------------
0.9304

==========================================================================
detailed place max_slew_violation_count
--------------------------------------------------------------------------
max slew violation count 0

==========================================================================
detailed place max_fanout_violation_count
--------------------------------------------------------------------------
max fanout violation count 0

==========================================================================
detailed place max_cap_violation_count
--------------------------------------------------------------------------
max cap violation count 0

==========================================================================
detailed place setup_violation_count
--------------------------------------------------------------------------
setup violation count 0

==========================================================================
detailed place hold_violation_count
--------------------------------------------------------------------------
hold violation count 0

==========================================================================
detailed place report_checks -path_delay max reg to reg
--------------------------------------------------------------------------
Startpoint: u_my_ip_reg.u_reg_if.outstanding_q$_DFFE_PN0P_
            (rising edge-triggered flip-flop clocked by core_clock)
Endpoint: u_my_ip_reg.u_reg_if.rdata[7]$_DFFE_PN0P_
          (rising edge-triggered flip-flop clocked by core_clock)
Path Group: core_clock
Path Type: max

  Delay    Time   Description
---------------------------------------------------------
   0.00    0.00   clock core_clock (rise edge)
   0.00    0.00   clock network delay (ideal)
   0.00    0.00 ^ u_my_ip_reg.u_reg_if.outstanding_q$_DFFE_PN0P_/CLK (sky130_fd_sc_hd__dfrtp_1)
   0.39    0.39 v u_my_ip_reg.u_reg_if.outstanding_q$_DFFE_PN0P_/Q (sky130_fd_sc_hd__dfrtp_1)
   0.66    1.05 ^ _204_/Y (sky130_fd_sc_hd__nor2_4)
   0.62    1.67 v _295_/Y (sky130_fd_sc_hd__nand2_1)
   0.29    1.97 ^ _308_/Y (sky130_fd_sc_hd__nand3_1)
   0.11    2.08 v _369_/Y (sky130_fd_sc_hd__o21ai_0)
   0.08    2.16 ^ _370_/Y (sky130_fd_sc_hd__inv_1)
   0.00    2.16 ^ u_my_ip_reg.u_reg_if.rdata[7]$_DFFE_PN0P_/D (sky130_fd_sc_hd__dfrtp_1)
           2.16   data arrival time

  20.00   20.00   clock core_clock (rise edge)
   0.00   20.00   clock network delay (ideal)
   0.00   20.00   clock reconvergence pessimism
          20.00 ^ u_my_ip_reg.u_reg_if.rdata[7]$_DFFE_PN0P_/CLK (sky130_fd_sc_hd__dfrtp_1)
  -0.07   19.93   library setup time
          19.93   data required time
---------------------------------------------------------
          19.93   data required time
          -2.16   data arrival time
---------------------------------------------------------
          17.78   slack (MET)



==========================================================================
detailed place report_checks -path_delay min reg to reg
--------------------------------------------------------------------------
Startpoint: u_my_ip_core.u_sync_name.u_sync_1.q_o$_DFF_PN0_
            (rising edge-triggered flip-flop clocked by core_clock)
Endpoint: u_my_ip_core.u_sync_name.u_sync_2.q_o$_DFF_PN0_
          (rising edge-triggered flip-flop clocked by core_clock)
Path Group: core_clock
Path Type: min

  Delay    Time   Description
---------------------------------------------------------
   0.00    0.00   clock core_clock (rise edge)
   0.00    0.00   clock network delay (ideal)
   0.00    0.00 ^ u_my_ip_core.u_sync_name.u_sync_1.q_o$_DFF_PN0_/CLK (sky130_fd_sc_hd__dfrtp_1)
   0.30    0.30 ^ u_my_ip_core.u_sync_name.u_sync_1.q_o$_DFF_PN0_/Q (sky130_fd_sc_hd__dfrtp_1)
   0.00    0.30 ^ u_my_ip_core.u_sync_name.u_sync_2.q_o$_DFF_PN0_/D (sky130_fd_sc_hd__dfrtp_1)
           0.30   data arrival time

   0.00    0.00   clock core_clock (rise edge)
   0.00    0.00   clock network delay (ideal)
   0.00    0.00   clock reconvergence pessimism
           0.00 ^ u_my_ip_core.u_sync_name.u_sync_2.q_o$_DFF_PN0_/CLK (sky130_fd_sc_hd__dfrtp_1)
  -0.04   -0.04   library hold time
          -0.04   data required time
---------------------------------------------------------
          -0.04   data required time
          -0.30   data arrival time
---------------------------------------------------------
           0.34   slack (MET)



==========================================================================
detailed place critical path target clock latency max path
--------------------------------------------------------------------------
0.0000

==========================================================================
detailed place critical path target clock latency min path
--------------------------------------------------------------------------
0.0000

==========================================================================
detailed place critical path source clock latency min path
--------------------------------------------------------------------------
0.0000

==========================================================================
detailed place critical path delay
--------------------------------------------------------------------------
6.2309

==========================================================================
detailed place critical path slack
--------------------------------------------------------------------------
13.7018

==========================================================================
detailed place slack div critical path delay
--------------------------------------------------------------------------
219.900817

==========================================================================
detailed place report_power
--------------------------------------------------------------------------
Group                  Internal  Switching    Leakage      Total
                          Power      Power      Power      Power (Watts)
----------------------------------------------------------------
Sequential             1.31e-04   1.14e-05   6.04e-10   1.42e-04  64.1%
Combinational          5.31e-05   2.64e-05   9.70e-10   7.96e-05  35.9%
Clock                  0.00e+00   0.00e+00   0.00e+00   0.00e+00   0.0%
Macro                  0.00e+00   0.00e+00   0.00e+00   0.00e+00   0.0%
Pad                    0.00e+00   0.00e+00   0.00e+00   0.00e+00   0.0%
----------------------------------------------------------------
Total                  1.84e-04   3.78e-05   1.57e-09   2.22e-04 100.0%
                          82.9%      17.1%       0.0%
