
==========================================================================
global place report_tns
--------------------------------------------------------------------------
tns max 0.00

==========================================================================
global place report_wns
--------------------------------------------------------------------------
wns max 0.00

==========================================================================
global place report_worst_slack
--------------------------------------------------------------------------
worst slack max 13.71

==========================================================================
global place report_clock_min_period
--------------------------------------------------------------------------
core_clock period_min = 6.29 fmax = 159.06

==========================================================================
global place report_checks -path_delay min
--------------------------------------------------------------------------
Startpoint: rst_ni (input port clocked by core_clock)
Endpoint: u_my_ip_reg.u_ctrl_setting.q[12]$_DFFE_PN0P_
          (removal check against rising-edge clock core_clock)
Path Group: asynchronous
Path Type: min

Fanout     Cap    Slew   Delay    Time   Description
-----------------------------------------------------------------------------
                  0.00    0.00    0.00   clock core_clock (rise edge)
                          0.00    0.00   clock network delay (ideal)
                          4.00    4.00 ^ input external delay
     1    0.00    0.00    0.00    4.00 ^ rst_ni (in)
                                         rst_ni (net)
                  0.00    0.00    4.00 ^ input22/A (sky130_fd_sc_hd__buf_2)
     1    0.00    0.03    0.07    4.07 ^ input22/X (sky130_fd_sc_hd__buf_2)
                                         net21 (net)
                  0.03    0.00    4.07 ^ place114/A (sky130_fd_sc_hd__buf_4)
    53    0.26    0.71    0.57    4.64 ^ place114/X (sky130_fd_sc_hd__buf_4)
                                         net113 (net)
                  0.71    0.00    4.65 ^ u_my_ip_reg.u_ctrl_setting.q[12]$_DFFE_PN0P_/RESET_B (sky130_fd_sc_hd__dfrtp_1)
                                  4.65   data arrival time

                  0.00    0.00    0.00   clock core_clock (rise edge)
                          0.00    0.00   clock network delay (ideal)
                          0.00    0.00   clock reconvergence pessimism
                                  0.00 ^ u_my_ip_reg.u_ctrl_setting.q[12]$_DFFE_PN0P_/CLK (sky130_fd_sc_hd__dfrtp_1)
                          0.49    0.49   library removal time
                                  0.49   data required time
-----------------------------------------------------------------------------
                                  0.49   data required time
                                 -4.65   data arrival time
-----------------------------------------------------------------------------
                                  4.16   slack (MET)


Startpoint: u_my_ip_core.u_sync_name.u_sync_1.q_o$_DFF_PN0_
            (rising edge-triggered flip-flop clocked by core_clock)
Endpoint: u_my_ip_core.u_sync_name.u_sync_2.q_o$_DFF_PN0_
          (rising edge-triggered flip-flop clocked by core_clock)
Path Group: core_clock
Path Type: min

Fanout     Cap    Slew   Delay    Time   Description
-----------------------------------------------------------------------------
                  0.00    0.00    0.00   clock core_clock (rise edge)
                          0.00    0.00   clock network delay (ideal)
                  0.00    0.00    0.00 ^ u_my_ip_core.u_sync_name.u_sync_1.q_o$_DFF_PN0_/CLK (sky130_fd_sc_hd__dfrtp_1)
     1    0.00    0.04    0.30    0.30 ^ u_my_ip_core.u_sync_name.u_sync_1.q_o$_DFF_PN0_/Q (sky130_fd_sc_hd__dfrtp_1)
                                         u_my_ip_core.u_sync_name.intq (net)
                  0.04    0.00    0.30 ^ u_my_ip_core.u_sync_name.u_sync_2.q_o$_DFF_PN0_/D (sky130_fd_sc_hd__dfrtp_1)
                                  0.30   data arrival time

                  0.00    0.00    0.00   clock core_clock (rise edge)
                          0.00    0.00   clock network delay (ideal)
                          0.00    0.00   clock reconvergence pessimism
                                  0.00 ^ u_my_ip_core.u_sync_name.u_sync_2.q_o$_DFF_PN0_/CLK (sky130_fd_sc_hd__dfrtp_1)
                         -0.04   -0.04   library hold time
                                 -0.04   data required time
-----------------------------------------------------------------------------
                                 -0.04   data required time
                                 -0.30   data arrival time
-----------------------------------------------------------------------------
                                  0.34   slack (MET)



==========================================================================
global place report_checks -path_delay max
--------------------------------------------------------------------------
Startpoint: rst_ni (input port clocked by core_clock)
Endpoint: u_my_ip_reg.u_reg_if.reqid_q[2]$_DFFE_PN0P_
          (recovery check against rising-edge clock core_clock)
Path Group: asynchronous
Path Type: max

Fanout     Cap    Slew   Delay    Time   Description
-----------------------------------------------------------------------------
                  0.00    0.00    0.00   clock core_clock (rise edge)
                          0.00    0.00   clock network delay (ideal)
                          4.00    4.00 ^ input external delay
     1    0.00    0.00    0.00    4.00 ^ rst_ni (in)
                                         rst_ni (net)
                  0.00    0.00    4.00 ^ input22/A (sky130_fd_sc_hd__buf_2)
     1    0.00    0.03    0.07    4.07 ^ input22/X (sky130_fd_sc_hd__buf_2)
                                         net21 (net)
                  0.03    0.00    4.07 ^ place114/A (sky130_fd_sc_hd__buf_4)
    53    0.26    0.71    0.57    4.64 ^ place114/X (sky130_fd_sc_hd__buf_4)
                                         net113 (net)
                  0.71    0.01    4.66 ^ u_my_ip_reg.u_reg_if.reqid_q[2]$_DFFE_PN0P_/RESET_B (sky130_fd_sc_hd__dfrtp_1)
                                  4.66   data arrival time

                  0.00   20.00   20.00   clock core_clock (rise edge)
                          0.00   20.00   clock network delay (ideal)
                          0.00   20.00   clock reconvergence pessimism
                                 20.00 ^ u_my_ip_reg.u_reg_if.reqid_q[2]$_DFFE_PN0P_/CLK (sky130_fd_sc_hd__dfrtp_1)
                          0.04   20.04   library recovery time
                                 20.04   data required time
-----------------------------------------------------------------------------
                                 20.04   data required time
                                 -4.66   data arrival time
-----------------------------------------------------------------------------
                                 15.39   slack (MET)


Startpoint: tl_i[108] (input port clocked by core_clock)
Endpoint: u_my_ip_reg.u_reg_if.rdata[7]$_DFFE_PN0P_
          (rising edge-triggered flip-flop clocked by core_clock)
Path Group: core_clock
Path Type: max

Fanout     Cap    Slew   Delay    Time   Description
-----------------------------------------------------------------------------
                  0.00    0.00    0.00   clock core_clock (rise edge)
                          0.00    0.00   clock network delay (ideal)
                          4.00    4.00 ^ input external delay
     1    0.00    0.00    0.00    4.00 ^ tl_i[108] (in)
                                         tl_i[108] (net)
                  0.00    0.00    4.00 ^ input29/A (sky130_fd_sc_hd__clkdlybuf4s50_1)
     1    0.00    0.05    0.45    4.45 ^ input29/X (sky130_fd_sc_hd__clkdlybuf4s50_1)
                                         net28 (net)
                  0.05    0.00    4.45 ^ _203_/A (sky130_fd_sc_hd__inv_1)
     1    0.01    0.04    0.05    4.51 v _203_/Y (sky130_fd_sc_hd__inv_1)
                                         _051_ (net)
                  0.04    0.00    4.51 v _204_/B (sky130_fd_sc_hd__nor2_4)
    34    0.14    0.81    0.62    5.13 ^ _204_/Y (sky130_fd_sc_hd__nor2_4)
                                         _052_ (net)
                  0.81    0.00    5.13 ^ _295_/A (sky130_fd_sc_hd__nand2_1)
    19    0.07    0.52    0.63    5.76 v _295_/Y (sky130_fd_sc_hd__nand2_1)
                                         _125_ (net)
                  0.52    0.00    5.76 v _308_/A (sky130_fd_sc_hd__nand3_1)
     3    0.01    0.18    0.28    6.04 ^ _308_/Y (sky130_fd_sc_hd__nand3_1)
                                         _135_ (net)
                  0.18    0.00    6.04 ^ _369_/B1 (sky130_fd_sc_hd__o21ai_0)
     1    0.00    0.13    0.11    6.15 v _369_/Y (sky130_fd_sc_hd__o21ai_0)
                                         _177_ (net)
                  0.13    0.00    6.15 v _370_/A (sky130_fd_sc_hd__inv_1)
     1    0.00    0.05    0.07    6.22 ^ _370_/Y (sky130_fd_sc_hd__inv_1)
                                         _039_ (net)
                  0.05    0.00    6.22 ^ u_my_ip_reg.u_reg_if.rdata[7]$_DFFE_PN0P_/D (sky130_fd_sc_hd__dfrtp_1)
                                  6.22   data arrival time

                  0.00   20.00   20.00   clock core_clock (rise edge)
                          0.00   20.00   clock network delay (ideal)
                          0.00   20.00   clock reconvergence pessimism
                                 20.00 ^ u_my_ip_reg.u_reg_if.rdata[7]$_DFFE_PN0P_/CLK (sky130_fd_sc_hd__dfrtp_1)
                         -0.07   19.93   library setup time
                                 19.93   data required time
-----------------------------------------------------------------------------
                                 19.93   data required time
                                 -6.22   data arrival time
-----------------------------------------------------------------------------
                                 13.71   slack (MET)



==========================================================================
global place report_checks -unconstrained
--------------------------------------------------------------------------
Startpoint: rst_ni (input port clocked by core_clock)
Endpoint: u_my_ip_reg.u_reg_if.reqid_q[2]$_DFFE_PN0P_
          (recovery check against rising-edge clock core_clock)
Path Group: asynchronous
Path Type: max

Fanout     Cap    Slew   Delay    Time   Description
-----------------------------------------------------------------------------
                  0.00    0.00    0.00   clock core_clock (rise edge)
                          0.00    0.00   clock network delay (ideal)
                          4.00    4.00 ^ input external delay
     1    0.00    0.00    0.00    4.00 ^ rst_ni (in)
                                         rst_ni (net)
                  0.00    0.00    4.00 ^ input22/A (sky130_fd_sc_hd__buf_2)
     1    0.00    0.03    0.07    4.07 ^ input22/X (sky130_fd_sc_hd__buf_2)
                                         net21 (net)
                  0.03    0.00    4.07 ^ place114/A (sky130_fd_sc_hd__buf_4)
    53    0.26    0.71    0.57    4.64 ^ place114/X (sky130_fd_sc_hd__buf_4)
                                         net113 (net)
                  0.71    0.01    4.66 ^ u_my_ip_reg.u_reg_if.reqid_q[2]$_DFFE_PN0P_/RESET_B (sky130_fd_sc_hd__dfrtp_1)
                                  4.66   data arrival time

                  0.00   20.00   20.00   clock core_clock (rise edge)
                          0.00   20.00   clock network delay (ideal)
                          0.00   20.00   clock reconvergence pessimism
                                 20.00 ^ u_my_ip_reg.u_reg_if.reqid_q[2]$_DFFE_PN0P_/CLK (sky130_fd_sc_hd__dfrtp_1)
                          0.04   20.04   library recovery time
                                 20.04   data required time
-----------------------------------------------------------------------------
                                 20.04   data required time
                                 -4.66   data arrival time
-----------------------------------------------------------------------------
                                 15.39   slack (MET)


Startpoint: tl_i[108] (input port clocked by core_clock)
Endpoint: u_my_ip_reg.u_reg_if.rdata[7]$_DFFE_PN0P_
          (rising edge-triggered flip-flop clocked by core_clock)
Path Group: core_clock
Path Type: max

Fanout     Cap    Slew   Delay    Time   Description
-----------------------------------------------------------------------------
                  0.00    0.00    0.00   clock core_clock (rise edge)
                          0.00    0.00   clock network delay (ideal)
                          4.00    4.00 ^ input external delay
     1    0.00    0.00    0.00    4.00 ^ tl_i[108] (in)
                                         tl_i[108] (net)
                  0.00    0.00    4.00 ^ input29/A (sky130_fd_sc_hd__clkdlybuf4s50_1)
     1    0.00    0.05    0.45    4.45 ^ input29/X (sky130_fd_sc_hd__clkdlybuf4s50_1)
                                         net28 (net)
                  0.05    0.00    4.45 ^ _203_/A (sky130_fd_sc_hd__inv_1)
     1    0.01    0.04    0.05    4.51 v _203_/Y (sky130_fd_sc_hd__inv_1)
                                         _051_ (net)
                  0.04    0.00    4.51 v _204_/B (sky130_fd_sc_hd__nor2_4)
    34    0.14    0.81    0.62    5.13 ^ _204_/Y (sky130_fd_sc_hd__nor2_4)
                                         _052_ (net)
                  0.81    0.00    5.13 ^ _295_/A (sky130_fd_sc_hd__nand2_1)
    19    0.07    0.52    0.63    5.76 v _295_/Y (sky130_fd_sc_hd__nand2_1)
                                         _125_ (net)
                  0.52    0.00    5.76 v _308_/A (sky130_fd_sc_hd__nand3_1)
     3    0.01    0.18    0.28    6.04 ^ _308_/Y (sky130_fd_sc_hd__nand3_1)
                                         _135_ (net)
                  0.18    0.00    6.04 ^ _369_/B1 (sky130_fd_sc_hd__o21ai_0)
     1    0.00    0.13    0.11    6.15 v _369_/Y (sky130_fd_sc_hd__o21ai_0)
                                         _177_ (net)
                  0.13    0.00    6.15 v _370_/A (sky130_fd_sc_hd__inv_1)
     1    0.00    0.05    0.07    6.22 ^ _370_/Y (sky130_fd_sc_hd__inv_1)
                                         _039_ (net)
                  0.05    0.00    6.22 ^ u_my_ip_reg.u_reg_if.rdata[7]$_DFFE_PN0P_/D (sky130_fd_sc_hd__dfrtp_1)
                                  6.22   data arrival time

                  0.00   20.00   20.00   clock core_clock (rise edge)
                          0.00   20.00   clock network delay (ideal)
                          0.00   20.00   clock reconvergence pessimism
                                 20.00 ^ u_my_ip_reg.u_reg_if.rdata[7]$_DFFE_PN0P_/CLK (sky130_fd_sc_hd__dfrtp_1)
                         -0.07   19.93   library setup time
                                 19.93   data required time
-----------------------------------------------------------------------------
                                 19.93   data required time
                                 -6.22   data arrival time
-----------------------------------------------------------------------------
                                 13.71   slack (MET)



==========================================================================
global place report_power
--------------------------------------------------------------------------
Group                  Internal  Switching    Leakage      Total
                          Power      Power      Power      Power (Watts)
----------------------------------------------------------------
Sequential             1.31e-04   1.09e-05   6.04e-10   1.41e-04  64.6%
Combinational          5.30e-05   2.46e-05   9.70e-10   7.77e-05  35.4%
Clock                  0.00e+00   0.00e+00   0.00e+00   0.00e+00   0.0%
Macro                  0.00e+00   0.00e+00   0.00e+00   0.00e+00   0.0%
Pad                    0.00e+00   0.00e+00   0.00e+00   0.00e+00   0.0%
----------------------------------------------------------------
Total                  1.84e-04   3.55e-05   1.57e-09   2.19e-04 100.0%
                          83.8%      16.2%       0.0%
