
==========================================================================
cts pre-repair-timing report_tns
--------------------------------------------------------------------------
tns max 0.00

==========================================================================
cts pre-repair-timing report_wns
--------------------------------------------------------------------------
wns max 0.00

==========================================================================
cts pre-repair-timing report_worst_slack
--------------------------------------------------------------------------
worst slack max 14.02

==========================================================================
cts pre-repair-timing report_clock_min_period
--------------------------------------------------------------------------
core_clock period_min = 5.98 fmax = 167.13

==========================================================================
cts pre-repair-timing report_clock_skew
--------------------------------------------------------------------------
Clock core_clock
   0.30 source latency u_my_ip_reg.u_reg_if.outstanding_q$_DFFE_PN0P_/CLK ^
  -0.31 target latency u_my_ip_reg.u_ctrl_setting.q[2]$_DFFE_PN0P_/CLK ^
   0.00 CRPR
--------------
  -0.01 setup skew


==========================================================================
cts pre-repair-timing report_checks -path_delay min
--------------------------------------------------------------------------
Startpoint: rst_ni (input port clocked by core_clock)
Endpoint: u_my_ip_reg.u_ctrl_setting.q[12]$_DFFE_PN0P_
          (removal check against rising-edge clock core_clock)
Path Group: asynchronous
Path Type: min

Fanout     Cap    Slew   Delay    Time   Description
-----------------------------------------------------------------------------
                          0.00    0.00   clock core_clock (rise edge)
                          0.00    0.00   clock network delay (propagated)
                          4.00    4.00 ^ input external delay
     1    0.00    0.00    0.00    4.00 ^ rst_ni (in)
                                         rst_ni (net)
                  0.00    0.00    4.00 ^ input22/A (sky130_fd_sc_hd__buf_2)
     1    0.00    0.03    0.08    4.08 ^ input22/X (sky130_fd_sc_hd__buf_2)
                                         net21 (net)
                  0.03    0.00    4.08 ^ place114/A (sky130_fd_sc_hd__buf_4)
    53    0.26    0.71    0.57    4.64 ^ place114/X (sky130_fd_sc_hd__buf_4)
                                         net113 (net)
                  0.71    0.00    4.65 ^ u_my_ip_reg.u_ctrl_setting.q[12]$_DFFE_PN0P_/RESET_B (sky130_fd_sc_hd__dfrtp_1)
                                  4.65   data arrival time

                          0.00    0.00   clock core_clock (rise edge)
                          0.00    0.00   clock source latency
     1    0.02    0.00    0.00    0.00 ^ clk_i (in)
                                         clk_i (net)
                  0.00    0.00    0.00 ^ clkbuf_0_clk_i/A (sky130_fd_sc_hd__clkbuf_8)
     4    0.03    0.07    0.13    0.13 ^ clkbuf_0_clk_i/X (sky130_fd_sc_hd__clkbuf_8)
                                         clknet_0_clk_i (net)
                  0.07    0.00    0.13 ^ clkbuf_2_0__f_clk_i/A (sky130_fd_sc_hd__clkbuf_8)
    14    0.05    0.09    0.17    0.31 ^ clkbuf_2_0__f_clk_i/X (sky130_fd_sc_hd__clkbuf_8)
                                         clknet_2_0__leaf_clk_i (net)
                  0.09    0.00    0.31 ^ u_my_ip_reg.u_ctrl_setting.q[12]$_DFFE_PN0P_/CLK (sky130_fd_sc_hd__dfrtp_1)
                          0.00    0.31   clock reconvergence pessimism
                          0.51    0.82   library removal time
                                  0.82   data required time
-----------------------------------------------------------------------------
                                  0.82   data required time
                                 -4.65   data arrival time
-----------------------------------------------------------------------------
                                  3.83   slack (MET)


Startpoint: u_my_ip_core.u_sync_name.u_sync_1.q_o$_DFF_PN0_
            (rising edge-triggered flip-flop clocked by core_clock)
Endpoint: u_my_ip_core.u_sync_name.u_sync_2.q_o$_DFF_PN0_
          (rising edge-triggered flip-flop clocked by core_clock)
Path Group: core_clock
Path Type: min

Fanout     Cap    Slew   Delay    Time   Description
-----------------------------------------------------------------------------
                          0.00    0.00   clock core_clock (rise edge)
                          0.00    0.00   clock source latency
     1    0.02    0.00    0.00    0.00 ^ clk_i (in)
                                         clk_i (net)
                  0.00    0.00    0.00 ^ clkbuf_0_clk_i/A (sky130_fd_sc_hd__clkbuf_8)
     4    0.03    0.07    0.13    0.13 ^ clkbuf_0_clk_i/X (sky130_fd_sc_hd__clkbuf_8)
                                         clknet_0_clk_i (net)
                  0.07    0.00    0.13 ^ clkbuf_2_1__f_clk_i/A (sky130_fd_sc_hd__clkbuf_8)
    15    0.05    0.09    0.17    0.31 ^ clkbuf_2_1__f_clk_i/X (sky130_fd_sc_hd__clkbuf_8)
                                         clknet_2_1__leaf_clk_i (net)
                  0.09    0.00    0.31 ^ u_my_ip_core.u_sync_name.u_sync_1.q_o$_DFF_PN0_/CLK (sky130_fd_sc_hd__dfrtp_1)
     1    0.00    0.04    0.33    0.64 ^ u_my_ip_core.u_sync_name.u_sync_1.q_o$_DFF_PN0_/Q (sky130_fd_sc_hd__dfrtp_1)
                                         u_my_ip_core.u_sync_name.intq (net)
                  0.04    0.00    0.64 ^ u_my_ip_core.u_sync_name.u_sync_2.q_o$_DFF_PN0_/D (sky130_fd_sc_hd__dfrtp_1)
                                  0.64   data arrival time

                          0.00    0.00   clock core_clock (rise edge)
                          0.00    0.00   clock source latency
     1    0.02    0.00    0.00    0.00 ^ clk_i (in)
                                         clk_i (net)
                  0.00    0.00    0.00 ^ clkbuf_0_clk_i/A (sky130_fd_sc_hd__clkbuf_8)
     4    0.03    0.07    0.13    0.13 ^ clkbuf_0_clk_i/X (sky130_fd_sc_hd__clkbuf_8)
                                         clknet_0_clk_i (net)
                  0.07    0.00    0.13 ^ clkbuf_2_1__f_clk_i/A (sky130_fd_sc_hd__clkbuf_8)
    15    0.05    0.09    0.17    0.31 ^ clkbuf_2_1__f_clk_i/X (sky130_fd_sc_hd__clkbuf_8)
                                         clknet_2_1__leaf_clk_i (net)
                  0.09    0.00    0.31 ^ u_my_ip_core.u_sync_name.u_sync_2.q_o$_DFF_PN0_/CLK (sky130_fd_sc_hd__dfrtp_1)
                          0.00    0.31   clock reconvergence pessimism
                         -0.03    0.28   library hold time
                                  0.28   data required time
-----------------------------------------------------------------------------
                                  0.28   data required time
                                 -0.64   data arrival time
-----------------------------------------------------------------------------
                                  0.36   slack (MET)



==========================================================================
cts pre-repair-timing report_checks -path_delay max
--------------------------------------------------------------------------
Startpoint: rst_ni (input port clocked by core_clock)
Endpoint: u_my_ip_reg.u_ctrl_setting.q[9]$_DFFE_PN0P_
          (recovery check against rising-edge clock core_clock)
Path Group: asynchronous
Path Type: max

Fanout     Cap    Slew   Delay    Time   Description
-----------------------------------------------------------------------------
                          0.00    0.00   clock core_clock (rise edge)
                          0.00    0.00   clock network delay (propagated)
                          4.00    4.00 ^ input external delay
     1    0.00    0.00    0.00    4.00 ^ rst_ni (in)
                                         rst_ni (net)
                  0.00    0.00    4.00 ^ input22/A (sky130_fd_sc_hd__buf_2)
     1    0.00    0.03    0.08    4.08 ^ input22/X (sky130_fd_sc_hd__buf_2)
                                         net21 (net)
                  0.03    0.00    4.08 ^ place114/A (sky130_fd_sc_hd__buf_4)
    53    0.26    0.71    0.57    4.64 ^ place114/X (sky130_fd_sc_hd__buf_4)
                                         net113 (net)
                  0.71    0.01    4.65 ^ u_my_ip_reg.u_ctrl_setting.q[9]$_DFFE_PN0P_/RESET_B (sky130_fd_sc_hd__dfrtp_1)
                                  4.65   data arrival time

                         20.00   20.00   clock core_clock (rise edge)
                          0.00   20.00   clock source latency
     1    0.02    0.00    0.00   20.00 ^ clk_i (in)
                                         clk_i (net)
                  0.00    0.00   20.00 ^ clkbuf_0_clk_i/A (sky130_fd_sc_hd__clkbuf_8)
     4    0.03    0.07    0.13   20.13 ^ clkbuf_0_clk_i/X (sky130_fd_sc_hd__clkbuf_8)
                                         clknet_0_clk_i (net)
                  0.07    0.00   20.13 ^ clkbuf_2_2__f_clk_i/A (sky130_fd_sc_hd__clkbuf_8)
    13    0.04    0.08    0.17   20.30 ^ clkbuf_2_2__f_clk_i/X (sky130_fd_sc_hd__clkbuf_8)
                                         clknet_2_2__leaf_clk_i (net)
                  0.08    0.00   20.30 ^ u_my_ip_reg.u_ctrl_setting.q[9]$_DFFE_PN0P_/CLK (sky130_fd_sc_hd__dfrtp_1)
                          0.00   20.30   clock reconvergence pessimism
                          0.07   20.37   library recovery time
                                 20.37   data required time
-----------------------------------------------------------------------------
                                 20.37   data required time
                                 -4.65   data arrival time
-----------------------------------------------------------------------------
                                 15.72   slack (MET)


Startpoint: tl_i[108] (input port clocked by core_clock)
Endpoint: u_my_ip_reg.u_reg_if.rdata[7]$_DFFE_PN0P_
          (rising edge-triggered flip-flop clocked by core_clock)
Path Group: core_clock
Path Type: max

Fanout     Cap    Slew   Delay    Time   Description
-----------------------------------------------------------------------------
                          0.00    0.00   clock core_clock (rise edge)
                          0.00    0.00   clock network delay (propagated)
                          4.00    4.00 ^ input external delay
     1    0.00    0.00    0.00    4.00 ^ tl_i[108] (in)
                                         tl_i[108] (net)
                  0.00    0.00    4.00 ^ input29/A (sky130_fd_sc_hd__clkdlybuf4s50_1)
     1    0.00    0.04    0.45    4.45 ^ input29/X (sky130_fd_sc_hd__clkdlybuf4s50_1)
                                         net28 (net)
                  0.04    0.00    4.45 ^ _203_/A (sky130_fd_sc_hd__inv_1)
     1    0.01    0.05    0.06    4.50 v _203_/Y (sky130_fd_sc_hd__inv_1)
                                         _051_ (net)
                  0.05    0.00    4.51 v _204_/B (sky130_fd_sc_hd__nor2_4)
    34    0.14    0.81    0.62    5.12 ^ _204_/Y (sky130_fd_sc_hd__nor2_4)
                                         _052_ (net)
                  0.81    0.00    5.13 ^ _295_/A (sky130_fd_sc_hd__nand2_1)
    19    0.07    0.51    0.62    5.75 v _295_/Y (sky130_fd_sc_hd__nand2_1)
                                         _125_ (net)
                  0.51    0.00    5.75 v _308_/A (sky130_fd_sc_hd__nand3_1)
     3    0.01    0.19    0.29    6.04 ^ _308_/Y (sky130_fd_sc_hd__nand3_1)
                                         _135_ (net)
                  0.19    0.00    6.04 ^ _369_/B1 (sky130_fd_sc_hd__o21ai_0)
     1    0.00    0.13    0.11    6.15 v _369_/Y (sky130_fd_sc_hd__o21ai_0)
                                         _177_ (net)
                  0.13    0.00    6.15 v _370_/A (sky130_fd_sc_hd__inv_1)
     1    0.00    0.05    0.08    6.23 ^ _370_/Y (sky130_fd_sc_hd__inv_1)
                                         _039_ (net)
                  0.05    0.00    6.23 ^ u_my_ip_reg.u_reg_if.rdata[7]$_DFFE_PN0P_/D (sky130_fd_sc_hd__dfrtp_1)
                                  6.23   data arrival time

                         20.00   20.00   clock core_clock (rise edge)
                          0.00   20.00   clock source latency
     1    0.02    0.00    0.00   20.00 ^ clk_i (in)
                                         clk_i (net)
                  0.00    0.00   20.00 ^ clkbuf_0_clk_i/A (sky130_fd_sc_hd__clkbuf_8)
     4    0.03    0.07    0.13   20.13 ^ clkbuf_0_clk_i/X (sky130_fd_sc_hd__clkbuf_8)
                                         clknet_0_clk_i (net)
                  0.07    0.00   20.13 ^ clkbuf_2_2__f_clk_i/A (sky130_fd_sc_hd__clkbuf_8)
    13    0.04    0.08    0.17   20.30 ^ clkbuf_2_2__f_clk_i/X (sky130_fd_sc_hd__clkbuf_8)
                                         clknet_2_2__leaf_clk_i (net)
                  0.08    0.00   20.30 ^ u_my_ip_reg.u_reg_if.rdata[7]$_DFFE_PN0P_/CLK (sky130_fd_sc_hd__dfrtp_1)
                          0.00   20.30   clock reconvergence pessimism
                         -0.05   20.25   library setup time
                                 20.25   data required time
-----------------------------------------------------------------------------
                                 20.25   data required time
                                 -6.23   data arrival time
-----------------------------------------------------------------------------
                                 14.02   slack (MET)



==========================================================================
cts pre-repair-timing report_checks -unconstrained
--------------------------------------------------------------------------
Startpoint: rst_ni (input port clocked by core_clock)
Endpoint: u_my_ip_reg.u_ctrl_setting.q[9]$_DFFE_PN0P_
          (recovery check against rising-edge clock core_clock)
Path Group: asynchronous
Path Type: max

Fanout     Cap    Slew   Delay    Time   Description
-----------------------------------------------------------------------------
                          0.00    0.00   clock core_clock (rise edge)
                          0.00    0.00   clock network delay (propagated)
                          4.00    4.00 ^ input external delay
     1    0.00    0.00    0.00    4.00 ^ rst_ni (in)
                                         rst_ni (net)
                  0.00    0.00    4.00 ^ input22/A (sky130_fd_sc_hd__buf_2)
     1    0.00    0.03    0.08    4.08 ^ input22/X (sky130_fd_sc_hd__buf_2)
                                         net21 (net)
                  0.03    0.00    4.08 ^ place114/A (sky130_fd_sc_hd__buf_4)
    53    0.26    0.71    0.57    4.64 ^ place114/X (sky130_fd_sc_hd__buf_4)
                                         net113 (net)
                  0.71    0.01    4.65 ^ u_my_ip_reg.u_ctrl_setting.q[9]$_DFFE_PN0P_/RESET_B (sky130_fd_sc_hd__dfrtp_1)
                                  4.65   data arrival time

                         20.00   20.00   clock core_clock (rise edge)
                          0.00   20.00   clock source latency
     1    0.02    0.00    0.00   20.00 ^ clk_i (in)
                                         clk_i (net)
                  0.00    0.00   20.00 ^ clkbuf_0_clk_i/A (sky130_fd_sc_hd__clkbuf_8)
     4    0.03    0.07    0.13   20.13 ^ clkbuf_0_clk_i/X (sky130_fd_sc_hd__clkbuf_8)
                                         clknet_0_clk_i (net)
                  0.07    0.00   20.13 ^ clkbuf_2_2__f_clk_i/A (sky130_fd_sc_hd__clkbuf_8)
    13    0.04    0.08    0.17   20.30 ^ clkbuf_2_2__f_clk_i/X (sky130_fd_sc_hd__clkbuf_8)
                                         clknet_2_2__leaf_clk_i (net)
                  0.08    0.00   20.30 ^ u_my_ip_reg.u_ctrl_setting.q[9]$_DFFE_PN0P_/CLK (sky130_fd_sc_hd__dfrtp_1)
                          0.00   20.30   clock reconvergence pessimism
                          0.07   20.37   library recovery time
                                 20.37   data required time
-----------------------------------------------------------------------------
                                 20.37   data required time
                                 -4.65   data arrival time
-----------------------------------------------------------------------------
                                 15.72   slack (MET)


Startpoint: tl_i[108] (input port clocked by core_clock)
Endpoint: u_my_ip_reg.u_reg_if.rdata[7]$_DFFE_PN0P_
          (rising edge-triggered flip-flop clocked by core_clock)
Path Group: core_clock
Path Type: max

Fanout     Cap    Slew   Delay    Time   Description
-----------------------------------------------------------------------------
                          0.00    0.00   clock core_clock (rise edge)
                          0.00    0.00   clock network delay (propagated)
                          4.00    4.00 ^ input external delay
     1    0.00    0.00    0.00    4.00 ^ tl_i[108] (in)
                                         tl_i[108] (net)
                  0.00    0.00    4.00 ^ input29/A (sky130_fd_sc_hd__clkdlybuf4s50_1)
     1    0.00    0.04    0.45    4.45 ^ input29/X (sky130_fd_sc_hd__clkdlybuf4s50_1)
                                         net28 (net)
                  0.04    0.00    4.45 ^ _203_/A (sky130_fd_sc_hd__inv_1)
     1    0.01    0.05    0.06    4.50 v _203_/Y (sky130_fd_sc_hd__inv_1)
                                         _051_ (net)
                  0.05    0.00    4.51 v _204_/B (sky130_fd_sc_hd__nor2_4)
    34    0.14    0.81    0.62    5.12 ^ _204_/Y (sky130_fd_sc_hd__nor2_4)
                                         _052_ (net)
                  0.81    0.00    5.13 ^ _295_/A (sky130_fd_sc_hd__nand2_1)
    19    0.07    0.51    0.62    5.75 v _295_/Y (sky130_fd_sc_hd__nand2_1)
                                         _125_ (net)
                  0.51    0.00    5.75 v _308_/A (sky130_fd_sc_hd__nand3_1)
     3    0.01    0.19    0.29    6.04 ^ _308_/Y (sky130_fd_sc_hd__nand3_1)
                                         _135_ (net)
                  0.19    0.00    6.04 ^ _369_/B1 (sky130_fd_sc_hd__o21ai_0)
     1    0.00    0.13    0.11    6.15 v _369_/Y (sky130_fd_sc_hd__o21ai_0)
                                         _177_ (net)
                  0.13    0.00    6.15 v _370_/A (sky130_fd_sc_hd__inv_1)
     1    0.00    0.05    0.08    6.23 ^ _370_/Y (sky130_fd_sc_hd__inv_1)
                                         _039_ (net)
                  0.05    0.00    6.23 ^ u_my_ip_reg.u_reg_if.rdata[7]$_DFFE_PN0P_/D (sky130_fd_sc_hd__dfrtp_1)
                                  6.23   data arrival time

                         20.00   20.00   clock core_clock (rise edge)
                          0.00   20.00   clock source latency
     1    0.02    0.00    0.00   20.00 ^ clk_i (in)
                                         clk_i (net)
                  0.00    0.00   20.00 ^ clkbuf_0_clk_i/A (sky130_fd_sc_hd__clkbuf_8)
     4    0.03    0.07    0.13   20.13 ^ clkbuf_0_clk_i/X (sky130_fd_sc_hd__clkbuf_8)
                                         clknet_0_clk_i (net)
                  0.07    0.00   20.13 ^ clkbuf_2_2__f_clk_i/A (sky130_fd_sc_hd__clkbuf_8)
    13    0.04    0.08    0.17   20.30 ^ clkbuf_2_2__f_clk_i/X (sky130_fd_sc_hd__clkbuf_8)
                                         clknet_2_2__leaf_clk_i (net)
                  0.08    0.00   20.30 ^ u_my_ip_reg.u_reg_if.rdata[7]$_DFFE_PN0P_/CLK (sky130_fd_sc_hd__dfrtp_1)
                          0.00   20.30   clock reconvergence pessimism
                         -0.05   20.25   library setup time
                                 20.25   data required time
-----------------------------------------------------------------------------
                                 20.25   data required time
                                 -6.23   data arrival time
-----------------------------------------------------------------------------
                                 14.02   slack (MET)



==========================================================================
cts pre-repair-timing report_check_types -max_slew -max_cap -max_fanout -violators
--------------------------------------------------------------------------

==========================================================================
cts pre-repair-timing max_slew_check_slack
--------------------------------------------------------------------------
0.6890873908996582

==========================================================================
cts pre-repair-timing max_slew_check_limit
--------------------------------------------------------------------------
1.4964489936828613

==========================================================================
cts pre-repair-timing max_slew_check_slack_limit
--------------------------------------------------------------------------
0.4605

==========================================================================
cts pre-repair-timing max_fanout_check_slack
--------------------------------------------------------------------------
1.0000000150474662e+30

==========================================================================
cts pre-repair-timing max_fanout_check_limit
--------------------------------------------------------------------------
1.0000000150474662e+30

==========================================================================
cts pre-repair-timing max_capacitance_check_slack
--------------------------------------------------------------------------
0.04685971513390541

==========================================================================
cts pre-repair-timing max_capacitance_check_limit
--------------------------------------------------------------------------
0.05036399886012077

==========================================================================
cts pre-repair-timing max_capacitance_check_slack_limit
--------------------------------------------------------------------------
0.9304

==========================================================================
cts pre-repair-timing max_slew_violation_count
--------------------------------------------------------------------------
max slew violation count 0

==========================================================================
cts pre-repair-timing max_fanout_violation_count
--------------------------------------------------------------------------
max fanout violation count 0

==========================================================================
cts pre-repair-timing max_cap_violation_count
--------------------------------------------------------------------------
max cap violation count 0

==========================================================================
cts pre-repair-timing setup_violation_count
--------------------------------------------------------------------------
setup violation count 0

==========================================================================
cts pre-repair-timing hold_violation_count
--------------------------------------------------------------------------
hold violation count 0

==========================================================================
cts pre-repair-timing report_checks -path_delay max reg to reg
--------------------------------------------------------------------------
Startpoint: u_my_ip_reg.u_reg_if.outstanding_q$_DFFE_PN0P_
            (rising edge-triggered flip-flop clocked by core_clock)
Endpoint: u_my_ip_reg.u_reg_if.rdata[7]$_DFFE_PN0P_
          (rising edge-triggered flip-flop clocked by core_clock)
Path Group: core_clock
Path Type: max

  Delay    Time   Description
---------------------------------------------------------
   0.00    0.00   clock core_clock (rise edge)
   0.00    0.00   clock source latency
   0.00    0.00 ^ clk_i (in)
   0.13    0.13 ^ clkbuf_0_clk_i/X (sky130_fd_sc_hd__clkbuf_8)
   0.17    0.30 ^ clkbuf_2_2__f_clk_i/X (sky130_fd_sc_hd__clkbuf_8)
   0.00    0.30 ^ u_my_ip_reg.u_reg_if.outstanding_q$_DFFE_PN0P_/CLK (sky130_fd_sc_hd__dfrtp_1)
   0.42    0.73 v u_my_ip_reg.u_reg_if.outstanding_q$_DFFE_PN0P_/Q (sky130_fd_sc_hd__dfrtp_1)
   0.66    1.38 ^ _204_/Y (sky130_fd_sc_hd__nor2_4)
   0.62    2.01 v _295_/Y (sky130_fd_sc_hd__nand2_1)
   0.29    2.30 ^ _308_/Y (sky130_fd_sc_hd__nand3_1)
   0.11    2.41 v _369_/Y (sky130_fd_sc_hd__o21ai_0)
   0.08    2.49 ^ _370_/Y (sky130_fd_sc_hd__inv_1)
   0.00    2.49 ^ u_my_ip_reg.u_reg_if.rdata[7]$_DFFE_PN0P_/D (sky130_fd_sc_hd__dfrtp_1)
           2.49   data arrival time

  20.00   20.00   clock core_clock (rise edge)
   0.00   20.00   clock source latency
   0.00   20.00 ^ clk_i (in)
   0.13   20.13 ^ clkbuf_0_clk_i/X (sky130_fd_sc_hd__clkbuf_8)
   0.17   20.30 ^ clkbuf_2_2__f_clk_i/X (sky130_fd_sc_hd__clkbuf_8)
   0.00   20.30 ^ u_my_ip_reg.u_reg_if.rdata[7]$_DFFE_PN0P_/CLK (sky130_fd_sc_hd__dfrtp_1)
   0.00   20.30   clock reconvergence pessimism
  -0.05   20.25   library setup time
          20.25   data required time
---------------------------------------------------------
          20.25   data required time
          -2.49   data arrival time
---------------------------------------------------------
          17.76   slack (MET)



==========================================================================
cts pre-repair-timing report_checks -path_delay min reg to reg
--------------------------------------------------------------------------
Startpoint: u_my_ip_core.u_sync_name.u_sync_1.q_o$_DFF_PN0_
            (rising edge-triggered flip-flop clocked by core_clock)
Endpoint: u_my_ip_core.u_sync_name.u_sync_2.q_o$_DFF_PN0_
          (rising edge-triggered flip-flop clocked by core_clock)
Path Group: core_clock
Path Type: min

  Delay    Time   Description
---------------------------------------------------------
   0.00    0.00   clock core_clock (rise edge)
   0.00    0.00   clock source latency
   0.00    0.00 ^ clk_i (in)
   0.13    0.13 ^ clkbuf_0_clk_i/X (sky130_fd_sc_hd__clkbuf_8)
   0.17    0.31 ^ clkbuf_2_1__f_clk_i/X (sky130_fd_sc_hd__clkbuf_8)
   0.00    0.31 ^ u_my_ip_core.u_sync_name.u_sync_1.q_o$_DFF_PN0_/CLK (sky130_fd_sc_hd__dfrtp_1)
   0.33    0.64 ^ u_my_ip_core.u_sync_name.u_sync_1.q_o$_DFF_PN0_/Q (sky130_fd_sc_hd__dfrtp_1)
   0.00    0.64 ^ u_my_ip_core.u_sync_name.u_sync_2.q_o$_DFF_PN0_/D (sky130_fd_sc_hd__dfrtp_1)
           0.64   data arrival time

   0.00    0.00   clock core_clock (rise edge)
   0.00    0.00   clock source latency
   0.00    0.00 ^ clk_i (in)
   0.13    0.13 ^ clkbuf_0_clk_i/X (sky130_fd_sc_hd__clkbuf_8)
   0.17    0.31 ^ clkbuf_2_1__f_clk_i/X (sky130_fd_sc_hd__clkbuf_8)
   0.00    0.31 ^ u_my_ip_core.u_sync_name.u_sync_2.q_o$_DFF_PN0_/CLK (sky130_fd_sc_hd__dfrtp_1)
   0.00    0.31   clock reconvergence pessimism
  -0.03    0.28   library hold time
           0.28   data required time
---------------------------------------------------------
           0.28   data required time
          -0.64   data arrival time
---------------------------------------------------------
           0.36   slack (MET)



==========================================================================
cts pre-repair-timing critical path target clock latency max path
--------------------------------------------------------------------------
0.3020

==========================================================================
cts pre-repair-timing critical path target clock latency min path
--------------------------------------------------------------------------
0.3069

==========================================================================
cts pre-repair-timing critical path source clock latency min path
--------------------------------------------------------------------------
0.0000

==========================================================================
cts pre-repair-timing critical path delay
--------------------------------------------------------------------------
6.2309

==========================================================================
cts pre-repair-timing critical path slack
--------------------------------------------------------------------------
14.0165

==========================================================================
cts pre-repair-timing slack div critical path delay
--------------------------------------------------------------------------
224.951452

==========================================================================
cts pre-repair-timing report_power
--------------------------------------------------------------------------
Group                  Internal  Switching    Leakage      Total
                          Power      Power      Power      Power (Watts)
----------------------------------------------------------------
Sequential             1.28e-04   1.14e-05   6.04e-10   1.40e-04  49.0%
Combinational          5.31e-05   2.64e-05   9.70e-10   7.96e-05  27.9%
Clock                  3.13e-05   3.43e-05   5.42e-11   6.57e-05  23.0%
Macro                  0.00e+00   0.00e+00   0.00e+00   0.00e+00   0.0%
Pad                    0.00e+00   0.00e+00   0.00e+00   0.00e+00   0.0%
----------------------------------------------------------------
Total                  2.13e-04   7.21e-05   1.63e-09   2.85e-04 100.0%
                          74.7%      25.3%       0.0%
