
==========================================================================
detailed route report_tns
--------------------------------------------------------------------------
tns max 0.00

==========================================================================
detailed route report_wns
--------------------------------------------------------------------------
wns max 0.00

==========================================================================
detailed route report_worst_slack
--------------------------------------------------------------------------
worst slack max 14.51

==========================================================================
detailed route report_clock_min_period
--------------------------------------------------------------------------
core_clock period_min = 5.49 fmax = 182.20

==========================================================================
detailed route report_clock_skew
--------------------------------------------------------------------------
Clock core_clock
   0.25 source latency u_my_ip_reg.u_ctrl_en.q$_DFFE_PN0P_/CLK ^
  -0.25 target latency u_my_ip_reg.u_reg_if.rdata[0]$_DFFE_PN0P_/CLK ^
   0.00 CRPR
--------------
   0.00 setup skew


==========================================================================
detailed route report_checks -path_delay min
--------------------------------------------------------------------------
Startpoint: rst_ni (input port clocked by core_clock)
Endpoint: u_my_ip_reg.u_ctrl_en.q$_DFFE_PN0P_
          (removal check against rising-edge clock core_clock)
Path Group: asynchronous
Path Type: min

Fanout     Cap    Slew   Delay    Time   Description
-----------------------------------------------------------------------------
                          0.00    0.00   clock core_clock (rise edge)
                          0.00    0.00   clock network delay (propagated)
                          4.00    4.00 ^ input external delay
     1    0.00    0.00    0.00    4.00 ^ rst_ni (in)
                                         rst_ni (net)
                  0.00    0.00    4.00 ^ input22/A (sky130_fd_sc_hd__buf_2)
     1    0.00    0.03    0.07    4.07 ^ input22/X (sky130_fd_sc_hd__buf_2)
                                         net21 (net)
                  0.03    0.00    4.07 ^ place114/A (sky130_fd_sc_hd__buf_4)
    53    0.19    0.53    0.44    4.52 ^ place114/X (sky130_fd_sc_hd__buf_4)
                                         net113 (net)
                  0.53    0.00    4.52 ^ u_my_ip_reg.u_ctrl_en.q$_DFFE_PN0P_/RESET_B (sky130_fd_sc_hd__dfrtp_1)
                                  4.52   data arrival time

                          0.00    0.00   clock core_clock (rise edge)
                          0.00    0.00   clock source latency
     1    0.00    0.00    0.00    0.00 ^ clk_i (in)
                                         clk_i (net)
                  0.00    0.00    0.00 ^ clkbuf_0_clk_i/A (sky130_fd_sc_hd__clkbuf_8)
     4    0.02    0.05    0.11    0.11 ^ clkbuf_0_clk_i/X (sky130_fd_sc_hd__clkbuf_8)
                                         clknet_0_clk_i (net)
                  0.05    0.00    0.11 ^ clkbuf_2_0__f_clk_i/A (sky130_fd_sc_hd__clkbuf_8)
    14    0.03    0.07    0.14    0.25 ^ clkbuf_2_0__f_clk_i/X (sky130_fd_sc_hd__clkbuf_8)
                                         clknet_2_0__leaf_clk_i (net)
                  0.07    0.00    0.25 ^ u_my_ip_reg.u_ctrl_en.q$_DFFE_PN0P_/CLK (sky130_fd_sc_hd__dfrtp_1)
                          0.00    0.25   clock reconvergence pessimism
                          0.46    0.71   library removal time
                                  0.71   data required time
-----------------------------------------------------------------------------
                                  0.71   data required time
                                 -4.52   data arrival time
-----------------------------------------------------------------------------
                                  3.80   slack (MET)


Startpoint: u_my_ip_core.u_sync_name.u_sync_1.q_o$_DFF_PN0_
            (rising edge-triggered flip-flop clocked by core_clock)
Endpoint: u_my_ip_core.u_sync_name.u_sync_2.q_o$_DFF_PN0_
          (rising edge-triggered flip-flop clocked by core_clock)
Path Group: core_clock
Path Type: min

Fanout     Cap    Slew   Delay    Time   Description
-----------------------------------------------------------------------------
                          0.00    0.00   clock core_clock (rise edge)
                          0.00    0.00   clock source latency
     1    0.00    0.00    0.00    0.00 ^ clk_i (in)
                                         clk_i (net)
                  0.00    0.00    0.00 ^ clkbuf_0_clk_i/A (sky130_fd_sc_hd__clkbuf_8)
     4    0.02    0.05    0.11    0.11 ^ clkbuf_0_clk_i/X (sky130_fd_sc_hd__clkbuf_8)
                                         clknet_0_clk_i (net)
                  0.05    0.00    0.11 ^ clkbuf_2_1__f_clk_i/A (sky130_fd_sc_hd__clkbuf_8)
    15    0.03    0.07    0.14    0.25 ^ clkbuf_2_1__f_clk_i/X (sky130_fd_sc_hd__clkbuf_8)
                                         clknet_2_1__leaf_clk_i (net)
                  0.07    0.00    0.25 ^ u_my_ip_core.u_sync_name.u_sync_1.q_o$_DFF_PN0_/CLK (sky130_fd_sc_hd__dfrtp_1)
     1    0.00    0.04    0.32    0.57 ^ u_my_ip_core.u_sync_name.u_sync_1.q_o$_DFF_PN0_/Q (sky130_fd_sc_hd__dfrtp_1)
                                         u_my_ip_core.u_sync_name.intq (net)
                  0.04    0.00    0.57 ^ u_my_ip_core.u_sync_name.u_sync_2.q_o$_DFF_PN0_/D (sky130_fd_sc_hd__dfrtp_1)
                                  0.57   data arrival time

                          0.00    0.00   clock core_clock (rise edge)
                          0.00    0.00   clock source latency
     1    0.00    0.00    0.00    0.00 ^ clk_i (in)
                                         clk_i (net)
                  0.00    0.00    0.00 ^ clkbuf_0_clk_i/A (sky130_fd_sc_hd__clkbuf_8)
     4    0.02    0.05    0.11    0.11 ^ clkbuf_0_clk_i/X (sky130_fd_sc_hd__clkbuf_8)
                                         clknet_0_clk_i (net)
                  0.05    0.00    0.11 ^ clkbuf_2_1__f_clk_i/A (sky130_fd_sc_hd__clkbuf_8)
    15    0.03    0.07    0.14    0.25 ^ clkbuf_2_1__f_clk_i/X (sky130_fd_sc_hd__clkbuf_8)
                                         clknet_2_1__leaf_clk_i (net)
                  0.07    0.00    0.25 ^ u_my_ip_core.u_sync_name.u_sync_2.q_o$_DFF_PN0_/CLK (sky130_fd_sc_hd__dfrtp_1)
                          0.00    0.25   clock reconvergence pessimism
                         -0.03    0.22   library hold time
                                  0.22   data required time
-----------------------------------------------------------------------------
                                  0.22   data required time
                                 -0.57   data arrival time
-----------------------------------------------------------------------------
                                  0.35   slack (MET)



==========================================================================
detailed route report_checks -path_delay max
--------------------------------------------------------------------------
Startpoint: rst_ni (input port clocked by core_clock)
Endpoint: u_my_ip_reg.u_ctrl_setting.q[9]$_DFFE_PN0P_
          (recovery check against rising-edge clock core_clock)
Path Group: asynchronous
Path Type: max

Fanout     Cap    Slew   Delay    Time   Description
-----------------------------------------------------------------------------
                          0.00    0.00   clock core_clock (rise edge)
                          0.00    0.00   clock network delay (propagated)
                          4.00    4.00 ^ input external delay
     1    0.00    0.00    0.00    4.00 ^ rst_ni (in)
                                         rst_ni (net)
                  0.00    0.00    4.00 ^ input22/A (sky130_fd_sc_hd__buf_2)
     1    0.00    0.03    0.07    4.07 ^ input22/X (sky130_fd_sc_hd__buf_2)
                                         net21 (net)
                  0.03    0.00    4.07 ^ place114/A (sky130_fd_sc_hd__buf_4)
    53    0.19    0.53    0.44    4.52 ^ place114/X (sky130_fd_sc_hd__buf_4)
                                         net113 (net)
                  0.53    0.00    4.52 ^ u_my_ip_reg.u_ctrl_setting.q[9]$_DFFE_PN0P_/RESET_B (sky130_fd_sc_hd__dfrtp_1)
                                  4.52   data arrival time

                         20.00   20.00   clock core_clock (rise edge)
                          0.00   20.00   clock source latency
     1    0.00    0.00    0.00   20.00 ^ clk_i (in)
                                         clk_i (net)
                  0.00    0.00   20.00 ^ clkbuf_0_clk_i/A (sky130_fd_sc_hd__clkbuf_8)
     4    0.02    0.05    0.11   20.11 ^ clkbuf_0_clk_i/X (sky130_fd_sc_hd__clkbuf_8)
                                         clknet_0_clk_i (net)
                  0.05    0.00   20.11 ^ clkbuf_2_2__f_clk_i/A (sky130_fd_sc_hd__clkbuf_8)
    13    0.03    0.07    0.14   20.25 ^ clkbuf_2_2__f_clk_i/X (sky130_fd_sc_hd__clkbuf_8)
                                         clknet_2_2__leaf_clk_i (net)
                  0.07    0.00   20.25 ^ u_my_ip_reg.u_ctrl_setting.q[9]$_DFFE_PN0P_/CLK (sky130_fd_sc_hd__dfrtp_1)
                          0.00   20.25   clock reconvergence pessimism
                          0.11   20.37   library recovery time
                                 20.37   data required time
-----------------------------------------------------------------------------
                                 20.37   data required time
                                 -4.52   data arrival time
-----------------------------------------------------------------------------
                                 15.85   slack (MET)


Startpoint: tl_i[108] (input port clocked by core_clock)
Endpoint: u_my_ip_reg.u_reg_if.rdata[7]$_DFFE_PN0P_
          (rising edge-triggered flip-flop clocked by core_clock)
Path Group: core_clock
Path Type: max

Fanout     Cap    Slew   Delay    Time   Description
-----------------------------------------------------------------------------
                          0.00    0.00   clock core_clock (rise edge)
                          0.00    0.00   clock network delay (propagated)
                          4.00    4.00 ^ input external delay
     1    0.00    0.00    0.00    4.00 ^ tl_i[108] (in)
                                         tl_i[108] (net)
                  0.00    0.00    4.00 ^ input29/A (sky130_fd_sc_hd__clkdlybuf4s50_1)
     1    0.00    0.04    0.45    4.45 ^ input29/X (sky130_fd_sc_hd__clkdlybuf4s50_1)
                                         net28 (net)
                  0.04    0.00    4.45 ^ _203_/A (sky130_fd_sc_hd__inv_1)
     1    0.01    0.04    0.05    4.50 v _203_/Y (sky130_fd_sc_hd__inv_1)
                                         _051_ (net)
                  0.04    0.00    4.50 v _204_/B (sky130_fd_sc_hd__nor2_4)
    34    0.09    0.53    0.42    4.92 ^ _204_/Y (sky130_fd_sc_hd__nor2_4)
                                         _052_ (net)
                  0.53    0.00    4.92 ^ _295_/A (sky130_fd_sc_hd__nand2_1)
    19    0.04    0.35    0.40    5.32 v _295_/Y (sky130_fd_sc_hd__nand2_1)
                                         _125_ (net)
                  0.35    0.00    5.32 v _308_/A (sky130_fd_sc_hd__nand3_1)
     3    0.01    0.13    0.21    5.53 ^ _308_/Y (sky130_fd_sc_hd__nand3_1)
                                         _135_ (net)
                  0.13    0.00    5.53 ^ _369_/B1 (sky130_fd_sc_hd__o21ai_0)
     1    0.00    0.10    0.10    5.62 v _369_/Y (sky130_fd_sc_hd__o21ai_0)
                                         _177_ (net)
                  0.10    0.00    5.62 v _370_/A (sky130_fd_sc_hd__inv_1)
     1    0.00    0.04    0.06    5.69 ^ _370_/Y (sky130_fd_sc_hd__inv_1)
                                         _039_ (net)
                  0.04    0.00    5.69 ^ u_my_ip_reg.u_reg_if.rdata[7]$_DFFE_PN0P_/D (sky130_fd_sc_hd__dfrtp_1)
                                  5.69   data arrival time

                         20.00   20.00   clock core_clock (rise edge)
                          0.00   20.00   clock source latency
     1    0.00    0.00    0.00   20.00 ^ clk_i (in)
                                         clk_i (net)
                  0.00    0.00   20.00 ^ clkbuf_0_clk_i/A (sky130_fd_sc_hd__clkbuf_8)
     4    0.02    0.05    0.11   20.11 ^ clkbuf_0_clk_i/X (sky130_fd_sc_hd__clkbuf_8)
                                         clknet_0_clk_i (net)
                  0.05    0.00   20.11 ^ clkbuf_2_2__f_clk_i/A (sky130_fd_sc_hd__clkbuf_8)
    13    0.03    0.07    0.14   20.25 ^ clkbuf_2_2__f_clk_i/X (sky130_fd_sc_hd__clkbuf_8)
                                         clknet_2_2__leaf_clk_i (net)
                  0.07    0.00   20.25 ^ u_my_ip_reg.u_reg_if.rdata[7]$_DFFE_PN0P_/CLK (sky130_fd_sc_hd__dfrtp_1)
                          0.00   20.25   clock reconvergence pessimism
                         -0.06   20.20   library setup time
                                 20.20   data required time
-----------------------------------------------------------------------------
                                 20.20   data required time
                                 -5.69   data arrival time
-----------------------------------------------------------------------------
                                 14.51   slack (MET)



==========================================================================
detailed route report_checks -unconstrained
--------------------------------------------------------------------------
Startpoint: rst_ni (input port clocked by core_clock)
Endpoint: u_my_ip_reg.u_ctrl_setting.q[9]$_DFFE_PN0P_
          (recovery check against rising-edge clock core_clock)
Path Group: asynchronous
Path Type: max

Fanout     Cap    Slew   Delay    Time   Description
-----------------------------------------------------------------------------
                          0.00    0.00   clock core_clock (rise edge)
                          0.00    0.00   clock network delay (propagated)
                          4.00    4.00 ^ input external delay
     1    0.00    0.00    0.00    4.00 ^ rst_ni (in)
                                         rst_ni (net)
                  0.00    0.00    4.00 ^ input22/A (sky130_fd_sc_hd__buf_2)
     1    0.00    0.03    0.07    4.07 ^ input22/X (sky130_fd_sc_hd__buf_2)
                                         net21 (net)
                  0.03    0.00    4.07 ^ place114/A (sky130_fd_sc_hd__buf_4)
    53    0.19    0.53    0.44    4.52 ^ place114/X (sky130_fd_sc_hd__buf_4)
                                         net113 (net)
                  0.53    0.00    4.52 ^ u_my_ip_reg.u_ctrl_setting.q[9]$_DFFE_PN0P_/RESET_B (sky130_fd_sc_hd__dfrtp_1)
                                  4.52   data arrival time

                         20.00   20.00   clock core_clock (rise edge)
                          0.00   20.00   clock source latency
     1    0.00    0.00    0.00   20.00 ^ clk_i (in)
                                         clk_i (net)
                  0.00    0.00   20.00 ^ clkbuf_0_clk_i/A (sky130_fd_sc_hd__clkbuf_8)
     4    0.02    0.05    0.11   20.11 ^ clkbuf_0_clk_i/X (sky130_fd_sc_hd__clkbuf_8)
                                         clknet_0_clk_i (net)
                  0.05    0.00   20.11 ^ clkbuf_2_2__f_clk_i/A (sky130_fd_sc_hd__clkbuf_8)
    13    0.03    0.07    0.14   20.25 ^ clkbuf_2_2__f_clk_i/X (sky130_fd_sc_hd__clkbuf_8)
                                         clknet_2_2__leaf_clk_i (net)
                  0.07    0.00   20.25 ^ u_my_ip_reg.u_ctrl_setting.q[9]$_DFFE_PN0P_/CLK (sky130_fd_sc_hd__dfrtp_1)
                          0.00   20.25   clock reconvergence pessimism
                          0.11   20.37   library recovery time
                                 20.37   data required time
-----------------------------------------------------------------------------
                                 20.37   data required time
                                 -4.52   data arrival time
-----------------------------------------------------------------------------
                                 15.85   slack (MET)


Startpoint: tl_i[108] (input port clocked by core_clock)
Endpoint: u_my_ip_reg.u_reg_if.rdata[7]$_DFFE_PN0P_
          (rising edge-triggered flip-flop clocked by core_clock)
Path Group: core_clock
Path Type: max

Fanout     Cap    Slew   Delay    Time   Description
-----------------------------------------------------------------------------
                          0.00    0.00   clock core_clock (rise edge)
                          0.00    0.00   clock network delay (propagated)
                          4.00    4.00 ^ input external delay
     1    0.00    0.00    0.00    4.00 ^ tl_i[108] (in)
                                         tl_i[108] (net)
                  0.00    0.00    4.00 ^ input29/A (sky130_fd_sc_hd__clkdlybuf4s50_1)
     1    0.00    0.04    0.45    4.45 ^ input29/X (sky130_fd_sc_hd__clkdlybuf4s50_1)
                                         net28 (net)
                  0.04    0.00    4.45 ^ _203_/A (sky130_fd_sc_hd__inv_1)
     1    0.01    0.04    0.05    4.50 v _203_/Y (sky130_fd_sc_hd__inv_1)
                                         _051_ (net)
                  0.04    0.00    4.50 v _204_/B (sky130_fd_sc_hd__nor2_4)
    34    0.09    0.53    0.42    4.92 ^ _204_/Y (sky130_fd_sc_hd__nor2_4)
                                         _052_ (net)
                  0.53    0.00    4.92 ^ _295_/A (sky130_fd_sc_hd__nand2_1)
    19    0.04    0.35    0.40    5.32 v _295_/Y (sky130_fd_sc_hd__nand2_1)
                                         _125_ (net)
                  0.35    0.00    5.32 v _308_/A (sky130_fd_sc_hd__nand3_1)
     3    0.01    0.13    0.21    5.53 ^ _308_/Y (sky130_fd_sc_hd__nand3_1)
                                         _135_ (net)
                  0.13    0.00    5.53 ^ _369_/B1 (sky130_fd_sc_hd__o21ai_0)
     1    0.00    0.10    0.10    5.62 v _369_/Y (sky130_fd_sc_hd__o21ai_0)
                                         _177_ (net)
                  0.10    0.00    5.62 v _370_/A (sky130_fd_sc_hd__inv_1)
     1    0.00    0.04    0.06    5.69 ^ _370_/Y (sky130_fd_sc_hd__inv_1)
                                         _039_ (net)
                  0.04    0.00    5.69 ^ u_my_ip_reg.u_reg_if.rdata[7]$_DFFE_PN0P_/D (sky130_fd_sc_hd__dfrtp_1)
                                  5.69   data arrival time

                         20.00   20.00   clock core_clock (rise edge)
                          0.00   20.00   clock source latency
     1    0.00    0.00    0.00   20.00 ^ clk_i (in)
                                         clk_i (net)
                  0.00    0.00   20.00 ^ clkbuf_0_clk_i/A (sky130_fd_sc_hd__clkbuf_8)
     4    0.02    0.05    0.11   20.11 ^ clkbuf_0_clk_i/X (sky130_fd_sc_hd__clkbuf_8)
                                         clknet_0_clk_i (net)
                  0.05    0.00   20.11 ^ clkbuf_2_2__f_clk_i/A (sky130_fd_sc_hd__clkbuf_8)
    13    0.03    0.07    0.14   20.25 ^ clkbuf_2_2__f_clk_i/X (sky130_fd_sc_hd__clkbuf_8)
                                         clknet_2_2__leaf_clk_i (net)
                  0.07    0.00   20.25 ^ u_my_ip_reg.u_reg_if.rdata[7]$_DFFE_PN0P_/CLK (sky130_fd_sc_hd__dfrtp_1)
                          0.00   20.25   clock reconvergence pessimism
                         -0.06   20.20   library setup time
                                 20.20   data required time
-----------------------------------------------------------------------------
                                 20.20   data required time
                                 -5.69   data arrival time
-----------------------------------------------------------------------------
                                 14.51   slack (MET)



==========================================================================
detailed route report_check_types -max_slew -max_cap -max_fanout -violators
--------------------------------------------------------------------------

==========================================================================
detailed route max_slew_check_slack
--------------------------------------------------------------------------
0.9630768895149231

==========================================================================
detailed route max_slew_check_limit
--------------------------------------------------------------------------
1.4964489936828613

==========================================================================
detailed route max_slew_check_slack_limit
--------------------------------------------------------------------------
0.6436

==========================================================================
detailed route max_fanout_check_slack
--------------------------------------------------------------------------
1.0000000150474662e+30

==========================================================================
detailed route max_fanout_check_limit
--------------------------------------------------------------------------
1.0000000150474662e+30

==========================================================================
detailed route max_capacitance_check_slack
--------------------------------------------------------------------------
0.04797400161623955

==========================================================================
detailed route max_capacitance_check_limit
--------------------------------------------------------------------------
0.05036399886012077

==========================================================================
detailed route max_capacitance_check_slack_limit
--------------------------------------------------------------------------
0.9525

==========================================================================
detailed route max_slew_violation_count
--------------------------------------------------------------------------
max slew violation count 0

==========================================================================
detailed route max_fanout_violation_count
--------------------------------------------------------------------------
max fanout violation count 0

==========================================================================
detailed route max_cap_violation_count
--------------------------------------------------------------------------
max cap violation count 0

==========================================================================
detailed route setup_violation_count
--------------------------------------------------------------------------
setup violation count 0

==========================================================================
detailed route hold_violation_count
--------------------------------------------------------------------------
hold violation count 0

==========================================================================
detailed route report_checks -path_delay max reg to reg
--------------------------------------------------------------------------
Startpoint: u_my_ip_reg.u_reg_if.outstanding_q$_DFFE_PN0P_
            (rising edge-triggered flip-flop clocked by core_clock)
Endpoint: u_my_ip_reg.u_reg_if.rdata[7]$_DFFE_PN0P_
          (rising edge-triggered flip-flop clocked by core_clock)
Path Group: core_clock
Path Type: max

  Delay    Time   Description
---------------------------------------------------------
   0.00    0.00   clock core_clock (rise edge)
   0.00    0.00   clock source latency
   0.00    0.00 ^ clk_i (in)
   0.11    0.11 ^ clkbuf_0_clk_i/X (sky130_fd_sc_hd__clkbuf_8)
   0.14    0.25 ^ clkbuf_2_2__f_clk_i/X (sky130_fd_sc_hd__clkbuf_8)
   0.00    0.25 ^ u_my_ip_reg.u_reg_if.outstanding_q$_DFFE_PN0P_/CLK (sky130_fd_sc_hd__dfrtp_1)
   0.41    0.66 v u_my_ip_reg.u_reg_if.outstanding_q$_DFFE_PN0P_/Q (sky130_fd_sc_hd__dfrtp_1)
   0.46    1.12 ^ _204_/Y (sky130_fd_sc_hd__nor2_4)
   0.40    1.52 v _295_/Y (sky130_fd_sc_hd__nand2_1)
   0.21    1.73 ^ _308_/Y (sky130_fd_sc_hd__nand3_1)
   0.10    1.82 v _369_/Y (sky130_fd_sc_hd__o21ai_0)
   0.06    1.89 ^ _370_/Y (sky130_fd_sc_hd__inv_1)
   0.00    1.89 ^ u_my_ip_reg.u_reg_if.rdata[7]$_DFFE_PN0P_/D (sky130_fd_sc_hd__dfrtp_1)
           1.89   data arrival time

  20.00   20.00   clock core_clock (rise edge)
   0.00   20.00   clock source latency
   0.00   20.00 ^ clk_i (in)
   0.11   20.11 ^ clkbuf_0_clk_i/X (sky130_fd_sc_hd__clkbuf_8)
   0.14   20.25 ^ clkbuf_2_2__f_clk_i/X (sky130_fd_sc_hd__clkbuf_8)
   0.00   20.25 ^ u_my_ip_reg.u_reg_if.rdata[7]$_DFFE_PN0P_/CLK (sky130_fd_sc_hd__dfrtp_1)
   0.00   20.25   clock reconvergence pessimism
  -0.06   20.20   library setup time
          20.20   data required time
---------------------------------------------------------
          20.20   data required time
          -1.89   data arrival time
---------------------------------------------------------
          18.31   slack (MET)



==========================================================================
detailed route report_checks -path_delay min reg to reg
--------------------------------------------------------------------------
Startpoint: u_my_ip_core.u_sync_name.u_sync_1.q_o$_DFF_PN0_
            (rising edge-triggered flip-flop clocked by core_clock)
Endpoint: u_my_ip_core.u_sync_name.u_sync_2.q_o$_DFF_PN0_
          (rising edge-triggered flip-flop clocked by core_clock)
Path Group: core_clock
Path Type: min

  Delay    Time   Description
---------------------------------------------------------
   0.00    0.00   clock core_clock (rise edge)
   0.00    0.00   clock source latency
   0.00    0.00 ^ clk_i (in)
   0.11    0.11 ^ clkbuf_0_clk_i/X (sky130_fd_sc_hd__clkbuf_8)
   0.14    0.25 ^ clkbuf_2_1__f_clk_i/X (sky130_fd_sc_hd__clkbuf_8)
   0.00    0.25 ^ u_my_ip_core.u_sync_name.u_sync_1.q_o$_DFF_PN0_/CLK (sky130_fd_sc_hd__dfrtp_1)
   0.32    0.57 ^ u_my_ip_core.u_sync_name.u_sync_1.q_o$_DFF_PN0_/Q (sky130_fd_sc_hd__dfrtp_1)
   0.00    0.57 ^ u_my_ip_core.u_sync_name.u_sync_2.q_o$_DFF_PN0_/D (sky130_fd_sc_hd__dfrtp_1)
           0.57   data arrival time

   0.00    0.00   clock core_clock (rise edge)
   0.00    0.00   clock source latency
   0.00    0.00 ^ clk_i (in)
   0.11    0.11 ^ clkbuf_0_clk_i/X (sky130_fd_sc_hd__clkbuf_8)
   0.14    0.25 ^ clkbuf_2_1__f_clk_i/X (sky130_fd_sc_hd__clkbuf_8)
   0.00    0.25 ^ u_my_ip_core.u_sync_name.u_sync_2.q_o$_DFF_PN0_/CLK (sky130_fd_sc_hd__dfrtp_1)
   0.00    0.25   clock reconvergence pessimism
  -0.03    0.22   library hold time
           0.22   data required time
---------------------------------------------------------
           0.22   data required time
          -0.57   data arrival time
---------------------------------------------------------
           0.35   slack (MET)



==========================================================================
detailed route critical path target clock latency max path
--------------------------------------------------------------------------
0.2542

==========================================================================
detailed route critical path target clock latency min path
--------------------------------------------------------------------------
0.2548

==========================================================================
detailed route critical path source clock latency min path
--------------------------------------------------------------------------
0.0000

==========================================================================
detailed route critical path delay
--------------------------------------------------------------------------
5.6870

==========================================================================
detailed route critical path slack
--------------------------------------------------------------------------
14.5116

==========================================================================
detailed route slack div critical path delay
--------------------------------------------------------------------------
255.171444

==========================================================================
detailed route report_power
--------------------------------------------------------------------------
Group                  Internal  Switching    Leakage      Total
                          Power      Power      Power      Power (Watts)
----------------------------------------------------------------
Sequential             1.28e-04   8.87e-06   6.04e-10   1.37e-04  53.2%
Combinational          5.22e-05   1.65e-05   9.70e-10   6.87e-05  26.6%
Clock                  3.10e-05   2.10e-05   5.42e-11   5.20e-05  20.2%
Macro                  0.00e+00   0.00e+00   0.00e+00   0.00e+00   0.0%
Pad                    0.00e+00   0.00e+00   0.00e+00   0.00e+00   0.0%
----------------------------------------------------------------
Total                  2.12e-04   4.63e-05   1.63e-09   2.58e-04 100.0%
                          82.0%      18.0%       0.0%
