
==========================================================================
finish report_tns
--------------------------------------------------------------------------
tns max 0.00

==========================================================================
finish report_wns
--------------------------------------------------------------------------
wns max 0.00

==========================================================================
finish report_worst_slack
--------------------------------------------------------------------------
worst slack max 13.95

==========================================================================
finish report_clock_min_period
--------------------------------------------------------------------------
core_clock period_min = 6.05 fmax = 165.35

==========================================================================
finish report_clock_skew
--------------------------------------------------------------------------
Clock core_clock
   0.30 source latency u_my_ip_reg.u_reg_if.outstanding_q$_DFFE_PN0P_/CLK ^
  -0.30 target latency u_my_ip_reg.u_reg_if.rdata[22]$_DFFE_PN0P_/CLK ^
   0.00 CRPR
--------------
  -0.01 setup skew


==========================================================================
finish report_checks -path_delay min
--------------------------------------------------------------------------
Startpoint: rst_ni (input port clocked by core_clock)
Endpoint: u_my_ip_reg.u_ctrl_setting.q[15]$_DFFE_PN0P_
          (removal check against rising-edge clock core_clock)
Path Group: asynchronous
Path Type: min

Fanout     Cap    Slew   Delay    Time   Description
-----------------------------------------------------------------------------
                          0.00    0.00   clock core_clock (rise edge)
                          0.00    0.00   clock network delay (propagated)
                          4.00    4.00 ^ input external delay
     1    0.00    0.00    0.00    4.00 ^ rst_ni (in)
                                         rst_ni (net)
                  0.00    0.00    4.00 ^ input22/A (sky130_fd_sc_hd__buf_2)
     1    0.00    0.03    0.07    4.07 ^ input22/X (sky130_fd_sc_hd__buf_2)
                                         net21 (net)
                  0.03    0.00    4.07 ^ place114/A (sky130_fd_sc_hd__buf_4)
    53    0.24    0.64    0.51    4.59 ^ place114/X (sky130_fd_sc_hd__buf_4)
                                         net113 (net)
                  0.64    0.01    4.59 ^ u_my_ip_reg.u_ctrl_setting.q[15]$_DFFE_PN0P_/RESET_B (sky130_fd_sc_hd__dfrtp_1)
                                  4.59   data arrival time

                          0.00    0.00   clock core_clock (rise edge)
                          0.00    0.00   clock source latency
     1    0.01    0.00    0.00    0.00 ^ clk_i (in)
                                         clk_i (net)
                  0.00    0.00    0.00 ^ clkbuf_0_clk_i/A (sky130_fd_sc_hd__clkbuf_8)
     4    0.03    0.07    0.13    0.13 ^ clkbuf_0_clk_i/X (sky130_fd_sc_hd__clkbuf_8)
                                         clknet_0_clk_i (net)
                  0.07    0.00    0.13 ^ clkbuf_2_0__f_clk_i/A (sky130_fd_sc_hd__clkbuf_8)
    14    0.04    0.09    0.17    0.30 ^ clkbuf_2_0__f_clk_i/X (sky130_fd_sc_hd__clkbuf_8)
                                         clknet_2_0__leaf_clk_i (net)
                  0.09    0.00    0.30 ^ u_my_ip_reg.u_ctrl_setting.q[15]$_DFFE_PN0P_/CLK (sky130_fd_sc_hd__dfrtp_1)
                          0.00    0.30   clock reconvergence pessimism
                          0.50    0.80   library removal time
                                  0.80   data required time
-----------------------------------------------------------------------------
                                  0.80   data required time
                                 -4.59   data arrival time
-----------------------------------------------------------------------------
                                  3.79   slack (MET)


Startpoint: u_my_ip_core.u_sync_name.u_sync_1.q_o$_DFF_PN0_
            (rising edge-triggered flip-flop clocked by core_clock)
Endpoint: u_my_ip_core.u_sync_name.u_sync_2.q_o$_DFF_PN0_
          (rising edge-triggered flip-flop clocked by core_clock)
Path Group: core_clock
Path Type: min

Fanout     Cap    Slew   Delay    Time   Description
-----------------------------------------------------------------------------
                          0.00    0.00   clock core_clock (rise edge)
                          0.00    0.00   clock source latency
     1    0.01    0.00    0.00    0.00 ^ clk_i (in)
                                         clk_i (net)
                  0.00    0.00    0.00 ^ clkbuf_0_clk_i/A (sky130_fd_sc_hd__clkbuf_8)
     4    0.03    0.07    0.13    0.13 ^ clkbuf_0_clk_i/X (sky130_fd_sc_hd__clkbuf_8)
                                         clknet_0_clk_i (net)
                  0.07    0.00    0.13 ^ clkbuf_2_1__f_clk_i/A (sky130_fd_sc_hd__clkbuf_8)
    15    0.04    0.09    0.17    0.30 ^ clkbuf_2_1__f_clk_i/X (sky130_fd_sc_hd__clkbuf_8)
                                         clknet_2_1__leaf_clk_i (net)
                  0.09    0.00    0.30 ^ u_my_ip_core.u_sync_name.u_sync_1.q_o$_DFF_PN0_/CLK (sky130_fd_sc_hd__dfrtp_1)
     1    0.00    0.04    0.33    0.63 ^ u_my_ip_core.u_sync_name.u_sync_1.q_o$_DFF_PN0_/Q (sky130_fd_sc_hd__dfrtp_1)
                                         u_my_ip_core.u_sync_name.intq (net)
                  0.04    0.00    0.63 ^ u_my_ip_core.u_sync_name.u_sync_2.q_o$_DFF_PN0_/D (sky130_fd_sc_hd__dfrtp_1)
                                  0.63   data arrival time

                          0.00    0.00   clock core_clock (rise edge)
                          0.00    0.00   clock source latency
     1    0.01    0.00    0.00    0.00 ^ clk_i (in)
                                         clk_i (net)
                  0.00    0.00    0.00 ^ clkbuf_0_clk_i/A (sky130_fd_sc_hd__clkbuf_8)
     4    0.03    0.07    0.13    0.13 ^ clkbuf_0_clk_i/X (sky130_fd_sc_hd__clkbuf_8)
                                         clknet_0_clk_i (net)
                  0.07    0.00    0.13 ^ clkbuf_2_1__f_clk_i/A (sky130_fd_sc_hd__clkbuf_8)
    15    0.04    0.09    0.17    0.30 ^ clkbuf_2_1__f_clk_i/X (sky130_fd_sc_hd__clkbuf_8)
                                         clknet_2_1__leaf_clk_i (net)
                  0.09    0.00    0.30 ^ u_my_ip_core.u_sync_name.u_sync_2.q_o$_DFF_PN0_/CLK (sky130_fd_sc_hd__dfrtp_1)
                          0.00    0.30   clock reconvergence pessimism
                         -0.03    0.27   library hold time
                                  0.27   data required time
-----------------------------------------------------------------------------
                                  0.27   data required time
                                 -0.63   data arrival time
-----------------------------------------------------------------------------
                                  0.35   slack (MET)



==========================================================================
finish report_checks -path_delay max
--------------------------------------------------------------------------
Startpoint: rst_ni (input port clocked by core_clock)
Endpoint: u_my_ip_reg.u_ctrl_setting.q[9]$_DFFE_PN0P_
          (recovery check against rising-edge clock core_clock)
Path Group: asynchronous
Path Type: max

Fanout     Cap    Slew   Delay    Time   Description
-----------------------------------------------------------------------------
                          0.00    0.00   clock core_clock (rise edge)
                          0.00    0.00   clock network delay (propagated)
                          4.00    4.00 ^ input external delay
     1    0.00    0.00    0.00    4.00 ^ rst_ni (in)
                                         rst_ni (net)
                  0.00    0.00    4.00 ^ input22/A (sky130_fd_sc_hd__buf_2)
     1    0.00    0.03    0.07    4.07 ^ input22/X (sky130_fd_sc_hd__buf_2)
                                         net21 (net)
                  0.03    0.00    4.07 ^ place114/A (sky130_fd_sc_hd__buf_4)
    53    0.24    0.64    0.51    4.59 ^ place114/X (sky130_fd_sc_hd__buf_4)
                                         net113 (net)
                  0.65    0.02    4.61 ^ u_my_ip_reg.u_ctrl_setting.q[9]$_DFFE_PN0P_/RESET_B (sky130_fd_sc_hd__dfrtp_1)
                                  4.61   data arrival time

                         20.00   20.00   clock core_clock (rise edge)
                          0.00   20.00   clock source latency
     1    0.01    0.00    0.00   20.00 ^ clk_i (in)
                                         clk_i (net)
                  0.00    0.00   20.00 ^ clkbuf_0_clk_i/A (sky130_fd_sc_hd__clkbuf_8)
     4    0.03    0.07    0.13   20.13 ^ clkbuf_0_clk_i/X (sky130_fd_sc_hd__clkbuf_8)
                                         clknet_0_clk_i (net)
                  0.07    0.00   20.13 ^ clkbuf_2_2__f_clk_i/A (sky130_fd_sc_hd__clkbuf_8)
    13    0.04    0.08    0.17   20.30 ^ clkbuf_2_2__f_clk_i/X (sky130_fd_sc_hd__clkbuf_8)
                                         clknet_2_2__leaf_clk_i (net)
                  0.08    0.00   20.30 ^ u_my_ip_reg.u_ctrl_setting.q[9]$_DFFE_PN0P_/CLK (sky130_fd_sc_hd__dfrtp_1)
                          0.00   20.30   clock reconvergence pessimism
                          0.09   20.38   library recovery time
                                 20.38   data required time
-----------------------------------------------------------------------------
                                 20.38   data required time
                                 -4.61   data arrival time
-----------------------------------------------------------------------------
                                 15.77   slack (MET)


Startpoint: tl_i[108] (input port clocked by core_clock)
Endpoint: u_my_ip_reg.u_reg_if.rdata[7]$_DFFE_PN0P_
          (rising edge-triggered flip-flop clocked by core_clock)
Path Group: core_clock
Path Type: max

Fanout     Cap    Slew   Delay    Time   Description
-----------------------------------------------------------------------------
                          0.00    0.00   clock core_clock (rise edge)
                          0.00    0.00   clock network delay (propagated)
                          4.00    4.00 ^ input external delay
     1    0.00    0.00    0.00    4.00 ^ tl_i[108] (in)
                                         tl_i[108] (net)
                  0.00    0.00    4.00 ^ input29/A (sky130_fd_sc_hd__clkdlybuf4s50_1)
     1    0.00    0.05    0.46    4.46 ^ input29/X (sky130_fd_sc_hd__clkdlybuf4s50_1)
                                         net28 (net)
                  0.05    0.00    4.46 ^ _203_/A (sky130_fd_sc_hd__inv_1)
     1    0.01    0.04    0.06    4.51 v _203_/Y (sky130_fd_sc_hd__inv_1)
                                         _051_ (net)
                  0.04    0.00    4.51 v _204_/B (sky130_fd_sc_hd__nor2_4)
    34    0.14    0.83    0.62    5.14 ^ _204_/Y (sky130_fd_sc_hd__nor2_4)
                                         _052_ (net)
                  0.83    0.02    5.16 ^ _295_/A (sky130_fd_sc_hd__nand2_1)
    19    0.07    0.53    0.64    5.80 v _295_/Y (sky130_fd_sc_hd__nand2_1)
                                         _125_ (net)
                  0.53    0.00    5.80 v _308_/A (sky130_fd_sc_hd__nand3_1)
     3    0.01    0.19    0.30    6.10 ^ _308_/Y (sky130_fd_sc_hd__nand3_1)
                                         _135_ (net)
                  0.19    0.00    6.10 ^ _369_/B1 (sky130_fd_sc_hd__o21ai_0)
     1    0.00    0.13    0.12    6.21 v _369_/Y (sky130_fd_sc_hd__o21ai_0)
                                         _177_ (net)
                  0.13    0.00    6.21 v _370_/A (sky130_fd_sc_hd__inv_1)
     1    0.00    0.05    0.08    6.29 ^ _370_/Y (sky130_fd_sc_hd__inv_1)
                                         _039_ (net)
                  0.05    0.00    6.29 ^ u_my_ip_reg.u_reg_if.rdata[7]$_DFFE_PN0P_/D (sky130_fd_sc_hd__dfrtp_1)
                                  6.29   data arrival time

                         20.00   20.00   clock core_clock (rise edge)
                          0.00   20.00   clock source latency
     1    0.01    0.00    0.00   20.00 ^ clk_i (in)
                                         clk_i (net)
                  0.00    0.00   20.00 ^ clkbuf_0_clk_i/A (sky130_fd_sc_hd__clkbuf_8)
     4    0.03    0.07    0.13   20.13 ^ clkbuf_0_clk_i/X (sky130_fd_sc_hd__clkbuf_8)
                                         clknet_0_clk_i (net)
                  0.07    0.00   20.13 ^ clkbuf_2_2__f_clk_i/A (sky130_fd_sc_hd__clkbuf_8)
    13    0.04    0.08    0.17   20.30 ^ clkbuf_2_2__f_clk_i/X (sky130_fd_sc_hd__clkbuf_8)
                                         clknet_2_2__leaf_clk_i (net)
                  0.08    0.00   20.30 ^ u_my_ip_reg.u_reg_if.rdata[7]$_DFFE_PN0P_/CLK (sky130_fd_sc_hd__dfrtp_1)
                          0.00   20.30   clock reconvergence pessimism
                         -0.05   20.24   library setup time
                                 20.24   data required time
-----------------------------------------------------------------------------
                                 20.24   data required time
                                 -6.29   data arrival time
-----------------------------------------------------------------------------
                                 13.95   slack (MET)



==========================================================================
finish report_checks -unconstrained
--------------------------------------------------------------------------
Startpoint: rst_ni (input port clocked by core_clock)
Endpoint: u_my_ip_reg.u_ctrl_setting.q[9]$_DFFE_PN0P_
          (recovery check against rising-edge clock core_clock)
Path Group: asynchronous
Path Type: max

Fanout     Cap    Slew   Delay    Time   Description
-----------------------------------------------------------------------------
                          0.00    0.00   clock core_clock (rise edge)
                          0.00    0.00   clock network delay (propagated)
                          4.00    4.00 ^ input external delay
     1    0.00    0.00    0.00    4.00 ^ rst_ni (in)
                                         rst_ni (net)
                  0.00    0.00    4.00 ^ input22/A (sky130_fd_sc_hd__buf_2)
     1    0.00    0.03    0.07    4.07 ^ input22/X (sky130_fd_sc_hd__buf_2)
                                         net21 (net)
                  0.03    0.00    4.07 ^ place114/A (sky130_fd_sc_hd__buf_4)
    53    0.24    0.64    0.51    4.59 ^ place114/X (sky130_fd_sc_hd__buf_4)
                                         net113 (net)
                  0.65    0.02    4.61 ^ u_my_ip_reg.u_ctrl_setting.q[9]$_DFFE_PN0P_/RESET_B (sky130_fd_sc_hd__dfrtp_1)
                                  4.61   data arrival time

                         20.00   20.00   clock core_clock (rise edge)
                          0.00   20.00   clock source latency
     1    0.01    0.00    0.00   20.00 ^ clk_i (in)
                                         clk_i (net)
                  0.00    0.00   20.00 ^ clkbuf_0_clk_i/A (sky130_fd_sc_hd__clkbuf_8)
     4    0.03    0.07    0.13   20.13 ^ clkbuf_0_clk_i/X (sky130_fd_sc_hd__clkbuf_8)
                                         clknet_0_clk_i (net)
                  0.07    0.00   20.13 ^ clkbuf_2_2__f_clk_i/A (sky130_fd_sc_hd__clkbuf_8)
    13    0.04    0.08    0.17   20.30 ^ clkbuf_2_2__f_clk_i/X (sky130_fd_sc_hd__clkbuf_8)
                                         clknet_2_2__leaf_clk_i (net)
                  0.08    0.00   20.30 ^ u_my_ip_reg.u_ctrl_setting.q[9]$_DFFE_PN0P_/CLK (sky130_fd_sc_hd__dfrtp_1)
                          0.00   20.30   clock reconvergence pessimism
                          0.09   20.38   library recovery time
                                 20.38   data required time
-----------------------------------------------------------------------------
                                 20.38   data required time
                                 -4.61   data arrival time
-----------------------------------------------------------------------------
                                 15.77   slack (MET)


Startpoint: tl_i[108] (input port clocked by core_clock)
Endpoint: u_my_ip_reg.u_reg_if.rdata[7]$_DFFE_PN0P_
          (rising edge-triggered flip-flop clocked by core_clock)
Path Group: core_clock
Path Type: max

Fanout     Cap    Slew   Delay    Time   Description
-----------------------------------------------------------------------------
                          0.00    0.00   clock core_clock (rise edge)
                          0.00    0.00   clock network delay (propagated)
                          4.00    4.00 ^ input external delay
     1    0.00    0.00    0.00    4.00 ^ tl_i[108] (in)
                                         tl_i[108] (net)
                  0.00    0.00    4.00 ^ input29/A (sky130_fd_sc_hd__clkdlybuf4s50_1)
     1    0.00    0.05    0.46    4.46 ^ input29/X (sky130_fd_sc_hd__clkdlybuf4s50_1)
                                         net28 (net)
                  0.05    0.00    4.46 ^ _203_/A (sky130_fd_sc_hd__inv_1)
     1    0.01    0.04    0.06    4.51 v _203_/Y (sky130_fd_sc_hd__inv_1)
                                         _051_ (net)
                  0.04    0.00    4.51 v _204_/B (sky130_fd_sc_hd__nor2_4)
    34    0.14    0.83    0.62    5.14 ^ _204_/Y (sky130_fd_sc_hd__nor2_4)
                                         _052_ (net)
                  0.83    0.02    5.16 ^ _295_/A (sky130_fd_sc_hd__nand2_1)
    19    0.07    0.53    0.64    5.80 v _295_/Y (sky130_fd_sc_hd__nand2_1)
                                         _125_ (net)
                  0.53    0.00    5.80 v _308_/A (sky130_fd_sc_hd__nand3_1)
     3    0.01    0.19    0.30    6.10 ^ _308_/Y (sky130_fd_sc_hd__nand3_1)
                                         _135_ (net)
                  0.19    0.00    6.10 ^ _369_/B1 (sky130_fd_sc_hd__o21ai_0)
     1    0.00    0.13    0.12    6.21 v _369_/Y (sky130_fd_sc_hd__o21ai_0)
                                         _177_ (net)
                  0.13    0.00    6.21 v _370_/A (sky130_fd_sc_hd__inv_1)
     1    0.00    0.05    0.08    6.29 ^ _370_/Y (sky130_fd_sc_hd__inv_1)
                                         _039_ (net)
                  0.05    0.00    6.29 ^ u_my_ip_reg.u_reg_if.rdata[7]$_DFFE_PN0P_/D (sky130_fd_sc_hd__dfrtp_1)
                                  6.29   data arrival time

                         20.00   20.00   clock core_clock (rise edge)
                          0.00   20.00   clock source latency
     1    0.01    0.00    0.00   20.00 ^ clk_i (in)
                                         clk_i (net)
                  0.00    0.00   20.00 ^ clkbuf_0_clk_i/A (sky130_fd_sc_hd__clkbuf_8)
     4    0.03    0.07    0.13   20.13 ^ clkbuf_0_clk_i/X (sky130_fd_sc_hd__clkbuf_8)
                                         clknet_0_clk_i (net)
                  0.07    0.00   20.13 ^ clkbuf_2_2__f_clk_i/A (sky130_fd_sc_hd__clkbuf_8)
    13    0.04    0.08    0.17   20.30 ^ clkbuf_2_2__f_clk_i/X (sky130_fd_sc_hd__clkbuf_8)
                                         clknet_2_2__leaf_clk_i (net)
                  0.08    0.00   20.30 ^ u_my_ip_reg.u_reg_if.rdata[7]$_DFFE_PN0P_/CLK (sky130_fd_sc_hd__dfrtp_1)
                          0.00   20.30   clock reconvergence pessimism
                         -0.05   20.24   library setup time
                                 20.24   data required time
-----------------------------------------------------------------------------
                                 20.24   data required time
                                 -6.29   data arrival time
-----------------------------------------------------------------------------
                                 13.95   slack (MET)



==========================================================================
finish report_check_types -max_slew -max_cap -max_fanout -violators
--------------------------------------------------------------------------

==========================================================================
finish max_slew_check_slack
--------------------------------------------------------------------------
0.6709287762641907

==========================================================================
finish max_slew_check_limit
--------------------------------------------------------------------------
1.4964489936828613

==========================================================================
finish max_slew_check_slack_limit
--------------------------------------------------------------------------
0.4483

==========================================================================
finish max_fanout_check_slack
--------------------------------------------------------------------------
1.0000000150474662e+30

==========================================================================
finish max_fanout_check_limit
--------------------------------------------------------------------------
1.0000000150474662e+30

==========================================================================
finish max_capacitance_check_slack
--------------------------------------------------------------------------
0.047249872237443924

==========================================================================
finish max_capacitance_check_limit
--------------------------------------------------------------------------
0.05036399886012077

==========================================================================
finish max_capacitance_check_slack_limit
--------------------------------------------------------------------------
0.9382

==========================================================================
finish max_slew_violation_count
--------------------------------------------------------------------------
max slew violation count 0

==========================================================================
finish max_fanout_violation_count
--------------------------------------------------------------------------
max fanout violation count 0

==========================================================================
finish max_cap_violation_count
--------------------------------------------------------------------------
max cap violation count 0

==========================================================================
finish setup_violation_count
--------------------------------------------------------------------------
setup violation count 0

==========================================================================
finish hold_violation_count
--------------------------------------------------------------------------
hold violation count 0

==========================================================================
finish report_checks -path_delay max reg to reg
--------------------------------------------------------------------------
Startpoint: u_my_ip_reg.u_reg_if.outstanding_q$_DFFE_PN0P_
            (rising edge-triggered flip-flop clocked by core_clock)
Endpoint: u_my_ip_reg.u_reg_if.rdata[7]$_DFFE_PN0P_
          (rising edge-triggered flip-flop clocked by core_clock)
Path Group: core_clock
Path Type: max

  Delay    Time   Description
---------------------------------------------------------
   0.00    0.00   clock core_clock (rise edge)
   0.00    0.00   clock source latency
   0.00    0.00 ^ clk_i (in)
   0.13    0.13 ^ clkbuf_0_clk_i/X (sky130_fd_sc_hd__clkbuf_8)
   0.17    0.30 ^ clkbuf_2_2__f_clk_i/X (sky130_fd_sc_hd__clkbuf_8)
   0.00    0.30 ^ u_my_ip_reg.u_reg_if.outstanding_q$_DFFE_PN0P_/CLK (sky130_fd_sc_hd__dfrtp_1)
   0.43    0.72 v u_my_ip_reg.u_reg_if.outstanding_q$_DFFE_PN0P_/Q (sky130_fd_sc_hd__dfrtp_1)
   0.66    1.39 ^ _204_/Y (sky130_fd_sc_hd__nor2_4)
   0.66    2.05 v _295_/Y (sky130_fd_sc_hd__nand2_1)
   0.30    2.35 ^ _308_/Y (sky130_fd_sc_hd__nand3_1)
   0.12    2.46 v _369_/Y (sky130_fd_sc_hd__o21ai_0)
   0.08    2.54 ^ _370_/Y (sky130_fd_sc_hd__inv_1)
   0.00    2.54 ^ u_my_ip_reg.u_reg_if.rdata[7]$_DFFE_PN0P_/D (sky130_fd_sc_hd__dfrtp_1)
           2.54   data arrival time

  20.00   20.00   clock core_clock (rise edge)
   0.00   20.00   clock source latency
   0.00   20.00 ^ clk_i (in)
   0.13   20.13 ^ clkbuf_0_clk_i/X (sky130_fd_sc_hd__clkbuf_8)
   0.17   20.30 ^ clkbuf_2_2__f_clk_i/X (sky130_fd_sc_hd__clkbuf_8)
   0.00   20.30 ^ u_my_ip_reg.u_reg_if.rdata[7]$_DFFE_PN0P_/CLK (sky130_fd_sc_hd__dfrtp_1)
   0.00   20.30   clock reconvergence pessimism
  -0.05   20.24   library setup time
          20.24   data required time
---------------------------------------------------------
          20.24   data required time
          -2.54   data arrival time
---------------------------------------------------------
          17.70   slack (MET)



==========================================================================
finish report_checks -path_delay min reg to reg
--------------------------------------------------------------------------
Startpoint: u_my_ip_core.u_sync_name.u_sync_1.q_o$_DFF_PN0_
            (rising edge-triggered flip-flop clocked by core_clock)
Endpoint: u_my_ip_core.u_sync_name.u_sync_2.q_o$_DFF_PN0_
          (rising edge-triggered flip-flop clocked by core_clock)
Path Group: core_clock
Path Type: min

  Delay    Time   Description
---------------------------------------------------------
   0.00    0.00   clock core_clock (rise edge)
   0.00    0.00   clock source latency
   0.00    0.00 ^ clk_i (in)
   0.13    0.13 ^ clkbuf_0_clk_i/X (sky130_fd_sc_hd__clkbuf_8)
   0.17    0.30 ^ clkbuf_2_1__f_clk_i/X (sky130_fd_sc_hd__clkbuf_8)
   0.00    0.30 ^ u_my_ip_core.u_sync_name.u_sync_1.q_o$_DFF_PN0_/CLK (sky130_fd_sc_hd__dfrtp_1)
   0.33    0.63 ^ u_my_ip_core.u_sync_name.u_sync_1.q_o$_DFF_PN0_/Q (sky130_fd_sc_hd__dfrtp_1)
   0.00    0.63 ^ u_my_ip_core.u_sync_name.u_sync_2.q_o$_DFF_PN0_/D (sky130_fd_sc_hd__dfrtp_1)
           0.63   data arrival time

   0.00    0.00   clock core_clock (rise edge)
   0.00    0.00   clock source latency
   0.00    0.00 ^ clk_i (in)
   0.13    0.13 ^ clkbuf_0_clk_i/X (sky130_fd_sc_hd__clkbuf_8)
   0.17    0.30 ^ clkbuf_2_1__f_clk_i/X (sky130_fd_sc_hd__clkbuf_8)
   0.00    0.30 ^ u_my_ip_core.u_sync_name.u_sync_2.q_o$_DFF_PN0_/CLK (sky130_fd_sc_hd__dfrtp_1)
   0.00    0.30   clock reconvergence pessimism
  -0.03    0.27   library hold time
           0.27   data required time
---------------------------------------------------------
           0.27   data required time
          -0.63   data arrival time
---------------------------------------------------------
           0.35   slack (MET)



==========================================================================
finish critical path target clock latency max path
--------------------------------------------------------------------------
0.2968

==========================================================================
finish critical path target clock latency min path
--------------------------------------------------------------------------
0.3014

==========================================================================
finish critical path source clock latency min path
--------------------------------------------------------------------------
0.0000

==========================================================================
finish critical path delay
--------------------------------------------------------------------------
6.2893

==========================================================================
finish critical path slack
--------------------------------------------------------------------------
13.9524

==========================================================================
finish slack div critical path delay
--------------------------------------------------------------------------
221.843448

==========================================================================
finish report_power
--------------------------------------------------------------------------
Group                  Internal  Switching    Leakage      Total
                          Power      Power      Power      Power (Watts)
----------------------------------------------------------------
Sequential             1.28e-04   1.14e-05   6.04e-10   1.40e-04  49.4%
Combinational          5.30e-05   2.57e-05   9.70e-10   7.87e-05  27.8%
Clock                  3.13e-05   3.29e-05   5.42e-11   6.42e-05  22.7%
Macro                  0.00e+00   0.00e+00   0.00e+00   0.00e+00   0.0%
Pad                    0.00e+00   0.00e+00   0.00e+00   0.00e+00   0.0%
----------------------------------------------------------------
Total                  2.13e-04   6.99e-05   1.63e-09   2.83e-04 100.0%
                          75.2%      24.8%       0.0%
