analysis=power_analysis corner=tt stage=post_syn
workload=corners_sv_tt
gls_report=/tmp/flexsoc-uart-interface-contract-20260914/tlul/runs/uart/contract/dv/functional/sim/post_syn/ihp-sg13g2/uart_post_syn_corners_sv_tt.json
activity_file=/tmp/flexsoc-uart-interface-contract-20260914/tlul/runs/uart/contract/signoff/ihp-sg13g2/power/activity/captures/uart_ihp-sg13g2_corners_sv_tt.vcd
activity_scope=uart_tb/u_uart
liberty=/home/eneadim/github/flexsoc/.flexsoc/pdks/ihp-sg13g2/ihp-sg13g2/libs.ref/sg13g2_stdcell/lib/sg13g2_stdcell_typ_1p50V_25C.lib
netlist=/tmp/flexsoc-uart-interface-contract-20260914/tlul/runs/uart/contract/syn/ihp-sg13g2/uart_synth.v
sdc=/tmp/flexsoc-uart-interface-contract-20260914/tlul/runs/uart/contract/constraints/uart.sdc
spef=

=== Units ===
 time 1ns
 capacitance 1pF
 resistance 1kohm
 voltage 1v
 current 1uA
 power 1pW
 distance 1um

=== Constraint validation ===

=== Activity annotation ===
annotated_percent=100.00%
Unannotated pins: none

=== Power summary ===
Group                  Internal  Switching    Leakage      Total
                          Power      Power      Power      Power (Watts)
----------------------------------------------------------------
Sequential             3.12e-03   3.30e-06   5.34e-07   3.13e-03  99.0%
Combinational          1.59e-05   1.38e-05   6.89e-07   3.04e-05   1.0%
Clock                  0.00e+00   0.00e+00   0.00e+00   0.00e+00   0.0%
Macro                  0.00e+00   0.00e+00   0.00e+00   0.00e+00   0.0%
Pad                    0.00e+00   0.00e+00   0.00e+00   0.00e+00   0.0%
----------------------------------------------------------------
Total                  3.14e-03   1.71e-05   1.22e-06   3.16e-03 100.0%
                          99.4%       0.5%       0.0%

=== FlexSoC normalized power fields ===
dynamic_power_definition=internal_power+switching_power
power_unit=OpenSTA report unit; see Units section
internal_power=0.00314
switching_power=1.71e-05
dynamic_power=0.0031571
leakage_power=1.22e-06
total_power=0.00316
