analysis=power_analysis corner=ss stage=post_syn
workload=interrupt_levels_sv_ss
gls_report=/home/eneadim/github/flexsoc/runs/gpio/refresh_tlul_repo/dv/functional/sim/post_syn/ihp-sg13g2/gpio_post_syn_interrupt_levels_sv_ss.json
activity_file=/home/eneadim/github/flexsoc/runs/gpio/refresh_tlul_repo/signoff/ihp-sg13g2/power/activity/captures/gpio_ihp-sg13g2_interrupt_levels_sv_ss.vcd
activity_scope=gpio_tb/u_gpio
liberty=/home/eneadim/github/flexsoc/.flexsoc/pdks/ihp-sg13g2/ihp-sg13g2/libs.ref/sg13g2_stdcell/lib/sg13g2_stdcell_slow_1p35V_125C.lib
netlist=/home/eneadim/github/flexsoc/runs/gpio/refresh_tlul_repo/syn/ihp-sg13g2/gpio_synth.v
sdc=/home/eneadim/github/flexsoc/runs/gpio/refresh_tlul_repo/constraints/gpio.sdc
spef=

=== Units ===
 time 1ns
 capacitance 1pF
 resistance 1kohm
 voltage 1v
 current 1uA
 power 1pW
 distance 1um

=== Constraint validation ===

=== Activity annotation ===
annotated_percent=100.00%
Unannotated pins: none

=== Power summary ===
Group                  Internal  Switching    Leakage      Total
                          Power      Power      Power      Power (Watts)
----------------------------------------------------------------
Sequential             7.53e-04   4.69e-06   3.93e-07   7.58e-04  97.4%
Combinational          9.66e-06   1.01e-05   2.90e-07   2.01e-05   2.6%
Clock                  0.00e+00   0.00e+00   0.00e+00   0.00e+00   0.0%
Macro                  0.00e+00   0.00e+00   0.00e+00   0.00e+00   0.0%
Pad                    0.00e+00   0.00e+00   0.00e+00   0.00e+00   0.0%
----------------------------------------------------------------
Total                  7.63e-04   1.48e-05   6.83e-07   7.78e-04 100.0%
                          98.0%       1.9%       0.1%

=== FlexSoC normalized power fields ===
dynamic_power_definition=internal_power+switching_power
power_unit=OpenSTA report unit; see Units section
internal_power=0.000763
switching_power=1.48e-05
dynamic_power=0.0007778
leakage_power=6.83e-07
total_power=0.000778
