
 /----------------------------------------------------------------------------\
 |  yosys -- Yosys Open SYnthesis Suite                                       |
 |  Copyright (C) 2012 - 2025  Claire Xenia Wolf <claire@yosyshq.com>         |
 |  Distributed under an ISC-like license, type "license" to see terms        |
 \----------------------------------------------------------------------------/
 Yosys 0.58 (git sha1 157aabb58, g++ 13.3.0-6ubuntu2~24.04 -fPIC -O3)

-- Executing script file `syn/synth_sv.ys' --

1. Executing SLANG frontend.
Top level design units:
    pwm

Build succeeded: 0 errors, 0 warnings

1.1. Executing UNDRIVEN pass. (resolve undriven signals)

1.2. Executing PROC_CLEAN pass (remove empty switches from decision trees).
Removing empty process `pwm.$422'.
Found and cleaned up 1 empty switch in `\pwm.$410'.
Removing empty process `pwm.$397'.
Removing empty process `pwm.$386'.
Found and cleaned up 1 empty switch in `\pwm.$374'.
Found and cleaned up 1 empty switch in `\pwm.$371'.
Removing empty process `pwm.$346'.
Removing empty process `pwm.$338'.
Found and cleaned up 1 empty switch in `\pwm.$333'.
Found and cleaned up 1 empty switch in `\pwm.$325'.
Removing empty process `pwm.$318'.
Found and cleaned up 1 empty switch in `\pwm.$313'.
Removing empty process `pwm.$306'.
Found and cleaned up 1 empty switch in `\pwm.$301'.
Found and cleaned up 1 empty switch in `\pwm.$293'.
Found and cleaned up 1 empty switch in `\pwm.$285'.
Removing empty process `pwm.$278'.
Removing empty process `pwm.$271'.
Removing empty process `pwm.$268'.
Removing empty process `pwm.$265'.
Removing empty process `pwm.$264'.
Removing empty process `pwm.$260'.
Removing empty process `pwm.$254'.
Removing empty process `pwm.$251'.
Removing empty process `pwm.$248'.
Removing empty process `pwm.$247'.
Removing empty process `pwm.$243'.
Found and cleaned up 1 empty switch in `\pwm.$234'.
Found and cleaned up 1 empty switch in `\pwm.$225'.
Removing empty process `pwm.$223'.
Removing empty process `pwm.$216'.
Removing empty process `pwm.$213'.
Removing empty process `pwm.$210'.
Removing empty process `pwm.$209'.
Removing empty process `pwm.$205'.
Removing empty process `pwm.$199'.
Removing empty process `pwm.$196'.
Removing empty process `pwm.$193'.
Removing empty process `pwm.$192'.
Removing empty process `pwm.$188'.
Found and cleaned up 1 empty switch in `\pwm.$179'.
Found and cleaned up 1 empty switch in `\pwm.$170'.
Removing empty process `pwm.$168'.
Removing empty process `pwm.$161'.
Removing empty process `pwm.$158'.
Removing empty process `pwm.$155'.
Removing empty process `pwm.$154'.
Removing empty process `pwm.$150'.
Removing empty process `pwm.$144'.
Removing empty process `pwm.$141'.
Removing empty process `pwm.$138'.
Removing empty process `pwm.$137'.
Removing empty process `pwm.$133'.
Found and cleaned up 1 empty switch in `\pwm.$124'.
Found and cleaned up 1 empty switch in `\pwm.$115'.
Removing empty process `pwm.$113'.
Found and cleaned up 1 empty switch in `\pwm.$80'.
Removing empty process `pwm.$69'.
Removing empty process `pwm.$62'.
Found and cleaned up 1 empty switch in `\pwm.$55'.
Removing empty process `pwm.$54'.
Removing empty process `pwm.$46'.
Removing empty process `pwm.$44'.
Removing empty process `pwm.$42'.
Found and cleaned up 1 empty switch in `\pwm.$25'.
Found and cleaned up 1 empty switch in `\pwm.$18'.
Found and cleaned up 1 empty switch in `\pwm.$13'.
Cleaned up 20 empty switches.

1.3. Executing TRIBUF pass.

1.4. Executing PROC_RMDEAD pass (remove dead branches from decision trees).
Marked 2 switch rules as full_case in process $234 in module pwm.
Marked 2 switch rules as full_case in process $225 in module pwm.
Marked 2 switch rules as full_case in process $124 in module pwm.
Marked 2 switch rules as full_case in process $115 in module pwm.
Marked 2 switch rules as full_case in process $179 in module pwm.
Marked 2 switch rules as full_case in process $80 in module pwm.
Marked 2 switch rules as full_case in process $170 in module pwm.
Marked 1 switch rules as full_case in process $55 in module pwm.
Marked 2 switch rules as full_case in process $13 in module pwm.
Removed a total of 0 dead cases.

1.5. Executing PROC_PRUNE pass (remove redundant assignments in processes).
Removed 19 redundant assignments.
Promoted 0 assignments to connections.

1.6. Executing PROC_INIT pass (extract init attributes).

1.7. Executing PROC_ROM pass (convert switches to ROMs).
Converted 0 switches.
<suppressed ~36 debug messages>

1.8. Executing PROC_MUX pass (convert decision trees to multiplexers).
Creating decoders for process `\pwm.$293'.
     1/1: $u_reg.u_cfg_dc_resn.q$296
Creating decoders for process `\pwm.$285'.
     1/1: $u_reg.u_cfg_clk_div.q$288
Creating decoders for process `\pwm.$374'.
     1/1: $u_reg.reg_busy_sel$375
Creating decoders for process `\pwm.$333'.
     1/1: $u_reg.u_pwm_param_duty_cycle_0.q$336
Creating decoders for process `\pwm.$234'.
     1/4: $u_reg.u_pwm_param_cdc.txn_bits_q$239
     2/4: $u_reg.u_pwm_param_cdc.src_q$238
     3/4: $u_reg.u_pwm_param_cdc.txn_bits_q$241
     4/4: $u_reg.u_pwm_param_cdc.src_q$240
Creating decoders for process `\pwm.$225'.
     1/2: $u_reg.u_pwm_param_cdc.src_busy_q$228
     2/2: $u_reg.u_pwm_param_cdc.src_busy_q$229
Creating decoders for process `\pwm.$124'.
     1/4: $u_reg.u_cfg_cdc.txn_bits_q$129
     2/4: $u_reg.u_cfg_cdc.src_q$128
     3/4: $u_reg.u_cfg_cdc.txn_bits_q$131
     4/4: $u_reg.u_cfg_cdc.src_q$130
Creating decoders for process `\pwm.$115'.
     1/2: $u_reg.u_cfg_cdc.src_busy_q$118
     2/2: $u_reg.u_cfg_cdc.src_busy_q$119
Creating decoders for process `\pwm.$179'.
     1/4: $u_reg.u_pwm_en_cdc.txn_bits_q$184
     2/4: $u_reg.u_pwm_en_cdc.src_q$183
     3/4: $u_reg.u_pwm_en_cdc.txn_bits_q$186
     4/4: $u_reg.u_pwm_en_cdc.src_q$185
Creating decoders for process `\pwm.$80'.
     1/6: $u_reg.u_reg_if.u_err.fulldata_chk$106
     2/6: $u_reg.u_reg_if.u_err.mask_chk$105
     3/6: $u_reg.u_reg_if.u_err.addr_sz_chk$104
     4/6: $u_reg.u_reg_if.u_err.fulldata_chk$103
     5/6: $u_reg.u_reg_if.u_err.mask_chk$102
     6/6: $u_reg.u_reg_if.u_err.addr_sz_chk$101
Creating decoders for process `\pwm.$170'.
     1/2: $u_reg.u_pwm_en_cdc.src_busy_q$173
     2/2: $u_reg.u_pwm_en_cdc.src_busy_q$174
Creating decoders for process `\pwm.$325'.
     1/1: $u_reg.u_pwm_param_phase_delay_0.q$328
Creating decoders for process `\pwm.$55'.
     1/1: $u_reg.u_reg_if.addr_align_err$57
Creating decoders for process `\pwm.$371'.
     1/1: $u_reg.reg_rdata_next$372
Creating decoders for process `\pwm.$313'.
     1/1: $u_reg.u_pwm_en.q$316
Creating decoders for process `\pwm.$410'.
     1/1: $u_pwm_core.gen_chan_insts[0].u_chan.pwm_en_q$414
Creating decoders for process `\pwm.$301'.
     1/1: $u_reg.u_cfg_cntr_en.q$304
Creating decoders for process `\pwm.$25'.
     1/2: $u_reg.u_reg_if.error_q$33
     2/2: $u_reg.u_reg_if.rdata_q$32
Creating decoders for process `\pwm.$18'.
     1/3: $u_reg.u_reg_if.rspop_q$24
     2/3: $u_reg.u_reg_if.reqsz_q$23
     3/3: $u_reg.u_reg_if.reqid_q$22
Creating decoders for process `\pwm.$13'.
     1/2: $u_reg.u_reg_if.outstanding_q$16
     2/2: $u_reg.u_reg_if.outstanding_q$17

1.9. Executing PROC_CLEAN pass (remove empty switches from decision trees).
Found and cleaned up 1 empty switch in `\pwm.$293'.
Removing empty process `pwm.$293'.
Found and cleaned up 1 empty switch in `\pwm.$285'.
Removing empty process `pwm.$285'.
Found and cleaned up 1 empty switch in `\pwm.$374'.
Removing empty process `pwm.$374'.
Found and cleaned up 1 empty switch in `\pwm.$333'.
Removing empty process `pwm.$333'.
Found and cleaned up 3 empty switches in `\pwm.$234'.
Removing empty process `pwm.$234'.
Found and cleaned up 3 empty switches in `\pwm.$225'.
Removing empty process `pwm.$225'.
Found and cleaned up 3 empty switches in `\pwm.$124'.
Removing empty process `pwm.$124'.
Found and cleaned up 3 empty switches in `\pwm.$115'.
Removing empty process `pwm.$115'.
Found and cleaned up 3 empty switches in `\pwm.$179'.
Removing empty process `pwm.$179'.
Found and cleaned up 3 empty switches in `\pwm.$80'.
Removing empty process `pwm.$80'.
Found and cleaned up 3 empty switches in `\pwm.$170'.
Removing empty process `pwm.$170'.
Found and cleaned up 1 empty switch in `\pwm.$325'.
Removing empty process `pwm.$325'.
Found and cleaned up 1 empty switch in `\pwm.$55'.
Removing empty process `pwm.$55'.
Found and cleaned up 1 empty switch in `\pwm.$371'.
Removing empty process `pwm.$371'.
Found and cleaned up 1 empty switch in `\pwm.$313'.
Removing empty process `pwm.$313'.
Found and cleaned up 1 empty switch in `\pwm.$410'.
Removing empty process `pwm.$410'.
Found and cleaned up 1 empty switch in `\pwm.$301'.
Removing empty process `pwm.$301'.
Found and cleaned up 1 empty switch in `\pwm.$25'.
Removing empty process `pwm.$25'.
Found and cleaned up 1 empty switch in `\pwm.$18'.
Removing empty process `pwm.$18'.
Found and cleaned up 3 empty switches in `\pwm.$13'.
Removing empty process `pwm.$13'.
Cleaned up 36 empty switches.

1.10. Executing OPT_EXPR pass (perform const folding).
Optimizing module pwm.
<suppressed ~108 debug messages>

2. Executing SYNTH pass.

2.1. Executing HIERARCHY pass (managing design hierarchy).

2.1.1. Analyzing design hierarchy..
Top module:  \pwm

2.1.2. Analyzing design hierarchy..
Top module:  \pwm
Removed 0 unused modules.

2.2. Executing PROC pass (convert processes to netlists).

2.2.1. Executing PROC_CLEAN pass (remove empty switches from decision trees).
Cleaned up 0 empty switches.

2.2.2. Executing PROC_RMDEAD pass (remove dead branches from decision trees).
Removed a total of 0 dead cases.

2.2.3. Executing PROC_PRUNE pass (remove redundant assignments in processes).
Removed 0 redundant assignments.
Promoted 0 assignments to connections.

2.2.4. Executing PROC_INIT pass (extract init attributes).

2.2.5. Executing PROC_ARST pass (detect async resets in processes).

2.2.6. Executing PROC_ROM pass (convert switches to ROMs).
Converted 0 switches.

2.2.7. Executing PROC_MUX pass (convert decision trees to multiplexers).

2.2.8. Executing PROC_DLATCH pass (convert process syncs to latches).

2.2.9. Executing PROC_DFF pass (convert process syncs to FFs).

2.2.10. Executing PROC_MEMWR pass (convert process memory writes to cells).

2.2.11. Executing PROC_CLEAN pass (remove empty switches from decision trees).
Cleaned up 0 empty switches.

2.2.12. Executing OPT_EXPR pass (perform const folding).
Optimizing module pwm.

2.3. Executing OPT_EXPR pass (perform const folding).
Optimizing module pwm.

2.4. Executing OPT_CLEAN pass (remove unused cells and wires).
Finding unused cells or wires in module \pwm..
Removed 144 unused cells and 414 unused wires.
<suppressed ~174 debug messages>

2.5. Executing CHECK pass (checking for obvious problems).
Checking module pwm...
Found and reported 0 problems.

2.6. Executing OPT pass (performing simple optimizations).

2.6.1. Executing OPT_EXPR pass (perform const folding).
Optimizing module pwm.

2.6.2. Executing OPT_MERGE pass (detect identical cells).
Finding identical cells in module `\pwm'.
<suppressed ~33 debug messages>
Removed a total of 11 cells.

2.6.3. Executing OPT_MUXTREE pass (detect dead branches in mux trees).
Running muxtree optimizer on module \pwm..
  Creating internal representation of mux trees.
  Evaluating internal representation of mux trees.
      Replacing known input bits on port B of cell $procmux$24: { \u_reg.u_pwm_param_cdc.u_src_to_dst_req.src_pulse_i 2'00 } -> 3'100
      Replacing known input bits on port B of cell $procmux$51: { \u_reg.u_cfg_cdc.u_src_to_dst_req.src_pulse_i 2'00 } -> 3'100
      Replacing known input bits on port B of cell $procmux$78: { \u_reg.u_pwm_en_cdc.u_src_to_dst_req.src_pulse_i 2'00 } -> 3'100
  Analyzing evaluation results.
    dead port 2/2 on $mux $284.
    dead port 2/2 on $mux $292.
    dead port 2/2 on $mux $300.
    dead port 2/2 on $mux $312.
    dead port 2/2 on $mux $324.
    dead port 2/2 on $mux $332.
    dead port 1/2 on $mux $procmux$123.
    dead port 1/2 on $mux $procmux$15.
    dead port 1/2 on $mux $procmux$158.
    dead port 1/2 on $mux $procmux$20.
    dead port 1/2 on $mux $procmux$33.
    dead port 1/2 on $mux $procmux$42.
    dead port 1/2 on $mux $procmux$47.
    dead port 1/2 on $mux $procmux$60.
    dead port 1/2 on $mux $procmux$69.
    dead port 1/2 on $mux $procmux$74.
Removed 16 multiplexer ports.
<suppressed ~89 debug messages>

2.6.4. Executing OPT_REDUCE pass (consolidate $*mux and $reduce_* inputs).
  Optimizing cells in module \pwm.
Performed a total of 0 changes.

2.6.5. Executing OPT_MERGE pass (detect identical cells).
Finding identical cells in module `\pwm'.
Removed a total of 0 cells.

2.6.6. Executing OPT_DFF pass (perform DFF optimizations).
Changing const-value async load to async reset on $driver$u_reg.u_reg_if.rspop_q ($aldff) from module pwm.
Changing const-value async load to async reset on $driver$u_reg.u_reg_if.reqsz_q ($aldff) from module pwm.
Changing const-value async load to async reset on $driver$u_reg.u_reg_if.reqid_q ($aldff) from module pwm.
Changing const-value async load to async reset on $driver$u_reg.u_reg_if.rdata_q ($aldff) from module pwm.
Changing const-value async load to async reset on $driver$u_reg.u_reg_if.outstanding_q ($aldff) from module pwm.
Changing const-value async load to async reset on $driver$u_reg.u_reg_if.error_q ($aldff) from module pwm.
Changing const-value async load to async reset on $driver$u_reg.u_pwm_param_phase_delay_0.q ($aldff) from module pwm.
Changing const-value async load to async reset on $driver$u_reg.u_pwm_param_duty_cycle_0.q ($aldff) from module pwm.
Changing const-value async load to async reset on $driver$u_reg.u_pwm_param_cdc.u_src_to_dst_req.src_level ($aldff) from module pwm.
Changing const-value async load to async reset on $driver$u_reg.u_pwm_param_cdc.u_src_to_dst_req.prim_flop_2sync.u_sync_2.q_o ($aldff) from module pwm.
Changing const-value async load to async reset on $driver$u_reg.u_pwm_param_cdc.u_src_to_dst_req.prim_flop_2sync.u_sync_1.q_o ($aldff) from module pwm.
Changing const-value async load to async reset on $driver$u_reg.u_pwm_param_cdc.u_src_to_dst_req.dst_level_q ($aldff) from module pwm.
Changing const-value async load to async reset on $driver$u_reg.u_pwm_param_cdc.u_arb.gen_passthru.u_dst_to_src_ack.src_level ($aldff) from module pwm.
Changing const-value async load to async reset on $driver$u_reg.u_pwm_param_cdc.u_arb.gen_passthru.u_dst_to_src_ack.prim_flop_2sync.u_sync_2.q_o ($aldff) from module pwm.
Changing const-value async load to async reset on $driver$u_reg.u_pwm_param_cdc.u_arb.gen_passthru.u_dst_to_src_ack.prim_flop_2sync.u_sync_1.q_o ($aldff) from module pwm.
Changing const-value async load to async reset on $driver$u_reg.u_pwm_param_cdc.u_arb.gen_passthru.u_dst_to_src_ack.dst_level_q ($aldff) from module pwm.
Changing const-value async load to async reset on $driver$u_reg.u_pwm_param_cdc.txn_bits_q ($aldff) from module pwm.
Changing const-value async load to async reset on $driver$u_reg.u_pwm_param_cdc.src_q ($aldff) from module pwm.
Changing const-value async load to async reset on $driver$u_reg.u_pwm_param_cdc.src_busy_q ($aldff) from module pwm.
Changing const-value async load to async reset on $driver$u_reg.u_pwm_en_cdc.u_src_to_dst_req.src_level ($aldff) from module pwm.
Changing const-value async load to async reset on $driver$u_reg.u_pwm_en_cdc.u_src_to_dst_req.prim_flop_2sync.u_sync_2.q_o ($aldff) from module pwm.
Changing const-value async load to async reset on $driver$u_reg.u_pwm_en_cdc.u_src_to_dst_req.prim_flop_2sync.u_sync_1.q_o ($aldff) from module pwm.
Changing const-value async load to async reset on $driver$u_reg.u_pwm_en_cdc.u_src_to_dst_req.dst_level_q ($aldff) from module pwm.
Changing const-value async load to async reset on $driver$u_reg.u_pwm_en_cdc.u_arb.gen_passthru.u_dst_to_src_ack.src_level ($aldff) from module pwm.
Changing const-value async load to async reset on $driver$u_reg.u_pwm_en_cdc.u_arb.gen_passthru.u_dst_to_src_ack.prim_flop_2sync.u_sync_2.q_o ($aldff) from module pwm.
Changing const-value async load to async reset on $driver$u_reg.u_pwm_en_cdc.u_arb.gen_passthru.u_dst_to_src_ack.prim_flop_2sync.u_sync_1.q_o ($aldff) from module pwm.
Changing const-value async load to async reset on $driver$u_reg.u_pwm_en_cdc.u_arb.gen_passthru.u_dst_to_src_ack.dst_level_q ($aldff) from module pwm.
Changing const-value async load to async reset on $driver$u_reg.u_pwm_en_cdc.txn_bits_q ($aldff) from module pwm.
Changing const-value async load to async reset on $driver$u_reg.u_pwm_en_cdc.src_q ($aldff) from module pwm.
Changing const-value async load to async reset on $driver$u_reg.u_pwm_en_cdc.src_busy_q ($aldff) from module pwm.
Changing const-value async load to async reset on $driver$u_reg.u_pwm_en.q ($aldff) from module pwm.
Changing const-value async load to async reset on $driver$u_reg.u_cfg_dc_resn.q ($aldff) from module pwm.
Changing const-value async load to async reset on $driver$u_reg.u_cfg_cntr_en.q ($aldff) from module pwm.
Changing const-value async load to async reset on $driver$u_reg.u_cfg_clk_div.q ($aldff) from module pwm.
Changing const-value async load to async reset on $driver$u_reg.u_cfg_cdc.u_src_to_dst_req.src_level ($aldff) from module pwm.
Changing const-value async load to async reset on $driver$u_reg.u_cfg_cdc.u_src_to_dst_req.prim_flop_2sync.u_sync_2.q_o ($aldff) from module pwm.
Changing const-value async load to async reset on $driver$u_reg.u_cfg_cdc.u_src_to_dst_req.prim_flop_2sync.u_sync_1.q_o ($aldff) from module pwm.
Changing const-value async load to async reset on $driver$u_reg.u_cfg_cdc.u_src_to_dst_req.dst_level_q ($aldff) from module pwm.
Changing const-value async load to async reset on $driver$u_reg.u_cfg_cdc.u_arb.gen_passthru.u_dst_to_src_ack.src_level ($aldff) from module pwm.
Changing const-value async load to async reset on $driver$u_reg.u_cfg_cdc.u_arb.gen_passthru.u_dst_to_src_ack.prim_flop_2sync.u_sync_2.q_o ($aldff) from module pwm.
Changing const-value async load to async reset on $driver$u_reg.u_cfg_cdc.u_arb.gen_passthru.u_dst_to_src_ack.prim_flop_2sync.u_sync_1.q_o ($aldff) from module pwm.
Changing const-value async load to async reset on $driver$u_reg.u_cfg_cdc.u_arb.gen_passthru.u_dst_to_src_ack.dst_level_q ($aldff) from module pwm.
Changing const-value async load to async reset on $driver$u_reg.u_cfg_cdc.txn_bits_q ($aldff) from module pwm.
Changing const-value async load to async reset on $driver$u_reg.u_cfg_cdc.src_q ($aldff) from module pwm.
Changing const-value async load to async reset on $driver$u_reg.u_cfg_cdc.src_busy_q ($aldff) from module pwm.
Changing const-value async load to async reset on $driver$u_reg.u_cfg0_qe.q_o ($aldff) from module pwm.
Changing const-value async load to async reset on $driver$u_pwm_core.phase_ctr_q ($aldff) from module pwm.
Changing const-value async load to async reset on $driver$u_pwm_core.gen_chan_insts[0].u_chan.pwm_q ($aldff) from module pwm.
Changing const-value async load to async reset on $driver$u_pwm_core.gen_chan_insts[0].u_chan.pwm_en_q ($aldff) from module pwm.
Changing const-value async load to async reset on $driver$u_pwm_core.beat_ctr_q ($aldff) from module pwm.

2.6.7. Executing OPT_CLEAN pass (remove unused cells and wires).
Finding unused cells or wires in module \pwm..
Removed 0 unused cells and 31 unused wires.
<suppressed ~11 debug messages>

2.6.8. Executing OPT_EXPR pass (perform const folding).
Optimizing module pwm.

2.6.9. Rerunning OPT passes. (Maybe there is more to do..)

2.6.10. Executing OPT_MUXTREE pass (detect dead branches in mux trees).
Running muxtree optimizer on module \pwm..
  Creating internal representation of mux trees.
  Evaluating internal representation of mux trees.
  Analyzing evaluation results.
Removed 0 multiplexer ports.
<suppressed ~73 debug messages>

2.6.11. Executing OPT_REDUCE pass (consolidate $*mux and $reduce_* inputs).
  Optimizing cells in module \pwm.
Performed a total of 0 changes.

2.6.12. Executing OPT_MERGE pass (detect identical cells).
Finding identical cells in module `\pwm'.
Removed a total of 0 cells.

2.6.13. Executing OPT_DFF pass (perform DFF optimizations).

2.6.14. Executing OPT_CLEAN pass (remove unused cells and wires).
Finding unused cells or wires in module \pwm..

2.6.15. Executing OPT_EXPR pass (perform const folding).
Optimizing module pwm.

2.6.16. Finished fast OPT passes. (There is nothing left to do.)

2.7. Executing FSM pass (extract and optimize FSM).

2.7.1. Executing FSM_DETECT pass (finding FSMs in design).
Not marking pwm.u_reg.u_cfg_cdc.txn_bits_q as FSM state register:
    Users of register don't seem to benefit from recoding.
Not marking pwm.u_reg.u_pwm_en_cdc.txn_bits_q as FSM state register:
    Users of register don't seem to benefit from recoding.
Not marking pwm.u_reg.u_pwm_param_cdc.txn_bits_q as FSM state register:
    Users of register don't seem to benefit from recoding.
Not marking pwm.u_reg.u_reg_if.rspop_q as FSM state register:
    Register is connected to module port.
    Users of register don't seem to benefit from recoding.

2.7.2. Executing FSM_EXTRACT pass (extracting FSM from design).

2.7.3. Executing FSM_OPT pass (simple optimizations of FSMs).

2.7.4. Executing OPT_CLEAN pass (remove unused cells and wires).
Finding unused cells or wires in module \pwm..

2.7.5. Executing FSM_OPT pass (simple optimizations of FSMs).

2.7.6. Executing FSM_RECODE pass (re-assigning FSM state encoding).

2.7.7. Executing FSM_INFO pass (dumping all available information on FSM cells).

2.7.8. Executing FSM_MAP pass (mapping FSMs to basic logic).

2.8. Executing OPT pass (performing simple optimizations).

2.8.1. Executing OPT_EXPR pass (perform const folding).
Optimizing module pwm.

2.8.2. Executing OPT_MERGE pass (detect identical cells).
Finding identical cells in module `\pwm'.
Removed a total of 0 cells.

2.8.3. Executing OPT_MUXTREE pass (detect dead branches in mux trees).
Running muxtree optimizer on module \pwm..
  Creating internal representation of mux trees.
  Evaluating internal representation of mux trees.
  Analyzing evaluation results.
Removed 0 multiplexer ports.
<suppressed ~73 debug messages>

2.8.4. Executing OPT_REDUCE pass (consolidate $*mux and $reduce_* inputs).
  Optimizing cells in module \pwm.
Performed a total of 0 changes.

2.8.5. Executing OPT_MERGE pass (detect identical cells).
Finding identical cells in module `\pwm'.
Removed a total of 0 cells.

2.8.6. Executing OPT_DFF pass (perform DFF optimizations).
Adding EN signal on $driver$u_reg.u_reg_if.rspop_q ($adff) from module pwm (D = $21y, Q = \u_reg.u_reg_if.rspop_q).
Adding EN signal on $driver$u_reg.u_reg_if.reqsz_q ($adff) from module pwm (D = \tl_i [101:100], Q = \u_reg.u_reg_if.reqsz_q).
Adding EN signal on $driver$u_reg.u_reg_if.reqid_q ($adff) from module pwm (D = \tl_i [99:92], Q = \u_reg.u_reg_if.reqid_q).
Adding EN signal on $driver$u_reg.u_reg_if.rdata_q ($adff) from module pwm (D = $30y, Q = \u_reg.u_reg_if.rdata_q).
Adding EN signal on $driver$u_reg.u_reg_if.outstanding_q ($adff) from module pwm (D = $procmux$162_Y, Q = \u_reg.u_reg_if.outstanding_q).
Adding EN signal on $driver$u_reg.u_reg_if.error_q ($adff) from module pwm (D = $28y, Q = \u_reg.u_reg_if.error_q).
Adding EN signal on $driver$u_reg.u_pwm_param_phase_delay_0.q ($adff) from module pwm (D = \u_reg.u_pwm_param_cdc.src_q [15:0], Q = \u_reg.u_pwm_param_phase_delay_0.q).
Adding EN signal on $driver$u_reg.u_pwm_param_duty_cycle_0.q ($adff) from module pwm (D = \u_reg.u_pwm_param_cdc.src_q [31:16], Q = \u_reg.u_pwm_param_duty_cycle_0.q).
Adding EN signal on $driver$u_reg.u_pwm_param_cdc.txn_bits_q ($adff) from module pwm (D = $procmux$24_Y, Q = \u_reg.u_pwm_param_cdc.txn_bits_q).
Adding EN signal on $driver$u_reg.u_pwm_param_cdc.src_q ($adff) from module pwm (D = $procmux$28_Y, Q = \u_reg.u_pwm_param_cdc.src_q).
Adding EN signal on $driver$u_reg.u_pwm_param_cdc.src_busy_q ($adff) from module pwm (D = $procmux$37_Y, Q = \u_reg.u_pwm_param_cdc.src_busy_q).
Adding EN signal on $driver$u_reg.u_pwm_en_cdc.txn_bits_q ($adff) from module pwm (D = $procmux$78_Y, Q = \u_reg.u_pwm_en_cdc.txn_bits_q).
Adding EN signal on $driver$u_reg.u_pwm_en_cdc.src_q ($adff) from module pwm (D = $procmux$82_Y, Q = \u_reg.u_pwm_en_cdc.src_q).
Adding EN signal on $driver$u_reg.u_pwm_en_cdc.src_busy_q ($adff) from module pwm (D = $procmux$127_Y, Q = \u_reg.u_pwm_en_cdc.src_busy_q).
Adding EN signal on $driver$u_reg.u_pwm_en.q ($adff) from module pwm (D = \u_reg.u_pwm_en_cdc.src_q, Q = \u_reg.u_pwm_en.q).
Adding EN signal on $driver$u_reg.u_cfg_dc_resn.q ($adff) from module pwm (D = \u_reg.u_cfg_cdc.src_q [30:27], Q = \u_reg.u_cfg_dc_resn.q).
Adding EN signal on $driver$u_reg.u_cfg_cntr_en.q ($adff) from module pwm (D = \u_reg.u_cfg_cdc.src_q [31], Q = \u_reg.u_cfg_cntr_en.q).
Adding EN signal on $driver$u_reg.u_cfg_clk_div.q ($adff) from module pwm (D = \u_reg.u_cfg_cdc.src_q [26:0], Q = \u_reg.u_cfg_clk_div.q).
Adding EN signal on $driver$u_reg.u_cfg_cdc.txn_bits_q ($adff) from module pwm (D = $procmux$51_Y, Q = \u_reg.u_cfg_cdc.txn_bits_q).
Adding EN signal on $driver$u_reg.u_cfg_cdc.src_q ($adff) from module pwm (D = $procmux$55_Y, Q = \u_reg.u_cfg_cdc.src_q).
Adding EN signal on $driver$u_reg.u_cfg_cdc.src_busy_q ($adff) from module pwm (D = $procmux$64_Y, Q = \u_reg.u_cfg_cdc.src_busy_q).
Adding EN signal on $driver$u_pwm_core.phase_ctr_q ($adff) from module pwm (D = \u_pwm_core.phase_ctr_d, Q = \u_pwm_core.phase_ctr_q).
Adding EN signal on $driver$u_pwm_core.gen_chan_insts[0].u_chan.pwm_en_q ($adff) from module pwm (D = \u_reg.u_pwm_en.q, Q = \u_pwm_core.gen_chan_insts[0].u_chan.pwm_en_q).
Adding EN signal on $driver$u_pwm_core.beat_ctr_q ($adff) from module pwm (D = \u_pwm_core.beat_ctr_d, Q = \u_pwm_core.beat_ctr_q).

2.8.7. Executing OPT_CLEAN pass (remove unused cells and wires).
Finding unused cells or wires in module \pwm..
Removed 14 unused cells and 14 unused wires.
<suppressed ~15 debug messages>

2.8.8. Executing OPT_EXPR pass (perform const folding).
Optimizing module pwm.
<suppressed ~10 debug messages>

2.8.9. Rerunning OPT passes. (Maybe there is more to do..)

2.8.10. Executing OPT_MUXTREE pass (detect dead branches in mux trees).
Running muxtree optimizer on module \pwm..
  Creating internal representation of mux trees.
  Evaluating internal representation of mux trees.
  Analyzing evaluation results.
Removed 0 multiplexer ports.
<suppressed ~49 debug messages>

2.8.11. Executing OPT_REDUCE pass (consolidate $*mux and $reduce_* inputs).
  Optimizing cells in module \pwm.
Performed a total of 0 changes.

2.8.12. Executing OPT_MERGE pass (detect identical cells).
Finding identical cells in module `\pwm'.
<suppressed ~9 debug messages>
Removed a total of 3 cells.

2.8.13. Executing OPT_DFF pass (perform DFF optimizations).

2.8.14. Executing OPT_CLEAN pass (remove unused cells and wires).
Finding unused cells or wires in module \pwm..
Removed 0 unused cells and 3 unused wires.
<suppressed ~1 debug messages>

2.8.15. Executing OPT_EXPR pass (perform const folding).
Optimizing module pwm.

2.8.16. Rerunning OPT passes. (Maybe there is more to do..)

2.8.17. Executing OPT_MUXTREE pass (detect dead branches in mux trees).
Running muxtree optimizer on module \pwm..
  Creating internal representation of mux trees.
  Evaluating internal representation of mux trees.
  Analyzing evaluation results.
Removed 0 multiplexer ports.
<suppressed ~49 debug messages>

2.8.18. Executing OPT_REDUCE pass (consolidate $*mux and $reduce_* inputs).
  Optimizing cells in module \pwm.
Performed a total of 0 changes.

2.8.19. Executing OPT_MERGE pass (detect identical cells).
Finding identical cells in module `\pwm'.
Removed a total of 0 cells.

2.8.20. Executing OPT_DFF pass (perform DFF optimizations).

2.8.21. Executing OPT_CLEAN pass (remove unused cells and wires).
Finding unused cells or wires in module \pwm..

2.8.22. Executing OPT_EXPR pass (perform const folding).
Optimizing module pwm.

2.8.23. Finished fast OPT passes. (There is nothing left to do.)

2.9. Executing WREDUCE pass (reducing word size of cells).
Removed top 2 bits (of 3) from port B of cell pwm.$4 ($eq).
Removed top 2 bits (of 3) from mux cell pwm.$21 ($mux).
Removed top 1 bits (of 2) from port B of cell pwm.$340 ($eq).
Removed top 26 bits (of 27) from port B of cell pwm.$381 ($add).
Removed top 15 bits (of 16) from port A of cell pwm.$393 ($shl).
Removed top 1 bits (of 17) from port A of cell pwm.$394 ($add).
Removed top 1 bits (of 17) from port B of cell pwm.$394 ($add).
Removed top 1 bits (of 17) from port Y of cell pwm.$394 ($add).
Removed top 28 bits (of 32) from port A of cell pwm.$401 ($add).
Removed top 31 bits (of 32) from port B of cell pwm.$401 ($add).
Removed top 27 bits (of 32) from port Y of cell pwm.$401 ($add).
Removed top 27 bits (of 32) from port B of cell pwm.$402 ($shr).
Removed top 1 bits (of 17) from port A of cell pwm.$407 ($add).
Removed top 1 bits (of 17) from port B of cell pwm.$407 ($add).
Removed top 2 bits (of 3) from wire pwm.$21y.
Removed top 27 bits (of 32) from wire pwm.$401y.

2.10. Executing PEEPOPT pass (run peephole optimizers).
shiftadd pattern in pwm: shift=$402, add/sub=$401, offset: 1

2.11. Executing OPT_CLEAN pass (remove unused cells and wires).
Finding unused cells or wires in module \pwm..
Removed 1 unused cells and 4 unused wires.
<suppressed ~3 debug messages>

2.12. Executing ALUMACC pass (create $alu and $macc cells).
Extracting $alu and $macc cells in module pwm:
  creating $macc model for $381 ($add).
  creating $macc model for $390 ($sub).
  creating $macc model for $394 ($add).
  creating $macc model for $407 ($add).
  creating $alu model for $macc $407.
  creating $alu model for $macc $394.
  creating $alu model for $macc $390.
  creating $alu model for $macc $381.
  creating $alu model for $408 ($ge): new $alu
  creating $alu model for $409 ($ge): new $alu
  creating $alu cell for $409: $auto$alumacc.cc:495:replace_alu$212
  creating $alu cell for $408: $auto$alumacc.cc:495:replace_alu$225
  creating $alu cell for $381: $auto$alumacc.cc:495:replace_alu$238
  creating $alu cell for $390: $auto$alumacc.cc:495:replace_alu$241
  creating $alu cell for $394: $auto$alumacc.cc:495:replace_alu$244
  creating $alu cell for $407: $auto$alumacc.cc:495:replace_alu$247
  created 6 $alu and 0 $macc cells.

2.13. Executing SHARE pass (SAT-based resource sharing).
Found 2 cells in module pwm that may be considered for resource sharing.
  Analyzing resource sharing options for $402 ($shr):
    Found 1 activation_patterns using ctrl signal \u_pwm_core.gen_chan_insts[0].u_chan.pwm_en_q.
    No candidates found.
  Analyzing resource sharing options for $393 ($shl):
    Found 1 activation_patterns using ctrl signal \u_reg.u_cfg0_qe.q_o.
    No candidates found.

2.14. Executing OPT pass (performing simple optimizations).

2.14.1. Executing OPT_EXPR pass (perform const folding).
Optimizing module pwm.

2.14.2. Executing OPT_MERGE pass (detect identical cells).
Finding identical cells in module `\pwm'.
Removed a total of 0 cells.

2.14.3. Executing OPT_MUXTREE pass (detect dead branches in mux trees).
Running muxtree optimizer on module \pwm..
  Creating internal representation of mux trees.
  Evaluating internal representation of mux trees.
  Analyzing evaluation results.
Removed 0 multiplexer ports.
<suppressed ~49 debug messages>

2.14.4. Executing OPT_REDUCE pass (consolidate $*mux and $reduce_* inputs).
  Optimizing cells in module \pwm.
Performed a total of 0 changes.

2.14.5. Executing OPT_MERGE pass (detect identical cells).
Finding identical cells in module `\pwm'.
Removed a total of 0 cells.

2.14.6. Executing OPT_DFF pass (perform DFF optimizations).
Setting constant 0-bit at position 1 on $auto$ff.cc:266:slice$164 ($adffe) from module pwm.
Setting constant 0-bit at position 2 on $auto$ff.cc:266:slice$164 ($adffe) from module pwm.

2.14.7. Executing OPT_CLEAN pass (remove unused cells and wires).
Finding unused cells or wires in module \pwm..
Removed 0 unused cells and 2 unused wires.
<suppressed ~1 debug messages>

2.14.8. Executing OPT_EXPR pass (perform const folding).
Optimizing module pwm.

2.14.9. Rerunning OPT passes. (Maybe there is more to do..)

2.14.10. Executing OPT_MUXTREE pass (detect dead branches in mux trees).
Running muxtree optimizer on module \pwm..
  Creating internal representation of mux trees.
  Evaluating internal representation of mux trees.
  Analyzing evaluation results.
Removed 0 multiplexer ports.
<suppressed ~49 debug messages>

2.14.11. Executing OPT_REDUCE pass (consolidate $*mux and $reduce_* inputs).
  Optimizing cells in module \pwm.
Performed a total of 0 changes.

2.14.12. Executing OPT_MERGE pass (detect identical cells).
Finding identical cells in module `\pwm'.
Removed a total of 0 cells.

2.14.13. Executing OPT_DFF pass (perform DFF optimizations).

2.14.14. Executing OPT_CLEAN pass (remove unused cells and wires).
Finding unused cells or wires in module \pwm..

2.14.15. Executing OPT_EXPR pass (perform const folding).
Optimizing module pwm.

2.14.16. Finished fast OPT passes. (There is nothing left to do.)

2.15. Executing MEMORY pass.

2.15.1. Executing OPT_MEM pass (optimize memories).
Performed a total of 0 transformations.

2.15.2. Executing OPT_MEM_PRIORITY pass (removing unnecessary memory write priority relations).
Performed a total of 0 transformations.

2.15.3. Executing OPT_MEM_FEEDBACK pass (finding memory read-to-write feedback paths).

2.15.4. Executing MEMORY_BMUX2ROM pass (converting muxes to ROMs).

2.15.5. Executing MEMORY_DFF pass (merging $dff cells to $memrd).

2.15.6. Executing OPT_CLEAN pass (remove unused cells and wires).
Finding unused cells or wires in module \pwm..

2.15.7. Executing MEMORY_SHARE pass (consolidating $memrd/$memwr cells).

2.15.8. Executing OPT_MEM_WIDEN pass (optimize memories where all ports are wide).
Performed a total of 0 transformations.

2.15.9. Executing OPT_CLEAN pass (remove unused cells and wires).
Finding unused cells or wires in module \pwm..

2.15.10. Executing MEMORY_COLLECT pass (generating $mem cells).

2.16. Executing OPT_CLEAN pass (remove unused cells and wires).
Finding unused cells or wires in module \pwm..

2.17. Executing OPT pass (performing simple optimizations).

2.17.1. Executing OPT_EXPR pass (perform const folding).
Optimizing module pwm.
<suppressed ~29 debug messages>

2.17.2. Executing OPT_MERGE pass (detect identical cells).
Finding identical cells in module `\pwm'.
Removed a total of 0 cells.

2.17.3. Executing OPT_DFF pass (perform DFF optimizations).

2.17.4. Executing OPT_CLEAN pass (remove unused cells and wires).
Finding unused cells or wires in module \pwm..
Removed 0 unused cells and 22 unused wires.
<suppressed ~1 debug messages>

2.17.5. Finished fast OPT passes.

2.18. Executing MEMORY_MAP pass (converting memories to logic and flip-flops).

2.19. Executing OPT pass (performing simple optimizations).

2.19.1. Executing OPT_EXPR pass (perform const folding).
Optimizing module pwm.

2.19.2. Executing OPT_MERGE pass (detect identical cells).
Finding identical cells in module `\pwm'.
Removed a total of 0 cells.

2.19.3. Executing OPT_MUXTREE pass (detect dead branches in mux trees).
Running muxtree optimizer on module \pwm..
  Creating internal representation of mux trees.
  Evaluating internal representation of mux trees.
  Analyzing evaluation results.
Removed 0 multiplexer ports.
<suppressed ~24 debug messages>

2.19.4. Executing OPT_REDUCE pass (consolidate $*mux and $reduce_* inputs).
  Optimizing cells in module \pwm.
    Consolidated identical input bits for $mux cell $procmux$24:
      Old ports: A=3'000, B=3'100, Y=$procmux$24_Y
      New ports: A=1'0, B=1'1, Y=$procmux$24_Y [2]
      New connections: $procmux$24_Y [1:0] = 2'00
    Consolidated identical input bits for $mux cell $procmux$51:
      Old ports: A=3'000, B=3'100, Y=$procmux$51_Y
      New ports: A=1'0, B=1'1, Y=$procmux$51_Y [2]
      New connections: $procmux$51_Y [1:0] = 2'00
    Consolidated identical input bits for $mux cell $procmux$78:
      Old ports: A=3'000, B=3'100, Y=$procmux$78_Y
      New ports: A=1'0, B=1'1, Y=$procmux$78_Y [2]
      New connections: $procmux$78_Y [1:0] = 2'00
  Optimizing cells in module \pwm.
Performed a total of 3 changes.

2.19.5. Executing OPT_MERGE pass (detect identical cells).
Finding identical cells in module `\pwm'.
Removed a total of 0 cells.

2.19.6. Executing OPT_SHARE pass.

2.19.7. Executing OPT_DFF pass (perform DFF optimizations).

2.19.8. Executing OPT_CLEAN pass (remove unused cells and wires).
Finding unused cells or wires in module \pwm..

2.19.9. Executing OPT_EXPR pass (perform const folding).
Optimizing module pwm.
<suppressed ~3 debug messages>

2.19.10. Rerunning OPT passes. (Maybe there is more to do..)

2.19.11. Executing OPT_MUXTREE pass (detect dead branches in mux trees).
Running muxtree optimizer on module \pwm..
  Creating internal representation of mux trees.
  Evaluating internal representation of mux trees.
  Analyzing evaluation results.
Removed 0 multiplexer ports.
<suppressed ~18 debug messages>

2.19.12. Executing OPT_REDUCE pass (consolidate $*mux and $reduce_* inputs).
  Optimizing cells in module \pwm.
Performed a total of 0 changes.

2.19.13. Executing OPT_MERGE pass (detect identical cells).
Finding identical cells in module `\pwm'.
Removed a total of 0 cells.

2.19.14. Executing OPT_SHARE pass.

2.19.15. Executing OPT_DFF pass (perform DFF optimizations).
Setting constant 0-bit at position 0 on $auto$ff.cc:266:slice$174 ($adffe) from module pwm.
Setting constant 0-bit at position 1 on $auto$ff.cc:266:slice$174 ($adffe) from module pwm.
Setting constant 0-bit at position 0 on $auto$ff.cc:266:slice$183 ($adffe) from module pwm.
Setting constant 0-bit at position 1 on $auto$ff.cc:266:slice$183 ($adffe) from module pwm.
Setting constant 0-bit at position 0 on $auto$ff.cc:266:slice$196 ($adffe) from module pwm.
Setting constant 0-bit at position 1 on $auto$ff.cc:266:slice$196 ($adffe) from module pwm.

2.19.16. Executing OPT_CLEAN pass (remove unused cells and wires).
Finding unused cells or wires in module \pwm..
Removed 0 unused cells and 3 unused wires.
<suppressed ~1 debug messages>

2.19.17. Executing OPT_EXPR pass (perform const folding).
Optimizing module pwm.
<suppressed ~24 debug messages>

2.19.18. Rerunning OPT passes. (Maybe there is more to do..)

2.19.19. Executing OPT_MUXTREE pass (detect dead branches in mux trees).
Running muxtree optimizer on module \pwm..
  Creating internal representation of mux trees.
  Evaluating internal representation of mux trees.
  Analyzing evaluation results.
Removed 0 multiplexer ports.
<suppressed ~18 debug messages>

2.19.20. Executing OPT_REDUCE pass (consolidate $*mux and $reduce_* inputs).
  Optimizing cells in module \pwm.
Performed a total of 0 changes.

2.19.21. Executing OPT_MERGE pass (detect identical cells).
Finding identical cells in module `\pwm'.
Removed a total of 0 cells.

2.19.22. Executing OPT_SHARE pass.

2.19.23. Executing OPT_DFF pass (perform DFF optimizations).

2.19.24. Executing OPT_CLEAN pass (remove unused cells and wires).
Finding unused cells or wires in module \pwm..
Removed 0 unused cells and 6 unused wires.
<suppressed ~1 debug messages>

2.19.25. Executing OPT_EXPR pass (perform const folding).
Optimizing module pwm.

2.19.26. Rerunning OPT passes. (Maybe there is more to do..)

2.19.27. Executing OPT_MUXTREE pass (detect dead branches in mux trees).
Running muxtree optimizer on module \pwm..
  Creating internal representation of mux trees.
  Evaluating internal representation of mux trees.
  Analyzing evaluation results.
Removed 0 multiplexer ports.
<suppressed ~18 debug messages>

2.19.28. Executing OPT_REDUCE pass (consolidate $*mux and $reduce_* inputs).
  Optimizing cells in module \pwm.
Performed a total of 0 changes.

2.19.29. Executing OPT_MERGE pass (detect identical cells).
Finding identical cells in module `\pwm'.
Removed a total of 0 cells.

2.19.30. Executing OPT_SHARE pass.

2.19.31. Executing OPT_DFF pass (perform DFF optimizations).

2.19.32. Executing OPT_CLEAN pass (remove unused cells and wires).
Finding unused cells or wires in module \pwm..

2.19.33. Executing OPT_EXPR pass (perform const folding).
Optimizing module pwm.

2.19.34. Finished fast OPT passes. (There is nothing left to do.)

2.20. Executing TECHMAP pass (map to technology primitives).

2.20.1. Executing Verilog-2005 frontend: /usr/local/bin/../share/yosys/techmap.v
Parsing Verilog input from `/usr/local/bin/../share/yosys/techmap.v' to AST representation.
verilog frontend filename /usr/local/bin/../share/yosys/techmap.v
Generating RTLIL representation for module `\_90_simplemap_bool_ops'.
Generating RTLIL representation for module `\_90_simplemap_reduce_ops'.
Generating RTLIL representation for module `\_90_simplemap_logic_ops'.
Generating RTLIL representation for module `\_90_simplemap_compare_ops'.
Generating RTLIL representation for module `\_90_simplemap_various'.
Generating RTLIL representation for module `\_90_simplemap_registers'.
Generating RTLIL representation for module `\_90_shift_ops_shr_shl_sshl_sshr'.
Generating RTLIL representation for module `\_90_shift_shiftx'.
Generating RTLIL representation for module `\_90_fa'.
Generating RTLIL representation for module `\_90_lcu_brent_kung'.
Generating RTLIL representation for module `\_90_alu'.
Generating RTLIL representation for module `\_90_macc'.
Generating RTLIL representation for module `\_90_alumacc'.
Generating RTLIL representation for module `\$__div_mod_u'.
Generating RTLIL representation for module `\$__div_mod_trunc'.
Generating RTLIL representation for module `\_90_div'.
Generating RTLIL representation for module `\_90_mod'.
Generating RTLIL representation for module `\$__div_mod_floor'.
Generating RTLIL representation for module `\_90_divfloor'.
Generating RTLIL representation for module `\_90_modfloor'.
Generating RTLIL representation for module `\_90_pow'.
Generating RTLIL representation for module `\_90_pmux'.
Generating RTLIL representation for module `\_90_demux'.
Generating RTLIL representation for module `\_90_lut'.
Generating RTLIL representation for module `\$connect'.
Generating RTLIL representation for module `\$input_port'.
Successfully finished Verilog frontend.

2.20.2. Continuing TECHMAP pass.
Using extmapper simplemap for cells of type $reduce_bool.
Using extmapper simplemap for cells of type $not.
Using extmapper simplemap for cells of type $and.
Using extmapper simplemap for cells of type $logic_not.
Using extmapper simplemap for cells of type $eq.
Using extmapper simplemap for cells of type $or.
Using extmapper simplemap for cells of type $adffe.
Using extmapper simplemap for cells of type $logic_or.
Using extmapper simplemap for cells of type $mux.
Using template $paramod$081ba1a4a7201ecdb44563d3c3bd7013d1ebf4eb\_90_alu for cells of type $alu.
Using template $paramod$6df0329addda9228fcc2546de2aaf14ad26c98e1\_90_alu for cells of type $alu.
Using extmapper simplemap for cells of type $reduce_or.
Using extmapper simplemap for cells of type $logic_and.
Using extmapper simplemap for cells of type $xor.
Using extmapper simplemap for cells of type $adff.
Using template $paramod$d629d85c8826a74239b9178d1930215a43b0ceb0\_90_pmux for cells of type $pmux.
Using template $paramod$constmap:0c58e37f7f9ab9c08bb604a660a738f4cdfdf6a8$paramod$0c53878c2ab6a84f047b5c15f705bf752551700e\_90_shift_ops_shr_shl_sshl_sshr for cells of type $shl.
Using extmapper simplemap for cells of type $reduce_and.
Using template $paramod$constmap:7b0d7f90ec3c7b5a9d913cc93900f3b434af26af$paramod$4465d006045dd5355d6e0c2d495cd5dd2b991a6d\_90_shift_ops_shr_shl_sshl_sshr for cells of type $shr.
Using template $paramod$956e79e8f8c5e64be7438155ae50a966e615cb04\_90_alu for cells of type $alu.
Using template $paramod$54d740639e1393b22262823179ff783ea9f17a35\_90_pmux for cells of type $pmux.
Using extmapper simplemap for cells of type $pos.
Using template $paramod\_90_fa\WIDTH=32'00000000000000000000000000010000 for cells of type $fa.
Using template $paramod\_90_lcu_brent_kung\WIDTH=32'00000000000000000000000000010000 for cells of type $lcu.
Using template $paramod\_90_fa\WIDTH=32'00000000000000000000000000010001 for cells of type $fa.
Using template $paramod\_90_lcu_brent_kung\WIDTH=32'00000000000000000000000000010001 for cells of type $lcu.
Using template $paramod\_90_fa\WIDTH=32'00000000000000000000000000011011 for cells of type $fa.
Using template $paramod\_90_lcu_brent_kung\WIDTH=32'00000000000000000000000000011011 for cells of type $lcu.
No more expansions possible.
<suppressed ~1796 debug messages>

2.21. Executing OPT pass (performing simple optimizations).

2.21.1. Executing OPT_EXPR pass (perform const folding).
Optimizing module pwm.
<suppressed ~642 debug messages>

2.21.2. Executing OPT_MERGE pass (detect identical cells).
Finding identical cells in module `\pwm'.
<suppressed ~99 debug messages>
Removed a total of 33 cells.

2.21.3. Executing OPT_DFF pass (perform DFF optimizations).

2.21.4. Executing OPT_CLEAN pass (remove unused cells and wires).
Finding unused cells or wires in module \pwm..
Removed 148 unused cells and 504 unused wires.
<suppressed ~149 debug messages>

2.21.5. Finished fast OPT passes.

2.22. Executing HIERARCHY pass (managing design hierarchy).
Attribute `top' found on module `pwm'. Setting top module to pwm.

2.22.1. Analyzing design hierarchy..
Top module:  \pwm

2.22.2. Analyzing design hierarchy..
Top module:  \pwm
Removed 0 unused modules.

2.23. Printing statistics.

=== pwm ===

        +----------Local Count, excluding submodules.
        | 
      796 wires
     4857 wire bits
      529 public wires
     3904 public wire bits
        6 ports
      179 port bits
     1270 cells
      360   $_AND_
        1   $_DFFE_PN0N_
      186   $_DFFE_PN0P_
       38   $_DFFE_PN1P_
       26   $_DFF_PN0_
      248   $_MUX_
       74   $_NOT_
      178   $_OR_
      159   $_XOR_

2.24. Executing CHECK pass (checking for obvious problems).
Checking module pwm...
Found and reported 0 problems.

3. Executing DFFLIBMAP pass (mapping DFF cells to sequential cells from liberty file).
  cell sky130_fd_sc_hd__dfxtp_1 (noninv, pins=3, area=20.02) is a direct match for cell type $_DFF_P_.
  cell sky130_fd_sc_hd__dfrtn_1 (noninv, pins=4, area=25.02) is a direct match for cell type $_DFF_NN0_.
  cell sky130_fd_sc_hd__dfrtp_1 (noninv, pins=4, area=25.02) is a direct match for cell type $_DFF_PN0_.
  cell sky130_fd_sc_hd__dfstp_2 (noninv, pins=4, area=26.28) is a direct match for cell type $_DFF_PN1_.
  cell sky130_fd_sc_hd__edfxtp_1 (noninv, pins=4, area=30.03) is a direct match for cell type $_DFFE_PP_.
  cell sky130_fd_sc_hd__dfbbn_1 (noninv, pins=6, area=32.53) is a direct match for cell type $_DFFSR_NNN_.
  cell sky130_fd_sc_hd__dfbbp_1 (noninv, pins=6, area=32.53) is a direct match for cell type $_DFFSR_PNN_.
  final dff cell mappings:
    unmapped dff cell: $_DFF_N_
    \sky130_fd_sc_hd__dfxtp_1 _DFF_P_ (.CLK( C), .D( D), .Q( Q));
    \sky130_fd_sc_hd__dfrtn_1 _DFF_NN0_ (.CLK_N( C), .D( D), .Q( Q), .RESET_B( R));
    unmapped dff cell: $_DFF_NN1_
    unmapped dff cell: $_DFF_NP0_
    unmapped dff cell: $_DFF_NP1_
    \sky130_fd_sc_hd__dfrtp_1 _DFF_PN0_ (.CLK( C), .D( D), .Q( Q), .RESET_B( R));
    \sky130_fd_sc_hd__dfstp_2 _DFF_PN1_ (.CLK( C), .D( D), .Q( Q), .SET_B( R));
    unmapped dff cell: $_DFF_PP0_
    unmapped dff cell: $_DFF_PP1_
    unmapped dff cell: $_DFFE_NN_
    unmapped dff cell: $_DFFE_NP_
    unmapped dff cell: $_DFFE_PN_
    \sky130_fd_sc_hd__edfxtp_1 _DFFE_PP_ (.CLK( C), .D( D), .DE( E), .Q( Q));
    \sky130_fd_sc_hd__dfbbn_1 _DFFSR_NNN_ (.CLK_N( C), .D( D), .Q( Q), .Q_N(~Q), .RESET_B( R), .SET_B( S));
    unmapped dff cell: $_DFFSR_NNP_
    unmapped dff cell: $_DFFSR_NPN_
    unmapped dff cell: $_DFFSR_NPP_
    \sky130_fd_sc_hd__dfbbp_1 _DFFSR_PNN_ (.CLK( C), .D( D), .Q( Q), .Q_N(~Q), .RESET_B( R), .SET_B( S));
    unmapped dff cell: $_DFFSR_PNP_
    unmapped dff cell: $_DFFSR_PPN_
    unmapped dff cell: $_DFFSR_PPP_

3.1. Executing DFFLEGALIZE pass (convert FFs to types supported by the target).
<suppressed ~24 debug messages>
Mapping DFF cells in module `\pwm':
  mapped 213 $_DFF_PN0_ cells to \sky130_fd_sc_hd__dfrtp_1 cells.
  mapped 38 $_DFF_PN1_ cells to \sky130_fd_sc_hd__dfstp_2 cells.

4. Executing ABC pass (technology mapping using ABC).

4.1. Extracting gate netlist of module `\pwm' to `<abc-temp-dir>/input.blif'..

4.1.1. Executed ABC.
Extracted 1244 gates and 1545 wires to a netlist network with 299 inputs and 234 outputs.
Running ABC script: <abc-temp-dir>/abc.script
ABC: UC Berkeley, ABC 1.01 (compiled Nov 21 2025 00:25:22)
ABC: abc 01> empty
ABC: abc 01> source <abc-temp-dir>/abc.script
ABC: + read_blif <abc-temp-dir>/input.blif 
ABC: + read_lib -w /home/eneadim/github/flexsoc/lib/sky130_fd_sc_hd__tt_025C_1v80.lib 
ABC: Parsing finished successfully.  Parsing time =     0.06 sec
ABC: Scl_LibertyReadGenlib() skipped cell "sky130_fd_sc_hd__decap_12" without logic function.
ABC: Scl_LibertyReadGenlib() skipped cell "sky130_fd_sc_hd__decap_3" without logic function.
ABC: Scl_LibertyReadGenlib() skipped cell "sky130_fd_sc_hd__decap_4" without logic function.
ABC: Scl_LibertyReadGenlib() skipped cell "sky130_fd_sc_hd__decap_6" without logic function.
ABC: Scl_LibertyReadGenlib() skipped cell "sky130_fd_sc_hd__decap_8" without logic function.
ABC: Scl_LibertyReadGenlib() skipped sequential cell "sky130_fd_sc_hd__dfbbn_1".
ABC: Scl_LibertyReadGenlib() skipped sequential cell "sky130_fd_sc_hd__dfbbn_2".
ABC: Scl_LibertyReadGenlib() skipped sequential cell "sky130_fd_sc_hd__dfbbp_1".
ABC: Scl_LibertyReadGenlib() skipped sequential cell "sky130_fd_sc_hd__dfrbp_1".
ABC: Scl_LibertyReadGenlib() skipped sequential cell "sky130_fd_sc_hd__dfrbp_2".
ABC: Scl_LibertyReadGenlib() skipped sequential cell "sky130_fd_sc_hd__dfrtn_1".
ABC: Scl_LibertyReadGenlib() skipped sequential cell "sky130_fd_sc_hd__dfrtp_1".
ABC: Scl_LibertyReadGenlib() skipped sequential cell "sky130_fd_sc_hd__dfrtp_2".
ABC: Scl_LibertyReadGenlib() skipped sequential cell "sky130_fd_sc_hd__dfrtp_4".
ABC: Scl_LibertyReadGenlib() skipped sequential cell "sky130_fd_sc_hd__dfsbp_1".
ABC: Scl_LibertyReadGenlib() skipped sequential cell "sky130_fd_sc_hd__dfsbp_2".
ABC: Scl_LibertyReadGenlib() skipped sequential cell "sky130_fd_sc_hd__dfstp_1".
ABC: Scl_LibertyReadGenlib() skipped sequential cell "sky130_fd_sc_hd__dfstp_2".
ABC: Scl_LibertyReadGenlib() skipped sequential cell "sky130_fd_sc_hd__dfstp_4".
ABC: Scl_LibertyReadGenlib() skipped sequential cell "sky130_fd_sc_hd__dfxbp_1".
ABC: Scl_LibertyReadGenlib() skipped sequential cell "sky130_fd_sc_hd__dfxbp_2".
ABC: Scl_LibertyReadGenlib() skipped sequential cell "sky130_fd_sc_hd__dfxtp_1".
ABC: Scl_LibertyReadGenlib() skipped sequential cell "sky130_fd_sc_hd__dfxtp_2".
ABC: Scl_LibertyReadGenlib() skipped sequential cell "sky130_fd_sc_hd__dfxtp_4".
ABC: Scl_LibertyReadGenlib() skipped cell "sky130_fd_sc_hd__diode_2" without logic function.
ABC: Scl_LibertyReadGenlib() skipped cell "sky130_fd_sc_hd__dlclkp_1" without logic function.
ABC: Scl_LibertyReadGenlib() skipped cell "sky130_fd_sc_hd__dlclkp_2" without logic function.
ABC: Scl_LibertyReadGenlib() skipped cell "sky130_fd_sc_hd__dlclkp_4" without logic function.
ABC: Scl_LibertyReadGenlib() skipped sequential cell "sky130_fd_sc_hd__dlrbn_1".
ABC: Scl_LibertyReadGenlib() skipped sequential cell "sky130_fd_sc_hd__dlrbn_2".
ABC: Scl_LibertyReadGenlib() skipped sequential cell "sky130_fd_sc_hd__dlrbp_1".
ABC: Scl_LibertyReadGenlib() skipped sequential cell "sky130_fd_sc_hd__dlrbp_2".
ABC: Scl_LibertyReadGenlib() skipped sequential cell "sky130_fd_sc_hd__dlrtn_1".
ABC: Scl_LibertyReadGenlib() skipped sequential cell "sky130_fd_sc_hd__dlrtn_2".
ABC: Scl_LibertyReadGenlib() skipped sequential cell "sky130_fd_sc_hd__dlrtn_4".
ABC: Scl_LibertyReadGenlib() skipped sequential cell "sky130_fd_sc_hd__dlrtp_1".
ABC: Scl_LibertyReadGenlib() skipped sequential cell "sky130_fd_sc_hd__dlrtp_2".
ABC: Scl_LibertyReadGenlib() skipped sequential cell "sky130_fd_sc_hd__dlrtp_4".
ABC: Scl_LibertyReadGenlib() skipped sequential cell "sky130_fd_sc_hd__dlxbn_1".
ABC: Scl_LibertyReadGenlib() skipped sequential cell "sky130_fd_sc_hd__dlxbn_2".
ABC: Scl_LibertyReadGenlib() skipped sequential cell "sky130_fd_sc_hd__dlxbp_1".
ABC: Scl_LibertyReadGenlib() skipped sequential cell "sky130_fd_sc_hd__dlxtn_1".
ABC: Scl_LibertyReadGenlib() skipped sequential cell "sky130_fd_sc_hd__dlxtn_2".
ABC: Scl_LibertyReadGenlib() skipped sequential cell "sky130_fd_sc_hd__dlxtn_4".
ABC: Scl_LibertyReadGenlib() skipped sequential cell "sky130_fd_sc_hd__dlxtp_1".
ABC: Scl_LibertyReadGenlib() skipped three-state cell "sky130_fd_sc_hd__ebufn_1".
ABC: Scl_LibertyReadGenlib() skipped three-state cell "sky130_fd_sc_hd__ebufn_2".
ABC: Scl_LibertyReadGenlib() skipped three-state cell "sky130_fd_sc_hd__ebufn_4".
ABC: Scl_LibertyReadGenlib() skipped three-state cell "sky130_fd_sc_hd__ebufn_8".
ABC: Scl_LibertyReadGenlib() skipped sequential cell "sky130_fd_sc_hd__edfxbp_1".
ABC: Scl_LibertyReadGenlib() skipped sequential cell "sky130_fd_sc_hd__edfxtp_1".
ABC: Scl_LibertyReadGenlib() skipped three-state cell "sky130_fd_sc_hd__einvn_0".
ABC: Scl_LibertyReadGenlib() skipped three-state cell "sky130_fd_sc_hd__einvn_1".
ABC: Scl_LibertyReadGenlib() skipped three-state cell "sky130_fd_sc_hd__einvn_2".
ABC: Scl_LibertyReadGenlib() skipped three-state cell "sky130_fd_sc_hd__einvn_4".
ABC: Scl_LibertyReadGenlib() skipped three-state cell "sky130_fd_sc_hd__einvn_8".
ABC: Scl_LibertyReadGenlib() skipped three-state cell "sky130_fd_sc_hd__einvp_1".
ABC: Scl_LibertyReadGenlib() skipped three-state cell "sky130_fd_sc_hd__einvp_2".
ABC: Scl_LibertyReadGenlib() skipped three-state cell "sky130_fd_sc_hd__einvp_4".
ABC: Scl_LibertyReadGenlib() skipped three-state cell "sky130_fd_sc_hd__einvp_8".
ABC: Scl_LibertyReadGenlib() skipped cell "sky130_fd_sc_hd__lpflow_bleeder_1" without logic function.
ABC: Scl_LibertyReadGenlib() skipped cell "sky130_fd_sc_hd__lpflow_decapkapwr_12" without logic function.
ABC: Scl_LibertyReadGenlib() skipped cell "sky130_fd_sc_hd__lpflow_decapkapwr_3" without logic function.
ABC: Scl_LibertyReadGenlib() skipped cell "sky130_fd_sc_hd__lpflow_decapkapwr_4" without logic function.
ABC: Scl_LibertyReadGenlib() skipped cell "sky130_fd_sc_hd__lpflow_decapkapwr_6" without logic function.
ABC: Scl_LibertyReadGenlib() skipped cell "sky130_fd_sc_hd__lpflow_decapkapwr_8" without logic function.
ABC: Scl_LibertyReadGenlib() skipped sequential cell "sky130_fd_sc_hd__lpflow_inputisolatch_1".
ABC: Scl_LibertyReadGenlib() skipped sequential cell "sky130_fd_sc_hd__sdfbbn_1".
ABC: Scl_LibertyReadGenlib() skipped sequential cell "sky130_fd_sc_hd__sdfbbn_2".
ABC: Scl_LibertyReadGenlib() skipped sequential cell "sky130_fd_sc_hd__sdfbbp_1".
ABC: Scl_LibertyReadGenlib() skipped sequential cell "sky130_fd_sc_hd__sdfrbp_1".
ABC: Scl_LibertyReadGenlib() skipped sequential cell "sky130_fd_sc_hd__sdfrbp_2".
ABC: Scl_LibertyReadGenlib() skipped sequential cell "sky130_fd_sc_hd__sdfrtn_1".
ABC: Scl_LibertyReadGenlib() skipped sequential cell "sky130_fd_sc_hd__sdfrtp_1".
ABC: Scl_LibertyReadGenlib() skipped sequential cell "sky130_fd_sc_hd__sdfrtp_2".
ABC: Scl_LibertyReadGenlib() skipped sequential cell "sky130_fd_sc_hd__sdfrtp_4".
ABC: Scl_LibertyReadGenlib() skipped sequential cell "sky130_fd_sc_hd__sdfsbp_1".
ABC: Scl_LibertyReadGenlib() skipped sequential cell "sky130_fd_sc_hd__sdfsbp_2".
ABC: Scl_LibertyReadGenlib() skipped sequential cell "sky130_fd_sc_hd__sdfstp_1".
ABC: Scl_LibertyReadGenlib() skipped sequential cell "sky130_fd_sc_hd__sdfstp_2".
ABC: Scl_LibertyReadGenlib() skipped sequential cell "sky130_fd_sc_hd__sdfstp_4".
ABC: Scl_LibertyReadGenlib() skipped sequential cell "sky130_fd_sc_hd__sdfxbp_1".
ABC: Scl_LibertyReadGenlib() skipped sequential cell "sky130_fd_sc_hd__sdfxbp_2".
ABC: Scl_LibertyReadGenlib() skipped sequential cell "sky130_fd_sc_hd__sdfxtp_1".
ABC: Scl_LibertyReadGenlib() skipped sequential cell "sky130_fd_sc_hd__sdfxtp_2".
ABC: Scl_LibertyReadGenlib() skipped sequential cell "sky130_fd_sc_hd__sdfxtp_4".
ABC: Scl_LibertyReadGenlib() skipped cell "sky130_fd_sc_hd__sdlclkp_1" without logic function.
ABC: Scl_LibertyReadGenlib() skipped cell "sky130_fd_sc_hd__sdlclkp_2" without logic function.
ABC: Scl_LibertyReadGenlib() skipped cell "sky130_fd_sc_hd__sdlclkp_4" without logic function.
ABC: Scl_LibertyReadGenlib() skipped sequential cell "sky130_fd_sc_hd__sedfxbp_1".
ABC: Scl_LibertyReadGenlib() skipped sequential cell "sky130_fd_sc_hd__sedfxbp_2".
ABC: Scl_LibertyReadGenlib() skipped sequential cell "sky130_fd_sc_hd__sedfxtp_1".
ABC: Scl_LibertyReadGenlib() skipped sequential cell "sky130_fd_sc_hd__sedfxtp_2".
ABC: Scl_LibertyReadGenlib() skipped sequential cell "sky130_fd_sc_hd__sedfxtp_4".
ABC: Library "sky130_fd_sc_hd__tt_025C_1v80" from "/home/eneadim/github/flexsoc/lib/sky130_fd_sc_hd__tt_025C_1v80.lib" has 334 cells (94 skipped: 63 seq; 13 tri-state; 18 no func; 0 dont_use; 0 with 2 outputs; 0 with 3+ outputs).  Time =     0.09 sec
ABC: Memory =   19.85 MB. Time =     0.09 sec
ABC: Warning: Detected 9 multi-output cells (for example, "sky130_fd_sc_hd__fa_1").
ABC: + read_constr -v /home/eneadim/github/flexsoc/ors/pwm.sdc 
ABC: Unrecognized token "current_design".
ABC: Unrecognized token "set".
ABC: Unrecognized token "set".
ABC: Unrecognized token "set".
ABC: Unrecognized token "set".
ABC: Unrecognized token "set".
ABC: Unrecognized token "create_clock".
ABC: Unrecognized token "set".
ABC: Unrecognized token "set_input_delay".
ABC: Unrecognized token "set_output_delay".
ABC: + source /home/eneadim/github/flexsoc/syn/area.abc 
ABC: WireLoad = "none"  Gates =   1101 ( 17.7 %)   Cap =  4.5 ff (  2.6 %)   Area =     5407.69 ( 82.1 %)   Delay =  3703.48 ps  (  3.9 %)               
ABC: Path  0 --     216 : 0    7 pi                        A =   0.00  Df =   0.0   -0.0 ps  S =   0.0 ps  Cin =  0.0 ff  Cout =  18.1 ff  Cmax =   0.0 ff  G =    0  
ABC: Path  1 --     554 : 1    9 sky130_fd_sc_hd__clkinv_1 A =   3.75  Df = 132.7  -38.9 ps  S = 159.7 ps  Cin =  3.1 ff  Cout =  21.5 ff  Cmax = 190.4 ff  G =  671  
ABC: Path  2 --     556 : 2    8 sky130_fd_sc_hd__nor2_1   A =   3.75  Df = 471.8 -257.2 ps  S = 351.7 ps  Cin =  2.4 ff  Cout =  19.2 ff  Cmax =  86.1 ff  G =  786  
ABC: Path  3 --     603 : 2    4 sky130_fd_sc_hd__nand2_1  A =   3.75  Df = 624.4 -289.1 ps  S = 125.1 ps  Cin =  2.3 ff  Cout =  10.1 ff  Cmax = 166.6 ff  G =  407  
ABC: Path  4 --     681 : 4    2 sky130_fd_sc_hd__nor4_1   A =   6.26  Df = 928.7  -63.2 ps  S = 299.7 ps  Cin =  2.4 ff  Cout =   5.0 ff  Cmax =  36.6 ff  G =  196  
ABC: Path  5 --     682 : 3    2 sky130_fd_sc_hd__a21oi_1  A =   5.00  Df =1035.6   -3.7 ps  S = 187.6 ps  Cin =  2.3 ff  Cout =   7.0 ff  Cmax =  74.2 ff  G =  287  
ABC: Path  6 --     683 : 4    2 sky130_fd_sc_hd__o22ai_1  A =   6.26  Df =1223.6  -65.4 ps  S = 222.3 ps  Cin =  2.4 ff  Cout =   7.8 ff  Cmax =  73.3 ff  G =  313  
ABC: Path  7 --     684 : 1    1 sky130_fd_sc_hd__clkinv_1 A =   3.75  Df =1311.1  -95.2 ps  S =  59.5 ps  Cin =  3.1 ff  Cout =   2.4 ff  Cmax = 190.4 ff  G =   75  
ABC: Path  8 --     686 : 2    1 sky130_fd_sc_hd__nand2_1  A =   3.75  Df =1368.0 -114.1 ps  S =  41.3 ps  Cin =  2.3 ff  Cout =   2.4 ff  Cmax = 166.6 ff  G =   99  
ABC: Path  9 --     689 : 2    2 sky130_fd_sc_hd__nand2_1  A =   3.75  Df =1426.3 -104.5 ps  S =  73.3 ps  Cin =  2.3 ff  Cout =   6.1 ff  Cmax = 166.6 ff  G =  256  
ABC: Path 10 --     690 : 3    2 sky130_fd_sc_hd__or3_2    A =   7.51  Df =1844.8 -407.3 ps  S =  84.0 ps  Cin =  1.5 ff  Cout =   4.9 ff  Cmax = 310.4 ff  G =  305  
ABC: Path 11 --     691 : 3    2 sky130_fd_sc_hd__nor3_1   A =   5.00  Df =2025.6 -545.0 ps  S = 204.5 ps  Cin =  2.4 ff  Cout =   4.9 ff  Cmax =  52.2 ff  G =  195  
ABC: Path 12 --     702 : 2    1 sky130_fd_sc_hd__nand2_1  A =   3.75  Df =2094.6 -550.7 ps  S =  56.2 ps  Cin =  2.3 ff  Cout =   2.4 ff  Cmax = 166.6 ff  G =   99  
ABC: Path 13 --     707 : 2    2 sky130_fd_sc_hd__nand2_1  A =   3.75  Df =2171.5 -573.0 ps  S =  69.7 ps  Cin =  2.3 ff  Cout =   5.7 ff  Cmax = 166.6 ff  G =  232  
ABC: Path 14 --     708 : 1    2 sky130_fd_sc_hd__clkinv_1 A =   3.75  Df =2239.6 -588.0 ps  S =  46.5 ps  Cin =  3.1 ff  Cout =   5.0 ff  Cmax = 190.4 ff  G =  152  
ABC: Path 15 --     709 : 3    2 sky130_fd_sc_hd__nor3_1   A =   5.00  Df =2396.6 -705.4 ps  S = 189.6 ps  Cin =  2.4 ff  Cout =   4.3 ff  Cmax =  52.2 ff  G =  170  
ABC: Path 16 --     715 : 3    2 sky130_fd_sc_hd__o21ai_0  A =   5.00  Df =2535.6 -607.2 ps  S = 253.0 ps  Cin =  1.7 ff  Cout =   7.0 ff  Cmax =  50.4 ff  G =  393  
ABC: Path 17 --     716 : 4    2 sky130_fd_sc_hd__o22ai_1  A =   6.26  Df =2710.6 -652.4 ps  S = 194.5 ps  Cin =  2.4 ff  Cout =   6.3 ff  Cmax =  73.3 ff  G =  255  
ABC: Path 18 --     718 : 3    2 sky130_fd_sc_hd__o21ai_0  A =   5.00  Df =2821.9 -582.5 ps  S = 165.9 ps  Cin =  1.7 ff  Cout =   3.9 ff  Cmax =  50.4 ff  G =  218  
ABC: Path 19 --     719 : 2    2 sky130_fd_sc_hd__or2_2    A =   6.26  Df =3111.1 -729.7 ps  S =  61.4 ps  Cin =  1.5 ff  Cout =   4.8 ff  Cmax = 299.4 ff  G =  319  
ABC: Path 20 --     720 : 2    2 sky130_fd_sc_hd__nand2_1  A =   3.75  Df =3198.5 -755.7 ps  S =  82.0 ps  Cin =  2.3 ff  Cout =   7.0 ff  Cmax = 166.6 ff  G =  288  
ABC: Path 21 --     791 : 2    2 sky130_fd_sc_hd__xor2_1   A =   8.76  Df =3372.0 -782.2 ps  S = 154.1 ps  Cin =  4.4 ff  Cout =   5.0 ff  Cmax =  76.9 ff  G =  107  
ABC: Path 22 --     792 : 2    1 sky130_fd_sc_hd__nor2_1   A =   3.75  Df =3424.4 -754.9 ps  S =  76.3 ps  Cin =  2.4 ff  Cout =   2.5 ff  Cmax =  86.1 ff  G =   98  
ABC: Path 23 --     793 : 3    1 sky130_fd_sc_hd__a21oi_1  A =   5.00  Df =3516.9 -274.7 ps  S =  87.0 ps  Cin =  2.3 ff  Cout =   1.8 ff  Cmax =  74.2 ff  G =   73  
ABC: Path 24 --     795 : 3    2 sky130_fd_sc_hd__a21boi_0 A =   7.51  Df =3619.0   -6.2 ps  S = 186.6 ps  Cin =  1.7 ff  Cout =   4.3 ff  Cmax =  48.5 ff  G =  236  
ABC: Path 25 --     798 : 3    1 sky130_fd_sc_hd__o21ai_0  A =   5.00  Df =3703.5  -21.5 ps  S =  58.5 ps  Cin =  1.7 ff  Cout =   0.0 ff  Cmax =  50.4 ff  G =    0  
ABC: Start-point = pi215 (\u_reg.u_cfg_dc_resn.q [0]).  End-point = po1 ($auto$rtlil.cc:3381:MuxGate$3286).
ABC: netlist                       : i/o =  299/  234  lat =    0  nd =  1101  edge =   2671  area =5404.93  delay =3060.48  lev = 28
ABC: + write_blif <abc-temp-dir>/output.blif 

4.1.2. Re-integrating ABC results.
ABC RESULTS:   sky130_fd_sc_hd__a2111oi_0 cells:        1
ABC RESULTS:   sky130_fd_sc_hd__a211oi_1 cells:        2
ABC RESULTS:   sky130_fd_sc_hd__a21boi_0 cells:        1
ABC RESULTS:   sky130_fd_sc_hd__a21oi_1 cells:       53
ABC RESULTS:   sky130_fd_sc_hd__a221oi_1 cells:        1
ABC RESULTS:   sky130_fd_sc_hd__a22oi_1 cells:       26
ABC RESULTS:   sky130_fd_sc_hd__a31oi_1 cells:       22
ABC RESULTS:   sky130_fd_sc_hd__a32o_1 cells:        1
ABC RESULTS:   sky130_fd_sc_hd__clkinv_1 cells:      195
ABC RESULTS:   sky130_fd_sc_hd__lpflow_isobufsrc_1 cells:        1
ABC RESULTS:   sky130_fd_sc_hd__maj3_1 cells:        1
ABC RESULTS:   sky130_fd_sc_hd__nand2_1 cells:      280
ABC RESULTS:   sky130_fd_sc_hd__nand3_1 cells:       22
ABC RESULTS:   sky130_fd_sc_hd__nand3b_1 cells:        2
ABC RESULTS:   sky130_fd_sc_hd__nand4_1 cells:        8
ABC RESULTS:   sky130_fd_sc_hd__nor2_1 cells:      161
ABC RESULTS:   sky130_fd_sc_hd__nor3_1 cells:       16
ABC RESULTS:   sky130_fd_sc_hd__nor3b_1 cells:        1
ABC RESULTS:   sky130_fd_sc_hd__nor4_1 cells:        3
ABC RESULTS:   sky130_fd_sc_hd__o2111ai_1 cells:        2
ABC RESULTS:   sky130_fd_sc_hd__o211ai_1 cells:        2
ABC RESULTS:   sky130_fd_sc_hd__o21ai_0 cells:      131
ABC RESULTS:   sky130_fd_sc_hd__o21bai_1 cells:        1
ABC RESULTS:   sky130_fd_sc_hd__o221ai_1 cells:       70
ABC RESULTS:   sky130_fd_sc_hd__o22ai_1 cells:       31
ABC RESULTS:   sky130_fd_sc_hd__o311ai_0 cells:        1
ABC RESULTS:   sky130_fd_sc_hd__o31ai_1 cells:        3
ABC RESULTS:   sky130_fd_sc_hd__o32ai_1 cells:        4
ABC RESULTS:   sky130_fd_sc_hd__or2_2 cells:        3
ABC RESULTS:   sky130_fd_sc_hd__or3_1 cells:        1
ABC RESULTS:   sky130_fd_sc_hd__or3_2 cells:        1
ABC RESULTS:   sky130_fd_sc_hd__xnor2_1 cells:       33
ABC RESULTS:   sky130_fd_sc_hd__xor2_1 cells:       21
ABC RESULTS:        internal signals:     1012
ABC RESULTS:           input signals:      299
ABC RESULTS:          output signals:      234
Removing temp directory.
Removing global temp directory.

5. Executing OPT_CLEAN pass (remove unused cells and wires).
Finding unused cells or wires in module \pwm..
Removed 0 unused cells and 1278 unused wires.
<suppressed ~485 debug messages>

6. Printing statistics.

=== pwm ===

        +----------Local Count, excluding submodules.
        |        +-Local Area, excluding submodules.
        |        | 
     1143        - wires
     1495        - wire bits
       45        - public wires
      397        - public wire bits
        6        - ports
      179        - port bits
     1352 1.17E+04 cells
        1    8.758   sky130_fd_sc_hd__a2111oi_0
        2   15.014   sky130_fd_sc_hd__a211oi_1
        1    7.507   sky130_fd_sc_hd__a21boi_0
       53  265.254   sky130_fd_sc_hd__a21oi_1
        1    8.758   sky130_fd_sc_hd__a221oi_1
       26  195.187   sky130_fd_sc_hd__a22oi_1
       22  137.632   sky130_fd_sc_hd__a31oi_1
        1    10.01   sky130_fd_sc_hd__a32o_1
      195  731.952   sky130_fd_sc_hd__clkinv_1
      213 5.33E+03   sky130_fd_sc_hd__dfrtp_1
       38  998.458   sky130_fd_sc_hd__dfstp_2
        1    6.256   sky130_fd_sc_hd__lpflow_isobufsrc_1
        1    10.01   sky130_fd_sc_hd__maj3_1
      280 1.05E+03   sky130_fd_sc_hd__nand2_1
       22  110.106   sky130_fd_sc_hd__nand3_1
        2   15.014   sky130_fd_sc_hd__nand3b_1
        8   50.048   sky130_fd_sc_hd__nand4_1
      161   604.33   sky130_fd_sc_hd__nor2_1
       16   80.077   sky130_fd_sc_hd__nor3_1
        1    7.507   sky130_fd_sc_hd__nor3b_1
        3   18.768   sky130_fd_sc_hd__nor4_1
        2   17.517   sky130_fd_sc_hd__o2111ai_1
        2   15.014   sky130_fd_sc_hd__o211ai_1
      131  655.629   sky130_fd_sc_hd__o21ai_0
        1    7.507   sky130_fd_sc_hd__o21bai_1
       70  613.088   sky130_fd_sc_hd__o221ai_1
       31  193.936   sky130_fd_sc_hd__o22ai_1
        1    8.758   sky130_fd_sc_hd__o311ai_0
        3   22.522   sky130_fd_sc_hd__o31ai_1
        4   35.034   sky130_fd_sc_hd__o32ai_1
        3   18.768   sky130_fd_sc_hd__or2_2
        1    6.256   sky130_fd_sc_hd__or3_1
        1    7.507   sky130_fd_sc_hd__or3_2
       33  289.027   sky130_fd_sc_hd__xnor2_1
       21  183.926   sky130_fd_sc_hd__xor2_1

   Chip area for module '\pwm': 11736.256000
     of which used for sequential elements: 6328.569600 (53.92%)

7. Executing Verilog backend.

7.1. Executing BMUXMAP pass.

7.2. Executing DEMUXMAP pass.
Dumping module `\pwm'.

8. Executing JSON backend.

End of script. Logfile hash: a0fef5da5a, CPU: user 0.38s system 0.10s, MEM: 63.08 MB peak
Yosys 0.58 (git sha1 157aabb58, g++ 13.3.0-6ubuntu2~24.04 -fPIC -O3)
Time spent: 49% 1x abc (0 sec), 8% 23x opt_clean (0 sec), ...
