%Warning-PINCONNECTEMPTY: /home/eneadim/github/flexsoc/vendor/pulp/common_cells/src/rr_arb_tree.sv:227:12: Instance pin connected by name with empty reference: 'empty_o'
  227 |           .empty_o (    )
      |            ^~~~~~~
                          ... For warning description see https://verilator.org/warn/PINCONNECTEMPTY?v=5.050
                          ... Use "/* verilator lint_off PINCONNECTEMPTY */" and lint_on around source to disable this message.
%Warning-PINCONNECTEMPTY: /home/eneadim/github/flexsoc/vendor/pulp/common_cells/src/stream_arbiter_flushable.sv:52:8: Instance pin connected by name with empty reference: 'idx_o'
   52 |       .idx_o  ()
      |        ^~~~~
%Warning-PINCONNECTEMPTY: /home/eneadim/github/flexsoc/vendor/pulp/common_cells/src/stream_arbiter_flushable.sv:73:8: Instance pin connected by name with empty reference: 'idx_o'
   73 |       .idx_o  ()
      |        ^~~~~
%Warning-PINCONNECTEMPTY: /home/eneadim/github/flexsoc/vendor/pulp/register_interface/src/axi_lite_to_reg.sv:98:6: Instance pin connected by name with empty reference: 'usage_o'
   98 |     .usage_o    (         ),
      |      ^~~~~~~
%Warning-PINCONNECTEMPTY: /home/eneadim/github/flexsoc/vendor/pulp/register_interface/src/axi_lite_to_reg.sv:124:6: Instance pin connected by name with empty reference: 'usage_o'
  124 |     .usage_o    (              ),
      |      ^~~~~~~
%Warning-PINCONNECTEMPTY: /home/eneadim/github/flexsoc/vendor/pulp/register_interface/src/axi_lite_to_reg.sv:148:6: Instance pin connected by name with empty reference: 'usage_o'
  148 |     .usage_o    (        ),
      |      ^~~~~~~
%Warning-PINCONNECTEMPTY: /home/eneadim/github/flexsoc/vendor/pulp/register_interface/src/axi_lite_to_reg.sv:171:6: Instance pin connected by name with empty reference: 'usage_o'
  171 |     .usage_o    (             ),
      |      ^~~~~~~
%Warning-DECLFILENAME: /home/eneadim/github/flexsoc/vendor/pulp/register_interface/src/axi_lite_to_reg.sv:225:8: Filename 'axi_lite_to_reg' does not match MODULE name: 'axi_lite_to_reg_intf'
  225 | module axi_lite_to_reg_intf #(
      |        ^~~~~~~~~~~~~~~~~~~~
                       ... For warning description see https://verilator.org/warn/DECLFILENAME?v=5.050
                       ... Use "/* verilator lint_off DECLFILENAME */" and lint_on around source to disable this message.
%Warning-PINCONNECTEMPTY: /home/eneadim/github/flexsoc/hw/ips/prim_opentitan/prim_fifo_sync_cnt.sv:87:8: Instance pin connected by name with empty reference: 'cnt_after_commit_o'
   87 |       .cnt_after_commit_o(),
      |        ^~~~~~~~~~~~~~~~~~
%Warning-PINCONNECTEMPTY: /home/eneadim/github/flexsoc/hw/ips/prim_opentitan/prim_fifo_sync_cnt.sv:105:8: Instance pin connected by name with empty reference: 'cnt_after_commit_o'
  105 |       .cnt_after_commit_o(),
      |        ^~~~~~~~~~~~~~~~~~
%Warning-PINCONNECTEMPTY: /tmp/flexsoc-ip-v1-release-20260914/uart-axi_lite/runs/uart/release/rtl/uart_reg_core.sv:149:6: Instance pin connected by name with empty reference: 'qe'
  149 |     .qe     (),
      |      ^~
%Warning-PINCONNECTEMPTY: /tmp/flexsoc-ip-v1-release-20260914/uart-axi_lite/runs/uart/release/rtl/uart_reg_core.sv:151:6: Instance pin connected by name with empty reference: 'ds'
  151 |     .ds     (),
      |      ^~
%Warning-PINCONNECTEMPTY: /tmp/flexsoc-ip-v1-release-20260914/uart-axi_lite/runs/uart/release/rtl/uart_reg_core.sv:176:6: Instance pin connected by name with empty reference: 'qe'
  176 |     .qe     (),
      |      ^~
%Warning-PINCONNECTEMPTY: /tmp/flexsoc-ip-v1-release-20260914/uart-axi_lite/runs/uart/release/rtl/uart_reg_core.sv:178:6: Instance pin connected by name with empty reference: 'ds'
  178 |     .ds     (),
      |      ^~
%Warning-PINCONNECTEMPTY: /tmp/flexsoc-ip-v1-release-20260914/uart-axi_lite/runs/uart/release/rtl/uart_reg_core.sv:203:6: Instance pin connected by name with empty reference: 'qe'
  203 |     .qe     (),
      |      ^~
%Warning-PINCONNECTEMPTY: /tmp/flexsoc-ip-v1-release-20260914/uart-axi_lite/runs/uart/release/rtl/uart_reg_core.sv:205:6: Instance pin connected by name with empty reference: 'ds'
  205 |     .ds     (),
      |      ^~
%Warning-PINCONNECTEMPTY: /tmp/flexsoc-ip-v1-release-20260914/uart-axi_lite/runs/uart/release/rtl/uart_reg_core.sv:230:6: Instance pin connected by name with empty reference: 'qe'
  230 |     .qe     (),
      |      ^~
%Warning-PINCONNECTEMPTY: /tmp/flexsoc-ip-v1-release-20260914/uart-axi_lite/runs/uart/release/rtl/uart_reg_core.sv:232:6: Instance pin connected by name with empty reference: 'ds'
  232 |     .ds     (),
      |      ^~
%Warning-PINCONNECTEMPTY: /tmp/flexsoc-ip-v1-release-20260914/uart-axi_lite/runs/uart/release/rtl/uart_reg_core.sv:257:6: Instance pin connected by name with empty reference: 'qe'
  257 |     .qe     (),
      |      ^~
%Warning-PINCONNECTEMPTY: /tmp/flexsoc-ip-v1-release-20260914/uart-axi_lite/runs/uart/release/rtl/uart_reg_core.sv:259:6: Instance pin connected by name with empty reference: 'ds'
  259 |     .ds     (),
      |      ^~
%Warning-PINCONNECTEMPTY: /tmp/flexsoc-ip-v1-release-20260914/uart-axi_lite/runs/uart/release/rtl/uart_reg_core.sv:284:6: Instance pin connected by name with empty reference: 'qe'
  284 |     .qe     (),
      |      ^~
%Warning-PINCONNECTEMPTY: /tmp/flexsoc-ip-v1-release-20260914/uart-axi_lite/runs/uart/release/rtl/uart_reg_core.sv:286:6: Instance pin connected by name with empty reference: 'ds'
  286 |     .ds     (),
      |      ^~
%Warning-PINCONNECTEMPTY: /tmp/flexsoc-ip-v1-release-20260914/uart-axi_lite/runs/uart/release/rtl/uart_reg_core.sv:311:6: Instance pin connected by name with empty reference: 'qe'
  311 |     .qe     (),
      |      ^~
%Warning-PINCONNECTEMPTY: /tmp/flexsoc-ip-v1-release-20260914/uart-axi_lite/runs/uart/release/rtl/uart_reg_core.sv:313:6: Instance pin connected by name with empty reference: 'ds'
  313 |     .ds     (),
      |      ^~
%Warning-PINCONNECTEMPTY: /tmp/flexsoc-ip-v1-release-20260914/uart-axi_lite/runs/uart/release/rtl/uart_reg_core.sv:338:6: Instance pin connected by name with empty reference: 'qe'
  338 |     .qe     (),
      |      ^~
%Warning-PINCONNECTEMPTY: /tmp/flexsoc-ip-v1-release-20260914/uart-axi_lite/runs/uart/release/rtl/uart_reg_core.sv:340:6: Instance pin connected by name with empty reference: 'ds'
  340 |     .ds     (),
      |      ^~
%Warning-PINCONNECTEMPTY: /tmp/flexsoc-ip-v1-release-20260914/uart-axi_lite/runs/uart/release/rtl/uart_reg_core.sv:357:6: Instance pin connected by name with empty reference: 'qe'
  357 |     .qe     (),
      |      ^~
%Warning-PINCONNECTEMPTY: /tmp/flexsoc-ip-v1-release-20260914/uart-axi_lite/runs/uart/release/rtl/uart_reg_core.sv:359:6: Instance pin connected by name with empty reference: 'ds'
  359 |     .ds     (),
      |      ^~
%Warning-PINCONNECTEMPTY: /tmp/flexsoc-ip-v1-release-20260914/uart-axi_lite/runs/uart/release/rtl/uart_reg_core.sv:372:6: Instance pin connected by name with empty reference: 'qe'
  372 |     .qe     (),
      |      ^~
%Warning-PINCONNECTEMPTY: /tmp/flexsoc-ip-v1-release-20260914/uart-axi_lite/runs/uart/release/rtl/uart_reg_core.sv:374:6: Instance pin connected by name with empty reference: 'ds'
  374 |     .ds     (),
      |      ^~
%Warning-PINCONNECTEMPTY: /tmp/flexsoc-ip-v1-release-20260914/uart-axi_lite/runs/uart/release/rtl/uart_reg_core.sv:387:6: Instance pin connected by name with empty reference: 'qe'
  387 |     .qe     (),
      |      ^~
%Warning-PINCONNECTEMPTY: /tmp/flexsoc-ip-v1-release-20260914/uart-axi_lite/runs/uart/release/rtl/uart_reg_core.sv:389:6: Instance pin connected by name with empty reference: 'ds'
  389 |     .ds     (),
      |      ^~
%Warning-PINCONNECTEMPTY: /tmp/flexsoc-ip-v1-release-20260914/uart-axi_lite/runs/uart/release/rtl/uart_reg_core.sv:402:6: Instance pin connected by name with empty reference: 'qe'
  402 |     .qe     (),
      |      ^~
%Warning-PINCONNECTEMPTY: /tmp/flexsoc-ip-v1-release-20260914/uart-axi_lite/runs/uart/release/rtl/uart_reg_core.sv:404:6: Instance pin connected by name with empty reference: 'ds'
  404 |     .ds     (),
      |      ^~
%Warning-PINCONNECTEMPTY: /tmp/flexsoc-ip-v1-release-20260914/uart-axi_lite/runs/uart/release/rtl/uart_reg_core.sv:417:6: Instance pin connected by name with empty reference: 'qe'
  417 |     .qe     (),
      |      ^~
%Warning-PINCONNECTEMPTY: /tmp/flexsoc-ip-v1-release-20260914/uart-axi_lite/runs/uart/release/rtl/uart_reg_core.sv:419:6: Instance pin connected by name with empty reference: 'ds'
  419 |     .ds     (),
      |      ^~
%Warning-PINCONNECTEMPTY: /tmp/flexsoc-ip-v1-release-20260914/uart-axi_lite/runs/uart/release/rtl/uart_reg_core.sv:432:6: Instance pin connected by name with empty reference: 'qe'
  432 |     .qe     (),
      |      ^~
%Warning-PINCONNECTEMPTY: /tmp/flexsoc-ip-v1-release-20260914/uart-axi_lite/runs/uart/release/rtl/uart_reg_core.sv:434:6: Instance pin connected by name with empty reference: 'ds'
  434 |     .ds     (),
      |      ^~
%Warning-PINCONNECTEMPTY: /tmp/flexsoc-ip-v1-release-20260914/uart-axi_lite/runs/uart/release/rtl/uart_reg_core.sv:448:6: Instance pin connected by name with empty reference: 'qe'
  448 |     .qe     (),
      |      ^~
%Warning-PINCONNECTEMPTY: /tmp/flexsoc-ip-v1-release-20260914/uart-axi_lite/runs/uart/release/rtl/uart_reg_core.sv:450:6: Instance pin connected by name with empty reference: 'ds'
  450 |     .ds     (),
      |      ^~
%Warning-PINCONNECTEMPTY: /tmp/flexsoc-ip-v1-release-20260914/uart-axi_lite/runs/uart/release/rtl/uart_reg_core.sv:487:6: Instance pin connected by name with empty reference: 'ds'
  487 |     .ds     (),
      |      ^~
%Warning-PINCONNECTEMPTY: /tmp/flexsoc-ip-v1-release-20260914/uart-axi_lite/runs/uart/release/rtl/uart_reg_core.sv:490:6: Instance pin connected by name with empty reference: 'qs'
  490 |     .qs     ()
      |      ^~
%Warning-PINCONNECTEMPTY: /tmp/flexsoc-ip-v1-release-20260914/uart-axi_lite/runs/uart/release/rtl/uart_reg_core.sv:528:6: Instance pin connected by name with empty reference: 'ds'
  528 |     .ds     (),
      |      ^~
%Warning-PINCONNECTEMPTY: /tmp/flexsoc-ip-v1-release-20260914/uart-axi_lite/runs/uart/release/rtl/uart_reg_core.sv:531:6: Instance pin connected by name with empty reference: 'qs'
  531 |     .qs     ()
      |      ^~
%Warning-PINCONNECTEMPTY: /tmp/flexsoc-ip-v1-release-20260914/uart-axi_lite/runs/uart/release/rtl/uart_reg_core.sv:556:6: Instance pin connected by name with empty reference: 'ds'
  556 |     .ds     (),
      |      ^~
%Warning-PINCONNECTEMPTY: /tmp/flexsoc-ip-v1-release-20260914/uart-axi_lite/runs/uart/release/rtl/uart_reg_core.sv:559:6: Instance pin connected by name with empty reference: 'qs'
  559 |     .qs     ()
      |      ^~
%Warning-PINCONNECTEMPTY: /tmp/flexsoc-ip-v1-release-20260914/uart-axi_lite/runs/uart/release/rtl/uart_reg_core.sv:573:6: Instance pin connected by name with empty reference: 'qre'
  573 |     .qre    (),
      |      ^~~
%Warning-PINCONNECTEMPTY: /tmp/flexsoc-ip-v1-release-20260914/uart-axi_lite/runs/uart/release/rtl/uart_reg_core.sv:574:6: Instance pin connected by name with empty reference: 'qe'
  574 |     .qe     (),
      |      ^~
%Warning-PINCONNECTEMPTY: /tmp/flexsoc-ip-v1-release-20260914/uart-axi_lite/runs/uart/release/rtl/uart_reg_core.sv:575:6: Instance pin connected by name with empty reference: 'q'
  575 |     .q      (),
      |      ^
%Warning-PINCONNECTEMPTY: /tmp/flexsoc-ip-v1-release-20260914/uart-axi_lite/runs/uart/release/rtl/uart_reg_core.sv:576:6: Instance pin connected by name with empty reference: 'ds'
  576 |     .ds     (),
      |      ^~
%Warning-PINCONNECTEMPTY: /tmp/flexsoc-ip-v1-release-20260914/uart-axi_lite/runs/uart/release/rtl/uart_reg_core.sv:588:6: Instance pin connected by name with empty reference: 'qre'
  588 |     .qre    (),
      |      ^~~
%Warning-PINCONNECTEMPTY: /tmp/flexsoc-ip-v1-release-20260914/uart-axi_lite/runs/uart/release/rtl/uart_reg_core.sv:589:6: Instance pin connected by name with empty reference: 'qe'
  589 |     .qe     (),
      |      ^~
%Warning-PINCONNECTEMPTY: /tmp/flexsoc-ip-v1-release-20260914/uart-axi_lite/runs/uart/release/rtl/uart_reg_core.sv:590:6: Instance pin connected by name with empty reference: 'q'
  590 |     .q      (),
      |      ^
%Warning-PINCONNECTEMPTY: /tmp/flexsoc-ip-v1-release-20260914/uart-axi_lite/runs/uart/release/rtl/uart_reg_core.sv:591:6: Instance pin connected by name with empty reference: 'ds'
  591 |     .ds     (),
      |      ^~
%Warning-PINMISSING: /tmp/flexsoc-ip-v1-release-20260914/uart-axi_lite/runs/uart/release/rtl/uart_reg_top.sv:33:17: Instance has missing pin: 'intg_err_o'
   33 |   uart_reg_core u_reg_core (
      |                 ^~~~~~~~~~
                     /tmp/flexsoc-ip-v1-release-20260914/uart-axi_lite/runs/uart/release/rtl/uart_reg_core.sv:21:16: ... Location of port declaration
   21 |   output logic intg_err_o
      |                ^~~~~~~~~~
                     ... For warning description see https://verilator.org/warn/PINMISSING?v=5.050
                     ... Use "/* verilator lint_off PINMISSING */" and lint_on around source to disable this message.
%Warning-PINCONNECTEMPTY: /tmp/flexsoc-ip-v1-release-20260914/uart-axi_lite/runs/uart/release/rtl/uart_core.sv:157:6: Instance pin connected by name with empty reference: 'full_o'
  157 |     .full_o  (),
      |      ^~~~~~
%Warning-PINCONNECTEMPTY: /tmp/flexsoc-ip-v1-release-20260914/uart-axi_lite/runs/uart/release/rtl/uart_core.sv:161:6: Instance pin connected by name with empty reference: 'err_o'
  161 |     .err_o   ()
      |      ^~~~~
%Warning-PINCONNECTEMPTY: /tmp/flexsoc-ip-v1-release-20260914/uart-axi_lite/runs/uart/release/rtl/uart_core.sv:257:6: Instance pin connected by name with empty reference: 'full_o'
  257 |     .full_o  (),
      |      ^~~~~~
%Warning-PINCONNECTEMPTY: /tmp/flexsoc-ip-v1-release-20260914/uart-axi_lite/runs/uart/release/rtl/uart_core.sv:261:6: Instance pin connected by name with empty reference: 'err_o'
  261 |     .err_o   ()
      |      ^~~~~
%Warning-VARHIDDEN: /tmp/flexsoc-ip-v1-release-20260914/uart-axi_lite/runs/uart/release/rtl/uart_reg_core.sv:26:18: Declaration of signal hides declaration in upper scope: 'AW'
   26 |   localparam int AW = 5;
      |                  ^~
                    /tmp/flexsoc-ip-v1-release-20260914/uart-axi_lite/runs/uart/release/rtl/uart_reg_pkg.sv:185:17: ... Location of original declaration
  185 |   parameter int AW = BlockAw;
      |                 ^~
                    ... For warning description see https://verilator.org/warn/VARHIDDEN?v=5.050
                    ... Use "/* verilator lint_off VARHIDDEN */" and lint_on around source to disable this message.
%Warning-VARHIDDEN: /tmp/flexsoc-ip-v1-release-20260914/uart-axi_lite/runs/uart/release/rtl/uart_reg_core.sv:27:18: Declaration of signal hides declaration in upper scope: 'DW'
   27 |   localparam int DW = 32;
      |                  ^~
                    /tmp/flexsoc-ip-v1-release-20260914/uart-axi_lite/runs/uart/release/rtl/uart_reg_pkg.sv:186:17: ... Location of original declaration
  186 |   parameter int DW = 32;
      |                 ^~
%Warning-VARHIDDEN: /tmp/flexsoc-ip-v1-release-20260914/uart-axi_lite/runs/uart/release/rtl/uart_reg_core.sv:28:18: Declaration of signal hides declaration in upper scope: 'DBW'
   28 |   localparam int DBW = DW/8;                     
      |                  ^~~
                    /tmp/flexsoc-ip-v1-release-20260914/uart-axi_lite/runs/uart/release/rtl/uart_reg_pkg.sv:187:17: ... Location of original declaration
  187 |   parameter int DBW = DW / 8;
      |                 ^~~
%Warning-WIDTHEXPAND: /home/eneadim/github/flexsoc/vendor/pulp/axi/src/axi_pkg.sv:155:12: Operator CASE expects 8 bits on the Case Item, but Case Item's CONST '4'h1' generates 4 bits.
                                                                                        : ... note: In instance 'uart'
  155 |     unique case (len)
      |            ^~~~
                      ... For warning description see https://verilator.org/warn/WIDTHEXPAND?v=5.050
                      ... Use "/* verilator lint_off WIDTHEXPAND */" and lint_on around source to disable this message.
%Warning-WIDTHEXPAND: /home/eneadim/github/flexsoc/vendor/pulp/axi/src/axi_pkg.sv:155:12: Operator CASE expects 8 bits on the Case Item, but Case Item's CONST '4'h3' generates 4 bits.
                                                                                        : ... note: In instance 'uart'
  155 |     unique case (len)
      |            ^~~~
%Warning-WIDTHEXPAND: /home/eneadim/github/flexsoc/vendor/pulp/axi/src/axi_pkg.sv:155:12: Operator CASE expects 8 bits on the Case Item, but Case Item's CONST '4'h7' generates 4 bits.
                                                                                        : ... note: In instance 'uart'
  155 |     unique case (len)
      |            ^~~~
%Warning-WIDTHEXPAND: /home/eneadim/github/flexsoc/vendor/pulp/axi/src/axi_pkg.sv:155:12: Operator CASE expects 8 bits on the Case Item, but Case Item's CONST '4'hf' generates 4 bits.
                                                                                        : ... note: In instance 'uart'
  155 |     unique case (len)
      |            ^~~~
%Warning-WIDTHEXPAND: /home/eneadim/github/flexsoc/vendor/pulp/axi/src/axi_pkg.sv:192:55: Operator ADD expects 128 bits on the LHS, but LHS's VARREF 'len' generates 8 bits.
                                                                                        : ... note: In instance 'uart'
  192 |         ret_addr = ret_addr - (num_bytes(size) * (len + 1));
      |                                                       ^
%Warning-WIDTHEXPAND: /home/eneadim/github/flexsoc/vendor/pulp/axi/src/axi_pkg.sv:191:81: Operator ADD expects 128 bits on the LHS, but LHS's VARREF 'len' generates 8 bits.
                                                                                        : ... note: In instance 'uart'
  191 |       if (burst == BURST_WRAP && ret_addr >= wrp_bond + (num_bytes(size) * (len + 1))) begin
      |                                                                                 ^
%Warning-WIDTHEXPAND: /home/eneadim/github/flexsoc/vendor/pulp/axi/src/axi_pkg.sv:203:37: Operator DIV expects 128 bits on the RHS, but RHS's VARREF 'strobe_width' generates 16 bits.
                                                                                        : ... note: In instance 'uart'
  203 |     return shortint'(_addr - (_addr / strobe_width) * strobe_width);
      |                                     ^
%Warning-WIDTHEXPAND: /home/eneadim/github/flexsoc/vendor/pulp/axi/src/axi_pkg.sv:211:58: Operator SUB expects 128 bits on the LHS, but LHS's FUNCREF 'num_bytes' generates 16 bits.
                                                                                        : ... note: In instance 'uart'
  211 |       return aligned_addr(addr, size) + (num_bytes(size) - 1) - (addr / strobe_width) * strobe_width;
      |                                                          ^
%Warning-WIDTHEXPAND: /home/eneadim/github/flexsoc/vendor/pulp/axi/src/axi_pkg.sv:211:71: Operator DIV expects 128 bits on the RHS, but RHS's VARREF 'strobe_width' generates 16 bits.
                                                                                        : ... note: In instance 'uart'
  211 |       return aligned_addr(addr, size) + (num_bytes(size) - 1) - (addr / strobe_width) * strobe_width;
      |                                                                       ^
%Warning-WIDTHTRUNC: /home/eneadim/github/flexsoc/vendor/pulp/axi/src/axi_pkg.sv:211:7: Operator ASSIGN expects 16 bits on the Assign RHS, but Assign RHS's SUB generates 128 bits.
                                                                                      : ... note: In instance 'uart'
  211 |       return aligned_addr(addr, size) + (num_bytes(size) - 1) - (addr / strobe_width) * strobe_width;
      |       ^~~~~~
                     ... For warning description see https://verilator.org/warn/WIDTHTRUNC?v=5.050
                     ... Use "/* verilator lint_off WIDTHTRUNC */" and lint_on around source to disable this message.
%Warning-UNUSEDPARAM: /home/eneadim/github/flexsoc/vendor/pulp/axi/src/axi_pkg.sv:45:26: Parameter is not used: 'NsaidWidth'
                                                                                       : ... note: In instance 'uart'
   45 |   parameter int unsigned NsaidWidth  = 32'd4;
      |                          ^~~~~~~~~~
                      ... For warning description see https://verilator.org/warn/UNUSEDPARAM?v=5.050
                      ... Use "/* verilator lint_off UNUSEDPARAM */" and lint_on around source to disable this message.
%Warning-UNUSEDPARAM: /home/eneadim/github/flexsoc/vendor/pulp/axi/src/axi_pkg.sv:81:14: Parameter is not used: 'BURST_INCR'
                                                                                       : ... note: In instance 'uart'
   81 |   localparam BURST_INCR  = 2'b01;
      |              ^~~~~~~~~~
%Warning-UNUSEDPARAM: /home/eneadim/github/flexsoc/vendor/pulp/axi/src/axi_pkg.sv:110:14: Parameter is not used: 'CACHE_RD_ALLOC'
                                                                                        : ... note: In instance 'uart'
  110 |   localparam CACHE_RD_ALLOC   = 4'b0100;
      |              ^~~~~~~~~~~~~~
%Warning-UNUSEDPARAM: /home/eneadim/github/flexsoc/vendor/pulp/axi/src/axi_pkg.sv:113:14: Parameter is not used: 'CACHE_WR_ALLOC'
                                                                                        : ... note: In instance 'uart'
  113 |   localparam CACHE_WR_ALLOC   = 4'b1000;
      |              ^~~~~~~~~~~~~~
%Warning-UNUSEDPARAM: /home/eneadim/github/flexsoc/vendor/pulp/axi/src/axi_pkg.sv:384:14: Parameter is not used: 'ATOP_ATOMICSWAP'
                                                                                        : ... note: In instance 'uart'
  384 |   localparam ATOP_ATOMICSWAP  = 6'b110000;
      |              ^~~~~~~~~~~~~~~
%Warning-UNUSEDPARAM: /home/eneadim/github/flexsoc/vendor/pulp/axi/src/axi_pkg.sv:394:14: Parameter is not used: 'ATOP_ATOMICCMP'
                                                                                        : ... note: In instance 'uart'
  394 |   localparam ATOP_ATOMICCMP   = 6'b110001;
      |              ^~~~~~~~~~~~~~
%Warning-UNUSEDPARAM: /home/eneadim/github/flexsoc/vendor/pulp/axi/src/axi_pkg.sv:397:14: Parameter is not used: 'ATOP_NONE'
                                                                                        : ... note: In instance 'uart'
  397 |   localparam ATOP_NONE        = 2'b00;
      |              ^~~~~~~~~
%Warning-UNUSEDPARAM: /home/eneadim/github/flexsoc/vendor/pulp/axi/src/axi_pkg.sv:404:14: Parameter is not used: 'ATOP_ATOMICSTORE'
                                                                                        : ... note: In instance 'uart'
  404 |   localparam ATOP_ATOMICSTORE = 2'b01;
      |              ^~~~~~~~~~~~~~~~
%Warning-UNUSEDPARAM: /home/eneadim/github/flexsoc/vendor/pulp/axi/src/axi_pkg.sv:412:14: Parameter is not used: 'ATOP_ATOMICLOAD'
                                                                                        : ... note: In instance 'uart'
  412 |   localparam ATOP_ATOMICLOAD  = 2'b10;
      |              ^~~~~~~~~~~~~~~
%Warning-UNUSEDPARAM: /home/eneadim/github/flexsoc/vendor/pulp/axi/src/axi_pkg.sv:418:14: Parameter is not used: 'ATOP_LITTLE_END'
                                                                                        : ... note: In instance 'uart'
  418 |   localparam ATOP_LITTLE_END  = 1'b0;
      |              ^~~~~~~~~~~~~~~
%Warning-UNUSEDPARAM: /home/eneadim/github/flexsoc/vendor/pulp/axi/src/axi_pkg.sv:420:14: Parameter is not used: 'ATOP_BIG_END'
                                                                                        : ... note: In instance 'uart'
  420 |   localparam ATOP_BIG_END     = 1'b1;
      |              ^~~~~~~~~~~~
%Warning-UNUSEDPARAM: /home/eneadim/github/flexsoc/vendor/pulp/axi/src/axi_pkg.sv:423:14: Parameter is not used: 'ATOP_ADD'
                                                                                        : ... note: In instance 'uart'
  423 |   localparam ATOP_ADD   = 3'b000;
      |              ^~~~~~~~
%Warning-UNUSEDPARAM: /home/eneadim/github/flexsoc/vendor/pulp/axi/src/axi_pkg.sv:425:14: Parameter is not used: 'ATOP_CLR'
                                                                                        : ... note: In instance 'uart'
  425 |   localparam ATOP_CLR   = 3'b001;
      |              ^~~~~~~~
%Warning-UNUSEDPARAM: /home/eneadim/github/flexsoc/vendor/pulp/axi/src/axi_pkg.sv:427:14: Parameter is not used: 'ATOP_EOR'
                                                                                        : ... note: In instance 'uart'
  427 |   localparam ATOP_EOR   = 3'b010;
      |              ^~~~~~~~
%Warning-UNUSEDPARAM: /home/eneadim/github/flexsoc/vendor/pulp/axi/src/axi_pkg.sv:429:14: Parameter is not used: 'ATOP_SET'
                                                                                        : ... note: In instance 'uart'
  429 |   localparam ATOP_SET   = 3'b011;
      |              ^~~~~~~~
%Warning-UNUSEDPARAM: /home/eneadim/github/flexsoc/vendor/pulp/axi/src/axi_pkg.sv:432:14: Parameter is not used: 'ATOP_SMAX'
                                                                                        : ... note: In instance 'uart'
  432 |   localparam ATOP_SMAX  = 3'b100;
      |              ^~~~~~~~~
%Warning-UNUSEDPARAM: /home/eneadim/github/flexsoc/vendor/pulp/axi/src/axi_pkg.sv:435:14: Parameter is not used: 'ATOP_SMIN'
                                                                                        : ... note: In instance 'uart'
  435 |   localparam ATOP_SMIN  = 3'b101;
      |              ^~~~~~~~~
%Warning-UNUSEDPARAM: /home/eneadim/github/flexsoc/vendor/pulp/axi/src/axi_pkg.sv:438:14: Parameter is not used: 'ATOP_UMAX'
                                                                                        : ... note: In instance 'uart'
  438 |   localparam ATOP_UMAX  = 3'b110;
      |              ^~~~~~~~~
%Warning-UNUSEDPARAM: /home/eneadim/github/flexsoc/vendor/pulp/axi/src/axi_pkg.sv:441:14: Parameter is not used: 'ATOP_UMIN'
                                                                                        : ... note: In instance 'uart'
  441 |   localparam ATOP_UMIN  = 3'b111;
      |              ^~~~~~~~~
%Warning-UNUSEDPARAM: /home/eneadim/github/flexsoc/vendor/pulp/axi/src/axi_pkg.sv:444:14: Parameter is not used: 'ATOP_R_RESP'
                                                                                        : ... note: In instance 'uart'
  444 |   localparam ATOP_R_RESP = 32'd5;
      |              ^~~~~~~~~~~
%Warning-UNUSEDSIGNAL: /tmp/flexsoc-ip-v1-release-20260914/uart-axi_lite/runs/uart/release/rtl/uart_core.sv:14:38: Bits of signal are not used: 'reg2hw'[33:22]
                                                                                                                 : ... note: In instance 'uart.u_uart_core'
   14 |   input  uart_reg_pkg::uart_reg2hw_t reg2hw,
      |                                      ^~~~~~
                       ... For warning description see https://verilator.org/warn/UNUSEDSIGNAL?v=5.050
                       ... Use "/* verilator lint_off UNUSEDSIGNAL */" and lint_on around source to disable this message.
%Warning-UNUSEDSIGNAL: /tmp/flexsoc-ip-v1-release-20260914/uart-axi_lite/runs/uart/release/rtl/uart_core.sv:32:19: Signal is not driven, nor used: 'rx_val_q'
                                                                                                                 : ... note: In instance 'uart.u_uart_core'
   32 |   logic   [15:0]  rx_val_q;
      |                   ^~~~~~~~
%Warning-UNUSEDSIGNAL: /tmp/flexsoc-ip-v1-release-20260914/uart-axi_lite/runs/uart/release/rtl/uart_core.sv:34:34: Signal is not used: 'rx_tick_baud'
                                                                                                                 : ... note: In instance 'uart.u_uart_core'
   34 |   logic           tick_baud_x16, rx_tick_baud;
      |                                  ^~~~~~~~~~~~
%Warning-UNUSEDSIGNAL: /tmp/flexsoc-ip-v1-release-20260914/uart-axi_lite/runs/uart/release/rtl/uart_core.sv:38:30: Signal is not driven, nor used: 'rx_fifo_depth_prev_q'
                                                                                                                 : ... note: In instance 'uart.u_uart_core'
   38 |   logic   [RxFifoDepthW-1:0] rx_fifo_depth_prev_q;
      |                              ^~~~~~~~~~~~~~~~~~~~
%Warning-UNUSEDSIGNAL: /tmp/flexsoc-ip-v1-release-20260914/uart-axi_lite/runs/uart/release/rtl/uart_core.sv:40:19: Signal is not driven, nor used: 'rx_timeout_count_d'
                                                                                                                 : ... note: In instance 'uart.u_uart_core'
   40 |   logic   [23:0]  rx_timeout_count_d, rx_timeout_count_q, uart_rxto_val;
      |                   ^~~~~~~~~~~~~~~~~~
%Warning-UNUSEDSIGNAL: /tmp/flexsoc-ip-v1-release-20260914/uart-axi_lite/runs/uart/release/rtl/uart_core.sv:40:39: Signal is not driven, nor used: 'rx_timeout_count_q'
                                                                                                                 : ... note: In instance 'uart.u_uart_core'
   40 |   logic   [23:0]  rx_timeout_count_d, rx_timeout_count_q, uart_rxto_val;
      |                                       ^~~~~~~~~~~~~~~~~~
%Warning-UNUSEDSIGNAL: /tmp/flexsoc-ip-v1-release-20260914/uart-axi_lite/runs/uart/release/rtl/uart_core.sv:40:59: Signal is not driven, nor used: 'uart_rxto_val'
                                                                                                                 : ... note: In instance 'uart.u_uart_core'
   40 |   logic   [23:0]  rx_timeout_count_d, rx_timeout_count_q, uart_rxto_val;
      |                                                           ^~~~~~~~~~~~~
%Warning-UNUSEDSIGNAL: /tmp/flexsoc-ip-v1-release-20260914/uart-axi_lite/runs/uart/release/rtl/uart_core.sv:41:19: Signal is not driven, nor used: 'rx_fifo_depth_changed'
                                                                                                                 : ... note: In instance 'uart.u_uart_core'
   41 |   logic           rx_fifo_depth_changed, uart_rxto_en;
      |                   ^~~~~~~~~~~~~~~~~~~~~
%Warning-UNUSEDSIGNAL: /tmp/flexsoc-ip-v1-release-20260914/uart-axi_lite/runs/uart/release/rtl/uart_core.sv:41:42: Signal is not driven, nor used: 'uart_rxto_en'
                                                                                                                 : ... note: In instance 'uart.u_uart_core'
   41 |   logic           rx_fifo_depth_changed, uart_rxto_en;
      |                                          ^~~~~~~~~~~~
%Warning-UNUSEDSIGNAL: /tmp/flexsoc-ip-v1-release-20260914/uart-axi_lite/runs/uart/release/rtl/uart_core.sv:55:19: Signal is not driven, nor used: 'break_err'
                                                                                                                 : ... note: In instance 'uart.u_uart_core'
   55 |   logic           break_err;
      |                   ^~~~~~~~~
%Warning-UNUSEDSIGNAL: /tmp/flexsoc-ip-v1-release-20260914/uart-axi_lite/runs/uart/release/rtl/uart_core.sv:56:19: Signal is not driven, nor used: 'allzero_cnt_d'
                                                                                                                 : ... note: In instance 'uart.u_uart_core'
   56 |   logic   [4:0]   allzero_cnt_d, allzero_cnt_q;
      |                   ^~~~~~~~~~~~~
%Warning-UNUSEDSIGNAL: /tmp/flexsoc-ip-v1-release-20260914/uart-axi_lite/runs/uart/release/rtl/uart_core.sv:56:34: Signal is not driven, nor used: 'allzero_cnt_q'
                                                                                                                 : ... note: In instance 'uart.u_uart_core'
   56 |   logic   [4:0]   allzero_cnt_d, allzero_cnt_q;
      |                                  ^~~~~~~~~~~~~
%Warning-UNUSEDSIGNAL: /tmp/flexsoc-ip-v1-release-20260914/uart-axi_lite/runs/uart/release/rtl/uart_core.sv:57:19: Signal is not driven, nor used: 'allzero_err'
                                                                                                                 : ... note: In instance 'uart.u_uart_core'
   57 |   logic           allzero_err, not_allzero_char;
      |                   ^~~~~~~~~~~
%Warning-UNUSEDSIGNAL: /tmp/flexsoc-ip-v1-release-20260914/uart-axi_lite/runs/uart/release/rtl/uart_core.sv:57:32: Signal is not driven, nor used: 'not_allzero_char'
                                                                                                                 : ... note: In instance 'uart.u_uart_core'
   57 |   logic           allzero_err, not_allzero_char;
      |                                ^~~~~~~~~~~~~~~~
%Warning-UNUSEDSIGNAL: /tmp/flexsoc-ip-v1-release-20260914/uart-axi_lite/runs/uart/release/rtl/uart_core.sv:58:19: Signal is not driven, nor used: 'event_tx_watermark'
                                                                                                                 : ... note: In instance 'uart.u_uart_core'
   58 |   logic           event_tx_watermark, event_tx_empty, event_rx_watermark, event_tx_done;
      |                   ^~~~~~~~~~~~~~~~~~
%Warning-UNUSEDSIGNAL: /tmp/flexsoc-ip-v1-release-20260914/uart-axi_lite/runs/uart/release/rtl/uart_core.sv:58:39: Signal is not driven, nor used: 'event_tx_empty'
                                                                                                                 : ... note: In instance 'uart.u_uart_core'
   58 |   logic           event_tx_watermark, event_tx_empty, event_rx_watermark, event_tx_done;
      |                                       ^~~~~~~~~~~~~~
%Warning-UNUSEDSIGNAL: /tmp/flexsoc-ip-v1-release-20260914/uart-axi_lite/runs/uart/release/rtl/uart_core.sv:58:55: Signal is not driven, nor used: 'event_rx_watermark'
                                                                                                                 : ... note: In instance 'uart.u_uart_core'
   58 |   logic           event_tx_watermark, event_tx_empty, event_rx_watermark, event_tx_done;
      |                                                       ^~~~~~~~~~~~~~~~~~
%Warning-UNUSEDSIGNAL: /tmp/flexsoc-ip-v1-release-20260914/uart-axi_lite/runs/uart/release/rtl/uart_core.sv:58:75: Signal is not driven, nor used: 'event_tx_done'
                                                                                                                 : ... note: In instance 'uart.u_uart_core'
   58 |   logic           event_tx_watermark, event_tx_empty, event_rx_watermark, event_tx_done;
      |                                                                           ^~~~~~~~~~~~~
%Warning-UNUSEDSIGNAL: /tmp/flexsoc-ip-v1-release-20260914/uart-axi_lite/runs/uart/release/rtl/uart_core.sv:59:19: Signal is not driven, nor used: 'event_rx_overflow'
                                                                                                                 : ... note: In instance 'uart.u_uart_core'
   59 |   logic           event_rx_overflow, event_rx_frame_err, event_rx_break_err, event_rx_timeout;
      |                   ^~~~~~~~~~~~~~~~~
%Warning-UNUSEDSIGNAL: /tmp/flexsoc-ip-v1-release-20260914/uart-axi_lite/runs/uart/release/rtl/uart_core.sv:59:58: Signal is not driven, nor used: 'event_rx_break_err'
                                                                                                                 : ... note: In instance 'uart.u_uart_core'
   59 |   logic           event_rx_overflow, event_rx_frame_err, event_rx_break_err, event_rx_timeout;
      |                                                          ^~~~~~~~~~~~~~~~~~
%Warning-UNUSEDSIGNAL: /tmp/flexsoc-ip-v1-release-20260914/uart-axi_lite/runs/uart/release/rtl/uart_core.sv:59:78: Signal is not driven, nor used: 'event_rx_timeout'
                                                                                                                 : ... note: In instance 'uart.u_uart_core'
   59 |   logic           event_rx_overflow, event_rx_frame_err, event_rx_break_err, event_rx_timeout;
      |                                                                              ^~~~~~~~~~~~~~~~
%Warning-UNUSEDSIGNAL: /tmp/flexsoc-ip-v1-release-20260914/uart-axi_lite/runs/uart/release/rtl/uart_core.sv:61:19: Signal is not driven, nor used: 'tx_uart_idle_q'
                                                                                                                 : ... note: In instance 'uart.u_uart_core'
   61 |   logic           tx_uart_idle_q;
      |                   ^~~~~~~~~~~~~~
%Warning-UNUSEDSIGNAL: /home/eneadim/github/flexsoc/hw/ips/prim/prim_ff_2sync.sv:11:21: Signal is not driven, nor used: 'd_o'
                                                                                      : ... note: In instance 'uart.u_core_reset_sync'
   11 |   logic [Width-1:0] d_o;
      |                     ^~~
%Warning-UNUSEDPARAM: /tmp/flexsoc-ip-v1-release-20260914/uart-axi_lite/runs/uart/release/rtl/uart_reg_pkg.sv:17:17: Parameter is not used: 'NumRegs'
                                                                                                                   : ... note: In instance 'uart.u_uart_core.u_uart_rxfifo'
   17 |   parameter int NumRegs = 6;
      |                 ^~~~~~~
%Warning-UNUSEDPARAM: /tmp/flexsoc-ip-v1-release-20260914/uart-axi_lite/runs/uart/release/rtl/uart_reg_pkg.sv:157:25: Parameter is not used: 'UART_STATUS_RESVAL'
                                                                                                                    : ... note: In instance 'uart.u_uart_core.u_uart_rxfifo'
  157 |   parameter logic [5:0] UART_STATUS_RESVAL = 6'h 3c;
      |                         ^~~~~~~~~~~~~~~~~~
%Warning-UNUSEDPARAM: /tmp/flexsoc-ip-v1-release-20260914/uart-axi_lite/runs/uart/release/rtl/uart_reg_pkg.sv:158:25: Parameter is not used: 'UART_STATUS_TXEMPTY_RESVAL'
                                                                                                                    : ... note: In instance 'uart.u_uart_core.u_uart_rxfifo'
  158 |   parameter logic [0:0] UART_STATUS_TXEMPTY_RESVAL = 1'h 1;
      |                         ^~~~~~~~~~~~~~~~~~~~~~~~~~
%Warning-UNUSEDPARAM: /tmp/flexsoc-ip-v1-release-20260914/uart-axi_lite/runs/uart/release/rtl/uart_reg_pkg.sv:159:25: Parameter is not used: 'UART_STATUS_TXIDLE_RESVAL'
                                                                                                                    : ... note: In instance 'uart.u_uart_core.u_uart_rxfifo'
  159 |   parameter logic [0:0] UART_STATUS_TXIDLE_RESVAL = 1'h 1;
      |                         ^~~~~~~~~~~~~~~~~~~~~~~~~
%Warning-UNUSEDPARAM: /tmp/flexsoc-ip-v1-release-20260914/uart-axi_lite/runs/uart/release/rtl/uart_reg_pkg.sv:160:25: Parameter is not used: 'UART_STATUS_RXIDLE_RESVAL'
                                                                                                                    : ... note: In instance 'uart.u_uart_core.u_uart_rxfifo'
  160 |   parameter logic [0:0] UART_STATUS_RXIDLE_RESVAL = 1'h 1;
      |                         ^~~~~~~~~~~~~~~~~~~~~~~~~
%Warning-UNUSEDPARAM: /tmp/flexsoc-ip-v1-release-20260914/uart-axi_lite/runs/uart/release/rtl/uart_reg_pkg.sv:161:25: Parameter is not used: 'UART_STATUS_RXEMPTY_RESVAL'
                                                                                                                    : ... note: In instance 'uart.u_uart_core.u_uart_rxfifo'
  161 |   parameter logic [0:0] UART_STATUS_RXEMPTY_RESVAL = 1'h 1;
      |                         ^~~~~~~~~~~~~~~~~~~~~~~~~~
%Warning-UNUSEDPARAM: /tmp/flexsoc-ip-v1-release-20260914/uart-axi_lite/runs/uart/release/rtl/uart_reg_pkg.sv:162:25: Parameter is not used: 'UART_RDATA_RESVAL'
                                                                                                                    : ... note: In instance 'uart.u_uart_core.u_uart_rxfifo'
  162 |   parameter logic [7:0] UART_RDATA_RESVAL = 8'h 0;
      |                         ^~~~~~~~~~~~~~~~~
%Warning-UNUSEDPARAM: /tmp/flexsoc-ip-v1-release-20260914/uart-axi_lite/runs/uart/release/rtl/uart_reg_pkg.sv:163:26: Parameter is not used: 'UART_FIFO_STATUS_RESVAL'
                                                                                                                    : ... note: In instance 'uart.u_uart_core.u_uart_rxfifo'
  163 |   parameter logic [23:0] UART_FIFO_STATUS_RESVAL = 24'h 0;
      |                          ^~~~~~~~~~~~~~~~~~~~~~~
%Warning-UNUSEDSIGNAL: /home/eneadim/github/flexsoc/vendor/pulp/common_cells/src/fifo_v3.sv:24:19: Signal is not used: 'testmode_i'
                                                                                                 : ... note: In instance 'uart.u_uart_reg.u_flexsoc_axi_to_reg.i_fifo_write_req'
   24 |     input  logic  testmode_i,        
      |                   ^~~~~~~~~~
%Warning-UNUSEDPARAM: /home/eneadim/github/flexsoc/hw/ips/prim_opentitan/prim_onehot_check.sv:26:26: Parameter is not used: 'AddrCheck'
                                                                                                   : ... note: In instance 'uart.u_uart_reg.u_reg_core.u_prim_reg_we_check.u_prim_onehot_check'
   26 |   parameter bit          AddrCheck   = 1,
      |                          ^~~~~~~~~
%Warning-UNUSEDPARAM: /home/eneadim/github/flexsoc/hw/ips/prim_opentitan/prim_onehot_check.sv:28:26: Parameter is not used: 'EnableCheck'
                                                                                                   : ... note: In instance 'uart.u_uart_reg.u_reg_core.u_prim_reg_we_check.u_prim_onehot_check'
   28 |   parameter bit          EnableCheck = 1,
      |                          ^~~~~~~~~~~
%Warning-UNUSEDPARAM: /home/eneadim/github/flexsoc/hw/ips/prim_opentitan/prim_onehot_check.sv:31:26: Parameter is not used: 'StrictCheck'
                                                                                                   : ... note: In instance 'uart.u_uart_reg.u_reg_core.u_prim_reg_we_check.u_prim_onehot_check'
   31 |   parameter bit          StrictCheck = 1,
      |                          ^~~~~~~~~~~
%Warning-UNUSEDPARAM: /home/eneadim/github/flexsoc/hw/ips/prim_opentitan/prim_onehot_check.sv:34:17: Parameter is not used: 'EnableAlertTriggerSVA'
                                                                                                   : ... note: In instance 'uart.u_uart_reg.u_reg_core.u_prim_reg_we_check.u_prim_onehot_check'
   34 |   parameter bit EnableAlertTriggerSVA = 1
      |                 ^~~~~~~~~~~~~~~~~~~~~
%Warning-UNUSEDSIGNAL: /home/eneadim/github/flexsoc/hw/ips/prim_opentitan/prim_onehot_check.sv:37:34: Signal is not used: 'clk_i'
                                                                                                    : ... note: In instance 'uart.u_uart_reg.u_reg_core.u_prim_reg_we_check.u_prim_onehot_check'
   37 |   input                          clk_i,
      |                                  ^~~~~
%Warning-UNUSEDSIGNAL: /home/eneadim/github/flexsoc/hw/ips/prim_opentitan/prim_onehot_check.sv:38:34: Signal is not used: 'rst_ni'
                                                                                                    : ... note: In instance 'uart.u_uart_reg.u_reg_core.u_prim_reg_we_check.u_prim_onehot_check'
   38 |   input                          rst_ni,
      |                                  ^~~~~~
%Warning-UNUSEDSIGNAL: /home/eneadim/github/flexsoc/hw/ips/prim_opentitan/prim_onehot_check.sv:42:34: Signal is not used: 'en_i'
                                                                                                    : ... note: In instance 'uart.u_uart_reg.u_reg_core.u_prim_reg_we_check.u_prim_onehot_check'
   42 |   input  logic                   en_i,
      |                                  ^~~~
%Warning-UNDRIVEN: /home/eneadim/github/flexsoc/hw/ips/prim_opentitan/prim_onehot_check.sv:44:34: Signal is not driven: 'err_o'
                                                                                                : ... note: In instance 'uart.u_uart_reg.u_reg_core.u_prim_reg_we_check.u_prim_onehot_check'
   44 |   output logic                   err_o
      |                                  ^~~~~
                   ... For warning description see https://verilator.org/warn/UNDRIVEN?v=5.050
                   ... Use "/* verilator lint_off UNDRIVEN */" and lint_on around source to disable this message.
%Warning-UNUSEDSIGNAL: /home/eneadim/github/flexsoc/vendor/pulp/common_cells/src/rr_arb_tree.sv:93:31: Signal is not used: 'rr_i'
                                                                                                     : ... note: In instance 'uart.u_uart_reg.u_flexsoc_axi_to_reg.i_stream_arbiter.i_arb.gen_rr_arb.i_arbiter'
   93 |   input  idx_t                rr_i,
      |                               ^~~~
%Warning-UNUSEDSIGNAL: /home/eneadim/github/flexsoc/vendor/pulp/common_cells/src/rr_arb_tree.sv:205:40: Signal is not driven, nor used: 'lower_empty'
                                                                                                      : ... note: In instance 'uart.u_uart_reg.u_flexsoc_axi_to_reg.i_stream_arbiter.i_arb.gen_rr_arb.i_arbiter'
  205 |         logic             upper_empty, lower_empty;
      |                                        ^~~~~~~~~~~
%Warning-UNUSEDSIGNAL: /home/eneadim/github/flexsoc/vendor/pulp/common_cells/src/lzc.sv:59:30: Bits of signal are not driven, nor used: 'sel_nodes'[1]
                                                                                             : ... note: In instance 'uart.u_uart_reg.u_flexsoc_axi_to_reg.i_stream_arbiter.i_arb.gen_rr_arb.i_arbiter.gen_arbiter.gen_int_rr.gen_fair_arb.i_lzc_lower'
   59 |     logic [2**NumLevels-1:0] sel_nodes;
      |                              ^~~~~~~~~
%Warning-UNUSEDSIGNAL: /home/eneadim/github/flexsoc/vendor/pulp/common_cells/src/lzc.sv:60:45: Bits of signal are not driven, nor used: 'index_nodes'[1]
                                                                                             : ... note: In instance 'uart.u_uart_reg.u_flexsoc_axi_to_reg.i_stream_arbiter.i_arb.gen_rr_arb.i_arbiter.gen_arbiter.gen_int_rr.gen_fair_arb.i_lzc_lower'
   60 |     logic [2**NumLevels-1:0][NumLevels-1:0] index_nodes;
      |                                             ^~~~~~~~~~~
%Warning-UNSIGNED: /home/eneadim/github/flexsoc/vendor/pulp/common_cells/src/rr_arb_tree.sv:208:37: Comparison is constant due to unsigned arithmetic
                                                                                                  : ... note: In instance 'uart.u_uart_reg.u_flexsoc_axi_to_reg.i_stream_arbiter.i_arb.gen_rr_arb.i_arbiter'
  208 |           assign upper_mask[i] = (i >  rr_q) ? req_d[i] : 1'b0;
      |                                     ^
                   ... For warning description see https://verilator.org/warn/UNSIGNED?v=5.050
                   ... Use "/* verilator lint_off UNSIGNED */" and lint_on around source to disable this message.
%Warning-UNSIGNED: /home/eneadim/github/flexsoc/vendor/pulp/common_cells/src/rr_arb_tree.sv:209:37: Comparison is constant due to unsigned arithmetic
                                                                                                  : ... note: In instance 'uart.u_uart_reg.u_flexsoc_axi_to_reg.i_stream_arbiter.i_arb.gen_rr_arb.i_arbiter'
  209 |           assign lower_mask[i] = (i <= rr_q) ? req_d[i] : 1'b0;
      |                                     ^~
- V e r i l a t i o n   R e p o r t: Verilator 5.050 2026-07-01 rev v5.050
- Verilator: Built from 4.037 MB sources in 35 modules, into 0.193 MB in 3 C++ files needing 0.000 MB
- Verilator: Walltime 0.117 s (elab=0.027, cvt=0.044, bld=0.000); cpu 0.113 s on 1 threads; allocated 42.598 MB
