analysis=power_analysis corner=ff stage=post_syn
workload=rx_fifo_sv_ff
gls_report=/tmp/flexsoc-repack/uart/runs/uart/dev/dv/functional/sim/post_syn/sky130/uart_post_syn_rx_fifo_sv_ff.json
activity_file=/tmp/flexsoc-repack/uart/runs/uart/dev/signoff/sky130/power/activity/captures/uart_sky130_rx_fifo_sv_ff.vcd
activity_scope=uart_tb/u_uart
liberty=/home/eneadim/github/flexsoc/.flexsoc/pdks/ciel/sky130/versions/f6eeac7dad085ffcc829ccfd721f7b4ce39edcf7/sky130A/libs.ref/sky130_fd_sc_hd/lib/sky130_fd_sc_hd__ff_n40C_1v95_ccsnoise.lib
netlist=/tmp/flexsoc-repack/uart/runs/uart/dev/syn/sky130/uart_synth.v
sdc=/tmp/flexsoc-repack/uart/runs/uart/dev/constraints/uart.sdc
spef=

=== Units ===
 time 1ns
 capacitance 1pF
 resistance 1kohm
 voltage 1v
 current 1mA
 power 1nW
 distance 1um

=== Constraint validation ===

=== Activity annotation ===
annotated_percent=100.00%
Unannotated pins: none

=== Power summary ===
Group                  Internal  Switching    Leakage      Total
                          Power      Power      Power      Power (Watts)
----------------------------------------------------------------
Sequential             1.79e-03   6.55e-06   6.63e-09   1.80e-03  98.6%
Combinational          1.13e-05   1.43e-05   4.30e-09   2.56e-05   1.4%
Clock                  0.00e+00   0.00e+00   0.00e+00   0.00e+00   0.0%
Macro                  0.00e+00   0.00e+00   0.00e+00   0.00e+00   0.0%
Pad                    0.00e+00   0.00e+00   0.00e+00   0.00e+00   0.0%
----------------------------------------------------------------
Total                  1.80e-03   2.08e-05   1.09e-08   1.82e-03 100.0%
                          98.9%       1.1%       0.0%

=== FlexSoC normalized power fields ===
dynamic_power_definition=internal_power+switching_power
power_unit=OpenSTA report unit; see Units section
internal_power=0.0018
switching_power=2.08e-05
dynamic_power=0.0018208
leakage_power=1.09e-08
total_power=0.00182
