analysis=power_analysis corner=tt stage=post_syn
workload=corners_sv_tt
gls_report=/tmp/flexsoc-repack/uart_master/runs/uart_master/dev/dv/functional/sim/post_syn/ihp-sg13g2/uart_master_post_syn_corners_sv_tt.json
activity_file=/tmp/flexsoc-repack/uart_master/runs/uart_master/dev/signoff/ihp-sg13g2/power/activity/captures/uart_master_ihp-sg13g2_corners_sv_tt.vcd
activity_scope=uart_master_tb/u_uart_master
liberty=/home/eneadim/github/flexsoc/.flexsoc/pdks/ihp-sg13g2/ihp-sg13g2/libs.ref/sg13g2_stdcell/lib/sg13g2_stdcell_typ_1p50V_25C.lib
netlist=/tmp/flexsoc-repack/uart_master/runs/uart_master/dev/syn/ihp-sg13g2/uart_master_synth.v
sdc=/tmp/flexsoc-repack/uart_master/runs/uart_master/dev/constraints/uart_master.sdc
spef=

=== Units ===
 time 1ns
 capacitance 1pF
 resistance 1kohm
 voltage 1v
 current 1uA
 power 1pW
 distance 1um

=== Constraint validation ===

=== Activity annotation ===
annotated_percent=100.00%
Unannotated pins: none

=== Power summary ===
Group                  Internal  Switching    Leakage      Total
                          Power      Power      Power      Power (Watts)
----------------------------------------------------------------
Sequential             4.23e-03   5.20e-06   7.31e-07   4.24e-03  99.4%
Combinational          1.20e-05   1.10e-05   6.45e-07   2.36e-05   0.6%
Clock                  0.00e+00   0.00e+00   0.00e+00   0.00e+00   0.0%
Macro                  0.00e+00   0.00e+00   0.00e+00   0.00e+00   0.0%
Pad                    0.00e+00   0.00e+00   0.00e+00   0.00e+00   0.0%
----------------------------------------------------------------
Total                  4.24e-03   1.62e-05   1.38e-06   4.26e-03 100.0%
                          99.6%       0.4%       0.0%

=== FlexSoC normalized power fields ===
dynamic_power_definition=internal_power+switching_power
power_unit=OpenSTA report unit; see Units section
internal_power=0.00424
switching_power=1.62e-05
dynamic_power=0.0042562
leakage_power=1.38e-06
total_power=0.00426
