analysis=power_analysis corner=tt stage=post_syn
workload=corners_sv_tt
gls_report=/home/eneadim/github/flexsoc/workspace/runs/cordic/dev/dv/functional/sim/post_syn/sky130/cordic_post_syn_corners_sv_tt.json
activity_file=/home/eneadim/github/flexsoc/workspace/runs/cordic/dev/signoff/sky130/power/activity/captures/cordic_sky130_corners_sv_tt.vcd
activity_scope=cordic_tb/u_cordic
liberty=/home/eneadim/github/flexsoc/.flexsoc/pdks/ciel/sky130/versions/f6eeac7dad085ffcc829ccfd721f7b4ce39edcf7/sky130A/libs.ref/sky130_fd_sc_hd/lib/sky130_fd_sc_hd__tt_100C_1v80.lib
netlist=/home/eneadim/github/flexsoc/workspace/runs/cordic/dev/syn/sky130/cordic_synth.v
sdc=/home/eneadim/github/flexsoc/workspace/runs/cordic/dev/signoff/sky130/cordic.sdc
spef=

=== Units ===
 time 1ns
 capacitance 1pF
 resistance 1kohm
 voltage 1v
 current 1mA
 power 1nW
 distance 1um

=== Constraint validation ===

=== Activity annotation ===
annotated_percent=100.00%
Unannotated pins: none

=== Power summary ===
Group                  Internal  Switching    Leakage      Total
                          Power      Power      Power      Power (Watts)
----------------------------------------------------------------
Sequential             1.23e-03   3.59e-06   1.11e-06   1.23e-03  94.5%
Combinational          3.24e-05   3.82e-05   1.23e-06   7.18e-05   5.5%
Clock                  0.00e+00   0.00e+00   0.00e+00   0.00e+00   0.0%
Macro                  0.00e+00   0.00e+00   0.00e+00   0.00e+00   0.0%
Pad                    0.00e+00   0.00e+00   0.00e+00   0.00e+00   0.0%
----------------------------------------------------------------
Total                  1.26e-03   4.18e-05   2.34e-06   1.31e-03 100.0%
                          96.6%       3.2%       0.2%

=== Highest-power instances ===
   Internal  Switching    Leakage      Total
      Power      Power      Power      Power (Watts)
--------------------------------------------
   4.32e-06   1.48e-06   3.94e-09   5.80e-06 _4602_
   4.25e-06   4.02e-07   3.94e-09   4.66e-06 _4603_
   4.22e-06   1.59e-07   3.94e-09   4.39e-06 _4604_
   4.33e-06   3.71e-08   3.93e-09   4.37e-06 _4592_
   4.20e-06   1.38e-07   3.89e-09   4.34e-06 _4712_
   4.25e-06   4.27e-08   3.95e-09   4.30e-06 _4622_
   4.26e-06   3.24e-08   3.95e-09   4.30e-06 _4618_
   4.26e-06   3.57e-08   3.95e-09   4.30e-06 _4621_
   4.26e-06   3.96e-08   3.95e-09   4.30e-06 _4612_
   4.26e-06   3.24e-08   3.95e-09   4.30e-06 _4610_
   4.26e-06   3.03e-08   3.96e-09   4.29e-06 _4616_
   4.26e-06   2.12e-08   3.95e-09   4.29e-06 _4619_
   4.26e-06   2.15e-08   3.95e-09   4.28e-06 _4620_
   4.23e-06   4.23e-08   3.59e-09   4.28e-06 _4623_
   4.25e-06   2.23e-08   3.95e-09   4.27e-06 _4614_
   4.25e-06   1.98e-08   3.95e-09   4.27e-06 _4617_
   4.25e-06   1.21e-08   3.95e-09   4.27e-06 _4615_
   4.25e-06   1.81e-08   3.96e-09   4.27e-06 _4613_
   4.24e-06   2.98e-08   3.97e-09   4.27e-06 _4644_
   4.24e-06   2.63e-08   3.94e-09   4.27e-06 _4608_

=== FlexSoC normalized power fields ===
dynamic_power_definition=internal_power+switching_power
power_unit=OpenSTA report unit; see Units section
internal_power=0.00126
switching_power=4.18e-05
dynamic_power=0.0013018
leakage_power=2.34e-06
total_power=0.00131
