analysis=fusion_analysis corner=tt mode=setup stage=post_syn
workload=noise_filter_sv_tt
methodology=staged_public_opensta
path_power_semantics=average_instance_power_in_same_analysis_context
activity_file=/home/eneadim/github/flexsoc/workspace/runs/uart/dev/signoff/ihp-sg13g2/power/activity/captures/uart_ihp-sg13g2_noise_filter_sv_tt.vcd
activity_scope=uart_tb/u_uart
liberty=/home/eneadim/github/flexsoc/.flexsoc/pdks/ihp-sg13g2/ihp-sg13g2/libs.ref/sg13g2_stdcell/lib/sg13g2_stdcell_typ_1p50V_25C.lib
netlist=/home/eneadim/github/flexsoc/workspace/runs/uart/dev/syn/ihp-sg13g2/uart_synth.v
sdc=/home/eneadim/github/flexsoc/workspace/runs/uart/dev/signoff/ihp-sg13g2/uart.sdc
spef=

=== Units ===
 time 1ns
 capacitance 1pF
 resistance 1kohm
 voltage 1v
 current 1uA
 power 1pW
 distance 1um

=== Constraint validation ===

=== Timing summary ===
wns max wns max 0.00
tns max tns max 0.00

=== Power summary ===
Group                  Internal  Switching    Leakage      Total
                          Power      Power      Power      Power (Watts)
----------------------------------------------------------------
Sequential             2.96e-03   2.56e-06   4.78e-07   2.97e-03  99.6%
Combinational          5.32e-06   4.82e-06   4.51e-07   1.06e-05   0.4%
Clock                  0.00e+00   0.00e+00   0.00e+00   0.00e+00   0.0%
Macro                  0.00e+00   0.00e+00   0.00e+00   0.00e+00   0.0%
Pad                    0.00e+00   0.00e+00   0.00e+00   0.00e+00   0.0%
----------------------------------------------------------------
Total                  2.97e-03   7.38e-06   9.28e-07   2.98e-03 100.0%
                          99.7%       0.2%       0.0%

=== Worst timing paths (violated or met) ===
Startpoint: tl_i[108] (input port clocked by core)
Endpoint: _3092_ (rising edge-triggered flip-flop clocked by core)
Path Group: core
Path Type: max

Fanout         Cap        Slew       Delay        Time   Description
---------------------------------------------------------------------------------------------
                      0.000000    0.000000    0.000000   clock core (rise edge)
                                  0.000000    0.000000   clock network delay (ideal)
                                  2.000000    2.000000 ^ input external delay
     1    0.003664    0.000000    0.000000    2.000000 ^ tl_i[108] (in)
                                                         tl_i[108] (net)
                      0.000000    0.000000    2.000000 ^ _1549_/B (sg13g2_nand2_1)
    42    0.172678    0.650331    0.490436    2.490436 v _1549_/Y (sg13g2_nand2_1)
                                                         _1316_ (net)
                      0.650331    0.000000    2.490436 v _1564_/C (sg13g2_nor3_1)
     2    0.007042    0.166142    0.188468    2.678904 ^ _1564_/Y (sg13g2_nor3_1)
                                                         _1323_ (net)
                      0.166142    0.000000    2.678904 ^ _1565_/A (sg13g2_inv_1)
     2    0.006909    0.043924    0.049560    2.728464 v _1565_/Y (sg13g2_inv_1)
                                                         _1324_ (net)
                      0.043924    0.000000    2.728464 v _2179_/B (sg13g2_nor2_1)
     2    0.006876    0.058298    0.056041    2.784505 ^ _2179_/Y (sg13g2_nor2_1)
                                                         _0784_ (net)
                      0.058298    0.000000    2.784505 ^ _2184_/A (sg13g2_inv_1)
     3    0.010389    0.035049    0.040838    2.825343 v _2184_/Y (sg13g2_inv_1)
                                                         _0789_ (net)
                      0.035049    0.000000    2.825343 v _2362_/B (sg13g2_nor3_1)
    43    0.182735    1.600451    1.149198    3.974541 ^ _2362_/Y (sg13g2_nor3_1)
                                                         _0900_ (net)
                      1.600451    0.000000    3.974541 ^ _2692_/S (sg13g2_mux2_2)
     1    0.001756    0.048442    0.264246    4.238787 v _2692_/X (sg13g2_mux2_2)
                                                         _0310_ (net)
                      0.048442    0.000000    4.238787 v _3092_/D (sg13g2_dfrbpq_1)
                                              4.238787   data arrival time

                      0.000000   10.000000   10.000000   clock core (rise edge)
                                  0.000000   10.000000   clock network delay (ideal)
                                  0.000000   10.000000   clock reconvergence pessimism
                                             10.000000 ^ _3092_/CLK (sg13g2_dfrbpq_1)
                                 -0.078564    9.921436   library setup time
                                              9.921436   data required time
---------------------------------------------------------------------------------------------
                                              9.921436   data required time
                                             -4.238787   data arrival time
---------------------------------------------------------------------------------------------
                                              5.682650   slack (MET)


Startpoint: tl_i[108] (input port clocked by core)
Endpoint: _3093_ (rising edge-triggered flip-flop clocked by core)
Path Group: core
Path Type: max

Fanout         Cap        Slew       Delay        Time   Description
---------------------------------------------------------------------------------------------
                      0.000000    0.000000    0.000000   clock core (rise edge)
                                  0.000000    0.000000   clock network delay (ideal)
                                  2.000000    2.000000 ^ input external delay
     1    0.003664    0.000000    0.000000    2.000000 ^ tl_i[108] (in)
                                                         tl_i[108] (net)
                      0.000000    0.000000    2.000000 ^ _1549_/B (sg13g2_nand2_1)
    42    0.172678    0.650331    0.490436    2.490436 v _1549_/Y (sg13g2_nand2_1)
                                                         _1316_ (net)
                      0.650331    0.000000    2.490436 v _1564_/C (sg13g2_nor3_1)
     2    0.007042    0.166142    0.188468    2.678904 ^ _1564_/Y (sg13g2_nor3_1)
                                                         _1323_ (net)
                      0.166142    0.000000    2.678904 ^ _1565_/A (sg13g2_inv_1)
     2    0.006909    0.043924    0.049560    2.728464 v _1565_/Y (sg13g2_inv_1)
                                                         _1324_ (net)
                      0.043924    0.000000    2.728464 v _2179_/B (sg13g2_nor2_1)
     2    0.006876    0.058298    0.056041    2.784505 ^ _2179_/Y (sg13g2_nor2_1)
                                                         _0784_ (net)
                      0.058298    0.000000    2.784505 ^ _2184_/A (sg13g2_inv_1)
     3    0.010389    0.035049    0.040838    2.825343 v _2184_/Y (sg13g2_inv_1)
                                                         _0789_ (net)
                      0.035049    0.000000    2.825343 v _2362_/B (sg13g2_nor3_1)
    43    0.182735    1.600451    1.149198    3.974541 ^ _2362_/Y (sg13g2_nor3_1)
                                                         _0900_ (net)
                      1.600451    0.000000    3.974541 ^ _2672_/S (sg13g2_mux2_2)
     1    0.001756    0.048442    0.264246    4.238787 v _2672_/X (sg13g2_mux2_2)
                                                         _0302_ (net)
                      0.048442    0.000000    4.238787 v _3093_/D (sg13g2_dfrbpq_1)
                                              4.238787   data arrival time

                      0.000000   10.000000   10.000000   clock core (rise edge)
                                  0.000000   10.000000   clock network delay (ideal)
                                  0.000000   10.000000   clock reconvergence pessimism
                                             10.000000 ^ _3093_/CLK (sg13g2_dfrbpq_1)
                                 -0.078564    9.921436   library setup time
                                              9.921436   data required time
---------------------------------------------------------------------------------------------
                                              9.921436   data required time
                                             -4.238787   data arrival time
---------------------------------------------------------------------------------------------
                                              5.682650   slack (MET)


Startpoint: tl_i[108] (input port clocked by core)
Endpoint: _3114_ (rising edge-triggered flip-flop clocked by core)
Path Group: core
Path Type: max

Fanout         Cap        Slew       Delay        Time   Description
---------------------------------------------------------------------------------------------
                      0.000000    0.000000    0.000000   clock core (rise edge)
                                  0.000000    0.000000   clock network delay (ideal)
                                  2.000000    2.000000 ^ input external delay
     1    0.003664    0.000000    0.000000    2.000000 ^ tl_i[108] (in)
                                                         tl_i[108] (net)
                      0.000000    0.000000    2.000000 ^ _1549_/B (sg13g2_nand2_1)
    42    0.172678    0.650331    0.490436    2.490436 v _1549_/Y (sg13g2_nand2_1)
                                                         _1316_ (net)
                      0.650331    0.000000    2.490436 v _1564_/C (sg13g2_nor3_1)
     2    0.007042    0.166142    0.188468    2.678904 ^ _1564_/Y (sg13g2_nor3_1)
                                                         _1323_ (net)
                      0.166142    0.000000    2.678904 ^ _1565_/A (sg13g2_inv_1)
     2    0.006909    0.043924    0.049560    2.728464 v _1565_/Y (sg13g2_inv_1)
                                                         _1324_ (net)
                      0.043924    0.000000    2.728464 v _2179_/B (sg13g2_nor2_1)
     2    0.006876    0.058298    0.056041    2.784505 ^ _2179_/Y (sg13g2_nor2_1)
                                                         _0784_ (net)
                      0.058298    0.000000    2.784505 ^ _2184_/A (sg13g2_inv_1)
     3    0.010389    0.035049    0.040838    2.825343 v _2184_/Y (sg13g2_inv_1)
                                                         _0789_ (net)
                      0.035049    0.000000    2.825343 v _2362_/B (sg13g2_nor3_1)
    43    0.182735    1.600451    1.149198    3.974541 ^ _2362_/Y (sg13g2_nor3_1)
                                                         _0900_ (net)
                      1.600451    0.000000    3.974541 ^ _2687_/S (sg13g2_mux2_2)
     1    0.001756    0.048442    0.264246    4.238787 v _2687_/X (sg13g2_mux2_2)
                                                         _0308_ (net)
                      0.048442    0.000000    4.238787 v _3114_/D (sg13g2_dfrbpq_1)
                                              4.238787   data arrival time

                      0.000000   10.000000   10.000000   clock core (rise edge)
                                  0.000000   10.000000   clock network delay (ideal)
                                  0.000000   10.000000   clock reconvergence pessimism
                                             10.000000 ^ _3114_/CLK (sg13g2_dfrbpq_1)
                                 -0.078564    9.921436   library setup time
                                              9.921436   data required time
---------------------------------------------------------------------------------------------
                                              9.921436   data required time
                                             -4.238787   data arrival time
---------------------------------------------------------------------------------------------
                                              5.682650   slack (MET)


Startpoint: tl_i[108] (input port clocked by core)
Endpoint: _3081_ (rising edge-triggered flip-flop clocked by core)
Path Group: core
Path Type: max

Fanout         Cap        Slew       Delay        Time   Description
---------------------------------------------------------------------------------------------
                      0.000000    0.000000    0.000000   clock core (rise edge)
                                  0.000000    0.000000   clock network delay (ideal)
                                  2.000000    2.000000 ^ input external delay
     1    0.003664    0.000000    0.000000    2.000000 ^ tl_i[108] (in)
                                                         tl_i[108] (net)
                      0.000000    0.000000    2.000000 ^ _1549_/B (sg13g2_nand2_1)
    42    0.172678    0.650331    0.490436    2.490436 v _1549_/Y (sg13g2_nand2_1)
                                                         _1316_ (net)
                      0.650331    0.000000    2.490436 v _1564_/C (sg13g2_nor3_1)
     2    0.007042    0.166142    0.188468    2.678904 ^ _1564_/Y (sg13g2_nor3_1)
                                                         _1323_ (net)
                      0.166142    0.000000    2.678904 ^ _1565_/A (sg13g2_inv_1)
     2    0.006909    0.043924    0.049560    2.728464 v _1565_/Y (sg13g2_inv_1)
                                                         _1324_ (net)
                      0.043924    0.000000    2.728464 v _2179_/B (sg13g2_nor2_1)
     2    0.006876    0.058298    0.056041    2.784505 ^ _2179_/Y (sg13g2_nor2_1)
                                                         _0784_ (net)
                      0.058298    0.000000    2.784505 ^ _2184_/A (sg13g2_inv_1)
     3    0.010389    0.035049    0.040838    2.825343 v _2184_/Y (sg13g2_inv_1)
                                                         _0789_ (net)
                      0.035049    0.000000    2.825343 v _2362_/B (sg13g2_nor3_1)
    43    0.182735    1.600451    1.149198    3.974541 ^ _2362_/Y (sg13g2_nor3_1)
                                                         _0900_ (net)
                      1.600451    0.000000    3.974541 ^ _2712_/A (sg13g2_nand2_1)
     1    0.003654    0.166876    0.127292    4.101833 v _2712_/Y (sg13g2_nand2_1)
                                                         _1152_ (net)
                      0.166876    0.000000    4.101833 v _2713_/B1 (sg13g2_o21ai_1)
     1    0.001767    0.084844    0.046244    4.148077 ^ _2713_/Y (sg13g2_o21ai_1)
                                                         _0319_ (net)
                      0.084844    0.000000    4.148077 ^ _3081_/D (sg13g2_dfrbpq_1)
                                              4.148077   data arrival time

                      0.000000   10.000000   10.000000   clock core (rise edge)
                                  0.000000   10.000000   clock network delay (ideal)
                                  0.000000   10.000000   clock reconvergence pessimism
                                             10.000000 ^ _3081_/CLK (sg13g2_dfrbpq_1)
                                 -0.083314    9.916686   library setup time
                                              9.916686   data required time
---------------------------------------------------------------------------------------------
                                              9.916686   data required time
                                             -4.148077   data arrival time
---------------------------------------------------------------------------------------------
                                              5.768610   slack (MET)


Startpoint: tl_i[108] (input port clocked by core)
Endpoint: _3098_ (rising edge-triggered flip-flop clocked by core)
Path Group: core
Path Type: max

Fanout         Cap        Slew       Delay        Time   Description
---------------------------------------------------------------------------------------------
                      0.000000    0.000000    0.000000   clock core (rise edge)
                                  0.000000    0.000000   clock network delay (ideal)
                                  2.000000    2.000000 ^ input external delay
     1    0.003664    0.000000    0.000000    2.000000 ^ tl_i[108] (in)
                                                         tl_i[108] (net)
                      0.000000    0.000000    2.000000 ^ _1549_/B (sg13g2_nand2_1)
    42    0.172678    0.650331    0.490436    2.490436 v _1549_/Y (sg13g2_nand2_1)
                                                         _1316_ (net)
                      0.650331    0.000000    2.490436 v _1564_/C (sg13g2_nor3_1)
     2    0.007042    0.166142    0.188468    2.678904 ^ _1564_/Y (sg13g2_nor3_1)
                                                         _1323_ (net)
                      0.166142    0.000000    2.678904 ^ _1565_/A (sg13g2_inv_1)
     2    0.006909    0.043924    0.049560    2.728464 v _1565_/Y (sg13g2_inv_1)
                                                         _1324_ (net)
                      0.043924    0.000000    2.728464 v _2179_/B (sg13g2_nor2_1)
     2    0.006876    0.058298    0.056041    2.784505 ^ _2179_/Y (sg13g2_nor2_1)
                                                         _0784_ (net)
                      0.058298    0.000000    2.784505 ^ _2184_/A (sg13g2_inv_1)
     3    0.010389    0.035049    0.040838    2.825343 v _2184_/Y (sg13g2_inv_1)
                                                         _0789_ (net)
                      0.035049    0.000000    2.825343 v _2362_/B (sg13g2_nor3_1)
    43    0.182735    1.600451    1.149198    3.974541 ^ _2362_/Y (sg13g2_nor3_1)
                                                         _0900_ (net)
                      1.600451    0.000000    3.974541 ^ _2683_/A (sg13g2_nand2_1)
     1    0.003654    0.166876    0.127292    4.101833 v _2683_/Y (sg13g2_nand2_1)
                                                         _1140_ (net)
                      0.166876    0.000000    4.101833 v _2684_/B1 (sg13g2_o21ai_1)
     1    0.001767    0.084844    0.046244    4.148077 ^ _2684_/Y (sg13g2_o21ai_1)
                                                         _0307_ (net)
                      0.084844    0.000000    4.148077 ^ _3098_/D (sg13g2_dfrbpq_1)
                                              4.148077   data arrival time

                      0.000000   10.000000   10.000000   clock core (rise edge)
                                  0.000000   10.000000   clock network delay (ideal)
                                  0.000000   10.000000   clock reconvergence pessimism
                                             10.000000 ^ _3098_/CLK (sg13g2_dfrbpq_1)
                                 -0.083314    9.916686   library setup time
                                              9.916686   data required time
---------------------------------------------------------------------------------------------
                                              9.916686   data required time
                                             -4.148077   data arrival time
---------------------------------------------------------------------------------------------
                                              5.768610   slack (MET)


Startpoint: tl_i[108] (input port clocked by core)
Endpoint: _3106_ (rising edge-triggered flip-flop clocked by core)
Path Group: core
Path Type: max

Fanout         Cap        Slew       Delay        Time   Description
---------------------------------------------------------------------------------------------
                      0.000000    0.000000    0.000000   clock core (rise edge)
                                  0.000000    0.000000   clock network delay (ideal)
                                  2.000000    2.000000 ^ input external delay
     1    0.003664    0.000000    0.000000    2.000000 ^ tl_i[108] (in)
                                                         tl_i[108] (net)
                      0.000000    0.000000    2.000000 ^ _1549_/B (sg13g2_nand2_1)
    42    0.172678    0.650331    0.490436    2.490436 v _1549_/Y (sg13g2_nand2_1)
                                                         _1316_ (net)
                      0.650331    0.000000    2.490436 v _1564_/C (sg13g2_nor3_1)
     2    0.007042    0.166142    0.188468    2.678904 ^ _1564_/Y (sg13g2_nor3_1)
                                                         _1323_ (net)
                      0.166142    0.000000    2.678904 ^ _1565_/A (sg13g2_inv_1)
     2    0.006909    0.043924    0.049560    2.728464 v _1565_/Y (sg13g2_inv_1)
                                                         _1324_ (net)
                      0.043924    0.000000    2.728464 v _2179_/B (sg13g2_nor2_1)
     2    0.006876    0.058298    0.056041    2.784505 ^ _2179_/Y (sg13g2_nor2_1)
                                                         _0784_ (net)
                      0.058298    0.000000    2.784505 ^ _2184_/A (sg13g2_inv_1)
     3    0.010389    0.035049    0.040838    2.825343 v _2184_/Y (sg13g2_inv_1)
                                                         _0789_ (net)
                      0.035049    0.000000    2.825343 v _2362_/B (sg13g2_nor3_1)
    43    0.182735    1.600451    1.149198    3.974541 ^ _2362_/Y (sg13g2_nor3_1)
                                                         _0900_ (net)
                      1.600451    0.000000    3.974541 ^ _2377_/A (sg13g2_nand2_1)
     1    0.003654    0.166876    0.127292    4.101833 v _2377_/Y (sg13g2_nand2_1)
                                                         _0908_ (net)
                      0.166876    0.000000    4.101833 v _2378_/B1 (sg13g2_o21ai_1)
     1    0.001767    0.084844    0.046244    4.148077 ^ _2378_/Y (sg13g2_o21ai_1)
                                                         _0238_ (net)
                      0.084844    0.000000    4.148077 ^ _3106_/D (sg13g2_dfrbpq_1)
                                              4.148077   data arrival time

                      0.000000   10.000000   10.000000   clock core (rise edge)
                                  0.000000   10.000000   clock network delay (ideal)
                                  0.000000   10.000000   clock reconvergence pessimism
                                             10.000000 ^ _3106_/CLK (sg13g2_dfrbpq_1)
                                 -0.083314    9.916686   library setup time
                                              9.916686   data required time
---------------------------------------------------------------------------------------------
                                              9.916686   data required time
                                             -4.148077   data arrival time
---------------------------------------------------------------------------------------------
                                              5.768610   slack (MET)


Startpoint: tl_i[108] (input port clocked by core)
Endpoint: _3109_ (rising edge-triggered flip-flop clocked by core)
Path Group: core
Path Type: max

Fanout         Cap        Slew       Delay        Time   Description
---------------------------------------------------------------------------------------------
                      0.000000    0.000000    0.000000   clock core (rise edge)
                                  0.000000    0.000000   clock network delay (ideal)
                                  2.000000    2.000000 ^ input external delay
     1    0.003664    0.000000    0.000000    2.000000 ^ tl_i[108] (in)
                                                         tl_i[108] (net)
                      0.000000    0.000000    2.000000 ^ _1549_/B (sg13g2_nand2_1)
    42    0.172678    0.650331    0.490436    2.490436 v _1549_/Y (sg13g2_nand2_1)
                                                         _1316_ (net)
                      0.650331    0.000000    2.490436 v _1564_/C (sg13g2_nor3_1)
     2    0.007042    0.166142    0.188468    2.678904 ^ _1564_/Y (sg13g2_nor3_1)
                                                         _1323_ (net)
                      0.166142    0.000000    2.678904 ^ _1565_/A (sg13g2_inv_1)
     2    0.006909    0.043924    0.049560    2.728464 v _1565_/Y (sg13g2_inv_1)
                                                         _1324_ (net)
                      0.043924    0.000000    2.728464 v _2179_/B (sg13g2_nor2_1)
     2    0.006876    0.058298    0.056041    2.784505 ^ _2179_/Y (sg13g2_nor2_1)
                                                         _0784_ (net)
                      0.058298    0.000000    2.784505 ^ _2184_/A (sg13g2_inv_1)
     3    0.010389    0.035049    0.040838    2.825343 v _2184_/Y (sg13g2_inv_1)
                                                         _0789_ (net)
                      0.035049    0.000000    2.825343 v _2362_/B (sg13g2_nor3_1)
    43    0.182735    1.600451    1.149198    3.974541 ^ _2362_/Y (sg13g2_nor3_1)
                                                         _0900_ (net)
                      1.600451    0.000000    3.974541 ^ _2371_/A (sg13g2_nand2_1)
     1    0.003654    0.166876    0.127292    4.101833 v _2371_/Y (sg13g2_nand2_1)
                                                         _0905_ (net)
                      0.166876    0.000000    4.101833 v _2372_/B1 (sg13g2_o21ai_1)
     1    0.001767    0.084844    0.046244    4.148077 ^ _2372_/Y (sg13g2_o21ai_1)
                                                         _0235_ (net)
                      0.084844    0.000000    4.148077 ^ _3109_/D (sg13g2_dfrbpq_1)
                                              4.148077   data arrival time

                      0.000000   10.000000   10.000000   clock core (rise edge)
                                  0.000000   10.000000   clock network delay (ideal)
                                  0.000000   10.000000   clock reconvergence pessimism
                                             10.000000 ^ _3109_/CLK (sg13g2_dfrbpq_1)
                                 -0.083314    9.916686   library setup time
                                              9.916686   data required time
---------------------------------------------------------------------------------------------
                                              9.916686   data required time
                                             -4.148077   data arrival time
---------------------------------------------------------------------------------------------
                                              5.768610   slack (MET)


Startpoint: tl_i[108] (input port clocked by core)
Endpoint: _3111_ (rising edge-triggered flip-flop clocked by core)
Path Group: core
Path Type: max

Fanout         Cap        Slew       Delay        Time   Description
---------------------------------------------------------------------------------------------
                      0.000000    0.000000    0.000000   clock core (rise edge)
                                  0.000000    0.000000   clock network delay (ideal)
                                  2.000000    2.000000 ^ input external delay
     1    0.003664    0.000000    0.000000    2.000000 ^ tl_i[108] (in)
                                                         tl_i[108] (net)
                      0.000000    0.000000    2.000000 ^ _1549_/B (sg13g2_nand2_1)
    42    0.172678    0.650331    0.490436    2.490436 v _1549_/Y (sg13g2_nand2_1)
                                                         _1316_ (net)
                      0.650331    0.000000    2.490436 v _1564_/C (sg13g2_nor3_1)
     2    0.007042    0.166142    0.188468    2.678904 ^ _1564_/Y (sg13g2_nor3_1)
                                                         _1323_ (net)
                      0.166142    0.000000    2.678904 ^ _1565_/A (sg13g2_inv_1)
     2    0.006909    0.043924    0.049560    2.728464 v _1565_/Y (sg13g2_inv_1)
                                                         _1324_ (net)
                      0.043924    0.000000    2.728464 v _2179_/B (sg13g2_nor2_1)
     2    0.006876    0.058298    0.056041    2.784505 ^ _2179_/Y (sg13g2_nor2_1)
                                                         _0784_ (net)
                      0.058298    0.000000    2.784505 ^ _2184_/A (sg13g2_inv_1)
     3    0.010389    0.035049    0.040838    2.825343 v _2184_/Y (sg13g2_inv_1)
                                                         _0789_ (net)
                      0.035049    0.000000    2.825343 v _2362_/B (sg13g2_nor3_1)
    43    0.182735    1.600451    1.149198    3.974541 ^ _2362_/Y (sg13g2_nor3_1)
                                                         _0900_ (net)
                      1.600451    0.000000    3.974541 ^ _2367_/A (sg13g2_nand2_1)
     1    0.003654    0.166876    0.127292    4.101833 v _2367_/Y (sg13g2_nand2_1)
                                                         _0903_ (net)
                      0.166876    0.000000    4.101833 v _2368_/B1 (sg13g2_o21ai_1)
     1    0.001767    0.084844    0.046244    4.148077 ^ _2368_/Y (sg13g2_o21ai_1)
                                                         _0233_ (net)
                      0.084844    0.000000    4.148077 ^ _3111_/D (sg13g2_dfrbpq_1)
                                              4.148077   data arrival time

                      0.000000   10.000000   10.000000   clock core (rise edge)
                                  0.000000   10.000000   clock network delay (ideal)
                                  0.000000   10.000000   clock reconvergence pessimism
                                             10.000000 ^ _3111_/CLK (sg13g2_dfrbpq_1)
                                 -0.083314    9.916686   library setup time
                                              9.916686   data required time
---------------------------------------------------------------------------------------------
                                              9.916686   data required time
                                             -4.148077   data arrival time
---------------------------------------------------------------------------------------------
                                              5.768610   slack (MET)


Startpoint: tl_i[108] (input port clocked by core)
Endpoint: _3112_ (rising edge-triggered flip-flop clocked by core)
Path Group: core
Path Type: max

Fanout         Cap        Slew       Delay        Time   Description
---------------------------------------------------------------------------------------------
                      0.000000    0.000000    0.000000   clock core (rise edge)
                                  0.000000    0.000000   clock network delay (ideal)
                                  2.000000    2.000000 ^ input external delay
     1    0.003664    0.000000    0.000000    2.000000 ^ tl_i[108] (in)
                                                         tl_i[108] (net)
                      0.000000    0.000000    2.000000 ^ _1549_/B (sg13g2_nand2_1)
    42    0.172678    0.650331    0.490436    2.490436 v _1549_/Y (sg13g2_nand2_1)
                                                         _1316_ (net)
                      0.650331    0.000000    2.490436 v _1564_/C (sg13g2_nor3_1)
     2    0.007042    0.166142    0.188468    2.678904 ^ _1564_/Y (sg13g2_nor3_1)
                                                         _1323_ (net)
                      0.166142    0.000000    2.678904 ^ _1565_/A (sg13g2_inv_1)
     2    0.006909    0.043924    0.049560    2.728464 v _1565_/Y (sg13g2_inv_1)
                                                         _1324_ (net)
                      0.043924    0.000000    2.728464 v _2179_/B (sg13g2_nor2_1)
     2    0.006876    0.058298    0.056041    2.784505 ^ _2179_/Y (sg13g2_nor2_1)
                                                         _0784_ (net)
                      0.058298    0.000000    2.784505 ^ _2184_/A (sg13g2_inv_1)
     3    0.010389    0.035049    0.040838    2.825343 v _2184_/Y (sg13g2_inv_1)
                                                         _0789_ (net)
                      0.035049    0.000000    2.825343 v _2362_/B (sg13g2_nor3_1)
    43    0.182735    1.600451    1.149198    3.974541 ^ _2362_/Y (sg13g2_nor3_1)
                                                         _0900_ (net)
                      1.600451    0.000000    3.974541 ^ _2365_/A (sg13g2_nand2_1)
     1    0.003654    0.166876    0.127292    4.101833 v _2365_/Y (sg13g2_nand2_1)
                                                         _0902_ (net)
                      0.166876    0.000000    4.101833 v _2366_/B1 (sg13g2_o21ai_1)
     1    0.001767    0.084844    0.046244    4.148077 ^ _2366_/Y (sg13g2_o21ai_1)
                                                         _0232_ (net)
                      0.084844    0.000000    4.148077 ^ _3112_/D (sg13g2_dfrbpq_1)
                                              4.148077   data arrival time

                      0.000000   10.000000   10.000000   clock core (rise edge)
                                  0.000000   10.000000   clock network delay (ideal)
                                  0.000000   10.000000   clock reconvergence pessimism
                                             10.000000 ^ _3112_/CLK (sg13g2_dfrbpq_1)
                                 -0.083314    9.916686   library setup time
                                              9.916686   data required time
---------------------------------------------------------------------------------------------
                                              9.916686   data required time
                                             -4.148077   data arrival time
---------------------------------------------------------------------------------------------
                                              5.768610   slack (MET)


Startpoint: tl_i[108] (input port clocked by core)
Endpoint: _3115_ (rising edge-triggered flip-flop clocked by core)
Path Group: core
Path Type: max

Fanout         Cap        Slew       Delay        Time   Description
---------------------------------------------------------------------------------------------
                      0.000000    0.000000    0.000000   clock core (rise edge)
                                  0.000000    0.000000   clock network delay (ideal)
                                  2.000000    2.000000 ^ input external delay
     1    0.003664    0.000000    0.000000    2.000000 ^ tl_i[108] (in)
                                                         tl_i[108] (net)
                      0.000000    0.000000    2.000000 ^ _1549_/B (sg13g2_nand2_1)
    42    0.172678    0.650331    0.490436    2.490436 v _1549_/Y (sg13g2_nand2_1)
                                                         _1316_ (net)
                      0.650331    0.000000    2.490436 v _1564_/C (sg13g2_nor3_1)
     2    0.007042    0.166142    0.188468    2.678904 ^ _1564_/Y (sg13g2_nor3_1)
                                                         _1323_ (net)
                      0.166142    0.000000    2.678904 ^ _1565_/A (sg13g2_inv_1)
     2    0.006909    0.043924    0.049560    2.728464 v _1565_/Y (sg13g2_inv_1)
                                                         _1324_ (net)
                      0.043924    0.000000    2.728464 v _2179_/B (sg13g2_nor2_1)
     2    0.006876    0.058298    0.056041    2.784505 ^ _2179_/Y (sg13g2_nor2_1)
                                                         _0784_ (net)
                      0.058298    0.000000    2.784505 ^ _2184_/A (sg13g2_inv_1)
     3    0.010389    0.035049    0.040838    2.825343 v _2184_/Y (sg13g2_inv_1)
                                                         _0789_ (net)
                      0.035049    0.000000    2.825343 v _2362_/B (sg13g2_nor3_1)
    43    0.182735    1.600451    1.149198    3.974541 ^ _2362_/Y (sg13g2_nor3_1)
                                                         _0900_ (net)
                      1.600451    0.000000    3.974541 ^ _2690_/A (sg13g2_nand2_1)
     1    0.003654    0.166876    0.127292    4.101833 v _2690_/Y (sg13g2_nand2_1)
                                                         _1142_ (net)
                      0.166876    0.000000    4.101833 v _2691_/B1 (sg13g2_o21ai_1)
     1    0.001767    0.084844    0.046244    4.148077 ^ _2691_/Y (sg13g2_o21ai_1)
                                                         _0309_ (net)
                      0.084844    0.000000    4.148077 ^ _3115_/D (sg13g2_dfrbpq_1)
                                              4.148077   data arrival time

                      0.000000   10.000000   10.000000   clock core (rise edge)
                                  0.000000   10.000000   clock network delay (ideal)
                                  0.000000   10.000000   clock reconvergence pessimism
                                             10.000000 ^ _3115_/CLK (sg13g2_dfrbpq_1)
                                 -0.083314    9.916686   library setup time
                                              9.916686   data required time
---------------------------------------------------------------------------------------------
                                              9.916686   data required time
                                             -4.148077   data arrival time
---------------------------------------------------------------------------------------------
                                              5.768610   slack (MET)


Startpoint: rst_ni (input port clocked by core)
Endpoint: _2784_ (recovery check against rising-edge clock core)
Path Group: asynchronous
Path Type: max

Fanout         Cap        Slew       Delay        Time   Description
---------------------------------------------------------------------------------------------
                      0.000000    0.000000    0.000000   clock core (rise edge)
                                  0.000000    0.000000   clock network delay (ideal)
                                  2.000000    2.000000 ^ input external delay
   155    0.958130    0.000000    0.000000    2.000000 ^ rst_ni (in)
                                                         rst_ni (net)
                      0.000000    0.000000    2.000000 ^ _2784_/RESET_B (sg13g2_dfrbpq_1)
                                              2.000000   data arrival time

                      0.000000   10.000000   10.000000   clock core (rise edge)
                                  0.000000   10.000000   clock network delay (ideal)
                                  0.000000   10.000000   clock reconvergence pessimism
                                             10.000000 ^ _2784_/CLK (sg13g2_dfrbpq_1)
                                 -0.071085    9.928916   library recovery time
                                              9.928916   data required time
---------------------------------------------------------------------------------------------
                                              9.928916   data required time
                                             -2.000000   data arrival time
---------------------------------------------------------------------------------------------
                                              7.928916   slack (MET)


Startpoint: rst_ni (input port clocked by core)
Endpoint: _2785_ (recovery check against rising-edge clock core)
Path Group: asynchronous
Path Type: max

Fanout         Cap        Slew       Delay        Time   Description
---------------------------------------------------------------------------------------------
                      0.000000    0.000000    0.000000   clock core (rise edge)
                                  0.000000    0.000000   clock network delay (ideal)
                                  2.000000    2.000000 ^ input external delay
   155    0.958130    0.000000    0.000000    2.000000 ^ rst_ni (in)
                                                         rst_ni (net)
                      0.000000    0.000000    2.000000 ^ _2785_/RESET_B (sg13g2_dfrbpq_1)
                                              2.000000   data arrival time

                      0.000000   10.000000   10.000000   clock core (rise edge)
                                  0.000000   10.000000   clock network delay (ideal)
                                  0.000000   10.000000   clock reconvergence pessimism
                                             10.000000 ^ _2785_/CLK (sg13g2_dfrbpq_1)
                                 -0.071085    9.928916   library recovery time
                                              9.928916   data required time
---------------------------------------------------------------------------------------------
                                              9.928916   data required time
                                             -2.000000   data arrival time
---------------------------------------------------------------------------------------------
                                              7.928916   slack (MET)


Startpoint: rst_ni (input port clocked by core)
Endpoint: _2786_ (recovery check against rising-edge clock core)
Path Group: asynchronous
Path Type: max

Fanout         Cap        Slew       Delay        Time   Description
---------------------------------------------------------------------------------------------
                      0.000000    0.000000    0.000000   clock core (rise edge)
                                  0.000000    0.000000   clock network delay (ideal)
                                  2.000000    2.000000 ^ input external delay
   155    0.958130    0.000000    0.000000    2.000000 ^ rst_ni (in)
                                                         rst_ni (net)
                      0.000000    0.000000    2.000000 ^ _2786_/RESET_B (sg13g2_dfrbpq_1)
                                              2.000000   data arrival time

                      0.000000   10.000000   10.000000   clock core (rise edge)
                                  0.000000   10.000000   clock network delay (ideal)
                                  0.000000   10.000000   clock reconvergence pessimism
                                             10.000000 ^ _2786_/CLK (sg13g2_dfrbpq_1)
                                 -0.071085    9.928916   library recovery time
                                              9.928916   data required time
---------------------------------------------------------------------------------------------
                                              9.928916   data required time
                                             -2.000000   data arrival time
---------------------------------------------------------------------------------------------
                                              7.928916   slack (MET)


Startpoint: rst_ni (input port clocked by core)
Endpoint: _2787_ (recovery check against rising-edge clock core)
Path Group: asynchronous
Path Type: max

Fanout         Cap        Slew       Delay        Time   Description
---------------------------------------------------------------------------------------------
                      0.000000    0.000000    0.000000   clock core (rise edge)
                                  0.000000    0.000000   clock network delay (ideal)
                                  2.000000    2.000000 ^ input external delay
   155    0.958130    0.000000    0.000000    2.000000 ^ rst_ni (in)
                                                         rst_ni (net)
                      0.000000    0.000000    2.000000 ^ _2787_/RESET_B (sg13g2_dfrbpq_1)
                                              2.000000   data arrival time

                      0.000000   10.000000   10.000000   clock core (rise edge)
                                  0.000000   10.000000   clock network delay (ideal)
                                  0.000000   10.000000   clock reconvergence pessimism
                                             10.000000 ^ _2787_/CLK (sg13g2_dfrbpq_1)
                                 -0.071085    9.928916   library recovery time
                                              9.928916   data required time
---------------------------------------------------------------------------------------------
                                              9.928916   data required time
                                             -2.000000   data arrival time
---------------------------------------------------------------------------------------------
                                              7.928916   slack (MET)


Startpoint: rst_ni (input port clocked by core)
Endpoint: _2788_ (recovery check against rising-edge clock core)
Path Group: asynchronous
Path Type: max

Fanout         Cap        Slew       Delay        Time   Description
---------------------------------------------------------------------------------------------
                      0.000000    0.000000    0.000000   clock core (rise edge)
                                  0.000000    0.000000   clock network delay (ideal)
                                  2.000000    2.000000 ^ input external delay
   155    0.958130    0.000000    0.000000    2.000000 ^ rst_ni (in)
                                                         rst_ni (net)
                      0.000000    0.000000    2.000000 ^ _2788_/RESET_B (sg13g2_dfrbpq_1)
                                              2.000000   data arrival time

                      0.000000   10.000000   10.000000   clock core (rise edge)
                                  0.000000   10.000000   clock network delay (ideal)
                                  0.000000   10.000000   clock reconvergence pessimism
                                             10.000000 ^ _2788_/CLK (sg13g2_dfrbpq_1)
                                 -0.071085    9.928916   library recovery time
                                              9.928916   data required time
---------------------------------------------------------------------------------------------
                                              9.928916   data required time
                                             -2.000000   data arrival time
---------------------------------------------------------------------------------------------
                                              7.928916   slack (MET)


Startpoint: rst_ni (input port clocked by core)
Endpoint: _2789_ (recovery check against rising-edge clock core)
Path Group: asynchronous
Path Type: max

Fanout         Cap        Slew       Delay        Time   Description
---------------------------------------------------------------------------------------------
                      0.000000    0.000000    0.000000   clock core (rise edge)
                                  0.000000    0.000000   clock network delay (ideal)
                                  2.000000    2.000000 ^ input external delay
   155    0.958130    0.000000    0.000000    2.000000 ^ rst_ni (in)
                                                         rst_ni (net)
                      0.000000    0.000000    2.000000 ^ _2789_/RESET_B (sg13g2_dfrbpq_1)
                                              2.000000   data arrival time

                      0.000000   10.000000   10.000000   clock core (rise edge)
                                  0.000000   10.000000   clock network delay (ideal)
                                  0.000000   10.000000   clock reconvergence pessimism
                                             10.000000 ^ _2789_/CLK (sg13g2_dfrbpq_1)
                                 -0.071085    9.928916   library recovery time
                                              9.928916   data required time
---------------------------------------------------------------------------------------------
                                              9.928916   data required time
                                             -2.000000   data arrival time
---------------------------------------------------------------------------------------------
                                              7.928916   slack (MET)


Startpoint: rst_ni (input port clocked by core)
Endpoint: _2790_ (recovery check against rising-edge clock core)
Path Group: asynchronous
Path Type: max

Fanout         Cap        Slew       Delay        Time   Description
---------------------------------------------------------------------------------------------
                      0.000000    0.000000    0.000000   clock core (rise edge)
                                  0.000000    0.000000   clock network delay (ideal)
                                  2.000000    2.000000 ^ input external delay
   155    0.958130    0.000000    0.000000    2.000000 ^ rst_ni (in)
                                                         rst_ni (net)
                      0.000000    0.000000    2.000000 ^ _2790_/RESET_B (sg13g2_dfrbpq_1)
                                              2.000000   data arrival time

                      0.000000   10.000000   10.000000   clock core (rise edge)
                                  0.000000   10.000000   clock network delay (ideal)
                                  0.000000   10.000000   clock reconvergence pessimism
                                             10.000000 ^ _2790_/CLK (sg13g2_dfrbpq_1)
                                 -0.071085    9.928916   library recovery time
                                              9.928916   data required time
---------------------------------------------------------------------------------------------
                                              9.928916   data required time
                                             -2.000000   data arrival time
---------------------------------------------------------------------------------------------
                                              7.928916   slack (MET)


Startpoint: rst_ni (input port clocked by core)
Endpoint: _2791_ (recovery check against rising-edge clock core)
Path Group: asynchronous
Path Type: max

Fanout         Cap        Slew       Delay        Time   Description
---------------------------------------------------------------------------------------------
                      0.000000    0.000000    0.000000   clock core (rise edge)
                                  0.000000    0.000000   clock network delay (ideal)
                                  2.000000    2.000000 ^ input external delay
   155    0.958130    0.000000    0.000000    2.000000 ^ rst_ni (in)
                                                         rst_ni (net)
                      0.000000    0.000000    2.000000 ^ _2791_/RESET_B (sg13g2_dfrbpq_1)
                                              2.000000   data arrival time

                      0.000000   10.000000   10.000000   clock core (rise edge)
                                  0.000000   10.000000   clock network delay (ideal)
                                  0.000000   10.000000   clock reconvergence pessimism
                                             10.000000 ^ _2791_/CLK (sg13g2_dfrbpq_1)
                                 -0.071085    9.928916   library recovery time
                                              9.928916   data required time
---------------------------------------------------------------------------------------------
                                              9.928916   data required time
                                             -2.000000   data arrival time
---------------------------------------------------------------------------------------------
                                              7.928916   slack (MET)


Startpoint: rst_ni (input port clocked by core)
Endpoint: _2792_ (recovery check against rising-edge clock core)
Path Group: asynchronous
Path Type: max

Fanout         Cap        Slew       Delay        Time   Description
---------------------------------------------------------------------------------------------
                      0.000000    0.000000    0.000000   clock core (rise edge)
                                  0.000000    0.000000   clock network delay (ideal)
                                  2.000000    2.000000 ^ input external delay
   155    0.958130    0.000000    0.000000    2.000000 ^ rst_ni (in)
                                                         rst_ni (net)
                      0.000000    0.000000    2.000000 ^ _2792_/RESET_B (sg13g2_dfrbpq_1)
                                              2.000000   data arrival time

                      0.000000   10.000000   10.000000   clock core (rise edge)
                                  0.000000   10.000000   clock network delay (ideal)
                                  0.000000   10.000000   clock reconvergence pessimism
                                             10.000000 ^ _2792_/CLK (sg13g2_dfrbpq_1)
                                 -0.071085    9.928916   library recovery time
                                              9.928916   data required time
---------------------------------------------------------------------------------------------
                                              9.928916   data required time
                                             -2.000000   data arrival time
---------------------------------------------------------------------------------------------
                                              7.928916   slack (MET)


Startpoint: rst_ni (input port clocked by core)
Endpoint: _2793_ (recovery check against rising-edge clock core)
Path Group: asynchronous
Path Type: max

Fanout         Cap        Slew       Delay        Time   Description
---------------------------------------------------------------------------------------------
                      0.000000    0.000000    0.000000   clock core (rise edge)
                                  0.000000    0.000000   clock network delay (ideal)
                                  2.000000    2.000000 ^ input external delay
   155    0.958130    0.000000    0.000000    2.000000 ^ rst_ni (in)
                                                         rst_ni (net)
                      0.000000    0.000000    2.000000 ^ _2793_/RESET_B (sg13g2_dfrbpq_1)
                                              2.000000   data arrival time

                      0.000000   10.000000   10.000000   clock core (rise edge)
                                  0.000000   10.000000   clock network delay (ideal)
                                  0.000000   10.000000   clock reconvergence pessimism
                                             10.000000 ^ _2793_/CLK (sg13g2_dfrbpq_1)
                                 -0.071085    9.928916   library recovery time
                                              9.928916   data required time
---------------------------------------------------------------------------------------------
                                              9.928916   data required time
                                             -2.000000   data arrival time
---------------------------------------------------------------------------------------------
                                              7.928916   slack (MET)

=== FlexSoC normalized power fields ===
dynamic_power_definition=internal_power+switching_power
power_unit=OpenSTA report unit; see Units section
internal_power=0.00297
switching_power=7.38e-06
dynamic_power=0.00297738
leakage_power=9.28e-07
total_power=0.00298

=== Gate-level timing/power fusion ===
power_semantics=average_instance_power_from_the_same_VCD_SAIF_context
path_power_sum=unique_instance_average_power_sum_not_incremental_path_energy
fanout_capacitance_source=OpenSTA_report_checks_output_pin_fields

Worst path 1: status=met slack=5.68265 type=max group=core
startpoint=tl_i[108] (input port clocked by core)
endpoint=_3092_ (rising edge-triggered flip-flop clocked by core)
path_power_complete=false missing_power_instances=_1549_,_1564_,_1565_,_2179_,_2184_,_2362_,_2692_,_3092_
path_average_power_sum internal=0 switching=0 dynamic=0 leakage=0 total=0
stage instance cell pins fanout capacitance slew delay arrival internal switching dynamic leakage total
1 _1549_ sg13g2_nand2_1 B,Y 42 0.172678 0.650331 0.490436 2.49044 - - - - -
2 _1564_ sg13g2_nor3_1 C,Y 2 0.007042 0.166142 0.188468 2.6789 - - - - -
3 _1565_ sg13g2_inv_1 A,Y 2 0.006909 0.043924 0.04956 2.72846 - - - - -
4 _2179_ sg13g2_nor2_1 B,Y 2 0.006876 0.058298 0.056041 2.7845 - - - - -
5 _2184_ sg13g2_inv_1 A,Y 3 0.010389 0.035049 0.040838 2.82534 - - - - -
6 _2362_ sg13g2_nor3_1 B,Y 43 0.182735 1.60045 1.1492 3.97454 - - - - -
7 _2692_ sg13g2_mux2_2 S,X 1 0.001756 0.048442 0.264246 4.23879 - - - - -
8 _3092_ sg13g2_dfrbpq_1 D - - 0.048442 0 4.23879 - - - - -

Worst path 2: status=met slack=5.68265 type=max group=core
startpoint=tl_i[108] (input port clocked by core)
endpoint=_3093_ (rising edge-triggered flip-flop clocked by core)
path_power_complete=false missing_power_instances=_1549_,_1564_,_1565_,_2179_,_2184_,_2362_,_2672_,_3093_
path_average_power_sum internal=0 switching=0 dynamic=0 leakage=0 total=0
stage instance cell pins fanout capacitance slew delay arrival internal switching dynamic leakage total
1 _1549_ sg13g2_nand2_1 B,Y 42 0.172678 0.650331 0.490436 2.49044 - - - - -
2 _1564_ sg13g2_nor3_1 C,Y 2 0.007042 0.166142 0.188468 2.6789 - - - - -
3 _1565_ sg13g2_inv_1 A,Y 2 0.006909 0.043924 0.04956 2.72846 - - - - -
4 _2179_ sg13g2_nor2_1 B,Y 2 0.006876 0.058298 0.056041 2.7845 - - - - -
5 _2184_ sg13g2_inv_1 A,Y 3 0.010389 0.035049 0.040838 2.82534 - - - - -
6 _2362_ sg13g2_nor3_1 B,Y 43 0.182735 1.60045 1.1492 3.97454 - - - - -
7 _2672_ sg13g2_mux2_2 S,X 1 0.001756 0.048442 0.264246 4.23879 - - - - -
8 _3093_ sg13g2_dfrbpq_1 D - - 0.048442 0 4.23879 - - - - -

Worst path 3: status=met slack=5.68265 type=max group=core
startpoint=tl_i[108] (input port clocked by core)
endpoint=_3114_ (rising edge-triggered flip-flop clocked by core)
path_power_complete=false missing_power_instances=_1549_,_1564_,_1565_,_2179_,_2184_,_2362_,_2687_,_3114_
path_average_power_sum internal=0 switching=0 dynamic=0 leakage=0 total=0
stage instance cell pins fanout capacitance slew delay arrival internal switching dynamic leakage total
1 _1549_ sg13g2_nand2_1 B,Y 42 0.172678 0.650331 0.490436 2.49044 - - - - -
2 _1564_ sg13g2_nor3_1 C,Y 2 0.007042 0.166142 0.188468 2.6789 - - - - -
3 _1565_ sg13g2_inv_1 A,Y 2 0.006909 0.043924 0.04956 2.72846 - - - - -
4 _2179_ sg13g2_nor2_1 B,Y 2 0.006876 0.058298 0.056041 2.7845 - - - - -
5 _2184_ sg13g2_inv_1 A,Y 3 0.010389 0.035049 0.040838 2.82534 - - - - -
6 _2362_ sg13g2_nor3_1 B,Y 43 0.182735 1.60045 1.1492 3.97454 - - - - -
7 _2687_ sg13g2_mux2_2 S,X 1 0.001756 0.048442 0.264246 4.23879 - - - - -
8 _3114_ sg13g2_dfrbpq_1 D - - 0.048442 0 4.23879 - - - - -

Worst path 4: status=met slack=5.76861 type=max group=core
startpoint=tl_i[108] (input port clocked by core)
endpoint=_3081_ (rising edge-triggered flip-flop clocked by core)
path_power_complete=false missing_power_instances=_1549_,_1564_,_1565_,_2179_,_2184_,_2362_,_2712_,_2713_,_3081_
path_average_power_sum internal=0 switching=0 dynamic=0 leakage=0 total=0
stage instance cell pins fanout capacitance slew delay arrival internal switching dynamic leakage total
1 _1549_ sg13g2_nand2_1 B,Y 42 0.172678 0.650331 0.490436 2.49044 - - - - -
2 _1564_ sg13g2_nor3_1 C,Y 2 0.007042 0.166142 0.188468 2.6789 - - - - -
3 _1565_ sg13g2_inv_1 A,Y 2 0.006909 0.043924 0.04956 2.72846 - - - - -
4 _2179_ sg13g2_nor2_1 B,Y 2 0.006876 0.058298 0.056041 2.7845 - - - - -
5 _2184_ sg13g2_inv_1 A,Y 3 0.010389 0.035049 0.040838 2.82534 - - - - -
6 _2362_ sg13g2_nor3_1 B,Y 43 0.182735 1.60045 1.1492 3.97454 - - - - -
7 _2712_ sg13g2_nand2_1 A,Y 1 0.003654 0.166876 0.127292 4.10183 - - - - -
8 _2713_ sg13g2_o21ai_1 B1,Y 1 0.001767 0.084844 0.046244 4.14808 - - - - -
9 _3081_ sg13g2_dfrbpq_1 D - - 0.084844 0 4.14808 - - - - -

Worst path 5: status=met slack=5.76861 type=max group=core
startpoint=tl_i[108] (input port clocked by core)
endpoint=_3098_ (rising edge-triggered flip-flop clocked by core)
path_power_complete=false missing_power_instances=_1549_,_1564_,_1565_,_2179_,_2184_,_2362_,_2683_,_2684_,_3098_
path_average_power_sum internal=0 switching=0 dynamic=0 leakage=0 total=0
stage instance cell pins fanout capacitance slew delay arrival internal switching dynamic leakage total
1 _1549_ sg13g2_nand2_1 B,Y 42 0.172678 0.650331 0.490436 2.49044 - - - - -
2 _1564_ sg13g2_nor3_1 C,Y 2 0.007042 0.166142 0.188468 2.6789 - - - - -
3 _1565_ sg13g2_inv_1 A,Y 2 0.006909 0.043924 0.04956 2.72846 - - - - -
4 _2179_ sg13g2_nor2_1 B,Y 2 0.006876 0.058298 0.056041 2.7845 - - - - -
5 _2184_ sg13g2_inv_1 A,Y 3 0.010389 0.035049 0.040838 2.82534 - - - - -
6 _2362_ sg13g2_nor3_1 B,Y 43 0.182735 1.60045 1.1492 3.97454 - - - - -
7 _2683_ sg13g2_nand2_1 A,Y 1 0.003654 0.166876 0.127292 4.10183 - - - - -
8 _2684_ sg13g2_o21ai_1 B1,Y 1 0.001767 0.084844 0.046244 4.14808 - - - - -
9 _3098_ sg13g2_dfrbpq_1 D - - 0.084844 0 4.14808 - - - - -

Worst path 6: status=met slack=5.76861 type=max group=core
startpoint=tl_i[108] (input port clocked by core)
endpoint=_3106_ (rising edge-triggered flip-flop clocked by core)
path_power_complete=false missing_power_instances=_1549_,_1564_,_1565_,_2179_,_2184_,_2362_,_2377_,_2378_,_3106_
path_average_power_sum internal=0 switching=0 dynamic=0 leakage=0 total=0
stage instance cell pins fanout capacitance slew delay arrival internal switching dynamic leakage total
1 _1549_ sg13g2_nand2_1 B,Y 42 0.172678 0.650331 0.490436 2.49044 - - - - -
2 _1564_ sg13g2_nor3_1 C,Y 2 0.007042 0.166142 0.188468 2.6789 - - - - -
3 _1565_ sg13g2_inv_1 A,Y 2 0.006909 0.043924 0.04956 2.72846 - - - - -
4 _2179_ sg13g2_nor2_1 B,Y 2 0.006876 0.058298 0.056041 2.7845 - - - - -
5 _2184_ sg13g2_inv_1 A,Y 3 0.010389 0.035049 0.040838 2.82534 - - - - -
6 _2362_ sg13g2_nor3_1 B,Y 43 0.182735 1.60045 1.1492 3.97454 - - - - -
7 _2377_ sg13g2_nand2_1 A,Y 1 0.003654 0.166876 0.127292 4.10183 - - - - -
8 _2378_ sg13g2_o21ai_1 B1,Y 1 0.001767 0.084844 0.046244 4.14808 - - - - -
9 _3106_ sg13g2_dfrbpq_1 D - - 0.084844 0 4.14808 - - - - -

Worst path 7: status=met slack=5.76861 type=max group=core
startpoint=tl_i[108] (input port clocked by core)
endpoint=_3109_ (rising edge-triggered flip-flop clocked by core)
path_power_complete=false missing_power_instances=_1549_,_1564_,_1565_,_2179_,_2184_,_2362_,_2371_,_2372_,_3109_
path_average_power_sum internal=0 switching=0 dynamic=0 leakage=0 total=0
stage instance cell pins fanout capacitance slew delay arrival internal switching dynamic leakage total
1 _1549_ sg13g2_nand2_1 B,Y 42 0.172678 0.650331 0.490436 2.49044 - - - - -
2 _1564_ sg13g2_nor3_1 C,Y 2 0.007042 0.166142 0.188468 2.6789 - - - - -
3 _1565_ sg13g2_inv_1 A,Y 2 0.006909 0.043924 0.04956 2.72846 - - - - -
4 _2179_ sg13g2_nor2_1 B,Y 2 0.006876 0.058298 0.056041 2.7845 - - - - -
5 _2184_ sg13g2_inv_1 A,Y 3 0.010389 0.035049 0.040838 2.82534 - - - - -
6 _2362_ sg13g2_nor3_1 B,Y 43 0.182735 1.60045 1.1492 3.97454 - - - - -
7 _2371_ sg13g2_nand2_1 A,Y 1 0.003654 0.166876 0.127292 4.10183 - - - - -
8 _2372_ sg13g2_o21ai_1 B1,Y 1 0.001767 0.084844 0.046244 4.14808 - - - - -
9 _3109_ sg13g2_dfrbpq_1 D - - 0.084844 0 4.14808 - - - - -

Worst path 8: status=met slack=5.76861 type=max group=core
startpoint=tl_i[108] (input port clocked by core)
endpoint=_3111_ (rising edge-triggered flip-flop clocked by core)
path_power_complete=false missing_power_instances=_1549_,_1564_,_1565_,_2179_,_2184_,_2362_,_2367_,_2368_,_3111_
path_average_power_sum internal=0 switching=0 dynamic=0 leakage=0 total=0
stage instance cell pins fanout capacitance slew delay arrival internal switching dynamic leakage total
1 _1549_ sg13g2_nand2_1 B,Y 42 0.172678 0.650331 0.490436 2.49044 - - - - -
2 _1564_ sg13g2_nor3_1 C,Y 2 0.007042 0.166142 0.188468 2.6789 - - - - -
3 _1565_ sg13g2_inv_1 A,Y 2 0.006909 0.043924 0.04956 2.72846 - - - - -
4 _2179_ sg13g2_nor2_1 B,Y 2 0.006876 0.058298 0.056041 2.7845 - - - - -
5 _2184_ sg13g2_inv_1 A,Y 3 0.010389 0.035049 0.040838 2.82534 - - - - -
6 _2362_ sg13g2_nor3_1 B,Y 43 0.182735 1.60045 1.1492 3.97454 - - - - -
7 _2367_ sg13g2_nand2_1 A,Y 1 0.003654 0.166876 0.127292 4.10183 - - - - -
8 _2368_ sg13g2_o21ai_1 B1,Y 1 0.001767 0.084844 0.046244 4.14808 - - - - -
9 _3111_ sg13g2_dfrbpq_1 D - - 0.084844 0 4.14808 - - - - -

Worst path 9: status=met slack=5.76861 type=max group=core
startpoint=tl_i[108] (input port clocked by core)
endpoint=_3112_ (rising edge-triggered flip-flop clocked by core)
path_power_complete=false missing_power_instances=_1549_,_1564_,_1565_,_2179_,_2184_,_2362_,_2365_,_2366_,_3112_
path_average_power_sum internal=0 switching=0 dynamic=0 leakage=0 total=0
stage instance cell pins fanout capacitance slew delay arrival internal switching dynamic leakage total
1 _1549_ sg13g2_nand2_1 B,Y 42 0.172678 0.650331 0.490436 2.49044 - - - - -
2 _1564_ sg13g2_nor3_1 C,Y 2 0.007042 0.166142 0.188468 2.6789 - - - - -
3 _1565_ sg13g2_inv_1 A,Y 2 0.006909 0.043924 0.04956 2.72846 - - - - -
4 _2179_ sg13g2_nor2_1 B,Y 2 0.006876 0.058298 0.056041 2.7845 - - - - -
5 _2184_ sg13g2_inv_1 A,Y 3 0.010389 0.035049 0.040838 2.82534 - - - - -
6 _2362_ sg13g2_nor3_1 B,Y 43 0.182735 1.60045 1.1492 3.97454 - - - - -
7 _2365_ sg13g2_nand2_1 A,Y 1 0.003654 0.166876 0.127292 4.10183 - - - - -
8 _2366_ sg13g2_o21ai_1 B1,Y 1 0.001767 0.084844 0.046244 4.14808 - - - - -
9 _3112_ sg13g2_dfrbpq_1 D - - 0.084844 0 4.14808 - - - - -

Worst path 10: status=met slack=5.76861 type=max group=core
startpoint=tl_i[108] (input port clocked by core)
endpoint=_3115_ (rising edge-triggered flip-flop clocked by core)
path_power_complete=false missing_power_instances=_1549_,_1564_,_1565_,_2179_,_2184_,_2362_,_2690_,_2691_,_3115_
path_average_power_sum internal=0 switching=0 dynamic=0 leakage=0 total=0
stage instance cell pins fanout capacitance slew delay arrival internal switching dynamic leakage total
1 _1549_ sg13g2_nand2_1 B,Y 42 0.172678 0.650331 0.490436 2.49044 - - - - -
2 _1564_ sg13g2_nor3_1 C,Y 2 0.007042 0.166142 0.188468 2.6789 - - - - -
3 _1565_ sg13g2_inv_1 A,Y 2 0.006909 0.043924 0.04956 2.72846 - - - - -
4 _2179_ sg13g2_nor2_1 B,Y 2 0.006876 0.058298 0.056041 2.7845 - - - - -
5 _2184_ sg13g2_inv_1 A,Y 3 0.010389 0.035049 0.040838 2.82534 - - - - -
6 _2362_ sg13g2_nor3_1 B,Y 43 0.182735 1.60045 1.1492 3.97454 - - - - -
7 _2690_ sg13g2_nand2_1 A,Y 1 0.003654 0.166876 0.127292 4.10183 - - - - -
8 _2691_ sg13g2_o21ai_1 B1,Y 1 0.001767 0.084844 0.046244 4.14808 - - - - -
9 _3115_ sg13g2_dfrbpq_1 D - - 0.084844 0 4.14808 - - - - -

Worst path 11: status=met slack=7.92892 type=max group=asynchronous
startpoint=rst_ni (input port clocked by core)
endpoint=_2784_ (recovery check against rising-edge clock core)
path_power_complete=false missing_power_instances=_2784_
path_average_power_sum internal=0 switching=0 dynamic=0 leakage=0 total=0
stage instance cell pins fanout capacitance slew delay arrival internal switching dynamic leakage total
1 _2784_ sg13g2_dfrbpq_1 RESET_B - - 0 0 2 - - - - -

Worst path 12: status=met slack=7.92892 type=max group=asynchronous
startpoint=rst_ni (input port clocked by core)
endpoint=_2785_ (recovery check against rising-edge clock core)
path_power_complete=false missing_power_instances=_2785_
path_average_power_sum internal=0 switching=0 dynamic=0 leakage=0 total=0
stage instance cell pins fanout capacitance slew delay arrival internal switching dynamic leakage total
1 _2785_ sg13g2_dfrbpq_1 RESET_B - - 0 0 2 - - - - -

Worst path 13: status=met slack=7.92892 type=max group=asynchronous
startpoint=rst_ni (input port clocked by core)
endpoint=_2786_ (recovery check against rising-edge clock core)
path_power_complete=false missing_power_instances=_2786_
path_average_power_sum internal=0 switching=0 dynamic=0 leakage=0 total=0
stage instance cell pins fanout capacitance slew delay arrival internal switching dynamic leakage total
1 _2786_ sg13g2_dfrbpq_1 RESET_B - - 0 0 2 - - - - -

Worst path 14: status=met slack=7.92892 type=max group=asynchronous
startpoint=rst_ni (input port clocked by core)
endpoint=_2787_ (recovery check against rising-edge clock core)
path_power_complete=false missing_power_instances=_2787_
path_average_power_sum internal=0 switching=0 dynamic=0 leakage=0 total=0
stage instance cell pins fanout capacitance slew delay arrival internal switching dynamic leakage total
1 _2787_ sg13g2_dfrbpq_1 RESET_B - - 0 0 2 - - - - -

Worst path 15: status=met slack=7.92892 type=max group=asynchronous
startpoint=rst_ni (input port clocked by core)
endpoint=_2788_ (recovery check against rising-edge clock core)
path_power_complete=false missing_power_instances=_2788_
path_average_power_sum internal=0 switching=0 dynamic=0 leakage=0 total=0
stage instance cell pins fanout capacitance slew delay arrival internal switching dynamic leakage total
1 _2788_ sg13g2_dfrbpq_1 RESET_B - - 0 0 2 - - - - -

Worst path 16: status=met slack=7.92892 type=max group=asynchronous
startpoint=rst_ni (input port clocked by core)
endpoint=_2789_ (recovery check against rising-edge clock core)
path_power_complete=false missing_power_instances=_2789_
path_average_power_sum internal=0 switching=0 dynamic=0 leakage=0 total=0
stage instance cell pins fanout capacitance slew delay arrival internal switching dynamic leakage total
1 _2789_ sg13g2_dfrbpq_1 RESET_B - - 0 0 2 - - - - -

Worst path 17: status=met slack=7.92892 type=max group=asynchronous
startpoint=rst_ni (input port clocked by core)
endpoint=_2790_ (recovery check against rising-edge clock core)
path_power_complete=false missing_power_instances=_2790_
path_average_power_sum internal=0 switching=0 dynamic=0 leakage=0 total=0
stage instance cell pins fanout capacitance slew delay arrival internal switching dynamic leakage total
1 _2790_ sg13g2_dfrbpq_1 RESET_B - - 0 0 2 - - - - -

Worst path 18: status=met slack=7.92892 type=max group=asynchronous
startpoint=rst_ni (input port clocked by core)
endpoint=_2791_ (recovery check against rising-edge clock core)
path_power_complete=false missing_power_instances=_2791_
path_average_power_sum internal=0 switching=0 dynamic=0 leakage=0 total=0
stage instance cell pins fanout capacitance slew delay arrival internal switching dynamic leakage total
1 _2791_ sg13g2_dfrbpq_1 RESET_B - - 0 0 2 - - - - -

Worst path 19: status=met slack=7.92892 type=max group=asynchronous
startpoint=rst_ni (input port clocked by core)
endpoint=_2792_ (recovery check against rising-edge clock core)
path_power_complete=false missing_power_instances=_2792_
path_average_power_sum internal=0 switching=0 dynamic=0 leakage=0 total=0
stage instance cell pins fanout capacitance slew delay arrival internal switching dynamic leakage total
1 _2792_ sg13g2_dfrbpq_1 RESET_B - - 0 0 2 - - - - -

Worst path 20: status=met slack=7.92892 type=max group=asynchronous
startpoint=rst_ni (input port clocked by core)
endpoint=_2793_ (recovery check against rising-edge clock core)
path_power_complete=false missing_power_instances=_2793_
path_average_power_sum internal=0 switching=0 dynamic=0 leakage=0 total=0
stage instance cell pins fanout capacitance slew delay arrival internal switching dynamic leakage total
1 _2793_ sg13g2_dfrbpq_1 RESET_B - - 0 0 2 - - - - -

=== Highest-power instances and worst path through each ===

Hotspot 1: instance=1.170276937046e-05 selected_worst_paths=none internal=9.6984e-07 switching=1.54063e-09 dynamic=9.71381e-07 leakage=1.26742e-05 total=2868
targeted_timing_path=not_found_or_unconstrained

Hotspot 2: instance=1.169898132503e-05 selected_worst_paths=none internal=4.32087e-07 switching=1.54104e-09 dynamic=4.33628e-07 leakage=1.21326e-05 total=2867
targeted_timing_path=not_found_or_unconstrained

Hotspot 3: instance=1.041495397658e-05 selected_worst_paths=none internal=2.78451e-07 switching=1.54084e-09 dynamic=2.79991e-07 leakage=1.06949e-05 total=2808
targeted_timing_path=not_found_or_unconstrained

Hotspot 4: instance=1.041381619871e-05 selected_worst_paths=none internal=1.81089e-07 switching=1.5409e-09 dynamic=1.8263e-07 leakage=1.05964e-05 total=2803
targeted_timing_path=not_found_or_unconstrained

Hotspot 5: instance=1.046678335115e-05 selected_worst_paths=none internal=2.19451e-09 switching=1.52331e-09 dynamic=3.71782e-09 leakage=1.04705e-05 total=2877
targeted_timing_path=not_found_or_unconstrained

Hotspot 6: instance=9.911796951201e-06 selected_worst_paths=none internal=1.34419e-07 switching=1.5408e-09 dynamic=1.3596e-07 leakage=1.00478e-05 total=2809
targeted_timing_path=not_found_or_unconstrained

Hotspot 7: instance=9.910045264405e-06 selected_worst_paths=none internal=1.01074e-07 switching=1.54076e-09 dynamic=1.02615e-07 leakage=1.00127e-05 total=2804
targeted_timing_path=not_found_or_unconstrained

Hotspot 8: instance=9.866169421002e-06 selected_worst_paths=none internal=5.33427e-09 switching=1.5569e-09 dynamic=6.89116e-09 leakage=9.87306e-06 total=2852
targeted_timing_path=not_found_or_unconstrained

Hotspot 9: instance=9.866280379356e-06 selected_worst_paths=none internal=4.19546e-09 switching=1.55684e-09 dynamic=5.75229e-09 leakage=9.87203e-06 total=2862
targeted_timing_path=not_found_or_unconstrained

Hotspot 10: instance=9.865823813016e-06 selected_worst_paths=none internal=3.55e-09 switching=1.5568e-09 dynamic=5.10681e-09 leakage=9.87093e-06 total=2864
targeted_timing_path=not_found_or_unconstrained

Hotspot 11: instance=9.865007086773e-06 selected_worst_paths=none internal=4.15973e-09 switching=1.5569e-09 dynamic=5.71662e-09 leakage=9.87072e-06 total=2866
targeted_timing_path=not_found_or_unconstrained

Hotspot 12: instance=9.861416401691e-06 selected_worst_paths=none internal=3.20056e-09 switching=1.55689e-09 dynamic=4.75745e-09 leakage=9.86617e-06 total=2860
targeted_timing_path=not_found_or_unconstrained

Hotspot 13: instance=9.861641956377e-06 selected_worst_paths=none internal=2.02981e-09 switching=1.55688e-09 dynamic=3.58669e-09 leakage=9.86523e-06 total=2853
targeted_timing_path=not_found_or_unconstrained

Hotspot 14: instance=9.853125447989e-06 selected_worst_paths=none internal=1.06685e-09 switching=1.55669e-09 dynamic=2.62354e-09 leakage=9.85575e-06 total=2858
targeted_timing_path=not_found_or_unconstrained

Hotspot 15: instance=9.853118172032e-06 selected_worst_paths=none internal=9.59937e-10 switching=1.55669e-09 dynamic=2.51663e-09 leakage=9.85563e-06 total=2856
targeted_timing_path=not_found_or_unconstrained

Hotspot 16: instance=9.850999958871e-06 selected_worst_paths=none internal=7.83521e-10 switching=1.55669e-09 dynamic=2.34021e-09 leakage=9.85334e-06 total=2857
targeted_timing_path=not_found_or_unconstrained

Hotspot 17: instance=9.841406608757e-06 selected_worst_paths=none internal=5.27186e-10 switching=1.557e-09 dynamic=2.08419e-09 leakage=9.84349e-06 total=3103
targeted_timing_path=not_found_or_unconstrained

Hotspot 18: instance=9.841402970778e-06 selected_worst_paths=none internal=3.91224e-10 switching=1.557e-09 dynamic=1.94822e-09 leakage=9.84335e-06 total=3110
targeted_timing_path=not_found_or_unconstrained
