analysis=power_analysis corner=ff stage=post_syn
workload=host_byte_enable_sv_ff
gls_report=/home/eneadim/github/flexsoc/runs/uart_master/refresh_tlul_repo/dv/functional/sim/post_syn/ihp-sg13g2/uart_master_post_syn_host_byte_enable_sv_ff.json
activity_file=/home/eneadim/github/flexsoc/runs/uart_master/refresh_tlul_repo/signoff/ihp-sg13g2/power/activity/captures/uart_master_ihp-sg13g2_host_byte_enable_sv_ff.vcd
activity_scope=uart_master_tb/u_uart_master
liberty=/home/eneadim/github/flexsoc/.flexsoc/pdks/ihp-sg13g2/ihp-sg13g2/libs.ref/sg13g2_stdcell/lib/sg13g2_stdcell_fast_1p65V_m40C.lib
netlist=/home/eneadim/github/flexsoc/runs/uart_master/refresh_tlul_repo/syn/ihp-sg13g2/uart_master_synth.v
sdc=/home/eneadim/github/flexsoc/runs/uart_master/refresh_tlul_repo/constraints/uart_master.sdc
spef=

=== Units ===
 time 1ns
 capacitance 1pF
 resistance 1kohm
 voltage 1v
 current 1uA
 power 1pW
 distance 1um

=== Constraint validation ===

=== Activity annotation ===
annotated_percent=100.00%
Unannotated pins: none

=== Power summary ===
Group                  Internal  Switching    Leakage      Total
                          Power      Power      Power      Power (Watts)
----------------------------------------------------------------
Sequential             4.95e-03   6.62e-06   2.30e-06   4.96e-03  99.4%
Combinational          1.29e-05   1.28e-05   2.20e-06   2.78e-05   0.6%
Clock                  0.00e+00   0.00e+00   0.00e+00   0.00e+00   0.0%
Macro                  0.00e+00   0.00e+00   0.00e+00   0.00e+00   0.0%
Pad                    0.00e+00   0.00e+00   0.00e+00   0.00e+00   0.0%
----------------------------------------------------------------
Total                  4.96e-03   1.94e-05   4.50e-06   4.98e-03 100.0%
                          99.5%       0.4%       0.1%

=== FlexSoC normalized power fields ===
dynamic_power_definition=internal_power+switching_power
power_unit=OpenSTA report unit; see Units section
internal_power=0.00496
switching_power=1.94e-05
dynamic_power=0.0049794
leakage_power=4.5e-06
total_power=0.00498
