analysis=power_analysis corner=ss stage=post_syn
workload=smoke_sv_ss
gls_report=/tmp/flexsoc-uart-interface-contract-20260914/axi_lite/runs/uart/contract/dv/functional/sim/post_syn/ihp-sg13g2/uart_post_syn_smoke_sv_ss.json
activity_file=/tmp/flexsoc-uart-interface-contract-20260914/axi_lite/runs/uart/contract/signoff/ihp-sg13g2/power/activity/captures/uart_ihp-sg13g2_smoke_sv_ss.vcd
activity_scope=uart_tb/u_uart
liberty=/home/eneadim/github/flexsoc/.flexsoc/pdks/ihp-sg13g2/ihp-sg13g2/libs.ref/sg13g2_stdcell/lib/sg13g2_stdcell_slow_1p35V_125C.lib
netlist=/tmp/flexsoc-uart-interface-contract-20260914/axi_lite/runs/uart/contract/syn/ihp-sg13g2/uart_synth.v
sdc=/tmp/flexsoc-uart-interface-contract-20260914/axi_lite/runs/uart/contract/constraints/uart.sdc
spef=

=== Units ===
 time 1ns
 capacitance 1pF
 resistance 1kohm
 voltage 1v
 current 1uA
 power 1pW
 distance 1um

=== Constraint validation ===

=== Activity annotation ===
annotated_percent=100.00%
Unannotated pins: none

=== Power summary ===
Group                  Internal  Switching    Leakage      Total
                          Power      Power      Power      Power (Watts)
----------------------------------------------------------------
Sequential             3.31e-03   3.96e-06   1.71e-06   3.31e-03  97.6%
Combinational          4.26e-05   3.62e-05   2.08e-06   8.09e-05   2.4%
Clock                  0.00e+00   0.00e+00   0.00e+00   0.00e+00   0.0%
Macro                  0.00e+00   0.00e+00   0.00e+00   0.00e+00   0.0%
Pad                    0.00e+00   0.00e+00   0.00e+00   0.00e+00   0.0%
----------------------------------------------------------------
Total                  3.35e-03   4.02e-05   3.79e-06   3.39e-03 100.0%
                          98.7%       1.2%       0.1%

=== FlexSoC normalized power fields ===
dynamic_power_definition=internal_power+switching_power
power_unit=OpenSTA report unit; see Units section
internal_power=0.00335
switching_power=4.02e-05
dynamic_power=0.0033902000000000003
leakage_power=3.79e-06
total_power=0.00339
