analysis=power_analysis corner=tt stage=post_syn
workload=noise_filter_sv_tt
gls_report=/tmp/flexsoc-reference-uart/runs/uart/reference/dv/functional/sim/post_syn/sky130/uart_post_syn_noise_filter_sv_tt.json
activity_file=/tmp/flexsoc-reference-uart/runs/uart/reference/signoff/sky130/power/activity/captures/uart_sky130_noise_filter_sv_tt.vcd
activity_scope=uart_tb/u_uart
liberty=/home/eneadim/github/flexsoc/.flexsoc/pdks/ciel/sky130/versions/f6eeac7dad085ffcc829ccfd721f7b4ce39edcf7/sky130A/libs.ref/sky130_fd_sc_hd/lib/sky130_fd_sc_hd__tt_100C_1v80.lib
netlist=/tmp/flexsoc-reference-uart/runs/uart/reference/syn/sky130/uart_synth.v
sdc=/tmp/flexsoc-reference-uart/runs/uart/reference/signoff/sky130/uart.sdc
spef=

=== Units ===
 time 1ns
 capacitance 1pF
 resistance 1kohm
 voltage 1v
 current 1mA
 power 1nW
 distance 1um

=== Constraint validation ===

=== Activity annotation ===
annotated_percent=100.00%
Unannotated pins: none

=== Power summary ===
Group                  Internal  Switching    Leakage      Total
                          Power      Power      Power      Power (Watts)
----------------------------------------------------------------
Sequential             1.55e-03   5.66e-06   1.16e-06   1.56e-03  98.3%
Combinational          1.27e-05   1.31e-05   6.46e-07   2.64e-05   1.7%
Clock                  0.00e+00   0.00e+00   0.00e+00   0.00e+00   0.0%
Macro                  0.00e+00   0.00e+00   0.00e+00   0.00e+00   0.0%
Pad                    0.00e+00   0.00e+00   0.00e+00   0.00e+00   0.0%
----------------------------------------------------------------
Total                  1.57e-03   1.87e-05   1.81e-06   1.59e-03 100.0%
                          98.7%       1.2%       0.1%

=== FlexSoC normalized power fields ===
dynamic_power_definition=internal_power+switching_power
power_unit=OpenSTA report unit; see Units section
internal_power=0.00157
switching_power=1.87e-05
dynamic_power=0.0015887
leakage_power=1.81e-06
total_power=0.00159
