analysis=power_analysis corner=ss stage=post_syn
workload=auto_toggle_sv_ss
gls_report=/tmp/flexsoc-repack/uart_master/runs/uart_master/dev/dv/functional/sim/post_syn/sky130/uart_master_post_syn_auto_toggle_sv_ss.json
activity_file=/tmp/flexsoc-repack/uart_master/runs/uart_master/dev/signoff/sky130/power/activity/captures/uart_master_sky130_auto_toggle_sv_ss.vcd
activity_scope=uart_master_tb/u_uart_master
liberty=/home/eneadim/github/flexsoc/.flexsoc/pdks/ciel/sky130/versions/f6eeac7dad085ffcc829ccfd721f7b4ce39edcf7/sky130A/libs.ref/sky130_fd_sc_hd/lib/sky130_fd_sc_hd__ss_n40C_1v76.lib
netlist=/tmp/flexsoc-repack/uart_master/runs/uart_master/dev/syn/sky130/uart_master_synth.v
sdc=/tmp/flexsoc-repack/uart_master/runs/uart_master/dev/constraints/uart_master.sdc
spef=

=== Units ===
 time 1ns
 capacitance 1pF
 resistance 1kohm
 voltage 1v
 current 1mA
 power 1nW
 distance 1um

=== Constraint validation ===

=== Activity annotation ===
annotated_percent=100.00%
Unannotated pins: none

=== Power summary ===
Group                  Internal  Switching    Leakage      Total
                          Power      Power      Power      Power (Watts)
----------------------------------------------------------------
Sequential             2.07e-03   1.78e-05   2.78e-09   2.09e-03  96.0%
Combinational          3.99e-05   4.76e-05   2.85e-09   8.76e-05   4.0%
Clock                  0.00e+00   0.00e+00   0.00e+00   0.00e+00   0.0%
Macro                  0.00e+00   0.00e+00   0.00e+00   0.00e+00   0.0%
Pad                    0.00e+00   0.00e+00   0.00e+00   0.00e+00   0.0%
----------------------------------------------------------------
Total                  2.11e-03   6.54e-05   5.63e-09   2.18e-03 100.0%
                          97.0%       3.0%       0.0%

=== FlexSoC normalized power fields ===
dynamic_power_definition=internal_power+switching_power
power_unit=OpenSTA report unit; see Units section
internal_power=0.00211
switching_power=6.54e-05
dynamic_power=0.0021754
leakage_power=5.63e-09
total_power=0.00218
