analysis=power_analysis corner=ss stage=post_syn
workload=random_seed_2_sv_ss
gls_report=/home/eneadim/github/flexsoc/workspace/runs/uart/dev/dv/functional/sim/post_syn/sky130/uart_post_syn_random_seed_2_sv_ss.json
activity_file=/home/eneadim/github/flexsoc/workspace/runs/uart/dev/signoff/sky130/power/activity/captures/uart_sky130_random_seed_2_sv_ss.vcd
activity_scope=uart_tb/u_uart
liberty=/home/eneadim/github/flexsoc/.flexsoc/pdks/ciel/sky130/versions/f6eeac7dad085ffcc829ccfd721f7b4ce39edcf7/sky130A/libs.ref/sky130_fd_sc_hd/lib/sky130_fd_sc_hd__ss_n40C_1v76.lib
netlist=/home/eneadim/github/flexsoc/workspace/runs/uart/dev/syn/sky130/uart_synth.v
sdc=/home/eneadim/github/flexsoc/workspace/runs/uart/dev/signoff/sky130/uart.sdc
spef=

=== Units ===
 time 1ns
 capacitance 1pF
 resistance 1kohm
 voltage 1v
 current 1mA
 power 1nW
 distance 1um

=== Constraint validation ===

=== Activity annotation ===
annotated_percent=100.00%
Unannotated pins: none

=== Power summary ===
Group                  Internal  Switching    Leakage      Total
                          Power      Power      Power      Power (Watts)
----------------------------------------------------------------
Sequential             1.45e-03   2.51e-06   1.97e-09   1.46e-03  99.3%
Combinational          5.09e-06   5.70e-06   9.37e-10   1.08e-05   0.7%
Clock                  0.00e+00   0.00e+00   0.00e+00   0.00e+00   0.0%
Macro                  0.00e+00   0.00e+00   0.00e+00   0.00e+00   0.0%
Pad                    0.00e+00   0.00e+00   0.00e+00   0.00e+00   0.0%
----------------------------------------------------------------
Total                  1.46e-03   8.21e-06   2.91e-09   1.47e-03 100.0%
                          99.4%       0.6%       0.0%

=== Highest-power instances ===
   Internal  Switching    Leakage      Total
      Power      Power      Power      Power (Watts)
--------------------------------------------
   4.92e-06   1.05e-06   3.99e-12   5.97e-06 _1985_
   4.90e-06   3.63e-07   3.99e-12   5.26e-06 _1984_
   4.42e-06   3.49e-07   3.99e-12   4.77e-06 _1925_
   4.47e-06   1.79e-07   3.99e-12   4.64e-06 _1920_
   4.39e-06   5.86e-11   6.68e-12   4.39e-06 _2005_
   4.39e-06   5.68e-11   6.34e-12   4.39e-06 _2000_
   4.39e-06   5.82e-11   6.68e-12   4.39e-06 _2010_
   4.39e-06   4.18e-11   6.68e-12   4.39e-06 _1996_
   4.39e-06   5.91e-11   6.67e-12   4.39e-06 _2158_
   4.39e-06   5.92e-11   6.68e-12   4.39e-06 _2024_
   4.39e-06   5.86e-11   6.67e-12   4.39e-06 _2032_
   4.39e-06   5.87e-11   6.34e-12   4.39e-06 _2157_
   4.39e-06   5.86e-11   6.67e-12   4.39e-06 _2095_
   4.39e-06   5.85e-11   6.68e-12   4.39e-06 _2094_
   4.39e-06   4.18e-11   6.67e-12   4.39e-06 _2025_
   4.39e-06   4.18e-11   6.09e-12   4.39e-06 _2031_
   4.39e-06   5.92e-11   6.68e-12   4.39e-06 _2023_
   4.39e-06   5.87e-11   6.35e-12   4.39e-06 _2156_
   4.39e-06   5.85e-11   6.59e-12   4.39e-06 _2093_
   4.39e-06   4.18e-11   6.12e-12   4.39e-06 _2030_

=== FlexSoC normalized power fields ===
dynamic_power_definition=internal_power+switching_power
power_unit=OpenSTA report unit; see Units section
internal_power=0.00146
switching_power=8.21e-06
dynamic_power=0.00146821
leakage_power=2.91e-09
total_power=0.00147
