analysis=power_analysis corner=tt stage=post_syn
workload=random_seed_2_sv_tt
gls_report=/home/eneadim/github/flexsoc/runs/cordic/refresh_tlul/dv/functional/sim/post_syn/sky130/cordic_post_syn_random_seed_2_sv_tt.json
activity_file=/home/eneadim/github/flexsoc/runs/cordic/refresh_tlul/signoff/sky130/power/activity/captures/cordic_sky130_random_seed_2_sv_tt.vcd
activity_scope=cordic_tb/u_cordic
liberty=/home/eneadim/github/flexsoc/.flexsoc/pdks/ciel/sky130/versions/f6eeac7dad085ffcc829ccfd721f7b4ce39edcf7/sky130A/libs.ref/sky130_fd_sc_hd/lib/sky130_fd_sc_hd__tt_100C_1v80.lib
netlist=/home/eneadim/github/flexsoc/runs/cordic/refresh_tlul/syn/sky130/cordic_synth.v
sdc=/home/eneadim/github/flexsoc/runs/cordic/refresh_tlul/constraints/cordic.sdc
spef=

=== Units ===
 time 1ns
 capacitance 1pF
 resistance 1kohm
 voltage 1v
 current 1mA
 power 1nW
 distance 1um

=== Constraint validation ===

=== Activity annotation ===
annotated_percent=100.00%
Unannotated pins: none

=== Power summary ===
Group                  Internal  Switching    Leakage      Total
                          Power      Power      Power      Power (Watts)
----------------------------------------------------------------
Sequential             1.31e-03   1.49e-05   1.09e-06   1.33e-03  86.0%
Combinational          1.01e-04   1.14e-04   1.69e-06   2.16e-04  14.0%
Clock                  0.00e+00   0.00e+00   0.00e+00   0.00e+00   0.0%
Macro                  0.00e+00   0.00e+00   0.00e+00   0.00e+00   0.0%
Pad                    0.00e+00   0.00e+00   0.00e+00   0.00e+00   0.0%
----------------------------------------------------------------
Total                  1.41e-03   1.29e-04   2.78e-06   1.54e-03 100.0%
                          91.5%       8.3%       0.2%

=== FlexSoC normalized power fields ===
dynamic_power_definition=internal_power+switching_power
power_unit=OpenSTA report unit; see Units section
internal_power=0.00141
switching_power=0.000129
dynamic_power=0.001539
leakage_power=2.78e-06
total_power=0.00154
