analysis=power_analysis corner=ff stage=post_syn
workload=smoke_sv_ff
gls_report=/tmp/flexsoc-repack/cordic/runs/cordic/dev/dv/functional/sim/post_syn/ihp-sg13g2/cordic_post_syn_smoke_sv_ff.json
activity_file=/tmp/flexsoc-repack/cordic/runs/cordic/dev/signoff/ihp-sg13g2/power/activity/captures/cordic_ihp-sg13g2_smoke_sv_ff.vcd
activity_scope=cordic_tb/u_cordic
liberty=/home/eneadim/github/flexsoc/.flexsoc/pdks/ihp-sg13g2/ihp-sg13g2/libs.ref/sg13g2_stdcell/lib/sg13g2_stdcell_fast_1p65V_m40C.lib
netlist=/tmp/flexsoc-repack/cordic/runs/cordic/dev/syn/ihp-sg13g2/cordic_synth.v
sdc=/tmp/flexsoc-repack/cordic/runs/cordic/dev/constraints/cordic.sdc
spef=

=== Units ===
 time 1ns
 capacitance 1pF
 resistance 1kohm
 voltage 1v
 current 1uA
 power 1pW
 distance 1um

=== Constraint validation ===

=== Activity annotation ===
annotated_percent=100.00%
Unannotated pins: none

=== Power summary ===
Group                  Internal  Switching    Leakage      Total
                          Power      Power      Power      Power (Watts)
----------------------------------------------------------------
Sequential             3.08e-03   1.76e-05   1.41e-06   3.10e-03  92.4%
Combinational          1.15e-04   1.38e-04   2.62e-06   2.55e-04   7.6%
Clock                  0.00e+00   0.00e+00   0.00e+00   0.00e+00   0.0%
Macro                  0.00e+00   0.00e+00   0.00e+00   0.00e+00   0.0%
Pad                    0.00e+00   0.00e+00   0.00e+00   0.00e+00   0.0%
----------------------------------------------------------------
Total                  3.19e-03   1.55e-04   4.03e-06   3.35e-03 100.0%
                          95.2%       4.6%       0.1%

=== FlexSoC normalized power fields ===
dynamic_power_definition=internal_power+switching_power
power_unit=OpenSTA report unit; see Units section
internal_power=0.00319
switching_power=0.000155
dynamic_power=0.0033450000000000003
leakage_power=4.03e-06
total_power=0.00335
