analysis=power_analysis corner=ss stage=post_syn
workload=line_loopback_sv_ss
gls_report=/home/eneadim/github/flexsoc/runs/uart/refresh_tlul_repo/dv/functional/sim/post_syn/ihp-sg13g2/uart_post_syn_line_loopback_sv_ss.json
activity_file=/home/eneadim/github/flexsoc/runs/uart/refresh_tlul_repo/signoff/ihp-sg13g2/power/activity/captures/uart_ihp-sg13g2_line_loopback_sv_ss.vcd
activity_scope=uart_tb/u_uart
liberty=/home/eneadim/github/flexsoc/.flexsoc/pdks/ihp-sg13g2/ihp-sg13g2/libs.ref/sg13g2_stdcell/lib/sg13g2_stdcell_slow_1p35V_125C.lib
netlist=/home/eneadim/github/flexsoc/runs/uart/refresh_tlul_repo/syn/ihp-sg13g2/uart_synth.v
sdc=/home/eneadim/github/flexsoc/runs/uart/refresh_tlul_repo/constraints/uart.sdc
spef=

=== Units ===
 time 1ns
 capacitance 1pF
 resistance 1kohm
 voltage 1v
 current 1uA
 power 1pW
 distance 1um

=== Constraint validation ===

=== Activity annotation ===
annotated_percent=100.00%
Unannotated pins: none

=== Power summary ===
Group                  Internal  Switching    Leakage      Total
                          Power      Power      Power      Power (Watts)
----------------------------------------------------------------
Sequential             2.44e-03   6.14e-06   1.27e-06   2.45e-03  98.7%
Combinational          1.54e-05   1.63e-05   9.76e-07   3.26e-05   1.3%
Clock                  0.00e+00   0.00e+00   0.00e+00   0.00e+00   0.0%
Macro                  0.00e+00   0.00e+00   0.00e+00   0.00e+00   0.0%
Pad                    0.00e+00   0.00e+00   0.00e+00   0.00e+00   0.0%
----------------------------------------------------------------
Total                  2.46e-03   2.24e-05   2.24e-06   2.48e-03 100.0%
                          99.0%       0.9%       0.1%

=== FlexSoC normalized power fields ===
dynamic_power_definition=internal_power+switching_power
power_unit=OpenSTA report unit; see Units section
internal_power=0.00246
switching_power=2.24e-05
dynamic_power=0.0024824
leakage_power=2.24e-06
total_power=0.00248
