OpenROAD 26Q3-1305-gf552262465 
Features included (+) or not (-): +GPU +GUI +Python
This program is licensed under the BSD-3 license. See the LICENSE file for details.
Components of this program may be licensed under more restrictive licenses which must be honored.
[INFO ORD-0030] Using 12 thread(s).
source /home/eneadim/OpenROAD-flow-scripts/flow/platforms/ihp-sg13g2/suppress_message.tcl
read_liberty /home/eneadim/OpenROAD-flow-scripts/flow/platforms/ihp-sg13g2/lib/sg13g2_stdcell_typ_1p20V_25C.lib
read_db /tmp/flexsoc-uart-interface-contract-20260914/axi_lite/runs/uart/contract/syn/ihp-sg13g2/repair_work/results/ihp-sg13g2/uart/base/1_synth.odb
read_sdc /tmp/flexsoc-uart-interface-contract-20260914/axi_lite/runs/uart/contract/syn/ihp-sg13g2/repair_work/results/ihp-sg13g2/uart/base/1_synth.sdc
source /home/eneadim/OpenROAD-flow-scripts/flow/platforms/ihp-sg13g2/setRC.tcl

==========================================================================
Floorplan check_setup
--------------------------------------------------------------------------
number instances in verilog is 2381
[INFO IFP-0107] Defining die area using utilization: 50.00% and aspect ratio: 1.
[WARNING IFP-0028] Core area lower left (17.500, 17.500) snapped to (17.760, 18.900).
[INFO IFP-0001] Added 74 rows of 590 site CoreSite.
[INFO IFP-0100] Die BBox:  (  0.000  0.000 ) ( 318.565 318.565 ) um
[INFO IFP-0101] Core BBox: ( 17.760 18.900 ) ( 300.960 298.620 ) um
[INFO IFP-0102] Core area:                        79216.704 um^2
[INFO IFP-0103] Total instances area:             40205.290 um^2
[INFO IFP-0104] Effective utilization:                0.508
[INFO IFP-0105] Number of instances:                   2381
source /home/eneadim/OpenROAD-flow-scripts/flow/platforms/ihp-sg13g2/make_tracks.tcl
source /home/eneadim/OpenROAD-flow-scripts/flow/platforms/ihp-sg13g2/fastroute.tcl
Repair tie lo fanout...
[INFO RSZ-0042] Inserted 2 tie sg13g2_tielo instances.
Repair tie hi fanout...
[INFO RSZ-0042] Inserted 199 tie sg13g2_tiehi instances.
repair_timing -setup_margin 0 -hold_margin 0.1 -repair_tns 100 -match_cell_footprint -setup -skip_last_gasp -sequence unbuffer,sizeup,swap,vt_swap -verbose
[WARNING EST-0027] no estimated parasitics. Using wire load models.
[INFO RSZ-0100] Repair move sequence: UnbufferMove SizeUpMove SwapPinsMove 
[INFO RSZ-0098] No setup violations found
[INFO RSZ-0505] Runtime: 0.05s
Default units for flow
 time 1ns
 capacitance 1pF
 resistance 1kohm
 voltage 1v
 current 1uA
 power 1pW
 distance 1um
   Layer   | Unit Resistance | Unit Capacitance 
           |       (kohm/um) |          (pF/um)
------------------------------------------------
    Metal1 |        8.55e-03 |         1.00e-10
    Metal2 |        4.40e-04 |         1.69e-04
    Metal3 |        4.40e-04 |         1.83e-04
    Metal4 |        4.40e-04 |         1.66e-04
    Metal5 |        4.40e-04 |         8.57e-05
 TopMetal1 |        1.28e-05 |         1.11e-04
 TopMetal2 |        7.25e-06 |         9.01e-05
------------------------------------------------

   Layer   | Via Resistance 
           |         (kohm) 
----------------------------
      Via1 |       2.00e-03 
      Via2 |       2.00e-03 
      Via3 |       2.00e-03 
      Via4 |       2.00e-03 
   TopVia1 |       4.00e-04 
   TopVia2 |       2.20e-04 
----------------------------
Report metrics stage 2, floorplan final...

==========================================================================
floorplan final report_design_area
--------------------------------------------------------------------------
Design area 41650 um^2 53% utilization.
write_db /tmp/flexsoc-uart-interface-contract-20260914/axi_lite/runs/uart/contract/syn/ihp-sg13g2/repair_work/results/ihp-sg13g2/uart/base/2_1_floorplan.odb
write_sdc -no_timestamp /tmp/flexsoc-uart-interface-contract-20260914/axi_lite/runs/uart/contract/syn/ihp-sg13g2/repair_work/results/ihp-sg13g2/uart/base/2_1_floorplan.sdc
Elapsed time: 0:00.90[h:]min:sec. CPU time: user 0.91 sys 0.16 (119%). Peak memory: 129264KB.
Log                       Ext     Elapsed/s Peak Memory/MB sha1sum result [0:20)
2_1_floorplan             .odb            0            126 e091ca1a2bb1c2226930
2_1_floorplan             .sdc                             ddf82ab6a1b364718d8e
