
==========================================================================
floorplan final report_tns
--------------------------------------------------------------------------
tns max 0.00

==========================================================================
floorplan final report_wns
--------------------------------------------------------------------------
wns max 0.00

==========================================================================
floorplan final report_worst_slack
--------------------------------------------------------------------------
worst slack max 5.88

==========================================================================
floorplan final report_clock_min_period
--------------------------------------------------------------------------
core period_min = 4.12 fmax = 242.53

==========================================================================
floorplan final report_checks -path_delay min
--------------------------------------------------------------------------
Startpoint: rst_ni (input port clocked by core)
Endpoint: _3065_ (removal check against rising-edge clock core)
Path Group: asynchronous
Path Type: min

Fanout     Cap    Slew   Delay    Time   Description
-----------------------------------------------------------------------------
                  0.00    0.05    0.05   clock core (rise edge)
                          0.05    0.10   clock network delay (ideal)
                          0.00    0.10 ^ input external delay
     4    0.02    0.00    0.00    0.10 ^ rst_ni (in)
                                         rst_ni (net)
                  0.00    0.00    0.10 ^ _3065_/RESET_B (sg13g2_dfrbpq_1)
                                  0.10   data arrival time

                  0.00    0.05    0.05   clock core (rise edge)
                          0.05    0.10   clock network delay (ideal)
                          0.01    0.11   clock uncertainty
                          0.00    0.11   clock reconvergence pessimism
                                  0.11 ^ _3065_/CLK (sg13g2_dfrbpq_1)
                         -0.10    0.01   library removal time
                                  0.01   data required time
-----------------------------------------------------------------------------
                                  0.01   data required time
                                 -0.10   data arrival time
-----------------------------------------------------------------------------
                                  0.09   slack (MET)


Startpoint: rx_i (input port clocked by core)
Endpoint: _3045_ (rising edge-triggered flip-flop clocked by core)
Path Group: core
Path Type: min

Fanout     Cap    Slew   Delay    Time   Description
-----------------------------------------------------------------------------
                  0.00    0.05    0.05   clock core (rise edge)
                          0.05    0.10   clock network delay (ideal)
                          0.00    0.10 ^ input external delay
     2    0.01    0.00    0.00    0.10 ^ rx_i (in)
                                         rx_i (net)
                  0.00    0.00    0.10 ^ _1479_/A (sg13g2_inv_1)
     1    0.00    0.01    0.02    0.12 v _1479_/Y (sg13g2_inv_1)
                                         _0050_ (net)
                  0.01    0.00    0.12 v _3045_/D (sg13g2_dfrbpq_1)
                                  0.12   data arrival time

                  0.00    0.05    0.05   clock core (rise edge)
                          0.05    0.10   clock network delay (ideal)
                          0.01    0.11   clock uncertainty
                          0.00    0.11   clock reconvergence pessimism
                                  0.11 ^ _3045_/CLK (sg13g2_dfrbpq_1)
                         -0.03    0.08   library hold time
                                  0.08   data required time
-----------------------------------------------------------------------------
                                  0.08   data required time
                                 -0.12   data arrival time
-----------------------------------------------------------------------------
                                  0.04   slack (MET)



==========================================================================
floorplan final report_checks -path_delay max
--------------------------------------------------------------------------
Startpoint: rst_ni (input port clocked by core)
Endpoint: _3065_ (recovery check against rising-edge clock core)
Path Group: asynchronous
Path Type: max

Fanout     Cap    Slew   Delay    Time   Description
-----------------------------------------------------------------------------
                  0.00    0.05    0.05   clock core (rise edge)
                          0.05    0.10   clock network delay (ideal)
                          2.00    2.10 ^ input external delay
     4    0.02    0.00    0.00    2.10 ^ rst_ni (in)
                                         rst_ni (net)
                  0.00    0.00    2.10 ^ _3065_/RESET_B (sg13g2_dfrbpq_1)
                                  2.10   data arrival time

                  0.00   10.05   10.05   clock core (rise edge)
                          0.05   10.10   clock network delay (ideal)
                         -0.02   10.08   clock uncertainty
                          0.00   10.08   clock reconvergence pessimism
                                 10.08 ^ _3065_/CLK (sg13g2_dfrbpq_1)
                         -0.12    9.96   library recovery time
                                  9.96   data required time
-----------------------------------------------------------------------------
                                  9.96   data required time
                                 -2.10   data arrival time
-----------------------------------------------------------------------------
                                  7.86   slack (MET)


Startpoint: rx_i (input port clocked by core)
Endpoint: tx_o (output port clocked by core)
Path Group: core
Path Type: max

Fanout     Cap    Slew   Delay    Time   Description
-----------------------------------------------------------------------------
                  0.00    0.05    0.05   clock core (rise edge)
                          0.05    0.10   clock network delay (ideal)
                          2.00    2.10 v input external delay
     2    0.01    0.00    0.00    2.10 v rx_i (in)
                                         rx_i (net)
                  0.00    0.00    2.10 v _2917_/A (sg13g2_nand2_1)
     1    0.00    0.03    0.02    2.12 ^ _2917_/Y (sg13g2_nand2_1)
                                         _1294_ (net)
                  0.03    0.00    2.12 ^ _2918_/B1 (sg13g2_o21ai_1)
     1    0.01    0.08    0.07    2.20 v _2918_/Y (sg13g2_o21ai_1)
                                         tx_o (net)
                  0.08    0.00    2.20 v tx_o (out)
                                  2.20   data arrival time

                  0.00   10.05   10.05   clock core (rise edge)
                          0.05   10.10   clock network delay (ideal)
                         -0.02   10.08   clock uncertainty
                          0.00   10.08   clock reconvergence pessimism
                         -2.00    8.08   output external delay
                                  8.08   data required time
-----------------------------------------------------------------------------
                                  8.08   data required time
                                 -2.20   data arrival time
-----------------------------------------------------------------------------
                                  5.88   slack (MET)



==========================================================================
floorplan final report_checks -unconstrained
--------------------------------------------------------------------------
Startpoint: rst_ni (input port clocked by core)
Endpoint: _3065_ (recovery check against rising-edge clock core)
Path Group: asynchronous
Path Type: max

Fanout     Cap    Slew   Delay    Time   Description
-----------------------------------------------------------------------------
                  0.00    0.05    0.05   clock core (rise edge)
                          0.05    0.10   clock network delay (ideal)
                          2.00    2.10 ^ input external delay
     4    0.02    0.00    0.00    2.10 ^ rst_ni (in)
                                         rst_ni (net)
                  0.00    0.00    2.10 ^ _3065_/RESET_B (sg13g2_dfrbpq_1)
                                  2.10   data arrival time

                  0.00   10.05   10.05   clock core (rise edge)
                          0.05   10.10   clock network delay (ideal)
                         -0.02   10.08   clock uncertainty
                          0.00   10.08   clock reconvergence pessimism
                                 10.08 ^ _3065_/CLK (sg13g2_dfrbpq_1)
                         -0.12    9.96   library recovery time
                                  9.96   data required time
-----------------------------------------------------------------------------
                                  9.96   data required time
                                 -2.10   data arrival time
-----------------------------------------------------------------------------
                                  7.86   slack (MET)


Startpoint: rx_i (input port clocked by core)
Endpoint: tx_o (output port clocked by core)
Path Group: core
Path Type: max

Fanout     Cap    Slew   Delay    Time   Description
-----------------------------------------------------------------------------
                  0.00    0.05    0.05   clock core (rise edge)
                          0.05    0.10   clock network delay (ideal)
                          2.00    2.10 v input external delay
     2    0.01    0.00    0.00    2.10 v rx_i (in)
                                         rx_i (net)
                  0.00    0.00    2.10 v _2917_/A (sg13g2_nand2_1)
     1    0.00    0.03    0.02    2.12 ^ _2917_/Y (sg13g2_nand2_1)
                                         _1294_ (net)
                  0.03    0.00    2.12 ^ _2918_/B1 (sg13g2_o21ai_1)
     1    0.01    0.08    0.07    2.20 v _2918_/Y (sg13g2_o21ai_1)
                                         tx_o (net)
                  0.08    0.00    2.20 v tx_o (out)
                                  2.20   data arrival time

                  0.00   10.05   10.05   clock core (rise edge)
                          0.05   10.10   clock network delay (ideal)
                         -0.02   10.08   clock uncertainty
                          0.00   10.08   clock reconvergence pessimism
                         -2.00    8.08   output external delay
                                  8.08   data required time
-----------------------------------------------------------------------------
                                  8.08   data required time
                                 -2.20   data arrival time
-----------------------------------------------------------------------------
                                  5.88   slack (MET)



==========================================================================
floorplan final report_power
--------------------------------------------------------------------------
Group                  Internal  Switching    Leakage      Total
                          Power      Power      Power      Power (Watts)
----------------------------------------------------------------
Sequential             2.14e-03   4.53e-05   1.74e-07   2.19e-03  88.9%
Combinational          1.44e-04   1.30e-04   1.76e-07   2.74e-04  11.1%
Clock                  0.00e+00   0.00e+00   0.00e+00   0.00e+00   0.0%
Macro                  0.00e+00   0.00e+00   0.00e+00   0.00e+00   0.0%
Pad                    0.00e+00   0.00e+00   0.00e+00   0.00e+00   0.0%
----------------------------------------------------------------
Total                  2.29e-03   1.76e-04   3.49e-07   2.46e-03 100.0%
                          92.9%       7.1%       0.0%
