analysis=power_analysis corner=ff stage=post_syn
workload=quadrant_sweep_sv_ff
gls_report=/home/eneadim/github/flexsoc/workspace/runs/cordic/dev/dv/functional/sim/post_syn/ihp-sg13g2/cordic_post_syn_quadrant_sweep_sv_ff.json
activity_file=/home/eneadim/github/flexsoc/workspace/runs/cordic/dev/signoff/ihp-sg13g2/power/activity/captures/cordic_ihp-sg13g2_quadrant_sweep_sv_ff.vcd
activity_scope=cordic_tb/u_cordic
liberty=/home/eneadim/github/flexsoc/.flexsoc/pdks/ihp-sg13g2/ihp-sg13g2/libs.ref/sg13g2_stdcell/lib/sg13g2_stdcell_fast_1p65V_m40C.lib
netlist=/home/eneadim/github/flexsoc/workspace/runs/cordic/dev/syn/ihp-sg13g2/cordic_synth.v
sdc=/home/eneadim/github/flexsoc/workspace/runs/cordic/dev/signoff/ihp-sg13g2/cordic.sdc
spef=

=== Units ===
 time 1ns
 capacitance 1pF
 resistance 1kohm
 voltage 1v
 current 1uA
 power 1pW
 distance 1um

=== Constraint validation ===

=== Activity annotation ===
annotated_percent=100.00%
Unannotated pins: none

=== Power summary ===
Group                  Internal  Switching    Leakage      Total
                          Power      Power      Power      Power (Watts)
----------------------------------------------------------------
Sequential             2.94e-03   5.83e-06   1.35e-06   2.95e-03  95.8%
Combinational          6.30e-05   6.38e-05   2.45e-06   1.29e-04   4.2%
Clock                  0.00e+00   0.00e+00   0.00e+00   0.00e+00   0.0%
Macro                  0.00e+00   0.00e+00   0.00e+00   0.00e+00   0.0%
Pad                    0.00e+00   0.00e+00   0.00e+00   0.00e+00   0.0%
----------------------------------------------------------------
Total                  3.00e-03   6.96e-05   3.80e-06   3.08e-03 100.0%
                          97.6%       2.3%       0.1%

=== Highest-power instances ===
   Internal  Switching    Leakage      Total
      Power      Power      Power      Power (Watts)
--------------------------------------------
   9.97e-06   2.58e-06   4.60e-09   1.25e-05 _4789_
   1.16e-05   2.47e-09   4.58e-09   1.16e-05 _4716_
   1.16e-05   3.92e-10   4.58e-09   1.16e-05 _4770_
   1.16e-05   1.46e-09   4.59e-09   1.16e-05 _4612_
   1.15e-05   3.61e-09   4.60e-09   1.15e-05 _4896_
   1.12e-05   5.52e-08   4.61e-09   1.13e-05 _4829_
   1.12e-05   5.26e-08   4.61e-09   1.13e-05 _4811_
   1.12e-05   7.22e-09   4.61e-09   1.12e-05 _4738_
   1.12e-05   7.22e-09   4.61e-09   1.12e-05 _4748_
   1.12e-05   8.02e-09   4.61e-09   1.12e-05 _4743_
   1.12e-05   7.22e-09   4.61e-09   1.12e-05 _4741_
   1.12e-05   8.02e-09   4.61e-09   1.12e-05 _4740_
   1.12e-05   6.42e-09   4.61e-09   1.12e-05 _4747_
   1.12e-05   6.42e-09   4.61e-09   1.12e-05 _4757_
   1.12e-05   7.22e-09   4.61e-09   1.12e-05 _4766_
   1.12e-05   7.22e-09   4.61e-09   1.12e-05 _4753_
   1.12e-05   7.22e-09   4.61e-09   1.12e-05 _4768_
   1.12e-05   7.22e-09   4.61e-09   1.12e-05 _4767_
   1.12e-05   7.22e-09   4.61e-09   1.12e-05 _4765_
   1.12e-05   7.22e-09   4.61e-09   1.12e-05 _4764_

=== FlexSoC normalized power fields ===
dynamic_power_definition=internal_power+switching_power
power_unit=OpenSTA report unit; see Units section
internal_power=0.003
switching_power=6.96e-05
dynamic_power=0.0030696
leakage_power=3.8e-06
total_power=0.00308
