analysis=power_analysis corner=ff stage=post_syn
workload=random_seed_2_sv_ff
gls_report=/tmp/flexsoc-repack/uart_master/runs/uart_master/dev/dv/functional/sim/post_syn/ihp-sg13g2/uart_master_post_syn_random_seed_2_sv_ff.json
activity_file=/tmp/flexsoc-repack/uart_master/runs/uart_master/dev/signoff/ihp-sg13g2/power/activity/captures/uart_master_ihp-sg13g2_random_seed_2_sv_ff.vcd
activity_scope=uart_master_tb/u_uart_master
liberty=/home/eneadim/github/flexsoc/.flexsoc/pdks/ihp-sg13g2/ihp-sg13g2/libs.ref/sg13g2_stdcell/lib/sg13g2_stdcell_fast_1p65V_m40C.lib
netlist=/tmp/flexsoc-repack/uart_master/runs/uart_master/dev/syn/ihp-sg13g2/uart_master_synth.v
sdc=/tmp/flexsoc-repack/uart_master/runs/uart_master/dev/constraints/uart_master.sdc
spef=

=== Units ===
 time 1ns
 capacitance 1pF
 resistance 1kohm
 voltage 1v
 current 1uA
 power 1pW
 distance 1um

=== Constraint validation ===

=== Activity annotation ===
annotated_percent=100.00%
Unannotated pins: none

=== Power summary ===
Group                  Internal  Switching    Leakage      Total
                          Power      Power      Power      Power (Watts)
----------------------------------------------------------------
Sequential             4.90e-03   6.79e-06   2.30e-06   4.91e-03  99.4%
Combinational          1.46e-05   1.43e-05   2.06e-06   3.10e-05   0.6%
Clock                  0.00e+00   0.00e+00   0.00e+00   0.00e+00   0.0%
Macro                  0.00e+00   0.00e+00   0.00e+00   0.00e+00   0.0%
Pad                    0.00e+00   0.00e+00   0.00e+00   0.00e+00   0.0%
----------------------------------------------------------------
Total                  4.92e-03   2.11e-05   4.36e-06   4.94e-03 100.0%
                          99.5%       0.4%       0.1%

=== FlexSoC normalized power fields ===
dynamic_power_definition=internal_power+switching_power
power_unit=OpenSTA report unit; see Units section
internal_power=0.00492
switching_power=2.11e-05
dynamic_power=0.0049410999999999995
leakage_power=4.36e-06
total_power=0.00494
