analysis=power_estimate activity_source=input_assumption
activity_model=input
activity=0.1
duty=0.5
corner=tt stage=post_syn
liberty=/home/eneadim/github/flexsoc/.flexsoc/pdks/ihp-sg13g2/ihp-sg13g2/libs.ref/sg13g2_stdcell/lib/sg13g2_stdcell_typ_1p50V_25C.lib
netlist=/home/eneadim/github/flexsoc/workspace/runs/cordic/dev/syn/ihp-sg13g2/cordic_synth.v
sdc=/home/eneadim/github/flexsoc/workspace/runs/cordic/dev/signoff/ihp-sg13g2/cordic.sdc
spef=

=== Units ===
 time 1ns
 capacitance 1pF
 resistance 1kohm
 voltage 1v
 current 1uA
 power 1pW
 distance 1um

=== Constraint validation ===

=== Power summary ===
Group                  Internal  Switching    Leakage      Total
                          Power      Power      Power      Power (Watts)
----------------------------------------------------------------
Sequential             2.69e-03   1.36e-04   4.04e-07   2.83e-03  50.9%
Combinational          1.18e-03   1.54e-03   7.39e-07   2.72e-03  49.1%
Clock                  0.00e+00   0.00e+00   0.00e+00   0.00e+00   0.0%
Macro                  0.00e+00   0.00e+00   0.00e+00   0.00e+00   0.0%
Pad                    0.00e+00   0.00e+00   0.00e+00   0.00e+00   0.0%
----------------------------------------------------------------
Total                  3.87e-03   1.67e-03   1.14e-06   5.55e-03 100.0%
                          69.8%      30.1%       0.0%

=== Highest-power instances ===
   Internal  Switching    Leakage      Total
      Power      Power      Power      Power (Watts)
--------------------------------------------
   1.26e-05   3.19e-05   1.47e-09   4.45e-05 _4789_
   1.29e-05   1.27e-05   1.42e-09   2.56e-05 _4791_
   1.29e-05   1.04e-05   1.43e-09   2.33e-05 _4790_
   1.19e-05   8.16e-06   1.37e-09   2.00e-05 _4792_
   2.98e-07   1.75e-05   1.47e-10   1.78e-05 _2916_
   1.72e-06   1.59e-05   1.78e-10   1.76e-05 _3279_
   1.30e-05   3.15e-06   1.42e-09   1.61e-05 _4828_
   7.72e-06   7.79e-06   6.05e-10   1.55e-05 _3362_
   1.30e-05   2.40e-06   1.43e-09   1.54e-05 _4847_
   2.70e-07   1.47e-05   2.19e-10   1.50e-05 _3210_
   7.54e-06   7.29e-06   5.11e-10   1.48e-05 _3352_
   7.23e-06   7.14e-06   5.37e-10   1.44e-05 _3369_
   9.66e-06   4.41e-06   1.38e-09   1.41e-05 _4899_
   7.40e-06   6.47e-06   4.87e-10   1.39e-05 _3330_
   2.30e-06   1.15e-05   4.84e-10   1.38e-05 _3278_
   4.99e-06   8.75e-06   5.55e-10   1.37e-05 _3277_
   7.70e-06   6.05e-06   6.00e-10   1.37e-05 _3357_
   7.21e-06   6.07e-06   5.93e-10   1.33e-05 _3322_
   7.39e-06   5.85e-06   5.01e-10   1.32e-05 _3346_
   1.17e-05   1.26e-06   1.37e-09   1.30e-05 _4838_

=== FlexSoC normalized power fields ===
dynamic_power_definition=internal_power+switching_power
power_unit=OpenSTA report unit; see Units section
internal_power=0.00387
switching_power=0.00167
dynamic_power=0.00554
leakage_power=1.14e-06
total_power=0.00555
