analysis=power_analysis corner=ss stage=post_syn
workload=reconfig_sv_ss
gls_report=/tmp/flexsoc-repack/uart/runs/uart/dev/dv/functional/sim/post_syn/sky130/uart_post_syn_reconfig_sv_ss.json
activity_file=/tmp/flexsoc-repack/uart/runs/uart/dev/signoff/sky130/power/activity/captures/uart_sky130_reconfig_sv_ss.vcd
activity_scope=uart_tb/u_uart
liberty=/home/eneadim/github/flexsoc/.flexsoc/pdks/ciel/sky130/versions/f6eeac7dad085ffcc829ccfd721f7b4ce39edcf7/sky130A/libs.ref/sky130_fd_sc_hd/lib/sky130_fd_sc_hd__ss_n40C_1v76.lib
netlist=/tmp/flexsoc-repack/uart/runs/uart/dev/syn/sky130/uart_synth.v
sdc=/tmp/flexsoc-repack/uart/runs/uart/dev/constraints/uart.sdc
spef=

=== Units ===
 time 1ns
 capacitance 1pF
 resistance 1kohm
 voltage 1v
 current 1mA
 power 1nW
 distance 1um

=== Constraint validation ===

=== Activity annotation ===
annotated_percent=100.00%
Unannotated pins: none

=== Power summary ===
Group                  Internal  Switching    Leakage      Total
                          Power      Power      Power      Power (Watts)
----------------------------------------------------------------
Sequential             1.47e-03   5.36e-06   1.97e-09   1.47e-03  98.4%
Combinational          1.13e-05   1.29e-05   1.34e-09   2.42e-05   1.6%
Clock                  0.00e+00   0.00e+00   0.00e+00   0.00e+00   0.0%
Macro                  0.00e+00   0.00e+00   0.00e+00   0.00e+00   0.0%
Pad                    0.00e+00   0.00e+00   0.00e+00   0.00e+00   0.0%
----------------------------------------------------------------
Total                  1.48e-03   1.83e-05   3.31e-09   1.50e-03 100.0%
                          98.8%       1.2%       0.0%

=== FlexSoC normalized power fields ===
dynamic_power_definition=internal_power+switching_power
power_unit=OpenSTA report unit; see Units section
internal_power=0.00148
switching_power=1.83e-05
dynamic_power=0.0014983
leakage_power=3.31e-09
total_power=0.0015
