analysis=power_analysis corner=ss stage=post_syn
workload=random_seed_1_sv_ss
gls_report=/home/eneadim/github/flexsoc/workspace/runs/cordic/dev/dv/functional/sim/post_syn/ihp-sg13g2/cordic_post_syn_random_seed_1_sv_ss.json
activity_file=/home/eneadim/github/flexsoc/workspace/runs/cordic/dev/signoff/ihp-sg13g2/power/activity/captures/cordic_ihp-sg13g2_random_seed_1_sv_ss.vcd
activity_scope=cordic_tb/u_cordic
liberty=/home/eneadim/github/flexsoc/.flexsoc/pdks/ihp-sg13g2/ihp-sg13g2/libs.ref/sg13g2_stdcell/lib/sg13g2_stdcell_slow_1p35V_125C.lib
netlist=/home/eneadim/github/flexsoc/workspace/runs/cordic/dev/syn/ihp-sg13g2/cordic_synth.v
sdc=/home/eneadim/github/flexsoc/workspace/runs/cordic/dev/signoff/ihp-sg13g2/cordic.sdc
spef=

=== Units ===
 time 1ns
 capacitance 1pF
 resistance 1kohm
 voltage 1v
 current 1uA
 power 1pW
 distance 1um

=== Constraint validation ===

=== Activity annotation ===
annotated_percent=100.00%
Unannotated pins: none

=== Power summary ===
Group                  Internal  Switching    Leakage      Total
                          Power      Power      Power      Power (Watts)
----------------------------------------------------------------
Sequential             2.19e-03   3.58e-06   1.14e-06   2.19e-03  96.9%
Combinational          3.32e-05   3.60e-05   1.61e-06   7.08e-05   3.1%
Clock                  0.00e+00   0.00e+00   0.00e+00   0.00e+00   0.0%
Macro                  0.00e+00   0.00e+00   0.00e+00   0.00e+00   0.0%
Pad                    0.00e+00   0.00e+00   0.00e+00   0.00e+00   0.0%
----------------------------------------------------------------
Total                  2.22e-03   3.96e-05   2.75e-06   2.26e-03 100.0%
                          98.1%       1.8%       0.1%

=== Highest-power instances ===
   Internal  Switching    Leakage      Total
      Power      Power      Power      Power (Watts)
--------------------------------------------
   8.59e-06   1.40e-10   3.98e-09   8.59e-06 _4770_
   8.53e-06   5.28e-10   3.99e-09   8.53e-06 _4612_
   7.01e-06   1.42e-06   3.60e-09   8.43e-06 _4789_
   8.31e-06   8.68e-10   4.02e-09   8.32e-06 _4627_
   8.22e-06   3.56e-09   4.03e-09   8.23e-06 _4745_
   8.22e-06   2.14e-09   4.03e-09   8.23e-06 _4896_
   8.22e-06   2.71e-09   4.03e-09   8.22e-06 _4738_
   8.21e-06   2.99e-09   4.03e-09   8.21e-06 _4746_
   8.20e-06   1.72e-09   4.03e-09   8.21e-06 _4685_
   8.20e-06   3.56e-09   4.03e-09   8.20e-06 _4757_
   8.19e-06   3.85e-09   4.03e-09   8.19e-06 _4751_
   8.19e-06   3.56e-09   4.03e-09   8.19e-06 _4741_
   8.18e-06   3.85e-09   4.03e-09   8.19e-06 _4752_
   8.18e-06   3.85e-09   4.03e-09   8.19e-06 _4753_
   8.18e-06   3.85e-09   4.03e-09   8.19e-06 _4762_
   8.18e-06   3.85e-09   4.03e-09   8.19e-06 _4754_
   8.18e-06   3.85e-09   4.03e-09   8.19e-06 _4766_
   8.18e-06   3.85e-09   4.03e-09   8.19e-06 _4767_
   8.18e-06   3.85e-09   4.03e-09   8.19e-06 _4755_
   8.18e-06   3.85e-09   4.03e-09   8.19e-06 _4756_

=== FlexSoC normalized power fields ===
dynamic_power_definition=internal_power+switching_power
power_unit=OpenSTA report unit; see Units section
internal_power=0.00222
switching_power=3.96e-05
dynamic_power=0.0022596
leakage_power=2.75e-06
total_power=0.00226
