
==========================================================================
floorplan final report_tns
--------------------------------------------------------------------------
tns max 0.00

==========================================================================
floorplan final report_wns
--------------------------------------------------------------------------
wns max 0.00

==========================================================================
floorplan final report_worst_slack
--------------------------------------------------------------------------
worst slack max 5.07

==========================================================================
floorplan final report_clock_min_period
--------------------------------------------------------------------------
core period_min = 4.93 fmax = 202.97

==========================================================================
floorplan final report_checks -path_delay min
--------------------------------------------------------------------------
Startpoint: rst_ni (input port clocked by core)
Endpoint: _2769_ (removal check against rising-edge clock core)
Path Group: asynchronous
Path Type: min

Fanout     Cap    Slew   Delay    Time   Description
-----------------------------------------------------------------------------
                  0.00    0.05    0.05   clock core (rise edge)
                          0.05    0.10   clock network delay (ideal)
                          0.00    0.10 ^ input external delay
     4    0.02    0.00    0.00    0.10 ^ rst_ni (in)
                                         rst_ni (net)
                  0.00    0.00    0.10 ^ _2769_/RESET_B (sg13g2_dfrbpq_1)
                                  0.10   data arrival time

                  0.00    0.05    0.05   clock core (rise edge)
                          0.05    0.10   clock network delay (ideal)
                          0.01    0.11   clock uncertainty
                          0.00    0.11   clock reconvergence pessimism
                                  0.11 ^ _2769_/CLK (sg13g2_dfrbpq_1)
                         -0.10    0.01   library removal time
                                  0.01   data required time
-----------------------------------------------------------------------------
                                  0.01   data required time
                                 -0.10   data arrival time
-----------------------------------------------------------------------------
                                  0.09   slack (MET)


Startpoint: rx_i (input port clocked by core)
Endpoint: _2749_ (rising edge-triggered flip-flop clocked by core)
Path Group: core
Path Type: min

Fanout     Cap    Slew   Delay    Time   Description
-----------------------------------------------------------------------------
                  0.00    0.05    0.05   clock core (rise edge)
                          0.05    0.10   clock network delay (ideal)
                          0.00    0.10 ^ input external delay
     2    0.01    0.00    0.00    0.10 ^ rx_i (in)
                                         rx_i (net)
                  0.00    0.00    0.10 ^ _1355_/A (sg13g2_inv_1)
     1    0.00    0.01    0.02    0.12 v _1355_/Y (sg13g2_inv_1)
                                         _0050_ (net)
                  0.01    0.00    0.12 v _2749_/D (sg13g2_dfrbpq_1)
                                  0.12   data arrival time

                  0.00    0.05    0.05   clock core (rise edge)
                          0.05    0.10   clock network delay (ideal)
                          0.01    0.11   clock uncertainty
                          0.00    0.11   clock reconvergence pessimism
                                  0.11 ^ _2749_/CLK (sg13g2_dfrbpq_1)
                         -0.03    0.08   library hold time
                                  0.08   data required time
-----------------------------------------------------------------------------
                                  0.08   data required time
                                 -0.12   data arrival time
-----------------------------------------------------------------------------
                                  0.04   slack (MET)



==========================================================================
floorplan final report_checks -path_delay max
--------------------------------------------------------------------------
Startpoint: rst_ni (input port clocked by core)
Endpoint: _2769_ (recovery check against rising-edge clock core)
Path Group: asynchronous
Path Type: max

Fanout     Cap    Slew   Delay    Time   Description
-----------------------------------------------------------------------------
                  0.00    0.05    0.05   clock core (rise edge)
                          0.05    0.10   clock network delay (ideal)
                          2.00    2.10 ^ input external delay
     4    0.02    0.00    0.00    2.10 ^ rst_ni (in)
                                         rst_ni (net)
                  0.00    0.00    2.10 ^ _2769_/RESET_B (sg13g2_dfrbpq_1)
                                  2.10   data arrival time

                  0.00   10.05   10.05   clock core (rise edge)
                          0.05   10.10   clock network delay (ideal)
                         -0.02   10.08   clock uncertainty
                          0.00   10.08   clock reconvergence pessimism
                                 10.08 ^ _2769_/CLK (sg13g2_dfrbpq_1)
                         -0.12    9.96   library recovery time
                                  9.96   data required time
-----------------------------------------------------------------------------
                                  9.96   data required time
                                 -2.10   data arrival time
-----------------------------------------------------------------------------
                                  7.86   slack (MET)


Startpoint: reg_req_i[36] (input port clocked by core)
Endpoint: reg_rsp_o[2] (output port clocked by core)
Path Group: core
Path Type: max

Fanout     Cap    Slew   Delay    Time   Description
-----------------------------------------------------------------------------
                  0.00    0.05    0.05   clock core (rise edge)
                          0.05    0.10   clock network delay (ideal)
                          2.00    2.10 v input external delay
     1    0.00    0.00    0.00    2.10 v reg_req_i[36] (in)
                                         reg_req_i[36] (net)
                  0.00    0.00    2.10 v _1359_/A (sg13g2_nor2_1)
     2    0.01    0.06    0.06    2.16 ^ _1359_/Y (sg13g2_nor2_1)
                                         _1088_ (net)
                  0.06    0.00    2.16 ^ _1367_/A (sg13g2_nand3_1)
     2    0.01    0.08    0.09    2.25 v _1367_/Y (sg13g2_nand3_1)
                                         _1096_ (net)
                  0.08    0.00    2.25 v _1368_/A (sg13g2_inv_1)
     3    0.01    0.05    0.06    2.32 ^ _1368_/Y (sg13g2_inv_1)
                                         _1097_ (net)
                  0.05    0.00    2.32 ^ _1369_/B (sg13g2_nor2_1)
     1    0.00    0.03    0.04    2.36 v _1369_/Y (sg13g2_nor2_1)
                                         _1098_ (net)
                  0.03    0.00    2.36 v _1370_/A (sg13g2_buf_2)
    19    0.05    0.09    0.13    2.48 v _1370_/X (sg13g2_buf_2)
                                         u_uart_reg_reg_rsp_o_10_ (net)
                  0.09    0.00    2.48 v _1371_/A (sg13g2_inv_1)
    16    0.05    0.22    0.20    2.69 ^ _1371_/Y (sg13g2_inv_1)
                                         _1099_ (net)
                  0.22    0.00    2.69 ^ _1581_/B1 (sg13g2_o21ai_1)
     1    0.00    0.06    0.08    2.76 v _1581_/Y (sg13g2_o21ai_1)
                                         _1279_ (net)
                  0.06    0.00    2.76 v _1582_/C1 (sg13g2_a221oi_1)
     1    0.00    0.11    0.09    2.86 ^ _1582_/Y (sg13g2_a221oi_1)
                                         _1280_ (net)
                  0.11    0.00    2.86 ^ _1610_/A (sg13g2_nand2_1)
     1    0.00    0.04    0.06    2.92 v _1610_/Y (sg13g2_nand2_1)
                                         u_uart_reg_reg_rsp_o_2_ (net)
                  0.04    0.00    2.92 v _3023_/A (sg13g2_buf_1)
     1    0.01    0.04    0.09    3.00 v _3023_/X (sg13g2_buf_1)
                                         reg_rsp_o[2] (net)
                  0.04    0.00    3.00 v reg_rsp_o[2] (out)
                                  3.00   data arrival time

                  0.00   10.05   10.05   clock core (rise edge)
                          0.05   10.10   clock network delay (ideal)
                         -0.02   10.08   clock uncertainty
                          0.00   10.08   clock reconvergence pessimism
                         -2.00    8.08   output external delay
                                  8.08   data required time
-----------------------------------------------------------------------------
                                  8.08   data required time
                                 -3.00   data arrival time
-----------------------------------------------------------------------------
                                  5.07   slack (MET)



==========================================================================
floorplan final report_checks -unconstrained
--------------------------------------------------------------------------
Startpoint: rst_ni (input port clocked by core)
Endpoint: _2769_ (recovery check against rising-edge clock core)
Path Group: asynchronous
Path Type: max

Fanout     Cap    Slew   Delay    Time   Description
-----------------------------------------------------------------------------
                  0.00    0.05    0.05   clock core (rise edge)
                          0.05    0.10   clock network delay (ideal)
                          2.00    2.10 ^ input external delay
     4    0.02    0.00    0.00    2.10 ^ rst_ni (in)
                                         rst_ni (net)
                  0.00    0.00    2.10 ^ _2769_/RESET_B (sg13g2_dfrbpq_1)
                                  2.10   data arrival time

                  0.00   10.05   10.05   clock core (rise edge)
                          0.05   10.10   clock network delay (ideal)
                         -0.02   10.08   clock uncertainty
                          0.00   10.08   clock reconvergence pessimism
                                 10.08 ^ _2769_/CLK (sg13g2_dfrbpq_1)
                         -0.12    9.96   library recovery time
                                  9.96   data required time
-----------------------------------------------------------------------------
                                  9.96   data required time
                                 -2.10   data arrival time
-----------------------------------------------------------------------------
                                  7.86   slack (MET)


Startpoint: reg_req_i[36] (input port clocked by core)
Endpoint: reg_rsp_o[2] (output port clocked by core)
Path Group: core
Path Type: max

Fanout     Cap    Slew   Delay    Time   Description
-----------------------------------------------------------------------------
                  0.00    0.05    0.05   clock core (rise edge)
                          0.05    0.10   clock network delay (ideal)
                          2.00    2.10 v input external delay
     1    0.00    0.00    0.00    2.10 v reg_req_i[36] (in)
                                         reg_req_i[36] (net)
                  0.00    0.00    2.10 v _1359_/A (sg13g2_nor2_1)
     2    0.01    0.06    0.06    2.16 ^ _1359_/Y (sg13g2_nor2_1)
                                         _1088_ (net)
                  0.06    0.00    2.16 ^ _1367_/A (sg13g2_nand3_1)
     2    0.01    0.08    0.09    2.25 v _1367_/Y (sg13g2_nand3_1)
                                         _1096_ (net)
                  0.08    0.00    2.25 v _1368_/A (sg13g2_inv_1)
     3    0.01    0.05    0.06    2.32 ^ _1368_/Y (sg13g2_inv_1)
                                         _1097_ (net)
                  0.05    0.00    2.32 ^ _1369_/B (sg13g2_nor2_1)
     1    0.00    0.03    0.04    2.36 v _1369_/Y (sg13g2_nor2_1)
                                         _1098_ (net)
                  0.03    0.00    2.36 v _1370_/A (sg13g2_buf_2)
    19    0.05    0.09    0.13    2.48 v _1370_/X (sg13g2_buf_2)
                                         u_uart_reg_reg_rsp_o_10_ (net)
                  0.09    0.00    2.48 v _1371_/A (sg13g2_inv_1)
    16    0.05    0.22    0.20    2.69 ^ _1371_/Y (sg13g2_inv_1)
                                         _1099_ (net)
                  0.22    0.00    2.69 ^ _1581_/B1 (sg13g2_o21ai_1)
     1    0.00    0.06    0.08    2.76 v _1581_/Y (sg13g2_o21ai_1)
                                         _1279_ (net)
                  0.06    0.00    2.76 v _1582_/C1 (sg13g2_a221oi_1)
     1    0.00    0.11    0.09    2.86 ^ _1582_/Y (sg13g2_a221oi_1)
                                         _1280_ (net)
                  0.11    0.00    2.86 ^ _1610_/A (sg13g2_nand2_1)
     1    0.00    0.04    0.06    2.92 v _1610_/Y (sg13g2_nand2_1)
                                         u_uart_reg_reg_rsp_o_2_ (net)
                  0.04    0.00    2.92 v _3023_/A (sg13g2_buf_1)
     1    0.01    0.04    0.09    3.00 v _3023_/X (sg13g2_buf_1)
                                         reg_rsp_o[2] (net)
                  0.04    0.00    3.00 v reg_rsp_o[2] (out)
                                  3.00   data arrival time

                  0.00   10.05   10.05   clock core (rise edge)
                          0.05   10.10   clock network delay (ideal)
                         -0.02   10.08   clock uncertainty
                          0.00   10.08   clock reconvergence pessimism
                         -2.00    8.08   output external delay
                                  8.08   data required time
-----------------------------------------------------------------------------
                                  8.08   data required time
                                 -3.00   data arrival time
-----------------------------------------------------------------------------
                                  5.07   slack (MET)



==========================================================================
floorplan final report_power
--------------------------------------------------------------------------
Group                  Internal  Switching    Leakage      Total
                          Power      Power      Power      Power (Watts)
----------------------------------------------------------------
Sequential             1.87e-03   4.99e-05   1.51e-07   1.92e-03  86.5%
Combinational          1.53e-04   1.46e-04   1.61e-07   3.00e-04  13.5%
Clock                  0.00e+00   0.00e+00   0.00e+00   0.00e+00   0.0%
Macro                  0.00e+00   0.00e+00   0.00e+00   0.00e+00   0.0%
Pad                    0.00e+00   0.00e+00   0.00e+00   0.00e+00   0.0%
----------------------------------------------------------------
Total                  2.02e-03   1.96e-04   3.12e-07   2.22e-03 100.0%
                          91.2%       8.8%       0.0%
