analysis=power_analysis corner=tt stage=post_syn
workload=host_byte_enable_sv_tt
gls_report=/home/eneadim/github/flexsoc/runs/uart_master/refresh_tlul_repo/dv/functional/sim/post_syn/sky130/uart_master_post_syn_host_byte_enable_sv_tt.json
activity_file=/home/eneadim/github/flexsoc/runs/uart_master/refresh_tlul_repo/signoff/sky130/power/activity/captures/uart_master_sky130_host_byte_enable_sv_tt.vcd
activity_scope=uart_master_tb/u_uart_master
liberty=/home/eneadim/github/flexsoc/.flexsoc/pdks/ciel/sky130/versions/f6eeac7dad085ffcc829ccfd721f7b4ce39edcf7/sky130A/libs.ref/sky130_fd_sc_hd/lib/sky130_fd_sc_hd__tt_100C_1v80.lib
netlist=/home/eneadim/github/flexsoc/runs/uart_master/refresh_tlul_repo/syn/sky130/uart_master_synth.v
sdc=/home/eneadim/github/flexsoc/runs/uart_master/refresh_tlul_repo/constraints/uart_master.sdc
spef=

=== Units ===
 time 1ns
 capacitance 1pF
 resistance 1kohm
 voltage 1v
 current 1mA
 power 1nW
 distance 1um

=== Constraint validation ===

=== Activity annotation ===
annotated_percent=100.00%
Unannotated pins: none

=== Power summary ===
Group                  Internal  Switching    Leakage      Total
                          Power      Power      Power      Power (Watts)
----------------------------------------------------------------
Sequential             2.19e-03   5.49e-06   1.75e-06   2.20e-03  99.0%
Combinational          1.01e-05   1.17e-05   1.14e-06   2.29e-05   1.0%
Clock                  0.00e+00   0.00e+00   0.00e+00   0.00e+00   0.0%
Macro                  0.00e+00   0.00e+00   0.00e+00   0.00e+00   0.0%
Pad                    0.00e+00   0.00e+00   0.00e+00   0.00e+00   0.0%
----------------------------------------------------------------
Total                  2.20e-03   1.72e-05   2.89e-06   2.22e-03 100.0%
                          99.1%       0.8%       0.1%

=== FlexSoC normalized power fields ===
dynamic_power_definition=internal_power+switching_power
power_unit=OpenSTA report unit; see Units section
internal_power=0.0022
switching_power=1.72e-05
dynamic_power=0.0022172000000000003
leakage_power=2.89e-06
total_power=0.00222
