analysis=power_estimate activity_source=input_assumption
activity_model=input
activity=0.1
duty=0.5
corner=ff stage=post_syn
liberty=/home/eneadim/github/flexsoc/.flexsoc/pdks/ciel/sky130/versions/f6eeac7dad085ffcc829ccfd721f7b4ce39edcf7/sky130A/libs.ref/sky130_fd_sc_hd/lib/sky130_fd_sc_hd__ff_n40C_1v95_ccsnoise.lib
netlist=/tmp/flexsoc-ip-v1-release-20260914/uart-tlul/runs/uart/release/syn/sky130/uart_synth.v
sdc=/tmp/flexsoc-ip-v1-release-20260914/uart-tlul/runs/uart/release/constraints/uart.sdc
spef=

=== Units ===
 time 1ns
 capacitance 1pF
 resistance 1kohm
 voltage 1v
 current 1mA
 power 1nW
 distance 1um

=== Constraint validation ===

=== Power summary ===
Group                  Internal  Switching    Leakage      Total
                          Power      Power      Power      Power (Watts)
----------------------------------------------------------------
Sequential             1.92e-03   2.63e-05   6.12e-09   1.94e-03  86.5%
Combinational          1.41e-04   1.61e-04   8.82e-09   3.03e-04  13.5%
Clock                  0.00e+00   0.00e+00   0.00e+00   0.00e+00   0.0%
Macro                  0.00e+00   0.00e+00   0.00e+00   0.00e+00   0.0%
Pad                    0.00e+00   0.00e+00   0.00e+00   0.00e+00   0.0%
----------------------------------------------------------------
Total                  2.06e-03   1.88e-04   1.49e-08   2.25e-03 100.0%
                          91.6%       8.4%       0.0%

=== FlexSoC normalized power fields ===
dynamic_power_definition=internal_power+switching_power
power_unit=OpenSTA report unit; see Units section
internal_power=0.00206
switching_power=0.000188
dynamic_power=0.002248
leakage_power=1.49e-08
total_power=0.00225
