analysis=power_estimate activity_source=input_assumption
activity_model=input
activity=0.1
duty=0.5
corner=ff stage=post_syn
liberty=/home/eneadim/github/flexsoc/.flexsoc/pdks/ihp-sg13g2/ihp-sg13g2/libs.ref/sg13g2_stdcell/lib/sg13g2_stdcell_fast_1p65V_m40C.lib
netlist=/home/eneadim/github/flexsoc/runs/uart_master/refresh_tlul_repo/syn/ihp-sg13g2/uart_master_synth.v
sdc=/home/eneadim/github/flexsoc/runs/uart_master/refresh_tlul_repo/constraints/uart_master.sdc
spef=

=== Units ===
 time 1ns
 capacitance 1pF
 resistance 1kohm
 voltage 1v
 current 1uA
 power 1pW
 distance 1um

=== Constraint validation ===

=== Power summary ===
Group                  Internal  Switching    Leakage      Total
                          Power      Power      Power      Power (Watts)
----------------------------------------------------------------
Sequential             6.46e-03   3.87e-04   2.15e-06   6.85e-03  75.6%
Combinational          1.03e-03   1.17e-03   2.31e-06   2.20e-03  24.4%
Clock                  0.00e+00   0.00e+00   0.00e+00   0.00e+00   0.0%
Macro                  0.00e+00   0.00e+00   0.00e+00   0.00e+00   0.0%
Pad                    0.00e+00   0.00e+00   0.00e+00   0.00e+00   0.0%
----------------------------------------------------------------
Total                  7.49e-03   1.56e-03   4.45e-06   9.05e-03 100.0%
                          82.8%      17.2%       0.0%

=== FlexSoC normalized power fields ===
dynamic_power_definition=internal_power+switching_power
power_unit=OpenSTA report unit; see Units section
internal_power=0.00749
switching_power=0.00156
dynamic_power=0.00905
leakage_power=4.45e-06
total_power=0.00905
