OpenSTA 2.7.0 d7cb9be1ca Copyright (c) 2025, Parallax Software, Inc.
License GPLv3: GNU GPL version 3 <http://gnu.org/licenses/gpl.html>

This is free software, and you are free to change and redistribute it
under certain conditions; type `show_copying' for details. 
This program comes with ABSOLUTELY NO WARRANTY; for details type `show_warranty'.

===========================================================================
Define corners Slowest Typical Fastest
===========================================================================

define_corners Slowest Typical Fastest

===========================================================================
Read liberty files
===========================================================================

read_liberty -corner Slowest lib/sky130_fd_sc_hd__ss_100C_1v40.lib
read_liberty -corner Typical lib/sky130_fd_sc_hd__tt_025C_1v80.lib
read_liberty -corner Fastest lib/sky130_fd_sc_hd__ff_n40C_1v95.lib

===========================================================================
Read verilog and link top module
===========================================================================

read_verilog syn/pwm_ramp_synth.v
link_design pwm_ramp

===========================================================================
Read SDC
===========================================================================

read_sdc ors/pwm_ramp.sdc


===========================================================================
(Probability Power Analysis) report_power
============================================================================
set_power_activity -input -activity .10
set_power_activity -input_port rst_ni -activity 0

======================= Fastest Corner ===================================
Group                  Internal  Switching    Leakage      Total
                          Power      Power      Power      Power (Watts)
----------------------------------------------------------------
Sequential             1.04e-04   1.81e-05   7.83e-08   1.22e-04  55.9%
Combinational          4.44e-05   5.20e-05   5.63e-10   9.64e-05  44.1%
Clock                  0.00e+00   0.00e+00   0.00e+00   0.00e+00   0.0%
Macro                  0.00e+00   0.00e+00   0.00e+00   0.00e+00   0.0%
Pad                    0.00e+00   0.00e+00   0.00e+00   0.00e+00   0.0%
----------------------------------------------------------------
Total                  1.48e-04   7.01e-05   7.89e-08   2.19e-04 100.0%
                          67.9%      32.1%       0.0%


======================= Slowest Corner ===================================
Group                  Internal  Switching    Leakage      Total
                          Power      Power      Power      Power (Watts)
----------------------------------------------------------------
Sequential             5.24e-05   8.91e-06   3.91e-07   6.17e-05  55.0%
Combinational          2.51e-05   2.52e-05   2.79e-07   5.05e-05  45.0%
Clock                  0.00e+00   0.00e+00   0.00e+00   0.00e+00   0.0%
Macro                  0.00e+00   0.00e+00   0.00e+00   0.00e+00   0.0%
Pad                    0.00e+00   0.00e+00   0.00e+00   0.00e+00   0.0%
----------------------------------------------------------------
Total                  7.74e-05   3.41e-05   6.70e-07   1.12e-04 100.0%
                          69.0%      30.4%       0.6%


======================= Typical Corner ===================================
Group                  Internal  Switching    Leakage      Total
                          Power      Power      Power      Power (Watts)
----------------------------------------------------------------
Sequential             9.00e-05   1.54e-05   7.82e-08   1.05e-04  55.3%
Combinational          4.14e-05   4.39e-05   2.91e-10   8.53e-05  44.7%
Clock                  0.00e+00   0.00e+00   0.00e+00   0.00e+00   0.0%
Macro                  0.00e+00   0.00e+00   0.00e+00   0.00e+00   0.0%
Pad                    0.00e+00   0.00e+00   0.00e+00   0.00e+00   0.0%
----------------------------------------------------------------
Total                  1.31e-04   5.93e-05   7.85e-08   1.91e-04 100.0%
                          68.9%      31.1%       0.0%

===========================================================================
(VCD Power Analysis) report_power
============================================================================
read_vcd -scope pwm_ramp_tb/u_pwm_ramp sim/pwm_ramp.vcd
Annotated 0 pin activities.

======================= Fastest Corner ===================================
Group                  Internal  Switching    Leakage      Total
                          Power      Power      Power      Power (Watts)
----------------------------------------------------------------
Sequential             1.04e-04   1.81e-05   7.83e-08   1.22e-04  55.9%
Combinational          4.44e-05   5.20e-05   5.63e-10   9.64e-05  44.1%
Clock                  0.00e+00   0.00e+00   0.00e+00   0.00e+00   0.0%
Macro                  0.00e+00   0.00e+00   0.00e+00   0.00e+00   0.0%
Pad                    0.00e+00   0.00e+00   0.00e+00   0.00e+00   0.0%
----------------------------------------------------------------
Total                  1.48e-04   7.01e-05   7.89e-08   2.19e-04 100.0%
                          67.9%      32.1%       0.0%


======================= Slowest Corner ===================================
Group                  Internal  Switching    Leakage      Total
                          Power      Power      Power      Power (Watts)
----------------------------------------------------------------
Sequential             5.24e-05   8.91e-06   3.91e-07   6.17e-05  55.0%
Combinational          2.51e-05   2.52e-05   2.79e-07   5.05e-05  45.0%
Clock                  0.00e+00   0.00e+00   0.00e+00   0.00e+00   0.0%
Macro                  0.00e+00   0.00e+00   0.00e+00   0.00e+00   0.0%
Pad                    0.00e+00   0.00e+00   0.00e+00   0.00e+00   0.0%
----------------------------------------------------------------
Total                  7.74e-05   3.41e-05   6.70e-07   1.12e-04 100.0%
                          69.0%      30.4%       0.6%


======================= Typical Corner ===================================
Group                  Internal  Switching    Leakage      Total
                          Power      Power      Power      Power (Watts)
----------------------------------------------------------------
Sequential             9.00e-05   1.54e-05   7.82e-08   1.05e-04  55.3%
Combinational          4.14e-05   4.39e-05   2.91e-10   8.53e-05  44.7%
Clock                  0.00e+00   0.00e+00   0.00e+00   0.00e+00   0.0%
Macro                  0.00e+00   0.00e+00   0.00e+00   0.00e+00   0.0%
Pad                    0.00e+00   0.00e+00   0.00e+00   0.00e+00   0.0%
----------------------------------------------------------------
Total                  1.31e-04   5.93e-05   7.85e-08   1.91e-04 100.0%
                          68.9%      31.1%       0.0%

