
 /----------------------------------------------------------------------------\
 |  yosys -- Yosys Open SYnthesis Suite                                       |
 |  Copyright (C) 2012 - 2025  Claire Xenia Wolf <claire@yosyshq.com>         |
 |  Distributed under an ISC-like license, type "license" to see terms        |
 \----------------------------------------------------------------------------/
 Yosys 0.57+125 (git sha1 5e550ddc3, g++ 13.3.0-6ubuntu2~24.04 -fPIC -O3)

-- Executing script file `syn/synth_sv.ys' --

1. Executing SLANG frontend.
Top level design units:
    pwm_ramp

Build succeeded: 0 errors, 0 warnings

1.1. Executing UNDRIVEN pass. (resolve undriven signals)

1.2. Executing PROC_CLEAN pass (remove empty switches from decision trees).
Found and cleaned up 1 empty switch in `\pwm_ramp.$41'.
Found and cleaned up 1 empty switch in `\pwm_ramp.$31'.
Removing empty process `pwm_ramp.$24'.
Found and cleaned up 1 empty switch in `\pwm_ramp.$19'.
Found and cleaned up 1 empty switch in `\pwm_ramp.$6'.
Removing empty process `pwm_ramp.$3'.
Removing empty process `pwm_ramp.$0'.
Cleaned up 4 empty switches.

1.3. Executing TRIBUF pass.

1.4. Executing PROC_RMDEAD pass (remove dead branches from decision trees).
Marked 2 switch rules as full_case in process $19 in module pwm_ramp.
Marked 3 switch rules as full_case in process $6 in module pwm_ramp.
Marked 4 switch rules as full_case in process $31 in module pwm_ramp.
Marked 4 switch rules as full_case in process $41 in module pwm_ramp.
Removed a total of 0 dead cases.

1.5. Executing PROC_PRUNE pass (remove redundant assignments in processes).
Removed 8 redundant assignments.
Promoted 0 assignments to connections.

1.6. Executing PROC_INIT pass (extract init attributes).

1.7. Executing PROC_ROM pass (convert switches to ROMs).
Converted 0 switches.
<suppressed ~18 debug messages>

1.8. Executing PROC_MUX pass (convert decision trees to multiplexers).
Creating decoders for process `\pwm_ramp.$19'.
     1/2: $u_prim_deglitch.q_o$22
     2/2: $u_prim_deglitch.q_o$23
Creating decoders for process `\pwm_ramp.$6'.
     1/3: $u_prim_deglitch.count_q$16
     2/3: $u_prim_deglitch.count_q$17
     3/3: $u_prim_deglitch.count_q$18
Creating decoders for process `\pwm_ramp.$31'.
     1/6: $clear$37
     2/6: $adc_valid_o$36
     3/6: $clear$40
     4/6: $adc_valid_o$39
     5/6: $adc_value_o$35
     6/6: $adc_value_o$38
Creating decoders for process `\pwm_ramp.$41'.
     1/6: $counter$48
     2/6: $duty_cycle$47
     3/6: $counter$50
     4/6: $duty_cycle$49
     5/6: $counter$52
     6/6: $duty_cycle$51

1.9. Executing PROC_CLEAN pass (remove empty switches from decision trees).
Found and cleaned up 3 empty switches in `\pwm_ramp.$19'.
Removing empty process `pwm_ramp.$19'.
Found and cleaned up 5 empty switches in `\pwm_ramp.$6'.
Removing empty process `pwm_ramp.$6'.
Found and cleaned up 5 empty switches in `\pwm_ramp.$31'.
Removing empty process `pwm_ramp.$31'.
Found and cleaned up 5 empty switches in `\pwm_ramp.$41'.
Removing empty process `pwm_ramp.$41'.
Cleaned up 18 empty switches.

1.10. Executing OPT_EXPR pass (perform const folding).
Optimizing module pwm_ramp.
<suppressed ~7 debug messages>

2. Executing SYNTH pass.

2.1. Executing HIERARCHY pass (managing design hierarchy).

2.1.1. Analyzing design hierarchy..
Top module:  \pwm_ramp

2.1.2. Analyzing design hierarchy..
Top module:  \pwm_ramp
Removed 0 unused modules.

2.2. Executing PROC pass (convert processes to netlists).

2.2.1. Executing PROC_CLEAN pass (remove empty switches from decision trees).
Cleaned up 0 empty switches.

2.2.2. Executing PROC_RMDEAD pass (remove dead branches from decision trees).
Removed a total of 0 dead cases.

2.2.3. Executing PROC_PRUNE pass (remove redundant assignments in processes).
Removed 0 redundant assignments.
Promoted 0 assignments to connections.

2.2.4. Executing PROC_INIT pass (extract init attributes).

2.2.5. Executing PROC_ARST pass (detect async resets in processes).

2.2.6. Executing PROC_ROM pass (convert switches to ROMs).
Converted 0 switches.

2.2.7. Executing PROC_MUX pass (convert decision trees to multiplexers).

2.2.8. Executing PROC_DLATCH pass (convert process syncs to latches).

2.2.9. Executing PROC_DFF pass (convert process syncs to FFs).

2.2.10. Executing PROC_MEMWR pass (convert process memory writes to cells).

2.2.11. Executing PROC_CLEAN pass (remove empty switches from decision trees).
Cleaned up 0 empty switches.

2.2.12. Executing OPT_EXPR pass (perform const folding).
Optimizing module pwm_ramp.

2.3. Executing FLATTEN pass (flatten design).

2.4. Executing OPT_EXPR pass (perform const folding).
Optimizing module pwm_ramp.

2.5. Executing OPT_CLEAN pass (remove unused cells and wires).
Finding unused cells or wires in module \pwm_ramp..
Removed 9 unused cells and 66 unused wires.
<suppressed ~11 debug messages>

2.6. Executing CHECK pass (checking for obvious problems).
Checking module pwm_ramp...
Found and reported 0 problems.

2.7. Executing OPT pass (performing simple optimizations).

2.7.1. Executing OPT_EXPR pass (perform const folding).
Optimizing module pwm_ramp.

2.7.2. Executing OPT_MERGE pass (detect identical cells).
Finding identical cells in module `\pwm_ramp'.
Removed a total of 0 cells.

2.7.3. Executing OPT_MUXTREE pass (detect dead branches in mux trees).
Running muxtree optimizer on module \pwm_ramp..
  Creating internal representation of mux trees.
  Evaluating internal representation of mux trees.
      Replacing known input bits on port A of cell $procmux$25: \clear -> 1'0
  Analyzing evaluation results.
    dead port 1/2 on $mux $procmux$12.
    dead port 2/2 on $mux $procmux$14.
    dead port 2/2 on $mux $procmux$20.
    dead port 1/2 on $mux $procmux$28.
    dead port 1/2 on $mux $procmux$3.
    dead port 1/2 on $mux $procmux$33.
    dead port 2/2 on $mux $procmux$49.
    dead port 2/2 on $mux $procmux$58.
    dead port 1/2 on $mux $procmux$61.
    dead port 2/2 on $mux $procmux$66.
    dead port 1/2 on $mux $procmux$69.
    dead port 1/2 on $mux $procmux$75.
    dead port 1/2 on $mux $procmux$81.
Removed 13 multiplexer ports.
<suppressed ~40 debug messages>

2.7.4. Executing OPT_REDUCE pass (consolidate $*mux and $reduce_* inputs).
  Optimizing cells in module \pwm_ramp.
  Optimizing cells in module \pwm_ramp.
Performed a total of 1 changes.

2.7.5. Executing OPT_MERGE pass (detect identical cells).
Finding identical cells in module `\pwm_ramp'.
Removed a total of 0 cells.

2.7.6. Executing OPT_DFF pass (perform DFF optimizations).
Changing const-value async load to async reset on $driver$u_prim_edge_detect.u_sync_1.q_o ($aldff) from module pwm_ramp.
Changing const-value async load to async reset on $driver$u_prim_deglitch.gen_async.prim_flop_2sync.u_sync_2.q_o ($aldff) from module pwm_ramp.
Changing const-value async load to async reset on $driver$u_prim_deglitch.gen_async.prim_flop_2sync.u_sync_1.q_o ($aldff) from module pwm_ramp.
Changing const-value async load to async reset on $driver$u_prim_deglitch.count_q ($aldff) from module pwm_ramp.
Changing const-value async load to async reset on $driver$duty_cycle ($aldff) from module pwm_ramp.
Changing const-value async load to async reset on $driver$counter ($aldff) from module pwm_ramp.
Changing const-value async load to async reset on $driver$clear ($aldff) from module pwm_ramp.
Changing const-value async load to async reset on $driver$adc_value_o ($aldff) from module pwm_ramp.
Changing const-value async load to async reset on $driver$adc_valid_o ($aldff) from module pwm_ramp.

2.7.7. Executing OPT_CLEAN pass (remove unused cells and wires).
Finding unused cells or wires in module \pwm_ramp..
Removed 0 unused cells and 16 unused wires.
<suppressed ~3 debug messages>

2.7.8. Executing OPT_EXPR pass (perform const folding).
Optimizing module pwm_ramp.

2.7.9. Rerunning OPT passes. (Maybe there is more to do..)

2.7.10. Executing OPT_MUXTREE pass (detect dead branches in mux trees).
Running muxtree optimizer on module \pwm_ramp..
  Creating internal representation of mux trees.
  Evaluating internal representation of mux trees.
  Analyzing evaluation results.
Removed 0 multiplexer ports.
<suppressed ~26 debug messages>

2.7.11. Executing OPT_REDUCE pass (consolidate $*mux and $reduce_* inputs).
  Optimizing cells in module \pwm_ramp.
Performed a total of 0 changes.

2.7.12. Executing OPT_MERGE pass (detect identical cells).
Finding identical cells in module `\pwm_ramp'.
Removed a total of 0 cells.

2.7.13. Executing OPT_DFF pass (perform DFF optimizations).

2.7.14. Executing OPT_CLEAN pass (remove unused cells and wires).
Finding unused cells or wires in module \pwm_ramp..

2.7.15. Executing OPT_EXPR pass (perform const folding).
Optimizing module pwm_ramp.

2.7.16. Finished fast OPT passes. (There is nothing left to do.)

2.8. Executing FSM pass (extract and optimize FSM).

2.8.1. Executing FSM_DETECT pass (finding FSMs in design).

2.8.2. Executing FSM_EXTRACT pass (extracting FSM from design).

2.8.3. Executing FSM_OPT pass (simple optimizations of FSMs).

2.8.4. Executing OPT_CLEAN pass (remove unused cells and wires).
Finding unused cells or wires in module \pwm_ramp..

2.8.5. Executing FSM_OPT pass (simple optimizations of FSMs).

2.8.6. Executing FSM_RECODE pass (re-assigning FSM state encoding).

2.8.7. Executing FSM_INFO pass (dumping all available information on FSM cells).

2.8.8. Executing FSM_MAP pass (mapping FSMs to basic logic).

2.9. Executing OPT pass (performing simple optimizations).

2.9.1. Executing OPT_EXPR pass (perform const folding).
Optimizing module pwm_ramp.

2.9.2. Executing OPT_MERGE pass (detect identical cells).
Finding identical cells in module `\pwm_ramp'.
Removed a total of 0 cells.

2.9.3. Executing OPT_MUXTREE pass (detect dead branches in mux trees).
Running muxtree optimizer on module \pwm_ramp..
  Creating internal representation of mux trees.
  Evaluating internal representation of mux trees.
  Analyzing evaluation results.
Removed 0 multiplexer ports.
<suppressed ~26 debug messages>

2.9.4. Executing OPT_REDUCE pass (consolidate $*mux and $reduce_* inputs).
  Optimizing cells in module \pwm_ramp.
Performed a total of 0 changes.

2.9.5. Executing OPT_MERGE pass (detect identical cells).
Finding identical cells in module `\pwm_ramp'.
Removed a total of 0 cells.

2.9.6. Executing OPT_DFF pass (perform DFF optimizations).
Adding EN signal on $driver$u_prim_deglitch.count_q ($adff) from module pwm_ramp (D = $procmux$18_Y, Q = \u_prim_deglitch.count_q).
Adding EN signal on $driver$duty_cycle ($adff) from module pwm_ramp (D = $duty_cycle$51, Q = \duty_cycle).
Adding EN signal on $driver$counter ($adff) from module pwm_ramp (D = $counter$52, Q = \counter).
Adding EN signal on $driver$adc_value_o ($adff) from module pwm_ramp (D = $adc_value_o$35, Q = \adc_value_o).
Adding EN signal on $driver$adc_valid_o ($adff) from module pwm_ramp (D = $adc_valid_o$39, Q = \adc_valid_o).

2.9.7. Executing OPT_CLEAN pass (remove unused cells and wires).
Finding unused cells or wires in module \pwm_ramp..
Removed 2 unused cells and 2 unused wires.
<suppressed ~3 debug messages>

2.9.8. Executing OPT_EXPR pass (perform const folding).
Optimizing module pwm_ramp.
<suppressed ~5 debug messages>

2.9.9. Rerunning OPT passes. (Maybe there is more to do..)

2.9.10. Executing OPT_MUXTREE pass (detect dead branches in mux trees).
Running muxtree optimizer on module \pwm_ramp..
  Creating internal representation of mux trees.
  Evaluating internal representation of mux trees.
  Analyzing evaluation results.
Removed 0 multiplexer ports.
<suppressed ~24 debug messages>

2.9.11. Executing OPT_REDUCE pass (consolidate $*mux and $reduce_* inputs).
  Optimizing cells in module \pwm_ramp.
Performed a total of 0 changes.

2.9.12. Executing OPT_MERGE pass (detect identical cells).
Finding identical cells in module `\pwm_ramp'.
<suppressed ~3 debug messages>
Removed a total of 1 cells.

2.9.13. Executing OPT_DFF pass (perform DFF optimizations).

2.9.14. Executing OPT_CLEAN pass (remove unused cells and wires).
Finding unused cells or wires in module \pwm_ramp..
Removed 0 unused cells and 1 unused wires.
<suppressed ~1 debug messages>

2.9.15. Executing OPT_EXPR pass (perform const folding).
Optimizing module pwm_ramp.

2.9.16. Rerunning OPT passes. (Maybe there is more to do..)

2.9.17. Executing OPT_MUXTREE pass (detect dead branches in mux trees).
Running muxtree optimizer on module \pwm_ramp..
  Creating internal representation of mux trees.
  Evaluating internal representation of mux trees.
  Analyzing evaluation results.
Removed 0 multiplexer ports.
<suppressed ~24 debug messages>

2.9.18. Executing OPT_REDUCE pass (consolidate $*mux and $reduce_* inputs).
  Optimizing cells in module \pwm_ramp.
Performed a total of 0 changes.

2.9.19. Executing OPT_MERGE pass (detect identical cells).
Finding identical cells in module `\pwm_ramp'.
Removed a total of 0 cells.

2.9.20. Executing OPT_DFF pass (perform DFF optimizations).

2.9.21. Executing OPT_CLEAN pass (remove unused cells and wires).
Finding unused cells or wires in module \pwm_ramp..

2.9.22. Executing OPT_EXPR pass (perform const folding).
Optimizing module pwm_ramp.

2.9.23. Finished fast OPT passes. (There is nothing left to do.)

2.10. Executing WREDUCE pass (reducing word size of cells).
Removed top 30 bits (of 32) from port A of cell pwm_ramp.$11 ($add).
Removed top 31 bits (of 32) from port B of cell pwm_ramp.$11 ($add).
Removed top 30 bits (of 32) from port Y of cell pwm_ramp.$11 ($add).
Removed top 30 bits (of 32) from port A of cell pwm_ramp.$13 ($gt).
Removed top 31 bits (of 32) from port B of cell pwm_ramp.$13 ($gt).
Removed top 30 bits (of 32) from port A of cell pwm_ramp.$15 ($sub).
Removed top 31 bits (of 32) from port B of cell pwm_ramp.$15 ($sub).
Removed top 30 bits (of 32) from port Y of cell pwm_ramp.$15 ($sub).
Removed top 24 bits (of 32) from port A of cell pwm_ramp.$46 ($add).
Removed top 31 bits (of 32) from port B of cell pwm_ramp.$46 ($add).
Removed top 24 bits (of 32) from port Y of cell pwm_ramp.$46 ($add).
Removed top 30 bits (of 32) from wire pwm_ramp.$11y.
Removed top 24 bits (of 32) from wire pwm_ramp.$46y.

2.11. Executing PEEPOPT pass (run peephole optimizers).

2.12. Executing OPT_CLEAN pass (remove unused cells and wires).
Finding unused cells or wires in module \pwm_ramp..
Removed 0 unused cells and 2 unused wires.
<suppressed ~1 debug messages>

2.13. Executing ALUMACC pass (create $alu and $macc cells).
Extracting $alu and $macc cells in module pwm_ramp:
  creating $macc model for $11 ($add).
  creating $macc model for $15 ($sub).
  creating $macc model for $34 ($sub).
  creating $macc model for $45 ($add).
  creating $macc model for $46 ($add).
  creating $alu model for $macc $46.
  creating $alu model for $macc $45.
  creating $alu model for $macc $34.
  creating $alu model for $macc $15.
  creating $alu model for $macc $11.
  creating $alu model for $13 ($gt): new $alu
  creating $alu model for $53 ($gt): new $alu
  creating $alu model for $54 ($lt): merged with $53.
  creating $alu model for $9 ($lt): new $alu
  creating $alu model for $20 ($eq): merged with $9.
  creating $alu cell for $9, $20: $auto$alumacc.cc:495:replace_alu$115
  creating $alu cell for $53, $54: $auto$alumacc.cc:495:replace_alu$122
  creating $alu cell for $13: $auto$alumacc.cc:495:replace_alu$133
  creating $alu cell for $11: $auto$alumacc.cc:495:replace_alu$144
  creating $alu cell for $15: $auto$alumacc.cc:495:replace_alu$147
  creating $alu cell for $34: $auto$alumacc.cc:495:replace_alu$150
  creating $alu cell for $45: $auto$alumacc.cc:495:replace_alu$153
  creating $alu cell for $46: $auto$alumacc.cc:495:replace_alu$156
  created 8 $alu and 0 $macc cells.

2.14. Executing SHARE pass (SAT-based resource sharing).

2.15. Executing OPT pass (performing simple optimizations).

2.15.1. Executing OPT_EXPR pass (perform const folding).
Optimizing module pwm_ramp.
<suppressed ~3 debug messages>

2.15.2. Executing OPT_MERGE pass (detect identical cells).
Finding identical cells in module `\pwm_ramp'.
Removed a total of 0 cells.

2.15.3. Executing OPT_MUXTREE pass (detect dead branches in mux trees).
Running muxtree optimizer on module \pwm_ramp..
  Creating internal representation of mux trees.
  Evaluating internal representation of mux trees.
  Analyzing evaluation results.
Removed 0 multiplexer ports.
<suppressed ~24 debug messages>

2.15.4. Executing OPT_REDUCE pass (consolidate $*mux and $reduce_* inputs).
  Optimizing cells in module \pwm_ramp.
Performed a total of 0 changes.

2.15.5. Executing OPT_MERGE pass (detect identical cells).
Finding identical cells in module `\pwm_ramp'.
Removed a total of 0 cells.

2.15.6. Executing OPT_DFF pass (perform DFF optimizations).

2.15.7. Executing OPT_CLEAN pass (remove unused cells and wires).
Finding unused cells or wires in module \pwm_ramp..
Removed 0 unused cells and 10 unused wires.
<suppressed ~2 debug messages>

2.15.8. Executing OPT_EXPR pass (perform const folding).
Optimizing module pwm_ramp.

2.15.9. Rerunning OPT passes. (Maybe there is more to do..)

2.15.10. Executing OPT_MUXTREE pass (detect dead branches in mux trees).
Running muxtree optimizer on module \pwm_ramp..
  Creating internal representation of mux trees.
  Evaluating internal representation of mux trees.
  Analyzing evaluation results.
Removed 0 multiplexer ports.
<suppressed ~24 debug messages>

2.15.11. Executing OPT_REDUCE pass (consolidate $*mux and $reduce_* inputs).
  Optimizing cells in module \pwm_ramp.
Performed a total of 0 changes.

2.15.12. Executing OPT_MERGE pass (detect identical cells).
Finding identical cells in module `\pwm_ramp'.
Removed a total of 0 cells.

2.15.13. Executing OPT_DFF pass (perform DFF optimizations).

2.15.14. Executing OPT_CLEAN pass (remove unused cells and wires).
Finding unused cells or wires in module \pwm_ramp..

2.15.15. Executing OPT_EXPR pass (perform const folding).
Optimizing module pwm_ramp.

2.15.16. Finished fast OPT passes. (There is nothing left to do.)

2.16. Executing MEMORY pass.

2.16.1. Executing OPT_MEM pass (optimize memories).
Performed a total of 0 transformations.

2.16.2. Executing OPT_MEM_PRIORITY pass (removing unnecessary memory write priority relations).
Performed a total of 0 transformations.

2.16.3. Executing OPT_MEM_FEEDBACK pass (finding memory read-to-write feedback paths).

2.16.4. Executing MEMORY_BMUX2ROM pass (converting muxes to ROMs).

2.16.5. Executing MEMORY_DFF pass (merging $dff cells to $memrd).

2.16.6. Executing OPT_CLEAN pass (remove unused cells and wires).
Finding unused cells or wires in module \pwm_ramp..

2.16.7. Executing MEMORY_SHARE pass (consolidating $memrd/$memwr cells).

2.16.8. Executing OPT_MEM_WIDEN pass (optimize memories where all ports are wide).
Performed a total of 0 transformations.

2.16.9. Executing OPT_CLEAN pass (remove unused cells and wires).
Finding unused cells or wires in module \pwm_ramp..

2.16.10. Executing MEMORY_COLLECT pass (generating $mem cells).

2.17. Executing OPT_CLEAN pass (remove unused cells and wires).
Finding unused cells or wires in module \pwm_ramp..

2.18. Executing OPT pass (performing simple optimizations).

2.18.1. Executing OPT_EXPR pass (perform const folding).
Optimizing module pwm_ramp.
<suppressed ~14 debug messages>

2.18.2. Executing OPT_MERGE pass (detect identical cells).
Finding identical cells in module `\pwm_ramp'.
Removed a total of 0 cells.

2.18.3. Executing OPT_DFF pass (perform DFF optimizations).

2.18.4. Executing OPT_CLEAN pass (remove unused cells and wires).
Finding unused cells or wires in module \pwm_ramp..
Removed 0 unused cells and 19 unused wires.
<suppressed ~1 debug messages>

2.18.5. Finished fast OPT passes.

2.19. Executing MEMORY_MAP pass (converting memories to logic and flip-flops).

2.20. Executing OPT pass (performing simple optimizations).

2.20.1. Executing OPT_EXPR pass (perform const folding).
Optimizing module pwm_ramp.

2.20.2. Executing OPT_MERGE pass (detect identical cells).
Finding identical cells in module `\pwm_ramp'.
Removed a total of 0 cells.

2.20.3. Executing OPT_MUXTREE pass (detect dead branches in mux trees).
Running muxtree optimizer on module \pwm_ramp..
  Creating internal representation of mux trees.
  Evaluating internal representation of mux trees.
  Analyzing evaluation results.
Removed 0 multiplexer ports.
<suppressed ~11 debug messages>

2.20.4. Executing OPT_REDUCE pass (consolidate $*mux and $reduce_* inputs).
  Optimizing cells in module \pwm_ramp.
Performed a total of 0 changes.

2.20.5. Executing OPT_MERGE pass (detect identical cells).
Finding identical cells in module `\pwm_ramp'.
Removed a total of 0 cells.

2.20.6. Executing OPT_SHARE pass.
    Found cells that share an operand and can be merged by moving the $mux $procmux$18 in front of them:
        $auto$alumacc.cc:495:replace_alu$144
        $auto$alumacc.cc:495:replace_alu$147

2.20.7. Executing OPT_DFF pass (perform DFF optimizations).

2.20.8. Executing OPT_CLEAN pass (remove unused cells and wires).
Finding unused cells or wires in module \pwm_ramp..
Removed 0 unused cells and 6 unused wires.
<suppressed ~1 debug messages>

2.20.9. Executing OPT_EXPR pass (perform const folding).
Optimizing module pwm_ramp.
<suppressed ~2 debug messages>

2.20.10. Rerunning OPT passes. (Maybe there is more to do..)

2.20.11. Executing OPT_MUXTREE pass (detect dead branches in mux trees).
Running muxtree optimizer on module \pwm_ramp..
  Creating internal representation of mux trees.
  Evaluating internal representation of mux trees.
  Analyzing evaluation results.
Removed 0 multiplexer ports.
<suppressed ~11 debug messages>

2.20.12. Executing OPT_REDUCE pass (consolidate $*mux and $reduce_* inputs).
  Optimizing cells in module \pwm_ramp.
    Consolidated identical input bits for $mux cell $auto$opt_share.cc:244:merge_operators$182:
      Old ports: A=2'11, B=2'01, Y=$auto$rtlil.cc:3232:Mux$183
      New ports: A=1'1, B=1'0, Y=$auto$rtlil.cc:3232:Mux$183 [1]
      New connections: $auto$rtlil.cc:3232:Mux$183 [0] = 1'1
  Optimizing cells in module \pwm_ramp.
Performed a total of 1 changes.

2.20.13. Executing OPT_MERGE pass (detect identical cells).
Finding identical cells in module `\pwm_ramp'.
Removed a total of 0 cells.

2.20.14. Executing OPT_SHARE pass.

2.20.15. Executing OPT_DFF pass (perform DFF optimizations).

2.20.16. Executing OPT_CLEAN pass (remove unused cells and wires).
Finding unused cells or wires in module \pwm_ramp..
Removed 0 unused cells and 2 unused wires.
<suppressed ~1 debug messages>

2.20.17. Executing OPT_EXPR pass (perform const folding).
Optimizing module pwm_ramp.
<suppressed ~1 debug messages>

2.20.18. Rerunning OPT passes. (Maybe there is more to do..)

2.20.19. Executing OPT_MUXTREE pass (detect dead branches in mux trees).
Running muxtree optimizer on module \pwm_ramp..
  Creating internal representation of mux trees.
  Evaluating internal representation of mux trees.
  Analyzing evaluation results.
Removed 0 multiplexer ports.
<suppressed ~9 debug messages>

2.20.20. Executing OPT_REDUCE pass (consolidate $*mux and $reduce_* inputs).
  Optimizing cells in module \pwm_ramp.
Performed a total of 0 changes.

2.20.21. Executing OPT_MERGE pass (detect identical cells).
Finding identical cells in module `\pwm_ramp'.
Removed a total of 0 cells.

2.20.22. Executing OPT_SHARE pass.

2.20.23. Executing OPT_DFF pass (perform DFF optimizations).

2.20.24. Executing OPT_CLEAN pass (remove unused cells and wires).
Finding unused cells or wires in module \pwm_ramp..

2.20.25. Executing OPT_EXPR pass (perform const folding).
Optimizing module pwm_ramp.

2.20.26. Finished fast OPT passes. (There is nothing left to do.)

2.21. Executing TECHMAP pass (map to technology primitives).

2.21.1. Executing Verilog-2005 frontend: /usr/local/bin/../share/yosys/techmap.v
Parsing Verilog input from `/usr/local/bin/../share/yosys/techmap.v' to AST representation.
Generating RTLIL representation for module `\_90_simplemap_bool_ops'.
Generating RTLIL representation for module `\_90_simplemap_reduce_ops'.
Generating RTLIL representation for module `\_90_simplemap_logic_ops'.
Generating RTLIL representation for module `\_90_simplemap_compare_ops'.
Generating RTLIL representation for module `\_90_simplemap_various'.
Generating RTLIL representation for module `\_90_simplemap_registers'.
Generating RTLIL representation for module `\_90_shift_ops_shr_shl_sshl_sshr'.
Generating RTLIL representation for module `\_90_shift_shiftx'.
Generating RTLIL representation for module `\_90_fa'.
Generating RTLIL representation for module `\_90_lcu_brent_kung'.
Generating RTLIL representation for module `\_90_alu'.
Generating RTLIL representation for module `\_90_macc'.
Generating RTLIL representation for module `\_90_alumacc'.
Generating RTLIL representation for module `\$__div_mod_u'.
Generating RTLIL representation for module `\$__div_mod_trunc'.
Generating RTLIL representation for module `\_90_div'.
Generating RTLIL representation for module `\_90_mod'.
Generating RTLIL representation for module `\$__div_mod_floor'.
Generating RTLIL representation for module `\_90_divfloor'.
Generating RTLIL representation for module `\_90_modfloor'.
Generating RTLIL representation for module `\_90_pow'.
Generating RTLIL representation for module `\_90_pmux'.
Generating RTLIL representation for module `\_90_demux'.
Generating RTLIL representation for module `\_90_lut'.
Successfully finished Verilog frontend.

2.21.2. Continuing TECHMAP pass.
Using extmapper simplemap for cells of type $not.
Using extmapper simplemap for cells of type $adffe.
Using extmapper simplemap for cells of type $adff.
Using extmapper simplemap for cells of type $logic_and.
Using template $paramod$7e708ae28ab761f11d0fb59d3ffc72f6a4baf5d9\_90_alu for cells of type $alu.
Using template $paramod$a1bc51c02ce12ac21eb18988e83292af48ed7d72\_90_alu for cells of type $alu.
Using extmapper simplemap for cells of type $and.
Using extmapper simplemap for cells of type $eq.
Using template $paramod$c3cd1564c35d873179656addd6052d7ea8b6d991\_90_alu for cells of type $alu.
Using extmapper simplemap for cells of type $mux.
Using extmapper simplemap for cells of type $reduce_bool.
Using extmapper simplemap for cells of type $reduce_and.
Using extmapper simplemap for cells of type $or.
Using extmapper simplemap for cells of type $xor.
Using template $paramod\_90_lcu_brent_kung\WIDTH=32'00000000000000000000000000000010 for cells of type $lcu.
Using extmapper simplemap for cells of type $pos.
Using template $paramod\_90_lcu_brent_kung\WIDTH=32'00000000000000000000000000001000 for cells of type $lcu.
No more expansions possible.
<suppressed ~533 debug messages>

2.22. Executing OPT pass (performing simple optimizations).

2.22.1. Executing OPT_EXPR pass (perform const folding).
Optimizing module pwm_ramp.
<suppressed ~103 debug messages>

2.22.2. Executing OPT_MERGE pass (detect identical cells).
Finding identical cells in module `\pwm_ramp'.
<suppressed ~78 debug messages>
Removed a total of 26 cells.

2.22.3. Executing OPT_DFF pass (perform DFF optimizations).

2.22.4. Executing OPT_CLEAN pass (remove unused cells and wires).
Finding unused cells or wires in module \pwm_ramp..
Removed 40 unused cells and 182 unused wires.
<suppressed ~41 debug messages>

2.22.5. Finished fast OPT passes.

2.23. Executing ABC pass (technology mapping using ABC).

2.23.1. Extracting gate netlist of module `\pwm_ramp' to `<abc-temp-dir>/input.blif'..

2.23.1.1. Executed ABC.
Extracted 173 gates and 205 wires to a netlist network with 31 inputs and 33 outputs.
Running ABC script: <abc-temp-dir>/abc.script
ABC: UC Berkeley, ABC 1.01 (compiled Sep 17 2025 10:27:03)
ABC: abc 01> set abcout /dev/stdout
ABC: abc 01> empty
ABC: abc 01> source <abc-temp-dir>/abc.script
ABC: + read_blif <abc-temp-dir>/input.blif 
ABC: + read_library /tmp/yosys-abc-3TdgBx/stdcells.genlib 
ABC: + strash 
ABC: + dretime 
ABC: + map 
ABC: + write_blif <abc-temp-dir>/output.blif 
ABC: abc 04> echo "ABC_DONE"

2.23.1.2. Re-integrating ABC results.
ABC RESULTS:               AND cells:        5
ABC RESULTS:            ANDNOT cells:       55
ABC RESULTS:               MUX cells:        2
ABC RESULTS:              NAND cells:       12
ABC RESULTS:               NOR cells:        6
ABC RESULTS:               NOT cells:        4
ABC RESULTS:                OR cells:       10
ABC RESULTS:             ORNOT cells:        9
ABC RESULTS:              XNOR cells:       10
ABC RESULTS:               XOR cells:       30
ABC RESULTS:        internal signals:      141
ABC RESULTS:           input signals:       31
ABC RESULTS:          output signals:       33
Removing temp directory.
Removing global temp directory.

2.24. Executing OPT pass (performing simple optimizations).

2.24.1. Executing OPT_EXPR pass (perform const folding).
Optimizing module pwm_ramp.

2.24.2. Executing OPT_MERGE pass (detect identical cells).
Finding identical cells in module `\pwm_ramp'.
Removed a total of 0 cells.

2.24.3. Executing OPT_DFF pass (perform DFF optimizations).

2.24.4. Executing OPT_CLEAN pass (remove unused cells and wires).
Finding unused cells or wires in module \pwm_ramp..
Removed 0 unused cells and 109 unused wires.
<suppressed ~1 debug messages>

2.24.5. Finished fast OPT passes.

2.25. Executing HIERARCHY pass (managing design hierarchy).
Attribute `top' found on module `pwm_ramp'. Setting top module to pwm_ramp.

2.25.1. Analyzing design hierarchy..
Top module:  \pwm_ramp

2.25.2. Analyzing design hierarchy..
Top module:  \pwm_ramp
Removed 0 unused modules.

2.26. Printing statistics.

=== pwm_ramp ===

        +----------Local Count, excluding submodules.
        | 
      185 wires
      216 wire bits
       45 public wires
       74 public wire bits
        9 ports
       23 port bits
      174 cells
       55   $_ANDNOT_
        5   $_AND_
       27   $_DFFE_PN0P_
        4   $_DFF_PN0_
        2   $_MUX_
       12   $_NAND_
        6   $_NOR_
        4   $_NOT_
        9   $_ORNOT_
       10   $_OR_
       10   $_XNOR_
       30   $_XOR_

2.27. Executing CHECK pass (checking for obvious problems).
Checking module pwm_ramp...
Found and reported 0 problems.

3. Generating Graphviz representation of design.
Writing dot description to `syn/plots/pwm_ramp_postsyn.dot'.
Dumping module pwm_ramp to page 1.

4. Executing DFFLIBMAP pass (mapping DFF cells to sequential cells from liberty file).
  cell sky130_fd_sc_hd__dfxtp_1 (noninv, pins=3, area=20.02) is a direct match for cell type $_DFF_P_.
  cell sky130_fd_sc_hd__dfrtn_1 (noninv, pins=4, area=25.02) is a direct match for cell type $_DFF_NN0_.
  cell sky130_fd_sc_hd__dfrtp_1 (noninv, pins=4, area=25.02) is a direct match for cell type $_DFF_PN0_.
  cell sky130_fd_sc_hd__dfstp_2 (noninv, pins=4, area=26.28) is a direct match for cell type $_DFF_PN1_.
  cell sky130_fd_sc_hd__edfxtp_1 (noninv, pins=4, area=30.03) is a direct match for cell type $_DFFE_PP_.
  cell sky130_fd_sc_hd__dfbbn_1 (noninv, pins=6, area=32.53) is a direct match for cell type $_DFFSR_NNN_.
  cell sky130_fd_sc_hd__dfbbp_1 (noninv, pins=6, area=32.53) is a direct match for cell type $_DFFSR_PNN_.
  final dff cell mappings:
    unmapped dff cell: $_DFF_N_
    \sky130_fd_sc_hd__dfxtp_1 _DFF_P_ (.CLK( C), .D( D), .Q( Q));
    \sky130_fd_sc_hd__dfrtn_1 _DFF_NN0_ (.CLK_N( C), .D( D), .Q( Q), .RESET_B( R));
    unmapped dff cell: $_DFF_NN1_
    unmapped dff cell: $_DFF_NP0_
    unmapped dff cell: $_DFF_NP1_
    \sky130_fd_sc_hd__dfrtp_1 _DFF_PN0_ (.CLK( C), .D( D), .Q( Q), .RESET_B( R));
    \sky130_fd_sc_hd__dfstp_2 _DFF_PN1_ (.CLK( C), .D( D), .Q( Q), .SET_B( R));
    unmapped dff cell: $_DFF_PP0_
    unmapped dff cell: $_DFF_PP1_
    unmapped dff cell: $_DFFE_NN_
    unmapped dff cell: $_DFFE_NP_
    unmapped dff cell: $_DFFE_PN_
    \sky130_fd_sc_hd__edfxtp_1 _DFFE_PP_ (.CLK( C), .D( D), .DE( E), .Q( Q));
    \sky130_fd_sc_hd__dfbbn_1 _DFFSR_NNN_ (.CLK_N( C), .D( D), .Q( Q), .Q_N(~Q), .RESET_B( R), .SET_B( S));
    unmapped dff cell: $_DFFSR_NNP_
    unmapped dff cell: $_DFFSR_NPN_
    unmapped dff cell: $_DFFSR_NPP_
    \sky130_fd_sc_hd__dfbbp_1 _DFFSR_PNN_ (.CLK( C), .D( D), .Q( Q), .Q_N(~Q), .RESET_B( R), .SET_B( S));
    unmapped dff cell: $_DFFSR_PNP_
    unmapped dff cell: $_DFFSR_PPN_
    unmapped dff cell: $_DFFSR_PPP_

4.1. Executing DFFLEGALIZE pass (convert FFs to types supported by the target).
<suppressed ~24 debug messages>
Mapping DFF cells in module `\pwm_ramp':
  mapped 31 $_DFF_PN0_ cells to \sky130_fd_sc_hd__dfrtp_1 cells.

5. Executing ABC pass (technology mapping using ABC).

5.1. Extracting gate netlist of module `\pwm_ramp' to `<abc-temp-dir>/input.blif'..

5.1.1. Executed ABC.
Extracted 170 gates and 210 wires to a netlist network with 40 inputs and 30 outputs.
Running ABC script: <abc-temp-dir>/abc.script
ABC: UC Berkeley, ABC 1.01 (compiled Sep 17 2025 10:27:03)
ABC: abc 01> set abcout /dev/stdout
ABC: abc 01> empty
ABC: abc 01> source <abc-temp-dir>/abc.script
ABC: + read_blif <abc-temp-dir>/input.blif 
ABC: + read_lib -w /home/eneadim/github/flexsoc/lib/sky130_fd_sc_hd__tt_025C_1v80.lib 
ABC: Parsing finished successfully.  Parsing time =     0.06 sec
ABC: Scl_LibertyReadGenlib() skipped cell "sky130_fd_sc_hd__decap_12" without logic function.
ABC: Scl_LibertyReadGenlib() skipped cell "sky130_fd_sc_hd__decap_3" without logic function.
ABC: Scl_LibertyReadGenlib() skipped cell "sky130_fd_sc_hd__decap_4" without logic function.
ABC: Scl_LibertyReadGenlib() skipped cell "sky130_fd_sc_hd__decap_6" without logic function.
ABC: Scl_LibertyReadGenlib() skipped cell "sky130_fd_sc_hd__decap_8" without logic function.
ABC: Scl_LibertyReadGenlib() skipped sequential cell "sky130_fd_sc_hd__dfbbn_1".
ABC: Scl_LibertyReadGenlib() skipped sequential cell "sky130_fd_sc_hd__dfbbn_2".
ABC: Scl_LibertyReadGenlib() skipped sequential cell "sky130_fd_sc_hd__dfbbp_1".
ABC: Scl_LibertyReadGenlib() skipped sequential cell "sky130_fd_sc_hd__dfrbp_1".
ABC: Scl_LibertyReadGenlib() skipped sequential cell "sky130_fd_sc_hd__dfrbp_2".
ABC: Scl_LibertyReadGenlib() skipped sequential cell "sky130_fd_sc_hd__dfrtn_1".
ABC: Scl_LibertyReadGenlib() skipped sequential cell "sky130_fd_sc_hd__dfrtp_1".
ABC: Scl_LibertyReadGenlib() skipped sequential cell "sky130_fd_sc_hd__dfrtp_2".
ABC: Scl_LibertyReadGenlib() skipped sequential cell "sky130_fd_sc_hd__dfrtp_4".
ABC: Scl_LibertyReadGenlib() skipped sequential cell "sky130_fd_sc_hd__dfsbp_1".
ABC: Scl_LibertyReadGenlib() skipped sequential cell "sky130_fd_sc_hd__dfsbp_2".
ABC: Scl_LibertyReadGenlib() skipped sequential cell "sky130_fd_sc_hd__dfstp_1".
ABC: Scl_LibertyReadGenlib() skipped sequential cell "sky130_fd_sc_hd__dfstp_2".
ABC: Scl_LibertyReadGenlib() skipped sequential cell "sky130_fd_sc_hd__dfstp_4".
ABC: Scl_LibertyReadGenlib() skipped sequential cell "sky130_fd_sc_hd__dfxbp_1".
ABC: Scl_LibertyReadGenlib() skipped sequential cell "sky130_fd_sc_hd__dfxbp_2".
ABC: Scl_LibertyReadGenlib() skipped sequential cell "sky130_fd_sc_hd__dfxtp_1".
ABC: Scl_LibertyReadGenlib() skipped sequential cell "sky130_fd_sc_hd__dfxtp_2".
ABC: Scl_LibertyReadGenlib() skipped sequential cell "sky130_fd_sc_hd__dfxtp_4".
ABC: Scl_LibertyReadGenlib() skipped cell "sky130_fd_sc_hd__diode_2" without logic function.
ABC: Scl_LibertyReadGenlib() skipped cell "sky130_fd_sc_hd__dlclkp_1" without logic function.
ABC: Scl_LibertyReadGenlib() skipped cell "sky130_fd_sc_hd__dlclkp_2" without logic function.
ABC: Scl_LibertyReadGenlib() skipped cell "sky130_fd_sc_hd__dlclkp_4" without logic function.
ABC: Scl_LibertyReadGenlib() skipped sequential cell "sky130_fd_sc_hd__dlrbn_1".
ABC: Scl_LibertyReadGenlib() skipped sequential cell "sky130_fd_sc_hd__dlrbn_2".
ABC: Scl_LibertyReadGenlib() skipped sequential cell "sky130_fd_sc_hd__dlrbp_1".
ABC: Scl_LibertyReadGenlib() skipped sequential cell "sky130_fd_sc_hd__dlrbp_2".
ABC: Scl_LibertyReadGenlib() skipped sequential cell "sky130_fd_sc_hd__dlrtn_1".
ABC: Scl_LibertyReadGenlib() skipped sequential cell "sky130_fd_sc_hd__dlrtn_2".
ABC: Scl_LibertyReadGenlib() skipped sequential cell "sky130_fd_sc_hd__dlrtn_4".
ABC: Scl_LibertyReadGenlib() skipped sequential cell "sky130_fd_sc_hd__dlrtp_1".
ABC: Scl_LibertyReadGenlib() skipped sequential cell "sky130_fd_sc_hd__dlrtp_2".
ABC: Scl_LibertyReadGenlib() skipped sequential cell "sky130_fd_sc_hd__dlrtp_4".
ABC: Scl_LibertyReadGenlib() skipped sequential cell "sky130_fd_sc_hd__dlxbn_1".
ABC: Scl_LibertyReadGenlib() skipped sequential cell "sky130_fd_sc_hd__dlxbn_2".
ABC: Scl_LibertyReadGenlib() skipped sequential cell "sky130_fd_sc_hd__dlxbp_1".
ABC: Scl_LibertyReadGenlib() skipped sequential cell "sky130_fd_sc_hd__dlxtn_1".
ABC: Scl_LibertyReadGenlib() skipped sequential cell "sky130_fd_sc_hd__dlxtn_2".
ABC: Scl_LibertyReadGenlib() skipped sequential cell "sky130_fd_sc_hd__dlxtn_4".
ABC: Scl_LibertyReadGenlib() skipped sequential cell "sky130_fd_sc_hd__dlxtp_1".
ABC: Scl_LibertyReadGenlib() skipped three-state cell "sky130_fd_sc_hd__ebufn_1".
ABC: Scl_LibertyReadGenlib() skipped three-state cell "sky130_fd_sc_hd__ebufn_2".
ABC: Scl_LibertyReadGenlib() skipped three-state cell "sky130_fd_sc_hd__ebufn_4".
ABC: Scl_LibertyReadGenlib() skipped three-state cell "sky130_fd_sc_hd__ebufn_8".
ABC: Scl_LibertyReadGenlib() skipped sequential cell "sky130_fd_sc_hd__edfxbp_1".
ABC: Scl_LibertyReadGenlib() skipped sequential cell "sky130_fd_sc_hd__edfxtp_1".
ABC: Scl_LibertyReadGenlib() skipped three-stat+ strash 
ABC: + &get -n 
ABC: + &fraig -x 
ABC: + &put 
ABC: + scorr 
ABC: + dc2 
ABC: + dretime 
ABC: + retime -o -D 10000 
ABC: + strash 
ABC: + &get -n 
ABC: + &dch -f 
ABC: + &nf -D 10000 
ABC: + &put 
ABC: + write_blif <abc-temp-dir>/output.blif 
ABC: e cell "sky130_fd_sc_hd__einvn_0".
ABC: Scl_LibertyReadGenlib() skipped three-state cell "sky130_fd_sc_hd__einvn_1".
ABC: Scl_LibertyReadGenlib() skipped three-state cell "sky130_fd_sc_hd__einvn_2".
ABC: Scl_LibertyReadGenlib() skipped three-state cell "sky130_fd_sc_hd__einvn_4".
ABC: Scl_LibertyReadGenlib() skipped three-state cell "sky130_fd_sc_hd__einvn_8".
ABC: Scl_LibertyReadGenlib() skipped three-state cell "sky130_fd_sc_hd__einvp_1".
ABC: Scl_LibertyReadGenlib() skipped three-state cell "sky130_fd_sc_hd__einvp_2".
ABC: Scl_LibertyReadGenlib() skipped three-state cell "sky130_fd_sc_hd__einvp_4".
ABC: Scl_LibertyReadGenlib() skipped three-state cell "sky130_fd_sc_hd__einvp_8".
ABC: Scl_LibertyReadGenlib() skipped cell "sky130_fd_sc_hd__lpflow_bleeder_1" without logic function.
ABC: Scl_LibertyReadGenlib() skipped cell "sky130_fd_sc_hd__lpflow_decapkapwr_12" without logic function.
ABC: Scl_LibertyReadGenlib() skipped cell "sky130_fd_sc_hd__lpflow_decapkapwr_3" without logic function.
ABC: Scl_LibertyReadGenlib() skipped cell "sky130_fd_sc_hd__lpflow_decapkapwr_4" without logic function.
ABC: Scl_LibertyReadGenlib() skipped cell "sky130_fd_sc_hd__lpflow_decapkapwr_6" without logic function.
ABC: Scl_LibertyReadGenlib() skipped cell "sky130_fd_sc_hd__lpflow_decapkapwr_8" without logic function.
ABC: Scl_LibertyReadGenlib() skipped sequential cell "sky130_fd_sc_hd__lpflow_inputisolatch_1".
ABC: Scl_LibertyReadGenlib() skipped sequential cell "sky130_fd_sc_hd__sdfbbn_1".
ABC: Scl_LibertyReadGenlib() skipped sequential cell "sky130_fd_sc_hd__sdfbbn_2".
ABC: Scl_LibertyReadGenlib() skipped sequential cell "sky130_fd_sc_hd__sdfbbp_1".
ABC: Scl_LibertyReadGenlib() skipped sequential cell "sky130_fd_sc_hd__sdfrbp_1".
ABC: Scl_LibertyReadGenlib() skipped sequential cell "sky130_fd_sc_hd__sdfrbp_2".
ABC: Scl_LibertyReadGenlib() skipped sequential cell "sky130_fd_sc_hd__sdfrtn_1".
ABC: Scl_LibertyReadGenlib() skipped sequential cell "sky130_fd_sc_hd__sdfrtp_1".
ABC: Scl_LibertyReadGenlib() skipped sequential cell "sky130_fd_sc_hd__sdfrtp_2".
ABC: Scl_LibertyReadGenlib() skipped sequential cell "sky130_fd_sc_hd__sdfrtp_4".
ABC: Scl_LibertyReadGenlib() skipped sequential cell "sky130_fd_sc_hd__sdfsbp_1".
ABC: Scl_LibertyReadGenlib() skipped sequential cell "sky130_fd_sc_hd__sdfsbp_2".
ABC: Scl_LibertyReadGenlib() skipped sequential cell "sky130_fd_sc_hd__sdfstp_1".
ABC: Scl_LibertyReadGenlib() skipped sequential cell "sky130_fd_sc_hd__sdfstp_2".
ABC: Scl_LibertyReadGenlib() skipped sequential cell "sky130_fd_sc_hd__sdfstp_4".
ABC: Scl_LibertyReadGenlib() skipped sequential cell "sky130_fd_sc_hd__sdfxbp_1".
ABC: Scl_LibertyReadGenlib() skipped sequential cell "sky130_fd_sc_hd__sdfxbp_2".
ABC: Scl_LibertyReadGenlib() skipped sequential cell "sky130_fd_sc_hd__sdfxtp_1".
ABC: Scl_LibertyReadGenlib() skipped sequential cell "sky130_fd_sc_hd__sdfxtp_2".
ABC: Scl_LibertyReadGenlib() skipped sequential cell "sky130_fd_sc_hd__sdfxtp_4".
ABC: Scl_LibertyReadGenlib() skipped cell "sky130_fd_sc_hd__sdlclkp_1" without logic function.
ABC: Scl_LibertyReadGenlib() skipped cell "sky130_fd_sc_hd__sdlclkp_2" without logic function.
ABC: Scl_LibertyReadGenlib() skipped cell "sky130_fd_sc_hd__sdlclkp_4" without logic function.
ABC: Scl_LibertyReadGenlib() skipped sequential cell "sky130_fd_sc_hd__sedfxbp_1".
ABC: Scl_LibertyReadGenlib() skipped sequential cell "sky130_fd_sc_hd__sedfxbp_2".
ABC: Scl_LibertyReadGenlib() skipped sequential cell "sky130_fd_sc_hd__sedfxtp_1".
ABC: Scl_LibertyReadGenlib() skipped sequential cell "sky130_fd_sc_hd__sedfxtp_2".
ABC: Scl_LibertyReadGenlib() skipped sequential cell "sky130_fd_sc_hd__sedfxtp_4".
ABC: Library "sky130_fd_sc_hd__tt_025C_1v80" from "/home/eneadim/github/flexsoc/lib/sky130_fd_sc_hd__tt_025C_1v80.lib" has 334 cells (94 skipped: 63 seq; 13 tri-state; 18 no func; 0 dont_use; 0 with 2 outputs; 0 with 3+ outputs).  Time =     0.08 sec
ABC: Memory =   19.85 MB. Time =     0.08 sec
ABC: Warning: Detected 9 multi-output cells (for example, "sky130_fd_sc_hd__fa_1").
ABC: Warning: The network is combinational (run "fraig" or "fraig_sweep").
ABC: abc 07> echo "ABC_DONE"

5.1.2. Re-integrating ABC results.
ABC RESULTS:   sky130_fd_sc_hd__a211o_1 cells:        1
ABC RESULTS:   sky130_fd_sc_hd__a211oi_1 cells:        2
ABC RESULTS:   sky130_fd_sc_hd__a21oi_1 cells:        6
ABC RESULTS:   sky130_fd_sc_hd__a22o_1 cells:        2
ABC RESULTS:   sky130_fd_sc_hd__a22oi_1 cells:        1
ABC RESULTS:   sky130_fd_sc_hd__a31oi_1 cells:        1
ABC RESULTS:   sky130_fd_sc_hd__and2_0 cells:        3
ABC RESULTS:   sky130_fd_sc_hd__and3_1 cells:        2
ABC RESULTS:   sky130_fd_sc_hd__clkinv_1 cells:       12
ABC RESULTS:   sky130_fd_sc_hd__lpflow_inputiso1p_1 cells:        1
ABC RESULTS:   sky130_fd_sc_hd__lpflow_isobufsrc_1 cells:        3
ABC RESULTS:   sky130_fd_sc_hd__maj3_1 cells:        6
ABC RESULTS:   sky130_fd_sc_hd__nand2_1 cells:       17
ABC RESULTS:   sky130_fd_sc_hd__nand2b_1 cells:        2
ABC RESULTS:   sky130_fd_sc_hd__nand3_1 cells:        4
ABC RESULTS:   sky130_fd_sc_hd__nand4_1 cells:        1
ABC RESULTS:   sky130_fd_sc_hd__nor2_1 cells:        9
ABC RESULTS:   sky130_fd_sc_hd__nor3_1 cells:        4
ABC RESULTS:   sky130_fd_sc_hd__o2111ai_1 cells:        1
ABC RESULTS:   sky130_fd_sc_hd__o211ai_1 cells:        1
ABC RESULTS:   sky130_fd_sc_hd__o21a_1 cells:        1
ABC RESULTS:   sky130_fd_sc_hd__o21ai_0 cells:       23
ABC RESULTS:   sky130_fd_sc_hd__o21bai_1 cells:        1
ABC RESULTS:   sky130_fd_sc_hd__o22ai_1 cells:        3
ABC RESULTS:   sky130_fd_sc_hd__o2bb2ai_1 cells:        1
ABC RESULTS:   sky130_fd_sc_hd__o311ai_0 cells:        1
ABC RESULTS:   sky130_fd_sc_hd__xnor2_1 cells:       17
ABC RESULTS:   sky130_fd_sc_hd__xor2_1 cells:        5
ABC RESULTS:        internal signals:      140
ABC RESULTS:           input signals:       40
ABC RESULTS:          output signals:       30
Removing temp directory.
Removing global temp directory.

6. Executing OPT_CLEAN pass (remove unused cells and wires).
Finding unused cells or wires in module \pwm_ramp..
Removed 0 unused cells and 237 unused wires.
<suppressed ~28 debug messages>

7. Printing statistics.

=== pwm_ramp ===

        +----------Local Count, excluding submodules.
        |        +-Local Area, excluding submodules.
        |        | 
      146        - wires
      175        - wire bits
       18        - public wires
       47        - public wire bits
        9        - ports
       23        - port bits
      162  1553.99 cells
        1    8.758   sky130_fd_sc_hd__a211o_1
        2   15.014   sky130_fd_sc_hd__a211oi_1
        6   30.029   sky130_fd_sc_hd__a21oi_1
        2   17.517   sky130_fd_sc_hd__a22o_1
        1    7.507   sky130_fd_sc_hd__a22oi_1
        1    6.256   sky130_fd_sc_hd__a31oi_1
        3   18.768   sky130_fd_sc_hd__and2_0
        2   12.512   sky130_fd_sc_hd__and3_1
       12   45.043   sky130_fd_sc_hd__clkinv_1
       31  775.744   sky130_fd_sc_hd__dfrtp_1
        1    6.256   sky130_fd_sc_hd__lpflow_inputiso1p_1
        3   18.768   sky130_fd_sc_hd__lpflow_isobufsrc_1
        6   60.058   sky130_fd_sc_hd__maj3_1
       17   63.811   sky130_fd_sc_hd__nand2_1
        2   12.512   sky130_fd_sc_hd__nand2b_1
        4   20.019   sky130_fd_sc_hd__nand3_1
        1    6.256   sky130_fd_sc_hd__nand4_1
        9   33.782   sky130_fd_sc_hd__nor2_1
        4   20.019   sky130_fd_sc_hd__nor3_1
        1    8.758   sky130_fd_sc_hd__o2111ai_1
        1    7.507   sky130_fd_sc_hd__o211ai_1
        1    7.507   sky130_fd_sc_hd__o21a_1
       23   115.11   sky130_fd_sc_hd__o21ai_0
        1    7.507   sky130_fd_sc_hd__o21bai_1
        3   18.768   sky130_fd_sc_hd__o22ai_1
        1    8.758   sky130_fd_sc_hd__o2bb2ai_1
        1    8.758   sky130_fd_sc_hd__o311ai_0
       17  148.893   sky130_fd_sc_hd__xnor2_1
        5   43.792   sky130_fd_sc_hd__xor2_1

   Chip area for module '\pwm_ramp': 1553.990400
     of which used for sequential elements: 775.744000 (49.92%)

8. Executing Verilog backend.

8.1. Executing BMUXMAP pass.

8.2. Executing DEMUXMAP pass.
Dumping module `\pwm_ramp'.

9. Executing JSON backend.

End of script. Logfile hash: e1935c47ae, CPU: user 0.17s system 0.05s, MEM: 62.27 MB peak
Yosys 0.57+125 (git sha1 5e550ddc3, g++ 13.3.0-6ubuntu2~24.04 -fPIC -O3)
Time spent: 50% 2x abc (0 sec), 13% 1x dfflibmap (0 sec), ...
