%Warning-MODDUP: rtl/pwm_ramp.sv:1:8: Duplicate declaration of module: 'pwm_ramp'
    1 | module pwm_ramp #(
      |        ^~~~~~~~
                 rtl/pwm_ramp.sv:1:8: ... Location of original declaration
    1 | module pwm_ramp #(
      |        ^~~~~~~~
                 ... For warning description see https://verilator.org/warn/MODDUP?v=5.026
                 ... Use "/* verilator lint_off MODDUP */" and lint_on around source to disable this message.
%Warning-PINCONNECTEMPTY: ips/tlul/tlul_cmd_intg_chk.sv:26:6: Cell pin connected by name with empty reference: 'data_o'
   26 |     .data_o(),
      |      ^~~~~~
%Warning-PINCONNECTEMPTY: ips/tlul/tlul_cmd_intg_chk.sv:27:6: Cell pin connected by name with empty reference: 'syndrome_o'
   27 |     .syndrome_o(),
      |      ^~~~~~~~~~
%Warning-PINCONNECTEMPTY: ips/tlul/tlul_data_integ_dec.sv:20:6: Cell pin connected by name with empty reference: 'data_o'
   20 |     .data_o(),
      |      ^~~~~~
%Warning-PINCONNECTEMPTY: ips/tlul/tlul_data_integ_dec.sv:21:6: Cell pin connected by name with empty reference: 'syndrome_o'
   21 |     .syndrome_o(),
      |      ^~~~~~~~~~
%Warning-PINCONNECTEMPTY: ips/prim_opentitan/prim_fifo_sync_cnt.sv:87:8: Cell pin connected by name with empty reference: 'cnt_after_commit_o'
   87 |       .cnt_after_commit_o(),
      |        ^~~~~~~~~~~~~~~~~~
%Warning-PINCONNECTEMPTY: ips/prim_opentitan/prim_fifo_sync_cnt.sv:105:8: Cell pin connected by name with empty reference: 'cnt_after_commit_o'
  105 |       .cnt_after_commit_o(),
      |        ^~~~~~~~~~~~~~~~~~
%Warning-PINCONNECTEMPTY: ips/prim_opentitan/prim_alert_sender.sv:91:6: Cell pin connected by name with empty reference: 'level_o'
   91 |     .level_o  (             ),
      |      ^~~~~~~
%Warning-PINCONNECTEMPTY: ips/prim_opentitan/prim_alert_sender.sv:92:6: Cell pin connected by name with empty reference: 'rise_o'
   92 |     .rise_o   (             ),
      |      ^~~~~~
%Warning-PINCONNECTEMPTY: ips/prim_opentitan/prim_alert_sender.sv:93:6: Cell pin connected by name with empty reference: 'fall_o'
   93 |     .fall_o   (             ),
      |      ^~~~~~
%Warning-PINCONNECTEMPTY: ips/prim_opentitan/prim_alert_sender.sv:118:6: Cell pin connected by name with empty reference: 'rise_o'
  118 |     .rise_o   (            ),
      |      ^~~~~~
%Warning-PINCONNECTEMPTY: ips/prim_opentitan/prim_alert_sender.sv:119:6: Cell pin connected by name with empty reference: 'fall_o'
  119 |     .fall_o   (            ),
      |      ^~~~~~
%Warning-PINCONNECTEMPTY: ips/prim_opentitan/prim_alert_sender.sv:120:6: Cell pin connected by name with empty reference: 'event_o'
  120 |     .event_o  (            ),
      |      ^~~~~~~
%Warning-PINCONNECTEMPTY: ips/tlul/tlul_adapter_sram.sv:563:6: Cell pin connected by name with empty reference: 'full_o'
  563 |     .full_o  (),
      |      ^~~~~~
%Warning-PINCONNECTEMPTY: ips/tlul/tlul_adapter_sram.sv:564:6: Cell pin connected by name with empty reference: 'depth_o'
  564 |     .depth_o (),
      |      ^~~~~~~
%Warning-PINCONNECTEMPTY: ips/tlul/tlul_adapter_sram.sv:584:6: Cell pin connected by name with empty reference: 'rvalid_o'
  584 |     .rvalid_o(),
      |      ^~~~~~~~
%Warning-PINCONNECTEMPTY: ips/tlul/tlul_adapter_sram.sv:587:6: Cell pin connected by name with empty reference: 'full_o'
  587 |     .full_o  (),
      |      ^~~~~~
%Warning-PINCONNECTEMPTY: ips/tlul/tlul_adapter_sram.sv:588:6: Cell pin connected by name with empty reference: 'depth_o'
  588 |     .depth_o (),
      |      ^~~~~~~
%Warning-PINCONNECTEMPTY: ips/tlul/tlul_adapter_sram.sv:607:8: Cell pin connected by name with empty reference: 'rvalid_o'
  607 |       .rvalid_o(),
      |        ^~~~~~~~
%Warning-PINCONNECTEMPTY: ips/tlul/tlul_adapter_sram.sv:610:8: Cell pin connected by name with empty reference: 'full_o'
  610 |       .full_o  (),
      |        ^~~~~~
%Warning-PINCONNECTEMPTY: ips/tlul/tlul_adapter_sram.sv:611:8: Cell pin connected by name with empty reference: 'depth_o'
  611 |       .depth_o (),
      |        ^~~~~~~
%Warning-PINCONNECTEMPTY: ips/tlul/tlul_adapter_sram.sv:612:8: Cell pin connected by name with empty reference: 'err_o'
  612 |       .err_o   ()
      |        ^~~~~
%Warning-PINCONNECTEMPTY: ips/tlul/tlul_adapter_sram.sv:644:6: Cell pin connected by name with empty reference: 'full_o'
  644 |     .full_o  (),
      |      ^~~~~~
%Warning-PINCONNECTEMPTY: ips/tlul/tlul_adapter_sram.sv:645:6: Cell pin connected by name with empty reference: 'depth_o'
  645 |     .depth_o (),
      |      ^~~~~~~
%Warning-PINCONNECTEMPTY: ips/tlul/tlul_fifo_async.sv:57:6: Cell pin connected by name with empty reference: 'wdepth_o'
   57 |     .wdepth_o      (),
      |      ^~~~~~~~
%Warning-PINCONNECTEMPTY: ips/tlul/tlul_fifo_async.sv:58:6: Cell pin connected by name with empty reference: 'rdepth_o'
   58 |     .rdepth_o      ()
      |      ^~~~~~~~
%Warning-PINCONNECTEMPTY: ips/tlul/tlul_fifo_async.sv:94:6: Cell pin connected by name with empty reference: 'wdepth_o'
   94 |     .wdepth_o      (),
      |      ^~~~~~~~
%Warning-PINCONNECTEMPTY: ips/tlul/tlul_fifo_async.sv:95:6: Cell pin connected by name with empty reference: 'rdepth_o'
   95 |     .rdepth_o      ()
      |      ^~~~~~~~
%Warning-PINCONNECTEMPTY: ips/tlul/tlul_fifo_sync.sv:58:6: Cell pin connected by name with empty reference: 'full_o'
   58 |     .full_o        (),
      |      ^~~~~~
%Warning-PINCONNECTEMPTY: ips/tlul/tlul_fifo_sync.sv:59:6: Cell pin connected by name with empty reference: 'depth_o'
   59 |     .depth_o       (),
      |      ^~~~~~~
%Warning-PINCONNECTEMPTY: ips/tlul/tlul_fifo_sync.sv:60:6: Cell pin connected by name with empty reference: 'err_o'
   60 |     .err_o         ());
      |      ^~~~~
%Warning-PINCONNECTEMPTY: ips/tlul/tlul_fifo_sync.sv:93:6: Cell pin connected by name with empty reference: 'full_o'
   93 |     .full_o        (),
      |      ^~~~~~
%Warning-PINCONNECTEMPTY: ips/tlul/tlul_fifo_sync.sv:94:6: Cell pin connected by name with empty reference: 'depth_o'
   94 |     .depth_o       (),
      |      ^~~~~~~
%Warning-PINCONNECTEMPTY: ips/tlul/tlul_fifo_sync.sv:95:6: Cell pin connected by name with empty reference: 'err_o'
   95 |     .err_o         ());
      |      ^~~~~
%Warning-PINCONNECTEMPTY: ips/tlul/tlul_rsp_intg_chk.sv:27:6: Cell pin connected by name with empty reference: 'data_o'
   27 |     .data_o(),
      |      ^~~~~~
%Warning-PINCONNECTEMPTY: ips/tlul/tlul_rsp_intg_chk.sv:28:6: Cell pin connected by name with empty reference: 'syndrome_o'
   28 |     .syndrome_o(),
      |      ^~~~~~~~~~
%Warning-PINCONNECTEMPTY: ips/tlul/tlul_socket_1n.sv:99:6: Cell pin connected by name with empty reference: 'spare_rsp_o'
   99 |     .spare_rsp_o ());
      |      ^~~~~~~~~~~
%Warning-PINCONNECTEMPTY: ips/tlul/tlul_socket_1n.sv:222:8: Cell pin connected by name with empty reference: 'spare_req_o'
  222 |       .spare_req_o (),
      |        ^~~~~~~~~~~
%Warning-PINCONNECTEMPTY: ips/tlul/tlul_socket_1n.sv:224:8: Cell pin connected by name with empty reference: 'spare_rsp_o'
  224 |       .spare_rsp_o ());
      |        ^~~~~~~~~~~
%Warning-PINCONNECTEMPTY: ips/tlul/tlul_socket_m1.sv:135:8: Cell pin connected by name with empty reference: 'spare_req_o'
  135 |       .spare_req_o (),
      |        ^~~~~~~~~~~
%Warning-PINCONNECTEMPTY: ips/tlul/tlul_socket_m1.sv:137:8: Cell pin connected by name with empty reference: 'spare_rsp_o'
  137 |       .spare_rsp_o ()
      |        ^~~~~~~~~~~
%Warning-PINCONNECTEMPTY: ips/tlul/tlul_socket_m1.sv:156:6: Cell pin connected by name with empty reference: 'spare_req_o'
  156 |     .spare_req_o (),
      |      ^~~~~~~~~~~
%Warning-PINCONNECTEMPTY: ips/tlul/tlul_socket_m1.sv:158:6: Cell pin connected by name with empty reference: 'spare_rsp_o'
  158 |     .spare_rsp_o ()
      |      ^~~~~~~~~~~
%Warning-PINCONNECTEMPTY: ips/tlul/tlul_socket_m1.sv:179:8: Cell pin connected by name with empty reference: 'idx_o'
  179 |       .idx_o     (             ),
      |        ^~~~~
%Warning-PINCONNECTEMPTY: ips/tlul/tlul_socket_m1.sv:195:8: Cell pin connected by name with empty reference: 'idx_o'
  195 |       .idx_o     (             ),
      |        ^~~~~
%Warning-PINCONNECTEMPTY: ips/tlul/tlul_sram_byte.sv:531:8: Cell pin connected by name with empty reference: 'rvalid_o'
  531 |       .rvalid_o(),
      |        ^~~~~~~~
%Warning-PINCONNECTEMPTY: ips/tlul/tlul_sram_byte.sv:534:8: Cell pin connected by name with empty reference: 'full_o'
  534 |       .full_o(),
      |        ^~~~~~
%Warning-PINCONNECTEMPTY: ips/tlul/tlul_sram_byte.sv:535:8: Cell pin connected by name with empty reference: 'depth_o'
  535 |       .depth_o(),
      |        ^~~~~~~
%Warning-PINCONNECTEMPTY: ips/tlul/tlul_sram_byte.sv:536:8: Cell pin connected by name with empty reference: 'err_o'
  536 |       .err_o()
      |        ^~~~~
%Warning-PINCONNECTEMPTY: ips/tlul/tlul_sram_byte.sv:649:8: Cell pin connected by name with empty reference: 'rvalid_o'
  649 |       .rvalid_o(),
      |        ^~~~~~~~
%Warning-PINCONNECTEMPTY: ips/tlul/tlul_sram_byte.sv:652:8: Cell pin connected by name with empty reference: 'full_o'
  652 |       .full_o(),
      |        ^~~~~~
%Warning-PINCONNECTEMPTY: ips/tlul/tlul_sram_byte.sv:654:8: Cell pin connected by name with empty reference: 'err_o'
  654 |       .err_o()
      |        ^~~~~
%Warning-PINCONNECTEMPTY: rtl/pwm_ramp_reg_top.sv:73:6: Cell pin connected by name with empty reference: 'intg_error_o'
   73 |     .intg_error_o(),
      |      ^~~~~~~~~~~~
%Warning-PINCONNECTEMPTY: rtl/pwm_ramp_reg_top.sv:130:6: Cell pin connected by name with empty reference: 'qe'
  130 |     .qe     (),
      |      ^~
%Warning-PINCONNECTEMPTY: rtl/pwm_ramp_reg_top.sv:132:6: Cell pin connected by name with empty reference: 'ds'
  132 |     .ds     (),
      |      ^~
%Warning-PINCONNECTEMPTY: rtl/pwm_ramp_reg_top.sv:157:6: Cell pin connected by name with empty reference: 'qe'
  157 |     .qe     (),
      |      ^~
%Warning-PINCONNECTEMPTY: rtl/pwm_ramp_reg_top.sv:159:6: Cell pin connected by name with empty reference: 'ds'
  159 |     .ds     (),
      |      ^~
%Warning-PINCONNECTEMPTY: rtl/pwm_ramp_reg_top.sv:184:6: Cell pin connected by name with empty reference: 'qe'
  184 |     .qe     (),
      |      ^~
%Warning-PINCONNECTEMPTY: rtl/pwm_ramp_reg_top.sv:186:6: Cell pin connected by name with empty reference: 'ds'
  186 |     .ds     (),
      |      ^~
%Warning-PINCONNECTEMPTY: rtl/pwm_ramp_reg_top.sv:203:6: Cell pin connected by name with empty reference: 'qe'
  203 |     .qe     (),
      |      ^~
%Warning-PINCONNECTEMPTY: rtl/pwm_ramp_reg_top.sv:205:6: Cell pin connected by name with empty reference: 'ds'
  205 |     .ds     (),
      |      ^~
%Warning-PINCONNECTEMPTY: rtl/pwm_ramp_reg_top.sv:218:6: Cell pin connected by name with empty reference: 'qe'
  218 |     .qe     (),
      |      ^~
%Warning-PINCONNECTEMPTY: rtl/pwm_ramp_reg_top.sv:220:6: Cell pin connected by name with empty reference: 'ds'
  220 |     .ds     (),
      |      ^~
%Warning-PINCONNECTEMPTY: rtl/pwm_ramp_reg_top.sv:234:6: Cell pin connected by name with empty reference: 'qe'
  234 |     .qe     (),
      |      ^~
%Warning-PINCONNECTEMPTY: rtl/pwm_ramp_reg_top.sv:236:6: Cell pin connected by name with empty reference: 'ds'
  236 |     .ds     (),
      |      ^~
%Warning-PINCONNECTEMPTY: rtl/pwm_ramp_reg_top.sv:273:6: Cell pin connected by name with empty reference: 'ds'
  273 |     .ds     (),
      |      ^~
%Warning-PINCONNECTEMPTY: rtl/pwm_ramp_reg_top.sv:276:6: Cell pin connected by name with empty reference: 'qs'
  276 |     .qs     ()
      |      ^~
%Warning-UNUSEDSIGNAL: rtl/pwm_ramp.sv:27:26: Signal is not used: 'lvds_fall'
                                            : ... note: In instance 'pwm_ramp'
   27 |   logic lvds, lvds_rise, lvds_fall;
      |                          ^~~~~~~~~
%Warning-UNUSEDPARAM: ips/pkgs/top_pkg.sv:13:16: Parameter is not used: 'TL_AUW'
                                               : ... note: In instance 'pwm_ramp'
   13 | localparam int TL_AUW=21;    
      |                ^~~~~~
%Warning-UNUSEDPARAM: ips/pkgs/top_pkg.sv:14:16: Parameter is not used: 'TL_DUW'
                                               : ... note: In instance 'pwm_ramp'
   14 | localparam int TL_DUW=14;    
      |                ^~~~~~
%Warning-UNUSEDPARAM: ips/pkgs/top_pkg.sv:21:16: Parameter is not used: 'SecVolatileRawUnlockEn'
                                               : ... note: In instance 'pwm_ramp'
   21 | localparam int SecVolatileRawUnlockEn = 0;
      |                ^~~~~~~~~~~~~~~~~~~~~~
%Warning-UNUSEDPARAM: ips/pkgs/prim_secded_pkg.sv:81:25: Parameter is not used: 'Secded2216ZeroEcc'
                                                       : ... note: In instance 'pwm_ramp'
   81 |   parameter logic [5:0] Secded2216ZeroEcc = 6'h0;
      |                         ^~~~~~~~~~~~~~~~~
%Warning-UNUSEDPARAM: ips/pkgs/prim_secded_pkg.sv:82:26: Parameter is not used: 'Secded2216ZeroWord'
                                                       : ... note: In instance 'pwm_ramp'
   82 |   parameter logic [21:0] Secded2216ZeroWord = 22'h0;
      |                          ^~~~~~~~~~~~~~~~~~
%Warning-UNUSEDPARAM: ips/pkgs/prim_secded_pkg.sv:90:25: Parameter is not used: 'Secded2822ZeroEcc'
                                                       : ... note: In instance 'pwm_ramp'
   90 |   parameter logic [5:0] Secded2822ZeroEcc = 6'h0;
      |                         ^~~~~~~~~~~~~~~~~
%Warning-UNUSEDPARAM: ips/pkgs/prim_secded_pkg.sv:91:26: Parameter is not used: 'Secded2822ZeroWord'
                                                       : ... note: In instance 'pwm_ramp'
   91 |   parameter logic [27:0] Secded2822ZeroWord = 28'h0;
      |                          ^~~~~~~~~~~~~~~~~~
%Warning-UNUSEDPARAM: ips/pkgs/prim_secded_pkg.sv:99:25: Parameter is not used: 'Secded3932ZeroEcc'
                                                       : ... note: In instance 'pwm_ramp'
   99 |   parameter logic [6:0] Secded3932ZeroEcc = 7'h0;
      |                         ^~~~~~~~~~~~~~~~~
%Warning-UNUSEDPARAM: ips/pkgs/prim_secded_pkg.sv:100:26: Parameter is not used: 'Secded3932ZeroWord'
                                                        : ... note: In instance 'pwm_ramp'
  100 |   parameter logic [38:0] Secded3932ZeroWord = 39'h0;
      |                          ^~~~~~~~~~~~~~~~~~
%Warning-UNUSEDPARAM: ips/pkgs/prim_secded_pkg.sv:108:25: Parameter is not used: 'Secded6457ZeroEcc'
                                                        : ... note: In instance 'pwm_ramp'
  108 |   parameter logic [6:0] Secded6457ZeroEcc = 7'h0;
      |                         ^~~~~~~~~~~~~~~~~
%Warning-UNUSEDPARAM: ips/pkgs/prim_secded_pkg.sv:109:26: Parameter is not used: 'Secded6457ZeroWord'
                                                        : ... note: In instance 'pwm_ramp'
  109 |   parameter logic [63:0] Secded6457ZeroWord = 64'h0;
      |                          ^~~~~~~~~~~~~~~~~~
%Warning-UNUSEDPARAM: ips/pkgs/prim_secded_pkg.sv:117:25: Parameter is not used: 'Secded7264ZeroEcc'
                                                        : ... note: In instance 'pwm_ramp'
  117 |   parameter logic [7:0] Secded7264ZeroEcc = 8'h0;
      |                         ^~~~~~~~~~~~~~~~~
%Warning-UNUSEDPARAM: ips/pkgs/prim_secded_pkg.sv:118:26: Parameter is not used: 'Secded7264ZeroWord'
                                                        : ... note: In instance 'pwm_ramp'
  118 |   parameter logic [71:0] Secded7264ZeroWord = 72'h0;
      |                          ^~~~~~~~~~~~~~~~~~
%Warning-UNUSEDPARAM: ips/pkgs/prim_secded_pkg.sv:126:25: Parameter is not used: 'SecdedHamming2216ZeroEcc'
                                                        : ... note: In instance 'pwm_ramp'
  126 |   parameter logic [5:0] SecdedHamming2216ZeroEcc = 6'h0;
      |                         ^~~~~~~~~~~~~~~~~~~~~~~~
%Warning-UNUSEDPARAM: ips/pkgs/prim_secded_pkg.sv:127:26: Parameter is not used: 'SecdedHamming2216ZeroWord'
                                                        : ... note: In instance 'pwm_ramp'
  127 |   parameter logic [21:0] SecdedHamming2216ZeroWord = 22'h0;
      |                          ^~~~~~~~~~~~~~~~~~~~~~~~~
%Warning-UNUSEDPARAM: ips/pkgs/prim_secded_pkg.sv:135:25: Parameter is not used: 'SecdedHamming3932ZeroEcc'
                                                        : ... note: In instance 'pwm_ramp'
  135 |   parameter logic [6:0] SecdedHamming3932ZeroEcc = 7'h0;
      |                         ^~~~~~~~~~~~~~~~~~~~~~~~
%Warning-UNUSEDPARAM: ips/pkgs/prim_secded_pkg.sv:136:26: Parameter is not used: 'SecdedHamming3932ZeroWord'
                                                        : ... note: In instance 'pwm_ramp'
  136 |   parameter logic [38:0] SecdedHamming3932ZeroWord = 39'h0;
      |                          ^~~~~~~~~~~~~~~~~~~~~~~~~
%Warning-UNUSEDPARAM: ips/pkgs/prim_secded_pkg.sv:144:25: Parameter is not used: 'SecdedHamming7264ZeroEcc'
                                                        : ... note: In instance 'pwm_ramp'
  144 |   parameter logic [7:0] SecdedHamming7264ZeroEcc = 8'h0;
      |                         ^~~~~~~~~~~~~~~~~~~~~~~~
%Warning-UNUSEDPARAM: ips/pkgs/prim_secded_pkg.sv:145:26: Parameter is not used: 'SecdedHamming7264ZeroWord'
                                                        : ... note: In instance 'pwm_ramp'
  145 |   parameter logic [71:0] SecdedHamming7264ZeroWord = 72'h0;
      |                          ^~~~~~~~~~~~~~~~~~~~~~~~~
%Warning-UNUSEDPARAM: ips/pkgs/prim_secded_pkg.sv:153:25: Parameter is not used: 'SecdedHamming7668ZeroEcc'
                                                        : ... note: In instance 'pwm_ramp'
  153 |   parameter logic [7:0] SecdedHamming7668ZeroEcc = 8'h0;
      |                         ^~~~~~~~~~~~~~~~~~~~~~~~
%Warning-UNUSEDPARAM: ips/pkgs/prim_secded_pkg.sv:154:26: Parameter is not used: 'SecdedHamming7668ZeroWord'
                                                        : ... note: In instance 'pwm_ramp'
  154 |   parameter logic [75:0] SecdedHamming7668ZeroWord = 76'h0;
      |                          ^~~~~~~~~~~~~~~~~~~~~~~~~
%Warning-UNUSEDPARAM: ips/pkgs/prim_secded_pkg.sv:162:25: Parameter is not used: 'SecdedInv2216ZeroEcc'
                                                        : ... note: In instance 'pwm_ramp'
  162 |   parameter logic [5:0] SecdedInv2216ZeroEcc = 6'h2A;
      |                         ^~~~~~~~~~~~~~~~~~~~
%Warning-UNUSEDPARAM: ips/pkgs/prim_secded_pkg.sv:163:26: Parameter is not used: 'SecdedInv2216ZeroWord'
                                                        : ... note: In instance 'pwm_ramp'
  163 |   parameter logic [21:0] SecdedInv2216ZeroWord = 22'h2A0000;
      |                          ^~~~~~~~~~~~~~~~~~~~~
%Warning-UNUSEDPARAM: ips/pkgs/prim_secded_pkg.sv:171:25: Parameter is not used: 'SecdedInv2822ZeroEcc'
                                                        : ... note: In instance 'pwm_ramp'
  171 |   parameter logic [5:0] SecdedInv2822ZeroEcc = 6'h2A;
      |                         ^~~~~~~~~~~~~~~~~~~~
%Warning-UNUSEDPARAM: ips/pkgs/prim_secded_pkg.sv:172:26: Parameter is not used: 'SecdedInv2822ZeroWord'
                                                        : ... note: In instance 'pwm_ramp'
  172 |   parameter logic [27:0] SecdedInv2822ZeroWord = 28'hA800000;
      |                          ^~~~~~~~~~~~~~~~~~~~~
%Warning-UNUSEDPARAM: ips/pkgs/prim_secded_pkg.sv:180:25: Parameter is not used: 'SecdedInv3932ZeroEcc'
                                                        : ... note: In instance 'pwm_ramp'
  180 |   parameter logic [6:0] SecdedInv3932ZeroEcc = 7'h2A;
      |                         ^~~~~~~~~~~~~~~~~~~~
%Warning-UNUSEDPARAM: ips/pkgs/prim_secded_pkg.sv:181:26: Parameter is not used: 'SecdedInv3932ZeroWord'
                                                        : ... note: In instance 'pwm_ramp'
  181 |   parameter logic [38:0] SecdedInv3932ZeroWord = 39'h2A00000000;
      |                          ^~~~~~~~~~~~~~~~~~~~~
%Warning-UNUSEDPARAM: ips/pkgs/prim_secded_pkg.sv:189:25: Parameter is not used: 'SecdedInv6457ZeroEcc'
                                                        : ... note: In instance 'pwm_ramp'
  189 |   parameter logic [6:0] SecdedInv6457ZeroEcc = 7'h2A;
      |                         ^~~~~~~~~~~~~~~~~~~~
%Warning-UNUSEDPARAM: ips/pkgs/prim_secded_pkg.sv:190:26: Parameter is not used: 'SecdedInv6457ZeroWord'
                                                        : ... note: In instance 'pwm_ramp'
  190 |   parameter logic [63:0] SecdedInv6457ZeroWord = 64'h5400000000000000;
      |                          ^~~~~~~~~~~~~~~~~~~~~
%Warning-UNUSEDPARAM: ips/pkgs/prim_secded_pkg.sv:198:25: Parameter is not used: 'SecdedInv7264ZeroEcc'
                                                        : ... note: In instance 'pwm_ramp'
  198 |   parameter logic [7:0] SecdedInv7264ZeroEcc = 8'hAA;
      |                         ^~~~~~~~~~~~~~~~~~~~
%Warning-UNUSEDPARAM: ips/pkgs/prim_secded_pkg.sv:199:26: Parameter is not used: 'SecdedInv7264ZeroWord'
                                                        : ... note: In instance 'pwm_ramp'
  199 |   parameter logic [71:0] SecdedInv7264ZeroWord = 72'hAA0000000000000000;
      |                          ^~~~~~~~~~~~~~~~~~~~~
%Warning-UNUSEDPARAM: ips/pkgs/prim_secded_pkg.sv:207:25: Parameter is not used: 'SecdedInvHamming2216ZeroEcc'
                                                        : ... note: In instance 'pwm_ramp'
  207 |   parameter logic [5:0] SecdedInvHamming2216ZeroEcc = 6'h2A;
      |                         ^~~~~~~~~~~~~~~~~~~~~~~~~~~
%Warning-UNUSEDPARAM: ips/pkgs/prim_secded_pkg.sv:208:26: Parameter is not used: 'SecdedInvHamming2216ZeroWord'
                                                        : ... note: In instance 'pwm_ramp'
  208 |   parameter logic [21:0] SecdedInvHamming2216ZeroWord = 22'h2A0000;
      |                          ^~~~~~~~~~~~~~~~~~~~~~~~~~~~
%Warning-UNUSEDPARAM: ips/pkgs/prim_secded_pkg.sv:216:25: Parameter is not used: 'SecdedInvHamming3932ZeroEcc'
                                                        : ... note: In instance 'pwm_ramp'
  216 |   parameter logic [6:0] SecdedInvHamming3932ZeroEcc = 7'h2A;
      |                         ^~~~~~~~~~~~~~~~~~~~~~~~~~~
%Warning-UNUSEDPARAM: ips/pkgs/prim_secded_pkg.sv:217:26: Parameter is not used: 'SecdedInvHamming3932ZeroWord'
                                                        : ... note: In instance 'pwm_ramp'
  217 |   parameter logic [38:0] SecdedInvHamming3932ZeroWord = 39'h2A00000000;
      |                          ^~~~~~~~~~~~~~~~~~~~~~~~~~~~
%Warning-UNUSEDPARAM: ips/pkgs/prim_secded_pkg.sv:225:25: Parameter is not used: 'SecdedInvHamming7264ZeroEcc'
                                                        : ... note: In instance 'pwm_ramp'
  225 |   parameter logic [7:0] SecdedInvHamming7264ZeroEcc = 8'hAA;
      |                         ^~~~~~~~~~~~~~~~~~~~~~~~~~~
%Warning-UNUSEDPARAM: ips/pkgs/prim_secded_pkg.sv:226:26: Parameter is not used: 'SecdedInvHamming7264ZeroWord'
                                                        : ... note: In instance 'pwm_ramp'
  226 |   parameter logic [71:0] SecdedInvHamming7264ZeroWord = 72'hAA0000000000000000;
      |                          ^~~~~~~~~~~~~~~~~~~~~~~~~~~~
%Warning-UNUSEDPARAM: ips/pkgs/prim_secded_pkg.sv:234:25: Parameter is not used: 'SecdedInvHamming7668ZeroEcc'
                                                        : ... note: In instance 'pwm_ramp'
  234 |   parameter logic [7:0] SecdedInvHamming7668ZeroEcc = 8'hAA;
      |                         ^~~~~~~~~~~~~~~~~~~~~~~~~~~
%Warning-UNUSEDPARAM: ips/pkgs/prim_secded_pkg.sv:235:26: Parameter is not used: 'SecdedInvHamming7668ZeroWord'
                                                        : ... note: In instance 'pwm_ramp'
  235 |   parameter logic [75:0] SecdedInvHamming7668ZeroWord = 76'hAA00000000000000000;
      |                          ^~~~~~~~~~~~~~~~~~~~~~~~~~~~
%Warning-UNUSEDSIGNAL: ips/prim/prim_edge_detect.sv:4:16: Signal is not used: 'en_i'
                                                        : ... note: In instance 'pwm_ramp.u_prim_edge_detect'
    4 |   input  logic en_i,
      |                ^~~~
%Warning-UNUSEDPARAM: ips/pkgs/prim_alert_pkg.sv:19:24: Parameter is not used: 'ALERT_TX_DEFAULT'
                                                      : ... note: In instance 'pwm_ramp.u_prim_deglitch'
%Warning-UNUSEDPARAM: ips/pkgs/prim_alert_pkg.sv:22:24: Parameter is not used: 'ALERT_RX_DEFAULT'
                                                      : ... note: In instance 'pwm_ramp.u_prim_deglitch'
%Warning-UNUSEDPARAM: rtl/pwm_ramp_reg_pkg.sv:80:33: Parameter is not used: 'PWM_RAMP_CTRL_OFFSET'
                                                   : ... note: In instance 'pwm_ramp.u_prim_deglitch'
   80 |   parameter logic [BlockAw-1:0] PWM_RAMP_CTRL_OFFSET = 4'h 0;
      |                                 ^~~~~~~~~~~~~~~~~~~~
%Warning-UNUSEDPARAM: rtl/pwm_ramp_reg_pkg.sv:81:33: Parameter is not used: 'PWM_RAMP_STATUS_OFFSET'
                                                   : ... note: In instance 'pwm_ramp.u_prim_deglitch'
   81 |   parameter logic [BlockAw-1:0] PWM_RAMP_STATUS_OFFSET = 4'h 4;
      |                                 ^~~~~~~~~~~~~~~~~~~~~~
%Warning-UNUSEDPARAM: rtl/pwm_ramp_reg_pkg.sv:82:33: Parameter is not used: 'PWM_RAMP_RDATA_OFFSET'
                                                   : ... note: In instance 'pwm_ramp.u_prim_deglitch'
   82 |   parameter logic [BlockAw-1:0] PWM_RAMP_RDATA_OFFSET = 4'h 8;
      |                                 ^~~~~~~~~~~~~~~~~~~~~
%Warning-UNUSEDPARAM: rtl/pwm_ramp_reg_pkg.sv:83:33: Parameter is not used: 'PWM_RAMP_WDATA_OFFSET'
                                                   : ... note: In instance 'pwm_ramp.u_prim_deglitch'
   83 |   parameter logic [BlockAw-1:0] PWM_RAMP_WDATA_OFFSET = 4'h c;
      |                                 ^~~~~~~~~~~~~~~~~~~~~
%Warning-UNUSEDPARAM: rtl/pwm_ramp_reg_pkg.sv:86:25: Parameter is not used: 'PWM_RAMP_STATUS_RESVAL'
                                                   : ... note: In instance 'pwm_ramp.u_prim_deglitch'
   86 |   parameter logic [1:0] PWM_RAMP_STATUS_RESVAL = 2'h 0;
      |                         ^~~~~~~~~~~~~~~~~~~~~~
%Warning-UNUSEDPARAM: rtl/pwm_ramp_reg_pkg.sv:87:25: Parameter is not used: 'PWM_RAMP_RDATA_RESVAL'
                                                   : ... note: In instance 'pwm_ramp.u_prim_deglitch'
   87 |   parameter logic [7:0] PWM_RAMP_RDATA_RESVAL = 8'h 0;
      |                         ^~~~~~~~~~~~~~~~~~~~~
%Warning-UNUSEDPARAM: rtl/pwm_ramp_reg_pkg.sv:98:25: Parameter is not used: 'PWM_RAMP_PERMIT'
                                                   : ... note: In instance 'pwm_ramp.u_prim_deglitch'
   98 |   parameter logic [3:0] PWM_RAMP_PERMIT [4] = '{
      |                         ^~~~~~~~~~~~~~~
%Warning-UNUSEDSIGNAL: ips/prim/prim_ff_2sync.sv:11:21: Signal is not driven, nor used: 'd_o'
                                                      : ... note: In instance 'pwm_ramp.u_prim_deglitch.gen_async.prim_flop_2sync'
   11 |   logic [Width-1:0] d_o;
      |                     ^~~
%Warning-UNUSEDPARAM: ips/pkgs/tlul_pkg.sv:14:13: Parameter is not used: 'ArbiterImpl'
                                                : ... note: In instance 'pwm_ramp.u_prim_deglitch.gen_async.prim_flop_2sync'
   14 |   parameter ArbiterImpl = "PPC";
      |             ^~~~~~~~~~~
%Warning-UNUSEDPARAM: ips/pkgs/tlul_pkg.sv:29:17: Parameter is not used: 'H2DCmdFullWidth'
                                                : ... note: In instance 'pwm_ramp.u_prim_deglitch.gen_async.prim_flop_2sync'
   29 |   parameter int H2DCmdFullWidth = H2DCmdMaxWidth + H2DCmdIntgWidth;
      |                 ^~~~~~~~~~~~~~~
%Warning-UNUSEDPARAM: ips/pkgs/tlul_pkg.sv:32:17: Parameter is not used: 'D2HRspFullWidth'
                                                : ... note: In instance 'pwm_ramp.u_prim_deglitch.gen_async.prim_flop_2sync'
   32 |   parameter int D2HRspFullWidth = D2HRspMaxWidth + D2HRspIntgWidth;
      |                 ^~~~~~~~~~~~~~~
%Warning-UNUSEDPARAM: ips/pkgs/tlul_pkg.sv:35:17: Parameter is not used: 'DataFullWidth'
                                                : ... note: In instance 'pwm_ramp.u_prim_deglitch.gen_async.prim_flop_2sync'
   35 |   parameter int DataFullWidth   = DataMaxWidth + DataIntgWidth;
      |                 ^~~~~~~~~~~~~
%Warning-UNUSEDPARAM: ips/pkgs/tlul_pkg.sv:39:40: Parameter is not used: 'DataWhenInstrError'
                                                : ... note: In instance 'pwm_ramp.u_prim_deglitch.gen_async.prim_flop_2sync'
   39 |   parameter logic [top_pkg::TL_DW-1:0] DataWhenInstrError = '0;
      |                                        ^~~~~~~~~~~~~~~~~~
%Warning-UNUSEDPARAM: ips/pkgs/tlul_pkg.sv:42:40: Parameter is not used: 'DataWhenError'
                                                : ... note: In instance 'pwm_ramp.u_prim_deglitch.gen_async.prim_flop_2sync'
   42 |   parameter logic [top_pkg::TL_DW-1:0] DataWhenError      = {top_pkg::TL_DW{1'b1}};
      |                                        ^~~~~~~~~~~~~
%Warning-UNUSEDPARAM: ips/pkgs/tlul_pkg.sv:87:23: Parameter is not used: 'TL_H2D_DEFAULT'
                                                : ... note: In instance 'pwm_ramp.u_prim_deglitch.gen_async.prim_flop_2sync'
   87 |   localparam tl_h2d_t TL_H2D_DEFAULT = '{
      |                       ^~~~~~~~~~~~~~
%Warning-UNUSEDPARAM: ips/pkgs/tlul_pkg.sv:131:23: Parameter is not used: 'TL_D2H_DEFAULT'
                                                 : ... note: In instance 'pwm_ramp.u_prim_deglitch.gen_async.prim_flop_2sync'
  131 |   localparam tl_d2h_t TL_D2H_DEFAULT = '{
      |                       ^~~~~~~~~~~~~~
- V e r i l a t i o n   R e p o r t: Verilator 5.026 2024-06-15 rev v5.026
- Verilator: Built from 15.190 MB sources in 69 modules, into 0.021 MB in 5 C++ files needing 0.000 MB
- Verilator: Walltime 0.069 s (elab=0.009, cvt=0.011, bld=0.000); cpu 0.000 s on 1 threads; alloced 33.828 MB
