
 /----------------------------------------------------------------------------\
 |  yosys -- Yosys Open SYnthesis Suite                                       |
 |  Copyright (C) 2012 - 2025  Claire Xenia Wolf <claire@yosyshq.com>         |
 |  Distributed under an ISC-like license, type "license" to see terms        |
 \----------------------------------------------------------------------------/
 Yosys 0.58 (git sha1 157aabb58, g++ 13.3.0-6ubuntu2~24.04 -fPIC -O3)

-- Executing script file `syn/synth_sv.ys' --

1. Executing SLANG frontend.
Top level design units:
    pwm_ramp

Build succeeded: 0 errors, 0 warnings

1.1. Executing UNDRIVEN pass. (resolve undriven signals)

1.2. Executing PROC_CLEAN pass (remove empty switches from decision trees).
Found and cleaned up 1 empty switch in `\pwm_ramp.$41'.
Found and cleaned up 1 empty switch in `\pwm_ramp.$31'.
Removing empty process `pwm_ramp.$24'.
Found and cleaned up 1 empty switch in `\pwm_ramp.$19'.
Found and cleaned up 1 empty switch in `\pwm_ramp.$6'.
Removing empty process `pwm_ramp.$3'.
Removing empty process `pwm_ramp.$0'.
Cleaned up 4 empty switches.

1.3. Executing TRIBUF pass.

1.4. Executing PROC_RMDEAD pass (remove dead branches from decision trees).
Marked 2 switch rules as full_case in process $19 in module pwm_ramp.
Marked 3 switch rules as full_case in process $6 in module pwm_ramp.
Marked 4 switch rules as full_case in process $31 in module pwm_ramp.
Marked 4 switch rules as full_case in process $41 in module pwm_ramp.
Removed a total of 0 dead cases.

1.5. Executing PROC_PRUNE pass (remove redundant assignments in processes).
Removed 8 redundant assignments.
Promoted 0 assignments to connections.

1.6. Executing PROC_INIT pass (extract init attributes).

1.7. Executing PROC_ROM pass (convert switches to ROMs).
Converted 0 switches.
<suppressed ~18 debug messages>

1.8. Executing PROC_MUX pass (convert decision trees to multiplexers).
Creating decoders for process `\pwm_ramp.$19'.
     1/2: $u_prim_deglitch.q_o$22
     2/2: $u_prim_deglitch.q_o$23
Creating decoders for process `\pwm_ramp.$6'.
     1/3: $u_prim_deglitch.count_q$16
     2/3: $u_prim_deglitch.count_q$17
     3/3: $u_prim_deglitch.count_q$18
Creating decoders for process `\pwm_ramp.$31'.
     1/6: $clear$37
     2/6: $adc_valid_o$36
     3/6: $clear$40
     4/6: $adc_valid_o$39
     5/6: $adc_value_o$35
     6/6: $adc_value_o$38
Creating decoders for process `\pwm_ramp.$41'.
     1/6: $counter$48
     2/6: $duty_cycle$47
     3/6: $counter$50
     4/6: $duty_cycle$49
     5/6: $counter$52
     6/6: $duty_cycle$51

1.9. Executing PROC_CLEAN pass (remove empty switches from decision trees).
Found and cleaned up 3 empty switches in `\pwm_ramp.$19'.
Removing empty process `pwm_ramp.$19'.
Found and cleaned up 5 empty switches in `\pwm_ramp.$6'.
Removing empty process `pwm_ramp.$6'.
Found and cleaned up 5 empty switches in `\pwm_ramp.$31'.
Removing empty process `pwm_ramp.$31'.
Found and cleaned up 5 empty switches in `\pwm_ramp.$41'.
Removing empty process `pwm_ramp.$41'.
Cleaned up 18 empty switches.

1.10. Executing OPT_EXPR pass (perform const folding).
Optimizing module pwm_ramp.
<suppressed ~7 debug messages>

2. Executing SYNTH pass.

2.1. Executing HIERARCHY pass (managing design hierarchy).

2.1.1. Analyzing design hierarchy..
Top module:  \pwm_ramp

2.1.2. Analyzing design hierarchy..
Top module:  \pwm_ramp
Removed 0 unused modules.

2.2. Executing PROC pass (convert processes to netlists).

2.2.1. Executing PROC_CLEAN pass (remove empty switches from decision trees).
Cleaned up 0 empty switches.

2.2.2. Executing PROC_RMDEAD pass (remove dead branches from decision trees).
Removed a total of 0 dead cases.

2.2.3. Executing PROC_PRUNE pass (remove redundant assignments in processes).
Removed 0 redundant assignments.
Promoted 0 assignments to connections.

2.2.4. Executing PROC_INIT pass (extract init attributes).

2.2.5. Executing PROC_ARST pass (detect async resets in processes).

2.2.6. Executing PROC_ROM pass (convert switches to ROMs).
Converted 0 switches.

2.2.7. Executing PROC_MUX pass (convert decision trees to multiplexers).

2.2.8. Executing PROC_DLATCH pass (convert process syncs to latches).

2.2.9. Executing PROC_DFF pass (convert process syncs to FFs).

2.2.10. Executing PROC_MEMWR pass (convert process memory writes to cells).

2.2.11. Executing PROC_CLEAN pass (remove empty switches from decision trees).
Cleaned up 0 empty switches.

2.2.12. Executing OPT_EXPR pass (perform const folding).
Optimizing module pwm_ramp.

2.3. Executing OPT_EXPR pass (perform const folding).
Optimizing module pwm_ramp.

2.4. Executing OPT_CLEAN pass (remove unused cells and wires).
Finding unused cells or wires in module \pwm_ramp..
Removed 9 unused cells and 66 unused wires.
<suppressed ~11 debug messages>

2.5. Executing CHECK pass (checking for obvious problems).
Checking module pwm_ramp...
Found and reported 0 problems.

2.6. Executing OPT pass (performing simple optimizations).

2.6.1. Executing OPT_EXPR pass (perform const folding).
Optimizing module pwm_ramp.

2.6.2. Executing OPT_MERGE pass (detect identical cells).
Finding identical cells in module `\pwm_ramp'.
Removed a total of 0 cells.

2.6.3. Executing OPT_MUXTREE pass (detect dead branches in mux trees).
Running muxtree optimizer on module \pwm_ramp..
  Creating internal representation of mux trees.
  Evaluating internal representation of mux trees.
      Replacing known input bits on port A of cell $procmux$25: \clear -> 1'0
  Analyzing evaluation results.
    dead port 1/2 on $mux $procmux$12.
    dead port 2/2 on $mux $procmux$14.
    dead port 2/2 on $mux $procmux$20.
    dead port 1/2 on $mux $procmux$28.
    dead port 1/2 on $mux $procmux$3.
    dead port 1/2 on $mux $procmux$33.
    dead port 2/2 on $mux $procmux$49.
    dead port 2/2 on $mux $procmux$58.
    dead port 1/2 on $mux $procmux$61.
    dead port 2/2 on $mux $procmux$66.
    dead port 1/2 on $mux $procmux$69.
    dead port 1/2 on $mux $procmux$75.
    dead port 1/2 on $mux $procmux$81.
Removed 13 multiplexer ports.
<suppressed ~40 debug messages>

2.6.4. Executing OPT_REDUCE pass (consolidate $*mux and $reduce_* inputs).
  Optimizing cells in module \pwm_ramp.
  Optimizing cells in module \pwm_ramp.
Performed a total of 1 changes.

2.6.5. Executing OPT_MERGE pass (detect identical cells).
Finding identical cells in module `\pwm_ramp'.
Removed a total of 0 cells.

2.6.6. Executing OPT_DFF pass (perform DFF optimizations).
Changing const-value async load to async reset on $driver$u_prim_edge_detect.u_sync_1.q_o ($aldff) from module pwm_ramp.
Changing const-value async load to async reset on $driver$u_prim_deglitch.gen_async.prim_flop_2sync.u_sync_2.q_o ($aldff) from module pwm_ramp.
Changing const-value async load to async reset on $driver$u_prim_deglitch.gen_async.prim_flop_2sync.u_sync_1.q_o ($aldff) from module pwm_ramp.
Changing const-value async load to async reset on $driver$u_prim_deglitch.count_q ($aldff) from module pwm_ramp.
Changing const-value async load to async reset on $driver$duty_cycle ($aldff) from module pwm_ramp.
Changing const-value async load to async reset on $driver$counter ($aldff) from module pwm_ramp.
Changing const-value async load to async reset on $driver$clear ($aldff) from module pwm_ramp.
Changing const-value async load to async reset on $driver$adc_value_o ($aldff) from module pwm_ramp.
Changing const-value async load to async reset on $driver$adc_valid_o ($aldff) from module pwm_ramp.

2.6.7. Executing OPT_CLEAN pass (remove unused cells and wires).
Finding unused cells or wires in module \pwm_ramp..
Removed 0 unused cells and 16 unused wires.
<suppressed ~3 debug messages>

2.6.8. Executing OPT_EXPR pass (perform const folding).
Optimizing module pwm_ramp.

2.6.9. Rerunning OPT passes. (Maybe there is more to do..)

2.6.10. Executing OPT_MUXTREE pass (detect dead branches in mux trees).
Running muxtree optimizer on module \pwm_ramp..
  Creating internal representation of mux trees.
  Evaluating internal representation of mux trees.
  Analyzing evaluation results.
Removed 0 multiplexer ports.
<suppressed ~26 debug messages>

2.6.11. Executing OPT_REDUCE pass (consolidate $*mux and $reduce_* inputs).
  Optimizing cells in module \pwm_ramp.
Performed a total of 0 changes.

2.6.12. Executing OPT_MERGE pass (detect identical cells).
Finding identical cells in module `\pwm_ramp'.
Removed a total of 0 cells.

2.6.13. Executing OPT_DFF pass (perform DFF optimizations).

2.6.14. Executing OPT_CLEAN pass (remove unused cells and wires).
Finding unused cells or wires in module \pwm_ramp..

2.6.15. Executing OPT_EXPR pass (perform const folding).
Optimizing module pwm_ramp.

2.6.16. Finished fast OPT passes. (There is nothing left to do.)

2.7. Executing FSM pass (extract and optimize FSM).

2.7.1. Executing FSM_DETECT pass (finding FSMs in design).

2.7.2. Executing FSM_EXTRACT pass (extracting FSM from design).

2.7.3. Executing FSM_OPT pass (simple optimizations of FSMs).

2.7.4. Executing OPT_CLEAN pass (remove unused cells and wires).
Finding unused cells or wires in module \pwm_ramp..

2.7.5. Executing FSM_OPT pass (simple optimizations of FSMs).

2.7.6. Executing FSM_RECODE pass (re-assigning FSM state encoding).

2.7.7. Executing FSM_INFO pass (dumping all available information on FSM cells).

2.7.8. Executing FSM_MAP pass (mapping FSMs to basic logic).

2.8. Executing OPT pass (performing simple optimizations).

2.8.1. Executing OPT_EXPR pass (perform const folding).
Optimizing module pwm_ramp.

2.8.2. Executing OPT_MERGE pass (detect identical cells).
Finding identical cells in module `\pwm_ramp'.
Removed a total of 0 cells.

2.8.3. Executing OPT_MUXTREE pass (detect dead branches in mux trees).
Running muxtree optimizer on module \pwm_ramp..
  Creating internal representation of mux trees.
  Evaluating internal representation of mux trees.
  Analyzing evaluation results.
Removed 0 multiplexer ports.
<suppressed ~26 debug messages>

2.8.4. Executing OPT_REDUCE pass (consolidate $*mux and $reduce_* inputs).
  Optimizing cells in module \pwm_ramp.
Performed a total of 0 changes.

2.8.5. Executing OPT_MERGE pass (detect identical cells).
Finding identical cells in module `\pwm_ramp'.
Removed a total of 0 cells.

2.8.6. Executing OPT_DFF pass (perform DFF optimizations).
Adding EN signal on $driver$u_prim_deglitch.count_q ($adff) from module pwm_ramp (D = $procmux$18_Y, Q = \u_prim_deglitch.count_q).
Adding EN signal on $driver$duty_cycle ($adff) from module pwm_ramp (D = $duty_cycle$51, Q = \duty_cycle).
Adding EN signal on $driver$counter ($adff) from module pwm_ramp (D = $counter$52, Q = \counter).
Adding EN signal on $driver$adc_value_o ($adff) from module pwm_ramp (D = $adc_value_o$35, Q = \adc_value_o).
Adding EN signal on $driver$adc_valid_o ($adff) from module pwm_ramp (D = $adc_valid_o$39, Q = \adc_valid_o).

2.8.7. Executing OPT_CLEAN pass (remove unused cells and wires).
Finding unused cells or wires in module \pwm_ramp..
Removed 2 unused cells and 2 unused wires.
<suppressed ~3 debug messages>

2.8.8. Executing OPT_EXPR pass (perform const folding).
Optimizing module pwm_ramp.
<suppressed ~5 debug messages>

2.8.9. Rerunning OPT passes. (Maybe there is more to do..)

2.8.10. Executing OPT_MUXTREE pass (detect dead branches in mux trees).
Running muxtree optimizer on module \pwm_ramp..
  Creating internal representation of mux trees.
  Evaluating internal representation of mux trees.
  Analyzing evaluation results.
Removed 0 multiplexer ports.
<suppressed ~24 debug messages>

2.8.11. Executing OPT_REDUCE pass (consolidate $*mux and $reduce_* inputs).
  Optimizing cells in module \pwm_ramp.
Performed a total of 0 changes.

2.8.12. Executing OPT_MERGE pass (detect identical cells).
Finding identical cells in module `\pwm_ramp'.
<suppressed ~3 debug messages>
Removed a total of 1 cells.

2.8.13. Executing OPT_DFF pass (perform DFF optimizations).

2.8.14. Executing OPT_CLEAN pass (remove unused cells and wires).
Finding unused cells or wires in module \pwm_ramp..
Removed 0 unused cells and 1 unused wires.
<suppressed ~1 debug messages>

2.8.15. Executing OPT_EXPR pass (perform const folding).
Optimizing module pwm_ramp.

2.8.16. Rerunning OPT passes. (Maybe there is more to do..)

2.8.17. Executing OPT_MUXTREE pass (detect dead branches in mux trees).
Running muxtree optimizer on module \pwm_ramp..
  Creating internal representation of mux trees.
  Evaluating internal representation of mux trees.
  Analyzing evaluation results.
Removed 0 multiplexer ports.
<suppressed ~24 debug messages>

2.8.18. Executing OPT_REDUCE pass (consolidate $*mux and $reduce_* inputs).
  Optimizing cells in module \pwm_ramp.
Performed a total of 0 changes.

2.8.19. Executing OPT_MERGE pass (detect identical cells).
Finding identical cells in module `\pwm_ramp'.
Removed a total of 0 cells.

2.8.20. Executing OPT_DFF pass (perform DFF optimizations).

2.8.21. Executing OPT_CLEAN pass (remove unused cells and wires).
Finding unused cells or wires in module \pwm_ramp..

2.8.22. Executing OPT_EXPR pass (perform const folding).
Optimizing module pwm_ramp.

2.8.23. Finished fast OPT passes. (There is nothing left to do.)

2.9. Executing WREDUCE pass (reducing word size of cells).
Removed top 30 bits (of 32) from port A of cell pwm_ramp.$11 ($add).
Removed top 31 bits (of 32) from port B of cell pwm_ramp.$11 ($add).
Removed top 30 bits (of 32) from port Y of cell pwm_ramp.$11 ($add).
Removed top 30 bits (of 32) from port A of cell pwm_ramp.$13 ($gt).
Removed top 31 bits (of 32) from port B of cell pwm_ramp.$13 ($gt).
Removed top 30 bits (of 32) from port A of cell pwm_ramp.$15 ($sub).
Removed top 31 bits (of 32) from port B of cell pwm_ramp.$15 ($sub).
Removed top 30 bits (of 32) from port Y of cell pwm_ramp.$15 ($sub).
Removed top 24 bits (of 32) from port A of cell pwm_ramp.$46 ($add).
Removed top 31 bits (of 32) from port B of cell pwm_ramp.$46 ($add).
Removed top 24 bits (of 32) from port Y of cell pwm_ramp.$46 ($add).
Removed top 30 bits (of 32) from wire pwm_ramp.$11y.
Removed top 24 bits (of 32) from wire pwm_ramp.$46y.

2.10. Executing PEEPOPT pass (run peephole optimizers).

2.11. Executing OPT_CLEAN pass (remove unused cells and wires).
Finding unused cells or wires in module \pwm_ramp..
Removed 0 unused cells and 2 unused wires.
<suppressed ~1 debug messages>

2.12. Executing ALUMACC pass (create $alu and $macc cells).
Extracting $alu and $macc cells in module pwm_ramp:
  creating $macc model for $11 ($add).
  creating $macc model for $15 ($sub).
  creating $macc model for $34 ($sub).
  creating $macc model for $45 ($add).
  creating $macc model for $46 ($add).
  creating $alu model for $macc $46.
  creating $alu model for $macc $45.
  creating $alu model for $macc $34.
  creating $alu model for $macc $15.
  creating $alu model for $macc $11.
  creating $alu model for $13 ($gt): new $alu
  creating $alu model for $53 ($gt): new $alu
  creating $alu model for $54 ($lt): merged with $53.
  creating $alu model for $9 ($lt): new $alu
  creating $alu model for $20 ($eq): merged with $9.
  creating $alu cell for $9, $20: $auto$alumacc.cc:495:replace_alu$115
  creating $alu cell for $53, $54: $auto$alumacc.cc:495:replace_alu$122
  creating $alu cell for $13: $auto$alumacc.cc:495:replace_alu$133
  creating $alu cell for $11: $auto$alumacc.cc:495:replace_alu$144
  creating $alu cell for $15: $auto$alumacc.cc:495:replace_alu$147
  creating $alu cell for $34: $auto$alumacc.cc:495:replace_alu$150
  creating $alu cell for $45: $auto$alumacc.cc:495:replace_alu$153
  creating $alu cell for $46: $auto$alumacc.cc:495:replace_alu$156
  created 8 $alu and 0 $macc cells.

2.13. Executing SHARE pass (SAT-based resource sharing).

2.14. Executing OPT pass (performing simple optimizations).

2.14.1. Executing OPT_EXPR pass (perform const folding).
Optimizing module pwm_ramp.
<suppressed ~3 debug messages>

2.14.2. Executing OPT_MERGE pass (detect identical cells).
Finding identical cells in module `\pwm_ramp'.
Removed a total of 0 cells.

2.14.3. Executing OPT_MUXTREE pass (detect dead branches in mux trees).
Running muxtree optimizer on module \pwm_ramp..
  Creating internal representation of mux trees.
  Evaluating internal representation of mux trees.
  Analyzing evaluation results.
Removed 0 multiplexer ports.
<suppressed ~24 debug messages>

2.14.4. Executing OPT_REDUCE pass (consolidate $*mux and $reduce_* inputs).
  Optimizing cells in module \pwm_ramp.
Performed a total of 0 changes.

2.14.5. Executing OPT_MERGE pass (detect identical cells).
Finding identical cells in module `\pwm_ramp'.
Removed a total of 0 cells.

2.14.6. Executing OPT_DFF pass (perform DFF optimizations).

2.14.7. Executing OPT_CLEAN pass (remove unused cells and wires).
Finding unused cells or wires in module \pwm_ramp..
Removed 0 unused cells and 10 unused wires.
<suppressed ~2 debug messages>

2.14.8. Executing OPT_EXPR pass (perform const folding).
Optimizing module pwm_ramp.

2.14.9. Rerunning OPT passes. (Maybe there is more to do..)

2.14.10. Executing OPT_MUXTREE pass (detect dead branches in mux trees).
Running muxtree optimizer on module \pwm_ramp..
  Creating internal representation of mux trees.
  Evaluating internal representation of mux trees.
  Analyzing evaluation results.
Removed 0 multiplexer ports.
<suppressed ~24 debug messages>

2.14.11. Executing OPT_REDUCE pass (consolidate $*mux and $reduce_* inputs).
  Optimizing cells in module \pwm_ramp.
Performed a total of 0 changes.

2.14.12. Executing OPT_MERGE pass (detect identical cells).
Finding identical cells in module `\pwm_ramp'.
Removed a total of 0 cells.

2.14.13. Executing OPT_DFF pass (perform DFF optimizations).

2.14.14. Executing OPT_CLEAN pass (remove unused cells and wires).
Finding unused cells or wires in module \pwm_ramp..

2.14.15. Executing OPT_EXPR pass (perform const folding).
Optimizing module pwm_ramp.

2.14.16. Finished fast OPT passes. (There is nothing left to do.)

2.15. Executing MEMORY pass.

2.15.1. Executing OPT_MEM pass (optimize memories).
Performed a total of 0 transformations.

2.15.2. Executing OPT_MEM_PRIORITY pass (removing unnecessary memory write priority relations).
Performed a total of 0 transformations.

2.15.3. Executing OPT_MEM_FEEDBACK pass (finding memory read-to-write feedback paths).

2.15.4. Executing MEMORY_BMUX2ROM pass (converting muxes to ROMs).

2.15.5. Executing MEMORY_DFF pass (merging $dff cells to $memrd).

2.15.6. Executing OPT_CLEAN pass (remove unused cells and wires).
Finding unused cells or wires in module \pwm_ramp..

2.15.7. Executing MEMORY_SHARE pass (consolidating $memrd/$memwr cells).

2.15.8. Executing OPT_MEM_WIDEN pass (optimize memories where all ports are wide).
Performed a total of 0 transformations.

2.15.9. Executing OPT_CLEAN pass (remove unused cells and wires).
Finding unused cells or wires in module \pwm_ramp..

2.15.10. Executing MEMORY_COLLECT pass (generating $mem cells).

2.16. Executing OPT_CLEAN pass (remove unused cells and wires).
Finding unused cells or wires in module \pwm_ramp..

2.17. Executing OPT pass (performing simple optimizations).

2.17.1. Executing OPT_EXPR pass (perform const folding).
Optimizing module pwm_ramp.
<suppressed ~14 debug messages>

2.17.2. Executing OPT_MERGE pass (detect identical cells).
Finding identical cells in module `\pwm_ramp'.
Removed a total of 0 cells.

2.17.3. Executing OPT_DFF pass (perform DFF optimizations).

2.17.4. Executing OPT_CLEAN pass (remove unused cells and wires).
Finding unused cells or wires in module \pwm_ramp..
Removed 0 unused cells and 19 unused wires.
<suppressed ~1 debug messages>

2.17.5. Finished fast OPT passes.

2.18. Executing MEMORY_MAP pass (converting memories to logic and flip-flops).

2.19. Executing OPT pass (performing simple optimizations).

2.19.1. Executing OPT_EXPR pass (perform const folding).
Optimizing module pwm_ramp.

2.19.2. Executing OPT_MERGE pass (detect identical cells).
Finding identical cells in module `\pwm_ramp'.
Removed a total of 0 cells.

2.19.3. Executing OPT_MUXTREE pass (detect dead branches in mux trees).
Running muxtree optimizer on module \pwm_ramp..
  Creating internal representation of mux trees.
  Evaluating internal representation of mux trees.
  Analyzing evaluation results.
Removed 0 multiplexer ports.
<suppressed ~11 debug messages>

2.19.4. Executing OPT_REDUCE pass (consolidate $*mux and $reduce_* inputs).
  Optimizing cells in module \pwm_ramp.
Performed a total of 0 changes.

2.19.5. Executing OPT_MERGE pass (detect identical cells).
Finding identical cells in module `\pwm_ramp'.
Removed a total of 0 cells.

2.19.6. Executing OPT_SHARE pass.
    Found cells that share an operand and can be merged by moving the $mux $procmux$18 in front of them:
        $auto$alumacc.cc:495:replace_alu$144
        $auto$alumacc.cc:495:replace_alu$147

2.19.7. Executing OPT_DFF pass (perform DFF optimizations).

2.19.8. Executing OPT_CLEAN pass (remove unused cells and wires).
Finding unused cells or wires in module \pwm_ramp..
Removed 0 unused cells and 6 unused wires.
<suppressed ~1 debug messages>

2.19.9. Executing OPT_EXPR pass (perform const folding).
Optimizing module pwm_ramp.
<suppressed ~2 debug messages>

2.19.10. Rerunning OPT passes. (Maybe there is more to do..)

2.19.11. Executing OPT_MUXTREE pass (detect dead branches in mux trees).
Running muxtree optimizer on module \pwm_ramp..
  Creating internal representation of mux trees.
  Evaluating internal representation of mux trees.
  Analyzing evaluation results.
Removed 0 multiplexer ports.
<suppressed ~11 debug messages>

2.19.12. Executing OPT_REDUCE pass (consolidate $*mux and $reduce_* inputs).
  Optimizing cells in module \pwm_ramp.
    Consolidated identical input bits for $mux cell $auto$opt_share.cc:244:merge_operators$182:
      Old ports: A=2'11, B=2'01, Y=$auto$rtlil.cc:3270:Mux$183
      New ports: A=1'1, B=1'0, Y=$auto$rtlil.cc:3270:Mux$183 [1]
      New connections: $auto$rtlil.cc:3270:Mux$183 [0] = 1'1
  Optimizing cells in module \pwm_ramp.
Performed a total of 1 changes.

2.19.13. Executing OPT_MERGE pass (detect identical cells).
Finding identical cells in module `\pwm_ramp'.
Removed a total of 0 cells.

2.19.14. Executing OPT_SHARE pass.

2.19.15. Executing OPT_DFF pass (perform DFF optimizations).

2.19.16. Executing OPT_CLEAN pass (remove unused cells and wires).
Finding unused cells or wires in module \pwm_ramp..
Removed 0 unused cells and 2 unused wires.
<suppressed ~1 debug messages>

2.19.17. Executing OPT_EXPR pass (perform const folding).
Optimizing module pwm_ramp.
<suppressed ~1 debug messages>

2.19.18. Rerunning OPT passes. (Maybe there is more to do..)

2.19.19. Executing OPT_MUXTREE pass (detect dead branches in mux trees).
Running muxtree optimizer on module \pwm_ramp..
  Creating internal representation of mux trees.
  Evaluating internal representation of mux trees.
  Analyzing evaluation results.
Removed 0 multiplexer ports.
<suppressed ~9 debug messages>

2.19.20. Executing OPT_REDUCE pass (consolidate $*mux and $reduce_* inputs).
  Optimizing cells in module \pwm_ramp.
Performed a total of 0 changes.

2.19.21. Executing OPT_MERGE pass (detect identical cells).
Finding identical cells in module `\pwm_ramp'.
Removed a total of 0 cells.

2.19.22. Executing OPT_SHARE pass.

2.19.23. Executing OPT_DFF pass (perform DFF optimizations).

2.19.24. Executing OPT_CLEAN pass (remove unused cells and wires).
Finding unused cells or wires in module \pwm_ramp..

2.19.25. Executing OPT_EXPR pass (perform const folding).
Optimizing module pwm_ramp.

2.19.26. Finished fast OPT passes. (There is nothing left to do.)

2.20. Executing TECHMAP pass (map to technology primitives).

2.20.1. Executing Verilog-2005 frontend: /usr/local/bin/../share/yosys/techmap.v
Parsing Verilog input from `/usr/local/bin/../share/yosys/techmap.v' to AST representation.
verilog frontend filename /usr/local/bin/../share/yosys/techmap.v
Generating RTLIL representation for module `\_90_simplemap_bool_ops'.
Generating RTLIL representation for module `\_90_simplemap_reduce_ops'.
Generating RTLIL representation for module `\_90_simplemap_logic_ops'.
Generating RTLIL representation for module `\_90_simplemap_compare_ops'.
Generating RTLIL representation for module `\_90_simplemap_various'.
Generating RTLIL representation for module `\_90_simplemap_registers'.
Generating RTLIL representation for module `\_90_shift_ops_shr_shl_sshl_sshr'.
Generating RTLIL representation for module `\_90_shift_shiftx'.
Generating RTLIL representation for module `\_90_fa'.
Generating RTLIL representation for module `\_90_lcu_brent_kung'.
Generating RTLIL representation for module `\_90_alu'.
Generating RTLIL representation for module `\_90_macc'.
Generating RTLIL representation for module `\_90_alumacc'.
Generating RTLIL representation for module `\$__div_mod_u'.
Generating RTLIL representation for module `\$__div_mod_trunc'.
Generating RTLIL representation for module `\_90_div'.
Generating RTLIL representation for module `\_90_mod'.
Generating RTLIL representation for module `\$__div_mod_floor'.
Generating RTLIL representation for module `\_90_divfloor'.
Generating RTLIL representation for module `\_90_modfloor'.
Generating RTLIL representation for module `\_90_pow'.
Generating RTLIL representation for module `\_90_pmux'.
Generating RTLIL representation for module `\_90_demux'.
Generating RTLIL representation for module `\_90_lut'.
Generating RTLIL representation for module `\$connect'.
Generating RTLIL representation for module `\$input_port'.
Successfully finished Verilog frontend.

2.20.2. Continuing TECHMAP pass.
Using extmapper simplemap for cells of type $not.
Using extmapper simplemap for cells of type $adffe.
Using extmapper simplemap for cells of type $adff.
Using extmapper simplemap for cells of type $logic_and.
Using template $paramod$7e708ae28ab761f11d0fb59d3ffc72f6a4baf5d9\_90_alu for cells of type $alu.
Using template $paramod$a1bc51c02ce12ac21eb18988e83292af48ed7d72\_90_alu for cells of type $alu.
Using extmapper simplemap for cells of type $and.
Using extmapper simplemap for cells of type $eq.
Using template $paramod$c3cd1564c35d873179656addd6052d7ea8b6d991\_90_alu for cells of type $alu.
Using extmapper simplemap for cells of type $mux.
Using extmapper simplemap for cells of type $reduce_bool.
Using extmapper simplemap for cells of type $reduce_and.
Using extmapper simplemap for cells of type $or.
Using extmapper simplemap for cells of type $xor.
Using template $paramod\_90_fa\WIDTH=32'00000000000000000000000000000010 for cells of type $fa.
Using template $paramod\_90_lcu_brent_kung\WIDTH=32'00000000000000000000000000000010 for cells of type $lcu.
Using extmapper simplemap for cells of type $pos.
Using template $paramod\_90_fa\WIDTH=32'00000000000000000000000000001000 for cells of type $fa.
Using template $paramod\_90_lcu_brent_kung\WIDTH=32'00000000000000000000000000001000 for cells of type $lcu.
No more expansions possible.
<suppressed ~577 debug messages>

2.21. Executing OPT pass (performing simple optimizations).

2.21.1. Executing OPT_EXPR pass (perform const folding).
Optimizing module pwm_ramp.
<suppressed ~187 debug messages>

2.21.2. Executing OPT_MERGE pass (detect identical cells).
Finding identical cells in module `\pwm_ramp'.
<suppressed ~78 debug messages>
Removed a total of 26 cells.

2.21.3. Executing OPT_DFF pass (perform DFF optimizations).

2.21.4. Executing OPT_CLEAN pass (remove unused cells and wires).
Finding unused cells or wires in module \pwm_ramp..
Removed 40 unused cells and 252 unused wires.
<suppressed ~41 debug messages>

2.21.5. Finished fast OPT passes.

2.22. Executing HIERARCHY pass (managing design hierarchy).
Attribute `top' found on module `pwm_ramp'. Setting top module to pwm_ramp.

2.22.1. Analyzing design hierarchy..
Top module:  \pwm_ramp

2.22.2. Analyzing design hierarchy..
Top module:  \pwm_ramp
Removed 0 unused modules.

2.23. Printing statistics.

=== pwm_ramp ===

        +----------Local Count, excluding submodules.
        | 
      120 wires
      267 wire bits
       45 public wires
       74 public wire bits
        9 ports
       23 port bits
      204 cells
       54   $_AND_
       27   $_DFFE_PN0P_
        4   $_DFF_PN0_
       33   $_MUX_
       26   $_NOT_
       28   $_OR_
       32   $_XOR_

2.24. Executing CHECK pass (checking for obvious problems).
Checking module pwm_ramp...
Found and reported 0 problems.

3. Generating Graphviz representation of design.
Writing dot description to `syn/plots/pwm_ramp_postsyn.dot'.
Dumping module pwm_ramp to page 1.

4. Executing DFFLIBMAP pass (mapping DFF cells to sequential cells from liberty file).
  cell sky130_fd_sc_hd__dfxtp_1 (noninv, pins=3, area=20.02) is a direct match for cell type $_DFF_P_.
  cell sky130_fd_sc_hd__dfrtn_1 (noninv, pins=4, area=25.02) is a direct match for cell type $_DFF_NN0_.
  cell sky130_fd_sc_hd__dfrtp_1 (noninv, pins=4, area=25.02) is a direct match for cell type $_DFF_PN0_.
  cell sky130_fd_sc_hd__dfstp_2 (noninv, pins=4, area=26.28) is a direct match for cell type $_DFF_PN1_.
  cell sky130_fd_sc_hd__edfxtp_1 (noninv, pins=4, area=30.03) is a direct match for cell type $_DFFE_PP_.
  cell sky130_fd_sc_hd__dfbbn_1 (noninv, pins=6, area=32.53) is a direct match for cell type $_DFFSR_NNN_.
  cell sky130_fd_sc_hd__dfbbp_1 (noninv, pins=6, area=32.53) is a direct match for cell type $_DFFSR_PNN_.
  final dff cell mappings:
    unmapped dff cell: $_DFF_N_
    \sky130_fd_sc_hd__dfxtp_1 _DFF_P_ (.CLK( C), .D( D), .Q( Q));
    \sky130_fd_sc_hd__dfrtn_1 _DFF_NN0_ (.CLK_N( C), .D( D), .Q( Q), .RESET_B( R));
    unmapped dff cell: $_DFF_NN1_
    unmapped dff cell: $_DFF_NP0_
    unmapped dff cell: $_DFF_NP1_
    \sky130_fd_sc_hd__dfrtp_1 _DFF_PN0_ (.CLK( C), .D( D), .Q( Q), .RESET_B( R));
    \sky130_fd_sc_hd__dfstp_2 _DFF_PN1_ (.CLK( C), .D( D), .Q( Q), .SET_B( R));
    unmapped dff cell: $_DFF_PP0_
    unmapped dff cell: $_DFF_PP1_
    unmapped dff cell: $_DFFE_NN_
    unmapped dff cell: $_DFFE_NP_
    unmapped dff cell: $_DFFE_PN_
    \sky130_fd_sc_hd__edfxtp_1 _DFFE_PP_ (.CLK( C), .D( D), .DE( E), .Q( Q));
    \sky130_fd_sc_hd__dfbbn_1 _DFFSR_NNN_ (.CLK_N( C), .D( D), .Q( Q), .Q_N(~Q), .RESET_B( R), .SET_B( S));
    unmapped dff cell: $_DFFSR_NNP_
    unmapped dff cell: $_DFFSR_NPN_
    unmapped dff cell: $_DFFSR_NPP_
    \sky130_fd_sc_hd__dfbbp_1 _DFFSR_PNN_ (.CLK( C), .D( D), .Q( Q), .Q_N(~Q), .RESET_B( R), .SET_B( S));
    unmapped dff cell: $_DFFSR_PNP_
    unmapped dff cell: $_DFFSR_PPN_
    unmapped dff cell: $_DFFSR_PPP_

4.1. Executing DFFLEGALIZE pass (convert FFs to types supported by the target).
<suppressed ~24 debug messages>
Mapping DFF cells in module `\pwm_ramp':
  mapped 31 $_DFF_PN0_ cells to \sky130_fd_sc_hd__dfrtp_1 cells.

5. Executing ABC pass (technology mapping using ABC).

5.1. Extracting gate netlist of module `\pwm_ramp' to `<abc-temp-dir>/input.blif'..

5.1.1. Executed ABC.
Extracted 200 gates and 241 wires to a netlist network with 40 inputs and 30 outputs.
Running ABC script: <abc-temp-dir>/abc.script
ABC: UC Berkeley, ABC 1.01 (compiled Nov 12 2025 10:08:15)
ABC: abc 01> empty
ABC: abc 01> source <abc-temp-dir>/abc.script
ABC: + read_blif <abc-temp-dir>/input.blif 
ABC: + read_lib -w /home/eneadim/github/flexsoc/lib/sky130_fd_sc_hd__tt_025C_1v80.lib 
ABC: Parsing finished successfully.  Parsing time =     0.06 sec
ABC: Scl_LibertyReadGenlib() skipped cell "sky130_fd_sc_hd__decap_12" without logic function.
ABC: Scl_LibertyReadGenlib() skipped cell "sky130_fd_sc_hd__decap_3" without logic function.
ABC: Scl_LibertyReadGenlib() skipped cell "sky130_fd_sc_hd__decap_4" without logic function.
ABC: Scl_LibertyReadGenlib() skipped cell "sky130_fd_sc_hd__decap_6" without logic function.
ABC: Scl_LibertyReadGenlib() skipped cell "sky130_fd_sc_hd__decap_8" without logic function.
ABC: Scl_LibertyReadGenlib() skipped sequential cell "sky130_fd_sc_hd__dfbbn_1".
ABC: Scl_LibertyReadGenlib() skipped sequential cell "sky130_fd_sc_hd__dfbbn_2".
ABC: Scl_LibertyReadGenlib() skipped sequential cell "sky130_fd_sc_hd__dfbbp_1".
ABC: Scl_LibertyReadGenlib() skipped sequential cell "sky130_fd_sc_hd__dfrbp_1".
ABC: Scl_LibertyReadGenlib() skipped sequential cell "sky130_fd_sc_hd__dfrbp_2".
ABC: Scl_LibertyReadGenlib() skipped sequential cell "sky130_fd_sc_hd__dfrtn_1".
ABC: Scl_LibertyReadGenlib() skipped sequential cell "sky130_fd_sc_hd__dfrtp_1".
ABC: Scl_LibertyReadGenlib() skipped sequential cell "sky130_fd_sc_hd__dfrtp_2".
ABC: Scl_LibertyReadGenlib() skipped sequential cell "sky130_fd_sc_hd__dfrtp_4".
ABC: Scl_LibertyReadGenlib() skipped sequential cell "sky130_fd_sc_hd__dfsbp_1".
ABC: Scl_LibertyReadGenlib() skipped sequential cell "sky130_fd_sc_hd__dfsbp_2".
ABC: Scl_LibertyReadGenlib() skipped sequential cell "sky130_fd_sc_hd__dfstp_1".
ABC: Scl_LibertyReadGenlib() skipped sequential cell "sky130_fd_sc_hd__dfstp_2".
ABC: Scl_LibertyReadGenlib() skipped sequential cell "sky130_fd_sc_hd__dfstp_4".
ABC: Scl_LibertyReadGenlib() skipped sequential cell "sky130_fd_sc_hd__dfxbp_1".
ABC: Scl_LibertyReadGenlib() skipped sequential cell "sky130_fd_sc_hd__dfxbp_2".
ABC: Scl_LibertyReadGenlib() skipped sequential cell "sky130_fd_sc_hd__dfxtp_1".
ABC: Scl_LibertyReadGenlib() skipped sequential cell "sky130_fd_sc_hd__dfxtp_2".
ABC: Scl_LibertyReadGenlib() skipped sequential cell "sky130_fd_sc_hd__dfxtp_4".
ABC: Scl_LibertyReadGenlib() skipped cell "sky130_fd_sc_hd__diode_2" without logic function.
ABC: Scl_LibertyReadGenlib() skipped cell "sky130_fd_sc_hd__dlclkp_1" without logic function.
ABC: Scl_LibertyReadGenlib() skipped cell "sky130_fd_sc_hd__dlclkp_2" without logic function.
ABC: Scl_LibertyReadGenlib() skipped cell "sky130_fd_sc_hd__dlclkp_4" without logic function.
ABC: Scl_LibertyReadGenlib() skipped sequential cell "sky130_fd_sc_hd__dlrbn_1".
ABC: Scl_LibertyReadGenlib() skipped sequential cell "sky130_fd_sc_hd__dlrbn_2".
ABC: Scl_LibertyReadGenlib() skipped sequential cell "sky130_fd_sc_hd__dlrbp_1".
ABC: Scl_LibertyReadGenlib() skipped sequential cell "sky130_fd_sc_hd__dlrbp_2".
ABC: Scl_LibertyReadGenlib() skipped sequential cell "sky130_fd_sc_hd__dlrtn_1".
ABC: Scl_LibertyReadGenlib() skipped sequential cell "sky130_fd_sc_hd__dlrtn_2".
ABC: Scl_LibertyReadGenlib() skipped sequential cell "sky130_fd_sc_hd__dlrtn_4".
ABC: Scl_LibertyReadGenlib() skipped sequential cell "sky130_fd_sc_hd__dlrtp_1".
ABC: Scl_LibertyReadGenlib() skipped sequential cell "sky130_fd_sc_hd__dlrtp_2".
ABC: Scl_LibertyReadGenlib() skipped sequential cell "sky130_fd_sc_hd__dlrtp_4".
ABC: Scl_LibertyReadGenlib() skipped sequential cell "sky130_fd_sc_hd__dlxbn_1".
ABC: Scl_LibertyReadGenlib() skipped sequential cell "sky130_fd_sc_hd__dlxbn_2".
ABC: Scl_LibertyReadGenlib() skipped sequential cell "sky130_fd_sc_hd__dlxbp_1".
ABC: Scl_LibertyReadGenlib() skipped sequential cell "sky130_fd_sc_hd__dlxtn_1".
ABC: Scl_LibertyReadGenlib() skipped sequential cell "sky130_fd_sc_hd__dlxtn_2".
ABC: Scl_LibertyReadGenlib() skipped sequential cell "sky130_fd_sc_hd__dlxtn_4".
ABC: Scl_LibertyReadGenlib() skipped sequential cell "sky130_fd_sc_hd__dlxtp_1".
ABC: Scl_LibertyReadGenlib() skipped three-state cell "sky130_fd_sc_hd__ebufn_1".
ABC: Scl_LibertyReadGenlib() skipped three-state cell "sky130_fd_sc_hd__ebufn_2".
ABC: Scl_LibertyReadGenlib() skipped three-state cell "sky130_fd_sc_hd__ebufn_4".
ABC: Scl_LibertyReadGenlib() skipped three-state cell "sky130_fd_sc_hd__ebufn_8".
ABC: Scl_LibertyReadGenlib() skipped sequential cell "sky130_fd_sc_hd__edfxbp_1".
ABC: Scl_LibertyReadGenlib() skipped sequential cell "sky130_fd_sc_hd__edfxtp_1".
ABC: Scl_LibertyReadGenlib() skipped three-state cell "sky130_fd_sc_hd__einvn_0".
ABC: Scl_LibertyReadGenlib() skipped three-state cell "sky130_fd_sc_hd__einvn_1".
ABC: Scl_LibertyReadGenlib() skipped three-state cell "sky130_fd_sc_hd__einvn_2".
ABC: Scl_LibertyReadGenlib() skipped three-state cell "sky130_fd_sc_hd__einvn_4".
ABC: Scl_LibertyReadGenlib() skipped three-state cell "sky130_fd_sc_hd__einvn_8".
ABC: Scl_LibertyReadGenlib() skipped three-state cell "sky130_fd_sc_hd__einvp_1".
ABC: Scl_LibertyReadGenlib() skipped three-state cell "sky130_fd_sc_hd__einvp_2".
ABC: Scl_LibertyReadGenlib() skipped three-state cell "sky130_fd_sc_hd__einvp_4".
ABC: Scl_LibertyReadGenlib() skipped three-state cell "sky130_fd_sc_hd__einvp_8".
ABC: Scl_LibertyReadGenlib() skipped cell "sky130_fd_sc_hd__lpflow_bleeder_1" without logic function.
ABC: Scl_LibertyReadGenlib() skipped cell "sky130_fd_sc_hd__lpflow_decapkapwr_12" without logic function.
ABC: Scl_LibertyReadGenlib() skipped cell "sky130_fd_sc_hd__lpflow_decapkapwr_3" without logic function.
ABC: Scl_LibertyReadGenlib() skipped cell "sky130_fd_sc_hd__lpflow_decapkapwr_4" without logic function.
ABC: Scl_LibertyReadGenlib() skipped cell "sky130_fd_sc_hd__lpflow_decapkapwr_6" without logic function.
ABC: Scl_LibertyReadGenlib() skipped cell "sky130_fd_sc_hd__lpflow_decapkapwr_8" without logic function.
ABC: Scl_LibertyReadGenlib() skipped sequential cell "sky130_fd_sc_hd__lpflow_inputisolatch_1".
ABC: Scl_LibertyReadGenlib() skipped sequential cell "sky130_fd_sc_hd__sdfbbn_1".
ABC: Scl_LibertyReadGenlib() skipped sequential cell "sky130_fd_sc_hd__sdfbbn_2".
ABC: Scl_LibertyReadGenlib() skipped sequential cell "sky130_fd_sc_hd__sdfbbp_1".
ABC: Scl_LibertyReadGenlib() skipped sequential cell "sky130_fd_sc_hd__sdfrbp_1".
ABC: Scl_LibertyReadGenlib() skipped sequential cell "sky130_fd_sc_hd__sdfrbp_2".
ABC: Scl_LibertyReadGenlib() skipped sequential cell "sky130_fd_sc_hd__sdfrtn_1".
ABC: Scl_LibertyReadGenlib() skipped sequential cell "sky130_fd_sc_hd__sdfrtp_1".
ABC: Scl_LibertyReadGenlib() skipped sequential cell "sky130_fd_sc_hd__sdfrtp_2".
ABC: Scl_LibertyReadGenlib() skipped sequential cell "sky130_fd_sc_hd__sdfrtp_4".
ABC: Scl_LibertyReadGenlib() skipped sequential cell "sky130_fd_sc_hd__sdfsbp_1".
ABC: Scl_LibertyReadGenlib() skipped sequential cell "sky130_fd_sc_hd__sdfsbp_2".
ABC: Scl_LibertyReadGenlib() skipped sequential cell "sky130_fd_sc_hd__sdfstp_1".
ABC: Scl_LibertyReadGenlib() skipped sequential cell "sky130_fd_sc_hd__sdfstp_2".
ABC: Scl_LibertyReadGenlib() skipped sequential cell "sky130_fd_sc_hd__sdfstp_4".
ABC: Scl_LibertyReadGenlib() skipped sequential cell "sky130_fd_sc_hd__sdfxbp_1".
ABC: Scl_LibertyReadGenlib() skipped sequential cell "sky130_fd_sc_hd__sdfxbp_2".
ABC: Scl_LibertyReadGenlib() skipped sequential cell "sky130_fd_sc_hd__sdfxtp_1".
ABC: Scl_LibertyReadGenlib() skipped sequential cell "sky130_fd_sc_hd__sdfxtp_2".
ABC: Scl_LibertyReadGenlib() skipped sequential cell "sky130_fd_sc_hd__sdfxtp_4".
ABC: Scl_LibertyReadGenlib() skipped cell "sky130_fd_sc_hd__sdlclkp_1" without logic function.
ABC: Scl_LibertyReadGenlib() skipped cell "sky130_fd_sc_hd__sdlclkp_2" without logic function.
ABC: Scl_LibertyReadGenlib() skipped cell "sky130_fd_sc_hd__sdlclkp_4" without logic function.
ABC: Scl_LibertyReadGenlib() skipped sequential cell "sky130_fd_sc_hd__sedfxbp_1".
ABC: Scl_LibertyReadGenlib() skipped sequential cell "sky130_fd_sc_hd__sedfxbp_2".
ABC: Scl_LibertyReadGenlib() skipped sequential cell "sky130_fd_sc_hd__sedfxtp_1".
ABC: Scl_LibertyReadGenlib() skipped sequential cell "sky130_fd_sc_hd__sedfxtp_2".
ABC: Scl_LibertyReadGenlib() skipped sequential cell "sky130_fd_sc_hd__sedfxtp_4".
ABC: Library "sky130_fd_sc_hd__tt_025C_1v80" from "/home/eneadim/github/flexsoc/lib/sky130_fd_sc_hd__tt_025C_1v80.lib" has 334 cells (94 skipped: 63 seq; 13 tri-state; 18 no func; 0 dont_use; 0 with 2 outputs; 0 with 3+ outputs).  Time =     0.09 sec
ABC: Memory =   19.85 MB. Time =     0.09 sec
ABC: Warning: Detected 9 multi-output cells (for example, "sky130_fd_sc_hd__fa_1").
ABC: + read_constr -v /home/eneadim/github/flexsoc/ors/pwm_ramp.sdc 
ABC: Unrecognized token "current_design".
ABC: Unrecognized token "set".
ABC: Unrecognized token "set".
ABC: Unrecognized token "set".
ABC: Unrecognized token "set".
ABC: Unrecognized token "set".
ABC: Unrecognized token "create_clock".
ABC: Unrecognized token "set".
ABC: Unrecognized token "set_input_delay".
ABC: Unrecognized token "set_output_delay".
ABC: + source /home/eneadim/github/flexsoc/syn/area.abc 
ABC: WireLoad = "none"  Gates =    171 ( 19.9 %)   Cap =  4.6 ff (  2.8 %)   Area =      824.54 ( 80.1 %)   Delay =  2140.88 ps  ( 14.6 %)               
ABC: Path  0 --      12 : 0    2 pi                        A =   0.00  Df =   0.0   -0.0 ps  S =   0.0 ps  Cin =  0.0 ff  Cout =   5.7 ff  Cmax =   0.0 ff  G =    0  
ABC: Path  1 --      83 : 1    4 sky130_fd_sc_hd__clkinv_1 A =   3.75  Df =  71.8  -21.4 ps  S =  78.2 ps  Cin =  3.1 ff  Cout =   9.9 ff  Cmax = 190.4 ff  G =  307  
ABC: Path  2 --      86 : 3    1 sky130_fd_sc_hd__nor3_1   A =   5.00  Df = 249.5 -149.8 ps  S = 137.2 ps  Cin =  2.4 ff  Cout =   2.4 ff  Cmax =  52.2 ff  G =   97  
ABC: Path  3 --      87 : 4    3 sky130_fd_sc_hd__nand4_1  A =   6.26  Df = 376.7 -185.8 ps  S = 117.6 ps  Cin =  2.3 ff  Cout =   7.5 ff  Cmax = 124.5 ff  G =  300  
ABC: Path  4 --      88 : 2    2 sky130_fd_sc_hd__nor2_1   A =   3.75  Df = 509.2 -256.7 ps  S = 114.6 ps  Cin =  2.4 ff  Cout =   4.8 ff  Cmax =  86.1 ff  G =  196  
ABC: Path  5 --      89 : 2    2 sky130_fd_sc_hd__nand2_1  A =   3.75  Df = 579.2 -265.4 ps  S =  56.0 ps  Cin =  2.3 ff  Cout =   4.2 ff  Cmax = 166.6 ff  G =  172  
ABC: Path  6 --      91 : 3   13 sky130_fd_sc_hd__o21ai_0  A =   5.00  Df =1343.9 -731.2 ps  S = 985.5 ps  Cin =  1.7 ff  Cout =  33.3 ff  Cmax =  50.4 ff  G = 1834  
ABC: Path  7 --      92 : 1    3 sky130_fd_sc_hd__clkinv_1 A =   3.75  Df =1585.6 -812.7 ps  S = 205.3 ps  Cin =  3.1 ff  Cout =   7.4 ff  Cmax = 190.4 ff  G =  228  
ABC: Path  8 --      93 : 2    8 sky130_fd_sc_hd__nor2_1   A =   3.75  Df =1906.8-1028.3 ps  S = 322.0 ps  Cin =  2.4 ff  Cout =  17.2 ff  Cmax =  86.1 ff  G =  704  
ABC: Path  9 --     130 : 3    1 sky130_fd_sc_hd__o21ai_0  A =   5.00  Df =2031.4-1079.7 ps  S = 108.4 ps  Cin =  1.7 ff  Cout =   1.8 ff  Cmax =  50.4 ff  G =  102  
ABC: Path 10 --     135 : 3    1 sky130_fd_sc_hd__o21ai_0  A =   5.00  Df =2140.9 -410.8 ps  S =  58.2 ps  Cin =  1.7 ff  Cout =   0.0 ff  Cmax =  50.4 ff  G =    0  
ABC: Start-point = pi11 (\counter [0]).  End-point = po6 ($auto$rtlil.cc:3381:MuxGate$815).
ABC: netlist                       : i/o =   40/   30  lat =    0  nd =   171  edge =    389  area =824.10  delay =1377.05  lev = 14
ABC: + write_blif <abc-temp-dir>/output.blif 

5.1.2. Re-integrating ABC results.
ABC RESULTS:   sky130_fd_sc_hd__a211oi_1 cells:        3
ABC RESULTS:   sky130_fd_sc_hd__a21boi_0 cells:        1
ABC RESULTS:   sky130_fd_sc_hd__a21oi_1 cells:       17
ABC RESULTS:   sky130_fd_sc_hd__a22oi_1 cells:        3
ABC RESULTS:   sky130_fd_sc_hd__a311oi_1 cells:        1
ABC RESULTS:   sky130_fd_sc_hd__a31oi_1 cells:        2
ABC RESULTS:   sky130_fd_sc_hd__clkinv_1 cells:       34
ABC RESULTS:   sky130_fd_sc_hd__mux2i_1 cells:        1
ABC RESULTS:   sky130_fd_sc_hd__nand2_1 cells:       19
ABC RESULTS:   sky130_fd_sc_hd__nand3_1 cells:        3
ABC RESULTS:   sky130_fd_sc_hd__nand4_1 cells:        2
ABC RESULTS:   sky130_fd_sc_hd__nor2_1 cells:       47
ABC RESULTS:   sky130_fd_sc_hd__nor3_1 cells:        7
ABC RESULTS:   sky130_fd_sc_hd__o211ai_1 cells:        2
ABC RESULTS:   sky130_fd_sc_hd__o21ai_0 cells:        9
ABC RESULTS:   sky130_fd_sc_hd__o22ai_1 cells:        7
ABC RESULTS:   sky130_fd_sc_hd__o2bb2ai_1 cells:        1
ABC RESULTS:   sky130_fd_sc_hd__xnor2_1 cells:        9
ABC RESULTS:   sky130_fd_sc_hd__xor2_1 cells:        3
ABC RESULTS:        internal signals:      171
ABC RESULTS:           input signals:       40
ABC RESULTS:          output signals:       30
Removing temp directory.
Removing global temp directory.

6. Executing OPT_CLEAN pass (remove unused cells and wires).
Finding unused cells or wires in module \pwm_ramp..
Removed 0 unused cells and 172 unused wires.
<suppressed ~28 debug messages>

7. Printing statistics.

=== pwm_ramp ===

        +----------Local Count, excluding submodules.
        |        +-Local Area, excluding submodules.
        |        | 
      186        - wires
      215        - wire bits
       18        - public wires
       47        - public wire bits
        9        - ports
       23        - port bits
      202  1.6E+03 cells
        3   22.522   sky130_fd_sc_hd__a211oi_1
        1    7.507   sky130_fd_sc_hd__a21boi_0
       17   85.082   sky130_fd_sc_hd__a21oi_1
        3   22.522   sky130_fd_sc_hd__a22oi_1
        1    8.758   sky130_fd_sc_hd__a311oi_1
        2   12.512   sky130_fd_sc_hd__a31oi_1
       34  127.622   sky130_fd_sc_hd__clkinv_1
       31  775.744   sky130_fd_sc_hd__dfrtp_1
        1    10.01   sky130_fd_sc_hd__mux2i_1
       19   71.318   sky130_fd_sc_hd__nand2_1
        3   15.014   sky130_fd_sc_hd__nand3_1
        2   12.512   sky130_fd_sc_hd__nand4_1
       47  176.419   sky130_fd_sc_hd__nor2_1
        7   35.034   sky130_fd_sc_hd__nor3_1
        2   15.014   sky130_fd_sc_hd__o211ai_1
        9   45.043   sky130_fd_sc_hd__o21ai_0
        7   43.792   sky130_fd_sc_hd__o22ai_1
        1    8.758   sky130_fd_sc_hd__o2bb2ai_1
        9   78.826   sky130_fd_sc_hd__xnor2_1
        3   26.275   sky130_fd_sc_hd__xor2_1

   Chip area for module '\pwm_ramp': 1600.284800
     of which used for sequential elements: 775.744000 (48.48%)

8. Executing Verilog backend.

8.1. Executing BMUXMAP pass.

8.2. Executing DEMUXMAP pass.
Dumping module `\pwm_ramp'.

9. Executing JSON backend.

End of script. Logfile hash: 23bdeade9e, CPU: user 0.17s system 0.03s, MEM: 65.37 MB peak
Yosys 0.58 (git sha1 157aabb58, g++ 13.3.0-6ubuntu2~24.04 -fPIC -O3)
Time spent: 50% 1x abc (0 sec), 13% 1x dfflibmap (0 sec), ...
