analysis=power_estimate activity_source=input_assumption
activity_model=input
activity=0.1
duty=0.5
corner=tt stage=post_syn
liberty=/home/eneadim/github/flexsoc/.flexsoc/pdks/ihp-sg13g2/ihp-sg13g2/libs.ref/sg13g2_stdcell/lib/sg13g2_stdcell_typ_1p50V_25C.lib
netlist=/home/eneadim/github/flexsoc/workspace/runs/uart/dev/syn/ihp-sg13g2/uart_synth.v
sdc=/home/eneadim/github/flexsoc/workspace/runs/uart/dev/signoff/ihp-sg13g2/uart.sdc
spef=

=== Units ===
 time 1ns
 capacitance 1pF
 resistance 1kohm
 voltage 1v
 current 1uA
 power 1pW
 distance 1um

=== Constraint validation ===

=== Power summary ===
Group                  Internal  Switching    Leakage      Total
                          Power      Power      Power      Power (Watts)
----------------------------------------------------------------
Sequential             2.80e-03   5.93e-05   4.84e-07   2.86e-03  89.6%
Combinational          1.71e-04   1.60e-04   4.43e-07   3.31e-04  10.4%
Clock                  0.00e+00   0.00e+00   0.00e+00   0.00e+00   0.0%
Macro                  0.00e+00   0.00e+00   0.00e+00   0.00e+00   0.0%
Pad                    0.00e+00   0.00e+00   0.00e+00   0.00e+00   0.0%
----------------------------------------------------------------
Total                  2.97e-03   2.19e-04   9.27e-07   3.19e-03 100.0%
                          93.1%       6.9%       0.0%

=== Highest-power instances ===
   Internal  Switching    Leakage      Total
      Power      Power      Power      Power (Watts)
--------------------------------------------
   1.31e-05   3.21e-06   1.45e-09   1.63e-05 _2799_
   1.26e-05   2.85e-06   1.48e-09   1.54e-05 _2800_
   1.29e-05   2.02e-06   1.37e-09   1.50e-05 _2797_
   1.30e-05   1.96e-06   1.40e-09   1.50e-05 _2868_
   1.37e-05   1.01e-06   1.45e-09   1.47e-05 _2864_
   1.36e-05   1.00e-06   1.45e-09   1.46e-05 _2866_
   1.37e-05   8.71e-07   1.45e-09   1.46e-05 _2867_
   1.35e-05   1.01e-06   1.45e-09   1.45e-05 _2862_
   1.29e-05   1.64e-06   1.43e-09   1.45e-05 _3117_
   1.33e-05   1.12e-06   1.45e-09   1.45e-05 _2808_
   1.26e-05   1.88e-06   1.49e-09   1.45e-05 _2802_
   1.36e-05   7.08e-07   1.45e-09   1.43e-05 _2861_
   1.31e-05   1.09e-06   1.45e-09   1.42e-05 _2809_
   1.29e-05   1.27e-06   1.37e-09   1.42e-05 _2801_
   1.31e-05   1.12e-06   1.46e-09   1.42e-05 _2860_
   1.30e-05   1.19e-06   1.45e-09   1.42e-05 _2810_
   1.30e-05   1.12e-06   1.45e-09   1.41e-05 _2858_
   1.37e-05   4.08e-07   1.45e-09   1.41e-05 _2865_
   1.29e-05   1.11e-06   1.45e-09   1.40e-05 _2854_
   1.36e-05   4.08e-07   1.45e-09   1.40e-05 _2863_

=== FlexSoC normalized power fields ===
dynamic_power_definition=internal_power+switching_power
power_unit=OpenSTA report unit; see Units section
internal_power=0.00297
switching_power=0.000219
dynamic_power=0.003189
leakage_power=9.27e-07
total_power=0.00319
