analysis=power_analysis corner=ss stage=post_syn
workload=reconfig_sv_ss
gls_report=/home/eneadim/github/flexsoc/workspace/runs/cordic/dev/dv/functional/sim/post_syn/ihp-sg13g2/cordic_post_syn_reconfig_sv_ss.json
activity_file=/home/eneadim/github/flexsoc/workspace/runs/cordic/dev/signoff/ihp-sg13g2/power/activity/captures/cordic_ihp-sg13g2_reconfig_sv_ss.vcd
activity_scope=cordic_tb/u_cordic
liberty=/home/eneadim/github/flexsoc/.flexsoc/pdks/ihp-sg13g2/ihp-sg13g2/libs.ref/sg13g2_stdcell/lib/sg13g2_stdcell_slow_1p35V_125C.lib
netlist=/home/eneadim/github/flexsoc/workspace/runs/cordic/dev/syn/ihp-sg13g2/cordic_synth.v
sdc=/home/eneadim/github/flexsoc/workspace/runs/cordic/dev/signoff/ihp-sg13g2/cordic.sdc
spef=

=== Units ===
 time 1ns
 capacitance 1pF
 resistance 1kohm
 voltage 1v
 current 1uA
 power 1pW
 distance 1um

=== Constraint validation ===

=== Activity annotation ===
annotated_percent=100.00%
Unannotated pins: none

=== Power summary ===
Group                  Internal  Switching    Leakage      Total
                          Power      Power      Power      Power (Watts)
----------------------------------------------------------------
Sequential             2.09e-03   2.13e-06   1.09e-06   2.09e-03  97.6%
Combinational          2.36e-05   2.53e-05   1.57e-06   5.04e-05   2.4%
Clock                  0.00e+00   0.00e+00   0.00e+00   0.00e+00   0.0%
Macro                  0.00e+00   0.00e+00   0.00e+00   0.00e+00   0.0%
Pad                    0.00e+00   0.00e+00   0.00e+00   0.00e+00   0.0%
----------------------------------------------------------------
Total                  2.11e-03   2.74e-05   2.65e-06   2.15e-03 100.0%
                          98.6%       1.3%       0.1%

=== Highest-power instances ===
   Internal  Switching    Leakage      Total
      Power      Power      Power      Power (Watts)
--------------------------------------------
   8.52e-06   1.77e-09   3.99e-09   8.52e-06 _4716_
   8.51e-06   2.80e-10   3.99e-09   8.51e-06 _4770_
   8.45e-06   3.34e-08   4.01e-09   8.48e-06 _4799_
   8.43e-06   2.21e-08   4.01e-09   8.46e-06 _4797_
   8.41e-06   1.21e-08   4.01e-09   8.42e-06 _4821_
   8.41e-06   2.03e-09   4.00e-09   8.42e-06 _4676_
   8.41e-06   1.49e-09   4.00e-09   8.42e-06 _4679_
   8.41e-06   1.17e-09   4.00e-09   8.42e-06 _4682_
   8.41e-06   1.17e-09   4.00e-09   8.42e-06 _4672_
   8.41e-06   8.61e-10   4.00e-09   8.42e-06 _4683_
   8.41e-06   1.19e-09   4.01e-09   8.41e-06 _4841_
   8.37e-06   1.60e-08   4.02e-09   8.39e-06 _4835_
   8.36e-06   5.96e-10   4.01e-09   8.37e-06 _4886_
   8.36e-06   5.72e-10   4.01e-09   8.37e-06 _4875_
   8.36e-06   5.73e-10   4.01e-09   8.36e-06 _4892_
   8.35e-06   5.68e-10   4.01e-09   8.36e-06 _4853_
   8.35e-06   5.30e-10   4.01e-09   8.36e-06 _4851_
   8.26e-06   3.14e-09   4.03e-09   8.27e-06 _4742_
   8.24e-06   3.14e-09   4.03e-09   8.25e-06 _4740_
   8.20e-06   2.00e-09   4.03e-09   8.21e-06 _4896_

=== FlexSoC normalized power fields ===
dynamic_power_definition=internal_power+switching_power
power_unit=OpenSTA report unit; see Units section
internal_power=0.00211
switching_power=2.74e-05
dynamic_power=0.0021374
leakage_power=2.65e-06
total_power=0.00215
