analysis=power_estimate activity_source=input_assumption
activity_model=input
activity=0.1
duty=0.5
corner=tt stage=post_syn
liberty=/home/eneadim/github/flexsoc/.flexsoc/pdks/ciel/sky130/versions/f6eeac7dad085ffcc829ccfd721f7b4ce39edcf7/sky130A/libs.ref/sky130_fd_sc_hd/lib/sky130_fd_sc_hd__tt_100C_1v80.lib
netlist=/home/eneadim/github/flexsoc/runs/uart_master/refresh_tlul_repo/syn/sky130/uart_master_synth.v
sdc=/home/eneadim/github/flexsoc/runs/uart_master/refresh_tlul_repo/constraints/uart_master.sdc
spef=

=== Units ===
 time 1ns
 capacitance 1pF
 resistance 1kohm
 voltage 1v
 current 1mA
 power 1nW
 distance 1um

=== Constraint validation ===

=== Power summary ===
Group                  Internal  Switching    Leakage      Total
                          Power      Power      Power      Power (Watts)
----------------------------------------------------------------
Sequential             2.75e-03   2.35e-04   1.73e-06   2.99e-03  64.3%
Combinational          8.18e-04   8.40e-04   1.20e-06   1.66e-03  35.7%
Clock                  0.00e+00   0.00e+00   0.00e+00   0.00e+00   0.0%
Macro                  0.00e+00   0.00e+00   0.00e+00   0.00e+00   0.0%
Pad                    0.00e+00   0.00e+00   0.00e+00   0.00e+00   0.0%
----------------------------------------------------------------
Total                  3.57e-03   1.08e-03   2.92e-06   4.65e-03 100.0%
                          76.8%      23.1%       0.1%

=== FlexSoC normalized power fields ===
dynamic_power_definition=internal_power+switching_power
power_unit=OpenSTA report unit; see Units section
internal_power=0.00357
switching_power=0.00108
dynamic_power=0.00465
leakage_power=2.92e-06
total_power=0.00465
