analysis=power_analysis corner=tt stage=post_syn
workload=smoke_sv_tt
gls_report=/home/eneadim/github/flexsoc/runs/cordic/refresh_tlul/dv/functional/sim/post_syn/ihp-sg13g2/cordic_post_syn_smoke_sv_tt.json
activity_file=/home/eneadim/github/flexsoc/runs/cordic/refresh_tlul/signoff/ihp-sg13g2/power/activity/captures/cordic_ihp-sg13g2_smoke_sv_tt.vcd
activity_scope=cordic_tb/u_cordic
liberty=/home/eneadim/github/flexsoc/.flexsoc/pdks/ihp-sg13g2/ihp-sg13g2/libs.ref/sg13g2_stdcell/lib/sg13g2_stdcell_typ_1p50V_25C.lib
netlist=/home/eneadim/github/flexsoc/runs/cordic/refresh_tlul/syn/ihp-sg13g2/cordic_synth.v
sdc=/home/eneadim/github/flexsoc/runs/cordic/refresh_tlul/constraints/cordic.sdc
spef=

=== Units ===
 time 1ns
 capacitance 1pF
 resistance 1kohm
 voltage 1v
 current 1uA
 power 1pW
 distance 1um

=== Constraint validation ===

=== Activity annotation ===
annotated_percent=100.00%
Unannotated pins: none

=== Power summary ===
Group                  Internal  Switching    Leakage      Total
                          Power      Power      Power      Power (Watts)
----------------------------------------------------------------
Sequential             2.62e-03   1.20e-05   4.51e-07   2.63e-03  93.3%
Combinational          8.43e-05   1.03e-04   8.26e-07   1.88e-04   6.7%
Clock                  0.00e+00   0.00e+00   0.00e+00   0.00e+00   0.0%
Macro                  0.00e+00   0.00e+00   0.00e+00   0.00e+00   0.0%
Pad                    0.00e+00   0.00e+00   0.00e+00   0.00e+00   0.0%
----------------------------------------------------------------
Total                  2.70e-03   1.15e-04   1.28e-06   2.82e-03 100.0%
                          95.9%       4.1%       0.0%

=== FlexSoC normalized power fields ===
dynamic_power_definition=internal_power+switching_power
power_unit=OpenSTA report unit; see Units section
internal_power=0.0027
switching_power=0.000115
dynamic_power=0.0028150000000000002
leakage_power=1.28e-06
total_power=0.00282
