analysis=power_analysis corner=ss stage=post_syn
workload=noise_filter_sv_ss
gls_report=/tmp/flexsoc-repack/uart/runs/uart/dev/dv/functional/sim/post_syn/ihp-sg13g2/uart_post_syn_noise_filter_sv_ss.json
activity_file=/tmp/flexsoc-repack/uart/runs/uart/dev/signoff/ihp-sg13g2/power/activity/captures/uart_ihp-sg13g2_noise_filter_sv_ss.vcd
activity_scope=uart_tb/u_uart
liberty=/home/eneadim/github/flexsoc/.flexsoc/pdks/ihp-sg13g2/ihp-sg13g2/libs.ref/sg13g2_stdcell/lib/sg13g2_stdcell_slow_1p35V_125C.lib
netlist=/tmp/flexsoc-repack/uart/runs/uart/dev/syn/ihp-sg13g2/uart_synth.v
sdc=/tmp/flexsoc-repack/uart/runs/uart/dev/constraints/uart.sdc
spef=

=== Units ===
 time 1ns
 capacitance 1pF
 resistance 1kohm
 voltage 1v
 current 1uA
 power 1pW
 distance 1um

=== Constraint validation ===

=== Activity annotation ===
annotated_percent=100.00%
Unannotated pins: none

=== Power summary ===
Group                  Internal  Switching    Leakage      Total
                          Power      Power      Power      Power (Watts)
----------------------------------------------------------------
Sequential             2.49e-03   3.97e-06   1.27e-06   2.49e-03  99.3%
Combinational          8.37e-06   7.60e-06   9.91e-07   1.70e-05   0.7%
Clock                  0.00e+00   0.00e+00   0.00e+00   0.00e+00   0.0%
Macro                  0.00e+00   0.00e+00   0.00e+00   0.00e+00   0.0%
Pad                    0.00e+00   0.00e+00   0.00e+00   0.00e+00   0.0%
----------------------------------------------------------------
Total                  2.50e-03   1.16e-05   2.26e-06   2.51e-03 100.0%
                          99.4%       0.5%       0.1%

=== FlexSoC normalized power fields ===
dynamic_power_definition=internal_power+switching_power
power_unit=OpenSTA report unit; see Units section
internal_power=0.0025
switching_power=1.16e-05
dynamic_power=0.0025116
leakage_power=2.26e-06
total_power=0.00251
