%Warning-PINCONNECTEMPTY: /home/eneadim/github/flexsoc/vendor/lowrisc_ip/ip/tlul/rtl/tlul_data_integ_dec.sv:20:6: Instance pin connected by name with empty reference: 'data_o'
   20 |     .data_o(),
      |      ^~~~~~
                          ... For warning description see https://verilator.org/warn/PINCONNECTEMPTY?v=5.050
                          ... Use "/* verilator lint_off PINCONNECTEMPTY */" and lint_on around source to disable this message.
%Warning-PINCONNECTEMPTY: /home/eneadim/github/flexsoc/vendor/lowrisc_ip/ip/tlul/rtl/tlul_data_integ_dec.sv:21:6: Instance pin connected by name with empty reference: 'syndrome_o'
   21 |     .syndrome_o(),
      |      ^~~~~~~~~~
%Warning-PINCONNECTEMPTY: /home/eneadim/github/flexsoc/vendor/lowrisc_ip/ip/tlul/rtl/tlul_cmd_intg_chk.sv:26:6: Instance pin connected by name with empty reference: 'data_o'
   26 |     .data_o(),
      |      ^~~~~~
%Warning-PINCONNECTEMPTY: /home/eneadim/github/flexsoc/vendor/lowrisc_ip/ip/tlul/rtl/tlul_cmd_intg_chk.sv:27:6: Instance pin connected by name with empty reference: 'syndrome_o'
   27 |     .syndrome_o(),
      |      ^~~~~~~~~~
%Warning-PINCONNECTEMPTY: /home/eneadim/github/flexsoc/runs/cordic/refresh_tlul/rtl/cordic_reg_core.sv:153:6: Instance pin connected by name with empty reference: 'qe'
  153 |     .qe     (),
      |      ^~
%Warning-PINCONNECTEMPTY: /home/eneadim/github/flexsoc/runs/cordic/refresh_tlul/rtl/cordic_reg_core.sv:155:6: Instance pin connected by name with empty reference: 'ds'
  155 |     .ds     (),
      |      ^~
%Warning-PINCONNECTEMPTY: /home/eneadim/github/flexsoc/runs/cordic/refresh_tlul/rtl/cordic_reg_core.sv:180:6: Instance pin connected by name with empty reference: 'qe'
  180 |     .qe     (),
      |      ^~
%Warning-PINCONNECTEMPTY: /home/eneadim/github/flexsoc/runs/cordic/refresh_tlul/rtl/cordic_reg_core.sv:182:6: Instance pin connected by name with empty reference: 'ds'
  182 |     .ds     (),
      |      ^~
%Warning-PINCONNECTEMPTY: /home/eneadim/github/flexsoc/runs/cordic/refresh_tlul/rtl/cordic_reg_core.sv:207:6: Instance pin connected by name with empty reference: 'qe'
  207 |     .qe     (),
      |      ^~
%Warning-PINCONNECTEMPTY: /home/eneadim/github/flexsoc/runs/cordic/refresh_tlul/rtl/cordic_reg_core.sv:209:6: Instance pin connected by name with empty reference: 'ds'
  209 |     .ds     (),
      |      ^~
%Warning-PINCONNECTEMPTY: /home/eneadim/github/flexsoc/runs/cordic/refresh_tlul/rtl/cordic_reg_core.sv:234:6: Instance pin connected by name with empty reference: 'qe'
  234 |     .qe     (),
      |      ^~
%Warning-PINCONNECTEMPTY: /home/eneadim/github/flexsoc/runs/cordic/refresh_tlul/rtl/cordic_reg_core.sv:236:6: Instance pin connected by name with empty reference: 'ds'
  236 |     .ds     (),
      |      ^~
%Warning-PINCONNECTEMPTY: /home/eneadim/github/flexsoc/runs/cordic/refresh_tlul/rtl/cordic_reg_core.sv:261:6: Instance pin connected by name with empty reference: 'qe'
  261 |     .qe     (),
      |      ^~
%Warning-PINCONNECTEMPTY: /home/eneadim/github/flexsoc/runs/cordic/refresh_tlul/rtl/cordic_reg_core.sv:263:6: Instance pin connected by name with empty reference: 'ds'
  263 |     .ds     (),
      |      ^~
%Warning-PINCONNECTEMPTY: /home/eneadim/github/flexsoc/runs/cordic/refresh_tlul/rtl/cordic_reg_core.sv:288:6: Instance pin connected by name with empty reference: 'qe'
  288 |     .qe     (),
      |      ^~
%Warning-PINCONNECTEMPTY: /home/eneadim/github/flexsoc/runs/cordic/refresh_tlul/rtl/cordic_reg_core.sv:290:6: Instance pin connected by name with empty reference: 'ds'
  290 |     .ds     (),
      |      ^~
%Warning-PINCONNECTEMPTY: /home/eneadim/github/flexsoc/runs/cordic/refresh_tlul/rtl/cordic_reg_core.sv:307:6: Instance pin connected by name with empty reference: 'qe'
  307 |     .qe     (),
      |      ^~
%Warning-PINCONNECTEMPTY: /home/eneadim/github/flexsoc/runs/cordic/refresh_tlul/rtl/cordic_reg_core.sv:309:6: Instance pin connected by name with empty reference: 'ds'
  309 |     .ds     (),
      |      ^~
%Warning-PINCONNECTEMPTY: /home/eneadim/github/flexsoc/runs/cordic/refresh_tlul/rtl/cordic_reg_core.sv:322:6: Instance pin connected by name with empty reference: 'qe'
  322 |     .qe     (),
      |      ^~
%Warning-PINCONNECTEMPTY: /home/eneadim/github/flexsoc/runs/cordic/refresh_tlul/rtl/cordic_reg_core.sv:324:6: Instance pin connected by name with empty reference: 'ds'
  324 |     .ds     (),
      |      ^~
%Warning-PINCONNECTEMPTY: /home/eneadim/github/flexsoc/runs/cordic/refresh_tlul/rtl/cordic_reg_core.sv:337:6: Instance pin connected by name with empty reference: 'qe'
  337 |     .qe     (),
      |      ^~
%Warning-PINCONNECTEMPTY: /home/eneadim/github/flexsoc/runs/cordic/refresh_tlul/rtl/cordic_reg_core.sv:339:6: Instance pin connected by name with empty reference: 'ds'
  339 |     .ds     (),
      |      ^~
%Warning-PINCONNECTEMPTY: /home/eneadim/github/flexsoc/runs/cordic/refresh_tlul/rtl/cordic_reg_core.sv:352:6: Instance pin connected by name with empty reference: 'qe'
  352 |     .qe     (),
      |      ^~
%Warning-PINCONNECTEMPTY: /home/eneadim/github/flexsoc/runs/cordic/refresh_tlul/rtl/cordic_reg_core.sv:354:6: Instance pin connected by name with empty reference: 'ds'
  354 |     .ds     (),
      |      ^~
%Warning-PINCONNECTEMPTY: /home/eneadim/github/flexsoc/runs/cordic/refresh_tlul/rtl/cordic_reg_core.sv:378:6: Instance pin connected by name with empty reference: 'qe'
  378 |     .qe     (),
      |      ^~
%Warning-PINCONNECTEMPTY: /home/eneadim/github/flexsoc/runs/cordic/refresh_tlul/rtl/cordic_reg_core.sv:380:6: Instance pin connected by name with empty reference: 'ds'
  380 |     .ds     (),
      |      ^~
%Warning-PINCONNECTEMPTY: /home/eneadim/github/flexsoc/runs/cordic/refresh_tlul/rtl/cordic_reg_core.sv:406:6: Instance pin connected by name with empty reference: 'qe'
  406 |     .qe     (),
      |      ^~
%Warning-PINCONNECTEMPTY: /home/eneadim/github/flexsoc/runs/cordic/refresh_tlul/rtl/cordic_reg_core.sv:408:6: Instance pin connected by name with empty reference: 'ds'
  408 |     .ds     (),
      |      ^~
%Warning-PINCONNECTEMPTY: /home/eneadim/github/flexsoc/runs/cordic/refresh_tlul/rtl/cordic_reg_core.sv:434:6: Instance pin connected by name with empty reference: 'qe'
  434 |     .qe     (),
      |      ^~
%Warning-PINCONNECTEMPTY: /home/eneadim/github/flexsoc/runs/cordic/refresh_tlul/rtl/cordic_reg_core.sv:436:6: Instance pin connected by name with empty reference: 'ds'
  436 |     .ds     (),
      |      ^~
%Warning-PINCONNECTEMPTY: /home/eneadim/github/flexsoc/runs/cordic/refresh_tlul/rtl/cordic_reg_core.sv:452:6: Instance pin connected by name with empty reference: 'qe'
  452 |     .qe     (),
      |      ^~
%Warning-PINCONNECTEMPTY: /home/eneadim/github/flexsoc/runs/cordic/refresh_tlul/rtl/cordic_reg_core.sv:454:6: Instance pin connected by name with empty reference: 'ds'
  454 |     .ds     (),
      |      ^~
%Warning-PINCONNECTEMPTY: /home/eneadim/github/flexsoc/runs/cordic/refresh_tlul/rtl/cordic_reg_core.sv:468:6: Instance pin connected by name with empty reference: 'qe'
  468 |     .qe     (),
      |      ^~
%Warning-PINCONNECTEMPTY: /home/eneadim/github/flexsoc/runs/cordic/refresh_tlul/rtl/cordic_reg_core.sv:470:6: Instance pin connected by name with empty reference: 'ds'
  470 |     .ds     (),
      |      ^~
%Warning-PINCONNECTEMPTY: /home/eneadim/github/flexsoc/runs/cordic/refresh_tlul/rtl/cordic_reg_core.sv:484:6: Instance pin connected by name with empty reference: 'qe'
  484 |     .qe     (),
      |      ^~
%Warning-PINCONNECTEMPTY: /home/eneadim/github/flexsoc/runs/cordic/refresh_tlul/rtl/cordic_reg_core.sv:486:6: Instance pin connected by name with empty reference: 'ds'
  486 |     .ds     (),
      |      ^~
%Warning-PINCONNECTEMPTY: /home/eneadim/github/flexsoc/runs/cordic/refresh_tlul/rtl/cordic_reg_core.sv:501:6: Instance pin connected by name with empty reference: 'qe'
  501 |     .qe     (),
      |      ^~
%Warning-PINCONNECTEMPTY: /home/eneadim/github/flexsoc/runs/cordic/refresh_tlul/rtl/cordic_reg_core.sv:503:6: Instance pin connected by name with empty reference: 'ds'
  503 |     .ds     (),
      |      ^~
%Warning-PINCONNECTEMPTY: /home/eneadim/github/flexsoc/runs/cordic/refresh_tlul/rtl/cordic_reg_core.sv:516:6: Instance pin connected by name with empty reference: 'qe'
  516 |     .qe     (),
      |      ^~
%Warning-PINCONNECTEMPTY: /home/eneadim/github/flexsoc/runs/cordic/refresh_tlul/rtl/cordic_reg_core.sv:518:6: Instance pin connected by name with empty reference: 'ds'
  518 |     .ds     (),
      |      ^~
%Warning-PINCONNECTEMPTY: /home/eneadim/github/flexsoc/runs/cordic/refresh_tlul/rtl/cordic_reg_core.sv:531:6: Instance pin connected by name with empty reference: 'qe'
  531 |     .qe     (),
      |      ^~
%Warning-PINCONNECTEMPTY: /home/eneadim/github/flexsoc/runs/cordic/refresh_tlul/rtl/cordic_reg_core.sv:533:6: Instance pin connected by name with empty reference: 'ds'
  533 |     .ds     (),
      |      ^~
%Warning-PINCONNECTEMPTY: /home/eneadim/github/flexsoc/runs/cordic/refresh_tlul/rtl/cordic_reg_core.sv:546:6: Instance pin connected by name with empty reference: 'qe'
  546 |     .qe     (),
      |      ^~
%Warning-PINCONNECTEMPTY: /home/eneadim/github/flexsoc/runs/cordic/refresh_tlul/rtl/cordic_reg_core.sv:548:6: Instance pin connected by name with empty reference: 'ds'
  548 |     .ds     (),
      |      ^~
%Warning-PINCONNECTEMPTY: /home/eneadim/github/flexsoc/runs/cordic/refresh_tlul/rtl/cordic_reg_top.sv:40:6: Instance pin connected by name with empty reference: 'intg_error_o'
   40 |     .intg_error_o (),
      |      ^~~~~~~~~~~~
%Warning-PINMISSING: /home/eneadim/github/flexsoc/runs/cordic/refresh_tlul/rtl/cordic_reg_top.sv:51:19: Instance has missing pin: 'intg_err_o'
   51 |   cordic_reg_core u_reg_core (
      |                   ^~~~~~~~~~
                     /home/eneadim/github/flexsoc/runs/cordic/refresh_tlul/rtl/cordic_reg_core.sv:21:16: ... Location of port declaration
   21 |   output logic intg_err_o
      |                ^~~~~~~~~~
                     ... For warning description see https://verilator.org/warn/PINMISSING?v=5.050
                     ... Use "/* verilator lint_off PINMISSING */" and lint_on around source to disable this message.
%Warning-VARHIDDEN: /home/eneadim/github/flexsoc/runs/cordic/refresh_tlul/rtl/cordic_reg_core.sv:26:18: Declaration of signal hides declaration in upper scope: 'AW'
   26 |   localparam int AW = 6;
      |                  ^~
                    /home/eneadim/github/flexsoc/runs/cordic/refresh_tlul/rtl/cordic_reg_pkg.sv:213:17: ... Location of original declaration
  213 |   parameter int AW = BlockAw;
      |                 ^~
                    ... For warning description see https://verilator.org/warn/VARHIDDEN?v=5.050
                    ... Use "/* verilator lint_off VARHIDDEN */" and lint_on around source to disable this message.
%Warning-VARHIDDEN: /home/eneadim/github/flexsoc/runs/cordic/refresh_tlul/rtl/cordic_reg_core.sv:27:18: Declaration of signal hides declaration in upper scope: 'DW'
   27 |   localparam int DW = 32;
      |                  ^~
                    /home/eneadim/github/flexsoc/runs/cordic/refresh_tlul/rtl/cordic_reg_pkg.sv:214:17: ... Location of original declaration
  214 |   parameter int DW = 32;
      |                 ^~
%Warning-VARHIDDEN: /home/eneadim/github/flexsoc/runs/cordic/refresh_tlul/rtl/cordic_reg_core.sv:28:18: Declaration of signal hides declaration in upper scope: 'DBW'
   28 |   localparam int DBW = DW/8;                     
      |                  ^~~
                    /home/eneadim/github/flexsoc/runs/cordic/refresh_tlul/rtl/cordic_reg_pkg.sv:215:17: ... Location of original declaration
  215 |   parameter int DBW = DW / 8;
      |                 ^~~
%Warning-WIDTHTRUNC: /home/eneadim/github/flexsoc/runs/cordic/refresh_tlul/rtl/cordic_core.sv:409:27: Bit extraction of array[15:0] requires 4 bit index, not 5 bits.
                                                                                                    : ... note: In instance 'cordic.u_cordic_core'
  409 |           atan_d = AtanLut[iter_q + 1'b1];
      |                           ^
                     ... For warning description see https://verilator.org/warn/WIDTHTRUNC?v=5.050
                     ... Use "/* verilator lint_off WIDTHTRUNC */" and lint_on around source to disable this message.
%Warning-WIDTHEXPAND: /home/eneadim/github/flexsoc/runs/cordic/refresh_tlul/rtl/cordic_core.sv:403:20: Operator EQ expects 8 bits on the LHS, but LHS's VARREF 'iter_q' generates 5 bits.
                                                                                                     : ... note: In instance 'cordic.u_cordic_core'
  403 |         if (iter_q == (n_iter_q - 1'b1)) begin
      |                    ^~
                      ... For warning description see https://verilator.org/warn/WIDTHEXPAND?v=5.050
                      ... Use "/* verilator lint_off WIDTHEXPAND */" and lint_on around source to disable this message.
%Warning-WIDTHEXPAND: /home/eneadim/github/flexsoc/runs/cordic/refresh_tlul/rtl/cordic_core.sv:471:41: Operator EQ expects 8 bits on the LHS, but LHS's VARREF 'iter_q' generates 5 bits.
                                                                                                     : ... note: In instance 'cordic.u_cordic_core'
  471 |       if ((state_q == StRun) && (iter_q == (n_iter_q - 1'b1))) begin
      |                                         ^~
%Warning-UNUSEDPARAM: /home/eneadim/github/flexsoc/hw/ips/pkgs/top_pkg.sv:13:16: Parameter is not used: 'TL_AUW'
                                                                               : ... note: In instance 'cordic'
   13 | localparam int TL_AUW=21;    
      |                ^~~~~~
                      ... For warning description see https://verilator.org/warn/UNUSEDPARAM?v=5.050
                      ... Use "/* verilator lint_off UNUSEDPARAM */" and lint_on around source to disable this message.
%Warning-UNUSEDPARAM: /home/eneadim/github/flexsoc/hw/ips/pkgs/top_pkg.sv:14:16: Parameter is not used: 'TL_DUW'
                                                                               : ... note: In instance 'cordic'
   14 | localparam int TL_DUW=14;    
      |                ^~~~~~
%Warning-UNUSEDPARAM: /home/eneadim/github/flexsoc/hw/ips/pkgs/top_pkg.sv:21:16: Parameter is not used: 'SecVolatileRawUnlockEn'
                                                                               : ... note: In instance 'cordic'
   21 | localparam int SecVolatileRawUnlockEn = 0;
      |                ^~~~~~~~~~~~~~~~~~~~~~
%Warning-UNUSEDPARAM: /home/eneadim/github/flexsoc/hw/ips/pkgs/prim_secded_pkg.sv:81:25: Parameter is not used: 'Secded2216ZeroEcc'
                                                                                       : ... note: In instance 'cordic'
   81 |   parameter logic [5:0] Secded2216ZeroEcc = 6'h0;
      |                         ^~~~~~~~~~~~~~~~~
%Warning-UNUSEDPARAM: /home/eneadim/github/flexsoc/hw/ips/pkgs/prim_secded_pkg.sv:82:26: Parameter is not used: 'Secded2216ZeroWord'
                                                                                       : ... note: In instance 'cordic'
   82 |   parameter logic [21:0] Secded2216ZeroWord = 22'h0;
      |                          ^~~~~~~~~~~~~~~~~~
%Warning-UNUSEDPARAM: /home/eneadim/github/flexsoc/hw/ips/pkgs/prim_secded_pkg.sv:90:25: Parameter is not used: 'Secded2822ZeroEcc'
                                                                                       : ... note: In instance 'cordic'
   90 |   parameter logic [5:0] Secded2822ZeroEcc = 6'h0;
      |                         ^~~~~~~~~~~~~~~~~
%Warning-UNUSEDPARAM: /home/eneadim/github/flexsoc/hw/ips/pkgs/prim_secded_pkg.sv:91:26: Parameter is not used: 'Secded2822ZeroWord'
                                                                                       : ... note: In instance 'cordic'
   91 |   parameter logic [27:0] Secded2822ZeroWord = 28'h0;
      |                          ^~~~~~~~~~~~~~~~~~
%Warning-UNUSEDPARAM: /home/eneadim/github/flexsoc/hw/ips/pkgs/prim_secded_pkg.sv:99:25: Parameter is not used: 'Secded3932ZeroEcc'
                                                                                       : ... note: In instance 'cordic'
   99 |   parameter logic [6:0] Secded3932ZeroEcc = 7'h0;
      |                         ^~~~~~~~~~~~~~~~~
%Warning-UNUSEDPARAM: /home/eneadim/github/flexsoc/hw/ips/pkgs/prim_secded_pkg.sv:100:26: Parameter is not used: 'Secded3932ZeroWord'
                                                                                        : ... note: In instance 'cordic'
  100 |   parameter logic [38:0] Secded3932ZeroWord = 39'h0;
      |                          ^~~~~~~~~~~~~~~~~~
%Warning-UNUSEDPARAM: /home/eneadim/github/flexsoc/hw/ips/pkgs/prim_secded_pkg.sv:108:25: Parameter is not used: 'Secded6457ZeroEcc'
                                                                                        : ... note: In instance 'cordic'
  108 |   parameter logic [6:0] Secded6457ZeroEcc = 7'h0;
      |                         ^~~~~~~~~~~~~~~~~
%Warning-UNUSEDPARAM: /home/eneadim/github/flexsoc/hw/ips/pkgs/prim_secded_pkg.sv:109:26: Parameter is not used: 'Secded6457ZeroWord'
                                                                                        : ... note: In instance 'cordic'
  109 |   parameter logic [63:0] Secded6457ZeroWord = 64'h0;
      |                          ^~~~~~~~~~~~~~~~~~
%Warning-UNUSEDPARAM: /home/eneadim/github/flexsoc/hw/ips/pkgs/prim_secded_pkg.sv:117:25: Parameter is not used: 'Secded7264ZeroEcc'
                                                                                        : ... note: In instance 'cordic'
  117 |   parameter logic [7:0] Secded7264ZeroEcc = 8'h0;
      |                         ^~~~~~~~~~~~~~~~~
%Warning-UNUSEDPARAM: /home/eneadim/github/flexsoc/hw/ips/pkgs/prim_secded_pkg.sv:118:26: Parameter is not used: 'Secded7264ZeroWord'
                                                                                        : ... note: In instance 'cordic'
  118 |   parameter logic [71:0] Secded7264ZeroWord = 72'h0;
      |                          ^~~~~~~~~~~~~~~~~~
%Warning-UNUSEDPARAM: /home/eneadim/github/flexsoc/hw/ips/pkgs/prim_secded_pkg.sv:126:25: Parameter is not used: 'SecdedHamming2216ZeroEcc'
                                                                                        : ... note: In instance 'cordic'
  126 |   parameter logic [5:0] SecdedHamming2216ZeroEcc = 6'h0;
      |                         ^~~~~~~~~~~~~~~~~~~~~~~~
%Warning-UNUSEDPARAM: /home/eneadim/github/flexsoc/hw/ips/pkgs/prim_secded_pkg.sv:127:26: Parameter is not used: 'SecdedHamming2216ZeroWord'
                                                                                        : ... note: In instance 'cordic'
  127 |   parameter logic [21:0] SecdedHamming2216ZeroWord = 22'h0;
      |                          ^~~~~~~~~~~~~~~~~~~~~~~~~
%Warning-UNUSEDPARAM: /home/eneadim/github/flexsoc/hw/ips/pkgs/prim_secded_pkg.sv:135:25: Parameter is not used: 'SecdedHamming3932ZeroEcc'
                                                                                        : ... note: In instance 'cordic'
  135 |   parameter logic [6:0] SecdedHamming3932ZeroEcc = 7'h0;
      |                         ^~~~~~~~~~~~~~~~~~~~~~~~
%Warning-UNUSEDPARAM: /home/eneadim/github/flexsoc/hw/ips/pkgs/prim_secded_pkg.sv:136:26: Parameter is not used: 'SecdedHamming3932ZeroWord'
                                                                                        : ... note: In instance 'cordic'
  136 |   parameter logic [38:0] SecdedHamming3932ZeroWord = 39'h0;
      |                          ^~~~~~~~~~~~~~~~~~~~~~~~~
%Warning-UNUSEDPARAM: /home/eneadim/github/flexsoc/hw/ips/pkgs/prim_secded_pkg.sv:144:25: Parameter is not used: 'SecdedHamming7264ZeroEcc'
                                                                                        : ... note: In instance 'cordic'
  144 |   parameter logic [7:0] SecdedHamming7264ZeroEcc = 8'h0;
      |                         ^~~~~~~~~~~~~~~~~~~~~~~~
%Warning-UNUSEDPARAM: /home/eneadim/github/flexsoc/hw/ips/pkgs/prim_secded_pkg.sv:145:26: Parameter is not used: 'SecdedHamming7264ZeroWord'
                                                                                        : ... note: In instance 'cordic'
  145 |   parameter logic [71:0] SecdedHamming7264ZeroWord = 72'h0;
      |                          ^~~~~~~~~~~~~~~~~~~~~~~~~
%Warning-UNUSEDPARAM: /home/eneadim/github/flexsoc/hw/ips/pkgs/prim_secded_pkg.sv:153:25: Parameter is not used: 'SecdedHamming7668ZeroEcc'
                                                                                        : ... note: In instance 'cordic'
  153 |   parameter logic [7:0] SecdedHamming7668ZeroEcc = 8'h0;
      |                         ^~~~~~~~~~~~~~~~~~~~~~~~
%Warning-UNUSEDPARAM: /home/eneadim/github/flexsoc/hw/ips/pkgs/prim_secded_pkg.sv:154:26: Parameter is not used: 'SecdedHamming7668ZeroWord'
                                                                                        : ... note: In instance 'cordic'
  154 |   parameter logic [75:0] SecdedHamming7668ZeroWord = 76'h0;
      |                          ^~~~~~~~~~~~~~~~~~~~~~~~~
%Warning-UNUSEDPARAM: /home/eneadim/github/flexsoc/hw/ips/pkgs/prim_secded_pkg.sv:162:25: Parameter is not used: 'SecdedInv2216ZeroEcc'
                                                                                        : ... note: In instance 'cordic'
  162 |   parameter logic [5:0] SecdedInv2216ZeroEcc = 6'h2A;
      |                         ^~~~~~~~~~~~~~~~~~~~
%Warning-UNUSEDPARAM: /home/eneadim/github/flexsoc/hw/ips/pkgs/prim_secded_pkg.sv:163:26: Parameter is not used: 'SecdedInv2216ZeroWord'
                                                                                        : ... note: In instance 'cordic'
  163 |   parameter logic [21:0] SecdedInv2216ZeroWord = 22'h2A0000;
      |                          ^~~~~~~~~~~~~~~~~~~~~
%Warning-UNUSEDPARAM: /home/eneadim/github/flexsoc/hw/ips/pkgs/prim_secded_pkg.sv:171:25: Parameter is not used: 'SecdedInv2822ZeroEcc'
                                                                                        : ... note: In instance 'cordic'
  171 |   parameter logic [5:0] SecdedInv2822ZeroEcc = 6'h2A;
      |                         ^~~~~~~~~~~~~~~~~~~~
%Warning-UNUSEDPARAM: /home/eneadim/github/flexsoc/hw/ips/pkgs/prim_secded_pkg.sv:172:26: Parameter is not used: 'SecdedInv2822ZeroWord'
                                                                                        : ... note: In instance 'cordic'
  172 |   parameter logic [27:0] SecdedInv2822ZeroWord = 28'hA800000;
      |                          ^~~~~~~~~~~~~~~~~~~~~
%Warning-UNUSEDPARAM: /home/eneadim/github/flexsoc/hw/ips/pkgs/prim_secded_pkg.sv:180:25: Parameter is not used: 'SecdedInv3932ZeroEcc'
                                                                                        : ... note: In instance 'cordic'
  180 |   parameter logic [6:0] SecdedInv3932ZeroEcc = 7'h2A;
      |                         ^~~~~~~~~~~~~~~~~~~~
%Warning-UNUSEDPARAM: /home/eneadim/github/flexsoc/hw/ips/pkgs/prim_secded_pkg.sv:181:26: Parameter is not used: 'SecdedInv3932ZeroWord'
                                                                                        : ... note: In instance 'cordic'
  181 |   parameter logic [38:0] SecdedInv3932ZeroWord = 39'h2A00000000;
      |                          ^~~~~~~~~~~~~~~~~~~~~
%Warning-UNUSEDPARAM: /home/eneadim/github/flexsoc/hw/ips/pkgs/prim_secded_pkg.sv:189:25: Parameter is not used: 'SecdedInv6457ZeroEcc'
                                                                                        : ... note: In instance 'cordic'
  189 |   parameter logic [6:0] SecdedInv6457ZeroEcc = 7'h2A;
      |                         ^~~~~~~~~~~~~~~~~~~~
%Warning-UNUSEDPARAM: /home/eneadim/github/flexsoc/hw/ips/pkgs/prim_secded_pkg.sv:190:26: Parameter is not used: 'SecdedInv6457ZeroWord'
                                                                                        : ... note: In instance 'cordic'
  190 |   parameter logic [63:0] SecdedInv6457ZeroWord = 64'h5400000000000000;
      |                          ^~~~~~~~~~~~~~~~~~~~~
%Warning-UNUSEDPARAM: /home/eneadim/github/flexsoc/hw/ips/pkgs/prim_secded_pkg.sv:198:25: Parameter is not used: 'SecdedInv7264ZeroEcc'
                                                                                        : ... note: In instance 'cordic'
  198 |   parameter logic [7:0] SecdedInv7264ZeroEcc = 8'hAA;
      |                         ^~~~~~~~~~~~~~~~~~~~
%Warning-UNUSEDPARAM: /home/eneadim/github/flexsoc/hw/ips/pkgs/prim_secded_pkg.sv:199:26: Parameter is not used: 'SecdedInv7264ZeroWord'
                                                                                        : ... note: In instance 'cordic'
  199 |   parameter logic [71:0] SecdedInv7264ZeroWord = 72'hAA0000000000000000;
      |                          ^~~~~~~~~~~~~~~~~~~~~
%Warning-UNUSEDPARAM: /home/eneadim/github/flexsoc/hw/ips/pkgs/prim_secded_pkg.sv:207:25: Parameter is not used: 'SecdedInvHamming2216ZeroEcc'
                                                                                        : ... note: In instance 'cordic'
  207 |   parameter logic [5:0] SecdedInvHamming2216ZeroEcc = 6'h2A;
      |                         ^~~~~~~~~~~~~~~~~~~~~~~~~~~
%Warning-UNUSEDPARAM: /home/eneadim/github/flexsoc/hw/ips/pkgs/prim_secded_pkg.sv:208:26: Parameter is not used: 'SecdedInvHamming2216ZeroWord'
                                                                                        : ... note: In instance 'cordic'
  208 |   parameter logic [21:0] SecdedInvHamming2216ZeroWord = 22'h2A0000;
      |                          ^~~~~~~~~~~~~~~~~~~~~~~~~~~~
%Warning-UNUSEDPARAM: /home/eneadim/github/flexsoc/hw/ips/pkgs/prim_secded_pkg.sv:216:25: Parameter is not used: 'SecdedInvHamming3932ZeroEcc'
                                                                                        : ... note: In instance 'cordic'
  216 |   parameter logic [6:0] SecdedInvHamming3932ZeroEcc = 7'h2A;
      |                         ^~~~~~~~~~~~~~~~~~~~~~~~~~~
%Warning-UNUSEDPARAM: /home/eneadim/github/flexsoc/hw/ips/pkgs/prim_secded_pkg.sv:217:26: Parameter is not used: 'SecdedInvHamming3932ZeroWord'
                                                                                        : ... note: In instance 'cordic'
  217 |   parameter logic [38:0] SecdedInvHamming3932ZeroWord = 39'h2A00000000;
      |                          ^~~~~~~~~~~~~~~~~~~~~~~~~~~~
%Warning-UNUSEDPARAM: /home/eneadim/github/flexsoc/hw/ips/pkgs/prim_secded_pkg.sv:225:25: Parameter is not used: 'SecdedInvHamming7264ZeroEcc'
                                                                                        : ... note: In instance 'cordic'
  225 |   parameter logic [7:0] SecdedInvHamming7264ZeroEcc = 8'hAA;
      |                         ^~~~~~~~~~~~~~~~~~~~~~~~~~~
%Warning-UNUSEDPARAM: /home/eneadim/github/flexsoc/hw/ips/pkgs/prim_secded_pkg.sv:226:26: Parameter is not used: 'SecdedInvHamming7264ZeroWord'
                                                                                        : ... note: In instance 'cordic'
  226 |   parameter logic [71:0] SecdedInvHamming7264ZeroWord = 72'hAA0000000000000000;
      |                          ^~~~~~~~~~~~~~~~~~~~~~~~~~~~
%Warning-UNUSEDPARAM: /home/eneadim/github/flexsoc/hw/ips/pkgs/prim_secded_pkg.sv:234:25: Parameter is not used: 'SecdedInvHamming7668ZeroEcc'
                                                                                        : ... note: In instance 'cordic'
  234 |   parameter logic [7:0] SecdedInvHamming7668ZeroEcc = 8'hAA;
      |                         ^~~~~~~~~~~~~~~~~~~~~~~~~~~
%Warning-UNUSEDPARAM: /home/eneadim/github/flexsoc/hw/ips/pkgs/prim_secded_pkg.sv:235:26: Parameter is not used: 'SecdedInvHamming7668ZeroWord'
                                                                                        : ... note: In instance 'cordic'
  235 |   parameter logic [75:0] SecdedInvHamming7668ZeroWord = 76'hAA00000000000000000;
      |                          ^~~~~~~~~~~~~~~~~~~~~~~~~~~~
%Warning-UNUSEDSIGNAL: /home/eneadim/github/flexsoc/runs/cordic/refresh_tlul/rtl/cordic_core.sv:27:26: Bits of signal are not used: 'reg2hw'[266:231,134:0]
                                                                                                     : ... note: In instance 'cordic.u_cordic_core'
   27 |   input  cordic_reg2hw_t reg2hw,
      |                          ^~~~~~
                       ... For warning description see https://verilator.org/warn/UNUSEDSIGNAL?v=5.050
                       ... Use "/* verilator lint_off UNUSEDSIGNAL */" and lint_on around source to disable this message.
%Warning-UNUSEDPARAM: /home/eneadim/github/flexsoc/runs/cordic/refresh_tlul/rtl/cordic_core.sv:37:18: Parameter is not used: 'ANGLE_FRAC_W'
                                                                                                    : ... note: In instance 'cordic.u_cordic_core'
   37 |   localparam int ANGLE_FRAC_W = 13;
      |                  ^~~~~~~~~~~~
%Warning-UNUSEDSIGNAL: /home/eneadim/github/flexsoc/runs/cordic/refresh_tlul/rtl/cordic_core.sv:53:15: Signal is not used: 'ctrl_rsvd'
                                                                                                     : ... note: In instance 'cordic.u_cordic_core'
   53 |   logic [4:0] ctrl_rsvd;
      |               ^~~~~~~~~
%Warning-UNUSEDSIGNAL: /home/eneadim/github/flexsoc/runs/cordic/refresh_tlul/rtl/cordic_core.sv:55:16: Signal is not used: 'ctrl_rsvd2'
                                                                                                     : ... note: In instance 'cordic.u_cordic_core'
   55 |   logic [15:0] ctrl_rsvd2;
      |                ^~~~~~~~~~
%Warning-UNUSEDSIGNAL: /home/eneadim/github/flexsoc/runs/cordic/refresh_tlul/rtl/cordic_core.sv:179:82: Bits of function variable are not used: 'csr_word'[31:16]
                                                                                                      : ... note: In instance 'cordic.u_cordic_core'
  179 |   function automatic logic signed [INT_W-1:0] csr_to_data_int(input logic [31:0] csr_word);
      |                                                                                  ^~~~~~~~
%Warning-UNUSEDSIGNAL: /home/eneadim/github/flexsoc/runs/cordic/refresh_tlul/rtl/cordic_core.sv:187:85: Bits of function variable are not used: 'csr_word'[31:16]
                                                                                                      : ... note: In instance 'cordic.u_cordic_core'
  187 |   function automatic logic signed [ANGLE_W-1:0] csr_to_angle_int(input logic [31:0] csr_word);
      |                                                                                     ^~~~~~~~
%Warning-UNUSEDSIGNAL: /home/eneadim/github/flexsoc/hw/ips/prim/prim_ff_2sync.sv:11:21: Signal is not driven, nor used: 'd_o'
                                                                                      : ... note: In instance 'cordic.u_core_reset_sync'
   11 |   logic [Width-1:0] d_o;
      |                     ^~~
%Warning-UNUSEDSIGNAL: /home/eneadim/github/flexsoc/hw/ips/prim/prim_edge_detect.sv:4:16: Signal is not used: 'en_i'
                                                                                        : ... note: In instance 'cordic.u_cordic_core.u_start_edge_detect'
    4 |   input  logic en_i,
      |                ^~~~
%Warning-UNUSEDSIGNAL: /home/eneadim/github/flexsoc/vendor/lowrisc_ip/ip/tlul/rtl/tlul_adapter_reg.sv:65:51: Signal is not used: 'instr_error'
                                                                                                           : ... note: In instance 'cordic.u_cordic_reg.u_flexsoc_tlul_to_reg'
   65 |   logic             error_q, error, err_internal, instr_error, intg_error;
      |                                                   ^~~~~~~~~~~
%Warning-UNUSEDSIGNAL: /home/eneadim/github/flexsoc/vendor/lowrisc_ip/ip/tlul/rtl/tlul_adapter_reg.sv:65:64: Signal is not used: 'intg_error'
                                                                                                           : ... note: In instance 'cordic.u_cordic_reg.u_flexsoc_tlul_to_reg'
   65 |   logic             error_q, error, err_internal, instr_error, intg_error;
      |                                                                ^~~~~~~~~~
%Warning-UNUSEDSIGNAL: /home/eneadim/github/flexsoc/vendor/lowrisc_ip/ip/tlul/rtl/tlul_adapter_reg.sv:68:9: Signal is not used: 'malformed_meta_err'
                                                                                                          : ... note: In instance 'cordic.u_cordic_reg.u_flexsoc_tlul_to_reg'
   68 |   logic malformed_meta_err;  
      |         ^~~~~~~~~~~~~~~~~~
%Warning-UNUSEDSIGNAL: /home/eneadim/github/flexsoc/vendor/lowrisc_ip/ip/tlul/rtl/tlul_adapter_reg.sv:69:9: Signal is not used: 'tl_err'
                                                                                                          : ... note: In instance 'cordic.u_cordic_reg.u_flexsoc_tlul_to_reg'
   69 |   logic tl_err;              
      |         ^~~~~~
%Warning-UNUSEDSIGNAL: /home/eneadim/github/flexsoc/vendor/lowrisc_ip/ip/tlul/rtl/tlul_err.sv:9:9: Signal is not used: 'clk_i'
                                                                                                 : ... note: In instance 'cordic.u_cordic_reg.u_flexsoc_tlul_to_reg.u_err'
    9 |   input clk_i,
      |         ^~~~~
%Warning-UNUSEDSIGNAL: /home/eneadim/github/flexsoc/vendor/lowrisc_ip/ip/tlul/rtl/tlul_err.sv:10:9: Signal is not used: 'rst_ni'
                                                                                                  : ... note: In instance 'cordic.u_cordic_reg.u_flexsoc_tlul_to_reg.u_err'
   10 |   input rst_ni,
      |         ^~~~~~
%Warning-UNUSEDSIGNAL: /home/eneadim/github/flexsoc/vendor/lowrisc_ip/ip/tlul/rtl/tlul_err.sv:12:18: Bits of signal are not used: 'tl_i'[104:102,99:92,55:24,0]
                                                                                                   : ... note: In instance 'cordic.u_cordic_reg.u_flexsoc_tlul_to_reg.u_err'
   12 |   input tl_h2d_t tl_i,
      |                  ^~~~
%Warning-UNUSEDPARAM: /home/eneadim/github/flexsoc/vendor/lowrisc_ip/ip/tlul/rtl/tlul_err.sv:17:18: Parameter is not used: 'IW'
                                                                                                  : ... note: In instance 'cordic.u_cordic_reg.u_flexsoc_tlul_to_reg.u_err'
   17 |   localparam int IW  = $bits(tl_i.a_source);
      |                  ^~
%Warning-UNUSEDPARAM: /home/eneadim/github/flexsoc/vendor/lowrisc_ip/ip/tlul/rtl/tlul_err.sv:18:18: Parameter is not used: 'SZW'
                                                                                                  : ... note: In instance 'cordic.u_cordic_reg.u_flexsoc_tlul_to_reg.u_err'
   18 |   localparam int SZW = $bits(tl_i.a_size);
      |                  ^~~
%Warning-UNUSEDPARAM: /home/eneadim/github/flexsoc/runs/cordic/refresh_tlul/rtl/cordic_reg_pkg.sv:13:17: Parameter is not used: 'NumRegs'
                                                                                                       : ... note: In instance 'cordic.u_cordic_reg.u_reg_core.u_cfg_rsvd'
   13 |   parameter int NumRegs = 9;
      |                 ^~~~~~~
%Warning-UNUSEDPARAM: /home/eneadim/github/flexsoc/runs/cordic/refresh_tlul/rtl/cordic_reg_pkg.sv:181:26: Parameter is not used: 'CORDIC_STATUS_RESVAL'
                                                                                                        : ... note: In instance 'cordic.u_cordic_reg.u_reg_core.u_cfg_rsvd'
  181 |   parameter logic [31:0] CORDIC_STATUS_RESVAL = 32'h 0;
      |                          ^~~~~~~~~~~~~~~~~~~~
%Warning-UNUSEDPARAM: /home/eneadim/github/flexsoc/runs/cordic/refresh_tlul/rtl/cordic_reg_pkg.sv:182:26: Parameter is not used: 'CORDIC_X_OUT_RESVAL'
                                                                                                        : ... note: In instance 'cordic.u_cordic_reg.u_reg_core.u_cfg_rsvd'
  182 |   parameter logic [31:0] CORDIC_X_OUT_RESVAL = 32'h 0;
      |                          ^~~~~~~~~~~~~~~~~~~
%Warning-UNUSEDPARAM: /home/eneadim/github/flexsoc/runs/cordic/refresh_tlul/rtl/cordic_reg_pkg.sv:183:26: Parameter is not used: 'CORDIC_Y_OUT_RESVAL'
                                                                                                        : ... note: In instance 'cordic.u_cordic_reg.u_reg_core.u_cfg_rsvd'
  183 |   parameter logic [31:0] CORDIC_Y_OUT_RESVAL = 32'h 0;
      |                          ^~~~~~~~~~~~~~~~~~~
%Warning-UNUSEDPARAM: /home/eneadim/github/flexsoc/runs/cordic/refresh_tlul/rtl/cordic_reg_pkg.sv:184:26: Parameter is not used: 'CORDIC_Z_OUT_RESVAL'
                                                                                                        : ... note: In instance 'cordic.u_cordic_reg.u_reg_core.u_cfg_rsvd'
  184 |   parameter logic [31:0] CORDIC_Z_OUT_RESVAL = 32'h 0;
      |                          ^~~~~~~~~~~~~~~~~~~
%Warning-UNUSEDPARAM: /home/eneadim/github/flexsoc/runs/cordic/refresh_tlul/rtl/cordic_reg_pkg.sv:185:26: Parameter is not used: 'CORDIC_CFG_RESVAL'
                                                                                                        : ... note: In instance 'cordic.u_cordic_reg.u_reg_core.u_cfg_rsvd'
  185 |   parameter logic [31:0] CORDIC_CFG_RESVAL = 32'h 0;
      |                          ^~~~~~~~~~~~~~~~~
%Warning-UNUSEDPARAM: /home/eneadim/github/flexsoc/hw/ips/prim_opentitan/prim_onehot_check.sv:26:26: Parameter is not used: 'AddrCheck'
                                                                                                   : ... note: In instance 'cordic.u_cordic_reg.u_reg_core.u_prim_reg_we_check.u_prim_onehot_check'
   26 |   parameter bit          AddrCheck   = 1,
      |                          ^~~~~~~~~
%Warning-UNUSEDPARAM: /home/eneadim/github/flexsoc/hw/ips/prim_opentitan/prim_onehot_check.sv:28:26: Parameter is not used: 'EnableCheck'
                                                                                                   : ... note: In instance 'cordic.u_cordic_reg.u_reg_core.u_prim_reg_we_check.u_prim_onehot_check'
   28 |   parameter bit          EnableCheck = 1,
      |                          ^~~~~~~~~~~
%Warning-UNUSEDPARAM: /home/eneadim/github/flexsoc/hw/ips/prim_opentitan/prim_onehot_check.sv:31:26: Parameter is not used: 'StrictCheck'
                                                                                                   : ... note: In instance 'cordic.u_cordic_reg.u_reg_core.u_prim_reg_we_check.u_prim_onehot_check'
   31 |   parameter bit          StrictCheck = 1,
      |                          ^~~~~~~~~~~
%Warning-UNUSEDPARAM: /home/eneadim/github/flexsoc/hw/ips/prim_opentitan/prim_onehot_check.sv:34:17: Parameter is not used: 'EnableAlertTriggerSVA'
                                                                                                   : ... note: In instance 'cordic.u_cordic_reg.u_reg_core.u_prim_reg_we_check.u_prim_onehot_check'
   34 |   parameter bit EnableAlertTriggerSVA = 1
      |                 ^~~~~~~~~~~~~~~~~~~~~
%Warning-UNUSEDSIGNAL: /home/eneadim/github/flexsoc/hw/ips/prim_opentitan/prim_onehot_check.sv:37:34: Signal is not used: 'clk_i'
                                                                                                    : ... note: In instance 'cordic.u_cordic_reg.u_reg_core.u_prim_reg_we_check.u_prim_onehot_check'
   37 |   input                          clk_i,
      |                                  ^~~~~
%Warning-UNUSEDSIGNAL: /home/eneadim/github/flexsoc/hw/ips/prim_opentitan/prim_onehot_check.sv:38:34: Signal is not used: 'rst_ni'
                                                                                                    : ... note: In instance 'cordic.u_cordic_reg.u_reg_core.u_prim_reg_we_check.u_prim_onehot_check'
   38 |   input                          rst_ni,
      |                                  ^~~~~~
%Warning-UNUSEDSIGNAL: /home/eneadim/github/flexsoc/hw/ips/prim_opentitan/prim_onehot_check.sv:42:34: Signal is not used: 'en_i'
                                                                                                    : ... note: In instance 'cordic.u_cordic_reg.u_reg_core.u_prim_reg_we_check.u_prim_onehot_check'
   42 |   input  logic                   en_i,
      |                                  ^~~~
%Warning-UNDRIVEN: /home/eneadim/github/flexsoc/hw/ips/prim_opentitan/prim_onehot_check.sv:44:34: Signal is not driven: 'err_o'
                                                                                                : ... note: In instance 'cordic.u_cordic_reg.u_reg_core.u_prim_reg_we_check.u_prim_onehot_check'
   44 |   output logic                   err_o
      |                                  ^~~~~
                   ... For warning description see https://verilator.org/warn/UNDRIVEN?v=5.050
                   ... Use "/* verilator lint_off UNDRIVEN */" and lint_on around source to disable this message.
%Warning-UNUSEDPARAM: /home/eneadim/github/flexsoc/vendor/lowrisc_ip/ip/tlul/rtl/tlul_pkg.sv:14:13: Parameter is not used: 'ArbiterImpl'
                                                                                                  : ... note: In instance 'cordic.u_cordic_reg.u_reg_core.u_z_in.wr_en_data_arb'
   14 |   parameter ArbiterImpl = "PPC";
      |             ^~~~~~~~~~~
%Warning-UNUSEDPARAM: /home/eneadim/github/flexsoc/vendor/lowrisc_ip/ip/tlul/rtl/tlul_pkg.sv:29:17: Parameter is not used: 'H2DCmdFullWidth'
                                                                                                  : ... note: In instance 'cordic.u_cordic_reg.u_reg_core.u_z_in.wr_en_data_arb'
   29 |   parameter int H2DCmdFullWidth = H2DCmdMaxWidth + H2DCmdIntgWidth;
      |                 ^~~~~~~~~~~~~~~
%Warning-UNUSEDPARAM: /home/eneadim/github/flexsoc/vendor/lowrisc_ip/ip/tlul/rtl/tlul_pkg.sv:32:17: Parameter is not used: 'D2HRspFullWidth'
                                                                                                  : ... note: In instance 'cordic.u_cordic_reg.u_reg_core.u_z_in.wr_en_data_arb'
   32 |   parameter int D2HRspFullWidth = D2HRspMaxWidth + D2HRspIntgWidth;
      |                 ^~~~~~~~~~~~~~~
%Warning-UNUSEDPARAM: /home/eneadim/github/flexsoc/vendor/lowrisc_ip/ip/tlul/rtl/tlul_pkg.sv:35:17: Parameter is not used: 'DataFullWidth'
                                                                                                  : ... note: In instance 'cordic.u_cordic_reg.u_reg_core.u_z_in.wr_en_data_arb'
   35 |   parameter int DataFullWidth   = DataMaxWidth + DataIntgWidth;
      |                 ^~~~~~~~~~~~~
%Warning-UNUSEDPARAM: /home/eneadim/github/flexsoc/vendor/lowrisc_ip/ip/tlul/rtl/tlul_pkg.sv:39:40: Parameter is not used: 'DataWhenInstrError'
                                                                                                  : ... note: In instance 'cordic.u_cordic_reg.u_reg_core.u_z_in.wr_en_data_arb'
   39 |   parameter logic [top_pkg::TL_DW-1:0] DataWhenInstrError = '0;
      |                                        ^~~~~~~~~~~~~~~~~~
%Warning-UNUSEDPARAM: /home/eneadim/github/flexsoc/vendor/lowrisc_ip/ip/tlul/rtl/tlul_pkg.sv:42:40: Parameter is not used: 'DataWhenError'
                                                                                                  : ... note: In instance 'cordic.u_cordic_reg.u_reg_core.u_z_in.wr_en_data_arb'
   42 |   parameter logic [top_pkg::TL_DW-1:0] DataWhenError      = {top_pkg::TL_DW{1'b1}};
      |                                        ^~~~~~~~~~~~~
%Warning-UNUSEDPARAM: /home/eneadim/github/flexsoc/vendor/lowrisc_ip/ip/tlul/rtl/tlul_pkg.sv:87:23: Parameter is not used: 'TL_H2D_DEFAULT'
                                                                                                  : ... note: In instance 'cordic.u_cordic_reg.u_reg_core.u_z_in.wr_en_data_arb'
   87 |   localparam tl_h2d_t TL_H2D_DEFAULT = '{
      |                       ^~~~~~~~~~~~~~
%Warning-UNUSEDPARAM: /home/eneadim/github/flexsoc/vendor/lowrisc_ip/ip/tlul/rtl/tlul_pkg.sv:131:23: Parameter is not used: 'TL_D2H_DEFAULT'
                                                                                                   : ... note: In instance 'cordic.u_cordic_reg.u_reg_core.u_z_in.wr_en_data_arb'
  131 |   localparam tl_d2h_t TL_D2H_DEFAULT = '{
      |                       ^~~~~~~~~~~~~~
- V e r i l a t i o n   R e p o r t: Verilator 5.050 2026-07-01 rev v5.050
- Verilator: Built from 5.175 MB sources in 32 modules, into 0.113 MB in 4 C++ files needing 0.000 MB
- Verilator: Walltime 0.135 s (elab=0.039, cvt=0.052, bld=0.000); cpu 0.099 s on 1 threads; allocated 44.590 MB
