analysis=power_analysis corner=ss stage=post_syn
workload=parity_reconfig_sv_ss
gls_report=/home/eneadim/github/flexsoc/workspace/runs/uart/dev/dv/functional/sim/post_syn/ihp-sg13g2/uart_post_syn_parity_reconfig_sv_ss.json
activity_file=/home/eneadim/github/flexsoc/workspace/runs/uart/dev/signoff/ihp-sg13g2/power/activity/captures/uart_ihp-sg13g2_parity_reconfig_sv_ss.vcd
activity_scope=uart_tb/u_uart
liberty=/home/eneadim/github/flexsoc/.flexsoc/pdks/ihp-sg13g2/ihp-sg13g2/libs.ref/sg13g2_stdcell/lib/sg13g2_stdcell_slow_1p35V_125C.lib
netlist=/home/eneadim/github/flexsoc/workspace/runs/uart/dev/syn/ihp-sg13g2/uart_synth.v
sdc=/home/eneadim/github/flexsoc/workspace/runs/uart/dev/signoff/ihp-sg13g2/uart.sdc
spef=

=== Units ===
 time 1ns
 capacitance 1pF
 resistance 1kohm
 voltage 1v
 current 1uA
 power 1pW
 distance 1um

=== Constraint validation ===

=== Activity annotation ===
annotated_percent=100.00%
Unannotated pins: none

=== Power summary ===
Group                  Internal  Switching    Leakage      Total
                          Power      Power      Power      Power (Watts)
----------------------------------------------------------------
Sequential             2.44e-03   1.98e-06   1.24e-06   2.45e-03  99.6%
Combinational          4.67e-06   4.37e-06   9.59e-07   1.00e-05   0.4%
Clock                  0.00e+00   0.00e+00   0.00e+00   0.00e+00   0.0%
Macro                  0.00e+00   0.00e+00   0.00e+00   0.00e+00   0.0%
Pad                    0.00e+00   0.00e+00   0.00e+00   0.00e+00   0.0%
----------------------------------------------------------------
Total                  2.45e-03   6.36e-06   2.19e-06   2.46e-03 100.0%
                          99.7%       0.3%       0.1%

=== Highest-power instances ===
   Internal  Switching    Leakage      Total
      Power      Power      Power      Power (Watts)
--------------------------------------------
   9.47e-06   7.29e-07   3.98e-09   1.02e-05 _2868_
   9.48e-06   3.18e-07   3.98e-09   9.80e-06 _2867_
   8.44e-06   2.10e-07   3.98e-09   8.66e-06 _2808_
   8.64e-06   6.17e-09   3.98e-09   8.65e-06 _2852_
   8.64e-06   4.80e-09   3.98e-09   8.65e-06 _2866_
   8.64e-06   1.23e-09   3.98e-09   8.64e-06 _2858_
   8.64e-06   1.11e-09   3.98e-09   8.64e-06 _2856_
   8.63e-06   2.32e-09   3.98e-09   8.64e-06 _2853_
   8.63e-06   3.70e-09   3.98e-09   8.64e-06 _2860_
   8.63e-06   4.08e-09   3.98e-09   8.64e-06 _2864_
   8.63e-06   4.83e-09   3.98e-09   8.64e-06 _2862_
   8.63e-06   9.01e-10   3.98e-09   8.64e-06 _2857_
   8.59e-06   6.03e-10   3.98e-09   8.59e-06 _3103_
   8.59e-06   6.03e-10   3.98e-09   8.59e-06 _3113_
   8.59e-06   5.92e-10   3.98e-09   8.59e-06 _3121_
   8.59e-06   4.48e-10   3.98e-09   8.59e-06 _3110_
   8.59e-06   4.42e-10   3.98e-09   8.59e-06 _3105_
   8.59e-06   4.42e-10   3.98e-09   8.59e-06 _3099_
   8.59e-06   4.42e-10   3.98e-09   8.59e-06 _3107_
   8.59e-06   4.42e-10   3.98e-09   8.59e-06 _3101_

=== FlexSoC normalized power fields ===
dynamic_power_definition=internal_power+switching_power
power_unit=OpenSTA report unit; see Units section
internal_power=0.00245
switching_power=6.36e-06
dynamic_power=0.00245636
leakage_power=2.19e-06
total_power=0.00246
