%Warning-UNUSEDSIGNAL: /tmp/flexsoc-repack/uart_master/runs/uart_master/dev/rtl/uart_core.sv:14:52: Bits of signal are not used: 'reg2hw'[33:22]
%Warning-UNUSEDSIGNAL: /tmp/flexsoc-repack/uart_master/runs/uart_master/dev/rtl/uart_core.sv:40:19: Signal is not driven, nor used: 'rx_val_q'
%Warning-UNUSEDSIGNAL: /tmp/flexsoc-repack/uart_master/runs/uart_master/dev/rtl/uart_core.sv:42:34: Signal is not used: 'rx_tick_baud'
%Warning-UNUSEDSIGNAL: /tmp/flexsoc-repack/uart_master/runs/uart_master/dev/rtl/uart_core.sv:46:30: Signal is not driven, nor used: 'rx_fifo_depth_prev_q'
%Warning-UNUSEDSIGNAL: /tmp/flexsoc-repack/uart_master/runs/uart_master/dev/rtl/uart_core.sv:48:19: Signal is not driven, nor used: 'rx_timeout_count_d'
%Warning-UNUSEDSIGNAL: /tmp/flexsoc-repack/uart_master/runs/uart_master/dev/rtl/uart_core.sv:48:39: Signal is not driven, nor used: 'rx_timeout_count_q'
%Warning-UNUSEDSIGNAL: /tmp/flexsoc-repack/uart_master/runs/uart_master/dev/rtl/uart_core.sv:48:59: Signal is not driven, nor used: 'uart_rxto_val'
%Warning-UNUSEDSIGNAL: /tmp/flexsoc-repack/uart_master/runs/uart_master/dev/rtl/uart_core.sv:49:19: Signal is not driven, nor used: 'rx_fifo_depth_changed'
%Warning-UNUSEDSIGNAL: /tmp/flexsoc-repack/uart_master/runs/uart_master/dev/rtl/uart_core.sv:49:42: Signal is not driven, nor used: 'uart_rxto_en'
%Warning-UNUSEDSIGNAL: /tmp/flexsoc-repack/uart_master/runs/uart_master/dev/rtl/uart_core.sv:63:19: Signal is not driven, nor used: 'break_err'
%Warning-UNUSEDSIGNAL: /tmp/flexsoc-repack/uart_master/runs/uart_master/dev/rtl/uart_core.sv:64:19: Signal is not driven, nor used: 'allzero_cnt_d'
%Warning-UNUSEDSIGNAL: /tmp/flexsoc-repack/uart_master/runs/uart_master/dev/rtl/uart_core.sv:64:34: Signal is not driven, nor used: 'allzero_cnt_q'
%Warning-UNUSEDSIGNAL: /tmp/flexsoc-repack/uart_master/runs/uart_master/dev/rtl/uart_core.sv:65:19: Signal is not driven, nor used: 'allzero_err'
%Warning-UNUSEDSIGNAL: /tmp/flexsoc-repack/uart_master/runs/uart_master/dev/rtl/uart_core.sv:65:32: Signal is not driven, nor used: 'not_allzero_char'
%Warning-UNUSEDSIGNAL: /tmp/flexsoc-repack/uart_master/runs/uart_master/dev/rtl/uart_core.sv:66:19: Signal is not driven, nor used: 'event_tx_watermark'
%Warning-UNUSEDSIGNAL: /tmp/flexsoc-repack/uart_master/runs/uart_master/dev/rtl/uart_core.sv:66:39: Signal is not driven, nor used: 'event_tx_empty'
%Warning-UNUSEDSIGNAL: /tmp/flexsoc-repack/uart_master/runs/uart_master/dev/rtl/uart_core.sv:66:55: Signal is not driven, nor used: 'event_rx_watermark'
%Warning-UNUSEDSIGNAL: /tmp/flexsoc-repack/uart_master/runs/uart_master/dev/rtl/uart_core.sv:66:75: Signal is not driven, nor used: 'event_tx_done'
%Warning-UNUSEDSIGNAL: /tmp/flexsoc-repack/uart_master/runs/uart_master/dev/rtl/uart_core.sv:67:19: Signal is not driven, nor used: 'event_rx_overflow'
%Warning-UNUSEDSIGNAL: /tmp/flexsoc-repack/uart_master/runs/uart_master/dev/rtl/uart_core.sv:67:58: Signal is not driven, nor used: 'event_rx_break_err'
%Warning-UNUSEDSIGNAL: /tmp/flexsoc-repack/uart_master/runs/uart_master/dev/rtl/uart_core.sv:67:78: Signal is not driven, nor used: 'event_rx_timeout'
%Warning-UNUSEDSIGNAL: /tmp/flexsoc-repack/uart_master/runs/uart_master/dev/rtl/uart_core.sv:69:19: Signal is not driven, nor used: 'tx_uart_idle_q'
%Warning-UNUSEDPARAM: /tmp/flexsoc-repack/uart_master/runs/uart_master/dev/rtl/uart_host_bridge.sv:34:19: Parameter is not used: 'OP_RD'
%Warning-UNUSEDPARAM: /tmp/flexsoc-repack/uart_master/runs/uart_master/dev/rtl/uart_master_reg_pkg.sv:157:25: Parameter is not used: 'UART_MASTER_STATUS_RESVAL'
%Warning-UNUSEDPARAM: /tmp/flexsoc-repack/uart_master/runs/uart_master/dev/rtl/uart_master_reg_pkg.sv:158:25: Parameter is not used: 'UART_MASTER_STATUS_TXEMPTY_RESVAL'
%Warning-UNUSEDPARAM: /tmp/flexsoc-repack/uart_master/runs/uart_master/dev/rtl/uart_master_reg_pkg.sv:159:25: Parameter is not used: 'UART_MASTER_STATUS_TXIDLE_RESVAL'
%Warning-UNUSEDPARAM: /tmp/flexsoc-repack/uart_master/runs/uart_master/dev/rtl/uart_master_reg_pkg.sv:160:25: Parameter is not used: 'UART_MASTER_STATUS_RXIDLE_RESVAL'
%Warning-UNUSEDPARAM: /tmp/flexsoc-repack/uart_master/runs/uart_master/dev/rtl/uart_master_reg_pkg.sv:161:25: Parameter is not used: 'UART_MASTER_STATUS_RXEMPTY_RESVAL'
%Warning-UNUSEDPARAM: /tmp/flexsoc-repack/uart_master/runs/uart_master/dev/rtl/uart_master_reg_pkg.sv:162:25: Parameter is not used: 'UART_MASTER_RDATA_RESVAL'
%Warning-UNUSEDPARAM: /tmp/flexsoc-repack/uart_master/runs/uart_master/dev/rtl/uart_master_reg_pkg.sv:163:26: Parameter is not used: 'UART_MASTER_FIFO_STATUS_RESVAL'
