analysis=power_analysis corner=ss stage=post_syn
workload=random_seed_1_sv_ss
gls_report=/home/eneadim/github/flexsoc/workspace/runs/uart/dev/dv/functional/sim/post_syn/ihp-sg13g2/uart_post_syn_random_seed_1_sv_ss.json
activity_file=/home/eneadim/github/flexsoc/workspace/runs/uart/dev/signoff/ihp-sg13g2/power/activity/captures/uart_ihp-sg13g2_random_seed_1_sv_ss.vcd
activity_scope=uart_tb/u_uart
liberty=/home/eneadim/github/flexsoc/.flexsoc/pdks/ihp-sg13g2/ihp-sg13g2/libs.ref/sg13g2_stdcell/lib/sg13g2_stdcell_slow_1p35V_125C.lib
netlist=/home/eneadim/github/flexsoc/workspace/runs/uart/dev/syn/ihp-sg13g2/uart_synth.v
sdc=/home/eneadim/github/flexsoc/workspace/runs/uart/dev/signoff/ihp-sg13g2/uart.sdc
spef=

=== Units ===
 time 1ns
 capacitance 1pF
 resistance 1kohm
 voltage 1v
 current 1uA
 power 1pW
 distance 1um

=== Constraint validation ===

=== Activity annotation ===
annotated_percent=100.00%
Unannotated pins: none

=== Power summary ===
Group                  Internal  Switching    Leakage      Total
                          Power      Power      Power      Power (Watts)
----------------------------------------------------------------
Sequential             2.45e-03   1.95e-06   1.23e-06   2.45e-03  99.6%
Combinational          4.16e-06   3.71e-06   9.58e-07   8.83e-06   0.4%
Clock                  0.00e+00   0.00e+00   0.00e+00   0.00e+00   0.0%
Macro                  0.00e+00   0.00e+00   0.00e+00   0.00e+00   0.0%
Pad                    0.00e+00   0.00e+00   0.00e+00   0.00e+00   0.0%
----------------------------------------------------------------
Total                  2.45e-03   5.66e-06   2.18e-06   2.46e-03 100.0%
                          99.7%       0.2%       0.1%

=== Highest-power instances ===
   Internal  Switching    Leakage      Total
      Power      Power      Power      Power (Watts)
--------------------------------------------
   9.49e-06   7.32e-07   3.98e-09   1.02e-05 _2868_
   9.49e-06   3.19e-07   3.98e-09   9.81e-06 _2867_
   8.46e-06   2.11e-07   3.98e-09   8.67e-06 _2808_
   8.65e-06   4.05e-09   3.98e-09   8.66e-06 _2852_
   8.65e-06   3.15e-09   3.98e-09   8.65e-06 _2866_
   8.65e-06   8.10e-10   3.97e-09   8.65e-06 _2858_
   8.65e-06   7.27e-10   3.97e-09   8.65e-06 _2856_
   8.64e-06   1.52e-09   3.98e-09   8.65e-06 _2853_
   8.64e-06   2.43e-09   3.98e-09   8.65e-06 _2860_
   8.64e-06   2.68e-09   3.98e-09   8.65e-06 _2864_
   8.64e-06   3.17e-09   3.98e-09   8.65e-06 _2862_
   8.64e-06   5.91e-10   3.97e-09   8.65e-06 _2857_
   8.61e-06   3.95e-10   3.98e-09   8.62e-06 _3103_
   8.61e-06   3.95e-10   3.98e-09   8.62e-06 _3113_
   8.61e-06   3.88e-10   3.98e-09   8.62e-06 _3121_
   8.61e-06   2.94e-10   3.98e-09   8.62e-06 _3110_
   8.61e-06   2.91e-10   3.98e-09   8.62e-06 _3115_
   8.61e-06   2.90e-10   3.98e-09   8.62e-06 _3101_
   8.61e-06   2.90e-10   3.98e-09   8.62e-06 _3105_
   8.61e-06   2.90e-10   3.98e-09   8.62e-06 _3107_

=== FlexSoC normalized power fields ===
dynamic_power_definition=internal_power+switching_power
power_unit=OpenSTA report unit; see Units section
internal_power=0.00245
switching_power=5.66e-06
dynamic_power=0.00245566
leakage_power=2.18e-06
total_power=0.00246
