analysis=power_analysis corner=ff stage=post_syn
workload=rotate_45deg_sv_ff
gls_report=/home/eneadim/github/flexsoc/runs/cordic/refresh_tlul/dv/functional/sim/post_syn/ihp-sg13g2/cordic_post_syn_rotate_45deg_sv_ff.json
activity_file=/home/eneadim/github/flexsoc/runs/cordic/refresh_tlul/signoff/ihp-sg13g2/power/activity/captures/cordic_ihp-sg13g2_rotate_45deg_sv_ff.vcd
activity_scope=cordic_tb/u_cordic
liberty=/home/eneadim/github/flexsoc/.flexsoc/pdks/ihp-sg13g2/ihp-sg13g2/libs.ref/sg13g2_stdcell/lib/sg13g2_stdcell_fast_1p65V_m40C.lib
netlist=/home/eneadim/github/flexsoc/runs/cordic/refresh_tlul/syn/ihp-sg13g2/cordic_synth.v
sdc=/home/eneadim/github/flexsoc/runs/cordic/refresh_tlul/constraints/cordic.sdc
spef=

=== Units ===
 time 1ns
 capacitance 1pF
 resistance 1kohm
 voltage 1v
 current 1uA
 power 1pW
 distance 1um

=== Constraint validation ===

=== Activity annotation ===
annotated_percent=100.00%
Unannotated pins: none

=== Power summary ===
Group                  Internal  Switching    Leakage      Total
                          Power      Power      Power      Power (Watts)
----------------------------------------------------------------
Sequential             3.13e-03   1.66e-05   1.42e-06   3.15e-03  92.0%
Combinational          1.22e-04   1.49e-04   2.73e-06   2.74e-04   8.0%
Clock                  0.00e+00   0.00e+00   0.00e+00   0.00e+00   0.0%
Macro                  0.00e+00   0.00e+00   0.00e+00   0.00e+00   0.0%
Pad                    0.00e+00   0.00e+00   0.00e+00   0.00e+00   0.0%
----------------------------------------------------------------
Total                  3.25e-03   1.66e-04   4.16e-06   3.42e-03 100.0%
                          95.0%       4.8%       0.1%

=== FlexSoC normalized power fields ===
dynamic_power_definition=internal_power+switching_power
power_unit=OpenSTA report unit; see Units section
internal_power=0.00325
switching_power=0.000166
dynamic_power=0.0034159999999999998
leakage_power=4.16e-06
total_power=0.00342
