analysis=power_analysis corner=tt stage=post_syn
workload=smoke_sv_tt
gls_report=/home/eneadim/github/flexsoc/runs/uart_master/refresh_tlul_repo/dv/functional/sim/post_syn/ihp-sg13g2/uart_master_post_syn_smoke_sv_tt.json
activity_file=/home/eneadim/github/flexsoc/runs/uart_master/refresh_tlul_repo/signoff/ihp-sg13g2/power/activity/captures/uart_master_ihp-sg13g2_smoke_sv_tt.vcd
activity_scope=uart_master_tb/u_uart_master
liberty=/home/eneadim/github/flexsoc/.flexsoc/pdks/ihp-sg13g2/ihp-sg13g2/libs.ref/sg13g2_stdcell/lib/sg13g2_stdcell_typ_1p50V_25C.lib
netlist=/home/eneadim/github/flexsoc/runs/uart_master/refresh_tlul_repo/syn/ihp-sg13g2/uart_master_synth.v
sdc=/home/eneadim/github/flexsoc/runs/uart_master/refresh_tlul_repo/constraints/uart_master.sdc
spef=

=== Units ===
 time 1ns
 capacitance 1pF
 resistance 1kohm
 voltage 1v
 current 1uA
 power 1pW
 distance 1um

=== Constraint validation ===

=== Activity annotation ===
annotated_percent=100.00%
Unannotated pins: none

=== Power summary ===
Group                  Internal  Switching    Leakage      Total
                          Power      Power      Power      Power (Watts)
----------------------------------------------------------------
Sequential             4.18e-03   1.05e-05   7.22e-07   4.19e-03  99.0%
Combinational          2.03e-05   2.33e-05   6.63e-07   4.43e-05   1.0%
Clock                  0.00e+00   0.00e+00   0.00e+00   0.00e+00   0.0%
Macro                  0.00e+00   0.00e+00   0.00e+00   0.00e+00   0.0%
Pad                    0.00e+00   0.00e+00   0.00e+00   0.00e+00   0.0%
----------------------------------------------------------------
Total                  4.20e-03   3.38e-05   1.39e-06   4.24e-03 100.0%
                          99.2%       0.8%       0.0%

=== FlexSoC normalized power fields ===
dynamic_power_definition=internal_power+switching_power
power_unit=OpenSTA report unit; see Units section
internal_power=0.0042
switching_power=3.38e-05
dynamic_power=0.004233799999999999
leakage_power=1.39e-06
total_power=0.00424
