%Warning-PINCONNECTEMPTY: /home/eneadim/github/flexsoc/runs/uart_master/refresh_tlul_repo/rtl/uart_master_reg_core.sv:149:6: Instance pin connected by name with empty reference: 'qe'
%Warning-PINCONNECTEMPTY: /home/eneadim/github/flexsoc/runs/uart_master/refresh_tlul_repo/rtl/uart_master_reg_core.sv:151:6: Instance pin connected by name with empty reference: 'ds'
%Warning-PINCONNECTEMPTY: /home/eneadim/github/flexsoc/runs/uart_master/refresh_tlul_repo/rtl/uart_master_reg_core.sv:176:6: Instance pin connected by name with empty reference: 'qe'
%Warning-PINCONNECTEMPTY: /home/eneadim/github/flexsoc/runs/uart_master/refresh_tlul_repo/rtl/uart_master_reg_core.sv:178:6: Instance pin connected by name with empty reference: 'ds'
%Warning-PINCONNECTEMPTY: /home/eneadim/github/flexsoc/runs/uart_master/refresh_tlul_repo/rtl/uart_master_reg_core.sv:203:6: Instance pin connected by name with empty reference: 'qe'
%Warning-PINCONNECTEMPTY: /home/eneadim/github/flexsoc/runs/uart_master/refresh_tlul_repo/rtl/uart_master_reg_core.sv:205:6: Instance pin connected by name with empty reference: 'ds'
%Warning-PINCONNECTEMPTY: /home/eneadim/github/flexsoc/runs/uart_master/refresh_tlul_repo/rtl/uart_master_reg_core.sv:230:6: Instance pin connected by name with empty reference: 'qe'
%Warning-PINCONNECTEMPTY: /home/eneadim/github/flexsoc/runs/uart_master/refresh_tlul_repo/rtl/uart_master_reg_core.sv:232:6: Instance pin connected by name with empty reference: 'ds'
%Warning-PINCONNECTEMPTY: /home/eneadim/github/flexsoc/runs/uart_master/refresh_tlul_repo/rtl/uart_master_reg_core.sv:257:6: Instance pin connected by name with empty reference: 'qe'
%Warning-PINCONNECTEMPTY: /home/eneadim/github/flexsoc/runs/uart_master/refresh_tlul_repo/rtl/uart_master_reg_core.sv:259:6: Instance pin connected by name with empty reference: 'ds'
%Warning-PINCONNECTEMPTY: /home/eneadim/github/flexsoc/runs/uart_master/refresh_tlul_repo/rtl/uart_master_reg_core.sv:284:6: Instance pin connected by name with empty reference: 'qe'
%Warning-PINCONNECTEMPTY: /home/eneadim/github/flexsoc/runs/uart_master/refresh_tlul_repo/rtl/uart_master_reg_core.sv:286:6: Instance pin connected by name with empty reference: 'ds'
%Warning-PINCONNECTEMPTY: /home/eneadim/github/flexsoc/runs/uart_master/refresh_tlul_repo/rtl/uart_master_reg_core.sv:311:6: Instance pin connected by name with empty reference: 'qe'
%Warning-PINCONNECTEMPTY: /home/eneadim/github/flexsoc/runs/uart_master/refresh_tlul_repo/rtl/uart_master_reg_core.sv:313:6: Instance pin connected by name with empty reference: 'ds'
%Warning-PINCONNECTEMPTY: /home/eneadim/github/flexsoc/runs/uart_master/refresh_tlul_repo/rtl/uart_master_reg_core.sv:338:6: Instance pin connected by name with empty reference: 'qe'
%Warning-PINCONNECTEMPTY: /home/eneadim/github/flexsoc/runs/uart_master/refresh_tlul_repo/rtl/uart_master_reg_core.sv:340:6: Instance pin connected by name with empty reference: 'ds'
%Warning-PINCONNECTEMPTY: /home/eneadim/github/flexsoc/runs/uart_master/refresh_tlul_repo/rtl/uart_master_reg_core.sv:357:6: Instance pin connected by name with empty reference: 'qe'
%Warning-PINCONNECTEMPTY: /home/eneadim/github/flexsoc/runs/uart_master/refresh_tlul_repo/rtl/uart_master_reg_core.sv:359:6: Instance pin connected by name with empty reference: 'ds'
%Warning-PINCONNECTEMPTY: /home/eneadim/github/flexsoc/runs/uart_master/refresh_tlul_repo/rtl/uart_master_reg_core.sv:372:6: Instance pin connected by name with empty reference: 'qe'
%Warning-PINCONNECTEMPTY: /home/eneadim/github/flexsoc/runs/uart_master/refresh_tlul_repo/rtl/uart_master_reg_core.sv:374:6: Instance pin connected by name with empty reference: 'ds'
%Warning-PINCONNECTEMPTY: /home/eneadim/github/flexsoc/runs/uart_master/refresh_tlul_repo/rtl/uart_master_reg_core.sv:387:6: Instance pin connected by name with empty reference: 'qe'
%Warning-PINCONNECTEMPTY: /home/eneadim/github/flexsoc/runs/uart_master/refresh_tlul_repo/rtl/uart_master_reg_core.sv:389:6: Instance pin connected by name with empty reference: 'ds'
%Warning-PINCONNECTEMPTY: /home/eneadim/github/flexsoc/runs/uart_master/refresh_tlul_repo/rtl/uart_master_reg_core.sv:402:6: Instance pin connected by name with empty reference: 'qe'
%Warning-PINCONNECTEMPTY: /home/eneadim/github/flexsoc/runs/uart_master/refresh_tlul_repo/rtl/uart_master_reg_core.sv:404:6: Instance pin connected by name with empty reference: 'ds'
%Warning-PINCONNECTEMPTY: /home/eneadim/github/flexsoc/runs/uart_master/refresh_tlul_repo/rtl/uart_master_reg_core.sv:417:6: Instance pin connected by name with empty reference: 'qe'
%Warning-PINCONNECTEMPTY: /home/eneadim/github/flexsoc/runs/uart_master/refresh_tlul_repo/rtl/uart_master_reg_core.sv:419:6: Instance pin connected by name with empty reference: 'ds'
%Warning-PINCONNECTEMPTY: /home/eneadim/github/flexsoc/runs/uart_master/refresh_tlul_repo/rtl/uart_master_reg_core.sv:432:6: Instance pin connected by name with empty reference: 'qe'
%Warning-PINCONNECTEMPTY: /home/eneadim/github/flexsoc/runs/uart_master/refresh_tlul_repo/rtl/uart_master_reg_core.sv:434:6: Instance pin connected by name with empty reference: 'ds'
%Warning-PINCONNECTEMPTY: /home/eneadim/github/flexsoc/runs/uart_master/refresh_tlul_repo/rtl/uart_master_reg_core.sv:448:6: Instance pin connected by name with empty reference: 'qe'
%Warning-PINCONNECTEMPTY: /home/eneadim/github/flexsoc/runs/uart_master/refresh_tlul_repo/rtl/uart_master_reg_core.sv:450:6: Instance pin connected by name with empty reference: 'ds'
%Warning-PINCONNECTEMPTY: /home/eneadim/github/flexsoc/runs/uart_master/refresh_tlul_repo/rtl/uart_master_reg_core.sv:487:6: Instance pin connected by name with empty reference: 'ds'
%Warning-PINCONNECTEMPTY: /home/eneadim/github/flexsoc/runs/uart_master/refresh_tlul_repo/rtl/uart_master_reg_core.sv:490:6: Instance pin connected by name with empty reference: 'qs'
%Warning-PINCONNECTEMPTY: /home/eneadim/github/flexsoc/runs/uart_master/refresh_tlul_repo/rtl/uart_master_reg_core.sv:528:6: Instance pin connected by name with empty reference: 'ds'
%Warning-PINCONNECTEMPTY: /home/eneadim/github/flexsoc/runs/uart_master/refresh_tlul_repo/rtl/uart_master_reg_core.sv:531:6: Instance pin connected by name with empty reference: 'qs'
%Warning-PINCONNECTEMPTY: /home/eneadim/github/flexsoc/runs/uart_master/refresh_tlul_repo/rtl/uart_master_reg_core.sv:556:6: Instance pin connected by name with empty reference: 'ds'
%Warning-PINCONNECTEMPTY: /home/eneadim/github/flexsoc/runs/uart_master/refresh_tlul_repo/rtl/uart_master_reg_core.sv:559:6: Instance pin connected by name with empty reference: 'qs'
%Warning-PINCONNECTEMPTY: /home/eneadim/github/flexsoc/runs/uart_master/refresh_tlul_repo/rtl/uart_master_reg_core.sv:573:6: Instance pin connected by name with empty reference: 'qre'
%Warning-PINCONNECTEMPTY: /home/eneadim/github/flexsoc/runs/uart_master/refresh_tlul_repo/rtl/uart_master_reg_core.sv:574:6: Instance pin connected by name with empty reference: 'qe'
%Warning-PINCONNECTEMPTY: /home/eneadim/github/flexsoc/runs/uart_master/refresh_tlul_repo/rtl/uart_master_reg_core.sv:575:6: Instance pin connected by name with empty reference: 'q'
%Warning-PINCONNECTEMPTY: /home/eneadim/github/flexsoc/runs/uart_master/refresh_tlul_repo/rtl/uart_master_reg_core.sv:576:6: Instance pin connected by name with empty reference: 'ds'
%Warning-PINCONNECTEMPTY: /home/eneadim/github/flexsoc/runs/uart_master/refresh_tlul_repo/rtl/uart_master_reg_core.sv:588:6: Instance pin connected by name with empty reference: 'qre'
%Warning-PINCONNECTEMPTY: /home/eneadim/github/flexsoc/runs/uart_master/refresh_tlul_repo/rtl/uart_master_reg_core.sv:589:6: Instance pin connected by name with empty reference: 'qe'
%Warning-PINCONNECTEMPTY: /home/eneadim/github/flexsoc/runs/uart_master/refresh_tlul_repo/rtl/uart_master_reg_core.sv:590:6: Instance pin connected by name with empty reference: 'q'
%Warning-PINCONNECTEMPTY: /home/eneadim/github/flexsoc/runs/uart_master/refresh_tlul_repo/rtl/uart_master_reg_core.sv:591:6: Instance pin connected by name with empty reference: 'ds'
%Warning-PINCONNECTEMPTY: /home/eneadim/github/flexsoc/runs/uart_master/refresh_tlul_repo/rtl/uart_master_reg_top.sv:40:6: Instance pin connected by name with empty reference: 'intg_error_o'
%Warning-PINMISSING: /home/eneadim/github/flexsoc/runs/uart_master/refresh_tlul_repo/rtl/uart_master_reg_top.sv:51:24: Instance has missing pin: 'intg_err_o'
%Warning-PINCONNECTEMPTY: /home/eneadim/github/flexsoc/runs/uart_master/refresh_tlul_repo/rtl/uart_core.sv:131:6: Instance pin connected by name with empty reference: 'full_o'
%Warning-PINCONNECTEMPTY: /home/eneadim/github/flexsoc/runs/uart_master/refresh_tlul_repo/rtl/uart_core.sv:135:6: Instance pin connected by name with empty reference: 'err_o'
%Warning-PINCONNECTEMPTY: /home/eneadim/github/flexsoc/runs/uart_master/refresh_tlul_repo/rtl/uart_core.sv:231:6: Instance pin connected by name with empty reference: 'full_o'
%Warning-PINCONNECTEMPTY: /home/eneadim/github/flexsoc/runs/uart_master/refresh_tlul_repo/rtl/uart_core.sv:235:6: Instance pin connected by name with empty reference: 'err_o'
