analysis=power_analysis corner=ss stage=post_syn
workload=input_filter_sv_ss
gls_report=/tmp/flexsoc-ip-v1-release-20260914/gpio-reg_iface/runs/gpio/release/dv/functional/sim/post_syn/sky130/gpio_post_syn_input_filter_sv_ss.json
activity_file=/tmp/flexsoc-ip-v1-release-20260914/gpio-reg_iface/runs/gpio/release/signoff/sky130/power/activity/captures/gpio_sky130_input_filter_sv_ss.vcd
activity_scope=gpio_tb/u_gpio
liberty=/home/eneadim/github/flexsoc/.flexsoc/pdks/ciel/sky130/versions/f6eeac7dad085ffcc829ccfd721f7b4ce39edcf7/sky130A/libs.ref/sky130_fd_sc_hd/lib/sky130_fd_sc_hd__ss_n40C_1v76.lib
netlist=/tmp/flexsoc-ip-v1-release-20260914/gpio-reg_iface/runs/gpio/release/syn/sky130/gpio_synth.v
sdc=/tmp/flexsoc-ip-v1-release-20260914/gpio-reg_iface/runs/gpio/release/constraints/gpio.sdc
spef=

=== Units ===
 time 1ns
 capacitance 1pF
 resistance 1kohm
 voltage 1v
 current 1mA
 power 1nW
 distance 1um

=== Constraint validation ===

=== Activity annotation ===
annotated_percent=100.00%
Unannotated pins: none

=== Power summary ===
Group                  Internal  Switching    Leakage      Total
                          Power      Power      Power      Power (Watts)
----------------------------------------------------------------
Sequential             2.94e-04   1.91e-06   3.27e-10   2.96e-04  95.8%
Combinational          5.93e-06   6.90e-06   5.71e-10   1.28e-05   4.2%
Clock                  0.00e+00   0.00e+00   0.00e+00   0.00e+00   0.0%
Macro                  0.00e+00   0.00e+00   0.00e+00   0.00e+00   0.0%
Pad                    0.00e+00   0.00e+00   0.00e+00   0.00e+00   0.0%
----------------------------------------------------------------
Total                  3.00e-04   8.80e-06   8.98e-10   3.09e-04 100.0%
                          97.2%       2.8%       0.0%

=== FlexSoC normalized power fields ===
dynamic_power_definition=internal_power+switching_power
power_unit=OpenSTA report unit; see Units section
internal_power=0.0003
switching_power=8.8e-06
dynamic_power=0.00030879999999999997
leakage_power=8.98e-10
total_power=0.000309
