FlexSoC run check · uart
Technical FAIL · Provenance STALE

Flow
Main step                    Status 
RTL lint                     PASS   
CDC / RDC                    PASS   
Functional verification      PASS   
Formal verification          PASS   
Synthesis                    PASS   
RTL ↔ synthesis equivalence  MISSING
Pre-implementation sign-off  PASS   
Implementation / PnR         PASS   
Post Sign-Off                FAIL   
Run status: FAIL

Provenance
Setup                         State  Action      
cdc_rdc                       CLEAN  -           
cdc_rdc.setup                 CLEAN  -           
cocotb.setup                  CLEAN  -           
eqy.setup                     STALE  fx eqy.setup
formal.cover.setup            CLEAN  -           
formal.csr_cover.setup        CLEAN  -           
formal.csr_prove.setup        CLEAN  -           
formal.prove.setup            CLEAN  -           
formal_bmc                    CLEAN  -           
formal_cover                  CLEAN  -           
formal_csr_bmc                CLEAN  -           
formal_csr_cover              CLEAN  -           
formal_csr_prove              CLEAN  -           
formal_prove                  CLEAN  -           
fusion_analysis_all           CLEAN  -           
fusion_analysis_post_pnr_all  CLEAN  -           
lint_slang_suite              CLEAN  -           
lint_verilator_suite          CLEAN  -           
physical_signoff              CLEAN  -           
pnr                           CLEAN  -           
pnr.setup                     CLEAN  -           
power_analysis_all            CLEAN  -           
power_analysis_post_pnr_all   CLEAN  -           
power_estimate                CLEAN  -           
power_estimate_post_pnr       CLEAN  -           
regression                    CLEAN  -           
sdf                           CLEAN  -           
sdf_post_pnr                  CLEAN  -           
signoff.setup                 CLEAN  -           
signoff_post_pnr.setup        CLEAN  -           
sim_post_pnr_all              CLEAN  -           
sim_post_syn_all              CLEAN  -           
sta                           CLEAN  -           
sta_post_pnr                  CLEAN  -           
syn                           CLEAN  -           
syn.setup                     CLEAN  -           
tb.setup                      CLEAN  -           

RTL lint  Slang → Verilator
Tool       Status  Errors  Warnings  Latch  Width  Unused
slang      PASS         0         1      0      0       0
verilator  PASS         0       154      0      0      30

CDC / RDC  post-lint structural analysis
Status       PASS                                        
Domains      clocks=1 · resets=6 · sequential=73         
CDC          raw=0 · safe=0 · review=0 · warn=0 · error=0
RDC          raw=0 · safe=2 · review=0 · warn=0 · error=0
Obligations  0                                           
Report       dv/cdc_rdc/cdc_rdc.rpt                      

Functional verification
Status           PASS              
Generated tests  12                
sv logs          12                
cocotb logs      12                
Coverage all     5406/13824  39.11%
Coverage design  1691/2498  67.69% 
Test             SV    cocotb
auto_toggle      PASS  PASS  
corners          PASS  PASS  
fifo_reset       PASS  PASS  
line_loopback    PASS  PASS  
noise_filter     PASS  PASS  
parity_error     PASS  PASS  
parity_reconfig  PASS  PASS  
random_seed_1    PASS  PASS  
random_seed_2    PASS  PASS  
reconfig         PASS  PASS  
rx_fifo          PASS  PASS  
smoke            PASS  PASS  

Formal verification
Suite       Stage  Status  Time  Traces
csr         bmc    PASS      3s       0
csr         prove  PASS      0s       0
csr         cover  PASS      0s       6
properties  bmc    PASS      3s       0
properties  prove  PASS      0s       0
properties  cover  PASS      0s       8

Synthesis
Strategy         delay1                     
Netlist          syn/ihp-sg13g2/uart_synth.v
Cells            1879                       
Area             30743.4582                 
Sequential area  17733.9456                 
Errors           0                          
Warnings         0                          

Pre-implementation sign-off
SDF                    PASS · corners=3             
STA                    PASS · ideal clock · none    
Gate-level simulation  9/9  PASS · interconnect none
Power estimate         PASS                         
Activity power         9/9  PASS                    
Timing / power fusion  9/9  PASS                    
STA QoR
Corner  Mode   Status   WNS (ns)   TNS (ns)  Viol  Unconstr
ss      setup  PASS    +0.000000  +0.000000     0         0
ss      hold   PASS    +0.000000  +0.000000     0         0
tt      setup  PASS    +0.000000  +0.000000     0         0
tt      hold   PASS    +0.000000  +0.000000     0         0
ff      setup  PASS    +0.000000  +0.000000     0         0
ff      hold   PASS    +0.000000  +0.000000     0         0
GLS matrix
Test            min      typ      max  
corners       PASS sv  PASS sv  PASS sv
parity_error  PASS sv  PASS sv  PASS sv
smoke         PASS sv  PASS sv  PASS sv
Power estimate
Corner  Internal (mW)  Switching (mW)  Leakage (µW)  Total (mW)
ss             +2.920          +0.257        +2.900      +3.180
tt             +3.560          +0.341        +1.240      +3.910
ff             +4.260          +0.448        +3.900      +4.710
Activity power workloads
Workload            Test          Backend  Timing  Status
corners_sv_ff       corners         sv      min    PASS  
parity_error_sv_ff  parity_error    sv      min    PASS  
smoke_sv_ff         smoke           sv      min    PASS  
corners_sv_tt       corners         sv      typ    PASS  
parity_error_sv_tt  parity_error    sv      typ    PASS  
smoke_sv_tt         smoke           sv      typ    PASS  
corners_sv_ss       corners         sv      max    PASS  
parity_error_sv_ss  parity_error    sv      max    PASS  
smoke_sv_ss         smoke           sv      max    PASS  
Timing / power fusion workloads
Workload            Test          Backend  Timing  Status
corners_sv_ff       corners         sv      min    PASS  
parity_error_sv_ff  parity_error    sv      min    PASS  
smoke_sv_ff         smoke           sv      min    PASS  
corners_sv_tt       corners         sv      typ    PASS  
parity_error_sv_tt  parity_error    sv      typ    PASS  
smoke_sv_tt         smoke           sv      typ    PASS  
corners_sv_ss       corners         sv      max    PASS  
parity_error_sv_ss  parity_error    sv      max    PASS  
smoke_sv_ss         smoke           sv      max    PASS  

Implementation / PnR
Status           PASS                                        
Results          impl/ihp-sg13g2/results/ihp-sg13g2/uart/base
Final artifacts  5/5                                         
Log              logs/pnr/ihp-sg13g2/uart_pnr.log            

Post Sign-Off
Physical closure       FAIL                            
Route DRC              PASS                            
Antenna                PASS                            
GDS DRC                FAIL                            
LVS                    UNSUPPORTED                     
IR / PDN               UNSUPPORTED                     
SDF                    PASS · corners=3                
STA                    PASS · propagated clock · spef  
Gate-level simulation  9/9  PASS · interconnect enabled
Power estimate         PASS                            
Activity power         9/9  PASS                       
Timing / power fusion  9/9  PASS                       
STA QoR
Corner  Mode   Status   WNS (ns)   TNS (ns)  Viol  Unconstr
ss      setup  PASS    +0.000000  +0.000000     0         0
ss      hold   PASS    +0.000000  +0.000000     0         0
tt      setup  PASS    +0.000000  +0.000000     0         0
tt      hold   PASS    +0.000000  +0.000000     0         0
ff      setup  PASS    +0.000000  +0.000000     0         0
ff      hold   PASS    +0.000000  +0.000000     0         0
GLS matrix
Test            min      typ      max  
corners       PASS sv  PASS sv  PASS sv
parity_error  PASS sv  PASS sv  PASS sv
smoke         PASS sv  PASS sv  PASS sv
Power estimate
Corner  Internal (mW)  Switching (mW)  Leakage (µW)  Total (mW)
ss             +3.880          +0.915        +3.260      +4.800
tt             +4.860          +1.190        +1.380      +6.050
ff             +6.070          +1.530        +4.330      +7.600
Activity power workloads
Workload            Test          Backend  Timing  Status
corners_sv_ff       corners         sv      min    PASS  
parity_error_sv_ff  parity_error    sv      min    PASS  
smoke_sv_ff         smoke           sv      min    PASS  
corners_sv_tt       corners         sv      typ    PASS  
parity_error_sv_tt  parity_error    sv      typ    PASS  
smoke_sv_tt         smoke           sv      typ    PASS  
corners_sv_ss       corners         sv      max    PASS  
parity_error_sv_ss  parity_error    sv      max    PASS  
smoke_sv_ss         smoke           sv      max    PASS  
Timing / power fusion workloads
Workload            Test          Backend  Timing  Status
corners_sv_ff       corners         sv      min    PASS  
parity_error_sv_ff  parity_error    sv      min    PASS  
smoke_sv_ff         smoke           sv      min    PASS  
corners_sv_tt       corners         sv      typ    PASS  
parity_error_sv_tt  parity_error    sv      typ    PASS  
smoke_sv_tt         smoke           sv      typ    PASS  
corners_sv_ss       corners         sv      max    PASS  
parity_error_sv_ss  parity_error    sv      max    PASS  
smoke_sv_ss         smoke           sv      max    PASS  

Detailed metrics: /home/eneadim/github/flexsoc/hw/ips/uart/1.0.0/interfaces/.ip-save.uart.tlul.6vyh_nxj/tlul/meta/ihp-sg13g2/metrics.json
