
==========================================================================
floorplan final report_tns
--------------------------------------------------------------------------
tns max 0.00

==========================================================================
floorplan final report_wns
--------------------------------------------------------------------------
wns max 0.00

==========================================================================
floorplan final report_worst_slack
--------------------------------------------------------------------------
worst slack max 4.65

==========================================================================
floorplan final report_clock_min_period
--------------------------------------------------------------------------
core period_min = 5.35 fmax = 186.96

==========================================================================
floorplan final report_checks -path_delay min
--------------------------------------------------------------------------
Startpoint: rst_ni (input port clocked by core)
Endpoint: _1820_ (removal check against rising-edge clock core)
Path Group: asynchronous
Path Type: min

Fanout     Cap    Slew   Delay    Time   Description
-----------------------------------------------------------------------------
                  0.00    0.05    0.05   clock core (rise edge)
                          0.05    0.10   clock network delay (ideal)
                          0.00    0.10 ^ input external delay
     4    0.01    0.00    0.00    0.10 ^ rst_ni (in)
                                         rst_ni (net)
                  0.00    0.00    0.10 ^ _1820_/RESET_B (sky130_fd_sc_hd__dfrtp_1)
                                  0.10   data arrival time

                  0.00    0.05    0.05   clock core (rise edge)
                          0.05    0.10   clock network delay (ideal)
                          0.01    0.11   clock uncertainty
                          0.00    0.11   clock reconvergence pessimism
                                  0.11 ^ _1820_/CLK (sky130_fd_sc_hd__dfrtp_1)
                          0.30    0.41   library removal time
                                  0.41   data required time
-----------------------------------------------------------------------------
                                  0.41   data required time
                                 -0.10   data arrival time
-----------------------------------------------------------------------------
                                 -0.30   slack (VIOLATED)


Startpoint: rx_i (input port clocked by core)
Endpoint: _1800_ (rising edge-triggered flip-flop clocked by core)
Path Group: core
Path Type: min

Fanout     Cap    Slew   Delay    Time   Description
-----------------------------------------------------------------------------
                  0.00    0.05    0.05   clock core (rise edge)
                          0.05    0.10   clock network delay (ideal)
                          0.00    0.10 v input external delay
     2    0.00    0.00    0.00    0.10 v rx_i (in)
                                         rx_i (net)
                  0.00    0.00    0.10 v _1800_/D (sky130_fd_sc_hd__dfstp_2)
                                  0.10   data arrival time

                  0.00    0.05    0.05   clock core (rise edge)
                          0.05    0.10   clock network delay (ideal)
                          0.01    0.11   clock uncertainty
                          0.00    0.11   clock reconvergence pessimism
                                  0.11 ^ _1800_/CLK (sky130_fd_sc_hd__dfstp_2)
                          0.00    0.11   library hold time
                                  0.11   data required time
-----------------------------------------------------------------------------
                                  0.11   data required time
                                 -0.10   data arrival time
-----------------------------------------------------------------------------
                                  0.00   slack (VIOLATED)



==========================================================================
floorplan final report_checks -path_delay max
--------------------------------------------------------------------------
Startpoint: rst_ni (input port clocked by core)
Endpoint: _1820_ (recovery check against rising-edge clock core)
Path Group: asynchronous
Path Type: max

Fanout     Cap    Slew   Delay    Time   Description
-----------------------------------------------------------------------------
                  0.00    0.05    0.05   clock core (rise edge)
                          0.05    0.10   clock network delay (ideal)
                          2.00    2.10 ^ input external delay
     4    0.01    0.00    0.00    2.10 ^ rst_ni (in)
                                         rst_ni (net)
                  0.00    0.00    2.10 ^ _1820_/RESET_B (sky130_fd_sc_hd__dfrtp_1)
                                  2.10   data arrival time

                  0.00   10.05   10.05   clock core (rise edge)
                          0.05   10.10   clock network delay (ideal)
                         -0.02   10.08   clock uncertainty
                          0.00   10.08   clock reconvergence pessimism
                                 10.08 ^ _1820_/CLK (sky130_fd_sc_hd__dfrtp_1)
                          0.23   10.30   library recovery time
                                 10.30   data required time
-----------------------------------------------------------------------------
                                 10.30   data required time
                                 -2.10   data arrival time
-----------------------------------------------------------------------------
                                  8.20   slack (MET)


Startpoint: reg_req_i[36] (input port clocked by core)
Endpoint: reg_rsp_o[1] (output port clocked by core)
Path Group: core
Path Type: max

Fanout     Cap    Slew   Delay    Time   Description
-----------------------------------------------------------------------------
                  0.00    0.05    0.05   clock core (rise edge)
                          0.05    0.10   clock network delay (ideal)
                          2.00    2.10 ^ input external delay
     1    0.00    0.00    0.00    2.10 ^ reg_req_i[36] (in)
                                         reg_req_i[36] (net)
                  0.00    0.00    2.10 ^ _0982_/A (sky130_fd_sc_hd__nor2_1)
     2    0.00    0.03    0.03    2.13 v _0982_/Y (sky130_fd_sc_hd__nor2_1)
                                         _0559_ (net)
                  0.03    0.00    2.13 v _0984_/A (sky130_fd_sc_hd__nand2_1)
     4    0.02    0.16    0.13    2.26 ^ _0984_/Y (sky130_fd_sc_hd__nand2_1)
                                         _0561_ (net)
                  0.16    0.00    2.26 ^ _0987_/A (sky130_fd_sc_hd__inv_1)
     2    0.00    0.05    0.07    2.33 v _0987_/Y (sky130_fd_sc_hd__inv_1)
                                         _0564_ (net)
                  0.05    0.00    2.33 v _0991_/A (sky130_fd_sc_hd__nor2_1)
    14    0.04    0.65    0.52    2.85 ^ _0991_/Y (sky130_fd_sc_hd__nor2_1)
                                         u_uart_reg_reg_rsp_o_10_ (net)
                  0.65    0.00    2.85 ^ _0992_/A (sky130_fd_sc_hd__inv_2)
    21    0.04    0.21    0.25    3.10 v _0992_/Y (sky130_fd_sc_hd__inv_2)
                                         _0568_ (net)
                  0.21    0.00    3.10 v _1625_/A2 (sky130_fd_sc_hd__a21oi_1)
     1    0.00    0.11    0.19    3.29 ^ _1625_/Y (sky130_fd_sc_hd__a21oi_1)
                                         u_uart_reg_reg_rsp_o_1_ (net)
                  0.11    0.00    3.29 ^ _2074_/A (sky130_fd_sc_hd__buf_4)
     1    0.01    0.04    0.13    3.42 ^ _2074_/X (sky130_fd_sc_hd__buf_4)
                                         reg_rsp_o[1] (net)
                  0.04    0.00    3.42 ^ reg_rsp_o[1] (out)
                                  3.42   data arrival time

                  0.00   10.05   10.05   clock core (rise edge)
                          0.05   10.10   clock network delay (ideal)
                         -0.02   10.08   clock uncertainty
                          0.00   10.08   clock reconvergence pessimism
                         -2.00    8.08   output external delay
                                  8.08   data required time
-----------------------------------------------------------------------------
                                  8.08   data required time
                                 -3.42   data arrival time
-----------------------------------------------------------------------------
                                  4.65   slack (MET)



==========================================================================
floorplan final report_checks -unconstrained
--------------------------------------------------------------------------
Startpoint: rst_ni (input port clocked by core)
Endpoint: _1820_ (recovery check against rising-edge clock core)
Path Group: asynchronous
Path Type: max

Fanout     Cap    Slew   Delay    Time   Description
-----------------------------------------------------------------------------
                  0.00    0.05    0.05   clock core (rise edge)
                          0.05    0.10   clock network delay (ideal)
                          2.00    2.10 ^ input external delay
     4    0.01    0.00    0.00    2.10 ^ rst_ni (in)
                                         rst_ni (net)
                  0.00    0.00    2.10 ^ _1820_/RESET_B (sky130_fd_sc_hd__dfrtp_1)
                                  2.10   data arrival time

                  0.00   10.05   10.05   clock core (rise edge)
                          0.05   10.10   clock network delay (ideal)
                         -0.02   10.08   clock uncertainty
                          0.00   10.08   clock reconvergence pessimism
                                 10.08 ^ _1820_/CLK (sky130_fd_sc_hd__dfrtp_1)
                          0.23   10.30   library recovery time
                                 10.30   data required time
-----------------------------------------------------------------------------
                                 10.30   data required time
                                 -2.10   data arrival time
-----------------------------------------------------------------------------
                                  8.20   slack (MET)


Startpoint: reg_req_i[36] (input port clocked by core)
Endpoint: reg_rsp_o[1] (output port clocked by core)
Path Group: core
Path Type: max

Fanout     Cap    Slew   Delay    Time   Description
-----------------------------------------------------------------------------
                  0.00    0.05    0.05   clock core (rise edge)
                          0.05    0.10   clock network delay (ideal)
                          2.00    2.10 ^ input external delay
     1    0.00    0.00    0.00    2.10 ^ reg_req_i[36] (in)
                                         reg_req_i[36] (net)
                  0.00    0.00    2.10 ^ _0982_/A (sky130_fd_sc_hd__nor2_1)
     2    0.00    0.03    0.03    2.13 v _0982_/Y (sky130_fd_sc_hd__nor2_1)
                                         _0559_ (net)
                  0.03    0.00    2.13 v _0984_/A (sky130_fd_sc_hd__nand2_1)
     4    0.02    0.16    0.13    2.26 ^ _0984_/Y (sky130_fd_sc_hd__nand2_1)
                                         _0561_ (net)
                  0.16    0.00    2.26 ^ _0987_/A (sky130_fd_sc_hd__inv_1)
     2    0.00    0.05    0.07    2.33 v _0987_/Y (sky130_fd_sc_hd__inv_1)
                                         _0564_ (net)
                  0.05    0.00    2.33 v _0991_/A (sky130_fd_sc_hd__nor2_1)
    14    0.04    0.65    0.52    2.85 ^ _0991_/Y (sky130_fd_sc_hd__nor2_1)
                                         u_uart_reg_reg_rsp_o_10_ (net)
                  0.65    0.00    2.85 ^ _0992_/A (sky130_fd_sc_hd__inv_2)
    21    0.04    0.21    0.25    3.10 v _0992_/Y (sky130_fd_sc_hd__inv_2)
                                         _0568_ (net)
                  0.21    0.00    3.10 v _1625_/A2 (sky130_fd_sc_hd__a21oi_1)
     1    0.00    0.11    0.19    3.29 ^ _1625_/Y (sky130_fd_sc_hd__a21oi_1)
                                         u_uart_reg_reg_rsp_o_1_ (net)
                  0.11    0.00    3.29 ^ _2074_/A (sky130_fd_sc_hd__buf_4)
     1    0.01    0.04    0.13    3.42 ^ _2074_/X (sky130_fd_sc_hd__buf_4)
                                         reg_rsp_o[1] (net)
                  0.04    0.00    3.42 ^ reg_rsp_o[1] (out)
                                  3.42   data arrival time

                  0.00   10.05   10.05   clock core (rise edge)
                          0.05   10.10   clock network delay (ideal)
                         -0.02   10.08   clock uncertainty
                          0.00   10.08   clock reconvergence pessimism
                         -2.00    8.08   output external delay
                                  8.08   data required time
-----------------------------------------------------------------------------
                                  8.08   data required time
                                 -3.42   data arrival time
-----------------------------------------------------------------------------
                                  4.65   slack (MET)



==========================================================================
floorplan final report_power
--------------------------------------------------------------------------
Group                  Internal  Switching    Leakage      Total
                          Power      Power      Power      Power (Watts)
----------------------------------------------------------------
Sequential             1.60e-03   8.39e-05   3.22e-09   1.69e-03  71.5%
Combinational          3.15e-04   3.57e-04   2.13e-09   6.72e-04  28.5%
Clock                  0.00e+00   0.00e+00   0.00e+00   0.00e+00   0.0%
Macro                  0.00e+00   0.00e+00   0.00e+00   0.00e+00   0.0%
Pad                    0.00e+00   0.00e+00   0.00e+00   0.00e+00   0.0%
----------------------------------------------------------------
Total                  1.92e-03   4.41e-04   5.35e-09   2.36e-03 100.0%
                          81.3%      18.7%       0.0%
