FlexSoC run check · gpio
Technical REVIEW · Provenance CLEAN

Flow
Main step                    Status    
RTL lint                     PASS      
CDC / RDC                    REVIEW    
Functional verification      PASS      
Formal verification          PASS      
Synthesis                    PASS      
RTL ↔ synthesis equivalence  PASS      
Pre-implementation sign-off  PASS      
Implementation / PnR         MISSING   
Post Sign-Off                INCOMPLETE
Run status: REVIEW

Provenance
Setup          State  Action
setup_cocotb   CLEAN  -     
setup_eqy      CLEAN  -     
setup_signoff  CLEAN  -     
setup_syn      CLEAN  -     
setup_tb       CLEAN  -     

RTL lint  Slang → Verilator
Tool       Status  Errors  Warnings  Latch  Width  Unused
slang      PASS         0         0      0      0       0
verilator  PASS         0        82      0      0       0

CDC / RDC  post-lint structural analysis
Status       REVIEW                                      
Domains      clocks=1 · resets=1 · sequential=34         
CDC          raw=0 · safe=0 · review=0 · warn=0 · error=0
RDC          raw=0 · safe=0 · review=1 · warn=0 · error=0
Obligations  1                                           
Log          logs/analysis/cdc_rdc/cdc_rdc.log           

Functional verification
Status           PASS              
Generated tests  8                 
sv logs          8                 
cocotb logs      8                 
Coverage all     3522/11009  31.99%
Coverage design  444/682  65.10%   

Formal verification
Suite       Stage  Status  Time  Traces
csr         bmc    PASS      1s       0
csr         prove  PASS      0s       0
csr         cover  PASS      0s       2
properties  bmc    PASS      0s       0
properties  prove  PASS      0s       0
properties  cover  PASS      0s       8

Synthesis
Strategy         delay1                     
Netlist          syn/ihp-sg13g2/gpio_synth.v
Cells            460                        
Area             7993.188                   
Sequential area  4800.9024                  
Errors           0                          
Warnings         0                          

RTL ↔ synthesis equivalence
Status             PASS                                                   
Partitions proven  7/7  100.00%                                           
Partitions failed  0                                                      
Engine errors      0                                                      
Timeouts           0                                                      
Unknown            0                                                      
Strategy sat       5/7 proven                                             
Strategy pdr       2/2 proven                                             
Log                logs/signoff/ihp-sg13g2/equivalence/gpio_rtl_vs_syn.log

Pre-implementation sign-off
SDF                    PASS · corners=3               
STA                    PASS · ideal clock · none      
Gate-level simulation  40/40  PASS · interconnect none
Power estimate         PASS                           
Activity power         24/24  PASS                    
Timing / power fusion  24/24  PASS                    

Detailed metrics: /home/eneadim/github/flexsoc/hw/ips/.ip-save.gpio.tbj2tfsy/gpio/meta/ihp-sg13g2/metrics.json
