analysis=power_analysis corner=ss stage=post_syn
workload=corners_sv_ss
gls_report=/tmp/flexsoc-uart-interface-contract-20260914/axi_lite/runs/uart/contract/dv/functional/sim/post_syn/sky130/uart_post_syn_corners_sv_ss.json
activity_file=/tmp/flexsoc-uart-interface-contract-20260914/axi_lite/runs/uart/contract/signoff/sky130/power/activity/captures/uart_sky130_corners_sv_ss.vcd
activity_scope=uart_tb/u_uart
liberty=/home/eneadim/github/flexsoc/.flexsoc/pdks/ciel/sky130/versions/f6eeac7dad085ffcc829ccfd721f7b4ce39edcf7/sky130A/libs.ref/sky130_fd_sc_hd/lib/sky130_fd_sc_hd__ss_n40C_1v76.lib
netlist=/tmp/flexsoc-uart-interface-contract-20260914/axi_lite/runs/uart/contract/syn/sky130/uart_synth.v
sdc=/tmp/flexsoc-uart-interface-contract-20260914/axi_lite/runs/uart/contract/constraints/uart.sdc
spef=

=== Units ===
 time 1ns
 capacitance 1pF
 resistance 1kohm
 voltage 1v
 current 1mA
 power 1nW
 distance 1um

=== Constraint validation ===

=== Activity annotation ===
annotated_percent=100.00%
Unannotated pins: none

=== Power summary ===
Group                  Internal  Switching    Leakage      Total
                          Power      Power      Power      Power (Watts)
----------------------------------------------------------------
Sequential             1.97e-03   3.11e-06   2.62e-09   1.98e-03  98.4%
Combinational          1.52e-05   1.65e-05   3.32e-09   3.17e-05   1.6%
Clock                  0.00e+00   0.00e+00   0.00e+00   0.00e+00   0.0%
Macro                  0.00e+00   0.00e+00   0.00e+00   0.00e+00   0.0%
Pad                    0.00e+00   0.00e+00   0.00e+00   0.00e+00   0.0%
----------------------------------------------------------------
Total                  1.99e-03   1.96e-05   5.95e-09   2.01e-03 100.0%
                          99.0%       1.0%       0.0%

=== FlexSoC normalized power fields ===
dynamic_power_definition=internal_power+switching_power
power_unit=OpenSTA report unit; see Units section
internal_power=0.00199
switching_power=1.96e-05
dynamic_power=0.0020096
leakage_power=5.95e-09
total_power=0.00201
