analysis=power_analysis corner=ff stage=post_syn
workload=reconfig_sv_ff
gls_report=/home/eneadim/github/flexsoc/workspace/runs/uart/dev/dv/functional/sim/post_syn/sky130/uart_post_syn_reconfig_sv_ff.json
activity_file=/home/eneadim/github/flexsoc/workspace/runs/uart/dev/signoff/sky130/power/activity/captures/uart_sky130_reconfig_sv_ff.vcd
activity_scope=uart_tb/u_uart
liberty=/home/eneadim/github/flexsoc/.flexsoc/pdks/ciel/sky130/versions/f6eeac7dad085ffcc829ccfd721f7b4ce39edcf7/sky130A/libs.ref/sky130_fd_sc_hd/lib/sky130_fd_sc_hd__ff_n40C_1v95_ccsnoise.lib
netlist=/home/eneadim/github/flexsoc/workspace/runs/uart/dev/syn/sky130/uart_synth.v
sdc=/home/eneadim/github/flexsoc/workspace/runs/uart/dev/signoff/sky130/uart.sdc
spef=

=== Units ===
 time 1ns
 capacitance 1pF
 resistance 1kohm
 voltage 1v
 current 1mA
 power 1nW
 distance 1um

=== Constraint validation ===

=== Activity annotation ===
annotated_percent=100.00%
Unannotated pins: none

=== Power summary ===
Group                  Internal  Switching    Leakage      Total
                          Power      Power      Power      Power (Watts)
----------------------------------------------------------------
Sequential             1.77e-03   3.32e-06   6.58e-09   1.78e-03  99.1%
Combinational          7.01e-06   8.83e-06   2.98e-09   1.58e-05   0.9%
Clock                  0.00e+00   0.00e+00   0.00e+00   0.00e+00   0.0%
Macro                  0.00e+00   0.00e+00   0.00e+00   0.00e+00   0.0%
Pad                    0.00e+00   0.00e+00   0.00e+00   0.00e+00   0.0%
----------------------------------------------------------------
Total                  1.78e-03   1.22e-05   9.57e-09   1.79e-03 100.0%
                          99.3%       0.7%       0.0%

=== Highest-power instances ===
   Internal  Switching    Leakage      Total
      Power      Power      Power      Power (Watts)
--------------------------------------------
   6.02e-06   1.33e-06   1.29e-11   7.35e-06 _1985_
   5.98e-06   4.63e-07   1.29e-11   6.45e-06 _1984_
   5.40e-06   4.38e-07   1.29e-11   5.84e-06 _1925_
   5.46e-06   2.27e-07   1.29e-11   5.68e-06 _1920_
   5.35e-06   1.14e-10   2.23e-11   5.35e-06 _2005_
   5.35e-06   8.56e-11   2.26e-11   5.35e-06 _1996_
   5.35e-06   1.14e-10   2.24e-11   5.35e-06 _2032_
   5.35e-06   8.56e-11   2.09e-11   5.35e-06 _2025_
   5.35e-06   1.16e-10   2.26e-11   5.35e-06 _2024_
   5.35e-06   8.56e-11   2.26e-11   5.35e-06 _2031_
   5.35e-06   0.00e+00   2.26e-11   5.35e-06 _2010_
   5.35e-06   0.00e+00   2.26e-11   5.35e-06 _2007_
   5.35e-06   0.00e+00   2.26e-11   5.35e-06 _2001_
   5.35e-06   0.00e+00   2.26e-11   5.35e-06 _2016_
   5.35e-06   0.00e+00   2.26e-11   5.35e-06 _2002_
   5.35e-06   0.00e+00   2.26e-11   5.35e-06 _2003_
   5.35e-06   0.00e+00   2.26e-11   5.35e-06 _2000_
   5.35e-06   0.00e+00   2.26e-11   5.35e-06 _1997_
   5.35e-06   0.00e+00   2.26e-11   5.35e-06 _2004_
   5.35e-06   0.00e+00   2.26e-11   5.35e-06 _1995_

=== FlexSoC normalized power fields ===
dynamic_power_definition=internal_power+switching_power
power_unit=OpenSTA report unit; see Units section
internal_power=0.00178
switching_power=1.22e-05
dynamic_power=0.0017921999999999999
leakage_power=9.57e-09
total_power=0.00179
