OpenROAD 26Q3-1305-gf552262465 
Features included (+) or not (-): +GPU +GUI +Python
This program is licensed under the BSD-3 license. See the LICENSE file for details.
Components of this program may be licensed under more restrictive licenses which must be honored.
[INFO ORD-0030] Using 12 thread(s).
read_liberty /home/eneadim/OpenROAD-flow-scripts/flow/platforms/sky130hd/lib/sky130_fd_sc_hd__tt_025C_1v80.lib
read_db /tmp/flexsoc-uart-interface-contract-20260914/tlul/runs/uart/contract/syn/sky130/repair_work/results/sky130hd/uart/base/1_synth.odb
read_sdc /tmp/flexsoc-uart-interface-contract-20260914/tlul/runs/uart/contract/syn/sky130/repair_work/results/sky130hd/uart/base/1_synth.sdc
source /home/eneadim/OpenROAD-flow-scripts/flow/platforms/sky130hd/setRC.tcl
Master sky130_ef_sc_hd__decap_12 is loaded but not used in the design

==========================================================================
Floorplan check_setup
--------------------------------------------------------------------------
number instances in verilog is 1425
[INFO IFP-0107] Defining die area using utilization: 50.00% and aspect ratio: 1.
[WARNING IFP-0028] Core area lower left (1.000, 1.000) snapped to (1.380, 2.720).
[INFO IFP-0001] Added 64 rows of 382 site unithd.
[INFO IFP-0100] Die BBox:  (  0.000  0.000 ) ( 178.350 178.350 ) um
[INFO IFP-0101] Core BBox: (  1.380  2.720 ) ( 177.100 176.800 ) um
[INFO IFP-0102] Core area:                        30589.338 um^2
[INFO IFP-0103] Total instances area:             15549.914 um^2
[INFO IFP-0104] Effective utilization:                0.508
[INFO IFP-0105] Number of instances:                   1425
source /home/eneadim/OpenROAD-flow-scripts/flow/platforms/sky130hd/make_tracks.tcl
source /home/eneadim/OpenROAD-flow-scripts/flow/platforms/sky130hd/fastroute.tcl
Repair tie lo fanout...
[INFO RSZ-0042] Inserted 22 tie sky130_fd_sc_hd__conb_1 instances.
Repair tie hi fanout...
[INFO RSZ-0042] Inserted 5 tie sky130_fd_sc_hd__conb_1 instances.
repair_timing -setup_margin 0 -hold_margin 0.1 -repair_tns 100 -match_cell_footprint -setup -skip_last_gasp -sequence unbuffer,sizeup,swap,vt_swap -verbose
[WARNING EST-0027] no estimated parasitics. Using wire load models.
[INFO RSZ-0100] Repair move sequence: UnbufferMove SizeUpMove SwapPinsMove 
[INFO RSZ-0098] No setup violations found
[INFO RSZ-0505] Runtime: 0.09s
Default units for flow
 time 1ns
 capacitance 1pF
 resistance 1kohm
 voltage 1v
 current 1mA
 power 1nW
 distance 1um
   Layer   | Unit Resistance | Unit Capacitance 
           |       (kohm/um) |          (pF/um)
------------------------------------------------
       li1 |        7.18e-02 |         1.50e-04
      met1 |        1.21e-03 |         1.72e-04
      met2 |        1.22e-03 |         1.36e-04
      met3 |        1.66e-04 |         2.15e-04
      met4 |        1.68e-04 |         1.48e-04
      met5 |        1.84e-05 |         1.54e-04
------------------------------------------------

   Layer   | Via Resistance 
           |         (kohm) 
----------------------------
      mcon |       9.25e-03 
       via |       4.50e-03 
      via2 |       3.37e-03 
      via3 |       3.77e-04 
      via4 |       5.80e-06 
----------------------------
Report metrics stage 2, floorplan final...

==========================================================================
floorplan final report_design_area
--------------------------------------------------------------------------
Design area 15644 um^2 51% utilization.
write_db /tmp/flexsoc-uart-interface-contract-20260914/tlul/runs/uart/contract/syn/sky130/repair_work/results/sky130hd/uart/base/2_1_floorplan.odb
write_sdc -no_timestamp /tmp/flexsoc-uart-interface-contract-20260914/tlul/runs/uart/contract/syn/sky130/repair_work/results/sky130hd/uart/base/2_1_floorplan.sdc
Elapsed time: 0:01.02[h:]min:sec. CPU time: user 0.95 sys 0.10 (103%). Peak memory: 144532KB.
Log                       Ext     Elapsed/s Peak Memory/MB sha1sum result [0:20)
2_1_floorplan             .odb            1            141 f8a5abbe668965388809
2_1_floorplan             .sdc                             738eb13f2dd73e07bdce
