analysis=power_analysis corner=tt stage=post_syn
workload=smoke_sv_tt
gls_report=/tmp/flexsoc-uart-interface-contract-20260914/axi_lite/runs/uart/contract/dv/functional/sim/post_syn/sky130/uart_post_syn_smoke_sv_tt.json
activity_file=/tmp/flexsoc-uart-interface-contract-20260914/axi_lite/runs/uart/contract/signoff/sky130/power/activity/captures/uart_sky130_smoke_sv_tt.vcd
activity_scope=uart_tb/u_uart
liberty=/home/eneadim/github/flexsoc/.flexsoc/pdks/ciel/sky130/versions/f6eeac7dad085ffcc829ccfd721f7b4ce39edcf7/sky130A/libs.ref/sky130_fd_sc_hd/lib/sky130_fd_sc_hd__tt_100C_1v80.lib
netlist=/tmp/flexsoc-uart-interface-contract-20260914/axi_lite/runs/uart/contract/syn/sky130/uart_synth.v
sdc=/tmp/flexsoc-uart-interface-contract-20260914/axi_lite/runs/uart/contract/constraints/uart.sdc
spef=

=== Units ===
 time 1ns
 capacitance 1pF
 resistance 1kohm
 voltage 1v
 current 1mA
 power 1nW
 distance 1um

=== Constraint validation ===

=== Activity annotation ===
annotated_percent=100.00%
Unannotated pins: none

=== Power summary ===
Group                  Internal  Switching    Leakage      Total
                          Power      Power      Power      Power (Watts)
----------------------------------------------------------------
Sequential             2.10e-03   5.32e-06   1.71e-06   2.11e-03  95.8%
Combinational          4.13e-05   4.93e-05   1.25e-06   9.19e-05   4.2%
Clock                  0.00e+00   0.00e+00   0.00e+00   0.00e+00   0.0%
Macro                  0.00e+00   0.00e+00   0.00e+00   0.00e+00   0.0%
Pad                    0.00e+00   0.00e+00   0.00e+00   0.00e+00   0.0%
----------------------------------------------------------------
Total                  2.15e-03   5.47e-05   2.96e-06   2.20e-03 100.0%
                          97.4%       2.5%       0.1%

=== FlexSoC normalized power fields ===
dynamic_power_definition=internal_power+switching_power
power_unit=OpenSTA report unit; see Units section
internal_power=0.00215
switching_power=5.47e-05
dynamic_power=0.0022047
leakage_power=2.96e-06
total_power=0.0022
