analysis=power_analysis corner=tt stage=post_syn
workload=corners_sv_tt
gls_report=/tmp/flexsoc-reference-uart/runs/uart/reference/dv/functional/sim/post_syn/ihp-sg13g2/uart_post_syn_corners_sv_tt.json
activity_file=/tmp/flexsoc-reference-uart/runs/uart/reference/signoff/ihp-sg13g2/power/activity/captures/uart_ihp-sg13g2_corners_sv_tt.vcd
activity_scope=uart_tb/u_uart
liberty=/home/eneadim/github/flexsoc/.flexsoc/pdks/ihp-sg13g2/ihp-sg13g2/libs.ref/sg13g2_stdcell/lib/sg13g2_stdcell_typ_1p50V_25C.lib
netlist=/tmp/flexsoc-reference-uart/runs/uart/reference/syn/ihp-sg13g2/uart_synth.v
sdc=/tmp/flexsoc-reference-uart/runs/uart/reference/signoff/ihp-sg13g2/uart.sdc
spef=

=== Units ===
 time 1ns
 capacitance 1pF
 resistance 1kohm
 voltage 1v
 current 1uA
 power 1pW
 distance 1um

=== Constraint validation ===

=== Activity annotation ===
annotated_percent=100.00%
Unannotated pins: none

=== Power summary ===
Group                  Internal  Switching    Leakage      Total
                          Power      Power      Power      Power (Watts)
----------------------------------------------------------------
Sequential             2.97e-03   5.17e-06   5.10e-07   2.98e-03  99.3%
Combinational          1.09e-05   9.87e-06   4.71e-07   2.12e-05   0.7%
Clock                  0.00e+00   0.00e+00   0.00e+00   0.00e+00   0.0%
Macro                  0.00e+00   0.00e+00   0.00e+00   0.00e+00   0.0%
Pad                    0.00e+00   0.00e+00   0.00e+00   0.00e+00   0.0%
----------------------------------------------------------------
Total                  2.98e-03   1.50e-05   9.81e-07   3.00e-03 100.0%
                          99.5%       0.5%       0.0%

=== FlexSoC normalized power fields ===
dynamic_power_definition=internal_power+switching_power
power_unit=OpenSTA report unit; see Units section
internal_power=0.00298
switching_power=1.5e-05
dynamic_power=0.002995
leakage_power=9.81e-07
total_power=0.003
