analysis=power_analysis corner=tt stage=post_syn
workload=smoke_sv_tt
gls_report=/tmp/flexsoc-repack/uart_master/runs/uart_master/dev/dv/functional/sim/post_syn/sky130/uart_master_post_syn_smoke_sv_tt.json
activity_file=/tmp/flexsoc-repack/uart_master/runs/uart_master/dev/signoff/sky130/power/activity/captures/uart_master_sky130_smoke_sv_tt.vcd
activity_scope=uart_master_tb/u_uart_master
liberty=/home/eneadim/github/flexsoc/.flexsoc/pdks/ciel/sky130/versions/f6eeac7dad085ffcc829ccfd721f7b4ce39edcf7/sky130A/libs.ref/sky130_fd_sc_hd/lib/sky130_fd_sc_hd__tt_100C_1v80.lib
netlist=/tmp/flexsoc-repack/uart_master/runs/uart_master/dev/syn/sky130/uart_master_synth.v
sdc=/tmp/flexsoc-repack/uart_master/runs/uart_master/dev/constraints/uart_master.sdc
spef=

=== Units ===
 time 1ns
 capacitance 1pF
 resistance 1kohm
 voltage 1v
 current 1mA
 power 1nW
 distance 1um

=== Constraint validation ===

=== Activity annotation ===
annotated_percent=100.00%
Unannotated pins: none

=== Power summary ===
Group                  Internal  Switching    Leakage      Total
                          Power      Power      Power      Power (Watts)
----------------------------------------------------------------
Sequential             2.20e-03   1.13e-05   1.80e-06   2.21e-03  97.8%
Combinational          2.28e-05   2.66e-05   1.10e-06   5.05e-05   2.2%
Clock                  0.00e+00   0.00e+00   0.00e+00   0.00e+00   0.0%
Macro                  0.00e+00   0.00e+00   0.00e+00   0.00e+00   0.0%
Pad                    0.00e+00   0.00e+00   0.00e+00   0.00e+00   0.0%
----------------------------------------------------------------
Total                  2.22e-03   3.78e-05   2.90e-06   2.26e-03 100.0%
                          98.2%       1.7%       0.1%

=== FlexSoC normalized power fields ===
dynamic_power_definition=internal_power+switching_power
power_unit=OpenSTA report unit; see Units section
internal_power=0.00222
switching_power=3.78e-05
dynamic_power=0.0022578000000000003
leakage_power=2.9e-06
total_power=0.00226
