analysis=power_analysis corner=tt stage=post_syn
workload=smoke_sv_tt
gls_report=/tmp/flexsoc-ip-v1-release-20260914/uart-tlul/runs/uart/release/dv/functional/sim/post_syn/ihp-sg13g2/uart_post_syn_smoke_sv_tt.json
activity_file=/tmp/flexsoc-ip-v1-release-20260914/uart-tlul/runs/uart/release/signoff/ihp-sg13g2/power/activity/captures/uart_ihp-sg13g2_smoke_sv_tt.vcd
activity_scope=uart_tb/u_uart
liberty=/home/eneadim/github/flexsoc/.flexsoc/pdks/ihp-sg13g2/ihp-sg13g2/libs.ref/sg13g2_stdcell/lib/sg13g2_stdcell_typ_1p50V_25C.lib
netlist=/tmp/flexsoc-ip-v1-release-20260914/uart-tlul/runs/uart/release/syn/ihp-sg13g2/uart_synth.v
sdc=/tmp/flexsoc-ip-v1-release-20260914/uart-tlul/runs/uart/release/constraints/uart.sdc
spef=

=== Units ===
 time 1ns
 capacitance 1pF
 resistance 1kohm
 voltage 1v
 current 1uA
 power 1pW
 distance 1um

=== Constraint validation ===

=== Activity annotation ===
annotated_percent=100.00%
Unannotated pins: none

=== Power summary ===
Group                  Internal  Switching    Leakage      Total
                          Power      Power      Power      Power (Watts)
----------------------------------------------------------------
Sequential             3.07e-03   5.16e-06   5.28e-07   3.07e-03  97.9%
Combinational          3.36e-05   3.09e-05   6.83e-07   6.52e-05   2.1%
Clock                  0.00e+00   0.00e+00   0.00e+00   0.00e+00   0.0%
Macro                  0.00e+00   0.00e+00   0.00e+00   0.00e+00   0.0%
Pad                    0.00e+00   0.00e+00   0.00e+00   0.00e+00   0.0%
----------------------------------------------------------------
Total                  3.10e-03   3.60e-05   1.21e-06   3.14e-03 100.0%
                          98.8%       1.1%       0.0%

=== FlexSoC normalized power fields ===
dynamic_power_definition=internal_power+switching_power
power_unit=OpenSTA report unit; see Units section
internal_power=0.0031
switching_power=3.6e-05
dynamic_power=0.003136
leakage_power=1.21e-06
total_power=0.00314
