analysis=power_analysis corner=ff stage=post_syn
workload=corners_sv_ff
gls_report=/home/eneadim/github/flexsoc/workspace/runs/cordic/dev/dv/functional/sim/post_syn/sky130/cordic_post_syn_corners_sv_ff.json
activity_file=/home/eneadim/github/flexsoc/workspace/runs/cordic/dev/signoff/sky130/power/activity/captures/cordic_sky130_corners_sv_ff.vcd
activity_scope=cordic_tb/u_cordic
liberty=/home/eneadim/github/flexsoc/.flexsoc/pdks/ciel/sky130/versions/f6eeac7dad085ffcc829ccfd721f7b4ce39edcf7/sky130A/libs.ref/sky130_fd_sc_hd/lib/sky130_fd_sc_hd__ff_n40C_1v95_ccsnoise.lib
netlist=/home/eneadim/github/flexsoc/workspace/runs/cordic/dev/syn/sky130/cordic_synth.v
sdc=/home/eneadim/github/flexsoc/workspace/runs/cordic/dev/signoff/sky130/cordic.sdc
spef=

=== Units ===
 time 1ns
 capacitance 1pF
 resistance 1kohm
 voltage 1v
 current 1mA
 power 1nW
 distance 1um

=== Constraint validation ===

=== Activity annotation ===
annotated_percent=100.00%
Unannotated pins: none

=== Power summary ===
Group                  Internal  Switching    Leakage      Total
                          Power      Power      Power      Power (Watts)
----------------------------------------------------------------
Sequential             1.41e-03   4.13e-06   4.51e-09   1.41e-03  94.8%
Combinational          3.23e-05   4.45e-05   8.68e-09   7.68e-05   5.2%
Clock                  0.00e+00   0.00e+00   0.00e+00   0.00e+00   0.0%
Macro                  0.00e+00   0.00e+00   0.00e+00   0.00e+00   0.0%
Pad                    0.00e+00   0.00e+00   0.00e+00   0.00e+00   0.0%
----------------------------------------------------------------
Total                  1.44e-03   4.86e-05   1.32e-08   1.49e-03 100.0%
                          96.7%       3.3%       0.0%

=== Highest-power instances ===
   Internal  Switching    Leakage      Total
      Power      Power      Power      Power (Watts)
--------------------------------------------
   4.94e-06   1.71e-06   1.64e-11   6.65e-06 _4602_
   4.86e-06   4.62e-07   1.64e-11   5.33e-06 _4603_
   4.83e-06   1.83e-07   1.64e-11   5.02e-06 _4604_
   4.95e-06   4.26e-08   1.63e-11   5.00e-06 _4592_
   4.81e-06   1.59e-07   1.59e-11   4.97e-06 _4712_
   4.87e-06   4.54e-08   1.65e-11   4.92e-06 _4612_
   4.87e-06   4.89e-08   1.65e-11   4.92e-06 _4622_
   4.88e-06   4.09e-08   1.65e-11   4.92e-06 _4621_
   4.88e-06   3.71e-08   1.65e-11   4.92e-06 _4618_
   4.88e-06   3.71e-08   1.64e-11   4.91e-06 _4610_
   4.87e-06   3.49e-08   1.66e-11   4.91e-06 _4616_
   4.88e-06   2.42e-08   1.65e-11   4.90e-06 _4619_
   4.87e-06   2.47e-08   1.65e-11   4.90e-06 _4620_
   4.85e-06   4.85e-08   1.38e-11   4.90e-06 _4623_
   4.86e-06   2.55e-08   1.65e-11   4.89e-06 _4614_
   4.86e-06   2.26e-08   1.65e-11   4.89e-06 _4617_
   4.86e-06   2.13e-08   1.65e-11   4.88e-06 _4613_
   4.85e-06   3.02e-08   1.63e-11   4.88e-06 _4608_
   4.85e-06   3.43e-08   1.66e-11   4.88e-06 _4644_
   4.81e-06   6.97e-08   1.64e-11   4.88e-06 _4605_

=== FlexSoC normalized power fields ===
dynamic_power_definition=internal_power+switching_power
power_unit=OpenSTA report unit; see Units section
internal_power=0.00144
switching_power=4.86e-05
dynamic_power=0.0014886
leakage_power=1.32e-08
total_power=0.00149
