analysis=power_analysis corner=tt stage=post_syn
workload=reconfig_sv_tt
gls_report=/tmp/flexsoc-ip-v1-release-20260914/uart-reg_iface/runs/uart/release/dv/functional/sim/post_syn/ihp-sg13g2/uart_post_syn_reconfig_sv_tt.json
activity_file=/tmp/flexsoc-ip-v1-release-20260914/uart-reg_iface/runs/uart/release/signoff/ihp-sg13g2/power/activity/captures/uart_ihp-sg13g2_reconfig_sv_tt.vcd
activity_scope=uart_tb/u_uart
liberty=/home/eneadim/github/flexsoc/.flexsoc/pdks/ihp-sg13g2/ihp-sg13g2/libs.ref/sg13g2_stdcell/lib/sg13g2_stdcell_typ_1p50V_25C.lib
netlist=/tmp/flexsoc-ip-v1-release-20260914/uart-reg_iface/runs/uart/release/syn/ihp-sg13g2/uart_synth.v
sdc=/tmp/flexsoc-ip-v1-release-20260914/uart-reg_iface/runs/uart/release/constraints/uart.sdc
spef=

=== Units ===
 time 1ns
 capacitance 1pF
 resistance 1kohm
 voltage 1v
 current 1uA
 power 1pW
 distance 1um

=== Constraint validation ===

=== Activity annotation ===
annotated_percent=100.00%
Unannotated pins: none

=== Power summary ===
Group                  Internal  Switching    Leakage      Total
                          Power      Power      Power      Power (Watts)
----------------------------------------------------------------
Sequential             2.72e-03   3.31e-06   4.67e-07   2.73e-03  98.9%
Combinational          1.62e-05   1.48e-05   6.57e-07   3.17e-05   1.1%
Clock                  0.00e+00   0.00e+00   0.00e+00   0.00e+00   0.0%
Macro                  0.00e+00   0.00e+00   0.00e+00   0.00e+00   0.0%
Pad                    0.00e+00   0.00e+00   0.00e+00   0.00e+00   0.0%
----------------------------------------------------------------
Total                  2.74e-03   1.81e-05   1.12e-06   2.76e-03 100.0%
                          99.3%       0.7%       0.0%

=== FlexSoC normalized power fields ===
dynamic_power_definition=internal_power+switching_power
power_unit=OpenSTA report unit; see Units section
internal_power=0.00274
switching_power=1.81e-05
dynamic_power=0.0027581
leakage_power=1.12e-06
total_power=0.00276
