analysis=power_analysis corner=ff stage=post_syn
workload=random_seed_2_sv_ff
gls_report=/home/eneadim/github/flexsoc/workspace/runs/cordic/dev/dv/functional/sim/post_syn/ihp-sg13g2/cordic_post_syn_random_seed_2_sv_ff.json
activity_file=/home/eneadim/github/flexsoc/workspace/runs/cordic/dev/signoff/ihp-sg13g2/power/activity/captures/cordic_ihp-sg13g2_random_seed_2_sv_ff.vcd
activity_scope=cordic_tb/u_cordic
liberty=/home/eneadim/github/flexsoc/.flexsoc/pdks/ihp-sg13g2/ihp-sg13g2/libs.ref/sg13g2_stdcell/lib/sg13g2_stdcell_fast_1p65V_m40C.lib
netlist=/home/eneadim/github/flexsoc/workspace/runs/cordic/dev/syn/ihp-sg13g2/cordic_synth.v
sdc=/home/eneadim/github/flexsoc/workspace/runs/cordic/dev/signoff/ihp-sg13g2/cordic.sdc
spef=

=== Units ===
 time 1ns
 capacitance 1pF
 resistance 1kohm
 voltage 1v
 current 1uA
 power 1pW
 distance 1um

=== Constraint validation ===

=== Activity annotation ===
annotated_percent=100.00%
Unannotated pins: none

=== Power summary ===
Group                  Internal  Switching    Leakage      Total
                          Power      Power      Power      Power (Watts)
----------------------------------------------------------------
Sequential             3.13e-03   6.27e-06   1.35e-06   3.13e-03  95.9%
Combinational          6.47e-05   6.64e-05   2.45e-06   1.33e-04   4.1%
Clock                  0.00e+00   0.00e+00   0.00e+00   0.00e+00   0.0%
Macro                  0.00e+00   0.00e+00   0.00e+00   0.00e+00   0.0%
Pad                    0.00e+00   0.00e+00   0.00e+00   0.00e+00   0.0%
----------------------------------------------------------------
Total                  3.19e-03   7.26e-05   3.80e-06   3.27e-03 100.0%
                          97.7%       2.2%       0.1%

=== Highest-power instances ===
   Internal  Switching    Leakage      Total
      Power      Power      Power      Power (Watts)
--------------------------------------------
   9.96e-06   2.57e-06   4.60e-09   1.25e-05 _4789_
   1.18e-05   9.46e-08   4.59e-09   1.19e-05 _4829_
   1.17e-05   3.96e-08   4.60e-09   1.17e-05 _4817_
   1.16e-05   5.09e-10   4.59e-09   1.16e-05 _4880_
   1.16e-05   5.90e-08   4.61e-09   1.16e-05 _4832_
   1.16e-05   9.08e-10   4.59e-09   1.16e-05 _4612_
   1.16e-05   2.44e-10   4.58e-09   1.16e-05 _4770_
   1.15e-05   3.75e-09   4.60e-09   1.15e-05 _4896_
   1.15e-05   7.01e-09   4.60e-09   1.15e-05 _4744_
   1.15e-05   7.01e-09   4.60e-09   1.15e-05 _4740_
   1.15e-05   1.50e-09   4.60e-09   1.15e-05 _4634_
   1.15e-05   7.01e-09   4.60e-09   1.15e-05 _4742_
   1.15e-05   6.00e-09   4.60e-09   1.15e-05 _4745_
   1.15e-05   1.19e-08   4.60e-09   1.15e-05 _4821_
   1.15e-05   7.01e-09   4.60e-09   1.15e-05 _4743_
   1.15e-05   6.00e-09   4.60e-09   1.15e-05 _4751_
   1.15e-05   5.50e-09   4.60e-09   1.15e-05 _4757_
   1.15e-05   5.00e-09   4.60e-09   1.15e-05 _4738_
   1.15e-05   1.53e-09   4.60e-09   1.15e-05 _4871_
   1.15e-05   6.00e-09   4.60e-09   1.15e-05 _4767_

=== FlexSoC normalized power fields ===
dynamic_power_definition=internal_power+switching_power
power_unit=OpenSTA report unit; see Units section
internal_power=0.00319
switching_power=7.26e-05
dynamic_power=0.0032626
leakage_power=3.8e-06
total_power=0.00327
