analysis=power_analysis corner=ss stage=post_syn
workload=reconfig_sv_ss
gls_report=/tmp/flexsoc-reference-cordic/runs/cordic/reference/dv/functional/sim/post_syn/sky130/cordic_post_syn_reconfig_sv_ss.json
activity_file=/tmp/flexsoc-reference-cordic/runs/cordic/reference/signoff/sky130/power/activity/captures/cordic_sky130_reconfig_sv_ss.vcd
activity_scope=cordic_tb/u_cordic
liberty=/home/eneadim/github/flexsoc/.flexsoc/pdks/ciel/sky130/versions/f6eeac7dad085ffcc829ccfd721f7b4ce39edcf7/sky130A/libs.ref/sky130_fd_sc_hd/lib/sky130_fd_sc_hd__ss_n40C_1v76.lib
netlist=/tmp/flexsoc-reference-cordic/runs/cordic/reference/syn/sky130/cordic_synth.v
sdc=/tmp/flexsoc-reference-cordic/runs/cordic/reference/signoff/sky130/cordic.sdc
spef=

=== Units ===
 time 1ns
 capacitance 1pF
 resistance 1kohm
 voltage 1v
 current 1mA
 power 1nW
 distance 1um

=== Constraint validation ===

=== Activity annotation ===
annotated_percent=100.00%
Unannotated pins: none

=== Power summary ===
Group                  Internal  Switching    Leakage      Total
                          Power      Power      Power      Power (Watts)
----------------------------------------------------------------
Sequential             1.21e-03   6.20e-06   1.38e-09   1.21e-03  91.3%
Combinational          5.06e-05   6.46e-05   2.93e-09   1.15e-04   8.7%
Clock                  0.00e+00   0.00e+00   0.00e+00   0.00e+00   0.0%
Macro                  0.00e+00   0.00e+00   0.00e+00   0.00e+00   0.0%
Pad                    0.00e+00   0.00e+00   0.00e+00   0.00e+00   0.0%
----------------------------------------------------------------
Total                  1.26e-03   7.08e-05   4.30e-09   1.33e-03 100.0%
                          94.7%       5.3%       0.0%

=== FlexSoC normalized power fields ===
dynamic_power_definition=internal_power+switching_power
power_unit=OpenSTA report unit; see Units section
internal_power=0.00126
switching_power=7.08e-05
dynamic_power=0.0013308
leakage_power=4.3e-09
total_power=0.00133
