analysis=power_analysis corner=ff stage=post_syn
workload=reconfig_sv_ff
gls_report=/tmp/flexsoc-develop-gpio/runs/gpio/develop/dv/functional/sim/post_syn/sky130/gpio_post_syn_reconfig_sv_ff.json
activity_file=/tmp/flexsoc-develop-gpio/runs/gpio/develop/signoff/sky130/power/activity/captures/gpio_sky130_reconfig_sv_ff.vcd
activity_scope=gpio_tb/u_gpio
liberty=/home/eneadim/github/flexsoc/.flexsoc/pdks/ciel/sky130/versions/f6eeac7dad085ffcc829ccfd721f7b4ce39edcf7/sky130A/libs.ref/sky130_fd_sc_hd/lib/sky130_fd_sc_hd__ff_n40C_1v95_ccsnoise.lib
netlist=/tmp/flexsoc-develop-gpio/runs/gpio/develop/syn/sky130/gpio_synth.v
sdc=/tmp/flexsoc-develop-gpio/runs/gpio/develop/signoff/sky130/gpio.sdc
spef=

=== Units ===
 time 1ns
 capacitance 1pF
 resistance 1kohm
 voltage 1v
 current 1mA
 power 1nW
 distance 1um

=== Constraint validation ===

=== Activity annotation ===
annotated_percent=100.00%
Unannotated pins: none

=== Power summary ===
Group                  Internal  Switching    Leakage      Total
                          Power      Power      Power      Power (Watts)
----------------------------------------------------------------
Sequential             4.77e-04   2.75e-06   1.40e-09   4.79e-04  94.4%
Combinational          1.30e-05   1.53e-05   3.17e-09   2.83e-05   5.6%
Clock                  0.00e+00   0.00e+00   0.00e+00   0.00e+00   0.0%
Macro                  0.00e+00   0.00e+00   0.00e+00   0.00e+00   0.0%
Pad                    0.00e+00   0.00e+00   0.00e+00   0.00e+00   0.0%
----------------------------------------------------------------
Total                  4.90e-04   1.80e-05   4.57e-09   5.08e-04 100.0%
                          96.5%       3.5%       0.0%

=== FlexSoC normalized power fields ===
dynamic_power_definition=internal_power+switching_power
power_unit=OpenSTA report unit; see Units section
internal_power=0.00049
switching_power=1.8e-05
dynamic_power=0.000508
leakage_power=4.57e-09
total_power=0.000508
