OpenROAD 26Q3-1305-gf552262465 
Features included (+) or not (-): +GPU +GUI +Python
This program is licensed under the BSD-3 license. See the LICENSE file for details.
Components of this program may be licensed under more restrictive licenses which must be honored.
[INFO ORD-0030] Using 12 thread(s).
source /home/eneadim/OpenROAD-flow-scripts/flow/platforms/ihp-sg13g2/suppress_message.tcl
read_liberty /home/eneadim/OpenROAD-flow-scripts/flow/platforms/ihp-sg13g2/lib/sg13g2_stdcell_typ_1p20V_25C.lib
[INFO ODB-0227] LEF file: /home/eneadim/OpenROAD-flow-scripts/flow/platforms/ihp-sg13g2/lef/sg13g2_tech.lef, created 19 layers, 70 vias
[INFO ODB-0227] LEF file: /home/eneadim/OpenROAD-flow-scripts/flow/platforms/ihp-sg13g2/lef/sg13g2_stdcell.lef, created 84 library cells
link_design gpio
read_sdc /tmp/flexsoc-ip-v1-release-20260914/gpio-tlul/runs/gpio/release/syn/ihp-sg13g2/repair_work/results/ihp-sg13g2/gpio/base/1_2_yosys.sdc
source /home/eneadim/OpenROAD-flow-scripts/flow/platforms/ihp-sg13g2/setRC.tcl
eliminate_dead_logic
Removed 0 unused instances and 0 unused nets.
Design area 9097 um^2 100% utilization.
write_db /tmp/flexsoc-ip-v1-release-20260914/gpio-tlul/runs/gpio/release/syn/ihp-sg13g2/repair_work/results/ihp-sg13g2/gpio/base/1_synth.odb
write_sdc -no_timestamp /tmp/flexsoc-ip-v1-release-20260914/gpio-tlul/runs/gpio/release/syn/ihp-sg13g2/repair_work/results/ihp-sg13g2/gpio/base/1_synth.sdc
Elapsed time: 0:00.18[h:]min:sec. CPU time: user 0.17 sys 0.00 (98%). Peak memory: 102888KB.
Log                       Ext     Elapsed/s Peak Memory/MB sha1sum result [0:20)
1_synth                   .odb            0            100 a4f2e3e90d2b5bd3a420
1_synth                   .sdc                             3e6e1c64420a604035f7
