analysis=power_analysis corner=tt stage=post_syn
workload=reconfig_sv_tt
gls_report=/home/eneadim/github/flexsoc/runs/gpio/refresh_tlul_repo/dv/functional/sim/post_syn/sky130/gpio_post_syn_reconfig_sv_tt.json
activity_file=/home/eneadim/github/flexsoc/runs/gpio/refresh_tlul_repo/signoff/sky130/power/activity/captures/gpio_sky130_reconfig_sv_tt.vcd
activity_scope=gpio_tb/u_gpio
liberty=/home/eneadim/github/flexsoc/.flexsoc/pdks/ciel/sky130/versions/f6eeac7dad085ffcc829ccfd721f7b4ce39edcf7/sky130A/libs.ref/sky130_fd_sc_hd/lib/sky130_fd_sc_hd__tt_100C_1v80.lib
netlist=/home/eneadim/github/flexsoc/runs/gpio/refresh_tlul_repo/syn/sky130/gpio_synth.v
sdc=/home/eneadim/github/flexsoc/runs/gpio/refresh_tlul_repo/constraints/gpio.sdc
spef=

=== Units ===
 time 1ns
 capacitance 1pF
 resistance 1kohm
 voltage 1v
 current 1mA
 power 1nW
 distance 1um

=== Constraint validation ===

=== Activity annotation ===
annotated_percent=100.00%
Unannotated pins: none

=== Power summary ===
Group                  Internal  Switching    Leakage      Total
                          Power      Power      Power      Power (Watts)
----------------------------------------------------------------
Sequential             4.49e-04   2.77e-06   3.82e-07   4.52e-04  94.4%
Combinational          1.17e-05   1.45e-05   3.70e-07   2.66e-05   5.6%
Clock                  0.00e+00   0.00e+00   0.00e+00   0.00e+00   0.0%
Macro                  0.00e+00   0.00e+00   0.00e+00   0.00e+00   0.0%
Pad                    0.00e+00   0.00e+00   0.00e+00   0.00e+00   0.0%
----------------------------------------------------------------
Total                  4.61e-04   1.73e-05   7.52e-07   4.79e-04 100.0%
                          96.2%       3.6%       0.2%

=== FlexSoC normalized power fields ===
dynamic_power_definition=internal_power+switching_power
power_unit=OpenSTA report unit; see Units section
internal_power=0.000461
switching_power=1.73e-05
dynamic_power=0.00047829999999999997
leakage_power=7.52e-07
total_power=0.000479
