analysis=power_analysis corner=tt stage=post_syn
workload=random_seed_2_sv_tt
gls_report=/home/eneadim/github/flexsoc/workspace/runs/cordic/dev/dv/functional/sim/post_syn/sky130/cordic_post_syn_random_seed_2_sv_tt.json
activity_file=/home/eneadim/github/flexsoc/workspace/runs/cordic/dev/signoff/sky130/power/activity/captures/cordic_sky130_random_seed_2_sv_tt.vcd
activity_scope=cordic_tb/u_cordic
liberty=/home/eneadim/github/flexsoc/.flexsoc/pdks/ciel/sky130/versions/f6eeac7dad085ffcc829ccfd721f7b4ce39edcf7/sky130A/libs.ref/sky130_fd_sc_hd/lib/sky130_fd_sc_hd__tt_100C_1v80.lib
netlist=/home/eneadim/github/flexsoc/workspace/runs/cordic/dev/syn/sky130/cordic_synth.v
sdc=/home/eneadim/github/flexsoc/workspace/runs/cordic/dev/signoff/sky130/cordic.sdc
spef=

=== Units ===
 time 1ns
 capacitance 1pF
 resistance 1kohm
 voltage 1v
 current 1mA
 power 1nW
 distance 1um

=== Constraint validation ===

=== Activity annotation ===
annotated_percent=100.00%
Unannotated pins: none

=== Power summary ===
Group                  Internal  Switching    Leakage      Total
                          Power      Power      Power      Power (Watts)
----------------------------------------------------------------
Sequential             1.23e-03   4.07e-06   1.03e-06   1.24e-03  93.7%
Combinational          3.76e-05   4.36e-05   1.34e-06   8.25e-05   6.3%
Clock                  0.00e+00   0.00e+00   0.00e+00   0.00e+00   0.0%
Macro                  0.00e+00   0.00e+00   0.00e+00   0.00e+00   0.0%
Pad                    0.00e+00   0.00e+00   0.00e+00   0.00e+00   0.0%
----------------------------------------------------------------
Total                  1.27e-03   4.76e-05   2.36e-06   1.32e-03 100.0%
                          96.2%       3.6%       0.2%

=== Highest-power instances ===
   Internal  Switching    Leakage      Total
      Power      Power      Power      Power (Watts)
--------------------------------------------
   4.32e-06   1.48e-06   3.94e-09   5.80e-06 _4602_
   4.25e-06   4.01e-07   3.94e-09   4.65e-06 _4603_
   4.22e-06   1.58e-07   3.94e-09   4.38e-06 _4604_
   4.33e-06   3.68e-08   3.93e-09   4.37e-06 _4592_
   4.20e-06   1.38e-07   3.89e-09   4.34e-06 _4712_
   4.28e-06   4.89e-08   2.78e-09   4.33e-06 _4642_
   4.27e-06   5.71e-08   3.44e-09   4.33e-06 _4622_
   4.28e-06   4.78e-08   3.44e-09   4.33e-06 _4621_
   4.27e-06   3.79e-08   3.44e-09   4.32e-06 _4618_
   4.26e-06   5.48e-08   3.44e-09   4.31e-06 _4623_
   4.26e-06   4.67e-08   3.34e-09   4.31e-06 _4626_
   4.28e-06   2.82e-08   3.44e-09   4.31e-06 _4619_
   4.27e-06   3.41e-08   3.43e-09   4.31e-06 _4616_
   4.27e-06   3.43e-08   3.16e-09   4.31e-06 _4645_
   4.26e-06   4.11e-08   3.43e-09   4.31e-06 _4612_
   4.27e-06   2.86e-08   3.44e-09   4.30e-06 _4620_
   4.26e-06   3.95e-08   3.50e-09   4.30e-06 _4644_
   4.26e-06   3.21e-08   3.64e-09   4.30e-06 _4643_
   4.25e-06   3.81e-08   3.26e-09   4.29e-06 _4625_
   4.26e-06   2.56e-08   3.43e-09   4.29e-06 _4617_

=== FlexSoC normalized power fields ===
dynamic_power_definition=internal_power+switching_power
power_unit=OpenSTA report unit; see Units section
internal_power=0.00127
switching_power=4.76e-05
dynamic_power=0.0013176000000000002
leakage_power=2.36e-06
total_power=0.00132
