analysis=power_analysis corner=tt stage=post_syn
workload=auto_toggle_sv_tt
gls_report=/tmp/flexsoc-develop-gpio/runs/gpio/develop/dv/functional/sim/post_syn/ihp-sg13g2/gpio_post_syn_auto_toggle_sv_tt.json
activity_file=/tmp/flexsoc-develop-gpio/runs/gpio/develop/signoff/ihp-sg13g2/power/activity/captures/gpio_ihp-sg13g2_auto_toggle_sv_tt.vcd
activity_scope=gpio_tb/u_gpio
liberty=/home/eneadim/github/flexsoc/.flexsoc/pdks/ihp-sg13g2/ihp-sg13g2/libs.ref/sg13g2_stdcell/lib/sg13g2_stdcell_typ_1p50V_25C.lib
netlist=/tmp/flexsoc-develop-gpio/runs/gpio/develop/syn/ihp-sg13g2/gpio_synth.v
sdc=/tmp/flexsoc-develop-gpio/runs/gpio/develop/signoff/ihp-sg13g2/gpio.sdc
spef=

=== Units ===
 time 1ns
 capacitance 1pF
 resistance 1kohm
 voltage 1v
 current 1uA
 power 1pW
 distance 1um

=== Constraint validation ===

=== Activity annotation ===
annotated_percent=100.00%
Unannotated pins: none

=== Power summary ===
Group                  Internal  Switching    Leakage      Total
                          Power      Power      Power      Power (Watts)
----------------------------------------------------------------
Sequential             8.76e-04   8.07e-06   1.45e-07   8.85e-04  96.0%
Combinational          1.91e-05   1.81e-05   1.25e-07   3.73e-05   4.0%
Clock                  0.00e+00   0.00e+00   0.00e+00   0.00e+00   0.0%
Macro                  0.00e+00   0.00e+00   0.00e+00   0.00e+00   0.0%
Pad                    0.00e+00   0.00e+00   0.00e+00   0.00e+00   0.0%
----------------------------------------------------------------
Total                  8.95e-04   2.61e-05   2.70e-07   9.22e-04 100.0%
                          97.1%       2.8%       0.0%

=== FlexSoC normalized power fields ===
dynamic_power_definition=internal_power+switching_power
power_unit=OpenSTA report unit; see Units section
internal_power=0.000895
switching_power=2.61e-05
dynamic_power=0.0009211
leakage_power=2.7e-07
total_power=0.000922
