analysis=power_analysis corner=ff stage=post_syn
workload=rotate_45deg_sv_ff
gls_report=/tmp/flexsoc-repack/cordic/runs/cordic/dev/dv/functional/sim/post_syn/sky130/cordic_post_syn_rotate_45deg_sv_ff.json
activity_file=/tmp/flexsoc-repack/cordic/runs/cordic/dev/signoff/sky130/power/activity/captures/cordic_sky130_rotate_45deg_sv_ff.vcd
activity_scope=cordic_tb/u_cordic
liberty=/home/eneadim/github/flexsoc/.flexsoc/pdks/ciel/sky130/versions/f6eeac7dad085ffcc829ccfd721f7b4ce39edcf7/sky130A/libs.ref/sky130_fd_sc_hd/lib/sky130_fd_sc_hd__ff_n40C_1v95_ccsnoise.lib
netlist=/tmp/flexsoc-repack/cordic/runs/cordic/dev/syn/sky130/cordic_synth.v
sdc=/tmp/flexsoc-repack/cordic/runs/cordic/dev/constraints/cordic.sdc
spef=

=== Units ===
 time 1ns
 capacitance 1pF
 resistance 1kohm
 voltage 1v
 current 1mA
 power 1nW
 distance 1um

=== Constraint validation ===

=== Activity annotation ===
annotated_percent=100.00%
Unannotated pins: none

=== Power summary ===
Group                  Internal  Switching    Leakage      Total
                          Power      Power      Power      Power (Watts)
----------------------------------------------------------------
Sequential             1.49e-03   1.66e-05   4.72e-09   1.50e-03  87.2%
Combinational          9.70e-05   1.24e-04   1.01e-08   2.21e-04  12.8%
Clock                  0.00e+00   0.00e+00   0.00e+00   0.00e+00   0.0%
Macro                  0.00e+00   0.00e+00   0.00e+00   0.00e+00   0.0%
Pad                    0.00e+00   0.00e+00   0.00e+00   0.00e+00   0.0%
----------------------------------------------------------------
Total                  1.58e-03   1.41e-04   1.48e-08   1.73e-03 100.0%
                          91.8%       8.1%       0.0%

=== FlexSoC normalized power fields ===
dynamic_power_definition=internal_power+switching_power
power_unit=OpenSTA report unit; see Units section
internal_power=0.00158
switching_power=0.000141
dynamic_power=0.001721
leakage_power=1.48e-08
total_power=0.00173
