analysis=power_analysis corner=ff stage=post_syn
workload=rotate_45deg_sv_ff
gls_report=/home/eneadim/github/flexsoc/workspace/runs/cordic/dev/dv/functional/sim/post_syn/sky130/cordic_post_syn_rotate_45deg_sv_ff.json
activity_file=/home/eneadim/github/flexsoc/workspace/runs/cordic/dev/signoff/sky130/power/activity/captures/cordic_sky130_rotate_45deg_sv_ff.vcd
activity_scope=cordic_tb/u_cordic
liberty=/home/eneadim/github/flexsoc/.flexsoc/pdks/ciel/sky130/versions/f6eeac7dad085ffcc829ccfd721f7b4ce39edcf7/sky130A/libs.ref/sky130_fd_sc_hd/lib/sky130_fd_sc_hd__ff_n40C_1v95_ccsnoise.lib
netlist=/home/eneadim/github/flexsoc/workspace/runs/cordic/dev/syn/sky130/cordic_synth.v
sdc=/home/eneadim/github/flexsoc/workspace/runs/cordic/dev/signoff/sky130/cordic.sdc
spef=

=== Units ===
 time 1ns
 capacitance 1pF
 resistance 1kohm
 voltage 1v
 current 1mA
 power 1nW
 distance 1um

=== Constraint validation ===

=== Activity annotation ===
annotated_percent=100.00%
Unannotated pins: none

=== Power summary ===
Group                  Internal  Switching    Leakage      Total
                          Power      Power      Power      Power (Watts)
----------------------------------------------------------------
Sequential             1.41e-03   4.13e-06   4.48e-09   1.41e-03  94.8%
Combinational          3.24e-05   4.43e-05   8.62e-09   7.67e-05   5.2%
Clock                  0.00e+00   0.00e+00   0.00e+00   0.00e+00   0.0%
Macro                  0.00e+00   0.00e+00   0.00e+00   0.00e+00   0.0%
Pad                    0.00e+00   0.00e+00   0.00e+00   0.00e+00   0.0%
----------------------------------------------------------------
Total                  1.44e-03   4.85e-05   1.31e-08   1.49e-03 100.0%
                          96.7%       3.3%       0.0%

=== Highest-power instances ===
   Internal  Switching    Leakage      Total
      Power      Power      Power      Power (Watts)
--------------------------------------------
   4.94e-06   1.72e-06   1.64e-11   6.65e-06 _4602_
   4.86e-06   4.64e-07   1.64e-11   5.33e-06 _4603_
   4.83e-06   1.83e-07   1.64e-11   5.02e-06 _4604_
   4.96e-06   4.33e-08   1.63e-11   5.00e-06 _4592_
   4.81e-06   1.60e-07   1.59e-11   4.97e-06 _4712_
   4.89e-06   5.56e-08   1.64e-11   4.95e-06 _4612_
   4.88e-06   3.88e-08   1.63e-11   4.92e-06 _4610_
   4.87e-06   3.10e-08   1.65e-11   4.90e-06 _4618_
   4.87e-06   3.42e-08   1.65e-11   4.90e-06 _4621_
   4.86e-06   4.09e-08   1.65e-11   4.90e-06 _4622_
   4.88e-06   1.70e-08   1.66e-11   4.90e-06 _4615_
   4.86e-06   3.49e-08   1.63e-11   4.90e-06 _4608_
   4.86e-06   3.47e-08   1.42e-11   4.90e-06 _4643_
   4.87e-06   2.16e-08   1.65e-11   4.89e-06 _4619_
   4.85e-06   3.89e-08   1.18e-11   4.89e-06 _4625_
   4.86e-06   2.72e-08   1.66e-11   4.89e-06 _4614_
   4.85e-06   3.53e-08   1.18e-11   4.89e-06 _4626_
   4.86e-06   2.72e-08   1.67e-11   4.88e-06 _4616_
   4.86e-06   2.72e-08   1.64e-11   4.88e-06 _4611_
   4.85e-06   3.34e-08   1.43e-11   4.88e-06 _4644_

=== FlexSoC normalized power fields ===
dynamic_power_definition=internal_power+switching_power
power_unit=OpenSTA report unit; see Units section
internal_power=0.00144
switching_power=4.85e-05
dynamic_power=0.0014885
leakage_power=1.31e-08
total_power=0.00149
