analysis=power_analysis corner=ff stage=post_syn
workload=random_seed_1_sv_ff
gls_report=/home/eneadim/github/flexsoc/workspace/runs/cordic/dev/dv/functional/sim/post_syn/ihp-sg13g2/cordic_post_syn_random_seed_1_sv_ff.json
activity_file=/home/eneadim/github/flexsoc/workspace/runs/cordic/dev/signoff/ihp-sg13g2/power/activity/captures/cordic_ihp-sg13g2_random_seed_1_sv_ff.vcd
activity_scope=cordic_tb/u_cordic
liberty=/home/eneadim/github/flexsoc/.flexsoc/pdks/ihp-sg13g2/ihp-sg13g2/libs.ref/sg13g2_stdcell/lib/sg13g2_stdcell_fast_1p65V_m40C.lib
netlist=/home/eneadim/github/flexsoc/workspace/runs/cordic/dev/syn/ihp-sg13g2/cordic_synth.v
sdc=/home/eneadim/github/flexsoc/workspace/runs/cordic/dev/signoff/ihp-sg13g2/cordic.sdc
spef=

=== Units ===
 time 1ns
 capacitance 1pF
 resistance 1kohm
 voltage 1v
 current 1uA
 power 1pW
 distance 1um

=== Constraint validation ===

=== Activity annotation ===
annotated_percent=100.00%
Unannotated pins: none

=== Power summary ===
Group                  Internal  Switching    Leakage      Total
                          Power      Power      Power      Power (Watts)
----------------------------------------------------------------
Sequential             3.14e-03   6.34e-06   1.35e-06   3.15e-03  95.9%
Combinational          6.61e-05   6.78e-05   2.46e-06   1.36e-04   4.1%
Clock                  0.00e+00   0.00e+00   0.00e+00   0.00e+00   0.0%
Macro                  0.00e+00   0.00e+00   0.00e+00   0.00e+00   0.0%
Pad                    0.00e+00   0.00e+00   0.00e+00   0.00e+00   0.0%
----------------------------------------------------------------
Total                  3.21e-03   7.41e-05   3.81e-06   3.29e-03 100.0%
                          97.6%       2.3%       0.1%

=== Highest-power instances ===
   Internal  Switching    Leakage      Total
      Power      Power      Power      Power (Watts)
--------------------------------------------
   9.96e-06   2.57e-06   4.60e-09   1.25e-05 _4789_
   1.16e-05   5.35e-08   4.61e-09   1.17e-05 _4807_
   1.16e-05   1.01e-07   4.61e-09   1.17e-05 _4805_
   1.16e-05   6.05e-08   4.60e-09   1.17e-05 _4812_
   1.16e-05   4.83e-08   4.61e-09   1.17e-05 _4808_
   1.16e-05   6.25e-08   4.61e-09   1.17e-05 _4806_
   1.16e-05   6.10e-08   4.61e-09   1.16e-05 _4802_
   1.16e-05   3.35e-08   4.61e-09   1.16e-05 _4809_
   1.16e-05   9.08e-10   4.59e-09   1.16e-05 _4612_
   1.16e-05   2.44e-10   4.58e-09   1.16e-05 _4770_
   1.16e-05   4.48e-08   4.61e-09   1.16e-05 _4803_
   1.15e-05   7.87e-08   4.61e-09   1.16e-05 _4804_
   1.15e-05   6.77e-08   4.61e-09   1.16e-05 _4799_
   1.16e-05   6.25e-09   4.60e-09   1.16e-05 _4745_
   1.15e-05   3.13e-08   4.61e-09   1.16e-05 _4800_
   1.15e-05   4.99e-08   4.61e-09   1.16e-05 _4801_
   1.15e-05   5.25e-09   4.60e-09   1.16e-05 _4746_
   1.15e-05   6.75e-09   4.60e-09   1.16e-05 _4751_
   1.15e-05   6.25e-09   4.60e-09   1.16e-05 _4757_
   1.15e-05   6.75e-09   4.60e-09   1.16e-05 _4763_

=== FlexSoC normalized power fields ===
dynamic_power_definition=internal_power+switching_power
power_unit=OpenSTA report unit; see Units section
internal_power=0.00321
switching_power=7.41e-05
dynamic_power=0.0032841000000000003
leakage_power=3.81e-06
total_power=0.00329
