analysis=power_analysis corner=tt stage=post_syn
workload=reconfig_sv_tt
gls_report=/tmp/flexsoc-uart-interface-contract-20260914/tlul/runs/uart/contract/dv/functional/sim/post_syn/sky130/uart_post_syn_reconfig_sv_tt.json
activity_file=/tmp/flexsoc-uart-interface-contract-20260914/tlul/runs/uart/contract/signoff/sky130/power/activity/captures/uart_sky130_reconfig_sv_tt.vcd
activity_scope=uart_tb/u_uart
liberty=/home/eneadim/github/flexsoc/.flexsoc/pdks/ciel/sky130/versions/f6eeac7dad085ffcc829ccfd721f7b4ce39edcf7/sky130A/libs.ref/sky130_fd_sc_hd/lib/sky130_fd_sc_hd__tt_100C_1v80.lib
netlist=/tmp/flexsoc-uart-interface-contract-20260914/tlul/runs/uart/contract/syn/sky130/uart_synth.v
sdc=/tmp/flexsoc-uart-interface-contract-20260914/tlul/runs/uart/contract/constraints/uart.sdc
spef=

=== Units ===
 time 1ns
 capacitance 1pF
 resistance 1kohm
 voltage 1v
 current 1mA
 power 1nW
 distance 1um

=== Constraint validation ===

=== Activity annotation ===
annotated_percent=100.00%
Unannotated pins: none

=== Power summary ===
Group                  Internal  Switching    Leakage      Total
                          Power      Power      Power      Power (Watts)
----------------------------------------------------------------
Sequential             1.61e-03   3.63e-06   1.19e-06   1.62e-03  97.7%
Combinational          1.86e-05   1.92e-05   8.98e-07   3.87e-05   2.3%
Clock                  0.00e+00   0.00e+00   0.00e+00   0.00e+00   0.0%
Macro                  0.00e+00   0.00e+00   0.00e+00   0.00e+00   0.0%
Pad                    0.00e+00   0.00e+00   0.00e+00   0.00e+00   0.0%
----------------------------------------------------------------
Total                  1.63e-03   2.28e-05   2.08e-06   1.66e-03 100.0%
                          98.5%       1.4%       0.1%

=== FlexSoC normalized power fields ===
dynamic_power_definition=internal_power+switching_power
power_unit=OpenSTA report unit; see Units section
internal_power=0.00163
switching_power=2.28e-05
dynamic_power=0.0016527999999999998
leakage_power=2.08e-06
total_power=0.00166
