analysis=power_analysis corner=ss stage=post_syn
workload=smoke_sv_ss
gls_report=/tmp/flexsoc-repack/gpio/runs/gpio/dev/dv/functional/sim/post_syn/sky130/gpio_post_syn_smoke_sv_ss.json
activity_file=/tmp/flexsoc-repack/gpio/runs/gpio/dev/signoff/sky130/power/activity/captures/gpio_sky130_smoke_sv_ss.vcd
activity_scope=gpio_tb/u_gpio
liberty=/home/eneadim/github/flexsoc/.flexsoc/pdks/ciel/sky130/versions/f6eeac7dad085ffcc829ccfd721f7b4ce39edcf7/sky130A/libs.ref/sky130_fd_sc_hd/lib/sky130_fd_sc_hd__ss_n40C_1v76.lib
netlist=/tmp/flexsoc-repack/gpio/runs/gpio/dev/syn/sky130/gpio_synth.v
sdc=/tmp/flexsoc-repack/gpio/runs/gpio/dev/constraints/gpio.sdc
spef=

=== Units ===
 time 1ns
 capacitance 1pF
 resistance 1kohm
 voltage 1v
 current 1mA
 power 1nW
 distance 1um

=== Constraint validation ===

=== Activity annotation ===
annotated_percent=100.00%
Unannotated pins: none

=== Power summary ===
Group                  Internal  Switching    Leakage      Total
                          Power      Power      Power      Power (Watts)
----------------------------------------------------------------
Sequential             3.98e-04   4.66e-06   4.56e-10   4.02e-04  93.5%
Combinational          1.28e-05   1.53e-05   9.11e-10   2.81e-05   6.5%
Clock                  0.00e+00   0.00e+00   0.00e+00   0.00e+00   0.0%
Macro                  0.00e+00   0.00e+00   0.00e+00   0.00e+00   0.0%
Pad                    0.00e+00   0.00e+00   0.00e+00   0.00e+00   0.0%
----------------------------------------------------------------
Total                  4.11e-04   2.00e-05   1.37e-09   4.31e-04 100.0%
                          95.4%       4.6%       0.0%

=== FlexSoC normalized power fields ===
dynamic_power_definition=internal_power+switching_power
power_unit=OpenSTA report unit; see Units section
internal_power=0.000411
switching_power=2e-05
dynamic_power=0.000431
leakage_power=1.37e-09
total_power=0.000431
