%Warning-MODDUP: ips/prim/prim_reg_pkg.sv:1:9: Duplicate declaration of module: 'prim_reg_pkg'
    1 | package prim_reg_pkg;
      |         ^~~~~~~~~~~~
                 ips/prim/prim_reg_pkg.sv:1:9: ... Location of original declaration
    1 | package prim_reg_pkg;
      |         ^~~~~~~~~~~~
                 ... For warning description see https://verilator.org/warn/MODDUP?v=5.036
                 ... Use "/* verilator lint_off MODDUP */" and lint_on around source to disable this message.
%Warning-MODDUP: rtl/spi_host.sv:1:8: Duplicate declaration of module: 'spi_host'
    1 | module spi_host
      |        ^~~~~~~~
                 rtl/spi_host.sv:1:8: ... Location of original declaration
    1 | module spi_host
      |        ^~~~~~~~
%Warning-DECLFILENAME: ips/prim/prim_cdc_2phase.sv:4:8: Filename 'prim_cdc_2phase' does not match MODULE name: 'cdc_2phase'
    4 | module cdc_2phase #(
      |        ^~~~~~~~~~
                       ... For warning description see https://verilator.org/warn/DECLFILENAME?v=5.036
                       ... Use "/* verilator lint_off DECLFILENAME */" and lint_on around source to disable this message.
%Warning-DECLFILENAME: ips/prim/prim_gray2bin.sv:1:8: Filename 'prim_gray2bin' does not match MODULE name: 'gray_to_binary'
    1 | module gray_to_binary #(
      |        ^~~~~~~~~~~~~~
%Warning-DECLFILENAME: ips/prim/prim_lzc.sv:19:8: Filename 'prim_lzc' does not match MODULE name: 'lzc'
   19 | module lzc #(
      |        ^~~
%Warning-DECLFILENAME: ips/prim/prim_reg_pkg.sv:1:9: Filename 'prim_reg_pkg' does not match PACKAGE name: 'prim_reg_pkg__Vdedup0'
    1 | package prim_reg_pkg;
      |         ^~~~~~~~~~~~
%Warning-DECLFILENAME: ips/prim/prim_rrarbiter.sv:36:8: Filename 'prim_rrarbiter' does not match MODULE name: 'rrarbiter'
   36 | module rrarbiter #(
      |        ^~~~~~~~~
%Warning-PINCONNECTEMPTY: ips/prim/prim_rrarbiter.sv:110:10: Cell pin connected by name with empty reference: 'empty_o'
  110 |         .empty_o (               )
      |          ^~~~~~~
                          ... For warning description see https://verilator.org/warn/PINCONNECTEMPTY?v=5.036
                          ... Use "/* verilator lint_off PINCONNECTEMPTY */" and lint_on around source to disable this message.
%Warning-PINCONNECTEMPTY: ips/prim_opentitan/prim_fifo_sync_cnt.sv:87:8: Cell pin connected by name with empty reference: 'cnt_after_commit_o'
   87 |       .cnt_after_commit_o(),
      |        ^~~~~~~~~~~~~~~~~~
%Warning-PINCONNECTEMPTY: ips/prim_opentitan/prim_fifo_sync_cnt.sv:105:8: Cell pin connected by name with empty reference: 'cnt_after_commit_o'
  105 |       .cnt_after_commit_o(),
      |        ^~~~~~~~~~~~~~~~~~
%Warning-PINCONNECTEMPTY: ips/tlul/tlul_adapter_sram.sv:563:6: Cell pin connected by name with empty reference: 'full_o'
  563 |     .full_o  (),
      |      ^~~~~~
%Warning-PINCONNECTEMPTY: ips/tlul/tlul_adapter_sram.sv:564:6: Cell pin connected by name with empty reference: 'depth_o'
  564 |     .depth_o (),
      |      ^~~~~~~
%Warning-PINCONNECTEMPTY: ips/tlul/tlul_adapter_sram.sv:584:6: Cell pin connected by name with empty reference: 'rvalid_o'
  584 |     .rvalid_o(),
      |      ^~~~~~~~
%Warning-PINCONNECTEMPTY: ips/tlul/tlul_adapter_sram.sv:587:6: Cell pin connected by name with empty reference: 'full_o'
  587 |     .full_o  (),
      |      ^~~~~~
%Warning-PINCONNECTEMPTY: ips/tlul/tlul_adapter_sram.sv:588:6: Cell pin connected by name with empty reference: 'depth_o'
  588 |     .depth_o (),
      |      ^~~~~~~
%Warning-PINCONNECTEMPTY: ips/tlul/tlul_adapter_sram.sv:607:8: Cell pin connected by name with empty reference: 'rvalid_o'
  607 |       .rvalid_o(),
      |        ^~~~~~~~
%Warning-PINCONNECTEMPTY: ips/tlul/tlul_adapter_sram.sv:610:8: Cell pin connected by name with empty reference: 'full_o'
  610 |       .full_o  (),
      |        ^~~~~~
%Warning-PINCONNECTEMPTY: ips/tlul/tlul_adapter_sram.sv:611:8: Cell pin connected by name with empty reference: 'depth_o'
  611 |       .depth_o (),
      |        ^~~~~~~
%Warning-PINCONNECTEMPTY: ips/tlul/tlul_adapter_sram.sv:612:8: Cell pin connected by name with empty reference: 'err_o'
  612 |       .err_o   ()
      |        ^~~~~
%Warning-PINCONNECTEMPTY: ips/tlul/tlul_adapter_sram.sv:644:6: Cell pin connected by name with empty reference: 'full_o'
  644 |     .full_o  (),
      |      ^~~~~~
%Warning-PINCONNECTEMPTY: ips/tlul/tlul_adapter_sram.sv:645:6: Cell pin connected by name with empty reference: 'depth_o'
  645 |     .depth_o (),
      |      ^~~~~~~
%Warning-PINCONNECTEMPTY: ips/tlul/tlul_cmd_intg_chk.sv:26:6: Cell pin connected by name with empty reference: 'data_o'
   26 |     .data_o(),
      |      ^~~~~~
%Warning-PINCONNECTEMPTY: ips/tlul/tlul_cmd_intg_chk.sv:27:6: Cell pin connected by name with empty reference: 'syndrome_o'
   27 |     .syndrome_o(),
      |      ^~~~~~~~~~
%Warning-PINCONNECTEMPTY: ips/tlul/tlul_data_integ_dec.sv:20:6: Cell pin connected by name with empty reference: 'data_o'
   20 |     .data_o(),
      |      ^~~~~~
%Warning-PINCONNECTEMPTY: ips/tlul/tlul_data_integ_dec.sv:21:6: Cell pin connected by name with empty reference: 'syndrome_o'
   21 |     .syndrome_o(),
      |      ^~~~~~~~~~
%Warning-PINCONNECTEMPTY: ips/tlul/tlul_fifo_async.sv:57:6: Cell pin connected by name with empty reference: 'wdepth_o'
   57 |     .wdepth_o      (),
      |      ^~~~~~~~
%Warning-PINCONNECTEMPTY: ips/tlul/tlul_fifo_async.sv:58:6: Cell pin connected by name with empty reference: 'rdepth_o'
   58 |     .rdepth_o      ()
      |      ^~~~~~~~
%Warning-PINCONNECTEMPTY: ips/tlul/tlul_fifo_async.sv:94:6: Cell pin connected by name with empty reference: 'wdepth_o'
   94 |     .wdepth_o      (),
      |      ^~~~~~~~
%Warning-PINCONNECTEMPTY: ips/tlul/tlul_fifo_async.sv:95:6: Cell pin connected by name with empty reference: 'rdepth_o'
   95 |     .rdepth_o      ()
      |      ^~~~~~~~
%Warning-PINCONNECTEMPTY: ips/tlul/tlul_fifo_sync.sv:58:6: Cell pin connected by name with empty reference: 'full_o'
   58 |     .full_o        (),
      |      ^~~~~~
%Warning-PINCONNECTEMPTY: ips/tlul/tlul_fifo_sync.sv:59:6: Cell pin connected by name with empty reference: 'depth_o'
   59 |     .depth_o       (),
      |      ^~~~~~~
%Warning-PINCONNECTEMPTY: ips/tlul/tlul_fifo_sync.sv:60:6: Cell pin connected by name with empty reference: 'err_o'
   60 |     .err_o         ());
      |      ^~~~~
%Warning-PINCONNECTEMPTY: ips/tlul/tlul_fifo_sync.sv:93:6: Cell pin connected by name with empty reference: 'full_o'
   93 |     .full_o        (),
      |      ^~~~~~
%Warning-PINCONNECTEMPTY: ips/tlul/tlul_fifo_sync.sv:94:6: Cell pin connected by name with empty reference: 'depth_o'
   94 |     .depth_o       (),
      |      ^~~~~~~
%Warning-PINCONNECTEMPTY: ips/tlul/tlul_fifo_sync.sv:95:6: Cell pin connected by name with empty reference: 'err_o'
   95 |     .err_o         ());
      |      ^~~~~
%Warning-PINCONNECTEMPTY: ips/tlul/tlul_rsp_intg_chk.sv:27:6: Cell pin connected by name with empty reference: 'data_o'
   27 |     .data_o(),
      |      ^~~~~~
%Warning-PINCONNECTEMPTY: ips/tlul/tlul_rsp_intg_chk.sv:28:6: Cell pin connected by name with empty reference: 'syndrome_o'
   28 |     .syndrome_o(),
      |      ^~~~~~~~~~
%Warning-PINCONNECTEMPTY: ips/tlul/tlul_socket_1n.sv:99:6: Cell pin connected by name with empty reference: 'spare_rsp_o'
   99 |     .spare_rsp_o ());
      |      ^~~~~~~~~~~
%Warning-PINCONNECTEMPTY: ips/tlul/tlul_socket_1n.sv:222:8: Cell pin connected by name with empty reference: 'spare_req_o'
  222 |       .spare_req_o (),
      |        ^~~~~~~~~~~
%Warning-PINCONNECTEMPTY: ips/tlul/tlul_socket_1n.sv:224:8: Cell pin connected by name with empty reference: 'spare_rsp_o'
  224 |       .spare_rsp_o ());
      |        ^~~~~~~~~~~
%Warning-PINCONNECTEMPTY: ips/tlul/tlul_socket_m1.sv:135:8: Cell pin connected by name with empty reference: 'spare_req_o'
  135 |       .spare_req_o (),
      |        ^~~~~~~~~~~
%Warning-PINCONNECTEMPTY: ips/tlul/tlul_socket_m1.sv:137:8: Cell pin connected by name with empty reference: 'spare_rsp_o'
  137 |       .spare_rsp_o ()
      |        ^~~~~~~~~~~
%Warning-PINCONNECTEMPTY: ips/tlul/tlul_socket_m1.sv:156:6: Cell pin connected by name with empty reference: 'spare_req_o'
  156 |     .spare_req_o (),
      |      ^~~~~~~~~~~
%Warning-PINCONNECTEMPTY: ips/tlul/tlul_socket_m1.sv:158:6: Cell pin connected by name with empty reference: 'spare_rsp_o'
  158 |     .spare_rsp_o ()
      |      ^~~~~~~~~~~
%Warning-PINCONNECTEMPTY: ips/tlul/tlul_socket_m1.sv:179:8: Cell pin connected by name with empty reference: 'idx_o'
  179 |       .idx_o     (             ),
      |        ^~~~~
%Warning-PINCONNECTEMPTY: ips/tlul/tlul_socket_m1.sv:195:8: Cell pin connected by name with empty reference: 'idx_o'
  195 |       .idx_o     (             ),
      |        ^~~~~
%Warning-PINCONNECTEMPTY: ips/tlul/tlul_sram_byte.sv:531:8: Cell pin connected by name with empty reference: 'rvalid_o'
  531 |       .rvalid_o(),
      |        ^~~~~~~~
%Warning-PINCONNECTEMPTY: ips/tlul/tlul_sram_byte.sv:534:8: Cell pin connected by name with empty reference: 'full_o'
  534 |       .full_o(),
      |        ^~~~~~
%Warning-PINCONNECTEMPTY: ips/tlul/tlul_sram_byte.sv:535:8: Cell pin connected by name with empty reference: 'depth_o'
  535 |       .depth_o(),
      |        ^~~~~~~
%Warning-PINCONNECTEMPTY: ips/tlul/tlul_sram_byte.sv:536:8: Cell pin connected by name with empty reference: 'err_o'
  536 |       .err_o()
      |        ^~~~~
%Warning-PINCONNECTEMPTY: ips/tlul/tlul_sram_byte.sv:649:8: Cell pin connected by name with empty reference: 'rvalid_o'
  649 |       .rvalid_o(),
      |        ^~~~~~~~
%Warning-PINCONNECTEMPTY: ips/tlul/tlul_sram_byte.sv:652:8: Cell pin connected by name with empty reference: 'full_o'
  652 |       .full_o(),
      |        ^~~~~~
%Warning-PINCONNECTEMPTY: ips/tlul/tlul_sram_byte.sv:654:8: Cell pin connected by name with empty reference: 'err_o'
  654 |       .err_o()
      |        ^~~~~
%Warning-PINCONNECTEMPTY: rtl/spi_host_reg_top.sv:73:6: Cell pin connected by name with empty reference: 'intg_error_o'
   73 |     .intg_error_o(),
      |      ^~~~~~~~~~~~
%Warning-PINCONNECTEMPTY: rtl/spi_host_reg_top.sv:132:6: Cell pin connected by name with empty reference: 'qe'
  132 |     .qe     (),
      |      ^~
%Warning-PINCONNECTEMPTY: rtl/spi_host_reg_top.sv:134:6: Cell pin connected by name with empty reference: 'ds'
  134 |     .ds     (),
      |      ^~
%Warning-PINCONNECTEMPTY: rtl/spi_host_reg_top.sv:159:6: Cell pin connected by name with empty reference: 'qe'
  159 |     .qe     (),
      |      ^~
%Warning-PINCONNECTEMPTY: rtl/spi_host_reg_top.sv:161:6: Cell pin connected by name with empty reference: 'ds'
  161 |     .ds     (),
      |      ^~
%Warning-PINCONNECTEMPTY: rtl/spi_host_reg_top.sv:186:6: Cell pin connected by name with empty reference: 'qe'
  186 |     .qe     (),
      |      ^~
%Warning-PINCONNECTEMPTY: rtl/spi_host_reg_top.sv:188:6: Cell pin connected by name with empty reference: 'ds'
  188 |     .ds     (),
      |      ^~
%Warning-PINCONNECTEMPTY: rtl/spi_host_reg_top.sv:205:6: Cell pin connected by name with empty reference: 'qe'
  205 |     .qe     (),
      |      ^~
%Warning-PINCONNECTEMPTY: rtl/spi_host_reg_top.sv:207:6: Cell pin connected by name with empty reference: 'ds'
  207 |     .ds     (),
      |      ^~
%Warning-PINCONNECTEMPTY: rtl/spi_host_reg_top.sv:220:6: Cell pin connected by name with empty reference: 'qe'
  220 |     .qe     (),
      |      ^~
%Warning-PINCONNECTEMPTY: rtl/spi_host_reg_top.sv:222:6: Cell pin connected by name with empty reference: 'ds'
  222 |     .ds     (),
      |      ^~
%Warning-PINCONNECTEMPTY: rtl/spi_host_reg_top.sv:235:6: Cell pin connected by name with empty reference: 'qe'
  235 |     .qe     (),
      |      ^~
%Warning-PINCONNECTEMPTY: rtl/spi_host_reg_top.sv:237:6: Cell pin connected by name with empty reference: 'ds'
  237 |     .ds     (),
      |      ^~
%Warning-PINCONNECTEMPTY: rtl/spi_host_reg_top.sv:250:6: Cell pin connected by name with empty reference: 'qe'
  250 |     .qe     (),
      |      ^~
%Warning-PINCONNECTEMPTY: rtl/spi_host_reg_top.sv:252:6: Cell pin connected by name with empty reference: 'ds'
  252 |     .ds     (),
      |      ^~
%Warning-PINCONNECTEMPTY: rtl/spi_host_reg_top.sv:266:6: Cell pin connected by name with empty reference: 'qe'
  266 |     .qe     (),
      |      ^~
%Warning-PINCONNECTEMPTY: rtl/spi_host_reg_top.sv:268:6: Cell pin connected by name with empty reference: 'ds'
  268 |     .ds     (),
      |      ^~
%Warning-PINCONNECTEMPTY: rtl/spi_host_reg_top.sv:305:6: Cell pin connected by name with empty reference: 'ds'
  305 |     .ds     (),
      |      ^~
%Warning-PINCONNECTEMPTY: rtl/spi_host_reg_top.sv:308:6: Cell pin connected by name with empty reference: 'qs'
  308 |     .qs     ()
      |      ^~
%Warning-PINCONNECTEMPTY: rtl/spi_host_core.sv:128:6: Cell pin connected by name with empty reference: 'full_o'
  128 |     .full_o  (),
      |      ^~~~~~
%Warning-PINCONNECTEMPTY: rtl/spi_host_core.sv:132:6: Cell pin connected by name with empty reference: 'err_o'
  132 |     .err_o   ()
      |      ^~~~~
%Warning-PINCONNECTEMPTY: rtl/spi_host_core.sv:148:6: Cell pin connected by name with empty reference: 'full_o'
  148 |     .full_o  (),
      |      ^~~~~~
%Warning-PINCONNECTEMPTY: rtl/spi_host_core.sv:152:6: Cell pin connected by name with empty reference: 'err_o'
  152 |     .err_o   ()
      |      ^~~~~
%Warning-GENUNNAMED: ips/prim/prim_gray2bin.sv:7:5: Unnamed generate block 'genblk1' (IEEE 1800-2023 27.6)
                                                  : ... Suggest assign a label with 'begin : gen_<label_name>'
    7 |     for (genvar i = 0; i < N; i++)
      |     ^~~
                     ... For warning description see https://verilator.org/warn/GENUNNAMED?v=5.036
                     ... Use "/* verilator lint_off GENUNNAMED */" and lint_on around source to disable this message.
%Warning-GENUNNAMED: ips/prim/prim_rrarbiter.sv:77:12: Unnamed generate block 'genblk1' (IEEE 1800-2023 27.6)
                                                     : ... Suggest assign a label with 'begin : gen_<label_name>'
   77 |   end else begin
      |            ^~~~~
%Warning-GENUNNAMED: ips/prim/prim_rrarbiter.sv:90:12: Unnamed generate block 'genblk2' (IEEE 1800-2023 27.6)
                                                     : ... Suggest assign a label with 'begin : gen_<label_name>'
   90 |   end else begin
      |            ^~~~~
%Warning-GENUNNAMED: ips/prim/prim_lzc.sv:54:30: Unnamed generate block 'genblk1' (IEEE 1800-2023 27.6)
                                               : ... Suggest assign a label with 'begin : gen_<label_name>'
   54 |         if (k * 2 < WIDTH-1) begin
      |                              ^~~~~
%Warning-GENUNNAMED: ips/prim/prim_lzc.sv:60:31: Unnamed generate block 'genblk2' (IEEE 1800-2023 27.6)
                                               : ... Suggest assign a label with 'begin : gen_<label_name>'
   60 |         if (k * 2 == WIDTH-1) begin
      |                               ^~~~~
%Warning-GENUNNAMED: ips/prim/prim_lzc.sv:65:30: Unnamed generate block 'genblk3' (IEEE 1800-2023 27.6)
                                               : ... Suggest assign a label with 'begin : gen_<label_name>'
   65 |         if (k * 2 > WIDTH-1) begin
      |                              ^~~~~
%Warning-GENUNNAMED: ips/prim/prim_lzc.sv:70:14: Unnamed generate block 'genblk1' (IEEE 1800-2023 27.6)
                                               : ... Suggest assign a label with 'begin : gen_<label_name>'
   70 |     end else begin
      |              ^~~~~
%Warning-VARHIDDEN: rtl/spi_host_reg_top.sv:26:18: Declaration of signal hides declaration in upper scope: 'AW'
   26 |   localparam int AW = 4;
      |                  ^~
                    rtl/spi_host_reg_pkg.sv:11:17: ... Location of original declaration
   11 |   parameter int AW = BlockAw;
      |                 ^~
                    ... For warning description see https://verilator.org/warn/VARHIDDEN?v=5.036
                    ... Use "/* verilator lint_off VARHIDDEN */" and lint_on around source to disable this message.
%Warning-VARHIDDEN: rtl/spi_host_reg_top.sv:27:18: Declaration of signal hides declaration in upper scope: 'DW'
   27 |   localparam int DW = 32;
      |                  ^~
                    rtl/spi_host_reg_pkg.sv:12:17: ... Location of original declaration
   12 |   parameter int DW = 32;
      |                 ^~
%Warning-VARHIDDEN: rtl/spi_host_reg_top.sv:28:18: Declaration of signal hides declaration in upper scope: 'DBW'
   28 |   localparam int DBW = DW/8;                     
      |                  ^~~
                    rtl/spi_host_reg_pkg.sv:13:17: ... Location of original declaration
   13 |   parameter int DBW = DW/8;                     
      |                 ^~~
%Warning-UNUSEDPARAM: ips/pkgs/top_pkg.sv:13:16: Parameter is not used: 'TL_AUW'
                                               : ... note: In instance 'spi_host'
   13 | localparam int TL_AUW=21;    
      |                ^~~~~~
                      ... For warning description see https://verilator.org/warn/UNUSEDPARAM?v=5.036
                      ... Use "/* verilator lint_off UNUSEDPARAM */" and lint_on around source to disable this message.
%Warning-UNUSEDPARAM: ips/pkgs/top_pkg.sv:14:16: Parameter is not used: 'TL_DUW'
                                               : ... note: In instance 'spi_host'
   14 | localparam int TL_DUW=14;    
      |                ^~~~~~
%Warning-UNUSEDPARAM: ips/pkgs/top_pkg.sv:21:16: Parameter is not used: 'SecVolatileRawUnlockEn'
                                               : ... note: In instance 'spi_host'
   21 | localparam int SecVolatileRawUnlockEn = 0;
      |                ^~~~~~~~~~~~~~~~~~~~~~
%Warning-UNUSEDPARAM: ips/pkgs/prim_secded_pkg.sv:81:25: Parameter is not used: 'Secded2216ZeroEcc'
                                                       : ... note: In instance 'spi_host'
   81 |   parameter logic [5:0] Secded2216ZeroEcc = 6'h0;
      |                         ^~~~~~~~~~~~~~~~~
%Warning-UNUSEDPARAM: ips/pkgs/prim_secded_pkg.sv:82:26: Parameter is not used: 'Secded2216ZeroWord'
                                                       : ... note: In instance 'spi_host'
   82 |   parameter logic [21:0] Secded2216ZeroWord = 22'h0;
      |                          ^~~~~~~~~~~~~~~~~~
%Warning-UNUSEDPARAM: ips/pkgs/prim_secded_pkg.sv:90:25: Parameter is not used: 'Secded2822ZeroEcc'
                                                       : ... note: In instance 'spi_host'
   90 |   parameter logic [5:0] Secded2822ZeroEcc = 6'h0;
      |                         ^~~~~~~~~~~~~~~~~
%Warning-UNUSEDPARAM: ips/pkgs/prim_secded_pkg.sv:91:26: Parameter is not used: 'Secded2822ZeroWord'
                                                       : ... note: In instance 'spi_host'
   91 |   parameter logic [27:0] Secded2822ZeroWord = 28'h0;
      |                          ^~~~~~~~~~~~~~~~~~
%Warning-UNUSEDPARAM: ips/pkgs/prim_secded_pkg.sv:99:25: Parameter is not used: 'Secded3932ZeroEcc'
                                                       : ... note: In instance 'spi_host'
   99 |   parameter logic [6:0] Secded3932ZeroEcc = 7'h0;
      |                         ^~~~~~~~~~~~~~~~~
%Warning-UNUSEDPARAM: ips/pkgs/prim_secded_pkg.sv:100:26: Parameter is not used: 'Secded3932ZeroWord'
                                                        : ... note: In instance 'spi_host'
  100 |   parameter logic [38:0] Secded3932ZeroWord = 39'h0;
      |                          ^~~~~~~~~~~~~~~~~~
%Warning-UNUSEDPARAM: ips/pkgs/prim_secded_pkg.sv:108:25: Parameter is not used: 'Secded6457ZeroEcc'
                                                        : ... note: In instance 'spi_host'
  108 |   parameter logic [6:0] Secded6457ZeroEcc = 7'h0;
      |                         ^~~~~~~~~~~~~~~~~
%Warning-UNUSEDPARAM: ips/pkgs/prim_secded_pkg.sv:109:26: Parameter is not used: 'Secded6457ZeroWord'
                                                        : ... note: In instance 'spi_host'
  109 |   parameter logic [63:0] Secded6457ZeroWord = 64'h0;
      |                          ^~~~~~~~~~~~~~~~~~
%Warning-UNUSEDPARAM: ips/pkgs/prim_secded_pkg.sv:117:25: Parameter is not used: 'Secded7264ZeroEcc'
                                                        : ... note: In instance 'spi_host'
  117 |   parameter logic [7:0] Secded7264ZeroEcc = 8'h0;
      |                         ^~~~~~~~~~~~~~~~~
%Warning-UNUSEDPARAM: ips/pkgs/prim_secded_pkg.sv:118:26: Parameter is not used: 'Secded7264ZeroWord'
                                                        : ... note: In instance 'spi_host'
  118 |   parameter logic [71:0] Secded7264ZeroWord = 72'h0;
      |                          ^~~~~~~~~~~~~~~~~~
%Warning-UNUSEDPARAM: ips/pkgs/prim_secded_pkg.sv:126:25: Parameter is not used: 'SecdedHamming2216ZeroEcc'
                                                        : ... note: In instance 'spi_host'
  126 |   parameter logic [5:0] SecdedHamming2216ZeroEcc = 6'h0;
      |                         ^~~~~~~~~~~~~~~~~~~~~~~~
%Warning-UNUSEDPARAM: ips/pkgs/prim_secded_pkg.sv:127:26: Parameter is not used: 'SecdedHamming2216ZeroWord'
                                                        : ... note: In instance 'spi_host'
  127 |   parameter logic [21:0] SecdedHamming2216ZeroWord = 22'h0;
      |                          ^~~~~~~~~~~~~~~~~~~~~~~~~
%Warning-UNUSEDPARAM: ips/pkgs/prim_secded_pkg.sv:135:25: Parameter is not used: 'SecdedHamming3932ZeroEcc'
                                                        : ... note: In instance 'spi_host'
  135 |   parameter logic [6:0] SecdedHamming3932ZeroEcc = 7'h0;
      |                         ^~~~~~~~~~~~~~~~~~~~~~~~
%Warning-UNUSEDPARAM: ips/pkgs/prim_secded_pkg.sv:136:26: Parameter is not used: 'SecdedHamming3932ZeroWord'
                                                        : ... note: In instance 'spi_host'
  136 |   parameter logic [38:0] SecdedHamming3932ZeroWord = 39'h0;
      |                          ^~~~~~~~~~~~~~~~~~~~~~~~~
%Warning-UNUSEDPARAM: ips/pkgs/prim_secded_pkg.sv:144:25: Parameter is not used: 'SecdedHamming7264ZeroEcc'
                                                        : ... note: In instance 'spi_host'
  144 |   parameter logic [7:0] SecdedHamming7264ZeroEcc = 8'h0;
      |                         ^~~~~~~~~~~~~~~~~~~~~~~~
%Warning-UNUSEDPARAM: ips/pkgs/prim_secded_pkg.sv:145:26: Parameter is not used: 'SecdedHamming7264ZeroWord'
                                                        : ... note: In instance 'spi_host'
  145 |   parameter logic [71:0] SecdedHamming7264ZeroWord = 72'h0;
      |                          ^~~~~~~~~~~~~~~~~~~~~~~~~
%Warning-UNUSEDPARAM: ips/pkgs/prim_secded_pkg.sv:153:25: Parameter is not used: 'SecdedHamming7668ZeroEcc'
                                                        : ... note: In instance 'spi_host'
  153 |   parameter logic [7:0] SecdedHamming7668ZeroEcc = 8'h0;
      |                         ^~~~~~~~~~~~~~~~~~~~~~~~
%Warning-UNUSEDPARAM: ips/pkgs/prim_secded_pkg.sv:154:26: Parameter is not used: 'SecdedHamming7668ZeroWord'
                                                        : ... note: In instance 'spi_host'
  154 |   parameter logic [75:0] SecdedHamming7668ZeroWord = 76'h0;
      |                          ^~~~~~~~~~~~~~~~~~~~~~~~~
%Warning-UNUSEDPARAM: ips/pkgs/prim_secded_pkg.sv:162:25: Parameter is not used: 'SecdedInv2216ZeroEcc'
                                                        : ... note: In instance 'spi_host'
  162 |   parameter logic [5:0] SecdedInv2216ZeroEcc = 6'h2A;
      |                         ^~~~~~~~~~~~~~~~~~~~
%Warning-UNUSEDPARAM: ips/pkgs/prim_secded_pkg.sv:163:26: Parameter is not used: 'SecdedInv2216ZeroWord'
                                                        : ... note: In instance 'spi_host'
  163 |   parameter logic [21:0] SecdedInv2216ZeroWord = 22'h2A0000;
      |                          ^~~~~~~~~~~~~~~~~~~~~
%Warning-UNUSEDPARAM: ips/pkgs/prim_secded_pkg.sv:171:25: Parameter is not used: 'SecdedInv2822ZeroEcc'
                                                        : ... note: In instance 'spi_host'
  171 |   parameter logic [5:0] SecdedInv2822ZeroEcc = 6'h2A;
      |                         ^~~~~~~~~~~~~~~~~~~~
%Warning-UNUSEDPARAM: ips/pkgs/prim_secded_pkg.sv:172:26: Parameter is not used: 'SecdedInv2822ZeroWord'
                                                        : ... note: In instance 'spi_host'
  172 |   parameter logic [27:0] SecdedInv2822ZeroWord = 28'hA800000;
      |                          ^~~~~~~~~~~~~~~~~~~~~
%Warning-UNUSEDPARAM: ips/pkgs/prim_secded_pkg.sv:180:25: Parameter is not used: 'SecdedInv3932ZeroEcc'
                                                        : ... note: In instance 'spi_host'
  180 |   parameter logic [6:0] SecdedInv3932ZeroEcc = 7'h2A;
      |                         ^~~~~~~~~~~~~~~~~~~~
%Warning-UNUSEDPARAM: ips/pkgs/prim_secded_pkg.sv:181:26: Parameter is not used: 'SecdedInv3932ZeroWord'
                                                        : ... note: In instance 'spi_host'
  181 |   parameter logic [38:0] SecdedInv3932ZeroWord = 39'h2A00000000;
      |                          ^~~~~~~~~~~~~~~~~~~~~
%Warning-UNUSEDPARAM: ips/pkgs/prim_secded_pkg.sv:189:25: Parameter is not used: 'SecdedInv6457ZeroEcc'
                                                        : ... note: In instance 'spi_host'
  189 |   parameter logic [6:0] SecdedInv6457ZeroEcc = 7'h2A;
      |                         ^~~~~~~~~~~~~~~~~~~~
%Warning-UNUSEDPARAM: ips/pkgs/prim_secded_pkg.sv:190:26: Parameter is not used: 'SecdedInv6457ZeroWord'
                                                        : ... note: In instance 'spi_host'
  190 |   parameter logic [63:0] SecdedInv6457ZeroWord = 64'h5400000000000000;
      |                          ^~~~~~~~~~~~~~~~~~~~~
%Warning-UNUSEDPARAM: ips/pkgs/prim_secded_pkg.sv:198:25: Parameter is not used: 'SecdedInv7264ZeroEcc'
                                                        : ... note: In instance 'spi_host'
  198 |   parameter logic [7:0] SecdedInv7264ZeroEcc = 8'hAA;
      |                         ^~~~~~~~~~~~~~~~~~~~
%Warning-UNUSEDPARAM: ips/pkgs/prim_secded_pkg.sv:199:26: Parameter is not used: 'SecdedInv7264ZeroWord'
                                                        : ... note: In instance 'spi_host'
  199 |   parameter logic [71:0] SecdedInv7264ZeroWord = 72'hAA0000000000000000;
      |                          ^~~~~~~~~~~~~~~~~~~~~
%Warning-UNUSEDPARAM: ips/pkgs/prim_secded_pkg.sv:207:25: Parameter is not used: 'SecdedInvHamming2216ZeroEcc'
                                                        : ... note: In instance 'spi_host'
  207 |   parameter logic [5:0] SecdedInvHamming2216ZeroEcc = 6'h2A;
      |                         ^~~~~~~~~~~~~~~~~~~~~~~~~~~
%Warning-UNUSEDPARAM: ips/pkgs/prim_secded_pkg.sv:208:26: Parameter is not used: 'SecdedInvHamming2216ZeroWord'
                                                        : ... note: In instance 'spi_host'
  208 |   parameter logic [21:0] SecdedInvHamming2216ZeroWord = 22'h2A0000;
      |                          ^~~~~~~~~~~~~~~~~~~~~~~~~~~~
%Warning-UNUSEDPARAM: ips/pkgs/prim_secded_pkg.sv:216:25: Parameter is not used: 'SecdedInvHamming3932ZeroEcc'
                                                        : ... note: In instance 'spi_host'
  216 |   parameter logic [6:0] SecdedInvHamming3932ZeroEcc = 7'h2A;
      |                         ^~~~~~~~~~~~~~~~~~~~~~~~~~~
%Warning-UNUSEDPARAM: ips/pkgs/prim_secded_pkg.sv:217:26: Parameter is not used: 'SecdedInvHamming3932ZeroWord'
                                                        : ... note: In instance 'spi_host'
  217 |   parameter logic [38:0] SecdedInvHamming3932ZeroWord = 39'h2A00000000;
      |                          ^~~~~~~~~~~~~~~~~~~~~~~~~~~~
%Warning-UNUSEDPARAM: ips/pkgs/prim_secded_pkg.sv:225:25: Parameter is not used: 'SecdedInvHamming7264ZeroEcc'
                                                        : ... note: In instance 'spi_host'
  225 |   parameter logic [7:0] SecdedInvHamming7264ZeroEcc = 8'hAA;
      |                         ^~~~~~~~~~~~~~~~~~~~~~~~~~~
%Warning-UNUSEDPARAM: ips/pkgs/prim_secded_pkg.sv:226:26: Parameter is not used: 'SecdedInvHamming7264ZeroWord'
                                                        : ... note: In instance 'spi_host'
  226 |   parameter logic [71:0] SecdedInvHamming7264ZeroWord = 72'hAA0000000000000000;
      |                          ^~~~~~~~~~~~~~~~~~~~~~~~~~~~
%Warning-UNUSEDPARAM: ips/pkgs/prim_secded_pkg.sv:234:25: Parameter is not used: 'SecdedInvHamming7668ZeroEcc'
                                                        : ... note: In instance 'spi_host'
  234 |   parameter logic [7:0] SecdedInvHamming7668ZeroEcc = 8'hAA;
      |                         ^~~~~~~~~~~~~~~~~~~~~~~~~~~
%Warning-UNUSEDPARAM: ips/pkgs/prim_secded_pkg.sv:235:26: Parameter is not used: 'SecdedInvHamming7668ZeroWord'
                                                        : ... note: In instance 'spi_host'
  235 |   parameter logic [75:0] SecdedInvHamming7668ZeroWord = 76'hAA00000000000000000;
      |                          ^~~~~~~~~~~~~~~~~~~~~~~~~~~~
%Warning-UNUSEDSIGNAL: rtl/spi_host_core.sv:9:28: Bits of signal are not used: 'reg2hw'[25:18]
                                                : ... note: In instance 'spi_host.u_spi_host_core'
    9 |   input  spi_host_reg2hw_t reg2hw,
      |                            ^~~~~~
                       ... For warning description see https://verilator.org/warn/UNUSEDSIGNAL?v=5.036
                       ... Use "/* verilator lint_off UNUSEDSIGNAL */" and lint_on around source to disable this message.
%Warning-UNUSEDSIGNAL: rtl/spi_host_core.sv:45:26: Signal is not used: 'rx_fifo_depth'
                                                 : ... note: In instance 'spi_host.u_spi_host_core'
   45 |   logic [FifoDepthW-1:0] rx_fifo_depth, tx_fifo_depth;
      |                          ^~~~~~~~~~~~~
%Warning-UNUSEDSIGNAL: rtl/spi_host_core.sv:45:41: Signal is not used: 'tx_fifo_depth'
                                                 : ... note: In instance 'spi_host.u_spi_host_core'
   45 |   logic [FifoDepthW-1:0] rx_fifo_depth, tx_fifo_depth;
      |                                         ^~~~~~~~~~~~~
%Warning-UNUSEDPARAM: rtl/spi_host_reg_pkg.sv:100:25: Parameter is not used: 'SPI_HOST_STATUS_RESVAL'
                                                    : ... note: In instance 'spi_host.u_spi_host_core'
  100 |   parameter logic [3:0] SPI_HOST_STATUS_RESVAL = 4'h 0;
      |                         ^~~~~~~~~~~~~~~~~~~~~~
%Warning-UNUSEDPARAM: rtl/spi_host_reg_pkg.sv:101:25: Parameter is not used: 'SPI_HOST_RDATA_RESVAL'
                                                    : ... note: In instance 'spi_host.u_spi_host_core'
  101 |   parameter logic [7:0] SPI_HOST_RDATA_RESVAL = 8'h 0;
      |                         ^~~~~~~~~~~~~~~~~~~~~
%Warning-UNUSEDSIGNAL: ips/tlul/tlul_adapter_reg.sv:65:51: Signal is not used: 'instr_error'
                                                         : ... note: In instance 'spi_host.u_spi_host_reg.u_reg_if'
   65 |   logic             error_q, error, err_internal, instr_error, intg_error;
      |                                                   ^~~~~~~~~~~
%Warning-UNUSEDSIGNAL: ips/tlul/tlul_adapter_reg.sv:65:64: Signal is not used: 'intg_error'
                                                         : ... note: In instance 'spi_host.u_spi_host_reg.u_reg_if'
   65 |   logic             error_q, error, err_internal, instr_error, intg_error;
      |                                                                ^~~~~~~~~~
%Warning-UNUSEDSIGNAL: ips/tlul/tlul_adapter_reg.sv:68:9: Signal is not used: 'malformed_meta_err'
                                                        : ... note: In instance 'spi_host.u_spi_host_reg.u_reg_if'
   68 |   logic malformed_meta_err;  
      |         ^~~~~~~~~~~~~~~~~~
%Warning-UNUSEDSIGNAL: ips/tlul/tlul_adapter_reg.sv:69:9: Signal is not used: 'tl_err'
                                                        : ... note: In instance 'spi_host.u_spi_host_reg.u_reg_if'
   69 |   logic tl_err;              
      |         ^~~~~~
%Warning-UNUSEDSIGNAL: ips/tlul/tlul_err.sv:9:9: Signal is not used: 'clk_i'
                                               : ... note: In instance 'spi_host.u_spi_host_reg.u_reg_if.u_err'
    9 |   input clk_i,
      |         ^~~~~
%Warning-UNUSEDSIGNAL: ips/tlul/tlul_err.sv:10:9: Signal is not used: 'rst_ni'
                                                : ... note: In instance 'spi_host.u_spi_host_reg.u_reg_if.u_err'
   10 |   input rst_ni,
      |         ^~~~~~
%Warning-UNUSEDSIGNAL: ips/tlul/tlul_err.sv:12:18: Bits of signal are not used: 'tl_i'[104:102,99:92,55:24,0]
                                                 : ... note: In instance 'spi_host.u_spi_host_reg.u_reg_if.u_err'
   12 |   input tl_h2d_t tl_i,
      |                  ^~~~
%Warning-UNUSEDPARAM: ips/tlul/tlul_err.sv:17:18: Parameter is not used: 'IW'
                                                : ... note: In instance 'spi_host.u_spi_host_reg.u_reg_if.u_err'
   17 |   localparam int IW  = $bits(tl_i.a_source);
      |                  ^~
%Warning-UNUSEDPARAM: ips/tlul/tlul_err.sv:18:18: Parameter is not used: 'SZW'
                                                : ... note: In instance 'spi_host.u_spi_host_reg.u_reg_if.u_err'
   18 |   localparam int SZW = $bits(tl_i.a_size);
      |                  ^~~
%Warning-UNUSEDPARAM: ips/pkgs/tlul_pkg.sv:14:13: Parameter is not used: 'ArbiterImpl'
                                                : ... note: In instance 'spi_host.u_spi_host_core.u_spi_rxfifo.gen_normal_fifo.u_fifo_cnt'
   14 |   parameter ArbiterImpl = "PPC";
      |             ^~~~~~~~~~~
%Warning-UNUSEDPARAM: ips/pkgs/tlul_pkg.sv:29:17: Parameter is not used: 'H2DCmdFullWidth'
                                                : ... note: In instance 'spi_host.u_spi_host_core.u_spi_rxfifo.gen_normal_fifo.u_fifo_cnt'
   29 |   parameter int H2DCmdFullWidth = H2DCmdMaxWidth + H2DCmdIntgWidth;
      |                 ^~~~~~~~~~~~~~~
%Warning-UNUSEDPARAM: ips/pkgs/tlul_pkg.sv:32:17: Parameter is not used: 'D2HRspFullWidth'
                                                : ... note: In instance 'spi_host.u_spi_host_core.u_spi_rxfifo.gen_normal_fifo.u_fifo_cnt'
   32 |   parameter int D2HRspFullWidth = D2HRspMaxWidth + D2HRspIntgWidth;
      |                 ^~~~~~~~~~~~~~~
%Warning-UNUSEDPARAM: ips/pkgs/tlul_pkg.sv:35:17: Parameter is not used: 'DataFullWidth'
                                                : ... note: In instance 'spi_host.u_spi_host_core.u_spi_rxfifo.gen_normal_fifo.u_fifo_cnt'
   35 |   parameter int DataFullWidth   = DataMaxWidth + DataIntgWidth;
      |                 ^~~~~~~~~~~~~
%Warning-UNUSEDPARAM: ips/pkgs/tlul_pkg.sv:39:40: Parameter is not used: 'DataWhenInstrError'
                                                : ... note: In instance 'spi_host.u_spi_host_core.u_spi_rxfifo.gen_normal_fifo.u_fifo_cnt'
   39 |   parameter logic [top_pkg::TL_DW-1:0] DataWhenInstrError = '0;
      |                                        ^~~~~~~~~~~~~~~~~~
%Warning-UNUSEDPARAM: ips/pkgs/tlul_pkg.sv:42:40: Parameter is not used: 'DataWhenError'
                                                : ... note: In instance 'spi_host.u_spi_host_core.u_spi_rxfifo.gen_normal_fifo.u_fifo_cnt'
   42 |   parameter logic [top_pkg::TL_DW-1:0] DataWhenError      = {top_pkg::TL_DW{1'b1}};
      |                                        ^~~~~~~~~~~~~
%Warning-UNUSEDPARAM: ips/pkgs/tlul_pkg.sv:87:23: Parameter is not used: 'TL_H2D_DEFAULT'
                                                : ... note: In instance 'spi_host.u_spi_host_core.u_spi_rxfifo.gen_normal_fifo.u_fifo_cnt'
   87 |   localparam tl_h2d_t TL_H2D_DEFAULT = '{
      |                       ^~~~~~~~~~~~~~
%Warning-UNUSEDPARAM: ips/pkgs/tlul_pkg.sv:131:23: Parameter is not used: 'TL_D2H_DEFAULT'
                                                 : ... note: In instance 'spi_host.u_spi_host_core.u_spi_rxfifo.gen_normal_fifo.u_fifo_cnt'
  131 |   localparam tl_d2h_t TL_D2H_DEFAULT = '{
      |                       ^~~~~~~~~~~~~~
- V e r i l a t i o n   R e p o r t: Verilator 5.036 2025-04-27 rev v5.036-48-g0dc93c1d5
- Verilator: Built from 15.806 MB sources in 75 modules, into 0.112 MB in 5 C++ files needing 0.000 MB
- Verilator: Walltime 0.076 s (elab=0.012, cvt=0.019, bld=0.000); cpu 0.076 s on 1 threads; alloced 37.148 MB
