OpenSTA 2.7.0 3b2961ebd2 Copyright (c) 2025, Parallax Software, Inc.
License GPLv3: GNU GPL version 3 <http://gnu.org/licenses/gpl.html>

This is free software, and you are free to change and redistribute it
under certain conditions; type `show_copying' for details. 
This program comes with ABSOLUTELY NO WARRANTY; for details type `show_warranty'.

===========================================================================
Define corners Slowest Typical Fastest
===========================================================================

define_corners Slowest Typical Fastest

===========================================================================
Read liberty files
===========================================================================

read_liberty -corner Slowest lib/sky130_fd_sc_hd__ss_100C_1v40.lib
read_liberty -corner Typical lib/sky130_fd_sc_hd__tt_025C_1v80.lib
read_liberty -corner Fastest lib/sky130_fd_sc_hd__ff_n40C_1v95.lib

===========================================================================
Read verilog and link top module
===========================================================================

read_verilog syn/spi_host_synth.v
link_design spi_host

===========================================================================
Read SDC
===========================================================================

read_sdc ors/spi_host.sdc


===========================================================================
(Probability Power Analysis) report_power
============================================================================
set_power_activity -input -activity .10
set_power_activity -input_port rst_ni -activity 0

======================= Fastest Corner ===================================
Group                  Internal  Switching    Leakage      Total
                          Power      Power      Power      Power (Watts)
----------------------------------------------------------------
Sequential             6.32e-04   9.16e-06   6.35e-08   6.41e-04  95.3%
Combinational          1.54e-05   1.59e-05   1.21e-09   3.13e-05   4.7%
Clock                  0.00e+00   0.00e+00   0.00e+00   0.00e+00   0.0%
Macro                  0.00e+00   0.00e+00   0.00e+00   0.00e+00   0.0%
Pad                    0.00e+00   0.00e+00   0.00e+00   0.00e+00   0.0%
----------------------------------------------------------------
Total                  6.48e-04   2.51e-05   6.47e-08   6.73e-04 100.0%
                          96.3%       3.7%       0.0%


======================= Slowest Corner ===================================
Group                  Internal  Switching    Leakage      Total
                          Power      Power      Power      Power (Watts)
----------------------------------------------------------------
Sequential             3.09e-04   4.41e-06   1.47e-06   3.15e-04  95.0%
Combinational          8.56e-06   7.59e-06   5.78e-07   1.67e-05   5.0%
Clock                  0.00e+00   0.00e+00   0.00e+00   0.00e+00   0.0%
Macro                  0.00e+00   0.00e+00   0.00e+00   0.00e+00   0.0%
Pad                    0.00e+00   0.00e+00   0.00e+00   0.00e+00   0.0%
----------------------------------------------------------------
Total                  3.18e-04   1.20e-05   2.04e-06   3.32e-04 100.0%
                          95.8%       3.6%       0.6%


======================= Typical Corner ===================================
Group                  Internal  Switching    Leakage      Total
                          Power      Power      Power      Power (Watts)
----------------------------------------------------------------
Sequential             5.46e-04   7.68e-06   6.28e-08   5.54e-04  95.3%
Combinational          1.42e-05   1.34e-05   6.74e-10   2.76e-05   4.7%
Clock                  0.00e+00   0.00e+00   0.00e+00   0.00e+00   0.0%
Macro                  0.00e+00   0.00e+00   0.00e+00   0.00e+00   0.0%
Pad                    0.00e+00   0.00e+00   0.00e+00   0.00e+00   0.0%
----------------------------------------------------------------
Total                  5.61e-04   2.10e-05   6.35e-08   5.82e-04 100.0%
                          96.4%       3.6%       0.0%

===========================================================================
(VCD Power Analysis) report_power
============================================================================
read_vcd -scope spi_host_tb/u_spi_host sim/dump_spi_host.vcd
Annotated 182 pin activities.

======================= Fastest Corner ===================================
Group                  Internal  Switching    Leakage      Total
                          Power      Power      Power      Power (Watts)
----------------------------------------------------------------
Sequential             6.02e-04   1.74e-07   2.35e-09   6.02e-04  99.9%
Combinational          3.86e-07   4.88e-07   1.29e-09   8.75e-07   0.1%
Clock                  0.00e+00   0.00e+00   0.00e+00   0.00e+00   0.0%
Macro                  0.00e+00   0.00e+00   0.00e+00   0.00e+00   0.0%
Pad                    0.00e+00   0.00e+00   0.00e+00   0.00e+00   0.0%
----------------------------------------------------------------
Total                  6.02e-04   6.62e-07   3.64e-09   6.03e-04 100.0%
                          99.9%       0.1%       0.0%


======================= Slowest Corner ===================================
Group                  Internal  Switching    Leakage      Total
                          Power      Power      Power      Power (Watts)
----------------------------------------------------------------
Sequential             2.94e-04   8.55e-08   1.39e-06   2.95e-04  99.6%
Combinational          2.07e-07   2.34e-07   6.13e-07   1.05e-06   0.4%
Clock                  0.00e+00   0.00e+00   0.00e+00   0.00e+00   0.0%
Macro                  0.00e+00   0.00e+00   0.00e+00   0.00e+00   0.0%
Pad                    0.00e+00   0.00e+00   0.00e+00   0.00e+00   0.0%
----------------------------------------------------------------
Total                  2.94e-04   3.20e-07   2.01e-06   2.96e-04 100.0%
                          99.2%       0.1%       0.7%


======================= Typical Corner ===================================
Group                  Internal  Switching    Leakage      Total
                          Power      Power      Power      Power (Watts)
----------------------------------------------------------------
Sequential             5.20e-04   1.47e-07   1.68e-09   5.20e-04  99.9%
Combinational          3.47e-07   4.11e-07   7.24e-10   7.59e-07   0.1%
Clock                  0.00e+00   0.00e+00   0.00e+00   0.00e+00   0.0%
Macro                  0.00e+00   0.00e+00   0.00e+00   0.00e+00   0.0%
Pad                    0.00e+00   0.00e+00   0.00e+00   0.00e+00   0.0%
----------------------------------------------------------------
Total                  5.20e-04   5.58e-07   2.40e-09   5.21e-04 100.0%
                          99.9%       0.1%       0.0%

