analysis=power_analysis corner=ss stage=post_syn
workload=random_seed_2_sv_ss
gls_report=/home/eneadim/github/flexsoc/workspace/runs/cordic/dev/dv/functional/sim/post_syn/sky130/cordic_post_syn_random_seed_2_sv_ss.json
activity_file=/home/eneadim/github/flexsoc/workspace/runs/cordic/dev/signoff/sky130/power/activity/captures/cordic_sky130_random_seed_2_sv_ss.vcd
activity_scope=cordic_tb/u_cordic
liberty=/home/eneadim/github/flexsoc/.flexsoc/pdks/ciel/sky130/versions/f6eeac7dad085ffcc829ccfd721f7b4ce39edcf7/sky130A/libs.ref/sky130_fd_sc_hd/lib/sky130_fd_sc_hd__ss_n40C_1v76.lib
netlist=/home/eneadim/github/flexsoc/workspace/runs/cordic/dev/syn/sky130/cordic_synth.v
sdc=/home/eneadim/github/flexsoc/workspace/runs/cordic/dev/signoff/sky130/cordic.sdc
spef=

=== Units ===
 time 1ns
 capacitance 1pF
 resistance 1kohm
 voltage 1v
 current 1mA
 power 1nW
 distance 1um

=== Constraint validation ===

=== Activity annotation ===
annotated_percent=100.00%
Unannotated pins: none

=== Power summary ===
Group                  Internal  Switching    Leakage      Total
                          Power      Power      Power      Power (Watts)
----------------------------------------------------------------
Sequential             1.15e-03   3.62e-06   1.21e-09   1.16e-03  94.5%
Combinational          2.92e-05   3.79e-05   2.48e-09   6.71e-05   5.5%
Clock                  0.00e+00   0.00e+00   0.00e+00   0.00e+00   0.0%
Macro                  0.00e+00   0.00e+00   0.00e+00   0.00e+00   0.0%
Pad                    0.00e+00   0.00e+00   0.00e+00   0.00e+00   0.0%
----------------------------------------------------------------
Total                  1.18e-03   4.15e-05   3.70e-09   1.22e-03 100.0%
                          96.6%       3.4%       0.0%

=== Highest-power instances ===
   Internal  Switching    Leakage      Total
      Power      Power      Power      Power (Watts)
--------------------------------------------
   4.04e-06   1.31e-06   4.90e-12   5.35e-06 _4602_
   3.98e-06   3.57e-07   4.89e-12   4.34e-06 _4603_
   3.96e-06   1.41e-07   4.89e-12   4.10e-06 _4604_
   4.05e-06   3.27e-08   4.87e-12   4.09e-06 _4592_
   3.94e-06   1.23e-07   4.77e-12   4.06e-06 _4712_
   4.00e-06   5.12e-08   4.00e-12   4.05e-06 _4622_
   4.01e-06   4.37e-08   3.18e-12   4.05e-06 _4642_
   4.00e-06   4.28e-08   4.00e-12   4.05e-06 _4621_
   3.99e-06   4.90e-08   4.00e-12   4.04e-06 _4623_
   4.00e-06   3.39e-08   3.99e-12   4.04e-06 _4618_
   4.00e-06   3.04e-08   3.62e-12   4.03e-06 _4645_
   3.99e-06   4.17e-08   3.86e-12   4.03e-06 _4626_
   4.00e-06   2.51e-08   3.99e-12   4.03e-06 _4619_
   4.00e-06   2.55e-08   4.00e-12   4.03e-06 _4620_
   3.99e-06   3.51e-08   4.08e-12   4.03e-06 _4644_
   3.99e-06   3.68e-08   3.99e-12   4.02e-06 _4612_
   3.99e-06   3.05e-08   3.98e-12   4.02e-06 _4616_
   3.99e-06   2.86e-08   4.31e-12   4.02e-06 _4643_
   3.98e-06   3.41e-08   3.74e-12   4.02e-06 _4625_
   3.98e-06   3.50e-08   4.07e-12   4.01e-06 _4629_

=== FlexSoC normalized power fields ===
dynamic_power_definition=internal_power+switching_power
power_unit=OpenSTA report unit; see Units section
internal_power=0.00118
switching_power=4.15e-05
dynamic_power=0.0012215000000000001
leakage_power=3.7e-09
total_power=0.00122
