analysis=power_analysis corner=ff stage=post_syn
workload=random_seed_1_sv_ff
gls_report=/home/eneadim/github/flexsoc/workspace/runs/cordic/dev/dv/functional/sim/post_syn/sky130/cordic_post_syn_random_seed_1_sv_ff.json
activity_file=/home/eneadim/github/flexsoc/workspace/runs/cordic/dev/signoff/sky130/power/activity/captures/cordic_sky130_random_seed_1_sv_ff.vcd
activity_scope=cordic_tb/u_cordic
liberty=/home/eneadim/github/flexsoc/.flexsoc/pdks/ciel/sky130/versions/f6eeac7dad085ffcc829ccfd721f7b4ce39edcf7/sky130A/libs.ref/sky130_fd_sc_hd/lib/sky130_fd_sc_hd__ff_n40C_1v95_ccsnoise.lib
netlist=/home/eneadim/github/flexsoc/workspace/runs/cordic/dev/syn/sky130/cordic_synth.v
sdc=/home/eneadim/github/flexsoc/workspace/runs/cordic/dev/signoff/sky130/cordic.sdc
spef=

=== Units ===
 time 1ns
 capacitance 1pF
 resistance 1kohm
 voltage 1v
 current 1mA
 power 1nW
 distance 1um

=== Constraint validation ===

=== Activity annotation ===
annotated_percent=100.00%
Unannotated pins: none

=== Power summary ===
Group                  Internal  Switching    Leakage      Total
                          Power      Power      Power      Power (Watts)
----------------------------------------------------------------
Sequential             1.41e-03   4.74e-06   3.89e-09   1.41e-03  94.0%
Combinational          3.79e-05   5.17e-05   8.36e-09   8.96e-05   6.0%
Clock                  0.00e+00   0.00e+00   0.00e+00   0.00e+00   0.0%
Macro                  0.00e+00   0.00e+00   0.00e+00   0.00e+00   0.0%
Pad                    0.00e+00   0.00e+00   0.00e+00   0.00e+00   0.0%
----------------------------------------------------------------
Total                  1.45e-03   5.64e-05   1.22e-08   1.50e-03 100.0%
                          96.2%       3.8%       0.0%

=== Highest-power instances ===
   Internal  Switching    Leakage      Total
      Power      Power      Power      Power (Watts)
--------------------------------------------
   4.94e-06   1.71e-06   1.64e-11   6.65e-06 _4602_
   4.86e-06   4.62e-07   1.64e-11   5.33e-06 _4603_
   4.83e-06   1.82e-07   1.64e-11   5.02e-06 _4604_
   4.95e-06   4.21e-08   1.63e-11   4.99e-06 _4592_
   4.90e-06   8.96e-08   1.41e-11   4.99e-06 _4623_
   4.90e-06   7.30e-08   1.14e-11   4.97e-06 _4622_
   4.91e-06   6.10e-08   1.14e-11   4.97e-06 _4621_
   4.81e-06   1.59e-07   1.59e-11   4.97e-06 _4712_
   4.90e-06   4.99e-08   1.14e-11   4.95e-06 _4618_
   4.89e-06   5.26e-08   1.28e-11   4.95e-06 _4642_
   4.89e-06   5.45e-08   1.10e-11   4.94e-06 _4625_
   4.91e-06   3.38e-08   1.14e-11   4.94e-06 _4619_
   4.89e-06   4.60e-08   1.56e-11   4.94e-06 _4643_
   4.90e-06   3.44e-08   1.14e-11   4.94e-06 _4620_
   4.88e-06   5.00e-08   1.14e-11   4.93e-06 _4612_
   4.88e-06   5.27e-08   1.29e-11   4.93e-06 _4626_
   4.88e-06   4.99e-08   1.38e-11   4.93e-06 _4644_
   4.89e-06   4.42e-08   1.14e-11   4.93e-06 _4616_
   4.88e-06   4.89e-08   1.24e-11   4.93e-06 _4646_
   4.89e-06   3.61e-08   1.38e-11   4.92e-06 _4645_

=== FlexSoC normalized power fields ===
dynamic_power_definition=internal_power+switching_power
power_unit=OpenSTA report unit; see Units section
internal_power=0.00145
switching_power=5.64e-05
dynamic_power=0.0015064
leakage_power=1.22e-08
total_power=0.0015
