analysis=power_analysis corner=ff stage=post_syn
workload=smoke_sv_ff
gls_report=/home/eneadim/github/flexsoc/workspace/runs/uart/dev/dv/functional/sim/post_syn/sky130/uart_post_syn_smoke_sv_ff.json
activity_file=/home/eneadim/github/flexsoc/workspace/runs/uart/dev/signoff/sky130/power/activity/captures/uart_sky130_smoke_sv_ff.vcd
activity_scope=uart_tb/u_uart
liberty=/home/eneadim/github/flexsoc/.flexsoc/pdks/ciel/sky130/versions/f6eeac7dad085ffcc829ccfd721f7b4ce39edcf7/sky130A/libs.ref/sky130_fd_sc_hd/lib/sky130_fd_sc_hd__ff_n40C_1v95_ccsnoise.lib
netlist=/home/eneadim/github/flexsoc/workspace/runs/uart/dev/syn/sky130/uart_synth.v
sdc=/home/eneadim/github/flexsoc/workspace/runs/uart/dev/signoff/sky130/uart.sdc
spef=

=== Units ===
 time 1ns
 capacitance 1pF
 resistance 1kohm
 voltage 1v
 current 1mA
 power 1nW
 distance 1um

=== Constraint validation ===

=== Activity annotation ===
annotated_percent=100.00%
Unannotated pins: none

=== Power summary ===
Group                  Internal  Switching    Leakage      Total
                          Power      Power      Power      Power (Watts)
----------------------------------------------------------------
Sequential             1.78e-03   3.77e-06   6.76e-09   1.78e-03  98.7%
Combinational          9.68e-06   1.32e-05   3.02e-09   2.29e-05   1.3%
Clock                  0.00e+00   0.00e+00   0.00e+00   0.00e+00   0.0%
Macro                  0.00e+00   0.00e+00   0.00e+00   0.00e+00   0.0%
Pad                    0.00e+00   0.00e+00   0.00e+00   0.00e+00   0.0%
----------------------------------------------------------------
Total                  1.78e-03   1.70e-05   9.79e-09   1.80e-03 100.0%
                          99.1%       0.9%       0.0%

=== Highest-power instances ===
   Internal  Switching    Leakage      Total
      Power      Power      Power      Power (Watts)
--------------------------------------------
   5.85e-06   1.15e-06   1.36e-11   7.00e-06 _1985_
   5.86e-06   4.12e-07   1.33e-11   6.27e-06 _1984_
   5.32e-06   3.83e-07   1.35e-11   5.70e-06 _1925_
   5.37e-06   1.98e-07   1.35e-11   5.57e-06 _1920_
   5.34e-06   0.00e+00   2.26e-11   5.34e-06 _2116_
   5.34e-06   0.00e+00   2.26e-11   5.34e-06 _2007_
   5.34e-06   0.00e+00   2.26e-11   5.34e-06 _2010_
   5.34e-06   0.00e+00   2.26e-11   5.34e-06 _2115_
   5.34e-06   0.00e+00   2.26e-11   5.34e-06 _2114_
   5.34e-06   0.00e+00   2.26e-11   5.34e-06 _2113_
   5.34e-06   0.00e+00   2.26e-11   5.34e-06 _2112_
   5.34e-06   0.00e+00   2.26e-11   5.34e-06 _2111_
   5.34e-06   0.00e+00   2.26e-11   5.34e-06 _2110_
   5.34e-06   0.00e+00   2.26e-11   5.34e-06 _2095_
   5.34e-06   0.00e+00   2.26e-11   5.34e-06 _2093_
   5.34e-06   0.00e+00   2.26e-11   5.34e-06 _2092_
   5.34e-06   0.00e+00   2.26e-11   5.34e-06 _2091_
   5.34e-06   0.00e+00   2.26e-11   5.34e-06 _2090_
   5.34e-06   0.00e+00   2.26e-11   5.34e-06 _2089_
   5.34e-06   0.00e+00   2.26e-11   5.34e-06 _2094_

=== FlexSoC normalized power fields ===
dynamic_power_definition=internal_power+switching_power
power_unit=OpenSTA report unit; see Units section
internal_power=0.00178
switching_power=1.7e-05
dynamic_power=0.001797
leakage_power=9.79e-09
total_power=0.0018
