FlexSoC run check · cordic
Technical REVIEW · Provenance CLEAN

Flow
Main step                    Status    
RTL lint                     PASS      
CDC / RDC                    REVIEW    
Functional verification      PASS      
Formal verification          PASS      
Synthesis                    PASS      
RTL ↔ synthesis equivalence  PARTIAL   
Pre-implementation sign-off  PASS      
Implementation / PnR         MISSING   
Post Sign-Off                INCOMPLETE
Run status: REVIEW

Provenance
Setup          State  Action
setup_cocotb   CLEAN  -     
setup_eqy      CLEAN  -     
setup_signoff  CLEAN  -     
setup_syn      CLEAN  -     
setup_tb       CLEAN  -     

RTL lint  Slang → Verilator
Tool       Status  Errors  Warnings  Latch  Width  Unused
slang      PASS         0         0      0      0       0
verilator  PASS         0       120      0      0       0

CDC / RDC  post-lint structural analysis
Status       REVIEW                                      
Domains      clocks=1 · resets=2 · sequential=31         
CDC          raw=0 · safe=0 · review=0 · warn=0 · error=0
RDC          raw=0 · safe=1 · review=0 · warn=0 · error=0
Obligations  0                                           
Report       analysis/cdc_rdc/cdc_rdc.rpt                

Functional verification
Status           PASS              
Generated tests  10                
sv logs          10                
cocotb logs      10                
Coverage all     7262/15856  45.80%
Coverage design  2033/2640  77.01% 

Formal verification
Suite       Stage  Status  Time  Traces
csr         bmc    PASS      5s       0
csr         prove  PASS      0s       0
csr         cover  PASS      0s       8
properties  bmc    PASS      3s       0
properties  prove  PASS      0s       0
properties  cover  PASS      0s       8

Synthesis
Strategy         delay1                       
Netlist          syn/ihp-sg13g2/cordic_synth.v
Cells            2693                         
Area             35800.5312                   
Sequential area  15088.5504                   
Errors           0                            
Warnings         0                            

RTL ↔ synthesis equivalence
Status             PARTIAL   
Partitions proven  0/6  0.00%
Partitions failed  0         
Engine errors      0         
Timeouts           0         
Unknown            6         
Log                None      

Pre-implementation sign-off
SDF                    PASS · corners=3               
STA                    PASS · ideal clock · none      
Gate-level simulation  50/50  PASS · interconnect none
Power estimate         PASS                           
Activity power         30/30  PASS                    
Timing / power fusion  30/30  PASS                    
STA QoR
Corner  Mode   Status   WNS (ns)   TNS (ns)  Viol  Unconstr
ss      setup  PASS    +0.000000  +0.000000     0         0
ss      hold   PASS    +0.000000  +0.000000     0         0
tt      setup  PASS    +0.000000  +0.000000     0         0
tt      hold   PASS    +0.000000  +0.000000     0         0
ff      setup  PASS    +0.000000  +0.000000     0         0
ff      hold   PASS    +0.000000  +0.000000     0         0
GLS matrix
Test             zero     unit      min      typ      max  
auto_toggle     PASS sv  PASS sv  PASS sv  PASS sv  PASS sv
corners         PASS sv  PASS sv  PASS sv  PASS sv  PASS sv
quadrant_sweep  PASS sv  PASS sv  PASS sv  PASS sv  PASS sv
random_seed_1   PASS sv  PASS sv  PASS sv  PASS sv  PASS sv
random_seed_2   PASS sv  PASS sv  PASS sv  PASS sv  PASS sv
random_small    PASS sv  PASS sv  PASS sv  PASS sv  PASS sv
reconfig        PASS sv  PASS sv  PASS sv  PASS sv  PASS sv
rotate_45deg    PASS sv  PASS sv  PASS sv  PASS sv  PASS sv
smoke           PASS sv  PASS sv  PASS sv  PASS sv  PASS sv
smoke_zero      PASS sv  PASS sv  PASS sv  PASS sv  PASS sv
Power estimate
Corner  Internal (mW)  Switching (mW)  Leakage (µW)  Total (mW)
ss             +2.250          +0.069        +2.850      +2.320
tt             +2.760          +0.091        +1.240      +2.850
ff             +3.570          +0.117        +3.980      +3.690
Activity power workloads
Workload              Test            Backend  Timing  Status
auto_toggle_sv_ff     auto_toggle       sv      min    PASS  
corners_sv_ff         corners           sv      min    PASS  
quadrant_sweep_sv_ff  quadrant_sweep    sv      min    PASS  
random_seed_1_sv_ff   random_seed_1     sv      min    PASS  
random_seed_2_sv_ff   random_seed_2     sv      min    PASS  
random_small_sv_ff    random_small      sv      min    PASS  
reconfig_sv_ff        reconfig          sv      min    PASS  
rotate_45deg_sv_ff    rotate_45deg      sv      min    PASS  
smoke_sv_ff           smoke             sv      min    PASS  
smoke_zero_sv_ff      smoke_zero        sv      min    PASS  
auto_toggle_sv_tt     auto_toggle       sv      typ    PASS  
corners_sv_tt         corners           sv      typ    PASS  
quadrant_sweep_sv_tt  quadrant_sweep    sv      typ    PASS  
random_seed_1_sv_tt   random_seed_1     sv      typ    PASS  
random_seed_2_sv_tt   random_seed_2     sv      typ    PASS  
random_small_sv_tt    random_small      sv      typ    PASS  
reconfig_sv_tt        reconfig          sv      typ    PASS  
rotate_45deg_sv_tt    rotate_45deg      sv      typ    PASS  
smoke_sv_tt           smoke             sv      typ    PASS  
smoke_zero_sv_tt      smoke_zero        sv      typ    PASS  
auto_toggle_sv_ss     auto_toggle       sv      max    PASS  
corners_sv_ss         corners           sv      max    PASS  
quadrant_sweep_sv_ss  quadrant_sweep    sv      max    PASS  
random_seed_1_sv_ss   random_seed_1     sv      max    PASS  
random_seed_2_sv_ss   random_seed_2     sv      max    PASS  
random_small_sv_ss    random_small      sv      max    PASS  
reconfig_sv_ss        reconfig          sv      max    PASS  
rotate_45deg_sv_ss    rotate_45deg      sv      max    PASS  
smoke_sv_ss           smoke             sv      max    PASS  
smoke_zero_sv_ss      smoke_zero        sv      max    PASS  
Timing / power fusion workloads
Workload              Test            Backend  Timing  Status
auto_toggle_sv_ff     auto_toggle       sv      min    PASS  
corners_sv_ff         corners           sv      min    PASS  
quadrant_sweep_sv_ff  quadrant_sweep    sv      min    PASS  
random_seed_1_sv_ff   random_seed_1     sv      min    PASS  
random_seed_2_sv_ff   random_seed_2     sv      min    PASS  
random_small_sv_ff    random_small      sv      min    PASS  
reconfig_sv_ff        reconfig          sv      min    PASS  
rotate_45deg_sv_ff    rotate_45deg      sv      min    PASS  
smoke_sv_ff           smoke             sv      min    PASS  
smoke_zero_sv_ff      smoke_zero        sv      min    PASS  
auto_toggle_sv_tt     auto_toggle       sv      typ    PASS  
corners_sv_tt         corners           sv      typ    PASS  
quadrant_sweep_sv_tt  quadrant_sweep    sv      typ    PASS  
random_seed_1_sv_tt   random_seed_1     sv      typ    PASS  
random_seed_2_sv_tt   random_seed_2     sv      typ    PASS  
random_small_sv_tt    random_small      sv      typ    PASS  
reconfig_sv_tt        reconfig          sv      typ    PASS  
rotate_45deg_sv_tt    rotate_45deg      sv      typ    PASS  
smoke_sv_tt           smoke             sv      typ    PASS  
smoke_zero_sv_tt      smoke_zero        sv      typ    PASS  
auto_toggle_sv_ss     auto_toggle       sv      max    PASS  
corners_sv_ss         corners           sv      max    PASS  
quadrant_sweep_sv_ss  quadrant_sweep    sv      max    PASS  
random_seed_1_sv_ss   random_seed_1     sv      max    PASS  
random_seed_2_sv_ss   random_seed_2     sv      max    PASS  
random_small_sv_ss    random_small      sv      max    PASS  
reconfig_sv_ss        reconfig          sv      max    PASS  
rotate_45deg_sv_ss    rotate_45deg      sv      max    PASS  
smoke_sv_ss           smoke             sv      max    PASS  
smoke_zero_sv_ss      smoke_zero        sv      max    PASS  

Detailed metrics: /home/eneadim/github/flexsoc/hw/ips/.ip-save.cordic.g9wfa3t_/cordic/meta/ihp-sg13g2/metrics.json
