analysis=power_analysis corner=ff stage=post_syn
workload=interrupt_levels_sv_ff
gls_report=/tmp/flexsoc-ip-v1-release-20260914/gpio-reg_iface/runs/gpio/release/dv/functional/sim/post_syn/ihp-sg13g2/gpio_post_syn_interrupt_levels_sv_ff.json
activity_file=/tmp/flexsoc-ip-v1-release-20260914/gpio-reg_iface/runs/gpio/release/signoff/ihp-sg13g2/power/activity/captures/gpio_ihp-sg13g2_interrupt_levels_sv_ff.vcd
activity_scope=gpio_tb/u_gpio
liberty=/home/eneadim/github/flexsoc/.flexsoc/pdks/ihp-sg13g2/ihp-sg13g2/libs.ref/sg13g2_stdcell/lib/sg13g2_stdcell_fast_1p65V_m40C.lib
netlist=/tmp/flexsoc-ip-v1-release-20260914/gpio-reg_iface/runs/gpio/release/syn/ihp-sg13g2/gpio_synth.v
sdc=/tmp/flexsoc-ip-v1-release-20260914/gpio-reg_iface/runs/gpio/release/constraints/gpio.sdc
spef=

=== Units ===
 time 1ns
 capacitance 1pF
 resistance 1kohm
 voltage 1v
 current 1uA
 power 1pW
 distance 1um

=== Constraint validation ===

=== Activity annotation ===
annotated_percent=100.00%
Unannotated pins: none

=== Power summary ===
Group                  Internal  Switching    Leakage      Total
                          Power      Power      Power      Power (Watts)
----------------------------------------------------------------
Sequential             7.72e-04   3.29e-06   3.34e-07   7.75e-04  95.0%
Combinational          1.93e-05   2.10e-05   3.62e-07   4.06e-05   5.0%
Clock                  0.00e+00   0.00e+00   0.00e+00   0.00e+00   0.0%
Macro                  0.00e+00   0.00e+00   0.00e+00   0.00e+00   0.0%
Pad                    0.00e+00   0.00e+00   0.00e+00   0.00e+00   0.0%
----------------------------------------------------------------
Total                  7.91e-04   2.43e-05   6.96e-07   8.16e-04 100.0%
                          96.9%       3.0%       0.1%

=== FlexSoC normalized power fields ===
dynamic_power_definition=internal_power+switching_power
power_unit=OpenSTA report unit; see Units section
internal_power=0.000791
switching_power=2.43e-05
dynamic_power=0.0008153
leakage_power=6.96e-07
total_power=0.000816
