analysis=power_analysis corner=ff stage=post_syn
workload=line_loopback_sv_ff
gls_report=/home/eneadim/github/flexsoc/workspace/runs/uart/dev/dv/functional/sim/post_syn/ihp-sg13g2/uart_post_syn_line_loopback_sv_ff.json
activity_file=/home/eneadim/github/flexsoc/workspace/runs/uart/dev/signoff/ihp-sg13g2/power/activity/captures/uart_ihp-sg13g2_line_loopback_sv_ff.vcd
activity_scope=uart_tb/u_uart
liberty=/home/eneadim/github/flexsoc/.flexsoc/pdks/ihp-sg13g2/ihp-sg13g2/libs.ref/sg13g2_stdcell/lib/sg13g2_stdcell_fast_1p65V_m40C.lib
netlist=/home/eneadim/github/flexsoc/workspace/runs/uart/dev/syn/ihp-sg13g2/uart_synth.v
sdc=/home/eneadim/github/flexsoc/workspace/runs/uart/dev/signoff/ihp-sg13g2/uart.sdc
spef=

=== Units ===
 time 1ns
 capacitance 1pF
 resistance 1kohm
 voltage 1v
 current 1uA
 power 1pW
 distance 1um

=== Constraint validation ===

=== Activity annotation ===
annotated_percent=100.00%
Unannotated pins: none

=== Power summary ===
Group                  Internal  Switching    Leakage      Total
                          Power      Power      Power      Power (Watts)
----------------------------------------------------------------
Sequential             3.41e-03   3.67e-06   1.45e-06   3.42e-03  99.2%
Combinational          1.39e-05   1.35e-05   1.46e-06   2.89e-05   0.8%
Clock                  0.00e+00   0.00e+00   0.00e+00   0.00e+00   0.0%
Macro                  0.00e+00   0.00e+00   0.00e+00   0.00e+00   0.0%
Pad                    0.00e+00   0.00e+00   0.00e+00   0.00e+00   0.0%
----------------------------------------------------------------
Total                  3.43e-03   1.71e-05   2.91e-06   3.45e-03 100.0%
                          99.4%       0.5%       0.1%

=== Highest-power instances ===
   Internal  Switching    Leakage      Total
      Power      Power      Power      Power (Watts)
--------------------------------------------
   1.34e-05   1.10e-06   4.59e-09   1.45e-05 _2868_
   1.35e-05   5.18e-07   4.59e-09   1.40e-05 _2867_
   1.25e-05   4.11e-08   4.35e-09   1.25e-05 _2877_
   1.20e-05   3.15e-07   4.59e-09   1.23e-05 _2808_
   1.20e-05   2.06e-07   4.59e-09   1.22e-05 _2803_
   1.17e-05   9.97e-08   4.59e-09   1.18e-05 _2852_
   1.17e-05   7.89e-08   4.58e-09   1.18e-05 _2862_
   1.17e-05   6.67e-08   4.58e-09   1.18e-05 _2864_
   1.16e-05   7.80e-08   4.59e-09   1.17e-05 _2866_
   1.16e-05   5.98e-08   4.59e-09   1.17e-05 _2860_
   1.16e-05   3.81e-08   4.59e-09   1.16e-05 _2853_
   1.15e-05   1.12e-07   4.59e-09   1.16e-05 _2804_
   1.13e-05   1.47e-07   4.59e-09   1.15e-05 _2809_
   1.14e-05   1.80e-08   4.59e-09   1.14e-05 _2856_
   1.14e-05   1.99e-08   4.59e-09   1.14e-05 _2858_
   1.14e-05   1.46e-08   4.59e-09   1.14e-05 _2857_
   1.13e-05   1.21e-08   4.59e-09   1.13e-05 _3092_
   1.13e-05   9.95e-09   4.59e-09   1.13e-05 _3103_
   1.13e-05   9.95e-09   4.59e-09   1.13e-05 _3113_
   1.13e-05   9.63e-09   4.59e-09   1.13e-05 _3121_

=== FlexSoC normalized power fields ===
dynamic_power_definition=internal_power+switching_power
power_unit=OpenSTA report unit; see Units section
internal_power=0.00343
switching_power=1.71e-05
dynamic_power=0.0034471
leakage_power=2.91e-06
total_power=0.00345
