analysis=power_analysis corner=ff stage=post_syn
workload=interrupt_levels_sv_ff
gls_report=/tmp/flexsoc-ip-v1-release-20260914/gpio-tlul/runs/gpio/release/dv/functional/sim/post_syn/sky130/gpio_post_syn_interrupt_levels_sv_ff.json
activity_file=/tmp/flexsoc-ip-v1-release-20260914/gpio-tlul/runs/gpio/release/signoff/sky130/power/activity/captures/gpio_sky130_interrupt_levels_sv_ff.vcd
activity_scope=gpio_tb/u_gpio
liberty=/home/eneadim/github/flexsoc/.flexsoc/pdks/ciel/sky130/versions/f6eeac7dad085ffcc829ccfd721f7b4ce39edcf7/sky130A/libs.ref/sky130_fd_sc_hd/lib/sky130_fd_sc_hd__ff_n40C_1v95_ccsnoise.lib
netlist=/tmp/flexsoc-ip-v1-release-20260914/gpio-tlul/runs/gpio/release/syn/sky130/gpio_synth.v
sdc=/tmp/flexsoc-ip-v1-release-20260914/gpio-tlul/runs/gpio/release/constraints/gpio.sdc
spef=

=== Units ===
 time 1ns
 capacitance 1pF
 resistance 1kohm
 voltage 1v
 current 1mA
 power 1nW
 distance 1um

=== Constraint validation ===

=== Activity annotation ===
annotated_percent=100.00%
Unannotated pins: none

=== Power summary ===
Group                  Internal  Switching    Leakage      Total
                          Power      Power      Power      Power (Watts)
----------------------------------------------------------------
Sequential             5.83e-04   4.76e-06   1.76e-09   5.87e-04  92.7%
Combinational          1.92e-05   2.71e-05   3.08e-09   4.63e-05   7.3%
Clock                  0.00e+00   0.00e+00   0.00e+00   0.00e+00   0.0%
Macro                  0.00e+00   0.00e+00   0.00e+00   0.00e+00   0.0%
Pad                    0.00e+00   0.00e+00   0.00e+00   0.00e+00   0.0%
----------------------------------------------------------------
Total                  6.02e-04   3.19e-05   4.84e-09   6.34e-04 100.0%
                          95.0%       5.0%       0.0%

=== FlexSoC normalized power fields ===
dynamic_power_definition=internal_power+switching_power
power_unit=OpenSTA report unit; see Units section
internal_power=0.000602
switching_power=3.19e-05
dynamic_power=0.0006339
leakage_power=4.84e-09
total_power=0.000634
