analysis=power_analysis corner=ff stage=post_syn
workload=auto_toggle_sv_ff
gls_report=/tmp/flexsoc-migrate-uart-master/runs/uart_master/migrate/dv/functional/sim/post_syn/ihp-sg13g2/uart_master_post_syn_auto_toggle_sv_ff.json
activity_file=/tmp/flexsoc-migrate-uart-master/runs/uart_master/migrate/signoff/ihp-sg13g2/power/activity/captures/uart_master_ihp-sg13g2_auto_toggle_sv_ff.vcd
activity_scope=uart_master_tb/u_uart_master
liberty=/home/eneadim/github/flexsoc/.flexsoc/pdks/ihp-sg13g2/ihp-sg13g2/libs.ref/sg13g2_stdcell/lib/sg13g2_stdcell_fast_1p65V_m40C.lib
netlist=/tmp/flexsoc-migrate-uart-master/runs/uart_master/migrate/syn/ihp-sg13g2/uart_master_synth.v
sdc=/tmp/flexsoc-migrate-uart-master/runs/uart_master/migrate/signoff/ihp-sg13g2/uart_master.sdc
spef=

=== Units ===
 time 1ns
 capacitance 1pF
 resistance 1kohm
 voltage 1v
 current 1uA
 power 1pW
 distance 1um

=== Constraint validation ===

=== Activity annotation ===
annotated_percent=100.00%
Unannotated pins: none

=== Power summary ===
Group                  Internal  Switching    Leakage      Total
                          Power      Power      Power      Power (Watts)
----------------------------------------------------------------
Sequential             4.86e-03   1.49e-05   2.26e-06   4.87e-03  97.3%
Combinational          6.35e-05   6.96e-05   2.13e-06   1.35e-04   2.7%
Clock                  0.00e+00   0.00e+00   0.00e+00   0.00e+00   0.0%
Macro                  0.00e+00   0.00e+00   0.00e+00   0.00e+00   0.0%
Pad                    0.00e+00   0.00e+00   0.00e+00   0.00e+00   0.0%
----------------------------------------------------------------
Total                  4.92e-03   8.44e-05   4.39e-06   5.01e-03 100.0%
                          98.2%       1.7%       0.1%

=== FlexSoC normalized power fields ===
dynamic_power_definition=internal_power+switching_power
power_unit=OpenSTA report unit; see Units section
internal_power=0.00492
switching_power=8.44e-05
dynamic_power=0.0050044
leakage_power=4.39e-06
total_power=0.00501
