analysis=power_analysis corner=ss stage=post_syn
workload=reconfig_sv_ss
gls_report=/tmp/flexsoc-uart-interface-contract-20260914/tlul/runs/uart/contract/dv/functional/sim/post_syn/ihp-sg13g2/uart_post_syn_reconfig_sv_ss.json
activity_file=/tmp/flexsoc-uart-interface-contract-20260914/tlul/runs/uart/contract/signoff/ihp-sg13g2/power/activity/captures/uart_ihp-sg13g2_reconfig_sv_ss.vcd
activity_scope=uart_tb/u_uart
liberty=/home/eneadim/github/flexsoc/.flexsoc/pdks/ihp-sg13g2/ihp-sg13g2/libs.ref/sg13g2_stdcell/lib/sg13g2_stdcell_slow_1p35V_125C.lib
netlist=/tmp/flexsoc-uart-interface-contract-20260914/tlul/runs/uart/contract/syn/ihp-sg13g2/uart_synth.v
sdc=/tmp/flexsoc-uart-interface-contract-20260914/tlul/runs/uart/contract/constraints/uart.sdc
spef=

=== Units ===
 time 1ns
 capacitance 1pF
 resistance 1kohm
 voltage 1v
 current 1uA
 power 1pW
 distance 1um

=== Constraint validation ===

=== Activity annotation ===
annotated_percent=100.00%
Unannotated pins: none

=== Power summary ===
Group                  Internal  Switching    Leakage      Total
                          Power      Power      Power      Power (Watts)
----------------------------------------------------------------
Sequential             2.61e-03   2.63e-06   1.33e-06   2.62e-03  98.9%
Combinational          1.42e-05   1.24e-05   1.49e-06   2.81e-05   1.1%
Clock                  0.00e+00   0.00e+00   0.00e+00   0.00e+00   0.0%
Macro                  0.00e+00   0.00e+00   0.00e+00   0.00e+00   0.0%
Pad                    0.00e+00   0.00e+00   0.00e+00   0.00e+00   0.0%
----------------------------------------------------------------
Total                  2.63e-03   1.50e-05   2.83e-06   2.64e-03 100.0%
                          99.3%       0.6%       0.1%

=== FlexSoC normalized power fields ===
dynamic_power_definition=internal_power+switching_power
power_unit=OpenSTA report unit; see Units section
internal_power=0.00263
switching_power=1.5e-05
dynamic_power=0.0026449999999999998
leakage_power=2.83e-06
total_power=0.00264
