FlexSoC run check · uart
Technical REVIEW · Provenance CLEAN

Flow
Main step                    Status    
RTL lint                     PASS      
CDC / RDC                    REVIEW    
Functional verification      PASS      
Formal verification          PASS      
Synthesis                    PASS      
RTL ↔ synthesis equivalence  PARTIAL   
Pre-implementation sign-off  PASS      
Implementation / PnR         MISSING   
Post Sign-Off                INCOMPLETE
Run status: REVIEW

Provenance
Setup          State  Action
setup_cocotb   CLEAN  -     
setup_signoff  CLEAN  -     
setup_syn      CLEAN  -     
setup_tb       CLEAN  -     

RTL lint  Slang → Verilator
Tool       Status  Errors  Warnings  Latch  Width  Unused
slang      PASS         0         1      0      0       0
verilator  PASS         0       202      0      0       0

CDC / RDC  post-lint structural analysis
Status       REVIEW                                      
Domains      clocks=1 · resets=1 · sequential=66         
CDC          raw=0 · safe=0 · review=0 · warn=0 · error=0
RDC          raw=0 · safe=0 · review=1 · warn=0 · error=0
Obligations  1                                           
Log          logs/analysis/cdc_rdc/cdc_rdc.log           

Functional verification
Status           PASS              
Generated tests  10                
sv logs          10                
cocotb logs      10                
Coverage all     5011/13437  37.29%
Coverage design  977/1574  62.07%  

Formal verification
Suite       Stage  Status  Time  Traces
csr         bmc    PASS      3s       0
csr         prove  PASS      0s       0
csr         cover  PASS      0s       6
properties  bmc    PASS      3s       0
properties  prove  PASS      0s       0
properties  cover  PASS      0s       8

Synthesis
Strategy         area0                      
Netlist          syn/ihp-sg13g2/uart_synth.v
Cells            1803                       
Area             29756.8782                 
Sequential area  16999.1136                 
Errors           0                          
Warnings         0                          

RTL ↔ synthesis equivalence
Status             PARTIAL   
Partitions proven  0/3  0.00%
Partitions failed  0         
Engine errors      0         
Timeouts           0         
Unknown            3         
Log                None      

Pre-implementation sign-off
SDF                    PASS · corners=3               
STA                    PASS · ideal clock · none      
Gate-level simulation  50/50  PASS · interconnect none
Power estimate         PASS                           
Activity power         30/30  PASS                    
Timing / power fusion  30/30  PASS                    

Detailed metrics: /tmp/flexsoc-reference-ips/.ip-save.uart.frk3r90o/uart/meta/ihp-sg13g2/metrics.json
