analysis=power_analysis corner=ss stage=post_syn
workload=smoke_sv_ss
gls_report=/tmp/flexsoc-repack/cordic/runs/cordic/dev/dv/functional/sim/post_syn/sky130/cordic_post_syn_smoke_sv_ss.json
activity_file=/tmp/flexsoc-repack/cordic/runs/cordic/dev/signoff/sky130/power/activity/captures/cordic_sky130_smoke_sv_ss.vcd
activity_scope=cordic_tb/u_cordic
liberty=/home/eneadim/github/flexsoc/.flexsoc/pdks/ciel/sky130/versions/f6eeac7dad085ffcc829ccfd721f7b4ce39edcf7/sky130A/libs.ref/sky130_fd_sc_hd/lib/sky130_fd_sc_hd__ss_n40C_1v76.lib
netlist=/tmp/flexsoc-repack/cordic/runs/cordic/dev/syn/sky130/cordic_synth.v
sdc=/tmp/flexsoc-repack/cordic/runs/cordic/dev/constraints/cordic.sdc
spef=

=== Units ===
 time 1ns
 capacitance 1pF
 resistance 1kohm
 voltage 1v
 current 1mA
 power 1nW
 distance 1um

=== Constraint validation ===

=== Activity annotation ===
annotated_percent=100.00%
Unannotated pins: none

=== Power summary ===
Group                  Internal  Switching    Leakage      Total
                          Power      Power      Power      Power (Watts)
----------------------------------------------------------------
Sequential             1.22e-03   1.17e-05   1.48e-09   1.23e-03  89.8%
Combinational          6.02e-05   7.95e-05   3.23e-09   1.40e-04  10.2%
Clock                  0.00e+00   0.00e+00   0.00e+00   0.00e+00   0.0%
Macro                  0.00e+00   0.00e+00   0.00e+00   0.00e+00   0.0%
Pad                    0.00e+00   0.00e+00   0.00e+00   0.00e+00   0.0%
----------------------------------------------------------------
Total                  1.28e-03   9.12e-05   4.72e-09   1.37e-03 100.0%
                          93.3%       6.7%       0.0%

=== FlexSoC normalized power fields ===
dynamic_power_definition=internal_power+switching_power
power_unit=OpenSTA report unit; see Units section
internal_power=0.00128
switching_power=9.12e-05
dynamic_power=0.0013712000000000002
leakage_power=4.72e-09
total_power=0.00137
