analysis=power_analysis corner=ss stage=post_syn
workload=corners_sv_ss
gls_report=/home/eneadim/github/flexsoc/workspace/runs/cordic/dev/dv/functional/sim/post_syn/sky130/cordic_post_syn_corners_sv_ss.json
activity_file=/home/eneadim/github/flexsoc/workspace/runs/cordic/dev/signoff/sky130/power/activity/captures/cordic_sky130_corners_sv_ss.vcd
activity_scope=cordic_tb/u_cordic
liberty=/home/eneadim/github/flexsoc/.flexsoc/pdks/ciel/sky130/versions/f6eeac7dad085ffcc829ccfd721f7b4ce39edcf7/sky130A/libs.ref/sky130_fd_sc_hd/lib/sky130_fd_sc_hd__ss_n40C_1v76.lib
netlist=/home/eneadim/github/flexsoc/workspace/runs/cordic/dev/syn/sky130/cordic_synth.v
sdc=/home/eneadim/github/flexsoc/workspace/runs/cordic/dev/signoff/sky130/cordic.sdc
spef=

=== Units ===
 time 1ns
 capacitance 1pF
 resistance 1kohm
 voltage 1v
 current 1mA
 power 1nW
 distance 1um

=== Constraint validation ===

=== Activity annotation ===
annotated_percent=100.00%
Unannotated pins: none

=== Power summary ===
Group                  Internal  Switching    Leakage      Total
                          Power      Power      Power      Power (Watts)
----------------------------------------------------------------
Sequential             1.15e-03   3.19e-06   1.36e-09   1.16e-03  95.2%
Combinational          2.52e-05   3.34e-05   2.59e-09   5.86e-05   4.8%
Clock                  0.00e+00   0.00e+00   0.00e+00   0.00e+00   0.0%
Macro                  0.00e+00   0.00e+00   0.00e+00   0.00e+00   0.0%
Pad                    0.00e+00   0.00e+00   0.00e+00   0.00e+00   0.0%
----------------------------------------------------------------
Total                  1.18e-03   3.66e-05   3.95e-09   1.21e-03 100.0%
                          97.0%       3.0%       0.0%

=== Highest-power instances ===
   Internal  Switching    Leakage      Total
      Power      Power      Power      Power (Watts)
--------------------------------------------
   4.04e-06   1.31e-06   4.89e-12   5.35e-06 _4602_
   3.98e-06   3.58e-07   4.89e-12   4.34e-06 _4603_
   3.96e-06   1.41e-07   4.89e-12   4.10e-06 _4604_
   4.06e-06   3.31e-08   4.87e-12   4.09e-06 _4592_
   3.94e-06   1.24e-07   4.77e-12   4.06e-06 _4712_
   3.99e-06   3.83e-08   4.91e-12   4.02e-06 _4622_
   3.99e-06   2.90e-08   4.92e-12   4.02e-06 _4618_
   3.99e-06   3.20e-08   4.91e-12   4.02e-06 _4621_
   3.99e-06   2.90e-08   4.90e-12   4.02e-06 _4610_
   3.98e-06   3.54e-08   4.91e-12   4.02e-06 _4612_
   3.99e-06   2.72e-08   4.93e-12   4.01e-06 _4616_
   3.99e-06   1.89e-08   4.91e-12   4.01e-06 _4619_
   3.97e-06   3.78e-08   4.22e-12   4.01e-06 _4623_
   3.99e-06   1.92e-08   4.91e-12   4.00e-06 _4620_
   3.98e-06   1.99e-08   4.91e-12   4.00e-06 _4614_
   3.98e-06   1.76e-08   4.92e-12   4.00e-06 _4617_
   3.97e-06   2.65e-08   4.95e-12   3.99e-06 _4644_
   3.98e-06   1.08e-08   4.92e-12   3.99e-06 _4615_
   3.97e-06   2.35e-08   4.88e-12   3.99e-06 _4608_
   3.94e-06   5.42e-08   4.89e-12   3.99e-06 _4605_

=== FlexSoC normalized power fields ===
dynamic_power_definition=internal_power+switching_power
power_unit=OpenSTA report unit; see Units section
internal_power=0.00118
switching_power=3.66e-05
dynamic_power=0.0012166
leakage_power=3.95e-09
total_power=0.00121
