analysis=power_analysis corner=ss stage=post_syn
workload=smoke_sv_ss
gls_report=/tmp/flexsoc-ip-v1-release-20260914/gpio-axi_lite/runs/gpio/release/dv/functional/sim/post_syn/sky130/gpio_post_syn_smoke_sv_ss.json
activity_file=/tmp/flexsoc-ip-v1-release-20260914/gpio-axi_lite/runs/gpio/release/signoff/sky130/power/activity/captures/gpio_sky130_smoke_sv_ss.vcd
activity_scope=gpio_tb/u_gpio
liberty=/home/eneadim/github/flexsoc/.flexsoc/pdks/ciel/sky130/versions/f6eeac7dad085ffcc829ccfd721f7b4ce39edcf7/sky130A/libs.ref/sky130_fd_sc_hd/lib/sky130_fd_sc_hd__ss_n40C_1v76.lib
netlist=/tmp/flexsoc-ip-v1-release-20260914/gpio-axi_lite/runs/gpio/release/syn/sky130/gpio_synth.v
sdc=/tmp/flexsoc-ip-v1-release-20260914/gpio-axi_lite/runs/gpio/release/constraints/gpio.sdc
spef=

=== Units ===
 time 1ns
 capacitance 1pF
 resistance 1kohm
 voltage 1v
 current 1mA
 power 1nW
 distance 1um

=== Constraint validation ===

=== Activity annotation ===
annotated_percent=100.00%
Unannotated pins: none

=== Power summary ===
Group                  Internal  Switching    Leakage      Total
                          Power      Power      Power      Power (Watts)
----------------------------------------------------------------
Sequential             8.75e-04   2.93e-06   1.05e-09   8.78e-04  94.6%
Combinational          2.22e-05   2.84e-05   1.51e-09   5.05e-05   5.4%
Clock                  0.00e+00   0.00e+00   0.00e+00   0.00e+00   0.0%
Macro                  0.00e+00   0.00e+00   0.00e+00   0.00e+00   0.0%
Pad                    0.00e+00   0.00e+00   0.00e+00   0.00e+00   0.0%
----------------------------------------------------------------
Total                  8.97e-04   3.13e-05   2.55e-09   9.29e-04 100.0%
                          96.6%       3.4%       0.0%

=== FlexSoC normalized power fields ===
dynamic_power_definition=internal_power+switching_power
power_unit=OpenSTA report unit; see Units section
internal_power=0.000897
switching_power=3.13e-05
dynamic_power=0.0009283
leakage_power=2.55e-09
total_power=0.000929
