analysis=power_analysis corner=ff stage=post_syn
workload=noise_filter_sv_ff
gls_report=/tmp/flexsoc-reference-uart/runs/uart/reference/dv/functional/sim/post_syn/sky130/uart_post_syn_noise_filter_sv_ff.json
activity_file=/tmp/flexsoc-reference-uart/runs/uart/reference/signoff/sky130/power/activity/captures/uart_sky130_noise_filter_sv_ff.vcd
activity_scope=uart_tb/u_uart
liberty=/home/eneadim/github/flexsoc/.flexsoc/pdks/ciel/sky130/versions/f6eeac7dad085ffcc829ccfd721f7b4ce39edcf7/sky130A/libs.ref/sky130_fd_sc_hd/lib/sky130_fd_sc_hd__ff_n40C_1v95_ccsnoise.lib
netlist=/tmp/flexsoc-reference-uart/runs/uart/reference/syn/sky130/uart_synth.v
sdc=/tmp/flexsoc-reference-uart/runs/uart/reference/signoff/sky130/uart.sdc
spef=

=== Units ===
 time 1ns
 capacitance 1pF
 resistance 1kohm
 voltage 1v
 current 1mA
 power 1nW
 distance 1um

=== Constraint validation ===

=== Activity annotation ===
annotated_percent=100.00%
Unannotated pins: none

=== Power summary ===
Group                  Internal  Switching    Leakage      Total
                          Power      Power      Power      Power (Watts)
----------------------------------------------------------------
Sequential             1.78e-03   6.50e-06   6.62e-09   1.79e-03  98.4%
Combinational          1.29e-05   1.53e-05   4.05e-09   2.82e-05   1.6%
Clock                  0.00e+00   0.00e+00   0.00e+00   0.00e+00   0.0%
Macro                  0.00e+00   0.00e+00   0.00e+00   0.00e+00   0.0%
Pad                    0.00e+00   0.00e+00   0.00e+00   0.00e+00   0.0%
----------------------------------------------------------------
Total                  1.79e-03   2.18e-05   1.07e-08   1.81e-03 100.0%
                          98.8%       1.2%       0.0%

=== FlexSoC normalized power fields ===
dynamic_power_definition=internal_power+switching_power
power_unit=OpenSTA report unit; see Units section
internal_power=0.00179
switching_power=2.18e-05
dynamic_power=0.0018118
leakage_power=1.07e-08
total_power=0.00181
