analysis=power_analysis corner=tt stage=post_syn
workload=reconfig_sv_tt
gls_report=/home/eneadim/github/flexsoc/runs/gpio/refresh_tlul_repo/dv/functional/sim/post_syn/ihp-sg13g2/gpio_post_syn_reconfig_sv_tt.json
activity_file=/home/eneadim/github/flexsoc/runs/gpio/refresh_tlul_repo/signoff/ihp-sg13g2/power/activity/captures/gpio_ihp-sg13g2_reconfig_sv_tt.vcd
activity_scope=gpio_tb/u_gpio
liberty=/home/eneadim/github/flexsoc/.flexsoc/pdks/ihp-sg13g2/ihp-sg13g2/libs.ref/sg13g2_stdcell/lib/sg13g2_stdcell_typ_1p50V_25C.lib
netlist=/home/eneadim/github/flexsoc/runs/gpio/refresh_tlul_repo/syn/ihp-sg13g2/gpio_synth.v
sdc=/home/eneadim/github/flexsoc/runs/gpio/refresh_tlul_repo/constraints/gpio.sdc
spef=

=== Units ===
 time 1ns
 capacitance 1pF
 resistance 1kohm
 voltage 1v
 current 1uA
 power 1pW
 distance 1um

=== Constraint validation ===

=== Activity annotation ===
annotated_percent=100.00%
Unannotated pins: none

=== Power summary ===
Group                  Internal  Switching    Leakage      Total
                          Power      Power      Power      Power (Watts)
----------------------------------------------------------------
Sequential             9.29e-04   4.50e-06   1.57e-07   9.33e-04  97.9%
Combinational          9.28e-06   1.11e-05   1.24e-07   2.05e-05   2.1%
Clock                  0.00e+00   0.00e+00   0.00e+00   0.00e+00   0.0%
Macro                  0.00e+00   0.00e+00   0.00e+00   0.00e+00   0.0%
Pad                    0.00e+00   0.00e+00   0.00e+00   0.00e+00   0.0%
----------------------------------------------------------------
Total                  9.38e-04   1.56e-05   2.82e-07   9.54e-04 100.0%
                          98.3%       1.6%       0.0%

=== FlexSoC normalized power fields ===
dynamic_power_definition=internal_power+switching_power
power_unit=OpenSTA report unit; see Units section
internal_power=0.000938
switching_power=1.56e-05
dynamic_power=0.0009536
leakage_power=2.82e-07
total_power=0.000954
