analysis=power_analysis corner=ss stage=post_syn
workload=rotate_45deg_sv_ss
gls_report=/home/eneadim/github/flexsoc/workspace/runs/cordic/dev/dv/functional/sim/post_syn/ihp-sg13g2/cordic_post_syn_rotate_45deg_sv_ss.json
activity_file=/home/eneadim/github/flexsoc/workspace/runs/cordic/dev/signoff/ihp-sg13g2/power/activity/captures/cordic_ihp-sg13g2_rotate_45deg_sv_ss.vcd
activity_scope=cordic_tb/u_cordic
liberty=/home/eneadim/github/flexsoc/.flexsoc/pdks/ihp-sg13g2/ihp-sg13g2/libs.ref/sg13g2_stdcell/lib/sg13g2_stdcell_slow_1p35V_125C.lib
netlist=/home/eneadim/github/flexsoc/workspace/runs/cordic/dev/syn/ihp-sg13g2/cordic_synth.v
sdc=/home/eneadim/github/flexsoc/workspace/runs/cordic/dev/signoff/ihp-sg13g2/cordic.sdc
spef=

=== Units ===
 time 1ns
 capacitance 1pF
 resistance 1kohm
 voltage 1v
 current 1uA
 power 1pW
 distance 1um

=== Constraint validation ===

=== Activity annotation ===
annotated_percent=100.00%
Unannotated pins: none

=== Power summary ===
Group                  Internal  Switching    Leakage      Total
                          Power      Power      Power      Power (Watts)
----------------------------------------------------------------
Sequential             2.06e-03   3.12e-06   1.08e-06   2.06e-03  97.0%
Combinational          2.99e-05   3.16e-05   1.57e-06   6.32e-05   3.0%
Clock                  0.00e+00   0.00e+00   0.00e+00   0.00e+00   0.0%
Macro                  0.00e+00   0.00e+00   0.00e+00   0.00e+00   0.0%
Pad                    0.00e+00   0.00e+00   0.00e+00   0.00e+00   0.0%
----------------------------------------------------------------
Total                  2.09e-03   3.48e-05   2.66e-06   2.13e-03 100.0%
                          98.2%       1.6%       0.1%

=== Highest-power instances ===
   Internal  Switching    Leakage      Total
      Power      Power      Power      Power (Watts)
--------------------------------------------
   8.46e-06   3.75e-10   3.99e-09   8.46e-06 _4770_
   7.02e-06   1.42e-06   3.60e-09   8.44e-06 _4789_
   8.33e-06   1.47e-09   4.01e-09   8.34e-06 _4673_
   8.29e-06   1.42e-09   4.01e-09   8.30e-06 _4612_
   8.00e-06   1.91e-09   4.03e-09   8.00e-06 _4896_
   7.90e-06   9.58e-09   4.03e-09   7.91e-06 _4841_
   7.85e-06   2.61e-08   4.02e-09   7.88e-06 _4834_
   7.86e-06   1.61e-08   4.02e-09   7.88e-06 _4838_
   7.86e-06   1.57e-08   4.02e-09   7.88e-06 _4836_
   7.84e-06   2.32e-08   4.02e-09   7.87e-06 _4813_
   7.83e-06   2.71e-08   4.02e-09   7.86e-06 _4814_
   7.83e-06   2.47e-08   4.02e-09   7.86e-06 _4812_
   7.82e-06   4.73e-09   4.03e-09   7.83e-06 _4716_
   7.80e-06   1.59e-09   4.03e-09   7.80e-06 _4889_
   7.80e-06   1.53e-09   4.03e-09   7.80e-06 _4887_
   7.80e-06   1.48e-09   4.03e-09   7.80e-06 _4885_
   7.79e-06   1.53e-09   4.03e-09   7.80e-06 _4892_
   7.79e-06   1.53e-09   4.03e-09   7.80e-06 _4866_
   7.79e-06   1.53e-09   4.03e-09   7.80e-06 _4868_
   7.79e-06   1.52e-09   4.03e-09   7.80e-06 _4867_

=== FlexSoC normalized power fields ===
dynamic_power_definition=internal_power+switching_power
power_unit=OpenSTA report unit; see Units section
internal_power=0.00209
switching_power=3.48e-05
dynamic_power=0.0021248
leakage_power=2.66e-06
total_power=0.00213
