%Warning-PINCONNECTEMPTY: /home/eneadim/github/flexsoc/hw/ips/tlul/tlul_data_integ_dec.sv:20:6: Instance pin connected by name with empty reference: 'data_o'
   20 |     .data_o(),
      |      ^~~~~~
                          ... For warning description see https://verilator.org/warn/PINCONNECTEMPTY?v=5.050
                          ... Use "/* verilator lint_off PINCONNECTEMPTY */" and lint_on around source to disable this message.
%Warning-PINCONNECTEMPTY: /home/eneadim/github/flexsoc/hw/ips/tlul/tlul_data_integ_dec.sv:21:6: Instance pin connected by name with empty reference: 'syndrome_o'
   21 |     .syndrome_o(),
      |      ^~~~~~~~~~
%Warning-PINCONNECTEMPTY: /home/eneadim/github/flexsoc/hw/ips/tlul/tlul_cmd_intg_chk.sv:26:6: Instance pin connected by name with empty reference: 'data_o'
   26 |     .data_o(),
      |      ^~~~~~
%Warning-PINCONNECTEMPTY: /home/eneadim/github/flexsoc/hw/ips/tlul/tlul_cmd_intg_chk.sv:27:6: Instance pin connected by name with empty reference: 'syndrome_o'
   27 |     .syndrome_o(),
      |      ^~~~~~~~~~
%Warning-PINCONNECTEMPTY: /tmp/flexsoc-repack/cordic/runs/cordic/dev/rtl/cordic_reg_top.sv:73:6: Instance pin connected by name with empty reference: 'intg_error_o'
   73 |     .intg_error_o(),
      |      ^~~~~~~~~~~~
%Warning-PINCONNECTEMPTY: /tmp/flexsoc-repack/cordic/runs/cordic/dev/rtl/cordic_reg_top.sv:154:6: Instance pin connected by name with empty reference: 'qe'
  154 |     .qe     (),
      |      ^~
%Warning-PINCONNECTEMPTY: /tmp/flexsoc-repack/cordic/runs/cordic/dev/rtl/cordic_reg_top.sv:156:6: Instance pin connected by name with empty reference: 'ds'
  156 |     .ds     (),
      |      ^~
%Warning-PINCONNECTEMPTY: /tmp/flexsoc-repack/cordic/runs/cordic/dev/rtl/cordic_reg_top.sv:181:6: Instance pin connected by name with empty reference: 'qe'
  181 |     .qe     (),
      |      ^~
%Warning-PINCONNECTEMPTY: /tmp/flexsoc-repack/cordic/runs/cordic/dev/rtl/cordic_reg_top.sv:183:6: Instance pin connected by name with empty reference: 'ds'
  183 |     .ds     (),
      |      ^~
%Warning-PINCONNECTEMPTY: /tmp/flexsoc-repack/cordic/runs/cordic/dev/rtl/cordic_reg_top.sv:208:6: Instance pin connected by name with empty reference: 'qe'
  208 |     .qe     (),
      |      ^~
%Warning-PINCONNECTEMPTY: /tmp/flexsoc-repack/cordic/runs/cordic/dev/rtl/cordic_reg_top.sv:210:6: Instance pin connected by name with empty reference: 'ds'
  210 |     .ds     (),
      |      ^~
%Warning-PINCONNECTEMPTY: /tmp/flexsoc-repack/cordic/runs/cordic/dev/rtl/cordic_reg_top.sv:235:6: Instance pin connected by name with empty reference: 'qe'
  235 |     .qe     (),
      |      ^~
%Warning-PINCONNECTEMPTY: /tmp/flexsoc-repack/cordic/runs/cordic/dev/rtl/cordic_reg_top.sv:237:6: Instance pin connected by name with empty reference: 'ds'
  237 |     .ds     (),
      |      ^~
%Warning-PINCONNECTEMPTY: /tmp/flexsoc-repack/cordic/runs/cordic/dev/rtl/cordic_reg_top.sv:262:6: Instance pin connected by name with empty reference: 'qe'
  262 |     .qe     (),
      |      ^~
%Warning-PINCONNECTEMPTY: /tmp/flexsoc-repack/cordic/runs/cordic/dev/rtl/cordic_reg_top.sv:264:6: Instance pin connected by name with empty reference: 'ds'
  264 |     .ds     (),
      |      ^~
%Warning-PINCONNECTEMPTY: /tmp/flexsoc-repack/cordic/runs/cordic/dev/rtl/cordic_reg_top.sv:289:6: Instance pin connected by name with empty reference: 'qe'
  289 |     .qe     (),
      |      ^~
%Warning-PINCONNECTEMPTY: /tmp/flexsoc-repack/cordic/runs/cordic/dev/rtl/cordic_reg_top.sv:291:6: Instance pin connected by name with empty reference: 'ds'
  291 |     .ds     (),
      |      ^~
%Warning-PINCONNECTEMPTY: /tmp/flexsoc-repack/cordic/runs/cordic/dev/rtl/cordic_reg_top.sv:308:6: Instance pin connected by name with empty reference: 'qe'
  308 |     .qe     (),
      |      ^~
%Warning-PINCONNECTEMPTY: /tmp/flexsoc-repack/cordic/runs/cordic/dev/rtl/cordic_reg_top.sv:310:6: Instance pin connected by name with empty reference: 'ds'
  310 |     .ds     (),
      |      ^~
%Warning-PINCONNECTEMPTY: /tmp/flexsoc-repack/cordic/runs/cordic/dev/rtl/cordic_reg_top.sv:323:6: Instance pin connected by name with empty reference: 'qe'
  323 |     .qe     (),
      |      ^~
%Warning-PINCONNECTEMPTY: /tmp/flexsoc-repack/cordic/runs/cordic/dev/rtl/cordic_reg_top.sv:325:6: Instance pin connected by name with empty reference: 'ds'
  325 |     .ds     (),
      |      ^~
%Warning-PINCONNECTEMPTY: /tmp/flexsoc-repack/cordic/runs/cordic/dev/rtl/cordic_reg_top.sv:338:6: Instance pin connected by name with empty reference: 'qe'
  338 |     .qe     (),
      |      ^~
%Warning-PINCONNECTEMPTY: /tmp/flexsoc-repack/cordic/runs/cordic/dev/rtl/cordic_reg_top.sv:340:6: Instance pin connected by name with empty reference: 'ds'
  340 |     .ds     (),
      |      ^~
%Warning-PINCONNECTEMPTY: /tmp/flexsoc-repack/cordic/runs/cordic/dev/rtl/cordic_reg_top.sv:353:6: Instance pin connected by name with empty reference: 'qe'
  353 |     .qe     (),
      |      ^~
%Warning-PINCONNECTEMPTY: /tmp/flexsoc-repack/cordic/runs/cordic/dev/rtl/cordic_reg_top.sv:355:6: Instance pin connected by name with empty reference: 'ds'
  355 |     .ds     (),
      |      ^~
%Warning-PINCONNECTEMPTY: /tmp/flexsoc-repack/cordic/runs/cordic/dev/rtl/cordic_reg_top.sv:379:6: Instance pin connected by name with empty reference: 'qe'
  379 |     .qe     (),
      |      ^~
%Warning-PINCONNECTEMPTY: /tmp/flexsoc-repack/cordic/runs/cordic/dev/rtl/cordic_reg_top.sv:381:6: Instance pin connected by name with empty reference: 'ds'
  381 |     .ds     (),
      |      ^~
%Warning-PINCONNECTEMPTY: /tmp/flexsoc-repack/cordic/runs/cordic/dev/rtl/cordic_reg_top.sv:407:6: Instance pin connected by name with empty reference: 'qe'
  407 |     .qe     (),
      |      ^~
%Warning-PINCONNECTEMPTY: /tmp/flexsoc-repack/cordic/runs/cordic/dev/rtl/cordic_reg_top.sv:409:6: Instance pin connected by name with empty reference: 'ds'
  409 |     .ds     (),
      |      ^~
%Warning-PINCONNECTEMPTY: /tmp/flexsoc-repack/cordic/runs/cordic/dev/rtl/cordic_reg_top.sv:435:6: Instance pin connected by name with empty reference: 'qe'
  435 |     .qe     (),
      |      ^~
%Warning-PINCONNECTEMPTY: /tmp/flexsoc-repack/cordic/runs/cordic/dev/rtl/cordic_reg_top.sv:437:6: Instance pin connected by name with empty reference: 'ds'
  437 |     .ds     (),
      |      ^~
%Warning-PINCONNECTEMPTY: /tmp/flexsoc-repack/cordic/runs/cordic/dev/rtl/cordic_reg_top.sv:453:6: Instance pin connected by name with empty reference: 'qe'
  453 |     .qe     (),
      |      ^~
%Warning-PINCONNECTEMPTY: /tmp/flexsoc-repack/cordic/runs/cordic/dev/rtl/cordic_reg_top.sv:455:6: Instance pin connected by name with empty reference: 'ds'
  455 |     .ds     (),
      |      ^~
%Warning-PINCONNECTEMPTY: /tmp/flexsoc-repack/cordic/runs/cordic/dev/rtl/cordic_reg_top.sv:469:6: Instance pin connected by name with empty reference: 'qe'
  469 |     .qe     (),
      |      ^~
%Warning-PINCONNECTEMPTY: /tmp/flexsoc-repack/cordic/runs/cordic/dev/rtl/cordic_reg_top.sv:471:6: Instance pin connected by name with empty reference: 'ds'
  471 |     .ds     (),
      |      ^~
%Warning-PINCONNECTEMPTY: /tmp/flexsoc-repack/cordic/runs/cordic/dev/rtl/cordic_reg_top.sv:485:6: Instance pin connected by name with empty reference: 'qe'
  485 |     .qe     (),
      |      ^~
%Warning-PINCONNECTEMPTY: /tmp/flexsoc-repack/cordic/runs/cordic/dev/rtl/cordic_reg_top.sv:487:6: Instance pin connected by name with empty reference: 'ds'
  487 |     .ds     (),
      |      ^~
%Warning-PINCONNECTEMPTY: /tmp/flexsoc-repack/cordic/runs/cordic/dev/rtl/cordic_reg_top.sv:502:6: Instance pin connected by name with empty reference: 'qe'
  502 |     .qe     (),
      |      ^~
%Warning-PINCONNECTEMPTY: /tmp/flexsoc-repack/cordic/runs/cordic/dev/rtl/cordic_reg_top.sv:504:6: Instance pin connected by name with empty reference: 'ds'
  504 |     .ds     (),
      |      ^~
%Warning-PINCONNECTEMPTY: /tmp/flexsoc-repack/cordic/runs/cordic/dev/rtl/cordic_reg_top.sv:517:6: Instance pin connected by name with empty reference: 'qe'
  517 |     .qe     (),
      |      ^~
%Warning-PINCONNECTEMPTY: /tmp/flexsoc-repack/cordic/runs/cordic/dev/rtl/cordic_reg_top.sv:519:6: Instance pin connected by name with empty reference: 'ds'
  519 |     .ds     (),
      |      ^~
%Warning-PINCONNECTEMPTY: /tmp/flexsoc-repack/cordic/runs/cordic/dev/rtl/cordic_reg_top.sv:532:6: Instance pin connected by name with empty reference: 'qe'
  532 |     .qe     (),
      |      ^~
%Warning-PINCONNECTEMPTY: /tmp/flexsoc-repack/cordic/runs/cordic/dev/rtl/cordic_reg_top.sv:534:6: Instance pin connected by name with empty reference: 'ds'
  534 |     .ds     (),
      |      ^~
%Warning-PINCONNECTEMPTY: /tmp/flexsoc-repack/cordic/runs/cordic/dev/rtl/cordic_reg_top.sv:547:6: Instance pin connected by name with empty reference: 'qe'
  547 |     .qe     (),
      |      ^~
%Warning-PINCONNECTEMPTY: /tmp/flexsoc-repack/cordic/runs/cordic/dev/rtl/cordic_reg_top.sv:549:6: Instance pin connected by name with empty reference: 'ds'
  549 |     .ds     (),
      |      ^~
%Warning-VARHIDDEN: /tmp/flexsoc-repack/cordic/runs/cordic/dev/rtl/cordic_reg_top.sv:26:18: Declaration of signal hides declaration in upper scope: 'AW'
   26 |   localparam int AW = 6;
      |                  ^~
                    /tmp/flexsoc-repack/cordic/runs/cordic/dev/rtl/cordic_reg_pkg.sv:11:17: ... Location of original declaration
   11 |   parameter int AW = BlockAw;
      |                 ^~
                    ... For warning description see https://verilator.org/warn/VARHIDDEN?v=5.050
                    ... Use "/* verilator lint_off VARHIDDEN */" and lint_on around source to disable this message.
%Warning-VARHIDDEN: /tmp/flexsoc-repack/cordic/runs/cordic/dev/rtl/cordic_reg_top.sv:27:18: Declaration of signal hides declaration in upper scope: 'DW'
   27 |   localparam int DW = 32;
      |                  ^~
                    /tmp/flexsoc-repack/cordic/runs/cordic/dev/rtl/cordic_reg_pkg.sv:12:17: ... Location of original declaration
   12 |   parameter int DW = 32;
      |                 ^~
%Warning-VARHIDDEN: /tmp/flexsoc-repack/cordic/runs/cordic/dev/rtl/cordic_reg_top.sv:28:18: Declaration of signal hides declaration in upper scope: 'DBW'
   28 |   localparam int DBW = DW/8;                     
      |                  ^~~
                    /tmp/flexsoc-repack/cordic/runs/cordic/dev/rtl/cordic_reg_pkg.sv:13:17: ... Location of original declaration
   13 |   parameter int DBW = DW/8;                     
      |                 ^~~
%Warning-WIDTHTRUNC: /tmp/flexsoc-repack/cordic/runs/cordic/dev/rtl/cordic_core.sv:385:27: Bit extraction of array[15:0] requires 4 bit index, not 5 bits.
                                                                                         : ... note: In instance 'cordic.u_cordic_core'
  385 |           atan_d = AtanLut[iter_q + 1'b1];
      |                           ^
                     ... For warning description see https://verilator.org/warn/WIDTHTRUNC?v=5.050
                     ... Use "/* verilator lint_off WIDTHTRUNC */" and lint_on around source to disable this message.
%Warning-WIDTHEXPAND: /tmp/flexsoc-repack/cordic/runs/cordic/dev/rtl/cordic_core.sv:379:20: Operator EQ expects 8 bits on the LHS, but LHS's VARREF 'iter_q' generates 5 bits.
                                                                                          : ... note: In instance 'cordic.u_cordic_core'
  379 |         if (iter_q == (n_iter_q - 1'b1)) begin
      |                    ^~
                      ... For warning description see https://verilator.org/warn/WIDTHEXPAND?v=5.050
                      ... Use "/* verilator lint_off WIDTHEXPAND */" and lint_on around source to disable this message.
%Warning-WIDTHEXPAND: /tmp/flexsoc-repack/cordic/runs/cordic/dev/rtl/cordic_core.sv:447:41: Operator EQ expects 8 bits on the LHS, but LHS's VARREF 'iter_q' generates 5 bits.
                                                                                          : ... note: In instance 'cordic.u_cordic_core'
  447 |       if ((state_q == StRun) && (iter_q == (n_iter_q - 1'b1))) begin
      |                                         ^~
%Warning-UNUSEDPARAM: /home/eneadim/github/flexsoc/hw/ips/pkgs/top_pkg.sv:13:16: Parameter is not used: 'TL_AUW'
                                                                               : ... note: In instance 'cordic'
   13 | localparam int TL_AUW=21;    
      |                ^~~~~~
                      ... For warning description see https://verilator.org/warn/UNUSEDPARAM?v=5.050
                      ... Use "/* verilator lint_off UNUSEDPARAM */" and lint_on around source to disable this message.
%Warning-UNUSEDPARAM: /home/eneadim/github/flexsoc/hw/ips/pkgs/top_pkg.sv:14:16: Parameter is not used: 'TL_DUW'
                                                                               : ... note: In instance 'cordic'
   14 | localparam int TL_DUW=14;    
      |                ^~~~~~
%Warning-UNUSEDPARAM: /home/eneadim/github/flexsoc/hw/ips/pkgs/top_pkg.sv:21:16: Parameter is not used: 'SecVolatileRawUnlockEn'
                                                                               : ... note: In instance 'cordic'
   21 | localparam int SecVolatileRawUnlockEn = 0;
      |                ^~~~~~~~~~~~~~~~~~~~~~
%Warning-UNUSEDPARAM: /home/eneadim/github/flexsoc/hw/ips/pkgs/prim_secded_pkg.sv:81:25: Parameter is not used: 'Secded2216ZeroEcc'
                                                                                       : ... note: In instance 'cordic'
   81 |   parameter logic [5:0] Secded2216ZeroEcc = 6'h0;
      |                         ^~~~~~~~~~~~~~~~~
%Warning-UNUSEDPARAM: /home/eneadim/github/flexsoc/hw/ips/pkgs/prim_secded_pkg.sv:82:26: Parameter is not used: 'Secded2216ZeroWord'
                                                                                       : ... note: In instance 'cordic'
   82 |   parameter logic [21:0] Secded2216ZeroWord = 22'h0;
      |                          ^~~~~~~~~~~~~~~~~~
%Warning-UNUSEDPARAM: /home/eneadim/github/flexsoc/hw/ips/pkgs/prim_secded_pkg.sv:90:25: Parameter is not used: 'Secded2822ZeroEcc'
                                                                                       : ... note: In instance 'cordic'
   90 |   parameter logic [5:0] Secded2822ZeroEcc = 6'h0;
      |                         ^~~~~~~~~~~~~~~~~
%Warning-UNUSEDPARAM: /home/eneadim/github/flexsoc/hw/ips/pkgs/prim_secded_pkg.sv:91:26: Parameter is not used: 'Secded2822ZeroWord'
                                                                                       : ... note: In instance 'cordic'
   91 |   parameter logic [27:0] Secded2822ZeroWord = 28'h0;
      |                          ^~~~~~~~~~~~~~~~~~
%Warning-UNUSEDPARAM: /home/eneadim/github/flexsoc/hw/ips/pkgs/prim_secded_pkg.sv:99:25: Parameter is not used: 'Secded3932ZeroEcc'
                                                                                       : ... note: In instance 'cordic'
   99 |   parameter logic [6:0] Secded3932ZeroEcc = 7'h0;
      |                         ^~~~~~~~~~~~~~~~~
%Warning-UNUSEDPARAM: /home/eneadim/github/flexsoc/hw/ips/pkgs/prim_secded_pkg.sv:100:26: Parameter is not used: 'Secded3932ZeroWord'
                                                                                        : ... note: In instance 'cordic'
  100 |   parameter logic [38:0] Secded3932ZeroWord = 39'h0;
      |                          ^~~~~~~~~~~~~~~~~~
%Warning-UNUSEDPARAM: /home/eneadim/github/flexsoc/hw/ips/pkgs/prim_secded_pkg.sv:108:25: Parameter is not used: 'Secded6457ZeroEcc'
                                                                                        : ... note: In instance 'cordic'
  108 |   parameter logic [6:0] Secded6457ZeroEcc = 7'h0;
      |                         ^~~~~~~~~~~~~~~~~
%Warning-UNUSEDPARAM: /home/eneadim/github/flexsoc/hw/ips/pkgs/prim_secded_pkg.sv:109:26: Parameter is not used: 'Secded6457ZeroWord'
                                                                                        : ... note: In instance 'cordic'
  109 |   parameter logic [63:0] Secded6457ZeroWord = 64'h0;
      |                          ^~~~~~~~~~~~~~~~~~
%Warning-UNUSEDPARAM: /home/eneadim/github/flexsoc/hw/ips/pkgs/prim_secded_pkg.sv:117:25: Parameter is not used: 'Secded7264ZeroEcc'
                                                                                        : ... note: In instance 'cordic'
  117 |   parameter logic [7:0] Secded7264ZeroEcc = 8'h0;
      |                         ^~~~~~~~~~~~~~~~~
%Warning-UNUSEDPARAM: /home/eneadim/github/flexsoc/hw/ips/pkgs/prim_secded_pkg.sv:118:26: Parameter is not used: 'Secded7264ZeroWord'
                                                                                        : ... note: In instance 'cordic'
  118 |   parameter logic [71:0] Secded7264ZeroWord = 72'h0;
      |                          ^~~~~~~~~~~~~~~~~~
%Warning-UNUSEDPARAM: /home/eneadim/github/flexsoc/hw/ips/pkgs/prim_secded_pkg.sv:126:25: Parameter is not used: 'SecdedHamming2216ZeroEcc'
                                                                                        : ... note: In instance 'cordic'
  126 |   parameter logic [5:0] SecdedHamming2216ZeroEcc = 6'h0;
      |                         ^~~~~~~~~~~~~~~~~~~~~~~~
%Warning-UNUSEDPARAM: /home/eneadim/github/flexsoc/hw/ips/pkgs/prim_secded_pkg.sv:127:26: Parameter is not used: 'SecdedHamming2216ZeroWord'
                                                                                        : ... note: In instance 'cordic'
  127 |   parameter logic [21:0] SecdedHamming2216ZeroWord = 22'h0;
      |                          ^~~~~~~~~~~~~~~~~~~~~~~~~
%Warning-UNUSEDPARAM: /home/eneadim/github/flexsoc/hw/ips/pkgs/prim_secded_pkg.sv:135:25: Parameter is not used: 'SecdedHamming3932ZeroEcc'
                                                                                        : ... note: In instance 'cordic'
  135 |   parameter logic [6:0] SecdedHamming3932ZeroEcc = 7'h0;
      |                         ^~~~~~~~~~~~~~~~~~~~~~~~
%Warning-UNUSEDPARAM: /home/eneadim/github/flexsoc/hw/ips/pkgs/prim_secded_pkg.sv:136:26: Parameter is not used: 'SecdedHamming3932ZeroWord'
                                                                                        : ... note: In instance 'cordic'
  136 |   parameter logic [38:0] SecdedHamming3932ZeroWord = 39'h0;
      |                          ^~~~~~~~~~~~~~~~~~~~~~~~~
%Warning-UNUSEDPARAM: /home/eneadim/github/flexsoc/hw/ips/pkgs/prim_secded_pkg.sv:144:25: Parameter is not used: 'SecdedHamming7264ZeroEcc'
                                                                                        : ... note: In instance 'cordic'
  144 |   parameter logic [7:0] SecdedHamming7264ZeroEcc = 8'h0;
      |                         ^~~~~~~~~~~~~~~~~~~~~~~~
%Warning-UNUSEDPARAM: /home/eneadim/github/flexsoc/hw/ips/pkgs/prim_secded_pkg.sv:145:26: Parameter is not used: 'SecdedHamming7264ZeroWord'
                                                                                        : ... note: In instance 'cordic'
  145 |   parameter logic [71:0] SecdedHamming7264ZeroWord = 72'h0;
      |                          ^~~~~~~~~~~~~~~~~~~~~~~~~
%Warning-UNUSEDPARAM: /home/eneadim/github/flexsoc/hw/ips/pkgs/prim_secded_pkg.sv:153:25: Parameter is not used: 'SecdedHamming7668ZeroEcc'
                                                                                        : ... note: In instance 'cordic'
  153 |   parameter logic [7:0] SecdedHamming7668ZeroEcc = 8'h0;
      |                         ^~~~~~~~~~~~~~~~~~~~~~~~
%Warning-UNUSEDPARAM: /home/eneadim/github/flexsoc/hw/ips/pkgs/prim_secded_pkg.sv:154:26: Parameter is not used: 'SecdedHamming7668ZeroWord'
                                                                                        : ... note: In instance 'cordic'
  154 |   parameter logic [75:0] SecdedHamming7668ZeroWord = 76'h0;
      |                          ^~~~~~~~~~~~~~~~~~~~~~~~~
%Warning-UNUSEDPARAM: /home/eneadim/github/flexsoc/hw/ips/pkgs/prim_secded_pkg.sv:162:25: Parameter is not used: 'SecdedInv2216ZeroEcc'
                                                                                        : ... note: In instance 'cordic'
  162 |   parameter logic [5:0] SecdedInv2216ZeroEcc = 6'h2A;
      |                         ^~~~~~~~~~~~~~~~~~~~
%Warning-UNUSEDPARAM: /home/eneadim/github/flexsoc/hw/ips/pkgs/prim_secded_pkg.sv:163:26: Parameter is not used: 'SecdedInv2216ZeroWord'
                                                                                        : ... note: In instance 'cordic'
  163 |   parameter logic [21:0] SecdedInv2216ZeroWord = 22'h2A0000;
      |                          ^~~~~~~~~~~~~~~~~~~~~
%Warning-UNUSEDPARAM: /home/eneadim/github/flexsoc/hw/ips/pkgs/prim_secded_pkg.sv:171:25: Parameter is not used: 'SecdedInv2822ZeroEcc'
                                                                                        : ... note: In instance 'cordic'
  171 |   parameter logic [5:0] SecdedInv2822ZeroEcc = 6'h2A;
      |                         ^~~~~~~~~~~~~~~~~~~~
%Warning-UNUSEDPARAM: /home/eneadim/github/flexsoc/hw/ips/pkgs/prim_secded_pkg.sv:172:26: Parameter is not used: 'SecdedInv2822ZeroWord'
                                                                                        : ... note: In instance 'cordic'
  172 |   parameter logic [27:0] SecdedInv2822ZeroWord = 28'hA800000;
      |                          ^~~~~~~~~~~~~~~~~~~~~
%Warning-UNUSEDPARAM: /home/eneadim/github/flexsoc/hw/ips/pkgs/prim_secded_pkg.sv:180:25: Parameter is not used: 'SecdedInv3932ZeroEcc'
                                                                                        : ... note: In instance 'cordic'
  180 |   parameter logic [6:0] SecdedInv3932ZeroEcc = 7'h2A;
      |                         ^~~~~~~~~~~~~~~~~~~~
%Warning-UNUSEDPARAM: /home/eneadim/github/flexsoc/hw/ips/pkgs/prim_secded_pkg.sv:181:26: Parameter is not used: 'SecdedInv3932ZeroWord'
                                                                                        : ... note: In instance 'cordic'
  181 |   parameter logic [38:0] SecdedInv3932ZeroWord = 39'h2A00000000;
      |                          ^~~~~~~~~~~~~~~~~~~~~
%Warning-UNUSEDPARAM: /home/eneadim/github/flexsoc/hw/ips/pkgs/prim_secded_pkg.sv:189:25: Parameter is not used: 'SecdedInv6457ZeroEcc'
                                                                                        : ... note: In instance 'cordic'
  189 |   parameter logic [6:0] SecdedInv6457ZeroEcc = 7'h2A;
      |                         ^~~~~~~~~~~~~~~~~~~~
%Warning-UNUSEDPARAM: /home/eneadim/github/flexsoc/hw/ips/pkgs/prim_secded_pkg.sv:190:26: Parameter is not used: 'SecdedInv6457ZeroWord'
                                                                                        : ... note: In instance 'cordic'
  190 |   parameter logic [63:0] SecdedInv6457ZeroWord = 64'h5400000000000000;
      |                          ^~~~~~~~~~~~~~~~~~~~~
%Warning-UNUSEDPARAM: /home/eneadim/github/flexsoc/hw/ips/pkgs/prim_secded_pkg.sv:198:25: Parameter is not used: 'SecdedInv7264ZeroEcc'
                                                                                        : ... note: In instance 'cordic'
  198 |   parameter logic [7:0] SecdedInv7264ZeroEcc = 8'hAA;
      |                         ^~~~~~~~~~~~~~~~~~~~
%Warning-UNUSEDPARAM: /home/eneadim/github/flexsoc/hw/ips/pkgs/prim_secded_pkg.sv:199:26: Parameter is not used: 'SecdedInv7264ZeroWord'
                                                                                        : ... note: In instance 'cordic'
  199 |   parameter logic [71:0] SecdedInv7264ZeroWord = 72'hAA0000000000000000;
      |                          ^~~~~~~~~~~~~~~~~~~~~
%Warning-UNUSEDPARAM: /home/eneadim/github/flexsoc/hw/ips/pkgs/prim_secded_pkg.sv:207:25: Parameter is not used: 'SecdedInvHamming2216ZeroEcc'
                                                                                        : ... note: In instance 'cordic'
  207 |   parameter logic [5:0] SecdedInvHamming2216ZeroEcc = 6'h2A;
      |                         ^~~~~~~~~~~~~~~~~~~~~~~~~~~
%Warning-UNUSEDPARAM: /home/eneadim/github/flexsoc/hw/ips/pkgs/prim_secded_pkg.sv:208:26: Parameter is not used: 'SecdedInvHamming2216ZeroWord'
                                                                                        : ... note: In instance 'cordic'
  208 |   parameter logic [21:0] SecdedInvHamming2216ZeroWord = 22'h2A0000;
      |                          ^~~~~~~~~~~~~~~~~~~~~~~~~~~~
%Warning-UNUSEDPARAM: /home/eneadim/github/flexsoc/hw/ips/pkgs/prim_secded_pkg.sv:216:25: Parameter is not used: 'SecdedInvHamming3932ZeroEcc'
                                                                                        : ... note: In instance 'cordic'
  216 |   parameter logic [6:0] SecdedInvHamming3932ZeroEcc = 7'h2A;
      |                         ^~~~~~~~~~~~~~~~~~~~~~~~~~~
%Warning-UNUSEDPARAM: /home/eneadim/github/flexsoc/hw/ips/pkgs/prim_secded_pkg.sv:217:26: Parameter is not used: 'SecdedInvHamming3932ZeroWord'
                                                                                        : ... note: In instance 'cordic'
  217 |   parameter logic [38:0] SecdedInvHamming3932ZeroWord = 39'h2A00000000;
      |                          ^~~~~~~~~~~~~~~~~~~~~~~~~~~~
%Warning-UNUSEDPARAM: /home/eneadim/github/flexsoc/hw/ips/pkgs/prim_secded_pkg.sv:225:25: Parameter is not used: 'SecdedInvHamming7264ZeroEcc'
                                                                                        : ... note: In instance 'cordic'
  225 |   parameter logic [7:0] SecdedInvHamming7264ZeroEcc = 8'hAA;
      |                         ^~~~~~~~~~~~~~~~~~~~~~~~~~~
%Warning-UNUSEDPARAM: /home/eneadim/github/flexsoc/hw/ips/pkgs/prim_secded_pkg.sv:226:26: Parameter is not used: 'SecdedInvHamming7264ZeroWord'
                                                                                        : ... note: In instance 'cordic'
  226 |   parameter logic [71:0] SecdedInvHamming7264ZeroWord = 72'hAA0000000000000000;
      |                          ^~~~~~~~~~~~~~~~~~~~~~~~~~~~
%Warning-UNUSEDPARAM: /home/eneadim/github/flexsoc/hw/ips/pkgs/prim_secded_pkg.sv:234:25: Parameter is not used: 'SecdedInvHamming7668ZeroEcc'
                                                                                        : ... note: In instance 'cordic'
  234 |   parameter logic [7:0] SecdedInvHamming7668ZeroEcc = 8'hAA;
      |                         ^~~~~~~~~~~~~~~~~~~~~~~~~~~
%Warning-UNUSEDPARAM: /home/eneadim/github/flexsoc/hw/ips/pkgs/prim_secded_pkg.sv:235:26: Parameter is not used: 'SecdedInvHamming7668ZeroWord'
                                                                                        : ... note: In instance 'cordic'
  235 |   parameter logic [75:0] SecdedInvHamming7668ZeroWord = 76'hAA00000000000000000;
      |                          ^~~~~~~~~~~~~~~~~~~~~~~~~~~~
%Warning-UNUSEDSIGNAL: /tmp/flexsoc-repack/cordic/runs/cordic/dev/rtl/cordic_core.sv:27:26: Bits of signal are not used: 'reg2hw'[266:231,134:0]
                                                                                          : ... note: In instance 'cordic.u_cordic_core'
   27 |   input  cordic_reg2hw_t reg2hw,
      |                          ^~~~~~
                       ... For warning description see https://verilator.org/warn/UNUSEDSIGNAL?v=5.050
                       ... Use "/* verilator lint_off UNUSEDSIGNAL */" and lint_on around source to disable this message.
%Warning-UNUSEDPARAM: /tmp/flexsoc-repack/cordic/runs/cordic/dev/rtl/cordic_core.sv:37:18: Parameter is not used: 'ANGLE_FRAC_W'
                                                                                         : ... note: In instance 'cordic.u_cordic_core'
   37 |   localparam int ANGLE_FRAC_W = 13;
      |                  ^~~~~~~~~~~~
%Warning-UNUSEDSIGNAL: /tmp/flexsoc-repack/cordic/runs/cordic/dev/rtl/cordic_core.sv:53:15: Signal is not used: 'ctrl_rsvd'
                                                                                          : ... note: In instance 'cordic.u_cordic_core'
   53 |   logic [4:0] ctrl_rsvd;
      |               ^~~~~~~~~
%Warning-UNUSEDSIGNAL: /tmp/flexsoc-repack/cordic/runs/cordic/dev/rtl/cordic_core.sv:55:16: Signal is not used: 'ctrl_rsvd2'
                                                                                          : ... note: In instance 'cordic.u_cordic_core'
   55 |   logic [15:0] ctrl_rsvd2;
      |                ^~~~~~~~~~
%Warning-UNUSEDSIGNAL: /tmp/flexsoc-repack/cordic/runs/cordic/dev/rtl/cordic_core.sv:155:82: Bits of function variable are not used: 'csr_word'[31:16]
                                                                                           : ... note: In instance 'cordic.u_cordic_core'
  155 |   function automatic logic signed [INT_W-1:0] csr_to_data_int(input logic [31:0] csr_word);
      |                                                                                  ^~~~~~~~
%Warning-UNUSEDSIGNAL: /tmp/flexsoc-repack/cordic/runs/cordic/dev/rtl/cordic_core.sv:163:85: Bits of function variable are not used: 'csr_word'[31:16]
                                                                                           : ... note: In instance 'cordic.u_cordic_core'
  163 |   function automatic logic signed [ANGLE_W-1:0] csr_to_angle_int(input logic [31:0] csr_word);
      |                                                                                     ^~~~~~~~
%Warning-UNUSEDSIGNAL: /home/eneadim/github/flexsoc/hw/ips/prim/prim_ff_2sync.sv:11:21: Signal is not driven, nor used: 'd_o'
                                                                                      : ... note: In instance 'cordic.u_core_reset_sync'
   11 |   logic [Width-1:0] d_o;
      |                     ^~~
%Warning-UNUSEDSIGNAL: /home/eneadim/github/flexsoc/hw/ips/prim/prim_edge_detect.sv:4:16: Signal is not used: 'en_i'
                                                                                        : ... note: In instance 'cordic.u_cordic_core.u_start_edge_detect'
    4 |   input  logic en_i,
      |                ^~~~
%Warning-UNUSEDPARAM: /tmp/flexsoc-repack/cordic/runs/cordic/dev/rtl/cordic_reg_pkg.sv:181:26: Parameter is not used: 'CORDIC_STATUS_RESVAL'
                                                                                             : ... note: In instance 'cordic.u_cordic_core.u_start_edge_detect'
  181 |   parameter logic [31:0] CORDIC_STATUS_RESVAL = 32'h 0;
      |                          ^~~~~~~~~~~~~~~~~~~~
%Warning-UNUSEDPARAM: /tmp/flexsoc-repack/cordic/runs/cordic/dev/rtl/cordic_reg_pkg.sv:182:26: Parameter is not used: 'CORDIC_X_OUT_RESVAL'
                                                                                             : ... note: In instance 'cordic.u_cordic_core.u_start_edge_detect'
  182 |   parameter logic [31:0] CORDIC_X_OUT_RESVAL = 32'h 0;
      |                          ^~~~~~~~~~~~~~~~~~~
%Warning-UNUSEDPARAM: /tmp/flexsoc-repack/cordic/runs/cordic/dev/rtl/cordic_reg_pkg.sv:183:26: Parameter is not used: 'CORDIC_Y_OUT_RESVAL'
                                                                                             : ... note: In instance 'cordic.u_cordic_core.u_start_edge_detect'
  183 |   parameter logic [31:0] CORDIC_Y_OUT_RESVAL = 32'h 0;
      |                          ^~~~~~~~~~~~~~~~~~~
%Warning-UNUSEDPARAM: /tmp/flexsoc-repack/cordic/runs/cordic/dev/rtl/cordic_reg_pkg.sv:184:26: Parameter is not used: 'CORDIC_Z_OUT_RESVAL'
                                                                                             : ... note: In instance 'cordic.u_cordic_core.u_start_edge_detect'
  184 |   parameter logic [31:0] CORDIC_Z_OUT_RESVAL = 32'h 0;
      |                          ^~~~~~~~~~~~~~~~~~~
%Warning-UNUSEDPARAM: /tmp/flexsoc-repack/cordic/runs/cordic/dev/rtl/cordic_reg_pkg.sv:185:26: Parameter is not used: 'CORDIC_CFG_RESVAL'
                                                                                             : ... note: In instance 'cordic.u_cordic_core.u_start_edge_detect'
  185 |   parameter logic [31:0] CORDIC_CFG_RESVAL = 32'h 0;
      |                          ^~~~~~~~~~~~~~~~~
%Warning-UNUSEDSIGNAL: /home/eneadim/github/flexsoc/hw/ips/tlul/tlul_adapter_reg.sv:65:51: Signal is not used: 'instr_error'
                                                                                         : ... note: In instance 'cordic.u_cordic_reg.u_reg_if'
   65 |   logic             error_q, error, err_internal, instr_error, intg_error;
      |                                                   ^~~~~~~~~~~
%Warning-UNUSEDSIGNAL: /home/eneadim/github/flexsoc/hw/ips/tlul/tlul_adapter_reg.sv:65:64: Signal is not used: 'intg_error'
                                                                                         : ... note: In instance 'cordic.u_cordic_reg.u_reg_if'
   65 |   logic             error_q, error, err_internal, instr_error, intg_error;
      |                                                                ^~~~~~~~~~
%Warning-UNUSEDSIGNAL: /home/eneadim/github/flexsoc/hw/ips/tlul/tlul_adapter_reg.sv:68:9: Signal is not used: 'malformed_meta_err'
                                                                                        : ... note: In instance 'cordic.u_cordic_reg.u_reg_if'
   68 |   logic malformed_meta_err;  
      |         ^~~~~~~~~~~~~~~~~~
%Warning-UNUSEDSIGNAL: /home/eneadim/github/flexsoc/hw/ips/tlul/tlul_adapter_reg.sv:69:9: Signal is not used: 'tl_err'
                                                                                        : ... note: In instance 'cordic.u_cordic_reg.u_reg_if'
   69 |   logic tl_err;              
      |         ^~~~~~
%Warning-UNUSEDSIGNAL: /home/eneadim/github/flexsoc/hw/ips/tlul/tlul_err.sv:9:9: Signal is not used: 'clk_i'
                                                                               : ... note: In instance 'cordic.u_cordic_reg.u_reg_if.u_err'
    9 |   input clk_i,
      |         ^~~~~
%Warning-UNUSEDSIGNAL: /home/eneadim/github/flexsoc/hw/ips/tlul/tlul_err.sv:10:9: Signal is not used: 'rst_ni'
                                                                                : ... note: In instance 'cordic.u_cordic_reg.u_reg_if.u_err'
   10 |   input rst_ni,
      |         ^~~~~~
%Warning-UNUSEDSIGNAL: /home/eneadim/github/flexsoc/hw/ips/tlul/tlul_err.sv:12:18: Bits of signal are not used: 'tl_i'[104:102,99:92,55:24,0]
                                                                                 : ... note: In instance 'cordic.u_cordic_reg.u_reg_if.u_err'
   12 |   input tl_h2d_t tl_i,
      |                  ^~~~
%Warning-UNUSEDPARAM: /home/eneadim/github/flexsoc/hw/ips/tlul/tlul_err.sv:17:18: Parameter is not used: 'IW'
                                                                                : ... note: In instance 'cordic.u_cordic_reg.u_reg_if.u_err'
   17 |   localparam int IW  = $bits(tl_i.a_source);
      |                  ^~
%Warning-UNUSEDPARAM: /home/eneadim/github/flexsoc/hw/ips/tlul/tlul_err.sv:18:18: Parameter is not used: 'SZW'
                                                                                : ... note: In instance 'cordic.u_cordic_reg.u_reg_if.u_err'
   18 |   localparam int SZW = $bits(tl_i.a_size);
      |                  ^~~
%Warning-UNUSEDPARAM: /home/eneadim/github/flexsoc/hw/ips/pkgs/tlul_pkg.sv:14:13: Parameter is not used: 'ArbiterImpl'
                                                                                : ... note: In instance 'cordic.u_cordic_reg.u_z_in.wr_en_data_arb'
   14 |   parameter ArbiterImpl = "PPC";
      |             ^~~~~~~~~~~
%Warning-UNUSEDPARAM: /home/eneadim/github/flexsoc/hw/ips/pkgs/tlul_pkg.sv:29:17: Parameter is not used: 'H2DCmdFullWidth'
                                                                                : ... note: In instance 'cordic.u_cordic_reg.u_z_in.wr_en_data_arb'
   29 |   parameter int H2DCmdFullWidth = H2DCmdMaxWidth + H2DCmdIntgWidth;
      |                 ^~~~~~~~~~~~~~~
%Warning-UNUSEDPARAM: /home/eneadim/github/flexsoc/hw/ips/pkgs/tlul_pkg.sv:32:17: Parameter is not used: 'D2HRspFullWidth'
                                                                                : ... note: In instance 'cordic.u_cordic_reg.u_z_in.wr_en_data_arb'
   32 |   parameter int D2HRspFullWidth = D2HRspMaxWidth + D2HRspIntgWidth;
      |                 ^~~~~~~~~~~~~~~
%Warning-UNUSEDPARAM: /home/eneadim/github/flexsoc/hw/ips/pkgs/tlul_pkg.sv:35:17: Parameter is not used: 'DataFullWidth'
                                                                                : ... note: In instance 'cordic.u_cordic_reg.u_z_in.wr_en_data_arb'
   35 |   parameter int DataFullWidth   = DataMaxWidth + DataIntgWidth;
      |                 ^~~~~~~~~~~~~
%Warning-UNUSEDPARAM: /home/eneadim/github/flexsoc/hw/ips/pkgs/tlul_pkg.sv:39:40: Parameter is not used: 'DataWhenInstrError'
                                                                                : ... note: In instance 'cordic.u_cordic_reg.u_z_in.wr_en_data_arb'
   39 |   parameter logic [top_pkg::TL_DW-1:0] DataWhenInstrError = '0;
      |                                        ^~~~~~~~~~~~~~~~~~
%Warning-UNUSEDPARAM: /home/eneadim/github/flexsoc/hw/ips/pkgs/tlul_pkg.sv:42:40: Parameter is not used: 'DataWhenError'
                                                                                : ... note: In instance 'cordic.u_cordic_reg.u_z_in.wr_en_data_arb'
   42 |   parameter logic [top_pkg::TL_DW-1:0] DataWhenError      = {top_pkg::TL_DW{1'b1}};
      |                                        ^~~~~~~~~~~~~
%Warning-UNUSEDPARAM: /home/eneadim/github/flexsoc/hw/ips/pkgs/tlul_pkg.sv:87:23: Parameter is not used: 'TL_H2D_DEFAULT'
                                                                                : ... note: In instance 'cordic.u_cordic_reg.u_z_in.wr_en_data_arb'
   87 |   localparam tl_h2d_t TL_H2D_DEFAULT = '{
      |                       ^~~~~~~~~~~~~~
%Warning-UNUSEDPARAM: /home/eneadim/github/flexsoc/hw/ips/pkgs/tlul_pkg.sv:131:23: Parameter is not used: 'TL_D2H_DEFAULT'
                                                                                 : ... note: In instance 'cordic.u_cordic_reg.u_z_in.wr_en_data_arb'
  131 |   localparam tl_d2h_t TL_D2H_DEFAULT = '{
      |                       ^~~~~~~~~~~~~~
- V e r i l a t i o n   R e p o r t: Verilator 5.050 2026-07-01 rev v5.050
- Verilator: Built from 3.917 MB sources in 27 modules, into 0.117 MB in 4 C++ files needing 0.000 MB
- Verilator: Walltime 0.087 s (elab=0.024, cvt=0.030, bld=0.000); cpu 0.087 s on 1 threads; allocated 43.590 MB
