analysis=power_estimate activity_source=input_assumption
activity_model=input
activity=0.1
duty=0.5
corner=ff stage=post_syn
liberty=/home/eneadim/github/flexsoc/.flexsoc/pdks/ciel/sky130/versions/f6eeac7dad085ffcc829ccfd721f7b4ce39edcf7/sky130A/libs.ref/sky130_fd_sc_hd/lib/sky130_fd_sc_hd__ff_n40C_1v95_ccsnoise.lib
netlist=/tmp/flexsoc-ip-v1-release-20260914/gpio-tlul/runs/gpio/release/syn/sky130/gpio_synth.v
sdc=/tmp/flexsoc-ip-v1-release-20260914/gpio-tlul/runs/gpio/release/constraints/gpio.sdc
spef=

=== Units ===
 time 1ns
 capacitance 1pF
 resistance 1kohm
 voltage 1v
 current 1mA
 power 1nW
 distance 1um

=== Constraint validation ===

=== Power summary ===
Group                  Internal  Switching    Leakage      Total
                          Power      Power      Power      Power (Watts)
----------------------------------------------------------------
Sequential             6.39e-04   2.63e-05   1.74e-09   6.66e-04  77.3%
Combinational          8.86e-05   1.07e-04   3.14e-09   1.95e-04  22.7%
Clock                  0.00e+00   0.00e+00   0.00e+00   0.00e+00   0.0%
Macro                  0.00e+00   0.00e+00   0.00e+00   0.00e+00   0.0%
Pad                    0.00e+00   0.00e+00   0.00e+00   0.00e+00   0.0%
----------------------------------------------------------------
Total                  7.28e-04   1.33e-04   4.88e-09   8.61e-04 100.0%
                          84.6%      15.4%       0.0%

=== FlexSoC normalized power fields ===
dynamic_power_definition=internal_power+switching_power
power_unit=OpenSTA report unit; see Units section
internal_power=0.000728
switching_power=0.000133
dynamic_power=0.000861
leakage_power=4.88e-09
total_power=0.000861
