OpenSTA 2.7.0 65dc4e7a14 Copyright (c) 2025, Parallax Software, Inc.
License GPLv3: GNU GPL version 3 <http://gnu.org/licenses/gpl.html>

This is free software, and you are free to change and redistribute it
under certain conditions; type `show_copying' for details. 
This program comes with ABSOLUTELY NO WARRANTY; for details type `show_warranty'.

===========================================================================
Define corners Slowest Typical Fastest
===========================================================================

define_corners Slowest Typical Fastest

===========================================================================
Read liberty files
===========================================================================

read_liberty -corner Slowest lib/sky130_fd_sc_hd__ss_100C_1v40.lib
read_liberty -corner Typical lib/sky130_fd_sc_hd__tt_025C_1v80.lib
read_liberty -corner Fastest lib/sky130_fd_sc_hd__ff_n40C_1v95.lib

===========================================================================
Read verilog and link top module
===========================================================================

read_verilog syn/spi_host_synth.v
link_design spi_host

===========================================================================
Read SDC
===========================================================================

read_sdc ors/spi_host.sdc


===========================================================================
(Probability Power Analysis) report_power
============================================================================
set_power_activity -input -activity .10
set_power_activity -input_port rst_ni -activity 0

======================= Fastest Corner ===================================
Group                  Internal  Switching    Leakage      Total
                          Power      Power      Power      Power (Watts)
----------------------------------------------------------------
Sequential             3.16e-04   4.51e-06   6.99e-08   3.21e-04  95.0%
Combinational          7.74e-06   9.27e-06   1.46e-09   1.70e-05   5.0%
Clock                  0.00e+00   0.00e+00   0.00e+00   0.00e+00   0.0%
Macro                  0.00e+00   0.00e+00   0.00e+00   0.00e+00   0.0%
Pad                    0.00e+00   0.00e+00   0.00e+00   0.00e+00   0.0%
----------------------------------------------------------------
Total                  3.24e-04   1.38e-05   7.14e-08   3.38e-04 100.0%
                          95.9%       4.1%       0.0%


======================= Slowest Corner ===================================
Group                  Internal  Switching    Leakage      Total
                          Power      Power      Power      Power (Watts)
----------------------------------------------------------------
Sequential             1.55e-04   2.19e-06   1.46e-06   1.58e-04  94.4%
Combinational          4.41e-06   4.43e-06   6.12e-07   9.46e-06   5.6%
Clock                  0.00e+00   0.00e+00   0.00e+00   0.00e+00   0.0%
Macro                  0.00e+00   0.00e+00   0.00e+00   0.00e+00   0.0%
Pad                    0.00e+00   0.00e+00   0.00e+00   0.00e+00   0.0%
----------------------------------------------------------------
Total                  1.59e-04   6.63e-06   2.07e-06   1.68e-04 100.0%
                          94.8%       3.9%       1.2%


======================= Typical Corner ===================================
Group                  Internal  Switching    Leakage      Total
                          Power      Power      Power      Power (Watts)
----------------------------------------------------------------
Sequential             2.73e-04   3.81e-06   6.92e-08   2.77e-04  94.9%
Combinational          7.22e-06   7.78e-06   6.88e-10   1.50e-05   5.1%
Clock                  0.00e+00   0.00e+00   0.00e+00   0.00e+00   0.0%
Macro                  0.00e+00   0.00e+00   0.00e+00   0.00e+00   0.0%
Pad                    0.00e+00   0.00e+00   0.00e+00   0.00e+00   0.0%
----------------------------------------------------------------
Total                  2.81e-04   1.16e-05   6.99e-08   2.92e-04 100.0%
                          96.0%       4.0%       0.0%

===========================================================================
(VCD Power Analysis) report_power
============================================================================
read_vcd -scope spi_host_tb/u_spi_host sim/spi_host_tb.vcd
Warning: clock core_clock vcd period 9.987 differs from SDC clock period 20.000
Annotated 7 pin activities.

======================= Fastest Corner ===================================
Group                  Internal  Switching    Leakage      Total
                          Power      Power      Power      Power (Watts)
----------------------------------------------------------------
Sequential             3.16e-04   4.51e-06   2.37e-09   3.21e-04  95.0%
Combinational          7.74e-06   9.27e-06   1.46e-09   1.70e-05   5.0%
Clock                  0.00e+00   0.00e+00   0.00e+00   0.00e+00   0.0%
Macro                  0.00e+00   0.00e+00   0.00e+00   0.00e+00   0.0%
Pad                    0.00e+00   0.00e+00   0.00e+00   0.00e+00   0.0%
----------------------------------------------------------------
Total                  3.24e-04   1.38e-05   3.82e-09   3.38e-04 100.0%
                          95.9%       4.1%       0.0%


======================= Slowest Corner ===================================
Group                  Internal  Switching    Leakage      Total
                          Power      Power      Power      Power (Watts)
----------------------------------------------------------------
Sequential             1.55e-04   2.19e-06   1.47e-06   1.58e-04  94.4%
Combinational          4.41e-06   4.43e-06   6.12e-07   9.46e-06   5.6%
Clock                  0.00e+00   0.00e+00   0.00e+00   0.00e+00   0.0%
Macro                  0.00e+00   0.00e+00   0.00e+00   0.00e+00   0.0%
Pad                    0.00e+00   0.00e+00   0.00e+00   0.00e+00   0.0%
----------------------------------------------------------------
Total                  1.59e-04   6.63e-06   2.08e-06   1.68e-04 100.0%
                          94.8%       3.9%       1.2%


======================= Typical Corner ===================================
Group                  Internal  Switching    Leakage      Total
                          Power      Power      Power      Power (Watts)
----------------------------------------------------------------
Sequential             2.73e-04   3.81e-06   1.65e-09   2.77e-04  94.9%
Combinational          7.22e-06   7.78e-06   6.88e-10   1.50e-05   5.1%
Clock                  0.00e+00   0.00e+00   0.00e+00   0.00e+00   0.0%
Macro                  0.00e+00   0.00e+00   0.00e+00   0.00e+00   0.0%
Pad                    0.00e+00   0.00e+00   0.00e+00   0.00e+00   0.0%
----------------------------------------------------------------
Total                  2.81e-04   1.16e-05   2.34e-09   2.92e-04 100.0%
                          96.0%       4.0%       0.0%

