analysis=power_analysis corner=tt stage=post_syn
workload=smoke_sv_tt
gls_report=/tmp/flexsoc-uart-interface-contract-20260914/axi_lite/runs/uart/contract/dv/functional/sim/post_syn/ihp-sg13g2/uart_post_syn_smoke_sv_tt.json
activity_file=/tmp/flexsoc-uart-interface-contract-20260914/axi_lite/runs/uart/contract/signoff/ihp-sg13g2/power/activity/captures/uart_ihp-sg13g2_smoke_sv_tt.vcd
activity_scope=uart_tb/u_uart
liberty=/home/eneadim/github/flexsoc/.flexsoc/pdks/ihp-sg13g2/ihp-sg13g2/libs.ref/sg13g2_stdcell/lib/sg13g2_stdcell_typ_1p50V_25C.lib
netlist=/tmp/flexsoc-uart-interface-contract-20260914/axi_lite/runs/uart/contract/syn/ihp-sg13g2/uart_synth.v
sdc=/tmp/flexsoc-uart-interface-contract-20260914/axi_lite/runs/uart/contract/constraints/uart.sdc
spef=

=== Units ===
 time 1ns
 capacitance 1pF
 resistance 1kohm
 voltage 1v
 current 1uA
 power 1pW
 distance 1um

=== Constraint validation ===

=== Activity annotation ===
annotated_percent=100.00%
Unannotated pins: none

=== Power summary ===
Group                  Internal  Switching    Leakage      Total
                          Power      Power      Power      Power (Watts)
----------------------------------------------------------------
Sequential             4.01e-03   5.27e-06   6.93e-07   4.02e-03  97.5%
Combinational          5.47e-05   4.88e-05   9.13e-07   1.04e-04   2.5%
Clock                  0.00e+00   0.00e+00   0.00e+00   0.00e+00   0.0%
Macro                  0.00e+00   0.00e+00   0.00e+00   0.00e+00   0.0%
Pad                    0.00e+00   0.00e+00   0.00e+00   0.00e+00   0.0%
----------------------------------------------------------------
Total                  4.06e-03   5.40e-05   1.61e-06   4.12e-03 100.0%
                          98.6%       1.3%       0.0%

=== FlexSoC normalized power fields ===
dynamic_power_definition=internal_power+switching_power
power_unit=OpenSTA report unit; see Units section
internal_power=0.00406
switching_power=5.4e-05
dynamic_power=0.0041140000000000005
leakage_power=1.61e-06
total_power=0.00412
