analysis=power_analysis corner=tt stage=post_syn
workload=smoke_sv_tt
gls_report=/home/eneadim/github/flexsoc/workspace/runs/cordic/dev/dv/functional/sim/post_syn/sky130/cordic_post_syn_smoke_sv_tt.json
activity_file=/home/eneadim/github/flexsoc/workspace/runs/cordic/dev/signoff/sky130/power/activity/captures/cordic_sky130_smoke_sv_tt.vcd
activity_scope=cordic_tb/u_cordic
liberty=/home/eneadim/github/flexsoc/.flexsoc/pdks/ciel/sky130/versions/f6eeac7dad085ffcc829ccfd721f7b4ce39edcf7/sky130A/libs.ref/sky130_fd_sc_hd/lib/sky130_fd_sc_hd__tt_100C_1v80.lib
netlist=/home/eneadim/github/flexsoc/workspace/runs/cordic/dev/syn/sky130/cordic_synth.v
sdc=/home/eneadim/github/flexsoc/workspace/runs/cordic/dev/signoff/sky130/cordic.sdc
spef=

=== Units ===
 time 1ns
 capacitance 1pF
 resistance 1kohm
 voltage 1v
 current 1mA
 power 1nW
 distance 1um

=== Constraint validation ===

=== Activity annotation ===
annotated_percent=100.00%
Unannotated pins: none

=== Power summary ===
Group                  Internal  Switching    Leakage      Total
                          Power      Power      Power      Power (Watts)
----------------------------------------------------------------
Sequential             1.23e-03   3.26e-06   1.14e-06   1.23e-03  95.1%
Combinational          2.83e-05   3.36e-05   1.18e-06   6.30e-05   4.9%
Clock                  0.00e+00   0.00e+00   0.00e+00   0.00e+00   0.0%
Macro                  0.00e+00   0.00e+00   0.00e+00   0.00e+00   0.0%
Pad                    0.00e+00   0.00e+00   0.00e+00   0.00e+00   0.0%
----------------------------------------------------------------
Total                  1.26e-03   3.68e-05   2.32e-06   1.30e-03 100.0%
                          97.0%       2.8%       0.2%

=== Highest-power instances ===
   Internal  Switching    Leakage      Total
      Power      Power      Power      Power (Watts)
--------------------------------------------
   4.32e-06   1.49e-06   3.94e-09   5.81e-06 _4602_
   4.25e-06   4.05e-07   3.94e-09   4.66e-06 _4603_
   4.22e-06   1.60e-07   3.94e-09   4.39e-06 _4604_
   4.34e-06   3.87e-08   3.93e-09   4.38e-06 _4592_
   4.20e-06   1.39e-07   3.89e-09   4.35e-06 _4712_
   4.26e-06   4.61e-08   3.94e-09   4.31e-06 _4622_
   4.26e-06   3.86e-08   3.94e-09   4.31e-06 _4621_
   4.26e-06   3.06e-08   3.95e-09   4.29e-06 _4616_
   4.26e-06   3.06e-08   3.96e-09   4.29e-06 _4618_
   4.26e-06   3.06e-08   3.97e-09   4.29e-06 _4610_
   4.26e-06   2.14e-08   3.95e-09   4.28e-06 _4619_
   4.25e-06   2.17e-08   3.94e-09   4.28e-06 _4620_
   4.25e-06   2.14e-08   3.94e-09   4.28e-06 _4617_
   4.25e-06   2.04e-08   3.93e-09   4.27e-06 _4614_
   4.20e-06   6.10e-08   3.94e-09   4.27e-06 _4605_
   4.24e-06   2.66e-08   3.97e-09   4.27e-06 _4612_
   4.24e-06   2.04e-08   3.97e-09   4.26e-06 _4611_
   4.24e-06   1.52e-08   3.96e-09   4.26e-06 _4613_
   4.23e-06   1.42e-08   3.93e-09   4.25e-06 _4609_
   4.22e-06   2.57e-08   3.93e-09   4.25e-06 _4607_

=== FlexSoC normalized power fields ===
dynamic_power_definition=internal_power+switching_power
power_unit=OpenSTA report unit; see Units section
internal_power=0.00126
switching_power=3.68e-05
dynamic_power=0.0012968
leakage_power=2.32e-06
total_power=0.0013
