
 /----------------------------------------------------------------------------\
 |  yosys -- Yosys Open SYnthesis Suite                                       |
 |  Copyright (C) 2012 - 2025  Claire Xenia Wolf <claire@yosyshq.com>         |
 |  Distributed under an ISC-like license, type "license" to see terms        |
 \----------------------------------------------------------------------------/
 Yosys 0.58 (git sha1 157aabb58, g++ 13.3.0-6ubuntu2~24.04 -fPIC -O3)

-- Executing script file `syn/synth_sv.ys' --

1. Executing SLANG frontend.
Top level design units:
    rv_timer

Build succeeded: 0 errors, 0 warnings

1.1. Executing UNDRIVEN pass. (resolve undriven signals)

1.2. Executing PROC_CLEAN pass (remove empty switches from decision trees).
Removing empty process `rv_timer.$299'.
Found and cleaned up 1 empty switch in `\rv_timer.$286'.
Removing empty process `rv_timer.$229'.
Removing empty process `rv_timer.$217'.
Found and cleaned up 1 empty switch in `\rv_timer.$212'.
Removing empty process `rv_timer.$205'.
Found and cleaned up 1 empty switch in `\rv_timer.$200'.
Found and cleaned up 1 empty switch in `\rv_timer.$192'.
Found and cleaned up 1 empty switch in `\rv_timer.$184'.
Found and cleaned up 1 empty switch in `\rv_timer.$175'.
Found and cleaned up 1 empty switch in `\rv_timer.$165'.
Found and cleaned up 1 empty switch in `\rv_timer.$157'.
Found and cleaned up 1 empty switch in `\rv_timer.$149'.
Found and cleaned up 1 empty switch in `\rv_timer.$141'.
Found and cleaned up 1 empty switch in `\rv_timer.$105'.
Removing empty process `rv_timer.$94'.
Removing empty process `rv_timer.$87'.
Found and cleaned up 1 empty switch in `\rv_timer.$80'.
Removing empty process `rv_timer.$79'.
Removing empty process `rv_timer.$71'.
Removing empty process `rv_timer.$69'.
Removing empty process `rv_timer.$67'.
Found and cleaned up 1 empty switch in `\rv_timer.$50'.
Found and cleaned up 1 empty switch in `\rv_timer.$43'.
Found and cleaned up 1 empty switch in `\rv_timer.$38'.
Found and cleaned up 1 empty switch in `\rv_timer.$12'.
Removing empty process `rv_timer.$8'.
Cleaned up 16 empty switches.

1.3. Executing TRIBUF pass.

1.4. Executing PROC_RMDEAD pass (remove dead branches from decision trees).
Marked 2 switch rules as full_case in process $105 in module rv_timer.
Marked 1 switch rules as full_case in process $80 in module rv_timer.
Marked 2 switch rules as full_case in process $38 in module rv_timer.
Marked 3 switch rules as full_case in process $12 in module rv_timer.
Removed a total of 0 dead cases.

1.5. Executing PROC_PRUNE pass (remove redundant assignments in processes).
Removed 10 redundant assignments.
Promoted 0 assignments to connections.

1.6. Executing PROC_INIT pass (extract init attributes).

1.7. Executing PROC_ROM pass (convert switches to ROMs).
Converted 0 switches.
<suppressed ~22 debug messages>

1.8. Executing PROC_MUX pass (convert decision trees to multiplexers).
Creating decoders for process `\rv_timer.$157'.
     1/1: $u_reg.u_ctrl_gpio_intr_1_0.q$160
Creating decoders for process `\rv_timer.$149'.
     1/1: $u_reg.u_ctrl_gpio_intr_0_0.q$152
Creating decoders for process `\rv_timer.$141'.
     1/1: $u_reg.u_ctrl_active_0.q$144
Creating decoders for process `\rv_timer.$105'.
     1/6: $u_reg.u_reg_if.u_err.fulldata_chk$131
     2/6: $u_reg.u_reg_if.u_err.mask_chk$130
     3/6: $u_reg.u_reg_if.u_err.addr_sz_chk$129
     4/6: $u_reg.u_reg_if.u_err.fulldata_chk$128
     5/6: $u_reg.u_reg_if.u_err.mask_chk$127
     6/6: $u_reg.u_reg_if.u_err.addr_sz_chk$126
Creating decoders for process `\rv_timer.$212'.
     1/1: $u_reg.u_compare_v0.q$215
Creating decoders for process `\rv_timer.$286'.
     1/6: $u_reg.reg_rdata_next$287 [31:24]
     2/6: $u_reg.reg_rdata_next$287 [2:1]
     3/6: $u_reg.reg_rdata_next$287 [0]
     4/6: $u_reg.reg_rdata_next$287 [23:16]
     5/6: $u_reg.reg_rdata_next$287 [11:3]
     6/6: $u_reg.reg_rdata_next$287 [15:12]
Creating decoders for process `\rv_timer.$80'.
     1/1: $u_reg.u_reg_if.addr_align_err$82
Creating decoders for process `\rv_timer.$200'.
     1/1: $u_reg.u_timer_v0.q$203
Creating decoders for process `\rv_timer.$192'.
     1/1: $u_reg.u_cfg0_step.q$195
Creating decoders for process `\rv_timer.$184'.
     1/1: $u_reg.u_cfg0_prescale.q$187
Creating decoders for process `\rv_timer.$175'.
     1/1: $u_reg.u_intr_state0.q$178
Creating decoders for process `\rv_timer.$50'.
     1/2: $u_reg.u_reg_if.error_q$58
     2/2: $u_reg.u_reg_if.rdata_q$57
Creating decoders for process `\rv_timer.$43'.
     1/3: $u_reg.u_reg_if.rspop_q$49
     2/3: $u_reg.u_reg_if.reqsz_q$48
     3/3: $u_reg.u_reg_if.reqid_q$47
Creating decoders for process `\rv_timer.$38'.
     1/2: $u_reg.u_reg_if.outstanding_q$41
     2/2: $u_reg.u_reg_if.outstanding_q$42
Creating decoders for process `\rv_timer.$12'.
     1/2: $gen_harts[0].u_core.tick_count$18
     2/2: $gen_harts[0].u_core.tick_count$19
Creating decoders for process `\rv_timer.$165'.
     1/1: $u_reg.u_intr_enable0.q$168

1.9. Executing PROC_CLEAN pass (remove empty switches from decision trees).
Found and cleaned up 1 empty switch in `\rv_timer.$157'.
Removing empty process `rv_timer.$157'.
Found and cleaned up 1 empty switch in `\rv_timer.$149'.
Removing empty process `rv_timer.$149'.
Found and cleaned up 1 empty switch in `\rv_timer.$141'.
Removing empty process `rv_timer.$141'.
Found and cleaned up 3 empty switches in `\rv_timer.$105'.
Removing empty process `rv_timer.$105'.
Found and cleaned up 1 empty switch in `\rv_timer.$212'.
Removing empty process `rv_timer.$212'.
Found and cleaned up 1 empty switch in `\rv_timer.$286'.
Removing empty process `rv_timer.$286'.
Found and cleaned up 1 empty switch in `\rv_timer.$80'.
Removing empty process `rv_timer.$80'.
Found and cleaned up 1 empty switch in `\rv_timer.$200'.
Removing empty process `rv_timer.$200'.
Found and cleaned up 1 empty switch in `\rv_timer.$192'.
Removing empty process `rv_timer.$192'.
Found and cleaned up 1 empty switch in `\rv_timer.$184'.
Removing empty process `rv_timer.$184'.
Found and cleaned up 1 empty switch in `\rv_timer.$175'.
Removing empty process `rv_timer.$175'.
Found and cleaned up 1 empty switch in `\rv_timer.$50'.
Removing empty process `rv_timer.$50'.
Found and cleaned up 1 empty switch in `\rv_timer.$43'.
Removing empty process `rv_timer.$43'.
Found and cleaned up 3 empty switches in `\rv_timer.$38'.
Removing empty process `rv_timer.$38'.
Found and cleaned up 3 empty switches in `\rv_timer.$12'.
Removing empty process `rv_timer.$12'.
Found and cleaned up 1 empty switch in `\rv_timer.$165'.
Removing empty process `rv_timer.$165'.
Cleaned up 22 empty switches.

1.10. Executing OPT_EXPR pass (perform const folding).
Optimizing module rv_timer.
<suppressed ~103 debug messages>

2. Executing SYNTH pass.

2.1. Executing HIERARCHY pass (managing design hierarchy).

2.1.1. Analyzing design hierarchy..
Top module:  \rv_timer

2.1.2. Analyzing design hierarchy..
Top module:  \rv_timer
Removed 0 unused modules.

2.2. Executing PROC pass (convert processes to netlists).

2.2.1. Executing PROC_CLEAN pass (remove empty switches from decision trees).
Cleaned up 0 empty switches.

2.2.2. Executing PROC_RMDEAD pass (remove dead branches from decision trees).
Removed a total of 0 dead cases.

2.2.3. Executing PROC_PRUNE pass (remove redundant assignments in processes).
Removed 0 redundant assignments.
Promoted 0 assignments to connections.

2.2.4. Executing PROC_INIT pass (extract init attributes).

2.2.5. Executing PROC_ARST pass (detect async resets in processes).

2.2.6. Executing PROC_ROM pass (convert switches to ROMs).
Converted 0 switches.

2.2.7. Executing PROC_MUX pass (convert decision trees to multiplexers).

2.2.8. Executing PROC_DLATCH pass (convert process syncs to latches).

2.2.9. Executing PROC_DFF pass (convert process syncs to FFs).

2.2.10. Executing PROC_MEMWR pass (convert process memory writes to cells).

2.2.11. Executing PROC_CLEAN pass (remove empty switches from decision trees).
Cleaned up 0 empty switches.

2.2.12. Executing OPT_EXPR pass (perform const folding).
Optimizing module rv_timer.

2.3. Executing OPT_EXPR pass (perform const folding).
Optimizing module rv_timer.

2.4. Executing OPT_CLEAN pass (remove unused cells and wires).
Finding unused cells or wires in module \rv_timer..
Removed 101 unused cells and 331 unused wires.
<suppressed ~128 debug messages>

2.5. Executing CHECK pass (checking for obvious problems).
Checking module rv_timer...
Found and reported 0 problems.

2.6. Executing OPT pass (performing simple optimizations).

2.6.1. Executing OPT_EXPR pass (perform const folding).
Optimizing module rv_timer.

2.6.2. Executing OPT_MERGE pass (detect identical cells).
Finding identical cells in module `\rv_timer'.
<suppressed ~45 debug messages>
Removed a total of 15 cells.

2.6.3. Executing OPT_MUXTREE pass (detect dead branches in mux trees).
Running muxtree optimizer on module \rv_timer..
  Creating internal representation of mux trees.
  Evaluating internal representation of mux trees.
  Analyzing evaluation results.
    dead port 2/2 on $mux $183.
    dead port 2/2 on $mux $191.
    dead port 2/2 on $mux $211.
    dead port 2/2 on $mux $140.
    dead port 2/2 on $mux $148.
    dead port 2/2 on $mux $156.
    dead port 2/2 on $mux $164.
    dead port 1/2 on $mux $procmux$123.
    dead port 2/2 on $mux $procmux$133.
Removed 9 multiplexer ports.
<suppressed ~60 debug messages>

2.6.4. Executing OPT_REDUCE pass (consolidate $*mux and $reduce_* inputs).
  Optimizing cells in module \rv_timer.
    New input vector for $reduce_or cell $251: $230y [2:0]
    New ctrl vector for $pmux cell $procmux$46: { $auto$opt_reduce.cc:137:opt_pmux$142 \u_reg.addr_hit [5] \u_reg.addr_hit [6] }
    New ctrl vector for $pmux cell $procmux$55: { \u_reg.addr_hit [0] $auto$opt_reduce.cc:137:opt_pmux$144 \u_reg.addr_hit [4] \u_reg.addr_hit [5] \u_reg.addr_hit [6] }
    New ctrl vector for $pmux cell $procmux$73: { $auto$opt_reduce.cc:137:opt_pmux$146 \u_reg.addr_hit [4] \u_reg.addr_hit [5] \u_reg.addr_hit [6] }
    New ctrl vector for $pmux cell $procmux$82: { $auto$opt_reduce.cc:137:opt_pmux$148 \u_reg.addr_hit [4] \u_reg.addr_hit [5] \u_reg.addr_hit [6] }
    New ctrl vector for $pmux cell $procmux$91: { $auto$opt_reduce.cc:137:opt_pmux$150 \u_reg.addr_hit [5] \u_reg.addr_hit [6] }
  Optimizing cells in module \rv_timer.
Performed a total of 6 changes.

2.6.5. Executing OPT_MERGE pass (detect identical cells).
Finding identical cells in module `\rv_timer'.
<suppressed ~6 debug messages>
Removed a total of 2 cells.

2.6.6. Executing OPT_DFF pass (perform DFF optimizations).
Changing const-value async load to async reset on $driver$u_reg.u_timer_v0.q ($aldff) from module rv_timer.
Changing const-value async load to async reset on $driver$u_reg.u_reg_if.rspop_q ($aldff) from module rv_timer.
Changing const-value async load to async reset on $driver$u_reg.u_reg_if.reqsz_q ($aldff) from module rv_timer.
Changing const-value async load to async reset on $driver$u_reg.u_reg_if.reqid_q ($aldff) from module rv_timer.
Changing const-value async load to async reset on $driver$u_reg.u_reg_if.rdata_q ($aldff) from module rv_timer.
Changing const-value async load to async reset on $driver$u_reg.u_reg_if.outstanding_q ($aldff) from module rv_timer.
Changing const-value async load to async reset on $driver$u_reg.u_reg_if.error_q ($aldff) from module rv_timer.
Changing const-value async load to async reset on $driver$u_reg.u_intr_state0.q ($aldff) from module rv_timer.
Changing const-value async load to async reset on $driver$u_reg.u_intr_enable0.q ($aldff) from module rv_timer.
Changing const-value async load to async reset on $driver$u_reg.u_ctrl_gpio_intr_1_0.q ($aldff) from module rv_timer.
Changing const-value async load to async reset on $driver$u_reg.u_ctrl_gpio_intr_0_0.q ($aldff) from module rv_timer.
Changing const-value async load to async reset on $driver$u_reg.u_ctrl_active_0.q ($aldff) from module rv_timer.
Changing const-value async load to async reset on $driver$u_reg.u_compare_v00_qe.q_o ($aldff) from module rv_timer.
Changing const-value async load to async reset on $driver$u_reg.u_compare_v0.q ($aldff) from module rv_timer.
Changing const-value async load to async reset on $driver$u_reg.u_cfg0_step.q ($aldff) from module rv_timer.
Changing const-value async load to async reset on $driver$u_reg.u_cfg0_prescale.q ($aldff) from module rv_timer.
Changing const-value async load to async reset on $driver$input_capture_active_q[0] ($aldff) from module rv_timer.
Changing const-value async load to async reset on $driver$gen_harts[0].u_intr_hw.intr_o ($aldff) from module rv_timer.
Changing const-value async load to async reset on $driver$gen_harts[0].u_core.tick_count ($aldff) from module rv_timer.

2.6.7. Executing OPT_CLEAN pass (remove unused cells and wires).
Finding unused cells or wires in module \rv_timer..
Removed 0 unused cells and 21 unused wires.
<suppressed ~3 debug messages>

2.6.8. Executing OPT_EXPR pass (perform const folding).
Optimizing module rv_timer.

2.6.9. Rerunning OPT passes. (Maybe there is more to do..)

2.6.10. Executing OPT_MUXTREE pass (detect dead branches in mux trees).
Running muxtree optimizer on module \rv_timer..
  Creating internal representation of mux trees.
  Evaluating internal representation of mux trees.
  Analyzing evaluation results.
Removed 0 multiplexer ports.
<suppressed ~51 debug messages>

2.6.11. Executing OPT_REDUCE pass (consolidate $*mux and $reduce_* inputs).
  Optimizing cells in module \rv_timer.
Performed a total of 0 changes.

2.6.12. Executing OPT_MERGE pass (detect identical cells).
Finding identical cells in module `\rv_timer'.
Removed a total of 0 cells.

2.6.13. Executing OPT_DFF pass (perform DFF optimizations).

2.6.14. Executing OPT_CLEAN pass (remove unused cells and wires).
Finding unused cells or wires in module \rv_timer..

2.6.15. Executing OPT_EXPR pass (perform const folding).
Optimizing module rv_timer.

2.6.16. Finished fast OPT passes. (There is nothing left to do.)

2.7. Executing FSM pass (extract and optimize FSM).

2.7.1. Executing FSM_DETECT pass (finding FSMs in design).
Not marking rv_timer.u_reg.u_reg_if.rspop_q as FSM state register:
    Register is connected to module port.
    Users of register don't seem to benefit from recoding.

2.7.2. Executing FSM_EXTRACT pass (extracting FSM from design).

2.7.3. Executing FSM_OPT pass (simple optimizations of FSMs).

2.7.4. Executing OPT_CLEAN pass (remove unused cells and wires).
Finding unused cells or wires in module \rv_timer..

2.7.5. Executing FSM_OPT pass (simple optimizations of FSMs).

2.7.6. Executing FSM_RECODE pass (re-assigning FSM state encoding).

2.7.7. Executing FSM_INFO pass (dumping all available information on FSM cells).

2.7.8. Executing FSM_MAP pass (mapping FSMs to basic logic).

2.8. Executing OPT pass (performing simple optimizations).

2.8.1. Executing OPT_EXPR pass (perform const folding).
Optimizing module rv_timer.

2.8.2. Executing OPT_MERGE pass (detect identical cells).
Finding identical cells in module `\rv_timer'.
Removed a total of 0 cells.

2.8.3. Executing OPT_MUXTREE pass (detect dead branches in mux trees).
Running muxtree optimizer on module \rv_timer..
  Creating internal representation of mux trees.
  Evaluating internal representation of mux trees.
  Analyzing evaluation results.
Removed 0 multiplexer ports.
<suppressed ~51 debug messages>

2.8.4. Executing OPT_REDUCE pass (consolidate $*mux and $reduce_* inputs).
  Optimizing cells in module \rv_timer.
Performed a total of 0 changes.

2.8.5. Executing OPT_MERGE pass (detect identical cells).
Finding identical cells in module `\rv_timer'.
Removed a total of 0 cells.

2.8.6. Executing OPT_DFF pass (perform DFF optimizations).
Adding EN signal on $driver$u_reg.u_timer_v0.q ($adff) from module rv_timer (D = \u_reg.u_timer_v0.wr_data, Q = \u_reg.u_timer_v0.q).
Adding EN signal on $driver$u_reg.u_reg_if.rspop_q ($adff) from module rv_timer (D = $46y, Q = \u_reg.u_reg_if.rspop_q).
Adding EN signal on $driver$u_reg.u_reg_if.reqsz_q ($adff) from module rv_timer (D = \tl_i [101:100], Q = \u_reg.u_reg_if.reqsz_q).
Adding EN signal on $driver$u_reg.u_reg_if.reqid_q ($adff) from module rv_timer (D = \tl_i [99:92], Q = \u_reg.u_reg_if.reqid_q).
Adding EN signal on $driver$u_reg.u_reg_if.rdata_q ($adff) from module rv_timer (D = $55y, Q = \u_reg.u_reg_if.rdata_q).
Adding EN signal on $driver$u_reg.u_reg_if.outstanding_q ($adff) from module rv_timer (D = $procmux$127_Y, Q = \u_reg.u_reg_if.outstanding_q).
Adding EN signal on $driver$u_reg.u_reg_if.error_q ($adff) from module rv_timer (D = $53y, Q = \u_reg.u_reg_if.error_q).
Adding EN signal on $driver$u_reg.u_intr_state0.q ($adff) from module rv_timer (D = \u_reg.u_intr_state0.wr_data, Q = \u_reg.u_intr_state0.q).
Adding EN signal on $driver$u_reg.u_intr_enable0.q ($adff) from module rv_timer (D = \tl_i [24], Q = \u_reg.u_intr_enable0.q).
Adding EN signal on $driver$u_reg.u_ctrl_gpio_intr_1_0.q ($adff) from module rv_timer (D = \tl_i [26], Q = \u_reg.u_ctrl_gpio_intr_1_0.q).
Adding EN signal on $driver$u_reg.u_ctrl_gpio_intr_0_0.q ($adff) from module rv_timer (D = \tl_i [25], Q = \u_reg.u_ctrl_gpio_intr_0_0.q).
Adding EN signal on $driver$u_reg.u_ctrl_active_0.q ($adff) from module rv_timer (D = \tl_i [24], Q = \u_reg.u_ctrl_active_0.q).
Adding EN signal on $driver$u_reg.u_compare_v0.q ($adff) from module rv_timer (D = \tl_i [55:24], Q = \u_reg.u_compare_v0.q).
Adding EN signal on $driver$u_reg.u_cfg0_step.q ($adff) from module rv_timer (D = \tl_i [47:40], Q = \u_reg.u_cfg0_step.q).
Adding EN signal on $driver$u_reg.u_cfg0_prescale.q ($adff) from module rv_timer (D = \tl_i [35:24], Q = \u_reg.u_cfg0_prescale.q).

2.8.7. Executing OPT_CLEAN pass (remove unused cells and wires).
Finding unused cells or wires in module \rv_timer..
Removed 14 unused cells and 14 unused wires.
<suppressed ~15 debug messages>

2.8.8. Executing OPT_EXPR pass (perform const folding).
Optimizing module rv_timer.
<suppressed ~1 debug messages>

2.8.9. Rerunning OPT passes. (Maybe there is more to do..)

2.8.10. Executing OPT_MUXTREE pass (detect dead branches in mux trees).
Running muxtree optimizer on module \rv_timer..
  Creating internal representation of mux trees.
  Evaluating internal representation of mux trees.
  Analyzing evaluation results.
Removed 0 multiplexer ports.
<suppressed ~26 debug messages>

2.8.11. Executing OPT_REDUCE pass (consolidate $*mux and $reduce_* inputs).
  Optimizing cells in module \rv_timer.
Performed a total of 0 changes.

2.8.12. Executing OPT_MERGE pass (detect identical cells).
Finding identical cells in module `\rv_timer'.
Removed a total of 0 cells.

2.8.13. Executing OPT_DFF pass (perform DFF optimizations).

2.8.14. Executing OPT_CLEAN pass (remove unused cells and wires).
Finding unused cells or wires in module \rv_timer..

2.8.15. Executing OPT_EXPR pass (perform const folding).
Optimizing module rv_timer.

2.8.16. Finished fast OPT passes. (There is nothing left to do.)

2.9. Executing WREDUCE pass (reducing word size of cells).
Removed top 11 bits (of 12) from port B of cell rv_timer.$17 ($add).
Removed top 24 bits (of 32) from port B of cell rv_timer.$22 ($add).
Removed top 2 bits (of 3) from port B of cell rv_timer.$29 ($eq).
Removed top 2 bits (of 3) from mux cell rv_timer.$46 ($mux).
Removed top 2 bits (of 3) from FF cell rv_timer.$auto$ff.cc:266:slice$152 ($adffe).
Removed top 2 bits (of 3) from port B of cell rv_timer.$219 ($eq).
Removed top 1 bits (of 3) from port B of cell rv_timer.$220 ($eq).
Removed top 1 bits (of 3) from port B of cell rv_timer.$221 ($eq).
Removed top 2 bits (of 3) from wire rv_timer.$46y.

2.10. Executing PEEPOPT pass (run peephole optimizers).

2.11. Executing OPT_CLEAN pass (remove unused cells and wires).
Finding unused cells or wires in module \rv_timer..
Removed 0 unused cells and 1 unused wires.
<suppressed ~1 debug messages>

2.12. Executing ALUMACC pass (create $alu and $macc cells).
Extracting $alu and $macc cells in module rv_timer:
  creating $macc model for $17 ($add).
  creating $macc model for $22 ($add).
  creating $alu model for $macc $22.
  creating $alu model for $macc $17.
  creating $alu model for $20 ($ge): new $alu
  creating $alu model for $23 ($ge): new $alu
  creating $alu model for $16 ($eq): merged with $20.
  creating $alu cell for $23: $auto$alumacc.cc:495:replace_alu$171
  creating $alu cell for $20, $16: $auto$alumacc.cc:495:replace_alu$184
  creating $alu cell for $17: $auto$alumacc.cc:495:replace_alu$197
  creating $alu cell for $22: $auto$alumacc.cc:495:replace_alu$200
  created 4 $alu and 0 $macc cells.

2.13. Executing SHARE pass (SAT-based resource sharing).

2.14. Executing OPT pass (performing simple optimizations).

2.14.1. Executing OPT_EXPR pass (perform const folding).
Optimizing module rv_timer.

2.14.2. Executing OPT_MERGE pass (detect identical cells).
Finding identical cells in module `\rv_timer'.
Removed a total of 0 cells.

2.14.3. Executing OPT_MUXTREE pass (detect dead branches in mux trees).
Running muxtree optimizer on module \rv_timer..
  Creating internal representation of mux trees.
  Evaluating internal representation of mux trees.
  Analyzing evaluation results.
Removed 0 multiplexer ports.
<suppressed ~26 debug messages>

2.14.4. Executing OPT_REDUCE pass (consolidate $*mux and $reduce_* inputs).
  Optimizing cells in module \rv_timer.
Performed a total of 0 changes.

2.14.5. Executing OPT_MERGE pass (detect identical cells).
Finding identical cells in module `\rv_timer'.
Removed a total of 0 cells.

2.14.6. Executing OPT_DFF pass (perform DFF optimizations).

2.14.7. Executing OPT_CLEAN pass (remove unused cells and wires).
Finding unused cells or wires in module \rv_timer..
Removed 0 unused cells and 3 unused wires.
<suppressed ~1 debug messages>

2.14.8. Executing OPT_EXPR pass (perform const folding).
Optimizing module rv_timer.

2.14.9. Rerunning OPT passes. (Maybe there is more to do..)

2.14.10. Executing OPT_MUXTREE pass (detect dead branches in mux trees).
Running muxtree optimizer on module \rv_timer..
  Creating internal representation of mux trees.
  Evaluating internal representation of mux trees.
  Analyzing evaluation results.
Removed 0 multiplexer ports.
<suppressed ~26 debug messages>

2.14.11. Executing OPT_REDUCE pass (consolidate $*mux and $reduce_* inputs).
  Optimizing cells in module \rv_timer.
Performed a total of 0 changes.

2.14.12. Executing OPT_MERGE pass (detect identical cells).
Finding identical cells in module `\rv_timer'.
Removed a total of 0 cells.

2.14.13. Executing OPT_DFF pass (perform DFF optimizations).

2.14.14. Executing OPT_CLEAN pass (remove unused cells and wires).
Finding unused cells or wires in module \rv_timer..

2.14.15. Executing OPT_EXPR pass (perform const folding).
Optimizing module rv_timer.

2.14.16. Finished fast OPT passes. (There is nothing left to do.)

2.15. Executing MEMORY pass.

2.15.1. Executing OPT_MEM pass (optimize memories).
Performed a total of 0 transformations.

2.15.2. Executing OPT_MEM_PRIORITY pass (removing unnecessary memory write priority relations).
Performed a total of 0 transformations.

2.15.3. Executing OPT_MEM_FEEDBACK pass (finding memory read-to-write feedback paths).

2.15.4. Executing MEMORY_BMUX2ROM pass (converting muxes to ROMs).

2.15.5. Executing MEMORY_DFF pass (merging $dff cells to $memrd).

2.15.6. Executing OPT_CLEAN pass (remove unused cells and wires).
Finding unused cells or wires in module \rv_timer..

2.15.7. Executing MEMORY_SHARE pass (consolidating $memrd/$memwr cells).

2.15.8. Executing OPT_MEM_WIDEN pass (optimize memories where all ports are wide).
Performed a total of 0 transformations.

2.15.9. Executing OPT_CLEAN pass (remove unused cells and wires).
Finding unused cells or wires in module \rv_timer..

2.15.10. Executing MEMORY_COLLECT pass (generating $mem cells).

2.16. Executing OPT_CLEAN pass (remove unused cells and wires).
Finding unused cells or wires in module \rv_timer..

2.17. Executing OPT pass (performing simple optimizations).

2.17.1. Executing OPT_EXPR pass (perform const folding).
Optimizing module rv_timer.
<suppressed ~7 debug messages>

2.17.2. Executing OPT_MERGE pass (detect identical cells).
Finding identical cells in module `\rv_timer'.
Removed a total of 0 cells.

2.17.3. Executing OPT_DFF pass (perform DFF optimizations).

2.17.4. Executing OPT_CLEAN pass (remove unused cells and wires).
Finding unused cells or wires in module \rv_timer..
Removed 0 unused cells and 3 unused wires.
<suppressed ~1 debug messages>

2.17.5. Finished fast OPT passes.

2.18. Executing MEMORY_MAP pass (converting memories to logic and flip-flops).

2.19. Executing OPT pass (performing simple optimizations).

2.19.1. Executing OPT_EXPR pass (perform const folding).
Optimizing module rv_timer.

2.19.2. Executing OPT_MERGE pass (detect identical cells).
Finding identical cells in module `\rv_timer'.
Removed a total of 0 cells.

2.19.3. Executing OPT_MUXTREE pass (detect dead branches in mux trees).
Running muxtree optimizer on module \rv_timer..
  Creating internal representation of mux trees.
  Evaluating internal representation of mux trees.
  Analyzing evaluation results.
Removed 0 multiplexer ports.
<suppressed ~17 debug messages>

2.19.4. Executing OPT_REDUCE pass (consolidate $*mux and $reduce_* inputs).
  Optimizing cells in module \rv_timer.
Performed a total of 0 changes.

2.19.5. Executing OPT_MERGE pass (detect identical cells).
Finding identical cells in module `\rv_timer'.
Removed a total of 0 cells.

2.19.6. Executing OPT_SHARE pass.

2.19.7. Executing OPT_DFF pass (perform DFF optimizations).

2.19.8. Executing OPT_CLEAN pass (remove unused cells and wires).
Finding unused cells or wires in module \rv_timer..

2.19.9. Executing OPT_EXPR pass (perform const folding).
Optimizing module rv_timer.

2.19.10. Finished fast OPT passes. (There is nothing left to do.)

2.20. Executing TECHMAP pass (map to technology primitives).

2.20.1. Executing Verilog-2005 frontend: /usr/local/bin/../share/yosys/techmap.v
Parsing Verilog input from `/usr/local/bin/../share/yosys/techmap.v' to AST representation.
verilog frontend filename /usr/local/bin/../share/yosys/techmap.v
Generating RTLIL representation for module `\_90_simplemap_bool_ops'.
Generating RTLIL representation for module `\_90_simplemap_reduce_ops'.
Generating RTLIL representation for module `\_90_simplemap_logic_ops'.
Generating RTLIL representation for module `\_90_simplemap_compare_ops'.
Generating RTLIL representation for module `\_90_simplemap_various'.
Generating RTLIL representation for module `\_90_simplemap_registers'.
Generating RTLIL representation for module `\_90_shift_ops_shr_shl_sshl_sshr'.
Generating RTLIL representation for module `\_90_shift_shiftx'.
Generating RTLIL representation for module `\_90_fa'.
Generating RTLIL representation for module `\_90_lcu_brent_kung'.
Generating RTLIL representation for module `\_90_alu'.
Generating RTLIL representation for module `\_90_macc'.
Generating RTLIL representation for module `\_90_alumacc'.
Generating RTLIL representation for module `\$__div_mod_u'.
Generating RTLIL representation for module `\$__div_mod_trunc'.
Generating RTLIL representation for module `\_90_div'.
Generating RTLIL representation for module `\_90_mod'.
Generating RTLIL representation for module `\$__div_mod_floor'.
Generating RTLIL representation for module `\_90_divfloor'.
Generating RTLIL representation for module `\_90_modfloor'.
Generating RTLIL representation for module `\_90_pow'.
Generating RTLIL representation for module `\_90_pmux'.
Generating RTLIL representation for module `\_90_demux'.
Generating RTLIL representation for module `\_90_lut'.
Generating RTLIL representation for module `\$connect'.
Generating RTLIL representation for module `\$input_port'.
Successfully finished Verilog frontend.

2.20.2. Continuing TECHMAP pass.
Using extmapper simplemap for cells of type $adffe.
Using extmapper simplemap for cells of type $logic_or.
Using extmapper simplemap for cells of type $or.
Using extmapper simplemap for cells of type $not.
Using extmapper simplemap for cells of type $and.
Using extmapper simplemap for cells of type $adff.
Using template $paramod$8f780356cb6cdb52f6a744190131b65634639c4e\_90_alu for cells of type $alu.
Using template $paramod$91f82ead1edc61e0a1452110f15ef747116b421b\_90_alu for cells of type $alu.
Using template $paramod$ee3d784672cdb1cb32d9a801a3af776716f16b74\_90_alu for cells of type $alu.
Using extmapper simplemap for cells of type $logic_not.
Using extmapper simplemap for cells of type $eq.
Using extmapper simplemap for cells of type $mux.
Using extmapper simplemap for cells of type $reduce_or.
Using extmapper simplemap for cells of type $reduce_bool.
Using extmapper simplemap for cells of type $logic_and.
Using extmapper simplemap for cells of type $xor.
Using template $paramod$645fe0cc96ae5edb83bff90cc2c78f4a20ca3e3c\_90_pmux for cells of type $pmux.
Using template $paramod$9174beaf0f44375ab754acac146039d243ace676\_90_pmux for cells of type $pmux.
Using template $paramod$bf541dd3c0ba8228982b61e7bfbc350a2c253f4c\_90_pmux for cells of type $pmux.
Using template $paramod$ee721315a7b0169d82611b9aea01747035b97792\_90_pmux for cells of type $pmux.
Using template $paramod$1e99ce38f701dd11f85f107c1bfc7d0aa5d10769\_90_pmux for cells of type $pmux.
Using template $paramod$c2e415ef15bc3ccd2723772353a6b450d3d76206\_90_pmux for cells of type $pmux.
Using template $paramod$fbc7873bff55778c0b3173955b7e4bce1d9d6834\_90_alu for cells of type $alu.
Using extmapper simplemap for cells of type $reduce_and.
Using extmapper simplemap for cells of type $pos.
Using template $paramod\_90_fa\WIDTH=32'00000000000000000000000000001100 for cells of type $fa.
Using template $paramod\_90_lcu_brent_kung\WIDTH=32'00000000000000000000000000001100 for cells of type $lcu.
Using template $paramod\_90_fa\WIDTH=32'00000000000000000000000000100000 for cells of type $fa.
Using template $paramod\_90_lcu_brent_kung\WIDTH=32'00000000000000000000000000100000 for cells of type $lcu.
No more expansions possible.
<suppressed ~1131 debug messages>

2.21. Executing OPT pass (performing simple optimizations).

2.21.1. Executing OPT_EXPR pass (perform const folding).
Optimizing module rv_timer.
<suppressed ~619 debug messages>

2.21.2. Executing OPT_MERGE pass (detect identical cells).
Finding identical cells in module `\rv_timer'.
<suppressed ~186 debug messages>
Removed a total of 62 cells.

2.21.3. Executing OPT_DFF pass (perform DFF optimizations).

2.21.4. Executing OPT_CLEAN pass (remove unused cells and wires).
Finding unused cells or wires in module \rv_timer..
Removed 161 unused cells and 542 unused wires.
<suppressed ~162 debug messages>

2.21.5. Finished fast OPT passes.

2.22. Executing HIERARCHY pass (managing design hierarchy).
Attribute `top' found on module `rv_timer'. Setting top module to rv_timer.

2.22.1. Analyzing design hierarchy..
Top module:  \rv_timer

2.22.2. Analyzing design hierarchy..
Top module:  \rv_timer
Removed 0 unused modules.

2.23. Printing statistics.

=== rv_timer ===

        +----------Local Count, excluding submodules.
        | 
      595 wires
     4043 wire bits
      324 public wires
     3208 public wire bits
        6 ports
      180 port bits
      953 cells
      336   $_AND_
      101   $_DFFE_PN0P_
       33   $_DFFE_PN1P_
       15   $_DFF_PN0_
      122   $_MUX_
       76   $_NOT_
      174   $_OR_
       96   $_XOR_

2.24. Executing CHECK pass (checking for obvious problems).
Checking module rv_timer...
Found and reported 0 problems.

3. Executing DFFLIBMAP pass (mapping DFF cells to sequential cells from liberty file).
  cell sky130_fd_sc_hd__dfxtp_1 (noninv, pins=3, area=20.02) is a direct match for cell type $_DFF_P_.
  cell sky130_fd_sc_hd__dfrtn_1 (noninv, pins=4, area=25.02) is a direct match for cell type $_DFF_NN0_.
  cell sky130_fd_sc_hd__dfrtp_1 (noninv, pins=4, area=25.02) is a direct match for cell type $_DFF_PN0_.
  cell sky130_fd_sc_hd__dfstp_2 (noninv, pins=4, area=26.28) is a direct match for cell type $_DFF_PN1_.
  cell sky130_fd_sc_hd__edfxtp_1 (noninv, pins=4, area=30.03) is a direct match for cell type $_DFFE_PP_.
  cell sky130_fd_sc_hd__dfbbn_1 (noninv, pins=6, area=32.53) is a direct match for cell type $_DFFSR_NNN_.
  cell sky130_fd_sc_hd__dfbbp_1 (noninv, pins=6, area=32.53) is a direct match for cell type $_DFFSR_PNN_.
  final dff cell mappings:
    unmapped dff cell: $_DFF_N_
    \sky130_fd_sc_hd__dfxtp_1 _DFF_P_ (.CLK( C), .D( D), .Q( Q));
    \sky130_fd_sc_hd__dfrtn_1 _DFF_NN0_ (.CLK_N( C), .D( D), .Q( Q), .RESET_B( R));
    unmapped dff cell: $_DFF_NN1_
    unmapped dff cell: $_DFF_NP0_
    unmapped dff cell: $_DFF_NP1_
    \sky130_fd_sc_hd__dfrtp_1 _DFF_PN0_ (.CLK( C), .D( D), .Q( Q), .RESET_B( R));
    \sky130_fd_sc_hd__dfstp_2 _DFF_PN1_ (.CLK( C), .D( D), .Q( Q), .SET_B( R));
    unmapped dff cell: $_DFF_PP0_
    unmapped dff cell: $_DFF_PP1_
    unmapped dff cell: $_DFFE_NN_
    unmapped dff cell: $_DFFE_NP_
    unmapped dff cell: $_DFFE_PN_
    \sky130_fd_sc_hd__edfxtp_1 _DFFE_PP_ (.CLK( C), .D( D), .DE( E), .Q( Q));
    \sky130_fd_sc_hd__dfbbn_1 _DFFSR_NNN_ (.CLK_N( C), .D( D), .Q( Q), .Q_N(~Q), .RESET_B( R), .SET_B( S));
    unmapped dff cell: $_DFFSR_NNP_
    unmapped dff cell: $_DFFSR_NPN_
    unmapped dff cell: $_DFFSR_NPP_
    \sky130_fd_sc_hd__dfbbp_1 _DFFSR_PNN_ (.CLK( C), .D( D), .Q( Q), .Q_N(~Q), .RESET_B( R), .SET_B( S));
    unmapped dff cell: $_DFFSR_PNP_
    unmapped dff cell: $_DFFSR_PPN_
    unmapped dff cell: $_DFFSR_PPP_

3.1. Executing DFFLEGALIZE pass (convert FFs to types supported by the target).
<suppressed ~24 debug messages>
Mapping DFF cells in module `\rv_timer':
  mapped 116 $_DFF_PN0_ cells to \sky130_fd_sc_hd__dfrtp_1 cells.
  mapped 33 $_DFF_PN1_ cells to \sky130_fd_sc_hd__dfstp_2 cells.

4. Executing ABC pass (technology mapping using ABC).

4.1. Extracting gate netlist of module `\rv_timer' to `<abc-temp-dir>/input.blif'..

4.1.1. Executed ABC.
Extracted 938 gates and 1146 wires to a netlist network with 206 inputs and 150 outputs.
Running ABC script: <abc-temp-dir>/abc.script
ABC: UC Berkeley, ABC 1.01 (compiled Nov 21 2025 00:25:22)
ABC: abc 01> empty
ABC: abc 01> source <abc-temp-dir>/abc.script
ABC: + read_blif <abc-temp-dir>/input.blif 
ABC: + read_lib -w /home/eneadim/github/flexsoc/lib/sky130_fd_sc_hd__tt_025C_1v80.lib 
ABC: Parsing finished successfully.  Parsing time =     0.08 sec
ABC: Scl_LibertyReadGenlib() skipped cell "sky130_fd_sc_hd__decap_12" without logic function.
ABC: Scl_LibertyReadGenlib() skipped cell "sky130_fd_sc_hd__decap_3" without logic function.
ABC: Scl_LibertyReadGenlib() skipped cell "sky130_fd_sc_hd__decap_4" without logic function.
ABC: Scl_LibertyReadGenlib() skipped cell "sky130_fd_sc_hd__decap_6" without logic function.
ABC: Scl_LibertyReadGenlib() skipped cell "sky130_fd_sc_hd__decap_8" without logic function.
ABC: Scl_LibertyReadGenlib() skipped sequential cell "sky130_fd_sc_hd__dfbbn_1".
ABC: Scl_LibertyReadGenlib() skipped sequential cell "sky130_fd_sc_hd__dfbbn_2".
ABC: Scl_LibertyReadGenlib() skipped sequential cell "sky130_fd_sc_hd__dfbbp_1".
ABC: Scl_LibertyReadGenlib() skipped sequential cell "sky130_fd_sc_hd__dfrbp_1".
ABC: Scl_LibertyReadGenlib() skipped sequential cell "sky130_fd_sc_hd__dfrbp_2".
ABC: Scl_LibertyReadGenlib() skipped sequential cell "sky130_fd_sc_hd__dfrtn_1".
ABC: Scl_LibertyReadGenlib() skipped sequential cell "sky130_fd_sc_hd__dfrtp_1".
ABC: Scl_LibertyReadGenlib() skipped sequential cell "sky130_fd_sc_hd__dfrtp_2".
ABC: Scl_LibertyReadGenlib() skipped sequential cell "sky130_fd_sc_hd__dfrtp_4".
ABC: Scl_LibertyReadGenlib() skipped sequential cell "sky130_fd_sc_hd__dfsbp_1".
ABC: Scl_LibertyReadGenlib() skipped sequential cell "sky130_fd_sc_hd__dfsbp_2".
ABC: Scl_LibertyReadGenlib() skipped sequential cell "sky130_fd_sc_hd__dfstp_1".
ABC: Scl_LibertyReadGenlib() skipped sequential cell "sky130_fd_sc_hd__dfstp_2".
ABC: Scl_LibertyReadGenlib() skipped sequential cell "sky130_fd_sc_hd__dfstp_4".
ABC: Scl_LibertyReadGenlib() skipped sequential cell "sky130_fd_sc_hd__dfxbp_1".
ABC: Scl_LibertyReadGenlib() skipped sequential cell "sky130_fd_sc_hd__dfxbp_2".
ABC: Scl_LibertyReadGenlib() skipped sequential cell "sky130_fd_sc_hd__dfxtp_1".
ABC: Scl_LibertyReadGenlib() skipped sequential cell "sky130_fd_sc_hd__dfxtp_2".
ABC: Scl_LibertyReadGenlib() skipped sequential cell "sky130_fd_sc_hd__dfxtp_4".
ABC: Scl_LibertyReadGenlib() skipped cell "sky130_fd_sc_hd__diode_2" without logic function.
ABC: Scl_LibertyReadGenlib() skipped cell "sky130_fd_sc_hd__dlclkp_1" without logic function.
ABC: Scl_LibertyReadGenlib() skipped cell "sky130_fd_sc_hd__dlclkp_2" without logic function.
ABC: Scl_LibertyReadGenlib() skipped cell "sky130_fd_sc_hd__dlclkp_4" without logic function.
ABC: Scl_LibertyReadGenlib() skipped sequential cell "sky130_fd_sc_hd__dlrbn_1".
ABC: Scl_LibertyReadGenlib() skipped sequential cell "sky130_fd_sc_hd__dlrbn_2".
ABC: Scl_LibertyReadGenlib() skipped sequential cell "sky130_fd_sc_hd__dlrbp_1".
ABC: Scl_LibertyReadGenlib() skipped sequential cell "sky130_fd_sc_hd__dlrbp_2".
ABC: Scl_LibertyReadGenlib() skipped sequential cell "sky130_fd_sc_hd__dlrtn_1".
ABC: Scl_LibertyReadGenlib() skipped sequential cell "sky130_fd_sc_hd__dlrtn_2".
ABC: Scl_LibertyReadGenlib() skipped sequential cell "sky130_fd_sc_hd__dlrtn_4".
ABC: Scl_LibertyReadGenlib() skipped sequential cell "sky130_fd_sc_hd__dlrtp_1".
ABC: Scl_LibertyReadGenlib() skipped sequential cell "sky130_fd_sc_hd__dlrtp_2".
ABC: Scl_LibertyReadGenlib() skipped sequential cell "sky130_fd_sc_hd__dlrtp_4".
ABC: Scl_LibertyReadGenlib() skipped sequential cell "sky130_fd_sc_hd__dlxbn_1".
ABC: Scl_LibertyReadGenlib() skipped sequential cell "sky130_fd_sc_hd__dlxbn_2".
ABC: Scl_LibertyReadGenlib() skipped sequential cell "sky130_fd_sc_hd__dlxbp_1".
ABC: Scl_LibertyReadGenlib() skipped sequential cell "sky130_fd_sc_hd__dlxtn_1".
ABC: Scl_LibertyReadGenlib() skipped sequential cell "sky130_fd_sc_hd__dlxtn_2".
ABC: Scl_LibertyReadGenlib() skipped sequential cell "sky130_fd_sc_hd__dlxtn_4".
ABC: Scl_LibertyReadGenlib() skipped sequential cell "sky130_fd_sc_hd__dlxtp_1".
ABC: Scl_LibertyReadGenlib() skipped three-state cell "sky130_fd_sc_hd__ebufn_1".
ABC: Scl_LibertyReadGenlib() skipped three-state cell "sky130_fd_sc_hd__ebufn_2".
ABC: Scl_LibertyReadGenlib() skipped three-state cell "sky130_fd_sc_hd__ebufn_4".
ABC: Scl_LibertyReadGenlib() skipped three-state cell "sky130_fd_sc_hd__ebufn_8".
ABC: Scl_LibertyReadGenlib() skipped sequential cell "sky130_fd_sc_hd__edfxbp_1".
ABC: Scl_LibertyReadGenlib() skipped sequential cell "sky130_fd_sc_hd__edfxtp_1".
ABC: Scl_LibertyReadGenlib() skipped three-state cell "sky130_fd_sc_hd__einvn_0".
ABC: Scl_LibertyReadGenlib() skipped three-state cell "sky130_fd_sc_hd__einvn_1".
ABC: Scl_LibertyReadGenlib() skipped three-state cell "sky130_fd_sc_hd__einvn_2".
ABC: Scl_LibertyReadGenlib() skipped three-state cell "sky130_fd_sc_hd__einvn_4".
ABC: Scl_LibertyReadGenlib() skipped three-state cell "sky130_fd_sc_hd__einvn_8".
ABC: Scl_LibertyReadGenlib() skipped three-state cell "sky130_fd_sc_hd__einvp_1".
ABC: Scl_LibertyReadGenlib() skipped three-state cell "sky130_fd_sc_hd__einvp_2".
ABC: Scl_LibertyReadGenlib() skipped three-state cell "sky130_fd_sc_hd__einvp_4".
ABC: Scl_LibertyReadGenlib() skipped three-state cell "sky130_fd_sc_hd__einvp_8".
ABC: Scl_LibertyReadGenlib() skipped cell "sky130_fd_sc_hd__lpflow_bleeder_1" without logic function.
ABC: Scl_LibertyReadGenlib() skipped cell "sky130_fd_sc_hd__lpflow_decapkapwr_12" without logic function.
ABC: Scl_LibertyReadGenlib() skipped cell "sky130_fd_sc_hd__lpflow_decapkapwr_3" without logic function.
ABC: Scl_LibertyReadGenlib() skipped cell "sky130_fd_sc_hd__lpflow_decapkapwr_4" without logic function.
ABC: Scl_LibertyReadGenlib() skipped cell "sky130_fd_sc_hd__lpflow_decapkapwr_6" without logic function.
ABC: Scl_LibertyReadGenlib() skipped cell "sky130_fd_sc_hd__lpflow_decapkapwr_8" without logic function.
ABC: Scl_LibertyReadGenlib() skipped sequential cell "sky130_fd_sc_hd__lpflow_inputisolatch_1".
ABC: Scl_LibertyReadGenlib() skipped sequential cell "sky130_fd_sc_hd__sdfbbn_1".
ABC: Scl_LibertyReadGenlib() skipped sequential cell "sky130_fd_sc_hd__sdfbbn_2".
ABC: Scl_LibertyReadGenlib() skipped sequential cell "sky130_fd_sc_hd__sdfbbp_1".
ABC: Scl_LibertyReadGenlib() skipped sequential cell "sky130_fd_sc_hd__sdfrbp_1".
ABC: Scl_LibertyReadGenlib() skipped sequential cell "sky130_fd_sc_hd__sdfrbp_2".
ABC: Scl_LibertyReadGenlib() skipped sequential cell "sky130_fd_sc_hd__sdfrtn_1".
ABC: Scl_LibertyReadGenlib() skipped sequential cell "sky130_fd_sc_hd__sdfrtp_1".
ABC: Scl_LibertyReadGenlib() skipped sequential cell "sky130_fd_sc_hd__sdfrtp_2".
ABC: Scl_LibertyReadGenlib() skipped sequential cell "sky130_fd_sc_hd__sdfrtp_4".
ABC: Scl_LibertyReadGenlib() skipped sequential cell "sky130_fd_sc_hd__sdfsbp_1".
ABC: Scl_LibertyReadGenlib() skipped sequential cell "sky130_fd_sc_hd__sdfsbp_2".
ABC: Scl_LibertyReadGenlib() skipped sequential cell "sky130_fd_sc_hd__sdfstp_1".
ABC: Scl_LibertyReadGenlib() skipped sequential cell "sky130_fd_sc_hd__sdfstp_2".
ABC: Scl_LibertyReadGenlib() skipped sequential cell "sky130_fd_sc_hd__sdfstp_4".
ABC: Scl_LibertyReadGenlib() skipped sequential cell "sky130_fd_sc_hd__sdfxbp_1".
ABC: Scl_LibertyReadGenlib() skipped sequential cell "sky130_fd_sc_hd__sdfxbp_2".
ABC: Scl_LibertyReadGenlib() skipped sequential cell "sky130_fd_sc_hd__sdfxtp_1".
ABC: Scl_LibertyReadGenlib() skipped sequential cell "sky130_fd_sc_hd__sdfxtp_2".
ABC: Scl_LibertyReadGenlib() skipped sequential cell "sky130_fd_sc_hd__sdfxtp_4".
ABC: Scl_LibertyReadGenlib() skipped cell "sky130_fd_sc_hd__sdlclkp_1" without logic function.
ABC: Scl_LibertyReadGenlib() skipped cell "sky130_fd_sc_hd__sdlclkp_2" without logic function.
ABC: Scl_LibertyReadGenlib() skipped cell "sky130_fd_sc_hd__sdlclkp_4" without logic function.
ABC: Scl_LibertyReadGenlib() skipped sequential cell "sky130_fd_sc_hd__sedfxbp_1".
ABC: Scl_LibertyReadGenlib() skipped sequential cell "sky130_fd_sc_hd__sedfxbp_2".
ABC: Scl_LibertyReadGenlib() skipped sequential cell "sky130_fd_sc_hd__sedfxtp_1".
ABC: Scl_LibertyReadGenlib() skipped sequential cell "sky130_fd_sc_hd__sedfxtp_2".
ABC: Scl_LibertyReadGenlib() skipped sequential cell "sky130_fd_sc_hd__sedfxtp_4".
ABC: Library "sky130_fd_sc_hd__tt_025C_1v80" from "/home/eneadim/github/flexsoc/lib/sky130_fd_sc_hd__tt_025C_1v80.lib" has 334 cells (94 skipped: 63 seq; 13 tri-state; 18 no func; 0 dont_use; 0 with 2 outputs; 0 with 3+ outputs).  Time =     0.12 sec
ABC: Memory =   19.85 MB. Time =     0.12 sec
ABC: Warning: Detected 9 multi-output cells (for example, "sky130_fd_sc_hd__fa_1").
ABC: + read_constr -v /home/eneadim/github/flexsoc/ors/rv_timer.sdc 
ABC: Unrecognized token "current_design".
ABC: Unrecognized token "set".
ABC: Unrecognized token "set".
ABC: Unrecognized token "set".
ABC: Unrecognized token "set".
ABC: Unrecognized token "set".
ABC: Unrecognized token "create_clock".
ABC: Unrecognized token "set".
ABC: Unrecognized token "set_input_delay".
ABC: Unrecognized token "set_output_delay".
ABC: + source /home/eneadim/github/flexsoc/syn/area.abc 
ABC: WireLoad = "none"  Gates =    714 ( 16.7 %)   Cap =  4.5 ff (  2.6 %)   Area =     3570.92 ( 82.9 %)   Delay =  4413.17 ps  (  2.2 %)               
ABC: Path  0 --     179 : 0    6 pi                        A =   0.00  Df =   0.0   -0.0 ps  S =   0.0 ps  Cin =  0.0 ff  Cout =  15.6 ff  Cmax =   0.0 ff  G =    0  
ABC: Path  1 --     358 : 1    4 sky130_fd_sc_hd__clkinv_1 A =   3.75  Df =  71.9  -21.2 ps  S =  78.4 ps  Cin =  3.1 ff  Cout =  10.0 ff  Cmax = 190.4 ff  G =  309  
ABC: Path  2 --     672 : 3   26 sky130_fd_sc_hd__nor3_1   A =   5.00  Df =1491.9-1213.6 ps  S =1822.9 ps  Cin =  2.4 ff  Cout =  65.8 ff  Cmax =  52.2 ff  G = 2594  
ABC: Path  3 --     673 : 1    8 sky130_fd_sc_hd__clkinv_1 A =   3.75  Df =2025.3-1543.5 ps  S = 444.6 ps  Cin =  3.1 ff  Cout =  19.8 ff  Cmax = 190.4 ff  G =  614  
ABC: Path  4 --     918 : 2   54 sky130_fd_sc_hd__nor2_1   A =   3.75  Df =3751.1-2144.2 ps  S =2114.1 ps  Cin =  2.4 ff  Cout = 124.7 ff  Cmax =  86.1 ff  G = 5069  
ABC: Path  5 --     927 : 3    1 sky130_fd_sc_hd__mux2_2   A =  11.26  Df =4413.2-2390.3 ps  S =  51.9 ps  Cin =  2.3 ff  Cout =   0.0 ff  Cmax = 297.6 ff  G =    0  
ABC: Start-point = pi178 (\tl_i [64]).  End-point = po82 ($auto$rtlil.cc:3381:MuxGate$2741).
ABC: netlist                       : i/o =  206/  150  lat =    0  nd =   714  edge =   1807  area =3569.13  delay =2191.21  lev = 23
ABC: + write_blif <abc-temp-dir>/output.blif 

4.1.2. Re-integrating ABC results.
ABC RESULTS:   sky130_fd_sc_hd__a2111oi_0 cells:        2
ABC RESULTS:   sky130_fd_sc_hd__a211oi_1 cells:       14
ABC RESULTS:   sky130_fd_sc_hd__a21o_1 cells:        1
ABC RESULTS:   sky130_fd_sc_hd__a21oi_1 cells:       47
ABC RESULTS:   sky130_fd_sc_hd__a221oi_1 cells:       25
ABC RESULTS:   sky130_fd_sc_hd__a22oi_1 cells:       23
ABC RESULTS:   sky130_fd_sc_hd__a31o_2 cells:        1
ABC RESULTS:   sky130_fd_sc_hd__a31oi_1 cells:        6
ABC RESULTS:   sky130_fd_sc_hd__a32oi_1 cells:        2
ABC RESULTS:   sky130_fd_sc_hd__and2_0 cells:        1
ABC RESULTS:   sky130_fd_sc_hd__clkinv_1 cells:      119
ABC RESULTS:   sky130_fd_sc_hd__lpflow_inputiso0n_1 cells:        1
ABC RESULTS:   sky130_fd_sc_hd__mux2_2 cells:       11
ABC RESULTS:   sky130_fd_sc_hd__nand2_1 cells:      135
ABC RESULTS:   sky130_fd_sc_hd__nand3_1 cells:       13
ABC RESULTS:   sky130_fd_sc_hd__nand4_1 cells:        3
ABC RESULTS:   sky130_fd_sc_hd__nor2_1 cells:      118
ABC RESULTS:   sky130_fd_sc_hd__nor3_1 cells:       15
ABC RESULTS:   sky130_fd_sc_hd__nor3b_1 cells:        1
ABC RESULTS:   sky130_fd_sc_hd__nor4_1 cells:        4
ABC RESULTS:   sky130_fd_sc_hd__nor4b_1 cells:        2
ABC RESULTS:   sky130_fd_sc_hd__o2111ai_1 cells:        1
ABC RESULTS:   sky130_fd_sc_hd__o211ai_1 cells:        4
ABC RESULTS:   sky130_fd_sc_hd__o21a_1 cells:        1
ABC RESULTS:   sky130_fd_sc_hd__o21ai_0 cells:      104
ABC RESULTS:   sky130_fd_sc_hd__o21bai_1 cells:        1
ABC RESULTS:   sky130_fd_sc_hd__o221a_2 cells:        1
ABC RESULTS:   sky130_fd_sc_hd__o221ai_1 cells:        6
ABC RESULTS:   sky130_fd_sc_hd__o22ai_1 cells:       28
ABC RESULTS:   sky130_fd_sc_hd__o31ai_1 cells:       10
ABC RESULTS:   sky130_fd_sc_hd__o32ai_1 cells:        1
ABC RESULTS:   sky130_fd_sc_hd__or2_2 cells:        1
ABC RESULTS:   sky130_fd_sc_hd__xnor2_1 cells:        3
ABC RESULTS:   sky130_fd_sc_hd__xor2_1 cells:        9
ABC RESULTS:        internal signals:      790
ABC RESULTS:           input signals:      206
ABC RESULTS:          output signals:      150
Removing temp directory.
Removing global temp directory.

5. Executing OPT_CLEAN pass (remove unused cells and wires).
Finding unused cells or wires in module \rv_timer..
Removed 0 unused cells and 920 unused wires.
<suppressed ~307 debug messages>

6. Printing statistics.

=== rv_timer ===

        +----------Local Count, excluding submodules.
        |        +-Local Area, excluding submodules.
        |        | 
      729        - wires
     1085        - wire bits
       18        - public wires
      374        - public wire bits
        6        - ports
      180        - port bits
      863  7340.79 cells
        2   17.517   sky130_fd_sc_hd__a2111oi_0
       14  105.101   sky130_fd_sc_hd__a211oi_1
        1    7.507   sky130_fd_sc_hd__a21o_1
       47  235.226   sky130_fd_sc_hd__a21oi_1
       25   218.96   sky130_fd_sc_hd__a221oi_1
       23  172.666   sky130_fd_sc_hd__a22oi_1
        1    8.758   sky130_fd_sc_hd__a31o_2
        6   37.536   sky130_fd_sc_hd__a31oi_1
        2   17.517   sky130_fd_sc_hd__a32oi_1
        1    6.256   sky130_fd_sc_hd__and2_0
      119  446.678   sky130_fd_sc_hd__clkinv_1
      116  2.9E+03   sky130_fd_sc_hd__dfrtp_1
       33  867.082   sky130_fd_sc_hd__dfstp_2
        1    6.256   sky130_fd_sc_hd__lpflow_inputiso0n_1
       11  123.869   sky130_fd_sc_hd__mux2_2
      135  506.736   sky130_fd_sc_hd__nand2_1
       13   65.062   sky130_fd_sc_hd__nand3_1
        3   18.768   sky130_fd_sc_hd__nand4_1
      118  442.925   sky130_fd_sc_hd__nor2_1
       15   75.072   sky130_fd_sc_hd__nor3_1
        1    7.507   sky130_fd_sc_hd__nor3b_1
        4   25.024   sky130_fd_sc_hd__nor4_1
        2   17.517   sky130_fd_sc_hd__nor4b_1
        1    8.758   sky130_fd_sc_hd__o2111ai_1
        4   30.029   sky130_fd_sc_hd__o211ai_1
        1    7.507   sky130_fd_sc_hd__o21a_1
      104  520.499   sky130_fd_sc_hd__o21ai_0
        1    7.507   sky130_fd_sc_hd__o21bai_1
        1   11.261   sky130_fd_sc_hd__o221a_2
        6    52.55   sky130_fd_sc_hd__o221ai_1
       28  175.168   sky130_fd_sc_hd__o22ai_1
       10   75.072   sky130_fd_sc_hd__o31ai_1
        1    8.758   sky130_fd_sc_hd__o32ai_1
        1    6.256   sky130_fd_sc_hd__or2_2
        3   26.275   sky130_fd_sc_hd__xnor2_1
        9   78.826   sky130_fd_sc_hd__xor2_1

   Chip area for module '\rv_timer': 7340.790400
     of which used for sequential elements: 3769.865600 (51.36%)

7. Executing Verilog backend.

7.1. Executing BMUXMAP pass.

7.2. Executing DEMUXMAP pass.
Dumping module `\rv_timer'.

8. Executing JSON backend.

End of script. Logfile hash: 481246c778, CPU: user 0.46s system 0.04s, MEM: 62.88 MB peak
Yosys 0.58 (git sha1 157aabb58, g++ 13.3.0-6ubuntu2~24.04 -fPIC -O3)
Time spent: 55% 1x abc (0 sec), 9% 2x read_slang (0 sec), ...
