OpenSTA 2.7.0 65dc4e7a14 Copyright (c) 2025, Parallax Software, Inc.
License GPLv3: GNU GPL version 3 <http://gnu.org/licenses/gpl.html>

This is free software, and you are free to change and redistribute it
under certain conditions; type `show_copying' for details. 
This program comes with ABSOLUTELY NO WARRANTY; for details type `show_warranty'.

===========================================================================
Define corners Slowest Typical Fastest
===========================================================================

define_corners Slowest Typical Fastest

===========================================================================
Read liberty files
===========================================================================

read_liberty -corner Slowest lib/sky130_fd_sc_hd__ss_100C_1v40.lib
read_liberty -corner Typical lib/sky130_fd_sc_hd__tt_025C_1v80.lib
read_liberty -corner Fastest lib/sky130_fd_sc_hd__ff_n40C_1v95.lib

===========================================================================
Read verilog and link top module
===========================================================================

read_verilog syn/gpio_synth.v
link_design gpio

===========================================================================
Read SDC
===========================================================================

read_sdc ors/gpio.sdc


===========================================================================
(Probability Power Analysis) report_power
============================================================================
set_power_activity -input -activity .10
set_power_activity -input_port rst_ni -activity 0

======================= Fastest Corner ===================================
Group                  Internal  Switching    Leakage      Total
                          Power      Power      Power      Power (Watts)
----------------------------------------------------------------
Sequential             1.61e-04   6.77e-06   1.17e-07   1.68e-04  87.3%
Combinational          1.20e-05   1.24e-05   6.33e-10   2.44e-05  12.7%
Clock                  0.00e+00   0.00e+00   0.00e+00   0.00e+00   0.0%
Macro                  0.00e+00   0.00e+00   0.00e+00   0.00e+00   0.0%
Pad                    0.00e+00   0.00e+00   0.00e+00   0.00e+00   0.0%
----------------------------------------------------------------
Total                  1.73e-04   1.92e-05   1.17e-07   1.92e-04 100.0%
                          90.0%      10.0%       0.1%


======================= Slowest Corner ===================================
Group                  Internal  Switching    Leakage      Total
                          Power      Power      Power      Power (Watts)
----------------------------------------------------------------
Sequential             8.10e-05   3.32e-06   7.26e-07   8.51e-05  86.7%
Combinational          6.85e-06   5.90e-06   2.70e-07   1.30e-05  13.3%
Clock                  0.00e+00   0.00e+00   0.00e+00   0.00e+00   0.0%
Macro                  0.00e+00   0.00e+00   0.00e+00   0.00e+00   0.0%
Pad                    0.00e+00   0.00e+00   0.00e+00   0.00e+00   0.0%
----------------------------------------------------------------
Total                  8.78e-05   9.22e-06   9.97e-07   9.81e-05 100.0%
                          89.6%       9.4%       1.0%


======================= Typical Corner ===================================
Group                  Internal  Switching    Leakage      Total
                          Power      Power      Power      Power (Watts)
----------------------------------------------------------------
Sequential             1.39e-04   5.74e-06   1.16e-07   1.45e-04  87.0%
Combinational          1.13e-05   1.04e-05   3.06e-10   2.17e-05  13.0%
Clock                  0.00e+00   0.00e+00   0.00e+00   0.00e+00   0.0%
Macro                  0.00e+00   0.00e+00   0.00e+00   0.00e+00   0.0%
Pad                    0.00e+00   0.00e+00   0.00e+00   0.00e+00   0.0%
----------------------------------------------------------------
Total                  1.51e-04   1.61e-05   1.17e-07   1.67e-04 100.0%
                          90.3%       9.7%       0.1%

===========================================================================
(VCD Power Analysis) report_power
============================================================================
read_vcd -scope gpio_tb/u_gpio sim/gpio_tb.vcd
Annotated 10 pin activities.

======================= Fastest Corner ===================================
Group                  Internal  Switching    Leakage      Total
                          Power      Power      Power      Power (Watts)
----------------------------------------------------------------
Sequential             1.55e-04   4.65e-06   3.67e-09   1.60e-04  89.5%
Combinational          9.17e-06   9.64e-06   6.23e-10   1.88e-05  10.5%
Clock                  0.00e+00   0.00e+00   0.00e+00   0.00e+00   0.0%
Macro                  0.00e+00   0.00e+00   0.00e+00   0.00e+00   0.0%
Pad                    0.00e+00   0.00e+00   0.00e+00   0.00e+00   0.0%
----------------------------------------------------------------
Total                  1.65e-04   1.43e-05   4.29e-09   1.79e-04 100.0%
                          92.0%       8.0%       0.0%


======================= Slowest Corner ===================================
Group                  Internal  Switching    Leakage      Total
                          Power      Power      Power      Power (Watts)
----------------------------------------------------------------
Sequential             7.80e-05   2.29e-06   7.17e-07   8.10e-05  88.9%
Combinational          5.25e-06   4.59e-06   2.78e-07   1.01e-05  11.1%
Clock                  0.00e+00   0.00e+00   0.00e+00   0.00e+00   0.0%
Macro                  0.00e+00   0.00e+00   0.00e+00   0.00e+00   0.0%
Pad                    0.00e+00   0.00e+00   0.00e+00   0.00e+00   0.0%
----------------------------------------------------------------
Total                  8.33e-05   6.87e-06   9.96e-07   9.11e-05 100.0%
                          91.4%       7.5%       1.1%


======================= Typical Corner ===================================
Group                  Internal  Switching    Leakage      Total
                          Power      Power      Power      Power (Watts)
----------------------------------------------------------------
Sequential             1.34e-04   3.95e-06   3.51e-09   1.38e-04  89.2%
Combinational          8.73e-06   8.07e-06   3.17e-10   1.68e-05  10.8%
Clock                  0.00e+00   0.00e+00   0.00e+00   0.00e+00   0.0%
Macro                  0.00e+00   0.00e+00   0.00e+00   0.00e+00   0.0%
Pad                    0.00e+00   0.00e+00   0.00e+00   0.00e+00   0.0%
----------------------------------------------------------------
Total                  1.43e-04   1.20e-05   3.83e-09   1.55e-04 100.0%
                          92.2%       7.8%       0.0%

