analysis=power_analysis corner=ff stage=post_syn
workload=input_filter_sv_ff
gls_report=/tmp/flexsoc-ip-v1-release-20260914/gpio-reg_iface/runs/gpio/release/dv/functional/sim/post_syn/ihp-sg13g2/gpio_post_syn_input_filter_sv_ff.json
activity_file=/tmp/flexsoc-ip-v1-release-20260914/gpio-reg_iface/runs/gpio/release/signoff/ihp-sg13g2/power/activity/captures/gpio_ihp-sg13g2_input_filter_sv_ff.vcd
activity_scope=gpio_tb/u_gpio
liberty=/home/eneadim/github/flexsoc/.flexsoc/pdks/ihp-sg13g2/ihp-sg13g2/libs.ref/sg13g2_stdcell/lib/sg13g2_stdcell_fast_1p65V_m40C.lib
netlist=/tmp/flexsoc-ip-v1-release-20260914/gpio-reg_iface/runs/gpio/release/syn/ihp-sg13g2/gpio_synth.v
sdc=/tmp/flexsoc-ip-v1-release-20260914/gpio-reg_iface/runs/gpio/release/constraints/gpio.sdc
spef=

=== Units ===
 time 1ns
 capacitance 1pF
 resistance 1kohm
 voltage 1v
 current 1uA
 power 1pW
 distance 1um

=== Constraint validation ===

=== Activity annotation ===
annotated_percent=100.00%
Unannotated pins: none

=== Power summary ===
Group                  Internal  Switching    Leakage      Total
                          Power      Power      Power      Power (Watts)
----------------------------------------------------------------
Sequential             7.57e-04   1.63e-06   3.37e-07   7.59e-04  97.4%
Combinational          9.25e-06   1.03e-05   3.64e-07   1.99e-05   2.6%
Clock                  0.00e+00   0.00e+00   0.00e+00   0.00e+00   0.0%
Macro                  0.00e+00   0.00e+00   0.00e+00   0.00e+00   0.0%
Pad                    0.00e+00   0.00e+00   0.00e+00   0.00e+00   0.0%
----------------------------------------------------------------
Total                  7.67e-04   1.19e-05   7.01e-07   7.79e-04 100.0%
                          98.4%       1.5%       0.1%

=== FlexSoC normalized power fields ===
dynamic_power_definition=internal_power+switching_power
power_unit=OpenSTA report unit; see Units section
internal_power=0.000767
switching_power=1.19e-05
dynamic_power=0.0007789
leakage_power=7.01e-07
total_power=0.000779
