FlexSoC run check · cordic
Technical REVIEW · Provenance CLEAN

Flow
Main step                    Status    
RTL lint                     PASS      
CDC / RDC                    REVIEW    
Functional verification      PARTIAL   
Formal verification          PASS      
Synthesis                    PASS      
RTL ↔ synthesis equivalence  PARTIAL   
Pre-implementation sign-off  PASS      
Implementation / PnR         MISSING   
Post Sign-Off                INCOMPLETE
Run status: REVIEW

Provenance
Setup                   State  Action
setup_cdc_rdc           CLEAN  -     
setup_cocotb            CLEAN  -     
setup_formal_cover      CLEAN  -     
setup_formal_csr_cover  CLEAN  -     
setup_formal_csr_prove  CLEAN  -     
setup_formal_prove      CLEAN  -     
setup_signoff           CLEAN  -     
setup_syn               CLEAN  -     
setup_tb                CLEAN  -     

RTL lint  Slang → Verilator
Tool       Status  Errors  Warnings  Latch  Width  Unused
slang      PASS         0         1      0      0       0
verilator  PASS         0       180      0      0       0

CDC / RDC  post-lint structural analysis
Status       REVIEW                                      
Domains      clocks=1 · resets=1 · sequential=29         
CDC          raw=0 · safe=0 · review=0 · warn=0 · error=0
RDC          raw=0 · safe=0 · review=1 · warn=0 · error=0
Obligations  1                                           
Log          logs/analysis/cdc_rdc/cdc_rdc.log           

Functional verification
Status           PARTIAL           
Generated tests  10                
sv logs          0                 
cocotb logs      0                 
Coverage all     6783/15751  43.06%
Coverage design  1923/2568  74.88% 

Formal verification
Suite       Stage  Status  Time  Traces
csr         bmc    PASS      5s       0
csr         prove  PASS      0s       0
csr         cover  PASS      0s       8
properties  bmc    PASS      3s       0
properties  prove  PASS      0s       0
properties  cover  PASS      0s       8

Synthesis
Strategy         delay1                   
Netlist          syn/sky130/cordic_synth.v
Cells            2634                     
Area             19195.9104               
Sequential area  7658.5952                
Errors           0                        
Warnings         0                        

RTL ↔ synthesis equivalence
Status             PARTIAL   
Partitions proven  0/5  0.00%
Partitions failed  0         
Engine errors      0         
Timeouts           0         
Unknown            5         
Log                None      

Pre-implementation sign-off
SDF                    PASS · corners=3               
STA                    PASS · ideal clock · none      
Gate-level simulation  50/50  PASS · interconnect none
Power estimate         PASS                           
Activity power         30/30  PASS                    
Timing / power fusion  30/30  PASS                    

Detailed metrics: /tmp/flexsoc-reference-ips/.ip-save.cordic.iwfz1_0u/cordic/meta/sky130/metrics.json
